Archive member included because of file (symbol)

lib/STM32F10x_StdPeriph_Driver/libstm32fw.a(misc.o)
                              interrupts.o (symbol from plugin) (NVIC_PriorityGroupConfig)
lib/STM32F10x_StdPeriph_Driver/libstm32fw.a(stm32f10x_adc.o)
                              adc.o (symbol from plugin) (ADC_DeInit)
lib/STM32F10x_StdPeriph_Driver/libstm32fw.a(stm32f10x_bkp.o)
                              Util/fat_fs/src/rtc.o (symbol from plugin) (BKP_DeInit)
lib/STM32F10x_StdPeriph_Driver/libstm32fw.a(stm32f10x_dbgmcu.o)
                              main.o (symbol from plugin) (DBGMCU_Config)
lib/STM32F10x_StdPeriph_Driver/libstm32fw.a(stm32f10x_dma.o)
                              Silabs/si446x.o (symbol from plugin) (DMA_DeInit)
lib/STM32F10x_StdPeriph_Driver/libstm32fw.a(stm32f10x_exti.o)
                              Silabs/si446x.o (symbol from plugin) (EXTI_DeInit)
lib/STM32F10x_StdPeriph_Driver/libstm32fw.a(stm32f10x_gpio.o)
                              Silabs/si446x.o (symbol from plugin) (GPIO_Init)
lib/STM32F10x_StdPeriph_Driver/libstm32fw.a(stm32f10x_i2c.o)
                              i2c_int.o (symbol from plugin) (I2C_DeInit)
lib/STM32F10x_StdPeriph_Driver/libstm32fw.a(stm32f10x_iwdg.o)
                              watchdog.o (symbol from plugin) (IWDG_WriteAccessCmd)
lib/STM32F10x_StdPeriph_Driver/libstm32fw.a(stm32f10x_pwr.o)
                              pwr.o (symbol from plugin) (PWR_DeInit)
lib/STM32F10x_StdPeriph_Driver/libstm32fw.a(stm32f10x_rcc.o)
                              interrupts.o (symbol from plugin) (RCC_HCLKConfig)
lib/STM32F10x_StdPeriph_Driver/libstm32fw.a(stm32f10x_rtc.o)
                              Util/fat_fs/src/rtc.o (symbol from plugin) (RTC_GetCounter)
lib/STM32F10x_StdPeriph_Driver/libstm32fw.a(stm32f10x_spi.o)
                              Util/fat_fs/src/sd_spi_stm32.o (symbol from plugin) (SPI_I2S_DeInit)
lib/STM32F10x_StdPeriph_Driver/libstm32fw.a(stm32f10x_tim.o)
                              pwm.o (symbol from plugin) (TIM_TimeBaseInit)
lib/STM32F10x_StdPeriph_Driver/libstm32fw.a(stm32f10x_usart.o)
                              usart.o (symbol from plugin) (USART_DeInit)
lib/STM32_USB-FS-Device_Driver/libstm32usb.a(usb_core.o)
                              Util/USB/usb_prop.o (symbol from plugin) (Standard_GetDescriptorData)
lib/STM32_USB-FS-Device_Driver/libstm32usb.a(usb_init.o)
                              main.o (symbol from plugin) (USB_Init)
lib/STM32_USB-FS-Device_Driver/libstm32usb.a(usb_int.o)
                              Util/USB/usb_istr.o (symbol from plugin) (CTR_LP)
lib/STM32_USB-FS-Device_Driver/libstm32usb.a(usb_mem.o)
                              lib/STM32_USB-FS-Device_Driver/libstm32usb.a(usb_core.o) (UserToPMABufferCopy)
lib/STM32_USB-FS-Device_Driver/libstm32usb.a(usb_regs.o)
                              Util/USB/usb_prop.o (symbol from plugin) (SetBTABLE)
lib/STM32_USB-FS-Device_Driver/libstm32usb.a(usb_sil.o)
                              Util/USB/usb_prop.o (symbol from plugin) (USB_SIL_Init)
/home/laurence/ARM-GCC/bin/../lib/gcc/arm-none-eabi/4.7.4/../../../../arm-none-eabi/lib/armv7-m/libc.a(lib_a-__atexit.o)
                              /home/laurence/ARM-GCC/bin/../lib/gcc/arm-none-eabi/4.7.4/../../../../arm-none-eabi/lib/armv7-m/crt0.o (__register_exitproc)
/home/laurence/ARM-GCC/bin/../lib/gcc/arm-none-eabi/4.7.4/../../../../arm-none-eabi/lib/armv7-m/libc.a(lib_a-exit.o)
                              /home/laurence/ARM-GCC/bin/../lib/gcc/arm-none-eabi/4.7.4/../../../../arm-none-eabi/lib/armv7-m/crt0.o (exit)
/home/laurence/ARM-GCC/bin/../lib/gcc/arm-none-eabi/4.7.4/../../../../arm-none-eabi/lib/armv7-m/libc.a(lib_a-fini.o)
                              /home/laurence/ARM-GCC/bin/../lib/gcc/arm-none-eabi/4.7.4/../../../../arm-none-eabi/lib/armv7-m/crt0.o (__libc_fini_array)
/home/laurence/ARM-GCC/bin/../lib/gcc/arm-none-eabi/4.7.4/../../../../arm-none-eabi/lib/armv7-m/libc.a(lib_a-impure.o)
                              /home/laurence/ARM-GCC/bin/../lib/gcc/arm-none-eabi/4.7.4/../../../../arm-none-eabi/lib/armv7-m/libc.a(lib_a-__atexit.o) (_global_impure_ptr)
/home/laurence/ARM-GCC/bin/../lib/gcc/arm-none-eabi/4.7.4/../../../../arm-none-eabi/lib/armv7-m/libc.a(lib_a-init.o)
                              /home/laurence/ARM-GCC/bin/../lib/gcc/arm-none-eabi/4.7.4/../../../../arm-none-eabi/lib/armv7-m/crt0.o (__libc_init_array)
/home/laurence/ARM-GCC/bin/../lib/gcc/arm-none-eabi/4.7.4/../../../../arm-none-eabi/lib/armv7-m/libc.a(lib_a-memset.o)
                              /home/laurence/ARM-GCC/bin/../lib/gcc/arm-none-eabi/4.7.4/../../../../arm-none-eabi/lib/armv7-m/crt0.o (memset)
/home/laurence/ARM-GCC/bin/../lib/gcc/arm-none-eabi/4.7.4/../../../../arm-none-eabi/lib/armv7-m/libc.a(lib_a-__call_atexit.o)
                              /home/laurence/ARM-GCC/bin/../lib/gcc/arm-none-eabi/4.7.4/../../../../arm-none-eabi/lib/armv7-m/libc.a(lib_a-exit.o) (__call_exitprocs)
[...]
Memory Configuration

Name             Origin             Length             Attributes
RAM              0x20000000         0x00005000         xrw
FLASH            0x08000000         0x00020000         xr
FLASHB1          0x00000000         0x00000000         xr
EXTMEMB0         0x00000000         0x00000000         xr
EXTMEMB1         0x00000000         0x00000000         xr
EXTMEMB2         0x00000000         0x00000000         xr
EXTMEMB3         0x00000000         0x00000000         xr
STARTFLASH       0x00000000         0xffffffff
CRPPATCH         0x00000000         0xffffffff
FLASHPATCH       0x00000000         0xffffffff
ENDFLASH         0x00000000         0xffffffff
*default*        0x00000000         0xffffffff

Linker script and memory map

LOAD /home/laurence/ARM-GCC/bin/../lib/gcc/arm-none-eabi/4.7.4/armv7-m/crti.o
LOAD /home/laurence/ARM-GCC/bin/../lib/gcc/arm-none-eabi/4.7.4/armv7-m/crtbegin.o
LOAD /home/laurence/ARM-GCC/bin/../lib/gcc/arm-none-eabi/4.7.4/../../../../arm-none-eabi/lib/armv7-m/crt0.o
LOAD Silabs/si446x.o
LOAD /tmp/ccL6hirI.ltrans0.ltrans.o
LOAD /tmp/ccL6hirI.ltrans1.ltrans.o
LOAD /tmp/ccL6hirI.ltrans2.ltrans.o
LOAD /tmp/ccL6hirI.ltrans3.ltrans.o
LOAD /tmp/ccL6hirI.ltrans4.ltrans.o
LOAD /tmp/ccL6hirI.ltrans5.ltrans.o
LOAD /tmp/ccL6hirI.ltrans6.ltrans.o
LOAD /tmp/ccL6hirI.ltrans7.ltrans.o
LOAD /tmp/ccL6hirI.ltrans8.ltrans.o
LOAD /tmp/ccL6hirI.ltrans9.ltrans.o
LOAD /home/laurence/ARM-GCC/bin/../lib/gcc/arm-none-eabi/4.7.4/armv7-m/libgcc.a
LOAD /home/laurence/ARM-GCC/bin/../lib/gcc/arm-none-eabi/4.7.4/../../../../arm-none-eabi/lib/armv7-m/libc.a
LOAD Ublox/ubx.o
LOAD Util/USB/hw_config.o
LOAD Util/USB/mass_mal.o
LOAD Util/USB/memory.o
LOAD Util/USB/scsi_data.o
LOAD Util/USB/usb_bot.o
LOAD Util/USB/usb_desc.o
LOAD Util/USB/usb_endp.o
LOAD Util/USB/usb_istr.o
LOAD Util/USB/usb_prop.o
LOAD Util/USB/usb_pwr.o
LOAD Util/USB/usb_scsi.o
LOAD Util/buffer.o
LOAD Util/crc.o
LOAD Util/delay.o
LOAD Util/fat_fs/option/ccsbcs.o
LOAD Util/fat_fs/src/fattime.o
LOAD Util/fat_fs/src/ff.o
LOAD Util/fat_fs/src/rtc.o
LOAD Util/fat_fs/src/sd_spi_stm32.o
LOAD Util/polygon.o
LOAD Util/rprintf.o
LOAD Util/wave.o
LOAD adc.o
LOAD dma.o
LOAD gpio.o
LOAD i2c_int.o
LOAD interrupts.o
LOAD lib/CMSIS_CM3/core_cm3.o
LOAD lib/CMSIS_CM3/startup/gcc/startup_stm32f10x_md.o
LOAD lib/CMSIS_CM3/system_stm32f10x.o
LOAD main.o
LOAD pwm.o
LOAD pwr.o
LOAD usart.o
LOAD watchdog.o
LOAD lib/STM32F10x_StdPeriph_Driver/libstm32fw.a
LOAD lib/STM32_USB-FS-Device_Driver/libstm32usb.a
LOAD /home/laurence/ARM-GCC/bin/../lib/gcc/arm-none-eabi/4.7.4/../../../../arm-none-eabi/lib/armv7-m/libm.a
LOAD /home/laurence/ARM-GCC/bin/../lib/gcc/arm-none-eabi/4.7.4/../../../../arm-none-eabi/lib/armv7-m/libnosys.a
START GROUP
LOAD /home/laurence/ARM-GCC/bin/../lib/gcc/arm-none-eabi/4.7.4/armv7-m/libgcc.a
LOAD /home/laurence/ARM-GCC/bin/../lib/gcc/arm-none-eabi/4.7.4/../../../../arm-none-eabi/lib/armv7-m/libc.a
END GROUP
LOAD /home/laurence/ARM-GCC/bin/../lib/gcc/arm-none-eabi/4.7.4/armv7-m/crtend.o
LOAD /home/laurence/ARM-GCC/bin/../lib/gcc/arm-none-eabi/4.7.4/armv7-m/crtn.o
                0x00002000                __Stack_Size = 0x2000
                0x00002000                PROVIDE (_Stack_Size, __Stack_Size)
                0x20003000                __Stack_Init = (_estack - __Stack_Size)
                0x20003000                PROVIDE (_Stack_Init, __Stack_Init)
                0x00002000                _Minimum_Stack_Size = 0x2000
                0x00000000                PROVIDE (Undefined_Handler, 0x0)
                0x00000000                PROVIDE (SWI_Handler, 0x0)
                0x00000000                PROVIDE (IRQ_Handler, 0x0)
                0x00000000                PROVIDE (Prefetch_Handler, 0x0)
                0x00000000                PROVIDE (Abort_Handler, 0x0)
                0x00000000                PROVIDE (FIQ_Handler, 0x0)
                0x00000000                PROVIDE (NMIException, 0x0)
                0x00000000                PROVIDE (NMI_Handler, 0x0)
                0x00000000                PROVIDE (HardFaultException, 0x0)
                0x00000000                PROVIDE (HardFault_Handler, 0x0)
                0x00000000                PROVIDE (MemManageException, 0x0)
                0x00000000                PROVIDE (MemManage_Handler, 0x0)
                0x00000000                PROVIDE (BusFaultException, 0x0)
                0x00000000                PROVIDE (BusFault_Handler, 0x0)
                0x00000000                PROVIDE (UsageFaultException, 0x0)
                0x00000000                PROVIDE (UsageFault_Handler, 0x0)
                0x00000000                PROVIDE (SVCHandler, 0x0)
                0x00000000                PROVIDE (SVC_Handler, 0x0)
                0x00000000                PROVIDE (DebugMonitor, 0x0)
                0x00000000                PROVIDE (DebugMon_Handler, 0x0)
                0x00000000                PROVIDE (PendSVC, 0x0)
                0x00000000                PROVIDE (PendSV_Handler, 0x0)
                0x00000000                PROVIDE (SysTickHandler, 0x0)
                0x00000000                PROVIDE (SysTick_Handler, 0x0)
                0x00000000                PROVIDE (WWDG_IRQHandler, 0x0)
                0x00000000                PROVIDE (PVD_IRQHandler, 0x0)
                0x00000000                PROVIDE (TAMPER_IRQHandler, 0x0)
                0x00000000                PROVIDE (RTC_IRQHandler, 0x0)
                0x00000000                PROVIDE (FLASH_IRQHandler, 0x0)
                0x00000000                PROVIDE (RCC_IRQHandler, 0x0)
                0x00000000                PROVIDE (EXTI0_IRQHandler, 0x0)
                0x00000000                PROVIDE (EXTI1_IRQHandler, 0x0)
                0x00000000                PROVIDE (EXTI2_IRQHandler, 0x0)
                0x00000000                PROVIDE (EXTI3_IRQHandler, 0x0)
                0x00000000                PROVIDE (EXTI4_IRQHandler, 0x0)
                0x00000000                PROVIDE (DMAChannel1_IRQHandler, 0x0)
                0x00000000                PROVIDE (DMAChannel2_IRQHandler, 0x0)
                0x00000000                PROVIDE (DMAChannel3_IRQHandler, 0x0)
                0x00000000                PROVIDE (DMAChannel4_IRQHandler, 0x0)
                0x00000000                PROVIDE (DMAChannel5_IRQHandler, 0x0)
                0x00000000                PROVIDE (DMAChannel6_IRQHandler, 0x0)
                0x00000000                PROVIDE (DMAChannel7_IRQHandler, 0x0)
                0x00000000                PROVIDE (DMA1_Channel1_IRQHandler, 0x0)
                0x00000000                PROVIDE (DMA1_Channel2_IRQHandler, 0x0)
                0x00000000                PROVIDE (DMA1_Channel3_IRQHandler, 0x0)
                0x00000000                PROVIDE (DMA1_Channel4_IRQHandler, 0x0)
                0x00000000                PROVIDE (DMA1_Channel5_IRQHandler, 0x0)
                0x00000000                PROVIDE (DMA1_Channel6_IRQHandler, 0x0)
                0x00000000                PROVIDE (DMA1_Channel7_IRQHandler, 0x0)
                0x00000000                PROVIDE (ADC_IRQHandler, 0x0)
                0x00000000                PROVIDE (ADC1_2_IRQHandler, 0x0)
                0x00000000                PROVIDE (USB_HP_CAN_TX_IRQHandler, 0x0)
                0x00000000                PROVIDE (USB_HP_CAN1_TX_IRQHandler, 0x0)
                0x00000000                PROVIDE (USB_LP_CAN_RX0_IRQHandler, 0x0)
                0x00000000                PROVIDE (USB_LP_CAN1_RX0_IRQHandler, 0x0)
                0x00000000                PROVIDE (CAN_RX1_IRQHandler, 0x0)
                0x00000000                PROVIDE (CAN1_RX1_IRQHandler, 0x0)
                0x00000000                PROVIDE (CAN_SCE_IRQHandler, 0x0)
                0x00000000                PROVIDE (CAN1_SCE_IRQHandler, 0x0)
                0x00000000                PROVIDE (EXTI9_5_IRQHandler, 0x0)
                0x00000000                PROVIDE (TIM1_BRK_IRQHandler, 0x0)
                0x00000000                PROVIDE (TIM1_UP_IRQHandler, 0x0)
                0x00000000                PROVIDE (TIM1_TRG_COM_IRQHandler, 0x0)
                0x00000000                PROVIDE (TIM1_CC_IRQHandler, 0x0)
                0x00000000                PROVIDE (TIM2_IRQHandler, 0x0)
                0x00000000                PROVIDE (TIM3_IRQHandler, 0x0)
                0x00000000                PROVIDE (TIM4_IRQHandler, 0x0)
                0x00000000                PROVIDE (I2C1_EV_IRQHandler, 0x0)
                0x00000000                PROVIDE (I2C1_ER_IRQHandler, 0x0)
                0x00000000                PROVIDE (I2C2_EV_IRQHandler, 0x0)
                0x00000000                PROVIDE (I2C2_ER_IRQHandler, 0x0)
                0x00000000                PROVIDE (SPI1_IRQHandler, 0x0)
                0x00000000                PROVIDE (SPI2_IRQHandler, 0x0)
                0x00000000                PROVIDE (USART1_IRQHandler, 0x0)
                0x00000000                PROVIDE (USART2_IRQHandler, 0x0)
                0x00000000                PROVIDE (USART3_IRQHandler, 0x0)
                0x00000000                PROVIDE (EXTI15_10_IRQHandler, 0x0)
                0x00000000                PROVIDE (RTCAlarm_IRQHandler, 0x0)
                0x00000000                PROVIDE (USBWakeUp_IRQHandler, 0x0)
                0x00000000                PROVIDE (TIM8_BRK_IRQHandler, 0x0)
                0x00000000                PROVIDE (TIM8_UP_IRQHandler, 0x0)
                0x00000000                PROVIDE (TIM8_TRG_COM_IRQHandler, 0x0)
                0x00000000                PROVIDE (TIM8_CC_IRQHandler, 0x0)
                0x00000000                PROVIDE (ADC3_IRQHandler, 0x0)
                0x00000000                PROVIDE (FSMC_IRQHandler, 0x0)
                0x00000000                PROVIDE (SDIO_IRQHandler, 0x0)
                0x00000000                PROVIDE (TIM5_IRQHandler, 0x0)
                0x00000000                PROVIDE (SPI3_IRQHandler, 0x0)
                0x00000000                PROVIDE (UART4_IRQHandler, 0x0)
                0x00000000                PROVIDE (UART5_IRQHandler, 0x0)
                0x00000000                PROVIDE (TIM6_IRQHandler, 0x0)
                0x00000000                PROVIDE (TIM7_IRQHandler, 0x0)
                0x00000000                PROVIDE (DMA2_Channel1_IRQHandler, 0x0)
                0x00000000                PROVIDE (DMA2_Channel2_IRQHandler, 0x0)
                0x00000000                PROVIDE (DMA2_Channel3_IRQHandler, 0x0)
                0x00000000                PROVIDE (DMA2_Channel4_5_IRQHandler, 0x0)
                0x42000000                PERIPH_BB_BASE = 0x42000000
                0x22000000                SRAM_BB_BASE = 0x22000000
                0x20000000                SRAM_BASE = 0x20000000
                0x40000000                PERIPH_BASE = 0x40000000
                0x40022000                PROVIDE (FLASH_BASE, 0x40022000)
                0x1ffff800                PROVIDE (OB_BASE, 0x1ffff800)
                0x40000000                APB1PERIPH_BASE = PERIPH_BASE
                0x40010000                APB2PERIPH_BASE = (PERIPH_BASE + 0x10000)
                0x40020000                AHBPERIPH_BASE = (PERIPH_BASE + 0x20000)
                0x40000000                PROVIDE (TIM2, (APB1PERIPH_BASE + 0x0))
                0x40000400                PROVIDE (TIM3, (APB1PERIPH_BASE + 0x400))
                0x40000800                PROVIDE (TIM4, (APB1PERIPH_BASE + 0x800))
                0x40002800                PROVIDE (RTC, (APB1PERIPH_BASE + 0x2800))
                0x40002c00                PROVIDE (WWDG, (APB1PERIPH_BASE + 0x2c00))
                0x40003000                PROVIDE (IWDG, (APB1PERIPH_BASE + 0x3000))
                0x40003800                PROVIDE (SPI2, (APB1PERIPH_BASE + 0x3800))
                0x40004400                PROVIDE (USART2, (APB1PERIPH_BASE + 0x4400))
                0x40004800                PROVIDE (USART3, (APB1PERIPH_BASE + 0x4800))
                0x40005400                PROVIDE (I2C1, (APB1PERIPH_BASE + 0x5400))
                0x40005800                PROVIDE (I2C2, (APB1PERIPH_BASE + 0x5800))
                0x40006400                PROVIDE (CAN, (APB1PERIPH_BASE + 0x6400))
                0x40006c00                PROVIDE (BKP, (APB1PERIPH_BASE + 0x6c00))
                0x40007000                PROVIDE (PWR, (APB1PERIPH_BASE + 0x7000))
                0x40010000                PROVIDE (AFIO, (APB2PERIPH_BASE + 0x0))
                0x40010400                PROVIDE (EXTI, (APB2PERIPH_BASE + 0x400))
                0x40010800                PROVIDE (GPIOA, (APB2PERIPH_BASE + 0x800))
                0x40010c00                PROVIDE (GPIOB, (APB2PERIPH_BASE + 0xc00))
                0x40011000                PROVIDE (GPIOC, (APB2PERIPH_BASE + 0x1000))
                0x40011400                PROVIDE (GPIOD, (APB2PERIPH_BASE + 0x1400))
                0x40011800                PROVIDE (GPIOE, (APB2PERIPH_BASE + 0x1800))
                0x40012400                PROVIDE (ADC1, (APB2PERIPH_BASE + 0x2400))
                0x40012800                PROVIDE (ADC2, (APB2PERIPH_BASE + 0x2800))
                0x40012c00                PROVIDE (TIM1, (APB2PERIPH_BASE + 0x2c00))
                0x40013000                PROVIDE (SPI1, (APB2PERIPH_BASE + 0x3000))
                0x40013800                PROVIDE (USART1, (APB2PERIPH_BASE + 0x3800))
                0x40020000                PROVIDE (DMA, (AHBPERIPH_BASE + 0x0))
                0x40020008                PROVIDE (DMA_Channel1, (AHBPERIPH_BASE + 0x8))
                0x4002001c                PROVIDE (DMA_Channel2, (AHBPERIPH_BASE + 0x1c))
                0x40020030                PROVIDE (DMA_Channel3, (AHBPERIPH_BASE + 0x30))
                0x40020044                PROVIDE (DMA_Channel4, (AHBPERIPH_BASE + 0x44))
                0x40020058                PROVIDE (DMA_Channel5, (AHBPERIPH_BASE + 0x58))
                0x4002006c                PROVIDE (DMA_Channel6, (AHBPERIPH_BASE + 0x6c))
                0x40020080                PROVIDE (DMA_Channel7, (AHBPERIPH_BASE + 0x80))
                0x40021000                PROVIDE (RCC, (AHBPERIPH_BASE + 0x1000))
                0xe000e000                SCS_BASE = 0xe000e000
                0xe000e010                PROVIDE (SysTick, (SCS_BASE + 0x10))
                0xe000e100                PROVIDE (NVIC, (SCS_BASE + 0x100))
                0xe000ed00                PROVIDE (SCB, (SCS_BASE + 0xd00))
                0x20005000                PROVIDE (_estack, (ORIGIN (RAM) + 0x5000))

.isr_vector     0x08000000      0x10c
                0x08000000                . = ALIGN (0x4)
 *(.isr_vector)
 .isr_vector    0x08000000      0x10c lib/CMSIS_CM3/startup/gcc/startup_stm32f10x_md.o
                0x08000000                g_pfnVectors
                0x0800010c                . = ALIGN (0x4)

.flash_start    0x00000000        0x0
                0x00000000                . = ALIGN (0x4)
 *(.flash_start)
 *(.flash_start.*)
                0x00000000                . = ALIGN (0x4)

.crp_patch      0x00000000        0x0
                0x00000000                . = ALIGN (0x4)
 *(.crp_patch)
                0x00000000                . = ALIGN (0x4)

.flashtext      0x0800010c        0x0
                0x0800010c                . = ALIGN (0x4)
 *(.flashtext)
                0x0800010c                . = ALIGN (0x4)

.text           0x08000110     0xb74c
                0x08000110                . = ALIGN (0x4)
 *(.text)
 .text          0x08000110      0x370 /home/laurence/ARM-GCC/bin/../lib/gcc/arm-none-eabi/4.7.4/armv7-m/libgcc.a(_arm_addsubdf3.o)
                0x08000110                __aeabi_drsub
                0x08000118                __aeabi_dsub
                0x08000118                __subdf3
                0x0800011c                __adddf3
                0x0800011c                __aeabi_dadd
                0x08000394                __aeabi_ui2d
                0x08000394                __floatunsidf
                0x080003b4                __floatsidf
                0x080003b4                __aeabi_i2d
                0x080003d8                __extendsfdf2
                0x080003d8                __aeabi_f2d
                0x08000414                __aeabi_ul2d
                0x08000414                __floatundidf
                0x08000424                __floatdidf
                0x08000424                __aeabi_l2d
 .text          0x08000480      0x424 /home/laurence/ARM-GCC/bin/../lib/gcc/arm-none-eabi/4.7.4/armv7-m/libgcc.a(_arm_muldivdf3.o)
                0x08000480                __aeabi_dmul
                0x08000480                __muldf3
                0x080006d4                __aeabi_ddiv
                0x080006d4                __divdf3
 .text          0x080008a4      0x110 /home/laurence/ARM-GCC/bin/../lib/gcc/arm-none-eabi/4.7.4/armv7-m/libgcc.a(_arm_cmpdf2.o)
                0x080008a4                __gtdf2
                0x080008a4                __gedf2
                0x080008ac                __ltdf2
                0x080008ac                __ledf2
                0x080008b4                __cmpdf2
                0x080008b4                __eqdf2
                0x080008b4                __nedf2
                0x08000930                __aeabi_cdrcmple
                0x08000940                __aeabi_cdcmple
                0x08000940                __aeabi_cdcmpeq
                0x08000950                __aeabi_dcmpeq
                0x08000964                __aeabi_dcmplt
                0x08000978                __aeabi_dcmple
                0x0800098c                __aeabi_dcmpge
                0x080009a0                __aeabi_dcmpgt
 .text          0x080009b4       0x40 /home/laurence/ARM-GCC/bin/../lib/gcc/arm-none-eabi/4.7.4/armv7-m/libgcc.a(_arm_fixunsdfsi.o)
                0x080009b4                __fixunsdfsi
                0x080009b4                __aeabi_d2uiz
 .text          0x080009f4       0xa0 /home/laurence/ARM-GCC/bin/../lib/gcc/arm-none-eabi/4.7.4/armv7-m/libgcc.a(_arm_truncdfsf2.o)
                0x080009f4                __aeabi_d2f
                0x080009f4                __truncdfsf2
 .text          0x08000a94      0x21c /home/laurence/ARM-GCC/bin/../lib/gcc/arm-none-eabi/4.7.4/armv7-m/libgcc.a(_arm_addsubsf3.o)
                0x08000a94                __aeabi_frsub
                0x08000a9c                __subsf3
                0x08000a9c                __aeabi_fsub
                0x08000aa0                __aeabi_fadd
                0x08000aa0                __addsf3
                0x08000c00                __aeabi_ui2f
                0x08000c00                __floatunsisf
                0x08000c08                __aeabi_i2f
                0x08000c08                __floatsisf
                0x08000c24                __floatundisf
                0x08000c24                __aeabi_ul2f
                0x08000c34                __floatdisf
                0x08000c34                __aeabi_l2f
 .text          0x08000cb0      0x2a0 /home/laurence/ARM-GCC/bin/../lib/gcc/arm-none-eabi/4.7.4/armv7-m/libgcc.a(_arm_muldivsf3.o)
                0x08000cb0                __mulsf3
                0x08000cb0                __aeabi_fmul
                0x08000e18                __divsf3
                0x08000e18                __aeabi_fdiv
 .text          0x08000f50       0xec /home/laurence/ARM-GCC/bin/../lib/gcc/arm-none-eabi/4.7.4/armv7-m/libgcc.a(_arm_cmpsf2.o)
                0x08000f50                __gtsf2
                0x08000f50                __gesf2
                0x08000f58                __lesf2
                0x08000f58                __ltsf2
                0x08000f60                __nesf2
                0x08000f60                __eqsf2
                0x08000f60                __cmpsf2
                0x08000fc0                __aeabi_cfrcmple
                0x08000fc8                __aeabi_cfcmple
                0x08000fc8                __aeabi_cfcmpeq
                0x08000fd8                __aeabi_fcmpeq
                0x08000fec                __aeabi_fcmplt
                0x08001000                __aeabi_fcmple
                0x08001014                __aeabi_fcmpge
                0x08001028                __aeabi_fcmpgt
 .text          0x0800103c       0x40 /home/laurence/ARM-GCC/bin/../lib/gcc/arm-none-eabi/4.7.4/armv7-m/libgcc.a(_arm_fixunssfsi.o)
                0x0800103c                __aeabi_f2uiz
                0x0800103c                __fixunssfsi
 *(.text.*)
 *fill*         0x0800107c        0x4 00
 .text.startup.main
                0x08001080     0x1a50 /tmp/ccL6hirI.ltrans0.ltrans.o
                0x08001080                main
 .text.atoiRamRom.4161
                0x08002ad0       0x20 /tmp/ccL6hirI.ltrans1.ltrans.o
 .text.Resume_Init.4286
                0x08002af0       0x30 /tmp/ccL6hirI.ltrans1.ltrans.o
 .text.Get_Max_Lun
                0x08002b20       0x18 /tmp/ccL6hirI.ltrans1.ltrans.o
                0x08002b20                Get_Max_Lun
 .text.MASS_Get_Interface_Setting
                0x08002b38        0xc /tmp/ccL6hirI.ltrans1.ltrans.o
                0x08002b38                MASS_Get_Interface_Setting
 .text.MASS_Status_Out
                0x08002b44        0x2 /tmp/ccL6hirI.ltrans1.ltrans.o
                0x08002b44                MASS_Status_Out
 .text.MASS_Status_In
                0x08002b46        0x2 /tmp/ccL6hirI.ltrans1.ltrans.o
                0x08002b46                MASS_Status_In
 .text.Mass_Storage_SetDeviceAddress
                0x08002b48        0xc /tmp/ccL6hirI.ltrans1.ltrans.o
                0x08002b48                Mass_Storage_SetDeviceAddress
 .text.__usart_send_char
                0x08002b54       0x1c /tmp/ccL6hirI.ltrans1.ltrans.o
                0x08002b54                __usart_send_char
 .text.__str_print_char
                0x08002b70       0x2c /tmp/ccL6hirI.ltrans1.ltrans.o
                0x08002b70                __str_print_char
 .text.stm32_dma_transfer.5690.4144
                0x08002b9c       0xcc /tmp/ccL6hirI.ltrans1.ltrans.o
 .text.MASS_Reset
                0x08002c68       0xe0 /tmp/ccL6hirI.ltrans1.ltrans.o
                0x08002c68                MASS_Reset
 .text.Mass_Storage_SetConfiguration
                0x08002d48       0x30 /tmp/ccL6hirI.ltrans1.ltrans.o
                0x08002d48                Mass_Storage_SetConfiguration
 .text.MASS_NoData_Setup
                0x08002d78       0x4c /tmp/ccL6hirI.ltrans1.ltrans.o
                0x08002d78                MASS_NoData_Setup
 .text.MASS_GetDeviceDescriptor
                0x08002dc4        0xc /tmp/ccL6hirI.ltrans1.ltrans.o
                0x08002dc4                MASS_GetDeviceDescriptor
 .text.MASS_GetConfigDescriptor
                0x08002dd0        0xc /tmp/ccL6hirI.ltrans1.ltrans.o
                0x08002dd0                MASS_GetConfigDescriptor
 .text.MASS_GetStringDescriptor
                0x08002ddc       0x20 /tmp/ccL6hirI.ltrans1.ltrans.o
                0x08002ddc                MASS_GetStringDescriptor
 .text.__gps_send_char
                0x08002dfc       0x1c /tmp/ccL6hirI.ltrans1.ltrans.o
                0x08002dfc                __gps_send_char
 .text.Usart_Send_Str
                0x08002e18       0x16 /tmp/ccL6hirI.ltrans1.ltrans.o
                0x08002e18                Usart_Send_Str
 *fill*         0x08002e2e        0x2 00
 .text.power_on.5677
                0x08002e30       0xfc /tmp/ccL6hirI.ltrans1.ltrans.o
                0x08002e30                power_on.5677
 .text.Timer_GPIO_Enable
                0x08002f2c       0x24 /tmp/ccL6hirI.ltrans1.ltrans.o
                0x08002f2c                Timer_GPIO_Enable
 .text.Timer_GPIO_Disable
                0x08002f50       0x24 /tmp/ccL6hirI.ltrans1.ltrans.o
                0x08002f50                Timer_GPIO_Disable
 .text.shutdown
                0x08002f74       0x10 /tmp/ccL6hirI.ltrans1.ltrans.o
                0x08002f74                shutdown
 .text.si446x_busy_wait_send_receive
                0x08002f84      0x100 /tmp/ccL6hirI.ltrans1.ltrans.o
                0x08002f84                si446x_busy_wait_send_receive
 .text.NVIC_SystemReset.6750
                0x08003084       0x20 /tmp/ccL6hirI.ltrans1.ltrans.o
                0x08003084                NVIC_SystemReset.6750
 .text.I2C1_Request_Job
                0x080030a4       0x58 /tmp/ccL6hirI.ltrans1.ltrans.o
                0x080030a4                I2C1_Request_Job
 .text.rprintfChar
                0x080030fc       0x1c /tmp/ccL6hirI.ltrans1.ltrans.o
                0x080030fc                rprintfChar
 .text.rprintf2RamRom
                0x08003118      0x404 /tmp/ccL6hirI.ltrans1.ltrans.o
                0x08003118                rprintf2RamRom
 .text.stm32_spi_rw.5679
                0x0800351c       0x24 /tmp/ccL6hirI.ltrans1.ltrans.o
                0x0800351c                stm32_spi_rw.5679
 .text.rcvr_spi.5682
                0x08003540        0x6 /tmp/ccL6hirI.ltrans1.ltrans.o
                0x08003540                rcvr_spi.5682
 *fill*         0x08003546        0x2 00
 .text.release_spi
                0x08003548       0x18 /tmp/ccL6hirI.ltrans1.ltrans.o
                0x08003548                release_spi
 .text.rcvr_datablock
                0x08003560       0x54 /tmp/ccL6hirI.ltrans1.ltrans.o
                0x08003560                rcvr_datablock
 .text.xmit_datablock.part.1.5695
                0x080035b4       0x2c /tmp/ccL6hirI.ltrans1.ltrans.o
                0x080035b4                xmit_datablock.part.1.5695
 .text.wait_ready.5684
                0x080035e0       0x24 /tmp/ccL6hirI.ltrans1.ltrans.o
                0x080035e0                wait_ready.5684
 .text.send_cmd.5686
                0x08003604       0xbc /tmp/ccL6hirI.ltrans1.ltrans.o
                0x08003604                send_cmd.5686
 .text.disk_read
                0x080036c0       0xa0 /tmp/ccL6hirI.ltrans1.ltrans.o
                0x080036c0                disk_read
 .text.Read_Memory
                0x08003760      0x154 /tmp/ccL6hirI.ltrans1.ltrans.o
                0x08003760                Read_Memory
 .text.check_fs.5339
                0x080038b4       0x88 /tmp/ccL6hirI.ltrans1.ltrans.o
                0x080038b4                check_fs.5339
 .text.validate.5332
                0x0800393c       0x2c /tmp/ccL6hirI.ltrans1.ltrans.o
                0x0800393c                validate.5332
 .text.counter_to_struct.5593
                0x08003968       0xa8 /tmp/ccL6hirI.ltrans1.ltrans.o
                0x08003968                counter_to_struct.5593
 .text.isDST.5575
                0x08003a10       0x2a /tmp/ccL6hirI.ltrans1.ltrans.o
                0x08003a10                isDST.5575
 *fill*         0x08003a3a        0x2 00
 .text.rtc_gettime
                0x08003a3c       0x74 /tmp/ccL6hirI.ltrans1.ltrans.o
                0x08003a3c                rtc_gettime
 .text.get_fattime
                0x08003ab0       0x40 /tmp/ccL6hirI.ltrans1.ltrans.o
                0x08003ab0                get_fattime
 .text.clust2sect
                0x08003af0       0x18 /tmp/ccL6hirI.ltrans1.ltrans.o
                0x08003af0                clust2sect
 .text.mem_cpy.5263
                0x08003b08       0x12 /tmp/ccL6hirI.ltrans1.ltrans.o
                0x08003b08                mem_cpy.5263
 *fill*         0x08003b1a        0x2 00
 .text.ff_convert.part.0.5196
                0x08003b1c       0x24 /tmp/ccL6hirI.ltrans1.ltrans.o
                0x08003b1c                ff_convert.part.0.5196
 .text.Delay    0x08003b40       0x1a /tmp/ccL6hirI.ltrans1.ltrans.o
                0x08003b40                Delay
 *fill*         0x08003b5a        0x2 00
 .text.I2C_Config
                0x08003b5c      0x138 /tmp/ccL6hirI.ltrans1.ltrans.o
                0x08003b5c                I2C_Config
 .text.Pop_From_Buffer
                0x08003c94       0x26 /tmp/ccL6hirI.ltrans1.ltrans.o
                0x08003c94                Pop_From_Buffer
 .text.Add_To_Byte_Buffer
                0x08003cba       0x46 /tmp/ccL6hirI.ltrans1.ltrans.o
                0x08003cba                Add_To_Byte_Buffer
 .text.Add_To_Buffer
                0x08003d00       0x48 /tmp/ccL6hirI.ltrans1.ltrans.o
                0x08003d00                Add_To_Buffer
 .text.Bot_Abort.part.2.4638
                0x08003d48       0x18 /tmp/ccL6hirI.ltrans1.ltrans.o
                0x08003d48                Bot_Abort.part.2.4638
 .text.Resume   0x08003d60       0xa4 /tmp/ccL6hirI.ltrans1.ltrans.o
                0x08003d60                Resume
 .text.Set_CSW  0x08003e04       0x3c /tmp/ccL6hirI.ltrans1.ltrans.o
                0x08003e04                Set_CSW
 .text.Transfer_Data_Request
                0x08003e40       0x34 /tmp/ccL6hirI.ltrans1.ltrans.o
                0x08003e40                Transfer_Data_Request
 .text.IntToUnicode.4420
                0x08003e74       0x2a /tmp/ccL6hirI.ltrans1.ltrans.o
                0x08003e74                IntToUnicode.4420
 *fill*         0x08003e9e        0x2 00
 .text.EP2_OUT_Callback.4010
                0x08003ea0      0x310 /tmp/ccL6hirI.ltrans2.ltrans.o
 .text.dir_next.5405
                0x080041b0       0xfa /tmp/ccL6hirI.ltrans2.ltrans.o
                0x080041b0                dir_next.5405
 *fill*         0x080042aa        0x2 00
 .text.detect_sensors
                0x080042ac       0x80 /tmp/ccL6hirI.ltrans2.ltrans.o
                0x080042ac                detect_sensors
 .text.disk_initialize
                0x0800432c      0x164 /tmp/ccL6hirI.ltrans2.ltrans.o
                0x0800432c                disk_initialize
 .text.chk_mounted.5343
                0x08004490      0x318 /tmp/ccL6hirI.ltrans2.ltrans.o
                0x08004490                chk_mounted.5343
 .text.MASS_Data_Setup
                0x080047a8       0x38 /tmp/ccL6hirI.ltrans3.ltrans.o
                0x080047a8                MASS_Data_Setup
 .text.disk_write
                0x080047e0       0xcc /tmp/ccL6hirI.ltrans3.ltrans.o
                0x080047e0                disk_write
 .text.move_window.5322
                0x080048ac       0x76 /tmp/ccL6hirI.ltrans3.ltrans.o
                0x080048ac                move_window.5322
 .text.get_fat  0x08004922       0xc8 /tmp/ccL6hirI.ltrans3.ltrans.o
                0x08004922                get_fat
 *fill*         0x080049ea        0x2 00
 .text.SCSI_Invalid_Cmd
                0x080049ec       0x3c /tmp/ccL6hirI.ltrans3.ltrans.o
                0x080049ec                SCSI_Invalid_Cmd
 .text.SCSI_Address_Management
                0x08004a28       0x74 /tmp/ccL6hirI.ltrans3.ltrans.o
                0x08004a28                SCSI_Address_Management
 .text.SCSI_Read10_Cmd
                0x08004a9c       0x6c /tmp/ccL6hirI.ltrans3.ltrans.o
                0x08004a9c                SCSI_Read10_Cmd
 .text.EP1_IN_Callback.4078
                0x08004b08       0x5c /tmp/ccL6hirI.ltrans3.ltrans.o
 .text.si446x_setup
                0x08004b64      0x804 /tmp/ccL6hirI.ltrans3.ltrans.o
                0x08004b64                si446x_setup
 .text.USART2_reconf.constprop.26
                0x08005368       0x50 /tmp/ccL6hirI.ltrans3.ltrans.o
                0x08005368                USART2_reconf.constprop.26
 .text.put_fat.4144
                0x080053b8       0xf2 /tmp/ccL6hirI.ltrans4.ltrans.o
 *fill*         0x080054aa        0x2 00
 .text.unlikely.f_read.constprop.12
                0x080054ac      0x19c /tmp/ccL6hirI.ltrans4.ltrans.o
                0x080054ac                f_read.constprop.12
 .text.SCSI_Write10_Cmd
                0x08005648      0x144 /tmp/ccL6hirI.ltrans4.ltrans.o
                0x08005648                SCSI_Write10_Cmd
 .text.remove_chain.5435
                0x0800578c       0x54 /tmp/ccL6hirI.ltrans4.ltrans.o
                0x0800578c                remove_chain.5435
 .text.f_truncate
                0x080057e0       0x92 /tmp/ccL6hirI.ltrans4.ltrans.o
                0x080057e0                f_truncate
 .text.create_chain.5401
                0x08005872       0x9a /tmp/ccL6hirI.ltrans4.ltrans.o
                0x08005872                create_chain.5401
 .text.f_lseek  0x0800590c      0x140 /tmp/ccL6hirI.ltrans4.ltrans.o
                0x0800590c                f_lseek
 .text.f_write  0x08005a4c      0x19a /tmp/ccL6hirI.ltrans4.ltrans.o
                0x08005a4c                f_write
 *fill*         0x08005be6        0x2 00
 .text.f_puts.constprop.9
                0x08005be8       0x34 /tmp/ccL6hirI.ltrans4.ltrans.o
                0x08005be8                f_puts.constprop.9
 .text.__fat_print_char
                0x08005c1c       0x1c /tmp/ccL6hirI.ltrans4.ltrans.o
                0x08005c1c                __fat_print_char
 .text.dir_sdi.5369
                0x08005c38       0x84 /tmp/ccL6hirI.ltrans4.ltrans.o
                0x08005c38                dir_sdi.5369
 .text.Mass_Storage_ClearFeature.4060
                0x08005cbc       0x18 /tmp/ccL6hirI.ltrans5.ltrans.o
 .text.MASS_init
                0x08005cd4       0x70 /tmp/ccL6hirI.ltrans5.ltrans.o
                0x08005cd4                MASS_init
 .text.MAL_GetStatus
                0x08005d44       0xc4 /tmp/ccL6hirI.ltrans5.ltrans.o
                0x08005d44                MAL_GetStatus
 .text.send_string_to_silabs.constprop.33
                0x08005e08       0x38 /tmp/ccL6hirI.ltrans5.ltrans.o
                0x08005e08                send_string_to_silabs.constprop.33
 .text.si446x_spi_state_machine.constprop.30
                0x08005e40      0x29c /tmp/ccL6hirI.ltrans5.ltrans.o
                0x08005e40                si446x_spi_state_machine.constprop.30
 .text.si446x_state_machine
                0x080060dc      0x244 /tmp/ccL6hirI.ltrans5.ltrans.o
                0x080060dc                si446x_state_machine
 .text.Gps_Process_Byte.constprop.29
                0x08006320      0x1c8 /tmp/ccL6hirI.ltrans5.ltrans.o
                0x08006320                Gps_Process_Byte.constprop.29
 .text.Pop_From_Dma_Buffer.constprop.28
                0x080064e8       0x28 /tmp/ccL6hirI.ltrans5.ltrans.o
                0x080064e8                Pop_From_Dma_Buffer.constprop.28
 .text.Get_UBX_Ack.constprop.27
                0x08006510       0xa0 /tmp/ccL6hirI.ltrans5.ltrans.o
                0x08006510                Get_UBX_Ack.constprop.27
 .text.Gps_Send_Utf8
                0x080065b0       0x1a /tmp/ccL6hirI.ltrans5.ltrans.o
                0x080065b0                Gps_Send_Utf8
 .text.Gps_Send_Str
                0x080065ca       0x16 /tmp/ccL6hirI.ltrans5.ltrans.o
                0x080065ca                Gps_Send_Str
 .text.I2C1_EV_IRQHandler
                0x080065e0      0x474 /tmp/ccL6hirI.ltrans6.ltrans.o
                0x080065e0                I2C1_EV_IRQHandler
 .text.EXTI15_10_IRQHandler
                0x08006a54       0x38 /tmp/ccL6hirI.ltrans6.ltrans.o
                0x08006a54                EXTI15_10_IRQHandler
 .text.DMA1_Channel2_IRQHandler
                0x08006a8c       0x40 /tmp/ccL6hirI.ltrans6.ltrans.o
                0x08006a8c                DMA1_Channel2_IRQHandler
 .text.EXTI0_IRQHandler
                0x08006acc       0x40 /tmp/ccL6hirI.ltrans6.ltrans.o
                0x08006acc                EXTI0_IRQHandler
 .text.USART3_IRQHandler
                0x08006b0c       0x98 /tmp/ccL6hirI.ltrans6.ltrans.o
                0x08006b0c                USART3_IRQHandler
 .text.f_sync   0x08006ba4      0x180 /tmp/ccL6hirI.ltrans6.ltrans.o
                0x08006ba4                f_sync
 .text.file_preallocation_control.part.1.6755
                0x08006d24       0x26 /tmp/ccL6hirI.ltrans6.ltrans.o
                0x08006d24                file_preallocation_control.part.1.6755
 .text.f_close  0x08006d4a        0xe /tmp/ccL6hirI.ltrans6.ltrans.o
                0x08006d4a                f_close
 .text.shutdown_filesystem
                0x08006d58       0xf4 /tmp/ccL6hirI.ltrans6.ltrans.o
                0x08006d58                shutdown_filesystem
 .text.dir_find.part.4.5409.4131
                0x08006e4c      0x184 /tmp/ccL6hirI.ltrans7.ltrans.o
 .text.follow_path.5415.4119
                0x08006fd0      0x290 /tmp/ccL6hirI.ltrans7.ltrans.o
 .text.f_open   0x08007260      0x3d0 /tmp/ccL6hirI.ltrans7.ltrans.o
                0x08007260                f_open
 .text.unlikely.f_stat.constprop.11
                0x08007630      0x13c /tmp/ccL6hirI.ltrans7.ltrans.o
                0x08007630                f_stat.constprop.11
 .text.USB_LP_CAN1_RX0_IRQHandler
                0x0800776c      0x108 /tmp/ccL6hirI.ltrans8.ltrans.o
                0x0800776c                USB_LP_CAN1_RX0_IRQHandler
 .text.USB_HP_CAN1_TX_IRQHandler
                0x08007874        0x4 /tmp/ccL6hirI.ltrans8.ltrans.o
                0x08007874                USB_HP_CAN1_TX_IRQHandler
 .text.SysTick_Handler
                0x08007878      0x580 /tmp/ccL6hirI.ltrans8.ltrans.o
                0x08007878                SysTick_Handler
 .text.ADC1_2_IRQHandler
                0x08007df8       0x6c /tmp/ccL6hirI.ltrans8.ltrans.o
                0x08007df8                ADC1_2_IRQHandler
 .text.I2C1_ER_IRQHandler
                0x08007e64       0xf0 /tmp/ccL6hirI.ltrans8.ltrans.o
                0x08007e64                I2C1_ER_IRQHandler
 .text.USART1_IRQHandler
                0x08007f54       0x34 /tmp/ccL6hirI.ltrans9.ltrans.o
                0x08007f54                USART1_IRQHandler
 .text.malloc   0x08007f88       0x10 /home/laurence/ARM-GCC/bin/../lib/gcc/arm-none-eabi/4.7.4/../../../../arm-none-eabi/lib/armv7-m/libc.a(lib_a-malloc.o)
                0x08007f88                malloc
 .text._malloc_r
                0x08007f98      0x530 /home/laurence/ARM-GCC/bin/../lib/gcc/arm-none-eabi/4.7.4/../../../../arm-none-eabi/lib/armv7-m/libc.a(lib_a-mallocr.o)
                0x08007f98                _malloc_r
 .text.memcmp   0x080084c8       0xb8 /home/laurence/ARM-GCC/bin/../lib/gcc/arm-none-eabi/4.7.4/../../../../arm-none-eabi/lib/armv7-m/libc.a(lib_a-memcmp.o)
                0x080084c8                memcmp
 .text.memcpy   0x08008580      0x15c /home/laurence/ARM-GCC/bin/../lib/gcc/arm-none-eabi/4.7.4/../../../../arm-none-eabi/lib/armv7-m/libc.a(lib_a-memcpy.o)
                0x08008580                memcpy
 .text.__malloc_lock
                0x080086dc        0x4 /home/laurence/ARM-GCC/bin/../lib/gcc/arm-none-eabi/4.7.4/../../../../arm-none-eabi/lib/armv7-m/libc.a(lib_a-mlock.o)
                0x080086dc                __malloc_lock
 .text.__malloc_unlock
                0x080086e0        0x4 /home/laurence/ARM-GCC/bin/../lib/gcc/arm-none-eabi/4.7.4/../../../../arm-none-eabi/lib/armv7-m/libc.a(lib_a-mlock.o)
                0x080086e0                __malloc_unlock
 .text._sbrk_r  0x080086e4       0x24 /home/laurence/ARM-GCC/bin/../lib/gcc/arm-none-eabi/4.7.4/../../../../arm-none-eabi/lib/armv7-m/libc.a(lib_a-sbrkr.o)
                0x080086e4                _sbrk_r
 .text.strcat   0x08008708       0x4c /home/laurence/ARM-GCC/bin/../lib/gcc/arm-none-eabi/4.7.4/../../../../arm-none-eabi/lib/armv7-m/libc.a(lib_a-strcat.o)
                0x08008708                strcat
 .text.strchr   0x08008754       0xfc /home/laurence/ARM-GCC/bin/../lib/gcc/arm-none-eabi/4.7.4/../../../../arm-none-eabi/lib/armv7-m/libc.a(lib_a-strchr.o)
                0x08008754                strchr
 .text.strcpy   0x08008850       0xbc /home/laurence/ARM-GCC/bin/../lib/gcc/arm-none-eabi/4.7.4/../../../../arm-none-eabi/lib/armv7-m/libc.a(lib_a-strcpy.o)
                0x08008850                strcpy
 .text.strlen   0x0800890c       0x60 /home/laurence/ARM-GCC/bin/../lib/gcc/arm-none-eabi/4.7.4/../../../../arm-none-eabi/lib/armv7-m/libc.a(lib_a-strlen.o)
                0x0800890c                strlen
 .text.strncmp  0x0800896c      0x120 /home/laurence/ARM-GCC/bin/../lib/gcc/arm-none-eabi/4.7.4/../../../../arm-none-eabi/lib/armv7-m/libc.a(lib_a-strncmp.o)
                0x0800896c                strncmp
 .text.strncpy  0x08008a8c      0x10c /home/laurence/ARM-GCC/bin/../lib/gcc/arm-none-eabi/4.7.4/../../../../arm-none-eabi/lib/armv7-m/libc.a(lib_a-strncpy.o)
                0x08008a8c                strncpy
 .text._malloc_trim_r
                0x08008b98       0x98 /home/laurence/ARM-GCC/bin/../lib/gcc/arm-none-eabi/4.7.4/../../../../arm-none-eabi/lib/armv7-m/libc.a(lib_a-freer.o)
                0x08008b98                _malloc_trim_r
 .text._free_r  0x08008c30      0x194 /home/laurence/ARM-GCC/bin/../lib/gcc/arm-none-eabi/4.7.4/../../../../arm-none-eabi/lib/armv7-m/libc.a(lib_a-freer.o)
                0x08008c30                _free_r
 .text.Reset_Handler
                0x08008dc4       0x48 lib/CMSIS_CM3/startup/gcc/startup_stm32f10x_md.o
                0x08008dc4                Reset_Handler
 .text.Default_Handler
                0x08008e0c        0x4 lib/CMSIS_CM3/startup/gcc/startup_stm32f10x_md.o
                0x08008e0c                EXTI2_IRQHandler
                0x08008e0c                DebugMon_Handler
                0x08008e0c                TIM1_CC_IRQHandler
                0x08008e0c                HardFault_Handler
                0x08008e0c                PVD_IRQHandler
                0x08008e0c                PendSV_Handler
                0x08008e0c                NMI_Handler
                0x08008e0c                EXTI3_IRQHandler
                0x08008e0c                I2C2_EV_IRQHandler
                0x08008e0c                UsageFault_Handler
                0x08008e0c                SPI1_IRQHandler
                0x08008e0c                TAMPER_IRQHandler
                0x08008e0c                DMA1_Channel4_IRQHandler
                0x08008e0c                RTC_IRQHandler
                0x08008e0c                DMA1_Channel7_IRQHandler
                0x08008e0c                CAN1_RX1_IRQHandler
                0x08008e0c                TIM4_IRQHandler
                0x08008e0c                DMA1_Channel6_IRQHandler
                0x08008e0c                TIM3_IRQHandler
                0x08008e0c                RCC_IRQHandler
                0x08008e0c                TIM1_TRG_COM_IRQHandler
                0x08008e0c                DMA1_Channel1_IRQHandler
                0x08008e0c                Default_Handler
                0x08008e0c                EXTI9_5_IRQHandler
                0x08008e0c                SPI2_IRQHandler
                0x08008e0c                MemManage_Handler
                0x08008e0c                SVC_Handler
                0x08008e0c                DMA1_Channel5_IRQHandler
                0x08008e0c                EXTI4_IRQHandler
                0x08008e0c                DMA1_Channel3_IRQHandler
                0x08008e0c                TIM1_UP_IRQHandler
                0x08008e0c                WWDG_IRQHandler
                0x08008e0c                TIM2_IRQHandler
                0x08008e0c                TIM1_BRK_IRQHandler
                0x08008e0c                EXTI1_IRQHandler
                0x08008e0c                RTCAlarm_IRQHandler
                0x08008e0c                USART2_IRQHandler
                0x08008e0c                I2C2_ER_IRQHandler
                0x08008e0c                CAN1_SCE_IRQHandler
                0x08008e0c                FLASH_IRQHandler
                0x08008e0c                BusFault_Handler
                0x08008e0c                USBWakeUp_IRQHandler
 .text.NVIC_PriorityGroupConfig
                0x08008e10       0x14 lib/STM32F10x_StdPeriph_Driver/libstm32fw.a(misc.o)
                0x08008e10                NVIC_PriorityGroupConfig
 .text.NVIC_Init
                0x08008e24       0x68 lib/STM32F10x_StdPeriph_Driver/libstm32fw.a(misc.o)
                0x08008e24                NVIC_Init
 .text.NVIC_SetVectorTable
                0x08008e8c       0x14 lib/STM32F10x_StdPeriph_Driver/libstm32fw.a(misc.o)
                0x08008e8c                NVIC_SetVectorTable
 .text.SysTick_CLKSourceConfig
                0x08008ea0       0x18 lib/STM32F10x_StdPeriph_Driver/libstm32fw.a(misc.o)
                0x08008ea0                SysTick_CLKSourceConfig
 .text.ADC_DeInit
                0x08008eb8       0x5c lib/STM32F10x_StdPeriph_Driver/libstm32fw.a(stm32f10x_adc.o)
                0x08008eb8                ADC_DeInit
 .text.ADC_Init
                0x08008f14       0x48 lib/STM32F10x_StdPeriph_Driver/libstm32fw.a(stm32f10x_adc.o)
                0x08008f14                ADC_Init
 .text.ADC_Cmd  0x08008f5c       0x12 lib/STM32F10x_StdPeriph_Driver/libstm32fw.a(stm32f10x_adc.o)
                0x08008f5c                ADC_Cmd
 .text.ADC_ResetCalibration
                0x08008f6e        0xa lib/STM32F10x_StdPeriph_Driver/libstm32fw.a(stm32f10x_adc.o)
                0x08008f6e                ADC_ResetCalibration
 .text.ADC_GetResetCalibrationStatus
                0x08008f78        0x8 lib/STM32F10x_StdPeriph_Driver/libstm32fw.a(stm32f10x_adc.o)
                0x08008f78                ADC_GetResetCalibrationStatus
 .text.ADC_StartCalibration
                0x08008f80        0xa lib/STM32F10x_StdPeriph_Driver/libstm32fw.a(stm32f10x_adc.o)
                0x08008f80                ADC_StartCalibration
 .text.ADC_GetCalibrationStatus
                0x08008f8a        0x8 lib/STM32F10x_StdPeriph_Driver/libstm32fw.a(stm32f10x_adc.o)
                0x08008f8a                ADC_GetCalibrationStatus
 .text.ADC_SoftwareStartConvCmd
                0x08008f92       0x12 lib/STM32F10x_StdPeriph_Driver/libstm32fw.a(stm32f10x_adc.o)
                0x08008f92                ADC_SoftwareStartConvCmd
 .text.ADC_RegularChannelConfig
                0x08008fa4       0x9a lib/STM32F10x_StdPeriph_Driver/libstm32fw.a(stm32f10x_adc.o)
                0x08008fa4                ADC_RegularChannelConfig
 .text.ADC_GetConversionValue
                0x0800903e        0x6 lib/STM32F10x_StdPeriph_Driver/libstm32fw.a(stm32f10x_adc.o)
                0x0800903e                ADC_GetConversionValue
 .text.ADC_ExternalTrigInjectedConvConfig
                0x08009044        0xc lib/STM32F10x_StdPeriph_Driver/libstm32fw.a(stm32f10x_adc.o)
                0x08009044                ADC_ExternalTrigInjectedConvConfig
 .text.ADC_SoftwareStartInjectedConvCmd
                0x08009050       0x12 lib/STM32F10x_StdPeriph_Driver/libstm32fw.a(stm32f10x_adc.o)
                0x08009050                ADC_SoftwareStartInjectedConvCmd
 .text.ADC_InjectedChannelConfig
                0x08009062       0x60 lib/STM32F10x_StdPeriph_Driver/libstm32fw.a(stm32f10x_adc.o)
                0x08009062                ADC_InjectedChannelConfig
 .text.ADC_InjectedSequencerLengthConfig
                0x080090c2       0x10 lib/STM32F10x_StdPeriph_Driver/libstm32fw.a(stm32f10x_adc.o)
                0x080090c2                ADC_InjectedSequencerLengthConfig
 .text.ADC_GetInjectedConversionValue
                0x080090d2       0x1a lib/STM32F10x_StdPeriph_Driver/libstm32fw.a(stm32f10x_adc.o)
                0x080090d2                ADC_GetInjectedConversionValue
 .text.ADC_GetFlagStatus
                0x080090ec        0xc lib/STM32F10x_StdPeriph_Driver/libstm32fw.a(stm32f10x_adc.o)
                0x080090ec                ADC_GetFlagStatus
 .text.ADC_ClearFlag
                0x080090f8        0x6 lib/STM32F10x_StdPeriph_Driver/libstm32fw.a(stm32f10x_adc.o)
                0x080090f8                ADC_ClearFlag
 .text.ADC_GetITStatus
                0x080090fe       0x16 lib/STM32F10x_StdPeriph_Driver/libstm32fw.a(stm32f10x_adc.o)
                0x080090fe                ADC_GetITStatus
 .text.ADC_ClearITPendingBit
                0x08009114        0x8 lib/STM32F10x_StdPeriph_Driver/libstm32fw.a(stm32f10x_adc.o)
                0x08009114                ADC_ClearITPendingBit
 .text.BKP_DeInit
                0x0800911c       0x12 lib/STM32F10x_StdPeriph_Driver/libstm32fw.a(stm32f10x_bkp.o)
                0x0800911c                BKP_DeInit
 *fill*         0x0800912e        0x2 00
 .text.BKP_RTCOutputConfig
                0x08009130       0x18 lib/STM32F10x_StdPeriph_Driver/libstm32fw.a(stm32f10x_bkp.o)
                0x08009130                BKP_RTCOutputConfig
 .text.BKP_SetRTCCalibrationValue
                0x08009148       0x18 lib/STM32F10x_StdPeriph_Driver/libstm32fw.a(stm32f10x_bkp.o)
                0x08009148                BKP_SetRTCCalibrationValue
 .text.BKP_WriteBackupRegister
                0x08009160       0x1c lib/STM32F10x_StdPeriph_Driver/libstm32fw.a(stm32f10x_bkp.o)
                0x08009160                BKP_WriteBackupRegister
 .text.BKP_ReadBackupRegister
                0x0800917c       0x20 lib/STM32F10x_StdPeriph_Driver/libstm32fw.a(stm32f10x_bkp.o)
                0x0800917c                BKP_ReadBackupRegister
 .text.DBGMCU_Config
                0x0800919c       0x18 lib/STM32F10x_StdPeriph_Driver/libstm32fw.a(stm32f10x_dbgmcu.o)
                0x0800919c                DBGMCU_Config
 .text.DMA_DeInit
                0x080091b4       0xec lib/STM32F10x_StdPeriph_Driver/libstm32fw.a(stm32f10x_dma.o)
                0x080091b4                DMA_DeInit
 .text.DMA_Init
                0x080092a0       0x40 lib/STM32F10x_StdPeriph_Driver/libstm32fw.a(stm32f10x_dma.o)
                0x080092a0                DMA_Init
 .text.DMA_Cmd  0x080092e0       0x12 lib/STM32F10x_StdPeriph_Driver/libstm32fw.a(stm32f10x_dma.o)
                0x080092e0                DMA_Cmd
 .text.DMA_ITConfig
                0x080092f2       0x10 lib/STM32F10x_StdPeriph_Driver/libstm32fw.a(stm32f10x_dma.o)
                0x080092f2                DMA_ITConfig
 .text.DMA_GetCurrDataCounter
                0x08009302        0x6 lib/STM32F10x_StdPeriph_Driver/libstm32fw.a(stm32f10x_dma.o)
                0x08009302                DMA_GetCurrDataCounter
 .text.DMA_GetFlagStatus
                0x08009308       0x1c lib/STM32F10x_StdPeriph_Driver/libstm32fw.a(stm32f10x_dma.o)
                0x08009308                DMA_GetFlagStatus
 .text.DMA_ClearFlag
                0x08009324       0x14 lib/STM32F10x_StdPeriph_Driver/libstm32fw.a(stm32f10x_dma.o)
                0x08009324                DMA_ClearFlag
 .text.DMA_GetITStatus
                0x08009338       0x1c lib/STM32F10x_StdPeriph_Driver/libstm32fw.a(stm32f10x_dma.o)
                0x08009338                DMA_GetITStatus
 .text.DMA_ClearITPendingBit
                0x08009354       0x14 lib/STM32F10x_StdPeriph_Driver/libstm32fw.a(stm32f10x_dma.o)
                0x08009354                DMA_ClearITPendingBit
 .text.EXTI_DeInit
                0x08009368       0x1c lib/STM32F10x_StdPeriph_Driver/libstm32fw.a(stm32f10x_exti.o)
                0x08009368                EXTI_DeInit
 .text.EXTI_Init
                0x08009384       0x88 lib/STM32F10x_StdPeriph_Driver/libstm32fw.a(stm32f10x_exti.o)
                0x08009384                EXTI_Init
 .text.EXTI_GetITStatus
                0x0800940c       0x20 lib/STM32F10x_StdPeriph_Driver/libstm32fw.a(stm32f10x_exti.o)
                0x0800940c                EXTI_GetITStatus
 .text.EXTI_ClearITPendingBit
                0x0800942c        0xc lib/STM32F10x_StdPeriph_Driver/libstm32fw.a(stm32f10x_exti.o)
                0x0800942c                EXTI_ClearITPendingBit
 .text.GPIO_Init
                0x08009438       0x9a lib/STM32F10x_StdPeriph_Driver/libstm32fw.a(stm32f10x_gpio.o)
                0x08009438                GPIO_Init
 .text.GPIO_ReadInputDataBit
                0x080094d2        0xc lib/STM32F10x_StdPeriph_Driver/libstm32fw.a(stm32f10x_gpio.o)
                0x080094d2                GPIO_ReadInputDataBit
 .text.GPIO_SetBits
                0x080094de        0x4 lib/STM32F10x_StdPeriph_Driver/libstm32fw.a(stm32f10x_gpio.o)
                0x080094de                GPIO_SetBits
 .text.GPIO_ResetBits
                0x080094e2        0x4 lib/STM32F10x_StdPeriph_Driver/libstm32fw.a(stm32f10x_gpio.o)
                0x080094e2                GPIO_ResetBits
 .text.GPIO_WriteBit
                0x080094e6        0xa lib/STM32F10x_StdPeriph_Driver/libstm32fw.a(stm32f10x_gpio.o)
                0x080094e6                GPIO_WriteBit
 .text.GPIO_PinRemapConfig
                0x080094f0       0x58 lib/STM32F10x_StdPeriph_Driver/libstm32fw.a(stm32f10x_gpio.o)
                0x080094f0                GPIO_PinRemapConfig
 .text.GPIO_EXTILineConfig
                0x08009548       0x34 lib/STM32F10x_StdPeriph_Driver/libstm32fw.a(stm32f10x_gpio.o)
                0x08009548                GPIO_EXTILineConfig
 .text.I2C_DeInit
                0x0800957c       0x34 lib/STM32F10x_StdPeriph_Driver/libstm32fw.a(stm32f10x_i2c.o)
                0x0800957c                I2C_DeInit
 .text.I2C_Init
                0x080095b0       0xd4 lib/STM32F10x_StdPeriph_Driver/libstm32fw.a(stm32f10x_i2c.o)
                0x080095b0                I2C_Init
 .text.I2C_Cmd  0x08009684       0x18 lib/STM32F10x_StdPeriph_Driver/libstm32fw.a(stm32f10x_i2c.o)
                0x08009684                I2C_Cmd
 .text.I2C_GenerateSTART
                0x0800969c       0x18 lib/STM32F10x_StdPeriph_Driver/libstm32fw.a(stm32f10x_i2c.o)
                0x0800969c                I2C_GenerateSTART
 .text.I2C_GenerateSTOP
                0x080096b4       0x18 lib/STM32F10x_StdPeriph_Driver/libstm32fw.a(stm32f10x_i2c.o)
                0x080096b4                I2C_GenerateSTOP
 .text.I2C_AcknowledgeConfig
                0x080096cc       0x18 lib/STM32F10x_StdPeriph_Driver/libstm32fw.a(stm32f10x_i2c.o)
                0x080096cc                I2C_AcknowledgeConfig
 .text.I2C_ITConfig
                0x080096e4       0x12 lib/STM32F10x_StdPeriph_Driver/libstm32fw.a(stm32f10x_i2c.o)
                0x080096e4                I2C_ITConfig
 .text.I2C_SendData
                0x080096f6        0x4 lib/STM32F10x_StdPeriph_Driver/libstm32fw.a(stm32f10x_i2c.o)
                0x080096f6                I2C_SendData
 .text.I2C_ReceiveData
                0x080096fa        0x6 lib/STM32F10x_StdPeriph_Driver/libstm32fw.a(stm32f10x_i2c.o)
                0x080096fa                I2C_ReceiveData
 .text.I2C_Send7bitAddress
                0x08009700       0x10 lib/STM32F10x_StdPeriph_Driver/libstm32fw.a(stm32f10x_i2c.o)
                0x08009700                I2C_Send7bitAddress
 .text.I2C_SoftwareResetCmd
                0x08009710       0x18 lib/STM32F10x_StdPeriph_Driver/libstm32fw.a(stm32f10x_i2c.o)
                0x08009710                I2C_SoftwareResetCmd
 .text.IWDG_WriteAccessCmd
                0x08009728        0xc lib/STM32F10x_StdPeriph_Driver/libstm32fw.a(stm32f10x_iwdg.o)
                0x08009728                IWDG_WriteAccessCmd
 .text.IWDG_SetPrescaler
                0x08009734        0xc lib/STM32F10x_StdPeriph_Driver/libstm32fw.a(stm32f10x_iwdg.o)
                0x08009734                IWDG_SetPrescaler
 .text.IWDG_SetReload
                0x08009740        0xc lib/STM32F10x_StdPeriph_Driver/libstm32fw.a(stm32f10x_iwdg.o)
                0x08009740                IWDG_SetReload
 .text.IWDG_ReloadCounter
                0x0800974c       0x10 lib/STM32F10x_StdPeriph_Driver/libstm32fw.a(stm32f10x_iwdg.o)
                0x0800974c                IWDG_ReloadCounter
 .text.IWDG_Enable
                0x0800975c       0x10 lib/STM32F10x_StdPeriph_Driver/libstm32fw.a(stm32f10x_iwdg.o)
                0x0800975c                IWDG_Enable
 .text.PWR_DeInit
                0x0800976c       0x1a lib/STM32F10x_StdPeriph_Driver/libstm32fw.a(stm32f10x_pwr.o)
                0x0800976c                PWR_DeInit
 *fill*         0x08009786        0x2 00
 .text.PWR_BackupAccessCmd
                0x08009788        0xc lib/STM32F10x_StdPeriph_Driver/libstm32fw.a(stm32f10x_pwr.o)
                0x08009788                PWR_BackupAccessCmd
 .text.PWR_WakeUpPinCmd
                0x08009794        0xc lib/STM32F10x_StdPeriph_Driver/libstm32fw.a(stm32f10x_pwr.o)
                0x08009794                PWR_WakeUpPinCmd
 .text.PWR_EnterSTANDBYMode
                0x080097a0       0x28 lib/STM32F10x_StdPeriph_Driver/libstm32fw.a(stm32f10x_pwr.o)
                0x080097a0                PWR_EnterSTANDBYMode
 .text.RCC_HCLKConfig
                0x080097c8       0x14 lib/STM32F10x_StdPeriph_Driver/libstm32fw.a(stm32f10x_rcc.o)
                0x080097c8                RCC_HCLKConfig
 .text.RCC_USBCLKConfig
                0x080097dc        0xc lib/STM32F10x_StdPeriph_Driver/libstm32fw.a(stm32f10x_rcc.o)
                0x080097dc                RCC_USBCLKConfig
 .text.RCC_ADCCLKConfig
                0x080097e8       0x14 lib/STM32F10x_StdPeriph_Driver/libstm32fw.a(stm32f10x_rcc.o)
                0x080097e8                RCC_ADCCLKConfig
 .text.RCC_LSEConfig
                0x080097fc       0x20 lib/STM32F10x_StdPeriph_Driver/libstm32fw.a(stm32f10x_rcc.o)
                0x080097fc                RCC_LSEConfig
 .text.RCC_RTCCLKConfig
                0x0800981c       0x10 lib/STM32F10x_StdPeriph_Driver/libstm32fw.a(stm32f10x_rcc.o)
                0x0800981c                RCC_RTCCLKConfig
 .text.RCC_RTCCLKCmd
                0x0800982c        0xc lib/STM32F10x_StdPeriph_Driver/libstm32fw.a(stm32f10x_rcc.o)
                0x0800982c                RCC_RTCCLKCmd
 .text.RCC_GetClocksFreq
                0x08009838       0x9c lib/STM32F10x_StdPeriph_Driver/libstm32fw.a(stm32f10x_rcc.o)
                0x08009838                RCC_GetClocksFreq
 .text.RCC_AHBPeriphClockCmd
                0x080098d4       0x18 lib/STM32F10x_StdPeriph_Driver/libstm32fw.a(stm32f10x_rcc.o)
                0x080098d4                RCC_AHBPeriphClockCmd
 .text.RCC_APB2PeriphClockCmd
                0x080098ec       0x18 lib/STM32F10x_StdPeriph_Driver/libstm32fw.a(stm32f10x_rcc.o)
                0x080098ec                RCC_APB2PeriphClockCmd
 .text.RCC_APB1PeriphClockCmd
                0x08009904       0x18 lib/STM32F10x_StdPeriph_Driver/libstm32fw.a(stm32f10x_rcc.o)
                0x08009904                RCC_APB1PeriphClockCmd
 .text.RCC_APB2PeriphResetCmd
                0x0800991c       0x18 lib/STM32F10x_StdPeriph_Driver/libstm32fw.a(stm32f10x_rcc.o)
                0x0800991c                RCC_APB2PeriphResetCmd
 .text.RCC_APB1PeriphResetCmd
                0x08009934       0x18 lib/STM32F10x_StdPeriph_Driver/libstm32fw.a(stm32f10x_rcc.o)
                0x08009934                RCC_APB1PeriphResetCmd
 .text.RCC_BackupResetCmd
                0x0800994c        0xc lib/STM32F10x_StdPeriph_Driver/libstm32fw.a(stm32f10x_rcc.o)
                0x0800994c                RCC_BackupResetCmd
 .text.RCC_GetFlagStatus
                0x08009958       0x28 lib/STM32F10x_StdPeriph_Driver/libstm32fw.a(stm32f10x_rcc.o)
                0x08009958                RCC_GetFlagStatus
 .text.RTC_EnterConfigMode
                0x08009980       0x14 lib/STM32F10x_StdPeriph_Driver/libstm32fw.a(stm32f10x_rtc.o)
                0x08009980                RTC_EnterConfigMode
 .text.RTC_ExitConfigMode
                0x08009994       0x14 lib/STM32F10x_StdPeriph_Driver/libstm32fw.a(stm32f10x_rtc.o)
                0x08009994                RTC_ExitConfigMode
 .text.RTC_GetCounter
                0x080099a8       0x14 lib/STM32F10x_StdPeriph_Driver/libstm32fw.a(stm32f10x_rtc.o)
                0x080099a8                RTC_GetCounter
 .text.RTC_SetCounter
                0x080099bc       0x20 lib/STM32F10x_StdPeriph_Driver/libstm32fw.a(stm32f10x_rtc.o)
                0x080099bc                RTC_SetCounter
 .text.RTC_SetPrescaler
                0x080099dc       0x20 lib/STM32F10x_StdPeriph_Driver/libstm32fw.a(stm32f10x_rtc.o)
                0x080099dc                RTC_SetPrescaler
 .text.RTC_WaitForLastTask
                0x080099fc       0x14 lib/STM32F10x_StdPeriph_Driver/libstm32fw.a(stm32f10x_rtc.o)
                0x080099fc                RTC_WaitForLastTask
 .text.RTC_WaitForSynchro
                0x08009a10       0x24 lib/STM32F10x_StdPeriph_Driver/libstm32fw.a(stm32f10x_rtc.o)
                0x08009a10                RTC_WaitForSynchro
 .text.SPI_Init
                0x08009a34       0x3e lib/STM32F10x_StdPeriph_Driver/libstm32fw.a(stm32f10x_spi.o)
                0x08009a34                SPI_Init
 .text.SPI_Cmd  0x08009a72       0x18 lib/STM32F10x_StdPeriph_Driver/libstm32fw.a(stm32f10x_spi.o)
                0x08009a72                SPI_Cmd
 .text.SPI_I2S_DMACmd
                0x08009a8a       0x12 lib/STM32F10x_StdPeriph_Driver/libstm32fw.a(stm32f10x_spi.o)
                0x08009a8a                SPI_I2S_DMACmd
 .text.SPI_I2S_SendData
                0x08009a9c        0x4 lib/STM32F10x_StdPeriph_Driver/libstm32fw.a(stm32f10x_spi.o)
                0x08009a9c                SPI_I2S_SendData
 .text.SPI_I2S_ReceiveData
                0x08009aa0        0x6 lib/STM32F10x_StdPeriph_Driver/libstm32fw.a(stm32f10x_spi.o)
                0x08009aa0                SPI_I2S_ReceiveData
 .text.SPI_CalculateCRC
                0x08009aa6       0x18 lib/STM32F10x_StdPeriph_Driver/libstm32fw.a(stm32f10x_spi.o)
                0x08009aa6                SPI_CalculateCRC
 .text.SPI_I2S_GetFlagStatus
                0x08009abe        0xc lib/STM32F10x_StdPeriph_Driver/libstm32fw.a(stm32f10x_spi.o)
                0x08009abe                SPI_I2S_GetFlagStatus
 *fill*         0x08009aca        0x2 00
 .text.TIM_TimeBaseInit
                0x08009acc       0x3c lib/STM32F10x_StdPeriph_Driver/libstm32fw.a(stm32f10x_tim.o)
                0x08009acc                TIM_TimeBaseInit
 .text.TIM_OC1Init
                0x08009b08       0x74 lib/STM32F10x_StdPeriph_Driver/libstm32fw.a(stm32f10x_tim.o)
                0x08009b08                TIM_OC1Init
 .text.TIM_Cmd  0x08009b7c       0x18 lib/STM32F10x_StdPeriph_Driver/libstm32fw.a(stm32f10x_tim.o)
                0x08009b7c                TIM_Cmd
 .text.TIM_CtrlPWMOutputs
                0x08009b94       0x1c lib/STM32F10x_StdPeriph_Driver/libstm32fw.a(stm32f10x_tim.o)
                0x08009b94                TIM_CtrlPWMOutputs
 .text.TIM_ARRPreloadConfig
                0x08009bb0       0x18 lib/STM32F10x_StdPeriph_Driver/libstm32fw.a(stm32f10x_tim.o)
                0x08009bb0                TIM_ARRPreloadConfig
 .text.TIM_OC1PreloadConfig
                0x08009bc8       0x10 lib/STM32F10x_StdPeriph_Driver/libstm32fw.a(stm32f10x_tim.o)
                0x08009bc8                TIM_OC1PreloadConfig
 .text.TIM_SetCompare1
                0x08009bd8        0x4 lib/STM32F10x_StdPeriph_Driver/libstm32fw.a(stm32f10x_tim.o)
                0x08009bd8                TIM_SetCompare1
 .text.USART_DeInit
                0x08009bdc       0x98 lib/STM32F10x_StdPeriph_Driver/libstm32fw.a(stm32f10x_usart.o)
                0x08009bdc                USART_DeInit
 .text.USART_Init
                0x08009c74       0x88 lib/STM32F10x_StdPeriph_Driver/libstm32fw.a(stm32f10x_usart.o)
                0x08009c74                USART_Init
 .text.USART_Cmd
                0x08009cfc       0x18 lib/STM32F10x_StdPeriph_Driver/libstm32fw.a(stm32f10x_usart.o)
                0x08009cfc                USART_Cmd
 .text.USART_ITConfig
                0x08009d14       0x34 lib/STM32F10x_StdPeriph_Driver/libstm32fw.a(stm32f10x_usart.o)
                0x08009d14                USART_ITConfig
 .text.USART_DMACmd
                0x08009d48       0x12 lib/STM32F10x_StdPeriph_Driver/libstm32fw.a(stm32f10x_usart.o)
                0x08009d48                USART_DMACmd
 .text.USART_SendData
                0x08009d5a        0x8 lib/STM32F10x_StdPeriph_Driver/libstm32fw.a(stm32f10x_usart.o)
                0x08009d5a                USART_SendData
 .text.USART_ReceiveData
                0x08009d62        0x8 lib/STM32F10x_StdPeriph_Driver/libstm32fw.a(stm32f10x_usart.o)
                0x08009d62                USART_ReceiveData
 .text.USART_GetFlagStatus
                0x08009d6a        0xc lib/STM32F10x_StdPeriph_Driver/libstm32fw.a(stm32f10x_usart.o)
                0x08009d6a                USART_GetFlagStatus
 .text.USART_GetITStatus
                0x08009d76       0x40 lib/STM32F10x_StdPeriph_Driver/libstm32fw.a(stm32f10x_usart.o)
                0x08009d76                USART_GetITStatus
 .text.USART_ClearITPendingBit
                0x08009db6       0x10 lib/STM32F10x_StdPeriph_Driver/libstm32fw.a(stm32f10x_usart.o)
                0x08009db6                USART_ClearITPendingBit
 *fill*         0x08009dc6        0x2 00
 .text.Standard_GetConfiguration
                0x08009dc8       0x24 lib/STM32_USB-FS-Device_Driver/libstm32usb.a(usb_core.o)
                0x08009dc8                Standard_GetConfiguration
 .text.Standard_GetInterface
                0x08009dec       0x24 lib/STM32_USB-FS-Device_Driver/libstm32usb.a(usb_core.o)
                0x08009dec                Standard_GetInterface
 .text.Standard_GetStatus
                0x08009e10       0x9c lib/STM32_USB-FS-Device_Driver/libstm32usb.a(usb_core.o)
                0x08009e10                Standard_GetStatus
 .text.DataStageIn
                0x08009eac       0xa4 lib/STM32_USB-FS-Device_Driver/libstm32usb.a(usb_core.o)
 .text.Standard_SetConfiguration
                0x08009f50       0x38 lib/STM32_USB-FS-Device_Driver/libstm32usb.a(usb_core.o)
                0x08009f50                Standard_SetConfiguration
 .text.Standard_SetInterface
                0x08009f88       0x48 lib/STM32_USB-FS-Device_Driver/libstm32usb.a(usb_core.o)
                0x08009f88                Standard_SetInterface
 .text.Standard_ClearFeature
                0x08009fd0       0xdc lib/STM32_USB-FS-Device_Driver/libstm32usb.a(usb_core.o)
                0x08009fd0                Standard_ClearFeature
 .text.Standard_SetEndPointFeature
                0x0800a0ac       0x8c lib/STM32_USB-FS-Device_Driver/libstm32usb.a(usb_core.o)
                0x0800a0ac                Standard_SetEndPointFeature
 .text.Standard_SetDeviceFeature
                0x0800a138       0x24 lib/STM32_USB-FS-Device_Driver/libstm32usb.a(usb_core.o)
                0x0800a138                Standard_SetDeviceFeature
 .text.Standard_GetDescriptorData
                0x0800a15c       0x1c lib/STM32_USB-FS-Device_Driver/libstm32usb.a(usb_core.o)
                0x0800a15c                Standard_GetDescriptorData
 .text.Post0_Process
                0x0800a178       0x40 lib/STM32_USB-FS-Device_Driver/libstm32usb.a(usb_core.o)
                0x0800a178                Post0_Process
 .text.Out0_Process
                0x0800a1b8       0xd4 lib/STM32_USB-FS-Device_Driver/libstm32usb.a(usb_core.o)
                0x0800a1b8                Out0_Process
 .text.Setup0_Process
                0x0800a28c      0x2f8 lib/STM32_USB-FS-Device_Driver/libstm32usb.a(usb_core.o)
                0x0800a28c                Setup0_Process
 .text.SetDeviceAddress
                0x0800a584       0x40 lib/STM32_USB-FS-Device_Driver/libstm32usb.a(usb_core.o)
                0x0800a584                SetDeviceAddress
 .text.In0_Process
                0x0800a5c4       0x60 lib/STM32_USB-FS-Device_Driver/libstm32usb.a(usb_core.o)
                0x0800a5c4                In0_Process
 .text.NOP_Process
                0x0800a624        0x2 lib/STM32_USB-FS-Device_Driver/libstm32usb.a(usb_core.o)
                0x0800a624                NOP_Process
 *fill*         0x0800a626        0x2 00
 .text.USB_Init
                0x0800a628       0x38 lib/STM32_USB-FS-Device_Driver/libstm32usb.a(usb_init.o)
                0x0800a628                USB_Init
 .text.CTR_LP   0x0800a660      0x190 lib/STM32_USB-FS-Device_Driver/libstm32usb.a(usb_int.o)
                0x0800a660                CTR_LP
 .text.CTR_HP   0x0800a7f0       0x74 lib/STM32_USB-FS-Device_Driver/libstm32usb.a(usb_int.o)
                0x0800a7f0                CTR_HP
 .text.UserToPMABufferCopy
                0x0800a864       0x2e lib/STM32_USB-FS-Device_Driver/libstm32usb.a(usb_mem.o)
                0x0800a864                UserToPMABufferCopy
 .text.PMAToUserBufferCopy
                0x0800a892       0x24 lib/STM32_USB-FS-Device_Driver/libstm32usb.a(usb_mem.o)
                0x0800a892                PMAToUserBufferCopy
 *fill*         0x0800a8b6        0x2 00
 .text.SetBTABLE
                0x0800a8b8       0x10 lib/STM32_USB-FS-Device_Driver/libstm32usb.a(usb_regs.o)
                0x0800a8b8                SetBTABLE
 .text.SetEPType
                0x0800a8c8       0x18 lib/STM32_USB-FS-Device_Driver/libstm32usb.a(usb_regs.o)
                0x0800a8c8                SetEPType
 .text.SetEPTxStatus
                0x0800a8e0       0x3a lib/STM32_USB-FS-Device_Driver/libstm32usb.a(usb_regs.o)
                0x0800a8e0                SetEPTxStatus
 .text.SetEPRxStatus
                0x0800a91a       0x3a lib/STM32_USB-FS-Device_Driver/libstm32usb.a(usb_regs.o)
                0x0800a91a                SetEPRxStatus
 .text.SetEPRxValid
                0x0800a954       0x22 lib/STM32_USB-FS-Device_Driver/libstm32usb.a(usb_regs.o)
                0x0800a954                SetEPRxValid
 .text.Clear_Status_Out
                0x0800a976       0x1e lib/STM32_USB-FS-Device_Driver/libstm32usb.a(usb_regs.o)
                0x0800a976                Clear_Status_Out
 .text.ClearDTOG_RX
                0x0800a994       0x24 lib/STM32_USB-FS-Device_Driver/libstm32usb.a(usb_regs.o)
                0x0800a994                ClearDTOG_RX
 .text.ClearDTOG_TX
                0x0800a9b8       0x24 lib/STM32_USB-FS-Device_Driver/libstm32usb.a(usb_regs.o)
                0x0800a9b8                ClearDTOG_TX
 .text.SetEPTxAddr
                0x0800a9dc       0x20 lib/STM32_USB-FS-Device_Driver/libstm32usb.a(usb_regs.o)
                0x0800a9dc                SetEPTxAddr
 .text.SetEPRxAddr
                0x0800a9fc       0x20 lib/STM32_USB-FS-Device_Driver/libstm32usb.a(usb_regs.o)
                0x0800a9fc                SetEPRxAddr
 .text.GetEPTxAddr
                0x0800aa1c       0x1c lib/STM32_USB-FS-Device_Driver/libstm32usb.a(usb_regs.o)
                0x0800aa1c                GetEPTxAddr
 .text.GetEPRxAddr
                0x0800aa38       0x1c lib/STM32_USB-FS-Device_Driver/libstm32usb.a(usb_regs.o)
                0x0800aa38                GetEPRxAddr
 .text.SetEPTxCount
                0x0800aa54       0x1c lib/STM32_USB-FS-Device_Driver/libstm32usb.a(usb_regs.o)
                0x0800aa54                SetEPTxCount
 .text.SetEPRxCount
                0x0800aa70       0x3c lib/STM32_USB-FS-Device_Driver/libstm32usb.a(usb_regs.o)
                0x0800aa70                SetEPRxCount
 .text.GetEPRxCount
                0x0800aaac       0x20 lib/STM32_USB-FS-Device_Driver/libstm32usb.a(usb_regs.o)
                0x0800aaac                GetEPRxCount
 .text.ByteSwap
                0x0800aacc        0xa lib/STM32_USB-FS-Device_Driver/libstm32usb.a(usb_regs.o)
                0x0800aacc                ByteSwap
 *fill*         0x0800aad6        0x2 00
 .text.USB_SIL_Init
                0x0800aad8       0x20 lib/STM32_USB-FS-Device_Driver/libstm32usb.a(usb_sil.o)
                0x0800aad8                USB_SIL_Init
 .text.USB_SIL_Write
                0x0800aaf8       0x28 lib/STM32_USB-FS-Device_Driver/libstm32usb.a(usb_sil.o)
                0x0800aaf8                USB_SIL_Write
 .text.USB_SIL_Read
                0x0800ab20       0x24 lib/STM32_USB-FS-Device_Driver/libstm32usb.a(usb_sil.o)
                0x0800ab20                USB_SIL_Read
 .text.memset   0x0800ab44      0x12c /home/laurence/ARM-GCC/bin/../lib/gcc/arm-none-eabi/4.7.4/../../../../arm-none-eabi/lib/armv7-m/libc.a(lib_a-memset.o)
                0x0800ab44                memset
 .text._sbrk    0x0800ac70       0x34 /home/laurence/ARM-GCC/bin/../lib/gcc/arm-none-eabi/4.7.4/../../../../arm-none-eabi/lib/armv7-m/libnosys.a(sbrk.o)
                0x0800ac70                _sbrk
 *(.rodata)
 .rodata        0x0800aca4       0xd4 /tmp/ccL6hirI.ltrans0.ltrans.o
                0x0800aca4                DaysInMonth.5627
 .rodata        0x0800ad78       0x20 /tmp/ccL6hirI.ltrans1.ltrans.o
 .rodata        0x0800ad98       0x9c /tmp/ccL6hirI.ltrans3.ltrans.o
 .rodata        0x0800ae34       0x74 /tmp/ccL6hirI.ltrans5.ltrans.o
 .rodata        0x0800aea8      0x54e /tmp/ccL6hirI.ltrans7.ltrans.o
                0x0800b276                Tbl.5206
 *(.rodata*)
 .rodata.str1.1
                0x0800b3f6      0x3d5 /tmp/ccL6hirI.ltrans0.ltrans.o
 .rodata.str1.1
                0x0800b7cb        0x6 /tmp/ccL6hirI.ltrans1.ltrans.o
 .rodata.MASS_DeviceDescriptor
                0x0800b7d1       0x12 /tmp/ccL6hirI.ltrans1.ltrans.o
 .rodata.str1.1
                0x0800b7e3       0x47 /tmp/ccL6hirI.ltrans6.ltrans.o
 .rodata.L3GD20_setup
                0x0800b82a        0x6 /tmp/ccL6hirI.ltrans6.ltrans.o
 .rodata.str1.1
                0x0800b830       0x10 /tmp/ccL6hirI.ltrans7.ltrans.o
                                 0x19 (size before relaxing)
 .rodata.str1.4
                0x0800b840        0x4 /home/laurence/ARM-GCC/bin/../lib/gcc/arm-none-eabi/4.7.4/../../../../arm-none-eabi/lib/armv7-m/libc.a(lib_a-impure.o)
 *(.glue_7)
 .glue_7        0x00000000        0x0 linker stubs
 *(.glue_7t)
 .glue_7t       0x00000000        0x0 linker stubs
 *(.init)
 .init          0x0800b844        0x4 /home/laurence/ARM-GCC/bin/../lib/gcc/arm-none-eabi/4.7.4/armv7-m/crti.o
                0x0800b844                _init
 .init          0x0800b848        0x8 /home/laurence/ARM-GCC/bin/../lib/gcc/arm-none-eabi/4.7.4/armv7-m/crtn.o
 *(.fini)
 .fini          0x0800b850        0x4 /home/laurence/ARM-GCC/bin/../lib/gcc/arm-none-eabi/4.7.4/armv7-m/crti.o
                0x0800b850                _fini
 .fini          0x0800b854        0x8 /home/laurence/ARM-GCC/bin/../lib/gcc/arm-none-eabi/4.7.4/armv7-m/crtn.o
                0x0800b85c                . = ALIGN (0x4)
                0x0800b85c                _etext = .
                0x0800b85c                _sidata = _etext

.vfp11_veneer   0x0800b85c        0x0
 .vfp11_veneer  0x00000000        0x0 linker stubs

.v4_bx          0x0800b85c        0x0
 .v4_bx         0x00000000        0x0 linker stubs

.iplt           0x0800b85c        0x0
 .iplt          0x00000000        0x0 /home/laurence/ARM-GCC/bin/../lib/gcc/arm-none-eabi/4.7.4/armv7-m/crtbegin.o

.rel.dyn        0x0800b85c        0x0
 .rel.iplt      0x00000000        0x0 /home/laurence/ARM-GCC/bin/../lib/gcc/arm-none-eabi/4.7.4/armv7-m/crtbegin.o

.flashpatch     0x00000000        0x0
                0x00000000                . = ALIGN (0x4)
 *(.flashpatch)
                0x00000000                . = ALIGN (0x4)

.endflash       0x00000000        0x0
                0x00000000                . = ALIGN (0x4)
 *(.endflash)
                0x00000000                . = ALIGN (0x4)
                0x00000000                _e_endflash = .

.data           0x20000000      0x9d4 load address 0x0800b85c
                0x20000000                . = ALIGN (0x4)
                0x20000000                _sdata = .
                0x20000000                _data = .
 *(.data)
 .data          0x20000000       0x18 /tmp/ccL6hirI.ltrans1.ltrans.o
                0x20000014                Device_Table
 .data          0x20000018       0x90 /tmp/ccL6hirI.ltrans2.ltrans.o
                0x20000060                Scsi_Sense_Data
                0x2000008c                pEpInt_OUT
 .data          0x200000a8       0x20 /tmp/ccL6hirI.ltrans3.ltrans.o
                0x200000ac                pEpInt_IN
 .data          0x200000c8       0x68 /tmp/ccL6hirI.ltrans5.ltrans.o
                0x200000e4                String_Descriptor
                0x2000010c                User_Standard_Requests
 .data          0x20000130       0x20 /tmp/ccL6hirI.ltrans6.ltrans.o
                0x20000130                I2C_jobs
 .data          0x20000150       0x34 /tmp/ccL6hirI.ltrans8.ltrans.o
                0x20000150                Device_Property
                0x20000181                Stat.5822
 *(.data.*)
 .data.__malloc_av_
                0x20000184      0x408 /home/laurence/ARM-GCC/bin/../lib/gcc/arm-none-eabi/4.7.4/../../../../arm-none-eabi/lib/armv7-m/libc.a(lib_a-mallocr.o)
                0x20000184                __malloc_av_
 .data.__malloc_trim_threshold
                0x2000058c        0x4 /home/laurence/ARM-GCC/bin/../lib/gcc/arm-none-eabi/4.7.4/../../../../arm-none-eabi/lib/armv7-m/libc.a(lib_a-mallocr.o)
                0x2000058c                __malloc_trim_threshold
 .data.__malloc_sbrk_base
                0x20000590        0x4 /home/laurence/ARM-GCC/bin/../lib/gcc/arm-none-eabi/4.7.4/../../../../arm-none-eabi/lib/armv7-m/libc.a(lib_a-mallocr.o)
                0x20000590                __malloc_sbrk_base
 .data.ADCPrescTable
                0x20000594        0x4 lib/STM32F10x_StdPeriph_Driver/libstm32fw.a(stm32f10x_rcc.o)
 .data.APBAHBPrescTable
                0x20000598       0x10 lib/STM32F10x_StdPeriph_Driver/libstm32fw.a(stm32f10x_rcc.o)
 .data.impure_data
                0x200005a8      0x428 /home/laurence/ARM-GCC/bin/../lib/gcc/arm-none-eabi/4.7.4/../../../../arm-none-eabi/lib/armv7-m/libc.a(lib_a-impure.o)
 .data._impure_ptr
                0x200009d0        0x4 /home/laurence/ARM-GCC/bin/../lib/gcc/arm-none-eabi/4.7.4/../../../../arm-none-eabi/lib/armv7-m/libc.a(lib_a-impure.o)
                0x200009d0                _impure_ptr
 *(.RAMtext)
                0x200009d4                . = ALIGN (0x4)
                0x200009d4                _edata = .
                0x0800c230                _eidata = (_sidata + (_edata - _sdata))
                0x08020000                _lastdataromaddress = (ORIGIN (FLASH) + 0x20000)
                0x00000000                toobig = (_eidata > _lastdataromaddress)?!!!!!!!!! FLASH IS FULL !!!!!!!!!:0x0

.igot.plt       0x200009d4        0x0 load address 0x0800c230
 .igot.plt      0x00000000        0x0 /home/laurence/ARM-GCC/bin/../lib/gcc/arm-none-eabi/4.7.4/armv7-m/crtbegin.o

.bss            0x200009d8      0xf18 load address 0x0800c238
                0x200009d8                . = ALIGN (0x4)
                0x200009d8                _sbss = .
                0x200009d8                _bss = .
 *(.bss)
 .bss           0x200009d8      0xca0 /tmp/ccL6hirI.ltrans0.ltrans.o
                0x20000e00                bootsource
                0x20000e04                Gps_Buffer
                0x20000e10                rputchar.5905
                0x20000e14                Data_Buffer
                0x20000e18                Millis
                0x20000e1c                Battery_Voltage
                0x20000e20                FatFs.5548
                0x20001058                FATFS_logfile
                0x2000127c                FATFS_info
                0x2000129c                print_string
                0x2000139c                FATFS_wavfile_gyro
                0x200015c0                Silabs_driver_state
                0x200015dc                Gps
                0x2000160f                System_state_Global
                0x20001610                Silabs_Rx_Buffer
                0x2000161c                Shutdown_System
                0x20001620                CTS_Low.4237
                0x20001624                Gyro_XY_Rate
                0x20001628                Gyro_Z_Rate
                0x2000162c                Ind_Voltage
                0x20001630                Auto_volt
                0x20001634                Ignition_Selftest
                0x20001636                AutoSequence
                0x20001638                Gyro_x_buffer
                0x20001644                Gyro_y_buffer
                0x20001650                Gyro_z_buffer
                0x2000165e                I2C1error
                0x20001660                L3GD20_Data_Buffer
                0x20001668                Aux_Voltage
                0x2000166c                Gyro_Temperature
                0x20001670                Auto_spin
 .bss           0x20001678       0x90 /tmp/ccL6hirI.ltrans1.ltrans.o
 .bss           0x20001708       0x98 /tmp/ccL6hirI.ltrans2.ltrans.o
                0x20001708                CBW
                0x20001728                Bulk_Data_Buff
                0x20001768                Data_Len
                0x2000176a                Bot_State
                0x2000176c                CSW
                0x2000177c                SCSI_LBA
                0x20001780                SCSI_BlkLen
                0x20001784                Mass_Block_Count
                0x2000178c                Mass_Block_Size
 .bss           0x200017a0        0x1 /tmp/ccL6hirI.ltrans3.ltrans.o
                0x200017a0                Channel_rx
 *fill*         0x200017a1        0x3 00
 .bss           0x200017a4       0x1c /tmp/ccL6hirI.ltrans4.ltrans.o
                0x200017a8                TransferState
                0x200017b8                Sd_Spi_Called_From_USB_MSC
 .bss           0x200017c0       0x3c /tmp/ccL6hirI.ltrans5.ltrans.o
 .bss           0x200017fc       0x14 /tmp/ccL6hirI.ltrans6.ltrans.o
                0x200017ff                Silabs_spi_state
                0x20001800                Silabs_Tx_Buffer
                0x2000180c                CardType.5823
 .bss           0x20001810       0x3c /tmp/ccL6hirI.ltrans8.ltrans.o
                0x20001810                wIstr
                0x20001814                Timer1.5817
                0x20001818                Timer2.5818
                0x20001824                Completed_Jobs
                0x20001828                AFROESC_Data_Buffer
                0x2000183c                AFROESC_Throttle
                0x20001845                job
                0x20001848                Jobs
 .bss           0x2000184c        0xc /tmp/ccL6hirI.ltrans9.ltrans.o
                0x2000184c                Usart1_rx_buff
 *(.bss.*)
 .bss.file_opened
                0x20001858        0x1 /tmp/ccL6hirI.ltrans0.ltrans.o
 *fill*         0x20001859        0x3 00
 .bss.bDeviceState
                0x2000185c        0x4 /tmp/ccL6hirI.ltrans0.ltrans.o
                0x2000185c                bDeviceState
 .bss.Status    0x20001860        0x4 /tmp/ccL6hirI.ltrans0.ltrans.o
                0x20001860                Status
 .bss.Last_RSSI
                0x20001864        0x1 /tmp/ccL6hirI.ltrans0.ltrans.o
                0x20001864                Last_RSSI
 *fill*         0x20001865        0x3 00
 .bss.Max_Lun   0x20001868        0x4 /tmp/ccL6hirI.ltrans2.ltrans.o
                0x20001868                Max_Lun
 .bss.Page00_Inquiry_Data
                0x2000186c        0x5 /tmp/ccL6hirI.ltrans2.ltrans.o
 .bss.bIntPackSOF
                0x20001871        0x1 /tmp/ccL6hirI.ltrans8.ltrans.o
 *fill*         0x20001872        0x2 00
 .bss.__malloc_max_total_mem
                0x20001874        0x4 /home/laurence/ARM-GCC/bin/../lib/gcc/arm-none-eabi/4.7.4/../../../../arm-none-eabi/lib/armv7-m/libc.a(lib_a-mallocr.o)
                0x20001874                __malloc_max_total_mem
 .bss.__malloc_max_sbrked_mem
                0x20001878        0x4 /home/laurence/ARM-GCC/bin/../lib/gcc/arm-none-eabi/4.7.4/../../../../arm-none-eabi/lib/armv7-m/libc.a(lib_a-mallocr.o)
                0x20001878                __malloc_max_sbrked_mem
 .bss.__malloc_top_pad
                0x2000187c        0x4 /home/laurence/ARM-GCC/bin/../lib/gcc/arm-none-eabi/4.7.4/../../../../arm-none-eabi/lib/armv7-m/libc.a(lib_a-mallocr.o)
                0x2000187c                __malloc_top_pad
 .bss.__malloc_current_mallinfo
                0x20001880       0x28 /home/laurence/ARM-GCC/bin/../lib/gcc/arm-none-eabi/4.7.4/../../../../arm-none-eabi/lib/armv7-m/libc.a(lib_a-mallocr.o)
                0x20001880                __malloc_current_mallinfo
 .bss.Data_Mul_MaxPacketSize
                0x200018a8        0x1 lib/STM32_USB-FS-Device_Driver/libstm32usb.a(usb_core.o)
                0x200018a8                Data_Mul_MaxPacketSize
 *fill*         0x200018a9        0x3 00
 .bss.heap_end.4231
                0x200018ac        0x4 /home/laurence/ARM-GCC/bin/../lib/gcc/arm-none-eabi/4.7.4/../../../../arm-none-eabi/lib/armv7-m/libnosys.a(sbrk.o)
 *(COMMON)
 COMMON         0x200018b0        0x4 /home/laurence/ARM-GCC/bin/../lib/gcc/arm-none-eabi/4.7.4/../../../../arm-none-eabi/lib/armv7-m/libc.a(lib_a-reent.o)
                0x200018b0                errno
 COMMON         0x200018b4        0x2 lib/STM32_USB-FS-Device_Driver/libstm32usb.a(usb_core.o)
                0x200018b4                StatusInfo
 *fill*         0x200018b6        0x2 00
 COMMON         0x200018b8       0x32 lib/STM32_USB-FS-Device_Driver/libstm32usb.a(usb_init.o)
                0x200018b8                SaveState
                0x200018bc                pProperty
                0x200018c0                EPindex
                0x200018c4                Device_Info
                0x200018e0                pUser_Standard_Requests
                0x200018e4                pInformation
                0x200018e8                wInterrupt_Mask
 COMMON         0x200018ea        0x4 lib/STM32_USB-FS-Device_Driver/libstm32usb.a(usb_int.o)
                0x200018ea                SaveRState
                0x200018ec                SaveTState
                0x200018f0                . = ALIGN (0x4)
 *fill*         0x200018ee        0x2 00
                0x200018f0                _ebss = .
                0x200018f0                PROVIDE (end, _ebss)
                0x200018f0                PROVIDE (_end, _ebss)

._usrstack      0x200018f0     0x2000 load address 0x0800d150
                0x200018f0                . = ALIGN (0x4)
                0x200018f0                _susrstack = .
                0x200038f0                . = (. + _Minimum_Stack_Size)
 *fill*         0x200018f0     0x2000 00
                0x200038f0                . = ALIGN (0x4)
                0x200038f0                _eusrstack = .
                0x20005000                _lastramaddress = (ORIGIN (RAM) + 0x5000)
                0x00000000                toobig = (_eusrstack > _lastramaddress)?!!!!!!!!! RAM IS FULL !!!!!!!!!:0x0

.b1text
 *(.b1text)
 *(.b1rodata)
 *(.b1rodata*)

.eb0text
 *(.eb0text)
 *(.eb0rodata)
 *(.eb0rodata*)

.eb1text
 *(.eb1text)
 *(.eb1rodata)
 *(.eb1rodata*)

.eb2text
 *(.eb2text)
 *(.eb2rodata)
 *(.eb2rodata*)

.eb3text
 *(.eb3text)
 *(.eb3rodata)
 *(.eb3rodata*)
                0x200038f0                __exidx_start = .
                0x200038f0                __exidx_end = .

/DISCARD/
 libc.a(*)
 libm.a(*)
 libgcc.a(*)

.stab
 *(.stab)

.stabstr
 *(.stabstr)

.stab.excl
 *(.stab.excl)

.stab.exclstr
 *(.stab.exclstr)

.stab.index
 *(.stab.index)

.stab.indexstr
 *(.stab.indexstr)

.comment        0x00000000       0x70
 *(.comment)
 .comment       0x00000000       0x71 /tmp/ccL6hirI.ltrans0.ltrans.o
 .comment       0x00000000       0x71 /tmp/ccL6hirI.ltrans1.ltrans.o
 .comment       0x00000000       0x71 /tmp/ccL6hirI.ltrans2.ltrans.o
 .comment       0x00000000       0x71 /tmp/ccL6hirI.ltrans3.ltrans.o
 .comment       0x00000000       0x71 /tmp/ccL6hirI.ltrans4.ltrans.o
 .comment       0x00000000       0x71 /tmp/ccL6hirI.ltrans5.ltrans.o
 .comment       0x00000000       0x71 /tmp/ccL6hirI.ltrans6.ltrans.o
 .comment       0x00000000       0x71 /tmp/ccL6hirI.ltrans7.ltrans.o
 .comment       0x00000000       0x71 /tmp/ccL6hirI.ltrans8.ltrans.o
 .comment       0x00000000       0x71 /tmp/ccL6hirI.ltrans9.ltrans.o
 .comment       0x00000000       0x70 lib/STM32F10x_StdPeriph_Driver/libstm32fw.a(misc.o)
                                 0x71 (size before relaxing)
 .comment       0x00000000       0x71 lib/STM32F10x_StdPeriph_Driver/libstm32fw.a(stm32f10x_adc.o)
 .comment       0x00000000       0x71 lib/STM32F10x_StdPeriph_Driver/libstm32fw.a(stm32f10x_bkp.o)
 .comment       0x00000000       0x71 lib/STM32F10x_StdPeriph_Driver/libstm32fw.a(stm32f10x_dbgmcu.o)
 .comment       0x00000000       0x71 lib/STM32F10x_StdPeriph_Driver/libstm32fw.a(stm32f10x_dma.o)
 .comment       0x00000000       0x71 lib/STM32F10x_StdPeriph_Driver/libstm32fw.a(stm32f10x_exti.o)
 .comment       0x00000000       0x71 lib/STM32F10x_StdPeriph_Driver/libstm32fw.a(stm32f10x_gpio.o)
 .comment       0x00000000       0x71 lib/STM32F10x_StdPeriph_Driver/libstm32fw.a(stm32f10x_i2c.o)
 .comment       0x00000000       0x71 lib/STM32F10x_StdPeriph_Driver/libstm32fw.a(stm32f10x_iwdg.o)
 .comment       0x00000000       0x71 lib/STM32F10x_StdPeriph_Driver/libstm32fw.a(stm32f10x_pwr.o)
 .comment       0x00000000       0x71 lib/STM32F10x_StdPeriph_Driver/libstm32fw.a(stm32f10x_rcc.o)
 .comment       0x00000000       0x71 lib/STM32F10x_StdPeriph_Driver/libstm32fw.a(stm32f10x_rtc.o)
 .comment       0x00000000       0x71 lib/STM32F10x_StdPeriph_Driver/libstm32fw.a(stm32f10x_spi.o)
 .comment       0x00000000       0x71 lib/STM32F10x_StdPeriph_Driver/libstm32fw.a(stm32f10x_tim.o)
 .comment       0x00000000       0x71 lib/STM32F10x_StdPeriph_Driver/libstm32fw.a(stm32f10x_usart.o)
 .comment       0x00000000       0x71 lib/STM32_USB-FS-Device_Driver/libstm32usb.a(usb_core.o)
 .comment       0x00000000       0x71 lib/STM32_USB-FS-Device_Driver/libstm32usb.a(usb_init.o)
 .comment       0x00000000       0x71 lib/STM32_USB-FS-Device_Driver/libstm32usb.a(usb_int.o)
 .comment       0x00000000       0x71 lib/STM32_USB-FS-Device_Driver/libstm32usb.a(usb_mem.o)
 .comment       0x00000000       0x71 lib/STM32_USB-FS-Device_Driver/libstm32usb.a(usb_regs.o)
 .comment       0x00000000       0x71 lib/STM32_USB-FS-Device_Driver/libstm32usb.a(usb_sil.o)

.ARM.attributes
                0x00000000       0x29
 .ARM.attributes
                0x00000000       0x1d /home/laurence/ARM-GCC/bin/../lib/gcc/arm-none-eabi/4.7.4/armv7-m/crti.o
 .ARM.attributes
                0x0000001d       0x31 /tmp/ccL6hirI.ltrans0.ltrans.o
 .ARM.attributes
                0x0000004e       0x31 /tmp/ccL6hirI.ltrans1.ltrans.o
 .ARM.attributes
                0x0000007f       0x31 /tmp/ccL6hirI.ltrans2.ltrans.o
 .ARM.attributes
                0x000000b0       0x31 /tmp/ccL6hirI.ltrans3.ltrans.o
 .ARM.attributes
                0x000000e1       0x31 /tmp/ccL6hirI.ltrans4.ltrans.o
 .ARM.attributes
                0x00000112       0x31 /tmp/ccL6hirI.ltrans5.ltrans.o
 .ARM.attributes
                0x00000143       0x31 /tmp/ccL6hirI.ltrans6.ltrans.o
 .ARM.attributes
                0x00000174       0x31 /tmp/ccL6hirI.ltrans7.ltrans.o
 .ARM.attributes
                0x000001a5       0x31 /tmp/ccL6hirI.ltrans8.ltrans.o
 .ARM.attributes
                0x000001d6       0x31 /tmp/ccL6hirI.ltrans9.ltrans.o
 .ARM.attributes
                0x00000207       0x1d /home/laurence/ARM-GCC/bin/../lib/gcc/arm-none-eabi/4.7.4/armv7-m/libgcc.a(_arm_addsubdf3.o)
 .ARM.attributes
                0x00000224       0x1d /home/laurence/ARM-GCC/bin/../lib/gcc/arm-none-eabi/4.7.4/armv7-m/libgcc.a(_arm_muldivdf3.o)
 .ARM.attributes
                0x00000241       0x1d /home/laurence/ARM-GCC/bin/../lib/gcc/arm-none-eabi/4.7.4/armv7-m/libgcc.a(_arm_cmpdf2.o)
 .ARM.attributes
                0x0000025e       0x1d /home/laurence/ARM-GCC/bin/../lib/gcc/arm-none-eabi/4.7.4/armv7-m/libgcc.a(_arm_fixunsdfsi.o)
 .ARM.attributes
                0x0000027b       0x1d /home/laurence/ARM-GCC/bin/../lib/gcc/arm-none-eabi/4.7.4/armv7-m/libgcc.a(_arm_truncdfsf2.o)
 .ARM.attributes
                0x00000298       0x1d /home/laurence/ARM-GCC/bin/../lib/gcc/arm-none-eabi/4.7.4/armv7-m/libgcc.a(_arm_addsubsf3.o)
 .ARM.attributes
                0x000002b5       0x1d /home/laurence/ARM-GCC/bin/../lib/gcc/arm-none-eabi/4.7.4/armv7-m/libgcc.a(_arm_muldivsf3.o)
 .ARM.attributes
                0x000002d2       0x1d /home/laurence/ARM-GCC/bin/../lib/gcc/arm-none-eabi/4.7.4/armv7-m/libgcc.a(_arm_cmpsf2.o)
 .ARM.attributes
                0x000002ef       0x1d /home/laurence/ARM-GCC/bin/../lib/gcc/arm-none-eabi/4.7.4/armv7-m/libgcc.a(_arm_fixunssfsi.o)
 .ARM.attributes
                0x0000030c       0x2d /home/laurence/ARM-GCC/bin/../lib/gcc/arm-none-eabi/4.7.4/../../../../arm-none-eabi/lib/armv7-m/libc.a(lib_a-malloc.o)
 .ARM.attributes
                0x00000339       0x2d /home/laurence/ARM-GCC/bin/../lib/gcc/arm-none-eabi/4.7.4/../../../../arm-none-eabi/lib/armv7-m/libc.a(lib_a-mallocr.o)
 .ARM.attributes
                0x00000366       0x2d /home/laurence/ARM-GCC/bin/../lib/gcc/arm-none-eabi/4.7.4/../../../../arm-none-eabi/lib/armv7-m/libc.a(lib_a-memcmp.o)
 .ARM.attributes
                0x00000393       0x2d /home/laurence/ARM-GCC/bin/../lib/gcc/arm-none-eabi/4.7.4/../../../../arm-none-eabi/lib/armv7-m/libc.a(lib_a-memcpy.o)
 .ARM.attributes
                0x000003c0       0x2d /home/laurence/ARM-GCC/bin/../lib/gcc/arm-none-eabi/4.7.4/../../../../arm-none-eabi/lib/armv7-m/libc.a(lib_a-mlock.o)
 .ARM.attributes
                0x000003ed       0x2d /home/laurence/ARM-GCC/bin/../lib/gcc/arm-none-eabi/4.7.4/../../../../arm-none-eabi/lib/armv7-m/libc.a(lib_a-sbrkr.o)
 .ARM.attributes
                0x0000041a       0x2d /home/laurence/ARM-GCC/bin/../lib/gcc/arm-none-eabi/4.7.4/../../../../arm-none-eabi/lib/armv7-m/libc.a(lib_a-strcat.o)
 .ARM.attributes
                0x00000447       0x2d /home/laurence/ARM-GCC/bin/../lib/gcc/arm-none-eabi/4.7.4/../../../../arm-none-eabi/lib/armv7-m/libc.a(lib_a-strchr.o)
 .ARM.attributes
                0x00000474       0x2d /home/laurence/ARM-GCC/bin/../lib/gcc/arm-none-eabi/4.7.4/../../../../arm-none-eabi/lib/armv7-m/libc.a(lib_a-strcpy.o)
 .ARM.attributes
                0x000004a1       0x2d /home/laurence/ARM-GCC/bin/../lib/gcc/arm-none-eabi/4.7.4/../../../../arm-none-eabi/lib/armv7-m/libc.a(lib_a-strlen.o)
 .ARM.attributes
                0x000004ce       0x2d /home/laurence/ARM-GCC/bin/../lib/gcc/arm-none-eabi/4.7.4/../../../../arm-none-eabi/lib/armv7-m/libc.a(lib_a-strncmp.o)
 .ARM.attributes
                0x000004fb       0x2d /home/laurence/ARM-GCC/bin/../lib/gcc/arm-none-eabi/4.7.4/../../../../arm-none-eabi/lib/armv7-m/libc.a(lib_a-strncpy.o)
 .ARM.attributes
                0x00000528       0x2d /home/laurence/ARM-GCC/bin/../lib/gcc/arm-none-eabi/4.7.4/../../../../arm-none-eabi/lib/armv7-m/libc.a(lib_a-freer.o)
 .ARM.attributes
                0x00000555       0x2d /home/laurence/ARM-GCC/bin/../lib/gcc/arm-none-eabi/4.7.4/../../../../arm-none-eabi/lib/armv7-m/libc.a(lib_a-reent.o)
 .ARM.attributes
                0x00000582       0x21 lib/CMSIS_CM3/startup/gcc/startup_stm32f10x_md.o
 .ARM.attributes