Archive member included because of file (symbol)

lib/STM32F10x_StdPeriph_Driver/libstm32fw.a(misc.o)
                              interrupts.o (symbol from plugin) (NVIC_PriorityGroupConfig)
lib/STM32F10x_StdPeriph_Driver/libstm32fw.a(stm32f10x_adc.o)
                              adc.o (symbol from plugin) (ADC_DeInit)
lib/STM32F10x_StdPeriph_Driver/libstm32fw.a(stm32f10x_bkp.o)
                              Util/fat_fs/src/rtc.o (symbol from plugin) (BKP_DeInit)
lib/STM32F10x_StdPeriph_Driver/libstm32fw.a(stm32f10x_dbgmcu.o)
                              main.o (symbol from plugin) (DBGMCU_Config)
lib/STM32F10x_StdPeriph_Driver/libstm32fw.a(stm32f10x_dma.o)
                              Silabs/si446x.o (symbol from plugin) (DMA_DeInit)
lib/STM32F10x_StdPeriph_Driver/libstm32fw.a(stm32f10x_exti.o)
                              Silabs/si446x.o (symbol from plugin) (EXTI_DeInit)
lib/STM32F10x_StdPeriph_Driver/libstm32fw.a(stm32f10x_gpio.o)
                              Silabs/si446x.o (symbol from plugin) (GPIO_Init)
lib/STM32F10x_StdPeriph_Driver/libstm32fw.a(stm32f10x_i2c.o)
                              i2c_int.o (symbol from plugin) (I2C_DeInit)
lib/STM32F10x_StdPeriph_Driver/libstm32fw.a(stm32f10x_iwdg.o)
                              watchdog.o (symbol from plugin) (IWDG_WriteAccessCmd)
lib/STM32F10x_StdPeriph_Driver/libstm32fw.a(stm32f10x_pwr.o)
                              pwr.o (symbol from plugin) (PWR_DeInit)
lib/STM32F10x_StdPeriph_Driver/libstm32fw.a(stm32f10x_rcc.o)
                              interrupts.o (symbol from plugin) (RCC_HCLKConfig)
lib/STM32F10x_StdPeriph_Driver/libstm32fw.a(stm32f10x_rtc.o)
                              Util/fat_fs/src/rtc.o (symbol from plugin) (RTC_GetCounter)
lib/STM32F10x_StdPeriph_Driver/libstm32fw.a(stm32f10x_spi.o)
                              Util/fat_fs/src/sd_spi_stm32.o (symbol from plugin) (SPI_I2S_DeInit)
lib/STM32F10x_StdPeriph_Driver/libstm32fw.a(stm32f10x_tim.o)
                              pwm.o (symbol from plugin) (TIM_TimeBaseInit)
lib/STM32F10x_StdPeriph_Driver/libstm32fw.a(stm32f10x_usart.o)
                              usart.o (symbol from plugin) (USART_DeInit)
lib/STM32_USB-FS-Device_Driver/libstm32usb.a(usb_core.o)
                              Util/USB/usb_prop.o (symbol from plugin) (Standard_GetDescriptorData)
lib/STM32_USB-FS-Device_Driver/libstm32usb.a(usb_init.o)
                              main.o (symbol from plugin) (USB_Init)
lib/STM32_USB-FS-Device_Driver/libstm32usb.a(usb_int.o)
                              Util/USB/usb_istr.o (symbol from plugin) (CTR_LP)
lib/STM32_USB-FS-Device_Driver/libstm32usb.a(usb_mem.o)
                              lib/STM32_USB-FS-Device_Driver/libstm32usb.a(usb_core.o) (UserToPMABufferCopy)
lib/STM32_USB-FS-Device_Driver/libstm32usb.a(usb_regs.o)
                              Util/USB/usb_prop.o (symbol from plugin) (SetBTABLE)
lib/STM32_USB-FS-Device_Driver/libstm32usb.a(usb_sil.o)
                              Util/USB/usb_prop.o (symbol from plugin) (USB_SIL_Init)
/home/laurence/ARM-GCC/gcc-arm-none-eabi-4_9-2014q4/bin/../lib/gcc/arm-none-eabi/4.9.3/../../../../arm-none-eabi/lib/armv7-m/libg.a(lib_a-exit.o)
                              /home/laurence/ARM-GCC/gcc-arm-none-eabi-4_9-2014q4/bin/../lib/gcc/arm-none-eabi/4.9.3/../../../../arm-none-eabi/lib/armv7-m/crt0.o (exit)
/home/laurence/ARM-GCC/gcc-arm-none-eabi-4_9-2014q4/bin/../lib/gcc/arm-none-eabi/4.9.3/../../../../arm-none-eabi/lib/armv7-m/libg.a(lib_a-impure.o)
                              /home/laurence/ARM-GCC/gcc-arm-none-eabi-4_9-2014q4/bin/../lib/gcc/arm-none-eabi/4.9.3/../../../../arm-none-eabi/lib/armv7-m/libg.a(lib_a-exit.o) (_global_impure_ptr)
/home/laurence/ARM-GCC/gcc-arm-none-eabi-4_9-2014q4/bin/../lib/gcc/arm-none-eabi/4.9.3/../../../../arm-none-eabi/lib/armv7-m/libg.a(lib_a-init.o)
                              /home/laurence/ARM-GCC/gcc-arm-none-eabi-4_9-2014q4/bin/../lib/gcc/arm-none-eabi/4.9.3/../../../../arm-none-eabi/lib/armv7-m/crt0.o (__libc_init_array)
/home/laurence/ARM-GCC/gcc-arm-none-eabi-4_9-2014q4/bin/../lib/gcc/arm-none-eabi/4.9.3/../../../../arm-none-eabi/lib/armv7-m/libg.a(lib_a-memset.o)
                              /home/laurence/ARM-GCC/gcc-arm-none-eabi-4_9-2014q4/bin/../lib/gcc/arm-none-eabi/4.9.3/../../../../arm-none-eabi/lib/armv7-m/crt0.o (memset)
/home/laurence/ARM-GCC/gcc-arm-none-eabi-4_9-2014q4/bin/../lib/gcc/arm-none-eabi/4.9.3/../../../../arm-none-eabi/lib/armv7-m/libg.a(lib_a-__call_atexit.o)
                              /home/laurence/ARM-GCC/gcc-arm-none-eabi-4_9-2014q4/bin/../lib/gcc/arm-none-eabi/4.9.3/../../../../arm-none-eabi/lib/armv7-m/libg.a(lib_a-exit.o) (__call_exitprocs)
/home/laurence/ARM-GCC/gcc-arm-none-eabi-4_9-2014q4/bin/../lib/gcc/arm-none-eabi/4.9.3/../../../../arm-none-eabi/lib/armv7-m/libg.a(lib_a-atexit.o)
[...]
Memory Configuration

Name             Origin             Length             Attributes
RAM              0x20000000         0x00005000         xrw
FLASH            0x08000000         0x00020000         xr
FLASHB1          0x00000000         0x00000000         xr
EXTMEMB0         0x00000000         0x00000000         xr
EXTMEMB1         0x00000000         0x00000000         xr
EXTMEMB2         0x00000000         0x00000000         xr
EXTMEMB3         0x00000000         0x00000000         xr
STARTFLASH       0x00000000         0xffffffff
CRPPATCH         0x00000000         0xffffffff
FLASHPATCH       0x00000000         0xffffffff
ENDFLASH         0x00000000         0xffffffff
*default*        0x00000000         0xffffffff

Linker script and memory map

LOAD /home/laurence/ARM-GCC/gcc-arm-none-eabi-4_9-2014q4/bin/../lib/gcc/arm-none-eabi/4.9.3/armv7-m/crti.o
LOAD /home/laurence/ARM-GCC/gcc-arm-none-eabi-4_9-2014q4/bin/../lib/gcc/arm-none-eabi/4.9.3/armv7-m/crtbegin.o
LOAD /home/laurence/ARM-GCC/gcc-arm-none-eabi-4_9-2014q4/bin/../lib/gcc/arm-none-eabi/4.9.3/../../../../arm-none-eabi/lib/armv7-m/crt0.o
LOAD Silabs/si446x.o
LOAD /tmp/cc67u0Md.ltrans0.ltrans.o
LOAD /tmp/cc67u0Md.ltrans1.ltrans.o
LOAD /tmp/cc67u0Md.ltrans2.ltrans.o
LOAD /tmp/cc67u0Md.ltrans3.ltrans.o
LOAD /tmp/cc67u0Md.ltrans4.ltrans.o
LOAD /tmp/cc67u0Md.ltrans5.ltrans.o
LOAD /tmp/cc67u0Md.ltrans6.ltrans.o
LOAD /tmp/cc67u0Md.ltrans7.ltrans.o
LOAD /tmp/cc67u0Md.ltrans8.ltrans.o
LOAD /home/laurence/ARM-GCC/gcc-arm-none-eabi-4_9-2014q4/bin/../lib/gcc/arm-none-eabi/4.9.3/armv7-m/libgcc.a
LOAD /home/laurence/ARM-GCC/gcc-arm-none-eabi-4_9-2014q4/bin/../lib/gcc/arm-none-eabi/4.9.3/../../../../arm-none-eabi/lib/armv7-m/libg.a
LOAD /home/laurence/ARM-GCC/gcc-arm-none-eabi-4_9-2014q4/bin/../lib/gcc/arm-none-eabi/4.9.3/../../../../arm-none-eabi/lib/armv7-m/libc.a
LOAD Ublox/ubx.o
LOAD Util/USB/hw_config.o
LOAD Util/USB/mass_mal.o
LOAD Util/USB/memory.o
LOAD Util/USB/scsi_data.o
LOAD Util/USB/usb_bot.o
LOAD Util/USB/usb_desc.o
LOAD Util/USB/usb_endp.o
LOAD Util/USB/usb_istr.o
LOAD Util/USB/usb_prop.o
LOAD Util/USB/usb_pwr.o
LOAD Util/USB/usb_scsi.o
LOAD Util/buffer.o
LOAD Util/crc.o
LOAD Util/delay.o
LOAD Util/fat_fs/option/ccsbcs.o
LOAD Util/fat_fs/src/fattime.o
LOAD Util/fat_fs/src/ff.o
LOAD Util/fat_fs/src/rtc.o
LOAD Util/fat_fs/src/sd_spi_stm32.o
LOAD Util/polygon.o
LOAD Util/rprintf.o
LOAD Util/wave.o
LOAD adc.o
LOAD dma.o
LOAD gpio.o
LOAD i2c_int.o
LOAD interrupts.o
LOAD lib/CMSIS_CM3/core_cm3.o
LOAD lib/CMSIS_CM3/startup/gcc/startup_stm32f10x_md.o
LOAD lib/CMSIS_CM3/system_stm32f10x.o
LOAD main.o
LOAD pwm.o
LOAD pwr.o
LOAD usart.o
LOAD watchdog.o
LOAD lib/STM32F10x_StdPeriph_Driver/libstm32fw.a
LOAD lib/STM32_USB-FS-Device_Driver/libstm32usb.a
LOAD /home/laurence/ARM-GCC/gcc-arm-none-eabi-4_9-2014q4/bin/../lib/gcc/arm-none-eabi/4.9.3/../../../../arm-none-eabi/lib/armv7-m/libm.a
LOAD /home/laurence/ARM-GCC/gcc-arm-none-eabi-4_9-2014q4/bin/../lib/gcc/arm-none-eabi/4.9.3/../../../../arm-none-eabi/lib/armv7-m/libnosys.a
START GROUP
LOAD /home/laurence/ARM-GCC/gcc-arm-none-eabi-4_9-2014q4/bin/../lib/gcc/arm-none-eabi/4.9.3/armv7-m/libgcc.a
LOAD /home/laurence/ARM-GCC/gcc-arm-none-eabi-4_9-2014q4/bin/../lib/gcc/arm-none-eabi/4.9.3/../../../../arm-none-eabi/lib/armv7-m/libg.a
LOAD /home/laurence/ARM-GCC/gcc-arm-none-eabi-4_9-2014q4/bin/../lib/gcc/arm-none-eabi/4.9.3/../../../../arm-none-eabi/lib/armv7-m/libc.a
END GROUP
LOAD /home/laurence/ARM-GCC/gcc-arm-none-eabi-4_9-2014q4/bin/../lib/gcc/arm-none-eabi/4.9.3/armv7-m/crtend.o
LOAD /home/laurence/ARM-GCC/gcc-arm-none-eabi-4_9-2014q4/bin/../lib/gcc/arm-none-eabi/4.9.3/armv7-m/crtn.o
                0x00002000                __Stack_Size = 0x2000
                0x00002000                PROVIDE (_Stack_Size, __Stack_Size)
                0x20003000                __Stack_Init = (_estack - __Stack_Size)
                0x20003000                PROVIDE (_Stack_Init, __Stack_Init)
                0x00002000                _Minimum_Stack_Size = 0x2000
                0x00000000                PROVIDE (Undefined_Handler, 0x0)
                0x00000000                PROVIDE (SWI_Handler, 0x0)
                0x00000000                PROVIDE (IRQ_Handler, 0x0)
                0x00000000                PROVIDE (Prefetch_Handler, 0x0)
                0x00000000                PROVIDE (Abort_Handler, 0x0)
                0x00000000                PROVIDE (FIQ_Handler, 0x0)
                0x00000000                PROVIDE (NMIException, 0x0)
                0x00000000                PROVIDE (NMI_Handler, 0x0)
                0x00000000                PROVIDE (HardFaultException, 0x0)
                0x00000000                PROVIDE (HardFault_Handler, 0x0)
                0x00000000                PROVIDE (MemManageException, 0x0)
                0x00000000                PROVIDE (MemManage_Handler, 0x0)
                0x00000000                PROVIDE (BusFaultException, 0x0)
                0x00000000                PROVIDE (BusFault_Handler, 0x0)
                0x00000000                PROVIDE (UsageFaultException, 0x0)
                0x00000000                PROVIDE (UsageFault_Handler, 0x0)
                0x00000000                PROVIDE (SVCHandler, 0x0)
                0x00000000                PROVIDE (SVC_Handler, 0x0)
                0x00000000                PROVIDE (DebugMonitor, 0x0)
                0x00000000                PROVIDE (DebugMon_Handler, 0x0)
                0x00000000                PROVIDE (PendSVC, 0x0)
                0x00000000                PROVIDE (PendSV_Handler, 0x0)
                0x00000000                PROVIDE (SysTickHandler, 0x0)
                0x00000000                PROVIDE (SysTick_Handler, 0x0)
                0x00000000                PROVIDE (WWDG_IRQHandler, 0x0)
                0x00000000                PROVIDE (PVD_IRQHandler, 0x0)
                0x00000000                PROVIDE (TAMPER_IRQHandler, 0x0)
                0x00000000                PROVIDE (RTC_IRQHandler, 0x0)
                0x00000000                PROVIDE (FLASH_IRQHandler, 0x0)
                0x00000000                PROVIDE (RCC_IRQHandler, 0x0)
                0x00000000                PROVIDE (EXTI0_IRQHandler, 0x0)
                0x00000000                PROVIDE (EXTI1_IRQHandler, 0x0)
                0x00000000                PROVIDE (EXTI2_IRQHandler, 0x0)
                0x00000000                PROVIDE (EXTI3_IRQHandler, 0x0)
                0x00000000                PROVIDE (EXTI4_IRQHandler, 0x0)
                0x00000000                PROVIDE (DMAChannel1_IRQHandler, 0x0)
                0x00000000                PROVIDE (DMAChannel2_IRQHandler, 0x0)
                0x00000000                PROVIDE (DMAChannel3_IRQHandler, 0x0)
                0x00000000                PROVIDE (DMAChannel4_IRQHandler, 0x0)
                0x00000000                PROVIDE (DMAChannel5_IRQHandler, 0x0)
                0x00000000                PROVIDE (DMAChannel6_IRQHandler, 0x0)
                0x00000000                PROVIDE (DMAChannel7_IRQHandler, 0x0)
                0x00000000                PROVIDE (DMA1_Channel1_IRQHandler, 0x0)
                0x00000000                PROVIDE (DMA1_Channel2_IRQHandler, 0x0)
                0x00000000                PROVIDE (DMA1_Channel3_IRQHandler, 0x0)
                0x00000000                PROVIDE (DMA1_Channel4_IRQHandler, 0x0)
                0x00000000                PROVIDE (DMA1_Channel5_IRQHandler, 0x0)
                0x00000000                PROVIDE (DMA1_Channel6_IRQHandler, 0x0)
                0x00000000                PROVIDE (DMA1_Channel7_IRQHandler, 0x0)
                0x00000000                PROVIDE (ADC_IRQHandler, 0x0)
                0x00000000                PROVIDE (ADC1_2_IRQHandler, 0x0)
                0x00000000                PROVIDE (USB_HP_CAN_TX_IRQHandler, 0x0)
                0x00000000                PROVIDE (USB_HP_CAN1_TX_IRQHandler, 0x0)
                0x00000000                PROVIDE (USB_LP_CAN_RX0_IRQHandler, 0x0)
                0x00000000                PROVIDE (USB_LP_CAN1_RX0_IRQHandler, 0x0)
                0x00000000                PROVIDE (CAN_RX1_IRQHandler, 0x0)
                0x00000000                PROVIDE (CAN1_RX1_IRQHandler, 0x0)
                0x00000000                PROVIDE (CAN_SCE_IRQHandler, 0x0)
                0x00000000                PROVIDE (CAN1_SCE_IRQHandler, 0x0)
                0x00000000                PROVIDE (EXTI9_5_IRQHandler, 0x0)
                0x00000000                PROVIDE (TIM1_BRK_IRQHandler, 0x0)
                0x00000000                PROVIDE (TIM1_UP_IRQHandler, 0x0)
                0x00000000                PROVIDE (TIM1_TRG_COM_IRQHandler, 0x0)
                0x00000000                PROVIDE (TIM1_CC_IRQHandler, 0x0)
                0x00000000                PROVIDE (TIM2_IRQHandler, 0x0)
                0x00000000                PROVIDE (TIM3_IRQHandler, 0x0)
                0x00000000                PROVIDE (TIM4_IRQHandler, 0x0)
                0x00000000                PROVIDE (I2C1_EV_IRQHandler, 0x0)
                0x00000000                PROVIDE (I2C1_ER_IRQHandler, 0x0)
                0x00000000                PROVIDE (I2C2_EV_IRQHandler, 0x0)
                0x00000000                PROVIDE (I2C2_ER_IRQHandler, 0x0)
                0x00000000                PROVIDE (SPI1_IRQHandler, 0x0)
                0x00000000                PROVIDE (SPI2_IRQHandler, 0x0)
                0x00000000                PROVIDE (USART1_IRQHandler, 0x0)
                0x00000000                PROVIDE (USART2_IRQHandler, 0x0)
                0x00000000                PROVIDE (USART3_IRQHandler, 0x0)
                0x00000000                PROVIDE (EXTI15_10_IRQHandler, 0x0)
                0x00000000                PROVIDE (RTCAlarm_IRQHandler, 0x0)
                0x00000000                PROVIDE (USBWakeUp_IRQHandler, 0x0)
                0x00000000                PROVIDE (TIM8_BRK_IRQHandler, 0x0)
                0x00000000                PROVIDE (TIM8_UP_IRQHandler, 0x0)
                0x00000000                PROVIDE (TIM8_TRG_COM_IRQHandler, 0x0)
                0x00000000                PROVIDE (TIM8_CC_IRQHandler, 0x0)
                0x00000000                PROVIDE (ADC3_IRQHandler, 0x0)
                0x00000000                PROVIDE (FSMC_IRQHandler, 0x0)
                0x00000000                PROVIDE (SDIO_IRQHandler, 0x0)
                0x00000000                PROVIDE (TIM5_IRQHandler, 0x0)
                0x00000000                PROVIDE (SPI3_IRQHandler, 0x0)
                0x00000000                PROVIDE (UART4_IRQHandler, 0x0)
                0x00000000                PROVIDE (UART5_IRQHandler, 0x0)
                0x00000000                PROVIDE (TIM6_IRQHandler, 0x0)
                0x00000000                PROVIDE (TIM7_IRQHandler, 0x0)
                0x00000000                PROVIDE (DMA2_Channel1_IRQHandler, 0x0)
                0x00000000                PROVIDE (DMA2_Channel2_IRQHandler, 0x0)
                0x00000000                PROVIDE (DMA2_Channel3_IRQHandler, 0x0)
                0x00000000                PROVIDE (DMA2_Channel4_5_IRQHandler, 0x0)
                0x42000000                PERIPH_BB_BASE = 0x42000000
                0x22000000                SRAM_BB_BASE = 0x22000000
                0x20000000                SRAM_BASE = 0x20000000
                0x40000000                PERIPH_BASE = 0x40000000
                0x40022000                PROVIDE (FLASH_BASE, 0x40022000)
                0x1ffff800                PROVIDE (OB_BASE, 0x1ffff800)
                0x40000000                APB1PERIPH_BASE = PERIPH_BASE
                0x40010000                APB2PERIPH_BASE = (PERIPH_BASE + 0x10000)
                0x40020000                AHBPERIPH_BASE = (PERIPH_BASE + 0x20000)
                0x40000000                PROVIDE (TIM2, (APB1PERIPH_BASE + 0x0))
                0x40000400                PROVIDE (TIM3, (APB1PERIPH_BASE + 0x400))
                0x40000800                PROVIDE (TIM4, (APB1PERIPH_BASE + 0x800))
                0x40002800                PROVIDE (RTC, (APB1PERIPH_BASE + 0x2800))
                0x40002c00                PROVIDE (WWDG, (APB1PERIPH_BASE + 0x2c00))
                0x40003000                PROVIDE (IWDG, (APB1PERIPH_BASE + 0x3000))
                0x40003800                PROVIDE (SPI2, (APB1PERIPH_BASE + 0x3800))
                0x40004400                PROVIDE (USART2, (APB1PERIPH_BASE + 0x4400))
                0x40004800                PROVIDE (USART3, (APB1PERIPH_BASE + 0x4800))
                0x40005400                PROVIDE (I2C1, (APB1PERIPH_BASE + 0x5400))
                0x40005800                PROVIDE (I2C2, (APB1PERIPH_BASE + 0x5800))
                0x40006400                PROVIDE (CAN, (APB1PERIPH_BASE + 0x6400))
                0x40006c00                PROVIDE (BKP, (APB1PERIPH_BASE + 0x6c00))
                0x40007000                PROVIDE (PWR, (APB1PERIPH_BASE + 0x7000))
                0x40010000                PROVIDE (AFIO, (APB2PERIPH_BASE + 0x0))
                0x40010400                PROVIDE (EXTI, (APB2PERIPH_BASE + 0x400))
                0x40010800                PROVIDE (GPIOA, (APB2PERIPH_BASE + 0x800))
                0x40010c00                PROVIDE (GPIOB, (APB2PERIPH_BASE + 0xc00))
                0x40011000                PROVIDE (GPIOC, (APB2PERIPH_BASE + 0x1000))
                0x40011400                PROVIDE (GPIOD, (APB2PERIPH_BASE + 0x1400))
                0x40011800                PROVIDE (GPIOE, (APB2PERIPH_BASE + 0x1800))
                0x40012400                PROVIDE (ADC1, (APB2PERIPH_BASE + 0x2400))
                0x40012800                PROVIDE (ADC2, (APB2PERIPH_BASE + 0x2800))
                0x40012c00                PROVIDE (TIM1, (APB2PERIPH_BASE + 0x2c00))
                0x40013000                PROVIDE (SPI1, (APB2PERIPH_BASE + 0x3000))
                0x40013800                PROVIDE (USART1, (APB2PERIPH_BASE + 0x3800))
                0x40020000                PROVIDE (DMA, (AHBPERIPH_BASE + 0x0))
                0x40020008                PROVIDE (DMA_Channel1, (AHBPERIPH_BASE + 0x8))
                0x4002001c                PROVIDE (DMA_Channel2, (AHBPERIPH_BASE + 0x1c))
                0x40020030                PROVIDE (DMA_Channel3, (AHBPERIPH_BASE + 0x30))
                0x40020044                PROVIDE (DMA_Channel4, (AHBPERIPH_BASE + 0x44))
                0x40020058                PROVIDE (DMA_Channel5, (AHBPERIPH_BASE + 0x58))
                0x4002006c                PROVIDE (DMA_Channel6, (AHBPERIPH_BASE + 0x6c))
                0x40020080                PROVIDE (DMA_Channel7, (AHBPERIPH_BASE + 0x80))
                0x40021000                PROVIDE (RCC, (AHBPERIPH_BASE + 0x1000))
                0xe000e000                SCS_BASE = 0xe000e000
                0xe000e010                PROVIDE (SysTick, (SCS_BASE + 0x10))
                0xe000e100                PROVIDE (NVIC, (SCS_BASE + 0x100))
                0xe000ed00                PROVIDE (SCB, (SCS_BASE + 0xd00))
                0x20005000                PROVIDE (_estack, (ORIGIN (RAM) + 0x5000))

.isr_vector     0x08000000      0x10c
                0x08000000                . = ALIGN (0x4)
 *(.isr_vector)
 .isr_vector    0x08000000      0x10c lib/CMSIS_CM3/startup/gcc/startup_stm32f10x_md.o
                0x08000000                g_pfnVectors
                0x0800010c                . = ALIGN (0x4)

.flash_start    0x00000000        0x0
                0x00000000                . = ALIGN (0x4)
 *(.flash_start)
 *(.flash_start.*)
                0x00000000                . = ALIGN (0x4)

.crp_patch      0x00000000        0x0
                0x00000000                . = ALIGN (0x4)
 *(.crp_patch)
                0x00000000                . = ALIGN (0x4)

.flashtext      0x0800010c        0x0
                0x0800010c                . = ALIGN (0x4)
 *(.flashtext)
                0x0800010c                . = ALIGN (0x4)

.text           0x08000110     0xc5a0
                0x08000110                . = ALIGN (0x4)
 *(.text)
 .text          0x08000110      0x370 /home/laurence/ARM-GCC/gcc-arm-none-eabi-4_9-2014q4/bin/../lib/gcc/arm-none-eabi/4.9.3/armv7-m/libgcc.a(_arm_addsubdf3.o)
                0x08000110                __aeabi_drsub
                0x08000118                __aeabi_dsub
                0x08000118                __subdf3
                0x0800011c                __adddf3
                0x0800011c                __aeabi_dadd
                0x08000394                __aeabi_ui2d
                0x08000394                __floatunsidf
                0x080003b4                __floatsidf
                0x080003b4                __aeabi_i2d
                0x080003d8                __extendsfdf2
                0x080003d8                __aeabi_f2d
                0x08000414                __aeabi_ul2d
                0x08000414                __floatundidf
                0x08000424                __floatdidf
                0x08000424                __aeabi_l2d
 .text          0x08000480      0x424 /home/laurence/ARM-GCC/gcc-arm-none-eabi-4_9-2014q4/bin/../lib/gcc/arm-none-eabi/4.9.3/armv7-m/libgcc.a(_arm_muldivdf3.o)
                0x08000480                __aeabi_dmul
                0x08000480                __muldf3
                0x080006d4                __aeabi_ddiv
                0x080006d4                __divdf3
 .text          0x080008a4      0x110 /home/laurence/ARM-GCC/gcc-arm-none-eabi-4_9-2014q4/bin/../lib/gcc/arm-none-eabi/4.9.3/armv7-m/libgcc.a(_arm_cmpdf2.o)
                0x080008a4                __gtdf2
                0x080008a4                __gedf2
                0x080008ac                __ltdf2
                0x080008ac                __ledf2
                0x080008b4                __cmpdf2
                0x080008b4                __eqdf2
                0x080008b4                __nedf2
                0x08000930                __aeabi_cdrcmple
                0x08000940                __aeabi_cdcmple
                0x08000940                __aeabi_cdcmpeq
                0x08000950                __aeabi_dcmpeq
                0x08000964                __aeabi_dcmplt
                0x08000978                __aeabi_dcmple
                0x0800098c                __aeabi_dcmpge
                0x080009a0                __aeabi_dcmpgt
 .text          0x080009b4       0x40 /home/laurence/ARM-GCC/gcc-arm-none-eabi-4_9-2014q4/bin/../lib/gcc/arm-none-eabi/4.9.3/armv7-m/libgcc.a(_arm_fixunsdfsi.o)
                0x080009b4                __fixunsdfsi
                0x080009b4                __aeabi_d2uiz
 .text          0x080009f4       0xa0 /home/laurence/ARM-GCC/gcc-arm-none-eabi-4_9-2014q4/bin/../lib/gcc/arm-none-eabi/4.9.3/armv7-m/libgcc.a(_arm_truncdfsf2.o)
                0x080009f4                __aeabi_d2f
                0x080009f4                __truncdfsf2
 .text          0x08000a94      0x21c /home/laurence/ARM-GCC/gcc-arm-none-eabi-4_9-2014q4/bin/../lib/gcc/arm-none-eabi/4.9.3/armv7-m/libgcc.a(_arm_addsubsf3.o)
                0x08000a94                __aeabi_frsub
                0x08000a9c                __subsf3
                0x08000a9c                __aeabi_fsub
                0x08000aa0                __aeabi_fadd
                0x08000aa0                __addsf3
                0x08000c00                __aeabi_ui2f
                0x08000c00                __floatunsisf
                0x08000c08                __aeabi_i2f
                0x08000c08                __floatsisf
                0x08000c24                __floatundisf
                0x08000c24                __aeabi_ul2f
                0x08000c34                __floatdisf
                0x08000c34                __aeabi_l2f
 .text          0x08000cb0      0x2a0 /home/laurence/ARM-GCC/gcc-arm-none-eabi-4_9-2014q4/bin/../lib/gcc/arm-none-eabi/4.9.3/armv7-m/libgcc.a(_arm_muldivsf3.o)
                0x08000cb0                __mulsf3
                0x08000cb0                __aeabi_fmul
                0x08000e18                __divsf3
                0x08000e18                __aeabi_fdiv
 .text          0x08000f50       0xec /home/laurence/ARM-GCC/gcc-arm-none-eabi-4_9-2014q4/bin/../lib/gcc/arm-none-eabi/4.9.3/armv7-m/libgcc.a(_arm_cmpsf2.o)
                0x08000f50                __gtsf2
                0x08000f50                __gesf2
                0x08000f58                __lesf2
                0x08000f58                __ltsf2
                0x08000f60                __nesf2
                0x08000f60                __eqsf2
                0x08000f60                __cmpsf2
                0x08000fc0                __aeabi_cfrcmple
                0x08000fc8                __aeabi_cfcmple
                0x08000fc8                __aeabi_cfcmpeq
                0x08000fd8                __aeabi_fcmpeq
                0x08000fec                __aeabi_fcmplt
                0x08001000                __aeabi_fcmple
                0x08001014                __aeabi_fcmpge
                0x08001028                __aeabi_fcmpgt
 .text          0x0800103c       0x40 /home/laurence/ARM-GCC/gcc-arm-none-eabi-4_9-2014q4/bin/../lib/gcc/arm-none-eabi/4.9.3/armv7-m/libgcc.a(_arm_fixunssfsi.o)
                0x0800103c                __aeabi_f2uiz
                0x0800103c                __fixunssfsi
 .text          0x0800107c       0xec /home/laurence/ARM-GCC/gcc-arm-none-eabi-4_9-2014q4/bin/../lib/gcc/arm-none-eabi/4.9.3/../../../../arm-none-eabi/lib/armv7-m/libg.a(lib_a-memcpy.o)
                0x0800107c                memcpy
 *(.text.*)
 .text.si446x_spi_state_machine
                0x08001168      0x2c0 /tmp/cc67u0Md.ltrans0.ltrans.o
 .text.si446x_set_modem
                0x08001428      0x4ac /tmp/cc67u0Md.ltrans0.ltrans.o
 .text.si446x_set_deviation_channel_bps
                0x080018d4      0x190 /tmp/cc67u0Md.ltrans0.ltrans.o
 .text.si446x_set_frequency
                0x08001a64      0x1dc /tmp/cc67u0Md.ltrans0.ltrans.o
 .text.si446x_state_machine
                0x08001c40      0x3a4 /tmp/cc67u0Md.ltrans0.ltrans.o
 .text.Gps_Process_Byte
                0x08001fe4      0x210 /tmp/cc67u0Md.ltrans0.ltrans.o
                0x08001fe4                Gps_Process_Byte
 .text.EXTI15_10_IRQHandler
                0x080021f4       0x48 /tmp/cc67u0Md.ltrans0.ltrans.o
                0x080021f4                EXTI15_10_IRQHandler
 .text.DMA1_Channel2_IRQHandler
                0x0800223c       0x48 /tmp/cc67u0Md.ltrans0.ltrans.o
                0x0800223c                DMA1_Channel2_IRQHandler
 .text.USART3_IRQHandler
                0x08002284       0x7c /tmp/cc67u0Md.ltrans0.ltrans.o
                0x08002284                USART3_IRQHandler
 .text.EXTI0_IRQHandler
                0x08002300       0x38 /tmp/cc67u0Md.ltrans0.ltrans.o
                0x08002300                EXTI0_IRQHandler
 .text.si446x_setup
                0x08002338      0x520 /tmp/cc67u0Md.ltrans0.ltrans.o
                0x08002338                si446x_setup
 .text.silabs_cts_jammed
                0x08002858       0x28 /tmp/cc67u0Md.ltrans0.ltrans.o
                0x08002858                silabs_cts_jammed
 .text.get_from_silabs_buffer
                0x08002880       0x1c /tmp/cc67u0Md.ltrans0.ltrans.o
                0x08002880                get_from_silabs_buffer
 .text.send_string_to_silabs
                0x0800289c       0x20 /tmp/cc67u0Md.ltrans0.ltrans.o
                0x0800289c                send_string_to_silabs
 .text.ff_wtoupper
                0x080028bc       0x24 /tmp/cc67u0Md.ltrans1.ltrans.o
 .text.crc_xmodem_update
                0x080028e0       0x28 /tmp/cc67u0Md.ltrans1.ltrans.o
 .text.sum_sfn.lto_priv.25
                0x08002908       0x1c /tmp/cc67u0Md.ltrans1.ltrans.o
                0x08002908                sum_sfn.lto_priv.25
 .text.fit_lfn.lto_priv.24
                0x08002924       0x64 /tmp/cc67u0Md.ltrans1.ltrans.o
                0x08002924                fit_lfn.lto_priv.24
 .text.cmp_lfn.lto_priv.27
                0x08002988       0x9c /tmp/cc67u0Md.ltrans1.ltrans.o
                0x08002988                cmp_lfn.lto_priv.27
 .text.clust2sect
                0x08002a24       0x18 /tmp/cc67u0Md.ltrans1.ltrans.o
                0x08002a24                clust2sect
 .text.move_window.lto_priv.18
                0x08002a3c       0x7c /tmp/cc67u0Md.ltrans1.ltrans.o
                0x08002a3c                move_window.lto_priv.18
 .text.put_fat  0x08002ab8      0x108 /tmp/cc67u0Md.ltrans1.ltrans.o
                0x08002ab8                put_fat
 .text.get_fat  0x08002bc0       0xe8 /tmp/cc67u0Md.ltrans1.ltrans.o
                0x08002bc0                get_fat
 .text.dir_sdi.lto_priv.20
                0x08002ca8       0x94 /tmp/cc67u0Md.ltrans1.ltrans.o
                0x08002ca8                dir_sdi.lto_priv.20
 .text.create_chain.lto_priv.16
                0x08002d3c       0xac /tmp/cc67u0Md.ltrans1.ltrans.o
                0x08002d3c                create_chain.lto_priv.16
 .text.remove_chain.lto_priv.11
                0x08002de8       0x64 /tmp/cc67u0Md.ltrans1.ltrans.o
                0x08002de8                remove_chain.lto_priv.11
 .text.chk_chr.lto_priv.21
                0x08002e4c       0x10 /tmp/cc67u0Md.ltrans1.ltrans.o
                0x08002e4c                chk_chr.lto_priv.21
 .text.mem_cmp.lto_priv.26
                0x08002e5c       0x24 /tmp/cc67u0Md.ltrans1.ltrans.o
                0x08002e5c                mem_cmp.lto_priv.26
 .text.mem_set.lto_priv.22
                0x08002e80       0x10 /tmp/cc67u0Md.ltrans1.ltrans.o
                0x08002e80                mem_set.lto_priv.22
 .text.dir_next.lto_priv.23
                0x08002e90      0x124 /tmp/cc67u0Md.ltrans1.ltrans.o
                0x08002e90                dir_next.lto_priv.23
 .text.sync.lto_priv.17
                0x08002fb4       0xb8 /tmp/cc67u0Md.ltrans1.ltrans.o
                0x08002fb4                sync.lto_priv.17
 .text.mem_cpy.lto_priv.19
                0x0800306c       0x14 /tmp/cc67u0Md.ltrans1.ltrans.o
                0x0800306c                mem_cpy.lto_priv.19
 .text.gen_numname
                0x08003080       0x88 /tmp/cc67u0Md.ltrans1.ltrans.o
                0x08003080                gen_numname
 .text.get_fattime
                0x08003108       0x44 /tmp/cc67u0Md.ltrans1.ltrans.o
                0x08003108                get_fattime
 .text.ff_convert
                0x0800314c       0x40 /tmp/cc67u0Md.ltrans1.ltrans.o
                0x0800314c                ff_convert
 .text.Delay    0x0800318c       0x20 /tmp/cc67u0Md.ltrans1.ltrans.o
                0x0800318c                Delay
 .text.string_CRC16_checksum
                0x080031ac       0x28 /tmp/cc67u0Md.ltrans1.ltrans.o
                0x080031ac                string_CRC16_checksum
 .text.init_buffer
                0x080031d4       0x14 /tmp/cc67u0Md.ltrans1.ltrans.o
                0x080031d4                init_buffer
 .text.Empty_Buffer
                0x080031e8        0x8 /tmp/cc67u0Md.ltrans1.ltrans.o
                0x080031e8                Empty_Buffer
 .text.Pop_From_Buffer
                0x080031f0       0x20 /tmp/cc67u0Md.ltrans1.ltrans.o
                0x080031f0                Pop_From_Buffer
 .text.Get_From_Buffer
                0x08003210       0x40 /tmp/cc67u0Md.ltrans1.ltrans.o
                0x08003210                Get_From_Buffer
 .text.Add_To_Buffer
                0x08003250       0x50 /tmp/cc67u0Md.ltrans1.ltrans.o
                0x08003250                Add_To_Buffer
 .text.SCSI_Format_Cmd
                0x080032a0       0x14 /tmp/cc67u0Md.ltrans1.ltrans.o
                0x080032a0                SCSI_Format_Cmd
 .text.SCSI_Start_Stop_Unit_Cmd
                0x080032b4        0xc /tmp/cc67u0Md.ltrans1.ltrans.o
                0x080032b4                SCSI_Start_Stop_Unit_Cmd
 .text.Set_Scsi_Sense_Data
                0x080032c0        0xc /tmp/cc67u0Md.ltrans1.ltrans.o
                0x080032c0                Set_Scsi_Sense_Data
 .text.SCSI_Address_Management
                0x080032cc       0x7c /tmp/cc67u0Md.ltrans1.ltrans.o
 .text.SCSI_Invalid_Cmd
                0x08003348       0x44 /tmp/cc67u0Md.ltrans1.ltrans.o
                0x08003348                SCSI_Invalid_Cmd
 .text.SCSI_TestUnitReady_Cmd
                0x0800338c       0x34 /tmp/cc67u0Md.ltrans1.ltrans.o
                0x0800338c                SCSI_TestUnitReady_Cmd
 .text.SCSI_Verify10_Cmd
                0x080033c0       0x3c /tmp/cc67u0Md.ltrans1.ltrans.o
                0x080033c0                SCSI_Verify10_Cmd
 .text.SCSI_Write10_Cmd
                0x080033fc       0x68 /tmp/cc67u0Md.ltrans1.ltrans.o
                0x080033fc                SCSI_Write10_Cmd
 .text.SCSI_Read10_Cmd
                0x08003464       0x68 /tmp/cc67u0Md.ltrans1.ltrans.o
                0x08003464                SCSI_Read10_Cmd
 .text.SCSI_RequestSense_Cmd
                0x080034cc       0x1c /tmp/cc67u0Md.ltrans1.ltrans.o
                0x080034cc                SCSI_RequestSense_Cmd
 .text.SCSI_ModeSense10_Cmd
                0x080034e8       0x10 /tmp/cc67u0Md.ltrans1.ltrans.o
                0x080034e8                SCSI_ModeSense10_Cmd
 .text.SCSI_ModeSense6_Cmd
                0x080034f8       0x10 /tmp/cc67u0Md.ltrans1.ltrans.o
                0x080034f8                SCSI_ModeSense6_Cmd
 .text.SCSI_ReadCapacity10_Cmd
                0x08003508       0x78 /tmp/cc67u0Md.ltrans1.ltrans.o
                0x08003508                SCSI_ReadCapacity10_Cmd
 .text.SCSI_ReadFormatCapacity_Cmd
                0x08003580       0x74 /tmp/cc67u0Md.ltrans1.ltrans.o
                0x08003580                SCSI_ReadFormatCapacity_Cmd
 .text.SCSI_Inquiry_Cmd
                0x080035f4       0x40 /tmp/cc67u0Md.ltrans1.ltrans.o
                0x080035f4                SCSI_Inquiry_Cmd
 .text.rStrLen  0x08003634       0x14 /tmp/cc67u0Md.ltrans2.ltrans.o
 .text.Isdigit  0x08003648       0x10 /tmp/cc67u0Md.ltrans2.ltrans.o
 .text.atoiRamRom
                0x08003658       0x2c /tmp/cc67u0Md.ltrans2.ltrans.o
 .text.xmit_datablock
                0x08003684       0x4c /tmp/cc67u0Md.ltrans2.ltrans.o
 .text.power_off_
                0x080036d0       0x6c /tmp/cc67u0Md.ltrans2.ltrans.o
 .text.ReadADC1_noblock
                0x0800373c       0x20 /tmp/cc67u0Md.ltrans2.ltrans.o
                0x0800373c                ReadADC1_noblock
 .text.ADC_Configuration
                0x0800375c       0xf8 /tmp/cc67u0Md.ltrans2.ltrans.o
                0x0800375c                ADC_Configuration
 .text.wave_terminate
                0x08003854       0x78 /tmp/cc67u0Md.ltrans2.ltrans.o
                0x08003854                wave_terminate
 .text.write_wave_samples
                0x080038cc       0x78 /tmp/cc67u0Md.ltrans2.ltrans.o
                0x080038cc                write_wave_samples
 .text.write_wave_header
                0x08003944       0xd4 /tmp/cc67u0Md.ltrans2.ltrans.o
                0x08003944                write_wave_header
 .text.rprintfChar
                0x08003a18       0x20 /tmp/cc67u0Md.ltrans2.ltrans.o
                0x08003a18                rprintfChar
 .text.rprintfFloat
                0x08003a38       0xc8 /tmp/cc67u0Md.ltrans2.ltrans.o
 .text.rprintf2RamRom
                0x08003b00      0x360 /tmp/cc67u0Md.ltrans2.ltrans.o
                0x08003b00                rprintf2RamRom
 .text.rprintfInit
                0x08003e60        0xc /tmp/cc67u0Md.ltrans2.ltrans.o
                0x08003e60                rprintfInit
 .text.pointinpoly
                0x08003e6c       0x54 /tmp/cc67u0Md.ltrans2.ltrans.o
                0x08003e6c                pointinpoly
 .text.disk_timerproc
                0x08003ec0       0x50 /tmp/cc67u0Md.ltrans2.ltrans.o
                0x08003ec0                disk_timerproc
 .text.disk_status
                0x08003f10       0x14 /tmp/cc67u0Md.ltrans2.ltrans.o
                0x08003f10                disk_status
 .text.send_cmd.lto_priv.10
                0x08003f24       0x98 /tmp/cc67u0Md.ltrans2.ltrans.o
                0x08003f24                send_cmd.lto_priv.10
 .text.disk_write
                0x08003fbc       0xb0 /tmp/cc67u0Md.ltrans2.ltrans.o
                0x08003fbc                disk_write
 .text.disk_initialize
                0x0800406c      0x160 /tmp/cc67u0Md.ltrans2.ltrans.o
                0x0800406c                disk_initialize
 .text.rcvr_datablock
                0x080041cc       0x60 /tmp/cc67u0Md.ltrans2.ltrans.o
                0x080041cc                rcvr_datablock
 .text.disk_ioctl
                0x0800422c      0x2b0 /tmp/cc67u0Md.ltrans2.ltrans.o
                0x0800422c                disk_ioctl
 .text.disk_read
                0x080044dc       0xac /tmp/cc67u0Md.ltrans2.ltrans.o
                0x080044dc                disk_read
 .text.Realign_Axes
                0x08004588       0x18 /tmp/cc67u0Md.ltrans3.ltrans.o
 .text.I2C1_Setup_Job
                0x080045a0       0x14 /tmp/cc67u0Md.ltrans3.ltrans.o
 .text.SetSysClock
                0x080045b4        0x8 /tmp/cc67u0Md.ltrans3.ltrans.o
 .text.get_wkup
                0x080045bc       0x10 /tmp/cc67u0Md.ltrans3.ltrans.o
 .text.SystemInit
                0x080045cc       0x44 /tmp/cc67u0Md.ltrans3.ltrans.o
                0x080045cc                SystemInit
 .text.USB_LP_CAN1_RX0_IRQHandler
                0x08004610        0x8 /tmp/cc67u0Md.ltrans3.ltrans.o
                0x08004610                USB_LP_CAN1_RX0_IRQHandler
 .text.USB_HP_CAN1_TX_IRQHandler
                0x08004618        0x8 /tmp/cc67u0Md.ltrans3.ltrans.o
                0x08004618                USB_HP_CAN1_TX_IRQHandler
 .text.ADC1_2_IRQHandler
                0x08004620       0x70 /tmp/cc67u0Md.ltrans3.ltrans.o
                0x08004620                ADC1_2_IRQHandler
 .text.SysTick_Configuration
                0x08004690       0x28 /tmp/cc67u0Md.ltrans3.ltrans.o
                0x08004690                SysTick_Configuration
 .text.ISR_Config
                0x080046b8       0x94 /tmp/cc67u0Md.ltrans3.ltrans.o
                0x080046b8                ISR_Config
 .text.I2C_Config
                0x0800474c      0x14c /tmp/cc67u0Md.ltrans3.ltrans.o
                0x0800474c                I2C_Config
 .text.I2C1_Request_Job
                0x08004898       0x58 /tmp/cc67u0Md.ltrans3.ltrans.o
                0x08004898                I2C1_Request_Job
 .text.SysTick_Handler
                0x080048f0      0x568 /tmp/cc67u0Md.ltrans3.ltrans.o
                0x080048f0                SysTick_Handler
 .text.I2C1_ER_IRQHandler
                0x08004e58      0x110 /tmp/cc67u0Md.ltrans3.ltrans.o
                0x08004e58                I2C1_ER_IRQHandler
 .text.I2C1_EV_IRQHandler
                0x08004f68      0x5ac /tmp/cc67u0Md.ltrans3.ltrans.o
                0x08004f68                I2C1_EV_IRQHandler
 .text.test_cutdown
                0x08005514       0x58 /tmp/cc67u0Md.ltrans3.ltrans.o
                0x08005514                test_cutdown
 .text.setup_gpio
                0x0800556c      0x160 /tmp/cc67u0Md.ltrans3.ltrans.o
                0x0800556c                setup_gpio
 .text.Bytes_In_DMA_Buffer
                0x080056cc       0x28 /tmp/cc67u0Md.ltrans3.ltrans.o
                0x080056cc                Bytes_In_DMA_Buffer
 .text.DMA_USART2_Configuration
                0x080056f4       0x4c /tmp/cc67u0Md.ltrans3.ltrans.o
                0x080056f4                DMA_USART2_Configuration
 .text.struct_to_counter
                0x08005740       0xac /tmp/cc67u0Md.ltrans4.ltrans.o
 .text.counter_to_struct
                0x080057ec       0xdc /tmp/cc67u0Md.ltrans4.ltrans.o
 .text.isDST    0x080058c8       0x38 /tmp/cc67u0Md.ltrans4.ltrans.o
 .text.adjustDST
                0x08005900       0x64 /tmp/cc67u0Md.ltrans4.ltrans.o
 .text.my_RTC_SetCounter
                0x08005964       0x20 /tmp/cc67u0Md.ltrans4.ltrans.o
 .text.power_on.lto_priv.4
                0x08005984       0xf8 /tmp/cc67u0Md.ltrans4.ltrans.o
                0x08005984                power_on.lto_priv.4
 .text.stop_cmd
                0x08005a7c        0xc /tmp/cc67u0Md.ltrans4.ltrans.o
                0x08005a7c                stop_cmd
 .text.wrapup_transaction
                0x08005a88       0x2c /tmp/cc67u0Md.ltrans4.ltrans.o
                0x08005a88                wrapup_transaction
 .text.stm32_dma_transfer.lto_priv.7
                0x08005ab4       0xdc /tmp/cc67u0Md.ltrans4.ltrans.o
                0x08005ab4                stm32_dma_transfer.lto_priv.7
 .text.stm32_spi_rw.lto_priv.6
                0x08005b90       0x24 /tmp/cc67u0Md.ltrans4.ltrans.o
                0x08005b90                stm32_spi_rw.lto_priv.6
 .text.rcvr_spi.lto_priv.1
                0x08005bb4        0xc /tmp/cc67u0Md.ltrans4.ltrans.o
                0x08005bb4                rcvr_spi.lto_priv.1
 .text.release_spi
                0x08005bc0       0x18 /tmp/cc67u0Md.ltrans4.ltrans.o
                0x08005bc0                release_spi
 .text.wait_ready.lto_priv.2
                0x08005bd8       0x24 /tmp/cc67u0Md.ltrans4.ltrans.o
                0x08005bd8                wait_ready.lto_priv.2
 .text.chk_power.lto_priv.3
                0x08005bfc        0x4 /tmp/cc67u0Md.ltrans4.ltrans.o
                0x08005bfc                chk_power.lto_priv.3
 .text.interface_speed.lto_priv.5
                0x08005c00       0x20 /tmp/cc67u0Md.ltrans4.ltrans.o
                0x08005c00                interface_speed.lto_priv.5
 .text.rtc_init
                0x08005c20       0xa4 /tmp/cc67u0Md.ltrans4.ltrans.o
                0x08005c20                rtc_init
 .text.rtc_settime
                0x08005cc4       0x28 /tmp/cc67u0Md.ltrans4.ltrans.o
                0x08005cc4                rtc_settime
 .text.rtc_gettime
                0x08005cec       0x24 /tmp/cc67u0Md.ltrans4.ltrans.o
                0x08005cec                rtc_gettime
 .text.f_truncate
                0x08005d10       0x98 /tmp/cc67u0Md.ltrans4.ltrans.o
                0x08005d10                f_truncate
 .text.f_stat   0x08005da8       0x44 /tmp/cc67u0Md.ltrans4.ltrans.o
                0x08005da8                f_stat
 .text.f_lseek  0x08005dec      0x18c /tmp/cc67u0Md.ltrans4.ltrans.o
                0x08005dec                f_lseek
 .text.f_sync   0x08005f78       0xac /tmp/cc67u0Md.ltrans4.ltrans.o
                0x08005f78                f_sync
 .text.f_close  0x08006024       0x14 /tmp/cc67u0Md.ltrans4.ltrans.o
                0x08006024                f_close
 .text.f_write  0x08006038      0x1dc /tmp/cc67u0Md.ltrans4.ltrans.o
                0x08006038                f_write
 .text.f_putc   0x08006214       0x2c /tmp/cc67u0Md.ltrans4.ltrans.o
 .text.f_puts   0x08006240       0x24 /tmp/cc67u0Md.ltrans4.ltrans.o
                0x08006240                f_puts
 .text.f_read   0x08006264      0x1a8 /tmp/cc67u0Md.ltrans4.ltrans.o
                0x08006264                f_read
 .text.Get_Max_Lun
                0x0800640c       0x18 /tmp/cc67u0Md.ltrans5.ltrans.o
 .text.MASS_Get_Interface_Setting
                0x08006424       0x10 /tmp/cc67u0Md.ltrans5.ltrans.o
 .text.MASS_Data_Setup
                0x08006434       0x4c /tmp/cc67u0Md.ltrans5.ltrans.o
 .text.MASS_Status_Out
                0x08006480        0x4 /tmp/cc67u0Md.ltrans5.ltrans.o
 .text.MASS_Status_In
                0x08006484        0x4 /tmp/cc67u0Md.ltrans5.ltrans.o
 .text.Mass_Storage_SetDeviceAddress
                0x08006488        0xc /tmp/cc67u0Md.ltrans5.ltrans.o
 .text.IntToUnicode
                0x08006494       0x30 /tmp/cc67u0Md.ltrans5.ltrans.o
 .text.Get_SerialNum
                0x080064c4       0x38 /tmp/cc67u0Md.ltrans5.ltrans.o
 .text.PowerOn  0x080064fc       0x28 /tmp/cc67u0Md.ltrans5.ltrans.o
 .text.Leave_LowPowerMode
                0x08006524       0x20 /tmp/cc67u0Md.ltrans5.ltrans.o
 .text.Resume_Init
                0x08006544       0x20 /tmp/cc67u0Md.ltrans5.ltrans.o
 .text.Resume   0x08006564       0xac /tmp/cc67u0Md.ltrans5.ltrans.o
 .text.Enter_LowPowerMode
                0x08006610        0xc /tmp/cc67u0Md.ltrans5.ltrans.o
 .text.Suspend  0x0800661c       0x24 /tmp/cc67u0Md.ltrans5.ltrans.o
 .text.MASS_GetStringDescriptor
                0x08006640       0x24 /tmp/cc67u0Md.ltrans5.ltrans.o
 .text.MASS_GetConfigDescriptor
                0x08006664       0x10 /tmp/cc67u0Md.ltrans5.ltrans.o
 .text.MASS_GetDeviceDescriptor
                0x08006674       0x10 /tmp/cc67u0Md.ltrans5.ltrans.o
 .text.MASS_NoData_Setup
                0x08006684       0x58 /tmp/cc67u0Md.ltrans5.ltrans.o
 .text.Mass_Storage_SetConfiguration
                0x080066dc       0x30 /tmp/cc67u0Md.ltrans5.ltrans.o
 .text.MASS_Reset
                0x0800670c       0xe0 /tmp/cc67u0Md.ltrans5.ltrans.o
 .text.MASS_init
                0x080067ec       0x24 /tmp/cc67u0Md.ltrans5.ltrans.o
 .text.MAL_Read
                0x08006810       0x2c /tmp/cc67u0Md.ltrans5.ltrans.o
 .text.MAL_Write
                0x0800683c       0x34 /tmp/cc67u0Md.ltrans5.ltrans.o
 .text.MAL_Init
                0x08006870       0x4c /tmp/cc67u0Md.ltrans5.ltrans.o
 .text.MAL_Config
                0x080068bc        0xc /tmp/cc67u0Md.ltrans5.ltrans.o
 .text.Get_UBX_Ack
                0x080068c8       0xb0 /tmp/cc67u0Md.ltrans5.ltrans.o
 .text.USB_Istr
                0x08006978       0xe0 /tmp/cc67u0Md.ltrans5.ltrans.o
                0x08006978                USB_Istr
 .text.Bot_Abort
                0x08006a58       0x38 /tmp/cc67u0Md.ltrans5.ltrans.o
                0x08006a58                Bot_Abort
 .text.Mass_Storage_ClearFeature
                0x08006a90       0x1c /tmp/cc67u0Md.ltrans5.ltrans.o
 .text.Set_CSW  0x08006aac       0x38 /tmp/cc67u0Md.ltrans5.ltrans.o
                0x08006aac                Set_CSW
 .text.CBW_Decode
                0x08006ae4      0x268 /tmp/cc67u0Md.ltrans5.ltrans.o
 .text.Mass_Storage_Out
                0x08006d4c       0x80 /tmp/cc67u0Md.ltrans5.ltrans.o
 .text.EP2_OUT_Callback
                0x08006dcc        0x8 /tmp/cc67u0Md.ltrans5.ltrans.o
 .text.Mass_Storage_In
                0x08006dd4       0x60 /tmp/cc67u0Md.ltrans5.ltrans.o
 .text.EP1_IN_Callback
                0x08006e34        0x8 /tmp/cc67u0Md.ltrans5.ltrans.o
 .text.Transfer_Data_Request
                0x08006e3c       0x34 /tmp/cc67u0Md.ltrans5.ltrans.o
                0x08006e3c                Transfer_Data_Request
 .text.Write_Memory
                0x08006e70       0xd0 /tmp/cc67u0Md.ltrans5.ltrans.o
                0x08006e70                Write_Memory
 .text.Read_Memory
                0x08006f40      0x110 /tmp/cc67u0Md.ltrans5.ltrans.o
                0x08006f40                Read_Memory
 .text.MAL_GetStatus
                0x08007050       0x48 /tmp/cc67u0Md.ltrans5.ltrans.o
                0x08007050                MAL_GetStatus
 .text.USB_Interrupts_Config
                0x08007098       0x3c /tmp/cc67u0Md.ltrans5.ltrans.o
                0x08007098                USB_Interrupts_Config
 .text.Set_USBClock
                0x080070d4       0x14 /tmp/cc67u0Md.ltrans5.ltrans.o
                0x080070d4                Set_USBClock
 .text.Set_System
                0x080070e8        0x8 /tmp/cc67u0Md.ltrans5.ltrans.o
                0x080070e8                Set_System
 .text.Config_Gps
                0x080070f0      0x114 /tmp/cc67u0Md.ltrans5.ltrans.o
                0x080070f0                Config_Gps
 *fill*         0x08007204        0x4 
 .text.main     0x08007208      0xed8 /tmp/cc67u0Md.ltrans6.ltrans.o
                0x08007208                main
 .text.SetSysClockTo48.lto_priv.0
                0x080080e0       0xcc /tmp/cc67u0Md.ltrans6.ltrans.o
                0x080080e0                SetSysClockTo48.lto_priv.0
 .text.check_fs
                0x080081ac       0x90 /tmp/cc67u0Md.ltrans7.ltrans.o
 .text.create_name
                0x0800823c      0x214 /tmp/cc67u0Md.ltrans7.ltrans.o
 .text.dir_find
                0x08008450       0xd0 /tmp/cc67u0Md.ltrans7.ltrans.o
 .text.dir_register
                0x08008520      0x168 /tmp/cc67u0Md.ltrans7.ltrans.o
 .text.f_mount  0x08008688       0x28 /tmp/cc67u0Md.ltrans7.ltrans.o
                0x08008688                f_mount
 .text.validate.lto_priv.12
                0x080086b0       0x30 /tmp/cc67u0Md.ltrans7.ltrans.o
                0x080086b0                validate.lto_priv.12
 .text.chk_mounted.lto_priv.15
                0x080086e0      0x348 /tmp/cc67u0Md.ltrans7.ltrans.o
                0x080086e0                chk_mounted.lto_priv.15
 .text.follow_path.lto_priv.14
                0x08008a28       0x8c /tmp/cc67u0Md.ltrans7.ltrans.o
                0x08008a28                follow_path.lto_priv.14
 .text.f_open   0x08008ab4      0x15c /tmp/cc67u0Md.ltrans7.ltrans.o
                0x08008ab4                f_open
 .text.get_fileinfo.lto_priv.13
                0x08008c10       0xf8 /tmp/cc67u0Md.ltrans7.ltrans.o
                0x08008c10                get_fileinfo.lto_priv.13
 .text.Default_Usart_Config
                0x08008d08       0x10 /tmp/cc67u0Md.ltrans8.ltrans.o
 .text.__gps_send_char
                0x08008d18       0x1c /tmp/cc67u0Md.ltrans8.ltrans.o
 .text.__usart_send_char
                0x08008d34       0x1c /tmp/cc67u0Md.ltrans8.ltrans.o
                0x08008d34                __usart_send_char
 .text.Timer_RCC_Configuration
                0x08008d50       0x10 /tmp/cc67u0Md.ltrans8.ltrans.o
 .text.__fat_print_char
                0x08008d60       0x24 /tmp/cc67u0Md.ltrans8.ltrans.o
                0x08008d60                __fat_print_char
 .text.__str_print_char
                0x08008d84       0x40 /tmp/cc67u0Md.ltrans8.ltrans.o
                0x08008d84                __str_print_char
 .text.Watchdog_Config
                0x08008dc4       0x30 /tmp/cc67u0Md.ltrans8.ltrans.o
                0x08008dc4                Watchdog_Config
 .text.USART1_IRQHandler
                0x08008df4       0x30 /tmp/cc67u0Md.ltrans8.ltrans.o
                0x08008df4                USART1_IRQHandler
 .text.Gps_Send_Str
                0x08008e24       0x18 /tmp/cc67u0Md.ltrans8.ltrans.o
                0x08008e24                Gps_Send_Str
 .text.Gps_Send_Utf8
                0x08008e3c       0x1c /tmp/cc67u0Md.ltrans8.ltrans.o
                0x08008e3c                Gps_Send_Utf8
 .text.Usart_Send_Str
                0x08008e58       0x18 /tmp/cc67u0Md.ltrans8.ltrans.o
                0x08008e58                Usart_Send_Str
 .text.USART2_reconf
                0x08008e70       0x44 /tmp/cc67u0Md.ltrans8.ltrans.o
                0x08008e70                USART2_reconf
 .text.Usarts_Init
                0x08008eb4       0xd4 /tmp/cc67u0Md.ltrans8.ltrans.o
                0x08008eb4                Usarts_Init
 .text.shutdown_filesystem
                0x08008f88       0x94 /tmp/cc67u0Md.ltrans8.ltrans.o
                0x08008f88                shutdown_filesystem
 .text.disable_pin
                0x0800901c        0xc /tmp/cc67u0Md.ltrans8.ltrans.o
                0x0800901c                disable_pin
 .text.shutdown
                0x08009028       0x10 /tmp/cc67u0Md.ltrans8.ltrans.o
                0x08009028                shutdown
 .text.setuppwr
                0x08009038       0x14 /tmp/cc67u0Md.ltrans8.ltrans.o
                0x08009038                setuppwr
 .text.PWM_Set  0x0800904c       0x3c /tmp/cc67u0Md.ltrans8.ltrans.o
                0x0800904c                PWM_Set
 .text.Timer_GPIO_Disable
                0x08009088       0x2c /tmp/cc67u0Md.ltrans8.ltrans.o
                0x08009088                Timer_GPIO_Disable
 .text.Timer_GPIO_Enable
                0x080090b4       0x2c /tmp/cc67u0Md.ltrans8.ltrans.o
                0x080090b4                Timer_GPIO_Enable
 .text.Init_Timer
                0x080090e0       0x80 /tmp/cc67u0Md.ltrans8.ltrans.o
                0x080090e0                Init_Timer
 .text.file_preallocation_control
                0x08009160       0x34 /tmp/cc67u0Md.ltrans8.ltrans.o
                0x08009160                file_preallocation_control
 .text.detect_sensors
                0x08009194       0x48 /tmp/cc67u0Md.ltrans8.ltrans.o
                0x08009194                detect_sensors
 .text.malloc   0x080091dc       0x10 /home/laurence/ARM-GCC/gcc-arm-none-eabi-4_9-2014q4/bin/../lib/gcc/arm-none-eabi/4.9.3/../../../../arm-none-eabi/lib/armv7-m/libg.a(lib_a-malloc.o)
                0x080091dc                malloc
 .text._malloc_r
                0x080091ec      0x504 /home/laurence/ARM-GCC/gcc-arm-none-eabi-4_9-2014q4/bin/../lib/gcc/arm-none-eabi/4.9.3/../../../../arm-none-eabi/lib/armv7-m/libg.a(lib_a-mallocr.o)
                0x080091ec                _malloc_r
 .text.memcmp   0x080096f0       0x64 /home/laurence/ARM-GCC/gcc-arm-none-eabi-4_9-2014q4/bin/../lib/gcc/arm-none-eabi/4.9.3/../../../../arm-none-eabi/lib/armv7-m/libg.a(lib_a-memcmp.o)
                0x080096f0                memcmp
 .text.__malloc_lock
                0x08009754        0x4 /home/laurence/ARM-GCC/gcc-arm-none-eabi-4_9-2014q4/bin/../lib/gcc/arm-none-eabi/4.9.3/../../../../arm-none-eabi/lib/armv7-m/libg.a(lib_a-mlock.o)
                0x08009754                __malloc_lock
 .text.__malloc_unlock
                0x08009758        0x4 /home/laurence/ARM-GCC/gcc-arm-none-eabi-4_9-2014q4/bin/../lib/gcc/arm-none-eabi/4.9.3/../../../../arm-none-eabi/lib/armv7-m/libg.a(lib_a-mlock.o)
                0x08009758                __malloc_unlock
 .text._sbrk_r  0x0800975c       0x24 /home/laurence/ARM-GCC/gcc-arm-none-eabi-4_9-2014q4/bin/../lib/gcc/arm-none-eabi/4.9.3/../../../../arm-none-eabi/lib/armv7-m/libg.a(lib_a-sbrkr.o)
                0x0800975c                _sbrk_r
 .text.strchr   0x08009780       0xcc /home/laurence/ARM-GCC/gcc-arm-none-eabi-4_9-2014q4/bin/../lib/gcc/arm-none-eabi/4.9.3/../../../../arm-none-eabi/lib/armv7-m/libg.a(lib_a-strchr.o)
                0x08009780                strchr
 .text.strlen   0x0800984c       0x5c /home/laurence/ARM-GCC/gcc-arm-none-eabi-4_9-2014q4/bin/../lib/gcc/arm-none-eabi/4.9.3/../../../../arm-none-eabi/lib/armv7-m/libg.a(lib_a-strlen.o)
                0x0800984c                strlen
 .text.strncmp  0x080098a8       0x94 /home/laurence/ARM-GCC/gcc-arm-none-eabi-4_9-2014q4/bin/../lib/gcc/arm-none-eabi/4.9.3/../../../../arm-none-eabi/lib/armv7-m/libg.a(lib_a-strncmp.o)
                0x080098a8                strncmp
 .text.strncpy  0x0800993c       0x68 /home/laurence/ARM-GCC/gcc-arm-none-eabi-4_9-2014q4/bin/../lib/gcc/arm-none-eabi/4.9.3/../../../../arm-none-eabi/lib/armv7-m/libg.a(lib_a-strncpy.o)
                0x0800993c                strncpy
 .text._malloc_trim_r
                0x080099a4       0x9c /home/laurence/ARM-GCC/gcc-arm-none-eabi-4_9-2014q4/bin/../lib/gcc/arm-none-eabi/4.9.3/../../../../arm-none-eabi/lib/armv7-m/libg.a(lib_a-freer.o)
                0x080099a4                _malloc_trim_r
 .text._free_r  0x08009a40      0x1b0 /home/laurence/ARM-GCC/gcc-arm-none-eabi-4_9-2014q4/bin/../lib/gcc/arm-none-eabi/4.9.3/../../../../arm-none-eabi/lib/armv7-m/libg.a(lib_a-freer.o)
                0x08009a40                _free_r
 .text.Reset_Handler
                0x08009bf0       0x40 lib/CMSIS_CM3/startup/gcc/startup_stm32f10x_md.o
                0x08009bf0                Reset_Handler
 .text.Default_Handler
                0x08009c30        0x2 lib/CMSIS_CM3/startup/gcc/startup_stm32f10x_md.o
                0x08009c30                EXTI2_IRQHandler
                0x08009c30                DebugMon_Handler
                0x08009c30                TIM1_CC_IRQHandler
                0x08009c30                HardFault_Handler
                0x08009c30                PVD_IRQHandler
                0x08009c30                PendSV_Handler
                0x08009c30                NMI_Handler
                0x08009c30                EXTI3_IRQHandler
                0x08009c30                I2C2_EV_IRQHandler
                0x08009c30                UsageFault_Handler
                0x08009c30                SPI1_IRQHandler
                0x08009c30                TAMPER_IRQHandler
                0x08009c30                DMA1_Channel4_IRQHandler
                0x08009c30                RTC_IRQHandler
                0x08009c30                DMA1_Channel7_IRQHandler
                0x08009c30                CAN1_RX1_IRQHandler
                0x08009c30                TIM4_IRQHandler
                0x08009c30                DMA1_Channel6_IRQHandler
                0x08009c30                TIM3_IRQHandler
                0x08009c30                RCC_IRQHandler
                0x08009c30                TIM1_TRG_COM_IRQHandler
                0x08009c30                DMA1_Channel1_IRQHandler
                0x08009c30                Default_Handler
                0x08009c30                EXTI9_5_IRQHandler
                0x08009c30                SPI2_IRQHandler
                0x08009c30                MemManage_Handler
                0x08009c30                SVC_Handler
                0x08009c30                DMA1_Channel5_IRQHandler
                0x08009c30                EXTI4_IRQHandler
                0x08009c30                DMA1_Channel3_IRQHandler
                0x08009c30                TIM1_UP_IRQHandler
                0x08009c30                WWDG_IRQHandler
                0x08009c30                TIM2_IRQHandler
                0x08009c30                TIM1_BRK_IRQHandler
                0x08009c30                EXTI1_IRQHandler
                0x08009c30                RTCAlarm_IRQHandler
                0x08009c30                USART2_IRQHandler
                0x08009c30                I2C2_ER_IRQHandler
                0x08009c30                CAN1_SCE_IRQHandler
                0x08009c30                FLASH_IRQHandler
                0x08009c30                BusFault_Handler
                0x08009c30                USBWakeUp_IRQHandler
 *fill*         0x08009c32        0x2 
 .text.NVIC_PriorityGroupConfig
                0x08009c34       0x14 lib/STM32F10x_StdPeriph_Driver/libstm32fw.a(misc.o)
                0x08009c34                NVIC_PriorityGroupConfig
 .text.NVIC_Init
                0x08009c48       0x6c lib/STM32F10x_StdPeriph_Driver/libstm32fw.a(misc.o)
                0x08009c48                NVIC_Init
 .text.NVIC_SetVectorTable
                0x08009cb4       0x14 lib/STM32F10x_StdPeriph_Driver/libstm32fw.a(misc.o)
                0x08009cb4                NVIC_SetVectorTable
 .text.SysTick_CLKSourceConfig
                0x08009cc8       0x18 lib/STM32F10x_StdPeriph_Driver/libstm32fw.a(misc.o)
                0x08009cc8                SysTick_CLKSourceConfig
 .text.ADC_DeInit
                0x08009ce0       0x5c lib/STM32F10x_StdPeriph_Driver/libstm32fw.a(stm32f10x_adc.o)
                0x08009ce0                ADC_DeInit
 .text.ADC_Init
                0x08009d3c       0x48 lib/STM32F10x_StdPeriph_Driver/libstm32fw.a(stm32f10x_adc.o)
                0x08009d3c                ADC_Init
 .text.ADC_Cmd  0x08009d84       0x12 lib/STM32F10x_StdPeriph_Driver/libstm32fw.a(stm32f10x_adc.o)
                0x08009d84                ADC_Cmd
 .text.ADC_ResetCalibration
                0x08009d96        0xa lib/STM32F10x_StdPeriph_Driver/libstm32fw.a(stm32f10x_adc.o)
                0x08009d96                ADC_ResetCalibration
 .text.ADC_GetResetCalibrationStatus
                0x08009da0        0x8 lib/STM32F10x_StdPeriph_Driver/libstm32fw.a(stm32f10x_adc.o)
                0x08009da0                ADC_GetResetCalibrationStatus
 .text.ADC_StartCalibration
                0x08009da8        0xa lib/STM32F10x_StdPeriph_Driver/libstm32fw.a(stm32f10x_adc.o)
                0x08009da8                ADC_StartCalibration
 .text.ADC_GetCalibrationStatus
                0x08009db2        0x8 lib/STM32F10x_StdPeriph_Driver/libstm32fw.a(stm32f10x_adc.o)
                0x08009db2                ADC_GetCalibrationStatus
 .text.ADC_SoftwareStartConvCmd
                0x08009dba       0x12 lib/STM32F10x_StdPeriph_Driver/libstm32fw.a(stm32f10x_adc.o)
                0x08009dba                ADC_SoftwareStartConvCmd
 .text.ADC_RegularChannelConfig
                0x08009dcc       0x84 lib/STM32F10x_StdPeriph_Driver/libstm32fw.a(stm32f10x_adc.o)
                0x08009dcc                ADC_RegularChannelConfig
 .text.ADC_GetConversionValue
                0x08009e50        0x6 lib/STM32F10x_StdPeriph_Driver/libstm32fw.a(stm32f10x_adc.o)
                0x08009e50                ADC_GetConversionValue
 .text.ADC_ExternalTrigInjectedConvConfig
                0x08009e56        0xc lib/STM32F10x_StdPeriph_Driver/libstm32fw.a(stm32f10x_adc.o)
                0x08009e56                ADC_ExternalTrigInjectedConvConfig
 .text.ADC_SoftwareStartInjectedConvCmd
                0x08009e62       0x12 lib/STM32F10x_StdPeriph_Driver/libstm32fw.a(stm32f10x_adc.o)
                0x08009e62                ADC_SoftwareStartInjectedConvCmd
 .text.ADC_InjectedChannelConfig
                0x08009e74       0x54 lib/STM32F10x_StdPeriph_Driver/libstm32fw.a(stm32f10x_adc.o)
                0x08009e74                ADC_InjectedChannelConfig
 .text.ADC_InjectedSequencerLengthConfig
                0x08009ec8       0x10 lib/STM32F10x_StdPeriph_Driver/libstm32fw.a(stm32f10x_adc.o)
                0x08009ec8                ADC_InjectedSequencerLengthConfig
 .text.ADC_GetInjectedConversionValue
                0x08009ed8       0x1a lib/STM32F10x_StdPeriph_Driver/libstm32fw.a(stm32f10x_adc.o)
                0x08009ed8                ADC_GetInjectedConversionValue
 .text.ADC_GetFlagStatus
                0x08009ef2        0xc lib/STM32F10x_StdPeriph_Driver/libstm32fw.a(stm32f10x_adc.o)
                0x08009ef2                ADC_GetFlagStatus
 .text.ADC_ClearFlag
                0x08009efe        0x6 lib/STM32F10x_StdPeriph_Driver/libstm32fw.a(stm32f10x_adc.o)
                0x08009efe                ADC_ClearFlag
 .text.ADC_GetITStatus
                0x08009f04       0x16 lib/STM32F10x_StdPeriph_Driver/libstm32fw.a(stm32f10x_adc.o)
                0x08009f04                ADC_GetITStatus
 .text.ADC_ClearITPendingBit
                0x08009f1a        0x8 lib/STM32F10x_StdPeriph_Driver/libstm32fw.a(stm32f10x_adc.o)
                0x08009f1a                ADC_ClearITPendingBit
 .text.BKP_DeInit
                0x08009f22       0x12 lib/STM32F10x_StdPeriph_Driver/libstm32fw.a(stm32f10x_bkp.o)
                0x08009f22                BKP_DeInit
 .text.BKP_RTCOutputConfig
                0x08009f34       0x18 lib/STM32F10x_StdPeriph_Driver/libstm32fw.a(stm32f10x_bkp.o)
                0x08009f34                BKP_RTCOutputConfig
 .text.BKP_SetRTCCalibrationValue
                0x08009f4c       0x18 lib/STM32F10x_StdPeriph_Driver/libstm32fw.a(stm32f10x_bkp.o)
                0x08009f4c                BKP_SetRTCCalibrationValue
 .text.BKP_WriteBackupRegister
                0x08009f64       0x1c lib/STM32F10x_StdPeriph_Driver/libstm32fw.a(stm32f10x_bkp.o)
                0x08009f64                BKP_WriteBackupRegister
 .text.BKP_ReadBackupRegister
                0x08009f80       0x20 lib/STM32F10x_StdPeriph_Driver/libstm32fw.a(stm32f10x_bkp.o)
                0x08009f80                BKP_ReadBackupRegister
 .text.DBGMCU_Config
                0x08009fa0       0x18 lib/STM32F10x_StdPeriph_Driver/libstm32fw.a(stm32f10x_dbgmcu.o)
                0x08009fa0                DBGMCU_Config
 .text.DMA_DeInit
                0x08009fb8       0xf0 lib/STM32F10x_StdPeriph_Driver/libstm32fw.a(stm32f10x_dma.o)
                0x08009fb8                DMA_DeInit
 .text.DMA_Init
                0x0800a0a8       0x3c lib/STM32F10x_StdPeriph_Driver/libstm32fw.a(stm32f10x_dma.o)
                0x0800a0a8                DMA_Init
 .text.DMA_Cmd  0x0800a0e4       0x12 lib/STM32F10x_StdPeriph_Driver/libstm32fw.a(stm32f10x_dma.o)
                0x0800a0e4                DMA_Cmd
 .text.DMA_ITConfig
                0x0800a0f6       0x10 lib/STM32F10x_StdPeriph_Driver/libstm32fw.a(stm32f10x_dma.o)
                0x0800a0f6                DMA_ITConfig
 .text.DMA_GetCurrDataCounter
                0x0800a106        0x6 lib/STM32F10x_StdPeriph_Driver/libstm32fw.a(stm32f10x_dma.o)
                0x0800a106                DMA_GetCurrDataCounter
 .text.DMA_GetFlagStatus
                0x0800a10c       0x1c lib/STM32F10x_StdPeriph_Driver/libstm32fw.a(stm32f10x_dma.o)
                0x0800a10c                DMA_GetFlagStatus
 .text.DMA_ClearFlag
                0x0800a128       0x14 lib/STM32F10x_StdPeriph_Driver/libstm32fw.a(stm32f10x_dma.o)
                0x0800a128                DMA_ClearFlag
 .text.DMA_GetITStatus
                0x0800a13c       0x1c lib/STM32F10x_StdPeriph_Driver/libstm32fw.a(stm32f10x_dma.o)
                0x0800a13c                DMA_GetITStatus
 .text.DMA_ClearITPendingBit
                0x0800a158       0x14 lib/STM32F10x_StdPeriph_Driver/libstm32fw.a(stm32f10x_dma.o)
                0x0800a158                DMA_ClearITPendingBit
 .text.EXTI_DeInit
                0x0800a16c       0x1c lib/STM32F10x_StdPeriph_Driver/libstm32fw.a(stm32f10x_exti.o)
                0x0800a16c                EXTI_DeInit
 .text.EXTI_Init
                0x0800a188       0x88 lib/STM32F10x_StdPeriph_Driver/libstm32fw.a(stm32f10x_exti.o)
                0x0800a188                EXTI_Init
 .text.EXTI_GenerateSWInterrupt
                0x0800a210       0x10 lib/STM32F10x_StdPeriph_Driver/libstm32fw.a(stm32f10x_exti.o)
                0x0800a210                EXTI_GenerateSWInterrupt
 .text.EXTI_GetITStatus
                0x0800a220       0x1c lib/STM32F10x_StdPeriph_Driver/libstm32fw.a(stm32f10x_exti.o)
                0x0800a220                EXTI_GetITStatus
 .text.EXTI_ClearITPendingBit
                0x0800a23c        0xc lib/STM32F10x_StdPeriph_Driver/libstm32fw.a(stm32f10x_exti.o)
                0x0800a23c                EXTI_ClearITPendingBit
 .text.GPIO_Init
                0x0800a248       0x90 lib/STM32F10x_StdPeriph_Driver/libstm32fw.a(stm32f10x_gpio.o)
                0x0800a248                GPIO_Init
 .text.GPIO_ReadInputDataBit
                0x0800a2d8        0xc lib/STM32F10x_StdPeriph_Driver/libstm32fw.a(stm32f10x_gpio.o)
                0x0800a2d8                GPIO_ReadInputDataBit
 .text.GPIO_SetBits
                0x0800a2e4        0x4 lib/STM32F10x_StdPeriph_Driver/libstm32fw.a(stm32f10x_gpio.o)
                0x0800a2e4                GPIO_SetBits
 .text.GPIO_ResetBits
                0x0800a2e8        0x4 lib/STM32F10x_StdPeriph_Driver/libstm32fw.a(stm32f10x_gpio.o)
                0x0800a2e8                GPIO_ResetBits
 .text.GPIO_WriteBit
                0x0800a2ec        0xa lib/STM32F10x_StdPeriph_Driver/libstm32fw.a(stm32f10x_gpio.o)
                0x0800a2ec                GPIO_WriteBit
 *fill*         0x0800a2f6        0x2 
 .text.GPIO_PinRemapConfig
                0x0800a2f8       0x54 lib/STM32F10x_StdPeriph_Driver/libstm32fw.a(stm32f10x_gpio.o)
                0x0800a2f8                GPIO_PinRemapConfig
 .text.GPIO_EXTILineConfig
                0x0800a34c       0x2a lib/STM32F10x_StdPeriph_Driver/libstm32fw.a(stm32f10x_gpio.o)
                0x0800a34c                GPIO_EXTILineConfig
 *fill*         0x0800a376        0x2 
 .text.I2C_DeInit
                0x0800a378       0x34 lib/STM32F10x_StdPeriph_Driver/libstm32fw.a(stm32f10x_i2c.o)
                0x0800a378                I2C_DeInit
 .text.I2C_Init
                0x0800a3ac       0xd4 lib/STM32F10x_StdPeriph_Driver/libstm32fw.a(stm32f10x_i2c.o)
                0x0800a3ac                I2C_Init
 .text.I2C_Cmd  0x0800a480       0x18 lib/STM32F10x_StdPeriph_Driver/libstm32fw.a(stm32f10x_i2c.o)
                0x0800a480                I2C_Cmd
 .text.I2C_GenerateSTART
                0x0800a498       0x18 lib/STM32F10x_StdPeriph_Driver/libstm32fw.a(stm32f10x_i2c.o)
                0x0800a498                I2C_GenerateSTART
 .text.I2C_GenerateSTOP
                0x0800a4b0       0x18 lib/STM32F10x_StdPeriph_Driver/libstm32fw.a(stm32f10x_i2c.o)
                0x0800a4b0                I2C_GenerateSTOP
 .text.I2C_AcknowledgeConfig
                0x0800a4c8       0x18 lib/STM32F10x_StdPeriph_Driver/libstm32fw.a(stm32f10x_i2c.o)
                0x0800a4c8                I2C_AcknowledgeConfig
 .text.I2C_ITConfig
                0x0800a4e0       0x12 lib/STM32F10x_StdPeriph_Driver/libstm32fw.a(stm32f10x_i2c.o)
                0x0800a4e0                I2C_ITConfig
 .text.I2C_SendData
                0x0800a4f2        0x4 lib/STM32F10x_StdPeriph_Driver/libstm32fw.a(stm32f10x_i2c.o)
                0x0800a4f2                I2C_SendData
 .text.I2C_ReceiveData
                0x0800a4f6        0x6 lib/STM32F10x_StdPeriph_Driver/libstm32fw.a(stm32f10x_i2c.o)
                0x0800a4f6                I2C_ReceiveData
 .text.I2C_Send7bitAddress
                0x0800a4fc       0x12 lib/STM32F10x_StdPeriph_Driver/libstm32fw.a(stm32f10x_i2c.o)
                0x0800a4fc                I2C_Send7bitAddress
 .text.I2C_SoftwareResetCmd
                0x0800a50e       0x18 lib/STM32F10x_StdPeriph_Driver/libstm32fw.a(stm32f10x_i2c.o)
                0x0800a50e                I2C_SoftwareResetCmd
 *fill*         0x0800a526        0x2 
 .text.IWDG_WriteAccessCmd
                0x0800a528        0xc lib/STM32F10x_StdPeriph_Driver/libstm32fw.a(stm32f10x_iwdg.o)
                0x0800a528                IWDG_WriteAccessCmd
 .text.IWDG_SetPrescaler
                0x0800a534        0xc lib/STM32F10x_StdPeriph_Driver/libstm32fw.a(stm32f10x_iwdg.o)
                0x0800a534                IWDG_SetPrescaler
 .text.IWDG_SetReload
                0x0800a540        0xc lib/STM32F10x_StdPeriph_Driver/libstm32fw.a(stm32f10x_iwdg.o)
                0x0800a540                IWDG_SetReload
 .text.IWDG_ReloadCounter
                0x0800a54c       0x10 lib/STM32F10x_StdPeriph_Driver/libstm32fw.a(stm32f10x_iwdg.o)
                0x0800a54c                IWDG_ReloadCounter
 .text.IWDG_Enable
                0x0800a55c       0x10 lib/STM32F10x_StdPeriph_Driver/libstm32fw.a(stm32f10x_iwdg.o)
                0x0800a55c                IWDG_Enable
 .text.PWR_DeInit
                0x0800a56c       0x1a lib/STM32F10x_StdPeriph_Driver/libstm32fw.a(stm32f10x_pwr.o)
                0x0800a56c                PWR_DeInit
 *fill*         0x0800a586        0x2 
 .text.PWR_BackupAccessCmd
                0x0800a588        0xc lib/STM32F10x_StdPeriph_Driver/libstm32fw.a(stm32f10x_pwr.o)
                0x0800a588                PWR_BackupAccessCmd
 .text.PWR_WakeUpPinCmd
                0x0800a594        0xc lib/STM32F10x_StdPeriph_Driver/libstm32fw.a(stm32f10x_pwr.o)
                0x0800a594                PWR_WakeUpPinCmd
 .text.PWR_EnterSTANDBYMode
                0x0800a5a0       0x28 lib/STM32F10x_StdPeriph_Driver/libstm32fw.a(stm32f10x_pwr.o)
                0x0800a5a0                PWR_EnterSTANDBYMode
 .text.RCC_HCLKConfig
                0x0800a5c8       0x14 lib/STM32F10x_StdPeriph_Driver/libstm32fw.a(stm32f10x_rcc.o)
                0x0800a5c8                RCC_HCLKConfig
 .text.RCC_USBCLKConfig
                0x0800a5dc        0xc lib/STM32F10x_StdPeriph_Driver/libstm32fw.a(stm32f10x_rcc.o)
                0x0800a5dc                RCC_USBCLKConfig
 .text.RCC_ADCCLKConfig
                0x0800a5e8       0x14 lib/STM32F10x_StdPeriph_Driver/libstm32fw.a(stm32f10x_rcc.o)
                0x0800a5e8                RCC_ADCCLKConfig
 .text.RCC_LSEConfig
                0x0800a5fc       0x20 lib/STM32F10x_StdPeriph_Driver/libstm32fw.a(stm32f10x_rcc.o)
                0x0800a5fc                RCC_LSEConfig
 .text.RCC_RTCCLKConfig
                0x0800a61c       0x10 lib/STM32F10x_StdPeriph_Driver/libstm32fw.a(stm32f10x_rcc.o)
                0x0800a61c                RCC_RTCCLKConfig
 .text.RCC_RTCCLKCmd
                0x0800a62c        0xc lib/STM32F10x_StdPeriph_Driver/libstm32fw.a(stm32f10x_rcc.o)
                0x0800a62c                RCC_RTCCLKCmd
 .text.RCC_GetClocksFreq
                0x0800a638       0x94 lib/STM32F10x_StdPeriph_Driver/libstm32fw.a(stm32f10x_rcc.o)
                0x0800a638                RCC_GetClocksFreq
 .text.RCC_AHBPeriphClockCmd
                0x0800a6cc       0x18 lib/STM32F10x_StdPeriph_Driver/libstm32fw.a(stm32f10x_rcc.o)
                0x0800a6cc                RCC_AHBPeriphClockCmd
 .text.RCC_APB2PeriphClockCmd
                0x0800a6e4       0x18 lib/STM32F10x_StdPeriph_Driver/libstm32fw.a(stm32f10x_rcc.o)
                0x0800a6e4                RCC_APB2PeriphClockCmd
 .text.RCC_APB1PeriphClockCmd
                0x0800a6fc       0x18 lib/STM32F10x_StdPeriph_Driver/libstm32fw.a(stm32f10x_rcc.o)
                0x0800a6fc                RCC_APB1PeriphClockCmd
 .text.RCC_APB2PeriphResetCmd
                0x0800a714       0x18 lib/STM32F10x_StdPeriph_Driver/libstm32fw.a(stm32f10x_rcc.o)
                0x0800a714                RCC_APB2PeriphResetCmd
 .text.RCC_APB1PeriphResetCmd
                0x0800a72c       0x18 lib/STM32F10x_StdPeriph_Driver/libstm32fw.a(stm32f10x_rcc.o)
                0x0800a72c                RCC_APB1PeriphResetCmd
 .text.RCC_BackupResetCmd
                0x0800a744        0xc lib/STM32F10x_StdPeriph_Driver/libstm32fw.a(stm32f10x_rcc.o)
                0x0800a744                RCC_BackupResetCmd
 .text.RCC_GetFlagStatus
                0x0800a750       0x28 lib/STM32F10x_StdPeriph_Driver/libstm32fw.a(stm32f10x_rcc.o)
                0x0800a750                RCC_GetFlagStatus
 .text.RTC_EnterConfigMode
                0x0800a778       0x14 lib/STM32F10x_StdPeriph_Driver/libstm32fw.a(stm32f10x_rtc.o)
                0x0800a778                RTC_EnterConfigMode
 .text.RTC_ExitConfigMode
                0x0800a78c       0x14 lib/STM32F10x_StdPeriph_Driver/libstm32fw.a(stm32f10x_rtc.o)
                0x0800a78c                RTC_ExitConfigMode
 .text.RTC_GetCounter
                0x0800a7a0       0x14 lib/STM32F10x_StdPeriph_Driver/libstm32fw.a(stm32f10x_rtc.o)
                0x0800a7a0                RTC_GetCounter
 .text.RTC_SetCounter
                0x0800a7b4       0x20 lib/STM32F10x_StdPeriph_Driver/libstm32fw.a(stm32f10x_rtc.o)
                0x0800a7b4                RTC_SetCounter
 .text.RTC_SetPrescaler
                0x0800a7d4       0x20 lib/STM32F10x_StdPeriph_Driver/libstm32fw.a(stm32f10x_rtc.o)
                0x0800a7d4                RTC_SetPrescaler
 .text.RTC_WaitForLastTask
                0x0800a7f4       0x10 lib/STM32F10x_StdPeriph_Driver/libstm32fw.a(stm32f10x_rtc.o)
                0x0800a7f4                RTC_WaitForLastTask
 .text.RTC_WaitForSynchro
                0x0800a804       0x1c lib/STM32F10x_StdPeriph_Driver/libstm32fw.a(stm32f10x_rtc.o)
                0x0800a804                RTC_WaitForSynchro
 .text.SPI_I2S_DeInit
                0x0800a820       0x64 lib/STM32F10x_StdPeriph_Driver/libstm32fw.a(stm32f10x_spi.o)
                0x0800a820                SPI_I2S_DeInit
 .text.SPI_Init
                0x0800a884       0x3e lib/STM32F10x_StdPeriph_Driver/libstm32fw.a(stm32f10x_spi.o)
                0x0800a884                SPI_Init
 .text.SPI_Cmd  0x0800a8c2       0x18 lib/STM32F10x_StdPeriph_Driver/libstm32fw.a(stm32f10x_spi.o)
                0x0800a8c2                SPI_Cmd
 .text.SPI_I2S_DMACmd
                0x0800a8da       0x12 lib/STM32F10x_StdPeriph_Driver/libstm32fw.a(stm32f10x_spi.o)
                0x0800a8da                SPI_I2S_DMACmd
 .text.SPI_I2S_SendData
                0x0800a8ec        0x4 lib/STM32F10x_StdPeriph_Driver/libstm32fw.a(stm32f10x_spi.o)
                0x0800a8ec                SPI_I2S_SendData
 .text.SPI_I2S_ReceiveData
                0x0800a8f0        0x6 lib/STM32F10x_StdPeriph_Driver/libstm32fw.a(stm32f10x_spi.o)
                0x0800a8f0                SPI_I2S_ReceiveData
 .text.SPI_CalculateCRC
                0x0800a8f6       0x18 lib/STM32F10x_StdPeriph_Driver/libstm32fw.a(stm32f10x_spi.o)
                0x0800a8f6                SPI_CalculateCRC
 .text.SPI_I2S_GetFlagStatus
                0x0800a90e        0xc lib/STM32F10x_StdPeriph_Driver/libstm32fw.a(stm32f10x_spi.o)
                0x0800a90e                SPI_I2S_GetFlagStatus
 *fill*         0x0800a91a        0x2 
 .text.TIM_TimeBaseInit
                0x0800a91c       0x3c lib/STM32F10x_StdPeriph_Driver/libstm32fw.a(stm32f10x_tim.o)
                0x0800a91c                TIM_TimeBaseInit
 .text.TIM_OC1Init
                0x0800a958       0x74 lib/STM32F10x_StdPeriph_Driver/libstm32fw.a(stm32f10x_tim.o)
                0x0800a958                TIM_OC1Init
 .text.TIM_Cmd  0x0800a9cc       0x18 lib/STM32F10x_StdPeriph_Driver/libstm32fw.a(stm32f10x_tim.o)
                0x0800a9cc                TIM_Cmd
 .text.TIM_CtrlPWMOutputs
                0x0800a9e4       0x1c lib/STM32F10x_StdPeriph_Driver/libstm32fw.a(stm32f10x_tim.o)
                0x0800a9e4                TIM_CtrlPWMOutputs
 .text.TIM_ARRPreloadConfig
                0x0800aa00       0x18 lib/STM32F10x_StdPeriph_Driver/libstm32fw.a(stm32f10x_tim.o)
                0x0800aa00                TIM_ARRPreloadConfig
 .text.TIM_OC1PreloadConfig
                0x0800aa18       0x10 lib/STM32F10x_StdPeriph_Driver/libstm32fw.a(stm32f10x_tim.o)
                0x0800aa18                TIM_OC1PreloadConfig
 .text.TIM_SetCompare1
                0x0800aa28        0x4 lib/STM32F10x_StdPeriph_Driver/libstm32fw.a(stm32f10x_tim.o)
                0x0800aa28                TIM_SetCompare1
 .text.USART_DeInit
                0x0800aa2c       0x98 lib/STM32F10x_StdPeriph_Driver/libstm32fw.a(stm32f10x_usart.o)
                0x0800aa2c                USART_DeInit
 .text.USART_Init
                0x0800aac4       0x88 lib/STM32F10x_StdPeriph_Driver/libstm32fw.a(stm32f10x_usart.o)
                0x0800aac4                USART_Init
 .text.USART_Cmd
                0x0800ab4c       0x18 lib/STM32F10x_StdPeriph_Driver/libstm32fw.a(stm32f10x_usart.o)
                0x0800ab4c                USART_Cmd
 .text.USART_ITConfig
                0x0800ab64       0x32 lib/STM32F10x_StdPeriph_Driver/libstm32fw.a(stm32f10x_usart.o)
                0x0800ab64                USART_ITConfig
 .text.USART_DMACmd
                0x0800ab96       0x12 lib/STM32F10x_StdPeriph_Driver/libstm32fw.a(stm32f10x_usart.o)
                0x0800ab96                USART_DMACmd
 .text.USART_SendData
                0x0800aba8        0x8 lib/STM32F10x_StdPeriph_Driver/libstm32fw.a(stm32f10x_usart.o)
                0x0800aba8                USART_SendData
 .text.USART_ReceiveData
                0x0800abb0        0x8 lib/STM32F10x_StdPeriph_Driver/libstm32fw.a(stm32f10x_usart.o)
                0x0800abb0                USART_ReceiveData
 .text.USART_GetFlagStatus
                0x0800abb8        0xc lib/STM32F10x_StdPeriph_Driver/libstm32fw.a(stm32f10x_usart.o)
                0x0800abb8                USART_GetFlagStatus
 .text.USART_GetITStatus
                0x0800abc4       0x3e lib/STM32F10x_StdPeriph_Driver/libstm32fw.a(stm32f10x_usart.o)
                0x0800abc4                USART_GetITStatus
 .text.USART_ClearITPendingBit
                0x0800ac02        0xe lib/STM32F10x_StdPeriph_Driver/libstm32fw.a(stm32f10x_usart.o)
                0x0800ac02                USART_ClearITPendingBit
 .text.Standard_GetConfiguration
                0x0800ac10       0x24 lib/STM32_USB-FS-Device_Driver/libstm32usb.a(usb_core.o)
                0x0800ac10                Standard_GetConfiguration
 .text.Standard_GetInterface
                0x0800ac34       0x24 lib/STM32_USB-FS-Device_Driver/libstm32usb.a(usb_core.o)
                0x0800ac34                Standard_GetInterface
 .text.Standard_GetStatus
                0x0800ac58       0x90 lib/STM32_USB-FS-Device_Driver/libstm32usb.a(usb_core.o)
                0x0800ac58                Standard_GetStatus
 .text.DataStageIn
                0x0800ace8       0xac lib/STM32_USB-FS-Device_Driver/libstm32usb.a(usb_core.o)
 .text.Standard_SetConfiguration
                0x0800ad94       0x38 lib/STM32_USB-FS-Device_Driver/libstm32usb.a(usb_core.o)
                0x0800ad94                Standard_SetConfiguration
 .text.Standard_SetInterface
                0x0800adcc       0x48 lib/STM32_USB-FS-Device_Driver/libstm32usb.a(usb_core.o)
                0x0800adcc                Standard_SetInterface
 .text.Standard_ClearFeature
                0x0800ae14       0xd8 lib/STM32_USB-FS-Device_Driver/libstm32usb.a(usb_core.o)
                0x0800ae14                Standard_ClearFeature
 .text.Standard_SetEndPointFeature
                0x0800aeec       0x8c lib/STM32_USB-FS-Device_Driver/libstm32usb.a(usb_core.o)
                0x0800aeec                Standard_SetEndPointFeature
 .text.Standard_SetDeviceFeature
                0x0800af78       0x24 lib/STM32_USB-FS-Device_Driver/libstm32usb.a(usb_core.o)
                0x0800af78                Standard_SetDeviceFeature
 .text.Standard_GetDescriptorData
                0x0800af9c       0x1c lib/STM32_USB-FS-Device_Driver/libstm32usb.a(usb_core.o)
                0x0800af9c                Standard_GetDescriptorData
 .text.Post0_Process
                0x0800afb8       0x44 lib/STM32_USB-FS-Device_Driver/libstm32usb.a(usb_core.o)
                0x0800afb8                Post0_Process
 .text.Setup0_Process
                0x0800affc      0x2dc lib/STM32_USB-FS-Device_Driver/libstm32usb.a(usb_core.o)
                0x0800affc                Setup0_Process
 .text.Out0_Process
                0x0800b2d8       0xcc lib/STM32_USB-FS-Device_Driver/libstm32usb.a(usb_core.o)
                0x0800b2d8                Out0_Process
 .text.SetDeviceAddress
                0x0800b3a4       0x40 lib/STM32_USB-FS-Device_Driver/libstm32usb.a(usb_core.o)
                0x0800b3a4                SetDeviceAddress
 .text.In0_Process
                0x0800b3e4       0x5c lib/STM32_USB-FS-Device_Driver/libstm32usb.a(usb_core.o)
                0x0800b3e4                In0_Process
 .text.NOP_Process
                0x0800b440        0x2 lib/STM32_USB-FS-Device_Driver/libstm32usb.a(usb_core.o)
                0x0800b440                NOP_Process
 *fill*         0x0800b442        0x2 
 .text.USB_Init
                0x0800b444       0x34 lib/STM32_USB-FS-Device_Driver/libstm32usb.a(usb_init.o)
                0x0800b444                USB_Init
 .text.CTR_LP   0x0800b478      0x170 lib/STM32_USB-FS-Device_Driver/libstm32usb.a(usb_int.o)
                0x0800b478                CTR_LP
 .text.CTR_HP   0x0800b5e8       0x74 lib/STM32_USB-FS-Device_Driver/libstm32usb.a(usb_int.o)
                0x0800b5e8                CTR_HP
 .text.UserToPMABufferCopy
                0x0800b65c       0x30 lib/STM32_USB-FS-Device_Driver/libstm32usb.a(usb_mem.o)
                0x0800b65c                UserToPMABufferCopy
 .text.PMAToUserBufferCopy
                0x0800b68c       0x24 lib/STM32_USB-FS-Device_Driver/libstm32usb.a(usb_mem.o)
                0x0800b68c                PMAToUserBufferCopy
 .text.SetBTABLE
                0x0800b6b0       0x10 lib/STM32_USB-FS-Device_Driver/libstm32usb.a(usb_regs.o)
                0x0800b6b0                SetBTABLE
 .text.SetEPType
                0x0800b6c0       0x1c lib/STM32_USB-FS-Device_Driver/libstm32usb.a(usb_regs.o)
                0x0800b6c0                SetEPType
 .text.SetEPTxStatus
                0x0800b6dc       0x32 lib/STM32_USB-FS-Device_Driver/libstm32usb.a(usb_regs.o)
                0x0800b6dc                SetEPTxStatus
 .text.SetEPRxStatus
                0x0800b70e       0x32 lib/STM32_USB-FS-Device_Driver/libstm32usb.a(usb_regs.o)
                0x0800b70e                SetEPRxStatus
 .text.SetEPRxValid
                0x0800b740       0x26 lib/STM32_USB-FS-Device_Driver/libstm32usb.a(usb_regs.o)
                0x0800b740                SetEPRxValid
 .text.Clear_Status_Out
                0x0800b766       0x20 lib/STM32_USB-FS-Device_Driver/libstm32usb.a(usb_regs.o)
                0x0800b766                Clear_Status_Out
 .text.ClearDTOG_RX
                0x0800b786       0x26 lib/STM32_USB-FS-Device_Driver/libstm32usb.a(usb_regs.o)
                0x0800b786                ClearDTOG_RX
 .text.ClearDTOG_TX
                0x0800b7ac       0x26 lib/STM32_USB-FS-Device_Driver/libstm32usb.a(usb_regs.o)
                0x0800b7ac                ClearDTOG_TX
 *fill*         0x0800b7d2        0x2 
 .text.SetEPTxAddr
                0x0800b7d4       0x20 lib/STM32_USB-FS-Device_Driver/libstm32usb.a(usb_regs.o)
                0x0800b7d4                SetEPTxAddr
 .text.SetEPRxAddr
                0x0800b7f4       0x20 lib/STM32_USB-FS-Device_Driver/libstm32usb.a(usb_regs.o)
                0x0800b7f4                SetEPRxAddr
 .text.GetEPTxAddr
                0x0800b814       0x20 lib/STM32_USB-FS-Device_Driver/libstm32usb.a(usb_regs.o)
                0x0800b814                GetEPTxAddr
 .text.GetEPRxAddr
                0x0800b834       0x20 lib/STM32_USB-FS-Device_Driver/libstm32usb.a(usb_regs.o)
                0x0800b834                GetEPRxAddr
 .text.SetEPTxCount
                0x0800b854       0x1c lib/STM32_USB-FS-Device_Driver/libstm32usb.a(usb_regs.o)
                0x0800b854                SetEPTxCount
 .text.SetEPRxCount
                0x0800b870       0x40 lib/STM32_USB-FS-Device_Driver/libstm32usb.a(usb_regs.o)
                0x0800b870                SetEPRxCount
 .text.GetEPRxCount
                0x0800b8b0       0x20 lib/STM32_USB-FS-Device_Driver/libstm32usb.a(usb_regs.o)
                0x0800b8b0                GetEPRxCount
 .text.ByteSwap
                0x0800b8d0        0xa lib/STM32_USB-FS-Device_Driver/libstm32usb.a(usb_regs.o)
                0x0800b8d0                ByteSwap
 *fill*         0x0800b8da        0x2 
 .text.USB_SIL_Init
                0x0800b8dc       0x20 lib/STM32_USB-FS-Device_Driver/libstm32usb.a(usb_sil.o)
                0x0800b8dc                USB_SIL_Init
 .text.USB_SIL_Write
                0x0800b8fc       0x28 lib/STM32_USB-FS-Device_Driver/libstm32usb.a(usb_sil.o)
                0x0800b8fc                USB_SIL_Write
 .text.USB_SIL_Read
                0x0800b924       0x24 lib/STM32_USB-FS-Device_Driver/libstm32usb.a(usb_sil.o)
                0x0800b924                USB_SIL_Read
 .text.memset   0x0800b948       0x9c /home/laurence/ARM-GCC/gcc-arm-none-eabi-4_9-2014q4/bin/../lib/gcc/arm-none-eabi/4.9.3/../../../../arm-none-eabi/lib/armv7-m/libg.a(lib_a-memset.o)
                0x0800b948                memset
 .text._sbrk    0x0800b9e4       0x1c /home/laurence/ARM-GCC/gcc-arm-none-eabi-4_9-2014q4/bin/../lib/gcc/arm-none-eabi/4.9.3/../../../../arm-none-eabi/lib/armv7-m/libnosys.a(sbrk.o)
                0x0800b9e4                _sbrk
 *(.rodata)
 .rodata        0x0800ba00       0xb8 /tmp/cc67u0Md.ltrans0.ltrans.o
 .rodata        0x0800bab8      0x4d0 /tmp/cc67u0Md.ltrans1.ltrans.o
 .rodata        0x0800bf88        0xc /tmp/cc67u0Md.ltrans4.ltrans.o
 .rodata        0x0800bf94      0x140 /tmp/cc67u0Md.ltrans5.ltrans.o
 .rodata        0x0800c0d4       0x50 /tmp/cc67u0Md.ltrans6.ltrans.o
 .rodata        0x0800c124       0x80 /tmp/cc67u0Md.ltrans7.ltrans.o
 *(.rodata*)
 .rodata.str1.4
                0x0800c1a4        0x6 /tmp/cc67u0Md.ltrans2.ltrans.o
                                  0x8 (size before relaxing)
 *fill*         0x0800c1aa        0x2 
 .rodata.L3GD20_setup
                0x0800c1ac        0x8 /tmp/cc67u0Md.ltrans3.ltrans.o
 .rodata.MASS_DeviceDescriptor
                0x0800c1b4       0x14 /tmp/cc67u0Md.ltrans5.ltrans.o
 .rodata.str1.4
                0x0800c1c8      0x14d /tmp/cc67u0Md.ltrans5.ltrans.o
                                0x150 (size before relaxing)
 *fill*         0x0800c315        0x3 
 .rodata.str1.4
                0x0800c318      0x325 /tmp/cc67u0Md.ltrans6.ltrans.o
                                0x32c (size before relaxing)
 *fill*         0x0800c63d        0x3 
 .rodata.str1.4
                0x0800c640       0x13 /tmp/cc67u0Md.ltrans7.ltrans.o
                                 0x14 (size before relaxing)
 *fill*         0x0800c653        0x1 
 .rodata.str1.4
                0x0800c654       0x40 /tmp/cc67u0Md.ltrans8.ltrans.o
 .rodata.str1.4
                0x0800c694        0x2 /home/laurence/ARM-GCC/gcc-arm-none-eabi-4_9-2014q4/bin/../lib/gcc/arm-none-eabi/4.9.3/../../../../arm-none-eabi/lib/armv7-m/libg.a(lib_a-impure.o)
                                  0x4 (size before relaxing)
 *(.glue_7)
 .glue_7        0x00000000        0x0 linker stubs
 *(.glue_7t)
 .glue_7t       0x00000000        0x0 linker stubs
 *(.init)
 *fill*         0x0800c696        0x2 
 .init          0x0800c698        0x4 /home/laurence/ARM-GCC/gcc-arm-none-eabi-4_9-2014q4/bin/../lib/gcc/arm-none-eabi/4.9.3/armv7-m/crti.o
                0x0800c698                _init
 .init          0x0800c69c        0x8 /home/laurence/ARM-GCC/gcc-arm-none-eabi-4_9-2014q4/bin/../lib/gcc/arm-none-eabi/4.9.3/armv7-m/crtn.o
 *(.fini)
 .fini          0x0800c6a4        0x4 /home/laurence/ARM-GCC/gcc-arm-none-eabi-4_9-2014q4/bin/../lib/gcc/arm-none-eabi/4.9.3/armv7-m/crti.o
                0x0800c6a4                _fini
 .fini          0x0800c6a8        0x8 /home/laurence/ARM-GCC/gcc-arm-none-eabi-4_9-2014q4/bin/../lib/gcc/arm-none-eabi/4.9.3/armv7-m/crtn.o
                0x0800c6b0                . = ALIGN (0x4)
                0x0800c6b0                _etext = .
                0x0800c6b0                _sidata = _etext

.vfp11_veneer   0x0800c6b0        0x0
 .vfp11_veneer  0x00000000        0x0 linker stubs

.v4_bx          0x0800c6b0        0x0
 .v4_bx         0x00000000        0x0 linker stubs

.iplt           0x0800c6b0        0x0
 .iplt          0x00000000        0x0 /home/laurence/ARM-GCC/gcc-arm-none-eabi-4_9-2014q4/bin/../lib/gcc/arm-none-eabi/4.9.3/armv7-m/crtbegin.o

.rel.dyn        0x0800c6b0        0x0
 .rel.iplt      0x00000000        0x0 /home/laurence/ARM-GCC/gcc-arm-none-eabi-4_9-2014q4/bin/../lib/gcc/arm-none-eabi/4.9.3/armv7-m/crtbegin.o

.flashpatch     0x00000000        0x0
                0x00000000                . = ALIGN (0x4)
 *(.flashpatch)
                0x00000000                . = ALIGN (0x4)

.endflash       0x00000000        0x0
                0x00000000                . = ALIGN (0x4)
 *(.endflash)
                0x00000000                . = ALIGN (0x4)
                0x00000000                _e_endflash = .

.data           0x20000000      0x9dc load address 0x0800c6b0
                0x20000000                . = ALIGN (0x4)
                0x20000000                _sdata = .
                0x20000000                _data = .
 *(.data)
 .data          0x20000000        0x8 /tmp/cc67u0Md.ltrans0.ltrans.o
                0x20000004                Device_Table
 .data          0x20000008       0x74 /tmp/cc67u0Md.ltrans1.ltrans.o
 .data          0x2000007c        0x1 /tmp/cc67u0Md.ltrans2.ltrans.o
 *fill*         0x2000007d        0x3 
 .data          0x20000080       0x20 /tmp/cc67u0Md.ltrans3.ltrans.o
 .data          0x200000a0        0x4 /tmp/cc67u0Md.ltrans4.ltrans.o
 .data          0x200000a4       0xe4 /tmp/cc67u0Md.ltrans5.ltrans.o
                0x200000f8                Device_Property
                0x2000012c                pEpInt_IN
                0x20000148                pEpInt_OUT
                0x20000164                User_Standard_Requests
 *(.data.*)
 .data.__malloc_av_
                0x20000188      0x408 /home/laurence/ARM-GCC/gcc-arm-none-eabi-4_9-2014q4/bin/../lib/gcc/arm-none-eabi/4.9.3/../../../../arm-none-eabi/lib/armv7-m/libg.a(lib_a-mallocr.o)
                0x20000188                __malloc_av_
 .data.__malloc_trim_threshold
                0x20000590        0x4 /home/laurence/ARM-GCC/gcc-arm-none-eabi-4_9-2014q4/bin/../lib/gcc/arm-none-eabi/4.9.3/../../../../arm-none-eabi/lib/armv7-m/libg.a(lib_a-mallocr.o)
                0x20000590                __malloc_trim_threshold
 .data.__malloc_sbrk_base
                0x20000594        0x4 /home/laurence/ARM-GCC/gcc-arm-none-eabi-4_9-2014q4/bin/../lib/gcc/arm-none-eabi/4.9.3/../../../../arm-none-eabi/lib/armv7-m/libg.a(lib_a-mallocr.o)
                0x20000594                __malloc_sbrk_base
 .data.ADCPrescTable
                0x20000598        0x4 lib/STM32F10x_StdPeriph_Driver/libstm32fw.a(stm32f10x_rcc.o)
 .data.APBAHBPrescTable
                0x2000059c       0x10 lib/STM32F10x_StdPeriph_Driver/libstm32fw.a(stm32f10x_rcc.o)
 *fill*         0x200005ac        0x4 
 .data.impure_data
                0x200005b0      0x428 /home/laurence/ARM-GCC/gcc-arm-none-eabi-4_9-2014q4/bin/../lib/gcc/arm-none-eabi/4.9.3/../../../../arm-none-eabi/lib/armv7-m/libg.a(lib_a-impure.o)
 .data._impure_ptr
                0x200009d8        0x4 /home/laurence/ARM-GCC/gcc-arm-none-eabi-4_9-2014q4/bin/../lib/gcc/arm-none-eabi/4.9.3/../../../../arm-none-eabi/lib/armv7-m/libg.a(lib_a-impure.o)
                0x200009d8                _impure_ptr
 *(.RAMtext)
                0x200009dc                . = ALIGN (0x4)
                0x200009dc                _edata = .
                0x0800d08c                _eidata = (_sidata + (_edata - _sdata))
                0x08020000                _lastdataromaddress = (ORIGIN (FLASH) + 0x20000)
                0x00000000                toobig = (_eidata > _lastdataromaddress)?!!!!!!!!! FLASH IS FULL !!!!!!!!!:0x0

.igot.plt       0x200009dc        0x0 load address 0x0800d08c
 .igot.plt      0x00000000        0x0 /home/laurence/ARM-GCC/gcc-arm-none-eabi-4_9-2014q4/bin/../lib/gcc/arm-none-eabi/4.9.3/armv7-m/crtbegin.o

.bss            0x200009e0      0xf2c load address 0x0800d090
                0x200009e0                . = ALIGN (0x4)
                0x200009e0                _sbss = .
                0x200009e0                _bss = .
 *(.bss)
 .bss           0x200009e0       0x60 /tmp/cc67u0Md.ltrans0.ltrans.o
 .bss           0x20000a40       0x3c /tmp/cc67u0Md.ltrans1.ltrans.o
                0x20000a40                Mass_Block_Count
                0x20000a48                CBW
                0x20000a68                Mass_Block_Size
                0x20000a70                Bot_State
 .bss           0x20000a7c       0x94 /tmp/cc67u0Md.ltrans2.ltrans.o
                0x20000b00                Timer1.lto_priv.8
                0x20000b04                Timer2.lto_priv.9
                0x20000b0d                Sd_Spi_Called_From_USB_MSC
 .bss           0x20000b10       0x28 /tmp/cc67u0Md.ltrans3.ltrans.o
 .bss           0x20000b38       0x90 /tmp/cc67u0Md.ltrans5.ltrans.o
                0x20000b40                wIstr
 .bss           0x20000bc8      0x718 /tmp/cc67u0Md.ltrans6.ltrans.o
                0x20000ff0                bootsource
                0x20000ff4                Battery_Voltage
                0x2000124c                Silabs_driver_state
                0x20001284                Gyro_XY_Rate
                0x20001288                Gyro_Z_Rate
                0x2000128c                Ind_Voltage
                0x20001290                Auto_volt
                0x20001294                Ignition_Selftest
                0x20001296                AutoSequence
                0x20001298                Gyro_x_buffer
                0x200012a4                Gyro_y_buffer
                0x200012b0                Gyro_z_buffer
                0x200012c0                I2C1error
                0x200012c4                L3GD20_Data_Buffer
                0x200012cc                System_state_Global
                0x200012d0                Aux_Voltage
                0x200012d4                Gyro_Temperature
                0x200012d8                Auto_spin
                0x200012dc                Shutdown_System
 .bss           0x200012e0        0x8 /tmp/cc67u0Md.ltrans7.ltrans.o
 .bss           0x200012e8      0x58c /tmp/cc67u0Md.ltrans8.ltrans.o
                0x200012e8                FATFS_logfile
                0x20001510                print_string
                0x20001610                Usart1_rx_buff
                0x2000161c                Gps_Buffer
                0x20001628                FATFS_wavfile_gyro
                0x20001868                Millis
                0x2000186c                Jobs
                0x20001870                Completed_Jobs
 *(.bss.*)
 .bss.Page00_Inquiry_Data
                0x20001874        0x8 /tmp/cc67u0Md.ltrans1.ltrans.o
 .bss.bIntPackSOF
                0x2000187c        0x1 /tmp/cc67u0Md.ltrans5.ltrans.o
 *fill*         0x2000187d        0x3 
 .bss.Status    0x20001880        0x4 /tmp/cc67u0Md.ltrans5.ltrans.o
 .bss.Max_Lun   0x20001884        0x4 /tmp/cc67u0Md.ltrans5.ltrans.o
 .bss.bDeviceState
                0x20001888        0x4 /tmp/cc67u0Md.ltrans6.ltrans.o
                0x20001888                bDeviceState
 .bss.file_opened
                0x2000188c        0x1 /tmp/cc67u0Md.ltrans6.ltrans.o
 .bss.Last_RSSI
                0x2000188d        0x1 /tmp/cc67u0Md.ltrans6.ltrans.o
                0x2000188d                Last_RSSI
 *fill*         0x2000188e        0x2 
 .bss.__malloc_max_total_mem
                0x20001890        0x4 /home/laurence/ARM-GCC/gcc-arm-none-eabi-4_9-2014q4/bin/../lib/gcc/arm-none-eabi/4.9.3/../../../../arm-none-eabi/lib/armv7-m/libg.a(lib_a-mallocr.o)
                0x20001890                __malloc_max_total_mem
 .bss.__malloc_max_sbrked_mem
                0x20001894        0x4 /home/laurence/ARM-GCC/gcc-arm-none-eabi-4_9-2014q4/bin/../lib/gcc/arm-none-eabi/4.9.3/../../../../arm-none-eabi/lib/armv7-m/libg.a(lib_a-mallocr.o)
                0x20001894                __malloc_max_sbrked_mem
 .bss.__malloc_top_pad
                0x20001898        0x4 /home/laurence/ARM-GCC/gcc-arm-none-eabi-4_9-2014q4/bin/../lib/gcc/arm-none-eabi/4.9.3/../../../../arm-none-eabi/lib/armv7-m/libg.a(lib_a-mallocr.o)
                0x20001898                __malloc_top_pad
 .bss.__malloc_current_mallinfo
                0x2000189c       0x28 /home/laurence/ARM-GCC/gcc-arm-none-eabi-4_9-2014q4/bin/../lib/gcc/arm-none-eabi/4.9.3/../../../../arm-none-eabi/lib/armv7-m/libg.a(lib_a-mallocr.o)
                0x2000189c                __malloc_current_mallinfo
 .bss.Data_Mul_MaxPacketSize
                0x200018c4        0x1 lib/STM32_USB-FS-Device_Driver/libstm32usb.a(usb_core.o)
                0x200018c4                Data_Mul_MaxPacketSize
 *fill*         0x200018c5        0x3 