Archive member included because of file (symbol)

lib/STM32F10x_StdPeriph_Driver/libstm32fw.a(misc.o)
                              interrupts.o (symbol from plugin) (NVIC_PriorityGroupConfig)
lib/STM32F10x_StdPeriph_Driver/libstm32fw.a(stm32f10x_adc.o)
                              adc.o (symbol from plugin) (ADC_DeInit)
lib/STM32F10x_StdPeriph_Driver/libstm32fw.a(stm32f10x_bkp.o)
                              Util/fat_fs/src/rtc.o (symbol from plugin) (BKP_DeInit)
lib/STM32F10x_StdPeriph_Driver/libstm32fw.a(stm32f10x_dbgmcu.o)
                              main.o (symbol from plugin) (DBGMCU_Config)
lib/STM32F10x_StdPeriph_Driver/libstm32fw.a(stm32f10x_dma.o)
                              Silabs/si446x.o (symbol from plugin) (DMA_DeInit)
lib/STM32F10x_StdPeriph_Driver/libstm32fw.a(stm32f10x_exti.o)
                              Silabs/si446x.o (symbol from plugin) (EXTI_DeInit)
lib/STM32F10x_StdPeriph_Driver/libstm32fw.a(stm32f10x_gpio.o)
                              Silabs/si446x.o (symbol from plugin) (GPIO_Init)
lib/STM32F10x_StdPeriph_Driver/libstm32fw.a(stm32f10x_i2c.o)
                              i2c_int.o (symbol from plugin) (I2C_DeInit)
lib/STM32F10x_StdPeriph_Driver/libstm32fw.a(stm32f10x_iwdg.o)
                              watchdog.o (symbol from plugin) (IWDG_WriteAccessCmd)
lib/STM32F10x_StdPeriph_Driver/libstm32fw.a(stm32f10x_pwr.o)
                              pwr.o (symbol from plugin) (PWR_DeInit)
lib/STM32F10x_StdPeriph_Driver/libstm32fw.a(stm32f10x_rcc.o)
                              interrupts.o (symbol from plugin) (RCC_HCLKConfig)
lib/STM32F10x_StdPeriph_Driver/libstm32fw.a(stm32f10x_rtc.o)
                              Util/fat_fs/src/rtc.o (symbol from plugin) (RTC_GetCounter)
lib/STM32F10x_StdPeriph_Driver/libstm32fw.a(stm32f10x_spi.o)
                              Util/fat_fs/src/sd_spi_stm32.o (symbol from plugin) (SPI_I2S_DeInit)
lib/STM32F10x_StdPeriph_Driver/libstm32fw.a(stm32f10x_tim.o)
                              pwm.o (symbol from plugin) (TIM_TimeBaseInit)
lib/STM32F10x_StdPeriph_Driver/libstm32fw.a(stm32f10x_usart.o)
                              usart.o (symbol from plugin) (USART_DeInit)
lib/STM32_USB-FS-Device_Driver/libstm32usb.a(usb_core.o)
                              Util/USB/usb_prop.o (symbol from plugin) (Standard_GetDescriptorData)
lib/STM32_USB-FS-Device_Driver/libstm32usb.a(usb_init.o)
                              main.o (symbol from plugin) (USB_Init)
lib/STM32_USB-FS-Device_Driver/libstm32usb.a(usb_int.o)
                              Util/USB/usb_istr.o (symbol from plugin) (CTR_LP)
lib/STM32_USB-FS-Device_Driver/libstm32usb.a(usb_mem.o)
                              lib/STM32_USB-FS-Device_Driver/libstm32usb.a(usb_core.o) (UserToPMABufferCopy)
lib/STM32_USB-FS-Device_Driver/libstm32usb.a(usb_regs.o)
                              Util/USB/usb_prop.o (symbol from plugin) (SetBTABLE)
lib/STM32_USB-FS-Device_Driver/libstm32usb.a(usb_sil.o)
                              Util/USB/usb_prop.o (symbol from plugin) (USB_SIL_Init)
/home/laurence/ARM-GCC/bin/../lib/gcc/arm-none-eabi/4.7.4/../../../../arm-none-eabi/lib/armv7-m/libc.a(lib_a-__atexit.o)
                              /home/laurence/ARM-GCC/bin/../lib/gcc/arm-none-eabi/4.7.4/../../../../arm-none-eabi/lib/armv7-m/crt0.o (__register_exitproc)
/home/laurence/ARM-GCC/bin/../lib/gcc/arm-none-eabi/4.7.4/../../../../arm-none-eabi/lib/armv7-m/libc.a(lib_a-exit.o)
                              /home/laurence/ARM-GCC/bin/../lib/gcc/arm-none-eabi/4.7.4/../../../../arm-none-eabi/lib/armv7-m/crt0.o (exit)
/home/laurence/ARM-GCC/bin/../lib/gcc/arm-none-eabi/4.7.4/../../../../arm-none-eabi/lib/armv7-m/libc.a(lib_a-fini.o)
                              /home/laurence/ARM-GCC/bin/../lib/gcc/arm-none-eabi/4.7.4/../../../../arm-none-eabi/lib/armv7-m/crt0.o (__libc_fini_array)
/home/laurence/ARM-GCC/bin/../lib/gcc/arm-none-eabi/4.7.4/../../../../arm-none-eabi/lib/armv7-m/libc.a(lib_a-impure.o)
                              /home/laurence/ARM-GCC/bin/../lib/gcc/arm-none-eabi/4.7.4/../../../../arm-none-eabi/lib/armv7-m/libc.a(lib_a-__atexit.o) (_global_impure_ptr)
/home/laurence/ARM-GCC/bin/../lib/gcc/arm-none-eabi/4.7.4/../../../../arm-none-eabi/lib/armv7-m/libc.a(lib_a-init.o)
                              /home/laurence/ARM-GCC/bin/../lib/gcc/arm-none-eabi/4.7.4/../../../../arm-none-eabi/lib/armv7-m/crt0.o (__libc_init_array)
/home/laurence/ARM-GCC/bin/../lib/gcc/arm-none-eabi/4.7.4/../../../../arm-none-eabi/lib/armv7-m/libc.a(lib_a-memset.o)
                              /home/laurence/ARM-GCC/bin/../lib/gcc/arm-none-eabi/4.7.4/../../../../arm-none-eabi/lib/armv7-m/crt0.o (memset)
/home/laurence/ARM-GCC/bin/../lib/gcc/arm-none-eabi/4.7.4/../../../../arm-none-eabi/lib/armv7-m/libc.a(lib_a-__call_atexit.o)
                              /home/laurence/ARM-GCC/bin/../lib/gcc/arm-none-eabi/4.7.4/../../../../arm-none-eabi/lib/armv7-m/libc.a(lib_a-exit.o) (__call_exitprocs)
[...]
Memory Configuration

Name             Origin             Length             Attributes
RAM              0x20000000         0x00005000         xrw
FLASH            0x08000000         0x00020000         xr
FLASHB1          0x00000000         0x00000000         xr
EXTMEMB0         0x00000000         0x00000000         xr
EXTMEMB1         0x00000000         0x00000000         xr
EXTMEMB2         0x00000000         0x00000000         xr
EXTMEMB3         0x00000000         0x00000000         xr
STARTFLASH       0x00000000         0xffffffff
CRPPATCH         0x00000000         0xffffffff
FLASHPATCH       0x00000000         0xffffffff
ENDFLASH         0x00000000         0xffffffff
*default*        0x00000000         0xffffffff

Linker script and memory map

LOAD /home/laurence/ARM-GCC/bin/../lib/gcc/arm-none-eabi/4.7.4/armv7-m/crti.o
LOAD /home/laurence/ARM-GCC/bin/../lib/gcc/arm-none-eabi/4.7.4/armv7-m/crtbegin.o
LOAD /home/laurence/ARM-GCC/bin/../lib/gcc/arm-none-eabi/4.7.4/../../../../arm-none-eabi/lib/armv7-m/crt0.o
LOAD Silabs/si446x.o
LOAD /tmp/cc5QBZ0f.ltrans0.ltrans.o
LOAD /tmp/cc5QBZ0f.ltrans1.ltrans.o
LOAD /tmp/cc5QBZ0f.ltrans2.ltrans.o
LOAD /tmp/cc5QBZ0f.ltrans3.ltrans.o
LOAD /tmp/cc5QBZ0f.ltrans4.ltrans.o
LOAD /tmp/cc5QBZ0f.ltrans5.ltrans.o
LOAD /tmp/cc5QBZ0f.ltrans6.ltrans.o
LOAD /tmp/cc5QBZ0f.ltrans7.ltrans.o
LOAD /tmp/cc5QBZ0f.ltrans8.ltrans.o
LOAD /tmp/cc5QBZ0f.ltrans9.ltrans.o
LOAD /home/laurence/ARM-GCC/bin/../lib/gcc/arm-none-eabi/4.7.4/armv7-m/libgcc.a
LOAD /home/laurence/ARM-GCC/bin/../lib/gcc/arm-none-eabi/4.7.4/../../../../arm-none-eabi/lib/armv7-m/libc.a
LOAD Ublox/ubx.o
LOAD Util/USB/hw_config.o
LOAD Util/USB/mass_mal.o
LOAD Util/USB/memory.o
LOAD Util/USB/scsi_data.o
LOAD Util/USB/usb_bot.o
LOAD Util/USB/usb_desc.o
LOAD Util/USB/usb_endp.o
LOAD Util/USB/usb_istr.o
LOAD Util/USB/usb_prop.o
LOAD Util/USB/usb_pwr.o
LOAD Util/USB/usb_scsi.o
LOAD Util/buffer.o
LOAD Util/crc.o
LOAD Util/delay.o
LOAD Util/fat_fs/option/ccsbcs.o
LOAD Util/fat_fs/src/fattime.o
LOAD Util/fat_fs/src/ff.o
LOAD Util/fat_fs/src/rtc.o
LOAD Util/fat_fs/src/sd_spi_stm32.o
LOAD Util/polygon.o
LOAD Util/rprintf.o
LOAD Util/wave.o
LOAD adc.o
LOAD dma.o
LOAD gpio.o
LOAD i2c_int.o
LOAD interrupts.o
LOAD lib/CMSIS_CM3/core_cm3.o
LOAD lib/CMSIS_CM3/startup/gcc/startup_stm32f10x_md.o
LOAD lib/CMSIS_CM3/system_stm32f10x.o
LOAD main.o
LOAD pwm.o
LOAD pwr.o
LOAD usart.o
LOAD watchdog.o
LOAD lib/STM32F10x_StdPeriph_Driver/libstm32fw.a
LOAD lib/STM32_USB-FS-Device_Driver/libstm32usb.a
LOAD /home/laurence/ARM-GCC/bin/../lib/gcc/arm-none-eabi/4.7.4/../../../../arm-none-eabi/lib/armv7-m/libm.a
LOAD /home/laurence/ARM-GCC/bin/../lib/gcc/arm-none-eabi/4.7.4/../../../../arm-none-eabi/lib/armv7-m/libnosys.a
START GROUP
LOAD /home/laurence/ARM-GCC/bin/../lib/gcc/arm-none-eabi/4.7.4/armv7-m/libgcc.a
LOAD /home/laurence/ARM-GCC/bin/../lib/gcc/arm-none-eabi/4.7.4/../../../../arm-none-eabi/lib/armv7-m/libc.a
END GROUP
LOAD /home/laurence/ARM-GCC/bin/../lib/gcc/arm-none-eabi/4.7.4/armv7-m/crtend.o
LOAD /home/laurence/ARM-GCC/bin/../lib/gcc/arm-none-eabi/4.7.4/armv7-m/crtn.o
                0x00002000                __Stack_Size = 0x2000
                0x00002000                PROVIDE (_Stack_Size, __Stack_Size)
                0x20003000                __Stack_Init = (_estack - __Stack_Size)
                0x20003000                PROVIDE (_Stack_Init, __Stack_Init)
                0x00002000                _Minimum_Stack_Size = 0x2000
                0x00000000                PROVIDE (Undefined_Handler, 0x0)
                0x00000000                PROVIDE (SWI_Handler, 0x0)
                0x00000000                PROVIDE (IRQ_Handler, 0x0)
                0x00000000                PROVIDE (Prefetch_Handler, 0x0)
                0x00000000                PROVIDE (Abort_Handler, 0x0)
                0x00000000                PROVIDE (FIQ_Handler, 0x0)
                0x00000000                PROVIDE (NMIException, 0x0)
                0x00000000                PROVIDE (NMI_Handler, 0x0)
                0x00000000                PROVIDE (HardFaultException, 0x0)
                0x00000000                PROVIDE (HardFault_Handler, 0x0)
                0x00000000                PROVIDE (MemManageException, 0x0)
                0x00000000                PROVIDE (MemManage_Handler, 0x0)
                0x00000000                PROVIDE (BusFaultException, 0x0)
                0x00000000                PROVIDE (BusFault_Handler, 0x0)
                0x00000000                PROVIDE (UsageFaultException, 0x0)
                0x00000000                PROVIDE (UsageFault_Handler, 0x0)
                0x00000000                PROVIDE (SVCHandler, 0x0)
                0x00000000                PROVIDE (SVC_Handler, 0x0)
                0x00000000                PROVIDE (DebugMonitor, 0x0)
                0x00000000                PROVIDE (DebugMon_Handler, 0x0)
                0x00000000                PROVIDE (PendSVC, 0x0)
                0x00000000                PROVIDE (PendSV_Handler, 0x0)
                0x00000000                PROVIDE (SysTickHandler, 0x0)
                0x00000000                PROVIDE (SysTick_Handler, 0x0)
                0x00000000                PROVIDE (WWDG_IRQHandler, 0x0)
                0x00000000                PROVIDE (PVD_IRQHandler, 0x0)
                0x00000000                PROVIDE (TAMPER_IRQHandler, 0x0)
                0x00000000                PROVIDE (RTC_IRQHandler, 0x0)
                0x00000000                PROVIDE (FLASH_IRQHandler, 0x0)
                0x00000000                PROVIDE (RCC_IRQHandler, 0x0)
                0x00000000                PROVIDE (EXTI0_IRQHandler, 0x0)
                0x00000000                PROVIDE (EXTI1_IRQHandler, 0x0)
                0x00000000                PROVIDE (EXTI2_IRQHandler, 0x0)
                0x00000000                PROVIDE (EXTI3_IRQHandler, 0x0)
                0x00000000                PROVIDE (EXTI4_IRQHandler, 0x0)
                0x00000000                PROVIDE (DMAChannel1_IRQHandler, 0x0)
                0x00000000                PROVIDE (DMAChannel2_IRQHandler, 0x0)
                0x00000000                PROVIDE (DMAChannel3_IRQHandler, 0x0)
                0x00000000                PROVIDE (DMAChannel4_IRQHandler, 0x0)
                0x00000000                PROVIDE (DMAChannel5_IRQHandler, 0x0)
                0x00000000                PROVIDE (DMAChannel6_IRQHandler, 0x0)
                0x00000000                PROVIDE (DMAChannel7_IRQHandler, 0x0)
                0x00000000                PROVIDE (DMA1_Channel1_IRQHandler, 0x0)
                0x00000000                PROVIDE (DMA1_Channel2_IRQHandler, 0x0)
                0x00000000                PROVIDE (DMA1_Channel3_IRQHandler, 0x0)
                0x00000000                PROVIDE (DMA1_Channel4_IRQHandler, 0x0)
                0x00000000                PROVIDE (DMA1_Channel5_IRQHandler, 0x0)
                0x00000000                PROVIDE (DMA1_Channel6_IRQHandler, 0x0)
                0x00000000                PROVIDE (DMA1_Channel7_IRQHandler, 0x0)
                0x00000000                PROVIDE (ADC_IRQHandler, 0x0)
                0x00000000                PROVIDE (ADC1_2_IRQHandler, 0x0)
                0x00000000                PROVIDE (USB_HP_CAN_TX_IRQHandler, 0x0)
                0x00000000                PROVIDE (USB_HP_CAN1_TX_IRQHandler, 0x0)
                0x00000000                PROVIDE (USB_LP_CAN_RX0_IRQHandler, 0x0)
                0x00000000                PROVIDE (USB_LP_CAN1_RX0_IRQHandler, 0x0)
                0x00000000                PROVIDE (CAN_RX1_IRQHandler, 0x0)
                0x00000000                PROVIDE (CAN1_RX1_IRQHandler, 0x0)
                0x00000000                PROVIDE (CAN_SCE_IRQHandler, 0x0)
                0x00000000                PROVIDE (CAN1_SCE_IRQHandler, 0x0)
                0x00000000                PROVIDE (EXTI9_5_IRQHandler, 0x0)
                0x00000000                PROVIDE (TIM1_BRK_IRQHandler, 0x0)
                0x00000000                PROVIDE (TIM1_UP_IRQHandler, 0x0)
                0x00000000                PROVIDE (TIM1_TRG_COM_IRQHandler, 0x0)
                0x00000000                PROVIDE (TIM1_CC_IRQHandler, 0x0)
                0x00000000                PROVIDE (TIM2_IRQHandler, 0x0)
                0x00000000                PROVIDE (TIM3_IRQHandler, 0x0)
                0x00000000                PROVIDE (TIM4_IRQHandler, 0x0)
                0x00000000                PROVIDE (I2C1_EV_IRQHandler, 0x0)
                0x00000000                PROVIDE (I2C1_ER_IRQHandler, 0x0)
                0x00000000                PROVIDE (I2C2_EV_IRQHandler, 0x0)
                0x00000000                PROVIDE (I2C2_ER_IRQHandler, 0x0)
                0x00000000                PROVIDE (SPI1_IRQHandler, 0x0)
                0x00000000                PROVIDE (SPI2_IRQHandler, 0x0)
                0x00000000                PROVIDE (USART1_IRQHandler, 0x0)
                0x00000000                PROVIDE (USART2_IRQHandler, 0x0)
                0x00000000                PROVIDE (USART3_IRQHandler, 0x0)
                0x00000000                PROVIDE (EXTI15_10_IRQHandler, 0x0)
                0x00000000                PROVIDE (RTCAlarm_IRQHandler, 0x0)
                0x00000000                PROVIDE (USBWakeUp_IRQHandler, 0x0)
                0x00000000                PROVIDE (TIM8_BRK_IRQHandler, 0x0)
                0x00000000                PROVIDE (TIM8_UP_IRQHandler, 0x0)
                0x00000000                PROVIDE (TIM8_TRG_COM_IRQHandler, 0x0)
                0x00000000                PROVIDE (TIM8_CC_IRQHandler, 0x0)
                0x00000000                PROVIDE (ADC3_IRQHandler, 0x0)
                0x00000000                PROVIDE (FSMC_IRQHandler, 0x0)
                0x00000000                PROVIDE (SDIO_IRQHandler, 0x0)
                0x00000000                PROVIDE (TIM5_IRQHandler, 0x0)
                0x00000000                PROVIDE (SPI3_IRQHandler, 0x0)
                0x00000000                PROVIDE (UART4_IRQHandler, 0x0)
                0x00000000                PROVIDE (UART5_IRQHandler, 0x0)
                0x00000000                PROVIDE (TIM6_IRQHandler, 0x0)
                0x00000000                PROVIDE (TIM7_IRQHandler, 0x0)
                0x00000000                PROVIDE (DMA2_Channel1_IRQHandler, 0x0)
                0x00000000                PROVIDE (DMA2_Channel2_IRQHandler, 0x0)
                0x00000000                PROVIDE (DMA2_Channel3_IRQHandler, 0x0)
                0x00000000                PROVIDE (DMA2_Channel4_5_IRQHandler, 0x0)
                0x42000000                PERIPH_BB_BASE = 0x42000000
                0x22000000                SRAM_BB_BASE = 0x22000000
                0x20000000                SRAM_BASE = 0x20000000
                0x40000000                PERIPH_BASE = 0x40000000
                0x40022000                PROVIDE (FLASH_BASE, 0x40022000)
                0x1ffff800                PROVIDE (OB_BASE, 0x1ffff800)
                0x40000000                APB1PERIPH_BASE = PERIPH_BASE
                0x40010000                APB2PERIPH_BASE = (PERIPH_BASE + 0x10000)
                0x40020000                AHBPERIPH_BASE = (PERIPH_BASE + 0x20000)
                0x40000000                PROVIDE (TIM2, (APB1PERIPH_BASE + 0x0))
                0x40000400                PROVIDE (TIM3, (APB1PERIPH_BASE + 0x400))
                0x40000800                PROVIDE (TIM4, (APB1PERIPH_BASE + 0x800))
                0x40002800                PROVIDE (RTC, (APB1PERIPH_BASE + 0x2800))
                0x40002c00                PROVIDE (WWDG, (APB1PERIPH_BASE + 0x2c00))
                0x40003000                PROVIDE (IWDG, (APB1PERIPH_BASE + 0x3000))
                0x40003800                PROVIDE (SPI2, (APB1PERIPH_BASE + 0x3800))
                0x40004400                PROVIDE (USART2, (APB1PERIPH_BASE + 0x4400))
                0x40004800                PROVIDE (USART3, (APB1PERIPH_BASE + 0x4800))
                0x40005400                PROVIDE (I2C1, (APB1PERIPH_BASE + 0x5400))
                0x40005800                PROVIDE (I2C2, (APB1PERIPH_BASE + 0x5800))
                0x40006400                PROVIDE (CAN, (APB1PERIPH_BASE + 0x6400))
                0x40006c00                PROVIDE (BKP, (APB1PERIPH_BASE + 0x6c00))
                0x40007000                PROVIDE (PWR, (APB1PERIPH_BASE + 0x7000))
                0x40010000                PROVIDE (AFIO, (APB2PERIPH_BASE + 0x0))
                0x40010400                PROVIDE (EXTI, (APB2PERIPH_BASE + 0x400))
                0x40010800                PROVIDE (GPIOA, (APB2PERIPH_BASE + 0x800))
                0x40010c00                PROVIDE (GPIOB, (APB2PERIPH_BASE + 0xc00))
                0x40011000                PROVIDE (GPIOC, (APB2PERIPH_BASE + 0x1000))
                0x40011400                PROVIDE (GPIOD, (APB2PERIPH_BASE + 0x1400))
                0x40011800                PROVIDE (GPIOE, (APB2PERIPH_BASE + 0x1800))
                0x40012400                PROVIDE (ADC1, (APB2PERIPH_BASE + 0x2400))
                0x40012800                PROVIDE (ADC2, (APB2PERIPH_BASE + 0x2800))
                0x40012c00                PROVIDE (TIM1, (APB2PERIPH_BASE + 0x2c00))
                0x40013000                PROVIDE (SPI1, (APB2PERIPH_BASE + 0x3000))
                0x40013800                PROVIDE (USART1, (APB2PERIPH_BASE + 0x3800))
                0x40020000                PROVIDE (DMA, (AHBPERIPH_BASE + 0x0))
                0x40020008                PROVIDE (DMA_Channel1, (AHBPERIPH_BASE + 0x8))
                0x4002001c                PROVIDE (DMA_Channel2, (AHBPERIPH_BASE + 0x1c))
                0x40020030                PROVIDE (DMA_Channel3, (AHBPERIPH_BASE + 0x30))
                0x40020044                PROVIDE (DMA_Channel4, (AHBPERIPH_BASE + 0x44))
                0x40020058                PROVIDE (DMA_Channel5, (AHBPERIPH_BASE + 0x58))
                0x4002006c                PROVIDE (DMA_Channel6, (AHBPERIPH_BASE + 0x6c))
                0x40020080                PROVIDE (DMA_Channel7, (AHBPERIPH_BASE + 0x80))
                0x40021000                PROVIDE (RCC, (AHBPERIPH_BASE + 0x1000))
                0xe000e000                SCS_BASE = 0xe000e000
                0xe000e010                PROVIDE (SysTick, (SCS_BASE + 0x10))
                0xe000e100                PROVIDE (NVIC, (SCS_BASE + 0x100))
                0xe000ed00                PROVIDE (SCB, (SCS_BASE + 0xd00))
                0x20005000                PROVIDE (_estack, (ORIGIN (RAM) + 0x5000))

.isr_vector     0x08000000      0x10c
                0x08000000                . = ALIGN (0x4)
 *(.isr_vector)
 .isr_vector    0x08000000      0x10c lib/CMSIS_CM3/startup/gcc/startup_stm32f10x_md.o
                0x08000000                g_pfnVectors
                0x0800010c                . = ALIGN (0x4)

.flash_start    0x00000000        0x0
                0x00000000                . = ALIGN (0x4)
 *(.flash_start)
 *(.flash_start.*)
                0x00000000                . = ALIGN (0x4)

.crp_patch      0x00000000        0x0
                0x00000000                . = ALIGN (0x4)
 *(.crp_patch)
                0x00000000                . = ALIGN (0x4)

.flashtext      0x0800010c        0x0
                0x0800010c                . = ALIGN (0x4)
 *(.flashtext)
                0x0800010c                . = ALIGN (0x4)

.text           0x08000110     0xb9dc
                0x08000110                . = ALIGN (0x4)
 *(.text)
 .text          0x08000110      0x370 /home/laurence/ARM-GCC/bin/../lib/gcc/arm-none-eabi/4.7.4/armv7-m/libgcc.a(_arm_addsubdf3.o)
                0x08000110                __aeabi_drsub
                0x08000118                __aeabi_dsub
                0x08000118                __subdf3
                0x0800011c                __adddf3
                0x0800011c                __aeabi_dadd
                0x08000394                __aeabi_ui2d
                0x08000394                __floatunsidf
                0x080003b4                __floatsidf
                0x080003b4                __aeabi_i2d
                0x080003d8                __extendsfdf2
                0x080003d8                __aeabi_f2d
                0x08000414                __aeabi_ul2d
                0x08000414                __floatundidf
                0x08000424                __floatdidf
                0x08000424                __aeabi_l2d
 .text          0x08000480      0x424 /home/laurence/ARM-GCC/bin/../lib/gcc/arm-none-eabi/4.7.4/armv7-m/libgcc.a(_arm_muldivdf3.o)
                0x08000480                __aeabi_dmul
                0x08000480                __muldf3
                0x080006d4                __aeabi_ddiv
                0x080006d4                __divdf3
 .text          0x080008a4      0x110 /home/laurence/ARM-GCC/bin/../lib/gcc/arm-none-eabi/4.7.4/armv7-m/libgcc.a(_arm_cmpdf2.o)
                0x080008a4                __gtdf2
                0x080008a4                __gedf2
                0x080008ac                __ltdf2
                0x080008ac                __ledf2
                0x080008b4                __cmpdf2
                0x080008b4                __eqdf2
                0x080008b4                __nedf2
                0x08000930                __aeabi_cdrcmple
                0x08000940                __aeabi_cdcmple
                0x08000940                __aeabi_cdcmpeq
                0x08000950                __aeabi_dcmpeq
                0x08000964                __aeabi_dcmplt
                0x08000978                __aeabi_dcmple
                0x0800098c                __aeabi_dcmpge
                0x080009a0                __aeabi_dcmpgt
 .text          0x080009b4       0x40 /home/laurence/ARM-GCC/bin/../lib/gcc/arm-none-eabi/4.7.4/armv7-m/libgcc.a(_arm_fixunsdfsi.o)
                0x080009b4                __fixunsdfsi
                0x080009b4                __aeabi_d2uiz
 .text          0x080009f4       0xa0 /home/laurence/ARM-GCC/bin/../lib/gcc/arm-none-eabi/4.7.4/armv7-m/libgcc.a(_arm_truncdfsf2.o)
                0x080009f4                __aeabi_d2f
                0x080009f4                __truncdfsf2
 .text          0x08000a94      0x21c /home/laurence/ARM-GCC/bin/../lib/gcc/arm-none-eabi/4.7.4/armv7-m/libgcc.a(_arm_addsubsf3.o)
                0x08000a94                __aeabi_frsub
                0x08000a9c                __subsf3
                0x08000a9c                __aeabi_fsub
                0x08000aa0                __aeabi_fadd
                0x08000aa0                __addsf3
                0x08000c00                __aeabi_ui2f
                0x08000c00                __floatunsisf
                0x08000c08                __aeabi_i2f
                0x08000c08                __floatsisf
                0x08000c24                __floatundisf
                0x08000c24                __aeabi_ul2f
                0x08000c34                __floatdisf
                0x08000c34                __aeabi_l2f
 .text          0x08000cb0      0x2a0 /home/laurence/ARM-GCC/bin/../lib/gcc/arm-none-eabi/4.7.4/armv7-m/libgcc.a(_arm_muldivsf3.o)
                0x08000cb0                __mulsf3
                0x08000cb0                __aeabi_fmul
                0x08000e18                __divsf3
                0x08000e18                __aeabi_fdiv
 .text          0x08000f50       0xec /home/laurence/ARM-GCC/bin/../lib/gcc/arm-none-eabi/4.7.4/armv7-m/libgcc.a(_arm_cmpsf2.o)
                0x08000f50                __gtsf2
                0x08000f50                __gesf2
                0x08000f58                __lesf2
                0x08000f58                __ltsf2
                0x08000f60                __nesf2
                0x08000f60                __eqsf2
                0x08000f60                __cmpsf2
                0x08000fc0                __aeabi_cfrcmple
                0x08000fc8                __aeabi_cfcmple
                0x08000fc8                __aeabi_cfcmpeq
                0x08000fd8                __aeabi_fcmpeq
                0x08000fec                __aeabi_fcmplt
                0x08001000                __aeabi_fcmple
                0x08001014                __aeabi_fcmpge
                0x08001028                __aeabi_fcmpgt
 .text          0x0800103c       0x40 /home/laurence/ARM-GCC/bin/../lib/gcc/arm-none-eabi/4.7.4/armv7-m/libgcc.a(_arm_fixunssfsi.o)
                0x0800103c                __aeabi_f2uiz
                0x0800103c                __fixunssfsi
 *(.text.*)
 *fill*         0x0800107c        0x4 00
 .text.startup.main
                0x08001080     0x1c08 /tmp/cc5QBZ0f.ltrans0.ltrans.o
                0x08001080                main
 .text.atoiRamRom.4162
                0x08002c88       0x20 /tmp/cc5QBZ0f.ltrans1.ltrans.o
 .text.Resume_Init.4287
                0x08002ca8       0x30 /tmp/cc5QBZ0f.ltrans1.ltrans.o
 .text.Get_Max_Lun
                0x08002cd8       0x18 /tmp/cc5QBZ0f.ltrans1.ltrans.o
                0x08002cd8                Get_Max_Lun
 .text.MASS_Get_Interface_Setting
                0x08002cf0        0xc /tmp/cc5QBZ0f.ltrans1.ltrans.o
                0x08002cf0                MASS_Get_Interface_Setting
 .text.MASS_Status_Out
                0x08002cfc        0x2 /tmp/cc5QBZ0f.ltrans1.ltrans.o
                0x08002cfc                MASS_Status_Out
 .text.MASS_Status_In
                0x08002cfe        0x2 /tmp/cc5QBZ0f.ltrans1.ltrans.o
                0x08002cfe                MASS_Status_In
 .text.Mass_Storage_SetDeviceAddress
                0x08002d00        0xc /tmp/cc5QBZ0f.ltrans1.ltrans.o
                0x08002d00                Mass_Storage_SetDeviceAddress
 .text.__usart_send_char
                0x08002d0c       0x1c /tmp/cc5QBZ0f.ltrans1.ltrans.o
                0x08002d0c                __usart_send_char
 .text.__str_print_char
                0x08002d28       0x2c /tmp/cc5QBZ0f.ltrans1.ltrans.o
                0x08002d28                __str_print_char
 .text.stm32_dma_transfer.5712.4144
                0x08002d54       0xcc /tmp/cc5QBZ0f.ltrans1.ltrans.o
 .text.MASS_Reset
                0x08002e20       0xe0 /tmp/cc5QBZ0f.ltrans1.ltrans.o
                0x08002e20                MASS_Reset
 .text.Mass_Storage_SetConfiguration
                0x08002f00       0x30 /tmp/cc5QBZ0f.ltrans1.ltrans.o
                0x08002f00                Mass_Storage_SetConfiguration
 .text.MASS_NoData_Setup
                0x08002f30       0x4c /tmp/cc5QBZ0f.ltrans1.ltrans.o
                0x08002f30                MASS_NoData_Setup
 .text.MASS_GetDeviceDescriptor
                0x08002f7c        0xc /tmp/cc5QBZ0f.ltrans1.ltrans.o
                0x08002f7c                MASS_GetDeviceDescriptor
 .text.MASS_GetConfigDescriptor
                0x08002f88        0xc /tmp/cc5QBZ0f.ltrans1.ltrans.o
                0x08002f88                MASS_GetConfigDescriptor
 .text.MASS_GetStringDescriptor
                0x08002f94       0x20 /tmp/cc5QBZ0f.ltrans1.ltrans.o
                0x08002f94                MASS_GetStringDescriptor
 .text.__gps_send_char
                0x08002fb4       0x1c /tmp/cc5QBZ0f.ltrans1.ltrans.o
                0x08002fb4                __gps_send_char
 .text.Usart_Send_Str
                0x08002fd0       0x16 /tmp/cc5QBZ0f.ltrans1.ltrans.o
                0x08002fd0                Usart_Send_Str
 *fill*         0x08002fe6        0x2 00
 .text.power_on.5699
                0x08002fe8       0xfc /tmp/cc5QBZ0f.ltrans1.ltrans.o
                0x08002fe8                power_on.5699
 .text.Timer_GPIO_Enable
                0x080030e4       0x24 /tmp/cc5QBZ0f.ltrans1.ltrans.o
                0x080030e4                Timer_GPIO_Enable
 .text.Timer_GPIO_Disable
                0x08003108       0x24 /tmp/cc5QBZ0f.ltrans1.ltrans.o
                0x08003108                Timer_GPIO_Disable
 .text.shutdown
                0x0800312c       0x10 /tmp/cc5QBZ0f.ltrans1.ltrans.o
                0x0800312c                shutdown
 .text.si446x_busy_wait_send_receive
                0x0800313c      0x100 /tmp/cc5QBZ0f.ltrans1.ltrans.o
                0x0800313c                si446x_busy_wait_send_receive
 .text.NVIC_SystemReset.6772
                0x0800323c       0x20 /tmp/cc5QBZ0f.ltrans1.ltrans.o
                0x0800323c                NVIC_SystemReset.6772
 .text.I2C1_Request_Job
                0x0800325c       0x58 /tmp/cc5QBZ0f.ltrans1.ltrans.o
                0x0800325c                I2C1_Request_Job
 .text.rprintfChar
                0x080032b4       0x1c /tmp/cc5QBZ0f.ltrans1.ltrans.o
                0x080032b4                rprintfChar
 .text.rprintf2RamRom
                0x080032d0      0x404 /tmp/cc5QBZ0f.ltrans1.ltrans.o
                0x080032d0                rprintf2RamRom
 .text.stm32_spi_rw.5701
                0x080036d4       0x24 /tmp/cc5QBZ0f.ltrans1.ltrans.o
                0x080036d4                stm32_spi_rw.5701
 .text.rcvr_spi.5704
                0x080036f8        0x6 /tmp/cc5QBZ0f.ltrans1.ltrans.o
                0x080036f8                rcvr_spi.5704
 *fill*         0x080036fe        0x2 00
 .text.release_spi
                0x08003700       0x18 /tmp/cc5QBZ0f.ltrans1.ltrans.o
                0x08003700                release_spi
 .text.rcvr_datablock
                0x08003718       0x54 /tmp/cc5QBZ0f.ltrans1.ltrans.o
                0x08003718                rcvr_datablock
 .text.xmit_datablock.part.1.5717
                0x0800376c       0x2c /tmp/cc5QBZ0f.ltrans1.ltrans.o
                0x0800376c                xmit_datablock.part.1.5717
 .text.wait_ready.5706
                0x08003798       0x24 /tmp/cc5QBZ0f.ltrans1.ltrans.o
                0x08003798                wait_ready.5706
 .text.send_cmd.5708
                0x080037bc       0xbc /tmp/cc5QBZ0f.ltrans1.ltrans.o
                0x080037bc                send_cmd.5708
 .text.disk_read
                0x08003878       0xa0 /tmp/cc5QBZ0f.ltrans1.ltrans.o
                0x08003878                disk_read
 .text.Read_Memory
                0x08003918      0x154 /tmp/cc5QBZ0f.ltrans1.ltrans.o
                0x08003918                Read_Memory
 .text.check_fs.5361
                0x08003a6c       0x88 /tmp/cc5QBZ0f.ltrans1.ltrans.o
                0x08003a6c                check_fs.5361
 .text.validate.5354
                0x08003af4       0x2c /tmp/cc5QBZ0f.ltrans1.ltrans.o
                0x08003af4                validate.5354
 .text.counter_to_struct.5615
                0x08003b20       0xa8 /tmp/cc5QBZ0f.ltrans1.ltrans.o
                0x08003b20                counter_to_struct.5615
 .text.isDST.5597
                0x08003bc8       0x2a /tmp/cc5QBZ0f.ltrans1.ltrans.o
                0x08003bc8                isDST.5597
 *fill*         0x08003bf2        0x2 00
 .text.rtc_gettime
                0x08003bf4       0x74 /tmp/cc5QBZ0f.ltrans1.ltrans.o
                0x08003bf4                rtc_gettime
 .text.get_fattime
                0x08003c68       0x40 /tmp/cc5QBZ0f.ltrans1.ltrans.o
                0x08003c68                get_fattime
 .text.clust2sect
                0x08003ca8       0x18 /tmp/cc5QBZ0f.ltrans1.ltrans.o
                0x08003ca8                clust2sect
 .text.mem_cpy.5285
                0x08003cc0       0x12 /tmp/cc5QBZ0f.ltrans1.ltrans.o
                0x08003cc0                mem_cpy.5285
 *fill*         0x08003cd2        0x2 00
 .text.ff_convert.part.0.5218
                0x08003cd4       0x24 /tmp/cc5QBZ0f.ltrans1.ltrans.o
                0x08003cd4                ff_convert.part.0.5218
 .text.Delay    0x08003cf8       0x1a /tmp/cc5QBZ0f.ltrans1.ltrans.o
                0x08003cf8                Delay
 *fill*         0x08003d12        0x2 00
 .text.I2C_Config
                0x08003d14      0x138 /tmp/cc5QBZ0f.ltrans1.ltrans.o
                0x08003d14                I2C_Config
 .text.Pop_From_Buffer
                0x08003e4c       0x26 /tmp/cc5QBZ0f.ltrans1.ltrans.o
                0x08003e4c                Pop_From_Buffer
 .text.Add_To_Byte_Buffer
                0x08003e72       0x46 /tmp/cc5QBZ0f.ltrans1.ltrans.o
                0x08003e72                Add_To_Byte_Buffer
 .text.Add_To_Buffer
                0x08003eb8       0x48 /tmp/cc5QBZ0f.ltrans1.ltrans.o
                0x08003eb8                Add_To_Buffer
 .text.Bot_Abort.part.2.4660
                0x08003f00       0x18 /tmp/cc5QBZ0f.ltrans1.ltrans.o
                0x08003f00                Bot_Abort.part.2.4660
 .text.Resume   0x08003f18       0xa4 /tmp/cc5QBZ0f.ltrans1.ltrans.o
                0x08003f18                Resume
 .text.Set_CSW  0x08003fbc       0x3c /tmp/cc5QBZ0f.ltrans1.ltrans.o
                0x08003fbc                Set_CSW
 .text.Transfer_Data_Request
                0x08003ff8       0x34 /tmp/cc5QBZ0f.ltrans1.ltrans.o
                0x08003ff8                Transfer_Data_Request
 .text.IntToUnicode.4442
                0x0800402c       0x2a /tmp/cc5QBZ0f.ltrans1.ltrans.o
                0x0800402c                IntToUnicode.4442
 *fill*         0x08004056        0x2 00
 .text.MASS_Data_Setup
                0x08004058       0x38 /tmp/cc5QBZ0f.ltrans2.ltrans.o
                0x08004058                MASS_Data_Setup
 .text.disk_write
                0x08004090       0xcc /tmp/cc5QBZ0f.ltrans2.ltrans.o
                0x08004090                disk_write
 .text.move_window.5344
                0x0800415c       0x76 /tmp/cc5QBZ0f.ltrans2.ltrans.o
                0x0800415c                move_window.5344
 .text.get_fat  0x080041d2       0xc8 /tmp/cc5QBZ0f.ltrans2.ltrans.o
                0x080041d2                get_fat
 *fill*         0x0800429a        0x2 00
 .text.SCSI_Invalid_Cmd
                0x0800429c       0x3c /tmp/cc5QBZ0f.ltrans2.ltrans.o
                0x0800429c                SCSI_Invalid_Cmd
 .text.SCSI_Address_Management
                0x080042d8       0x74 /tmp/cc5QBZ0f.ltrans2.ltrans.o
                0x080042d8                SCSI_Address_Management
 .text.SCSI_Read10_Cmd
                0x0800434c       0x6c /tmp/cc5QBZ0f.ltrans2.ltrans.o
                0x0800434c                SCSI_Read10_Cmd
 .text.EP1_IN_Callback.4078
                0x080043b8       0x5c /tmp/cc5QBZ0f.ltrans2.ltrans.o
 .text.si446x_setup
                0x08004414      0x87c /tmp/cc5QBZ0f.ltrans2.ltrans.o
                0x08004414                si446x_setup
 .text.EP2_OUT_Callback.4009
                0x08004c90      0x310 /tmp/cc5QBZ0f.ltrans3.ltrans.o
 .text.dir_next.5427
                0x08004fa0       0xfa /tmp/cc5QBZ0f.ltrans3.ltrans.o
                0x08004fa0                dir_next.5427
 *fill*         0x0800509a        0x2 00
 .text.disk_initialize
                0x0800509c      0x164 /tmp/cc5QBZ0f.ltrans3.ltrans.o
                0x0800509c                disk_initialize
 .text.chk_mounted.5365
                0x08005200      0x318 /tmp/cc5QBZ0f.ltrans3.ltrans.o
                0x08005200                chk_mounted.5365
 .text.Mass_Storage_ClearFeature.4060
                0x08005518       0x18 /tmp/cc5QBZ0f.ltrans4.ltrans.o
 .text.MASS_init
                0x08005530       0x70 /tmp/cc5QBZ0f.ltrans4.ltrans.o
                0x08005530                MASS_init
 .text.MAL_GetStatus
                0x080055a0       0xc4 /tmp/cc5QBZ0f.ltrans4.ltrans.o
                0x080055a0                MAL_GetStatus
 .text.send_string_to_silabs.constprop.33
                0x08005664       0x38 /tmp/cc5QBZ0f.ltrans4.ltrans.o
                0x08005664                send_string_to_silabs.constprop.33
 .text.si446x_spi_state_machine.constprop.30
                0x0800569c      0x2a4 /tmp/cc5QBZ0f.ltrans4.ltrans.o
                0x0800569c                si446x_spi_state_machine.constprop.30
 .text.si446x_state_machine
                0x08005940      0x378 /tmp/cc5QBZ0f.ltrans4.ltrans.o
                0x08005940                si446x_state_machine
 .text.Gps_Process_Byte.constprop.29
                0x08005cb8      0x1d8 /tmp/cc5QBZ0f.ltrans4.ltrans.o
                0x08005cb8                Gps_Process_Byte.constprop.29
 .text.Pop_From_Dma_Buffer.constprop.28
                0x08005e90       0x28 /tmp/cc5QBZ0f.ltrans4.ltrans.o
                0x08005e90                Pop_From_Dma_Buffer.constprop.28
 .text.Get_UBX_Ack.constprop.27
                0x08005eb8       0xa0 /tmp/cc5QBZ0f.ltrans4.ltrans.o
                0x08005eb8                Get_UBX_Ack.constprop.27
 .text.USART2_reconf.constprop.26
                0x08005f58       0x50 /tmp/cc5QBZ0f.ltrans4.ltrans.o
                0x08005f58                USART2_reconf.constprop.26
 .text.Gps_Send_Utf8
                0x08005fa8       0x1a /tmp/cc5QBZ0f.ltrans4.ltrans.o
                0x08005fa8                Gps_Send_Utf8
 .text.Gps_Send_Str
                0x08005fc2       0x16 /tmp/cc5QBZ0f.ltrans4.ltrans.o
                0x08005fc2                Gps_Send_Str
 .text.put_fat.4144
                0x08005fd8       0xf2 /tmp/cc5QBZ0f.ltrans5.ltrans.o
 *fill*         0x080060ca        0x2 00
 .text.unlikely.f_read.constprop.12
                0x080060cc      0x19c /tmp/cc5QBZ0f.ltrans5.ltrans.o
                0x080060cc                f_read.constprop.12
 .text.SCSI_Write10_Cmd
                0x08006268      0x144 /tmp/cc5QBZ0f.ltrans5.ltrans.o
                0x08006268                SCSI_Write10_Cmd
 .text.remove_chain.5457
                0x080063ac       0x54 /tmp/cc5QBZ0f.ltrans5.ltrans.o
                0x080063ac                remove_chain.5457
 .text.f_truncate
                0x08006400       0x92 /tmp/cc5QBZ0f.ltrans5.ltrans.o
                0x08006400                f_truncate
 .text.create_chain.5423
                0x08006492       0x9a /tmp/cc5QBZ0f.ltrans5.ltrans.o
                0x08006492                create_chain.5423
 .text.f_lseek  0x0800652c      0x140 /tmp/cc5QBZ0f.ltrans5.ltrans.o
                0x0800652c                f_lseek
 .text.f_write  0x0800666c      0x19a /tmp/cc5QBZ0f.ltrans5.ltrans.o
                0x0800666c                f_write
 *fill*         0x08006806        0x2 00
 .text.f_puts.constprop.9
                0x08006808       0x34 /tmp/cc5QBZ0f.ltrans5.ltrans.o
                0x08006808                f_puts.constprop.9
 .text.__fat_print_char
                0x0800683c       0x1c /tmp/cc5QBZ0f.ltrans5.ltrans.o
                0x0800683c                __fat_print_char
 .text.dir_sdi.5391
                0x08006858       0x84 /tmp/cc5QBZ0f.ltrans5.ltrans.o
                0x08006858                dir_sdi.5391
 .text.I2C1_EV_IRQHandler
                0x080068dc      0x474 /tmp/cc5QBZ0f.ltrans6.ltrans.o
                0x080068dc                I2C1_EV_IRQHandler
 .text.EXTI15_10_IRQHandler
                0x08006d50       0x38 /tmp/cc5QBZ0f.ltrans6.ltrans.o
                0x08006d50                EXTI15_10_IRQHandler
 .text.DMA1_Channel2_IRQHandler
                0x08006d88       0x4c /tmp/cc5QBZ0f.ltrans6.ltrans.o
                0x08006d88                DMA1_Channel2_IRQHandler
 .text.EXTI0_IRQHandler
                0x08006dd4       0x40 /tmp/cc5QBZ0f.ltrans6.ltrans.o
                0x08006dd4                EXTI0_IRQHandler
 .text.USART3_IRQHandler
                0x08006e14       0x98 /tmp/cc5QBZ0f.ltrans6.ltrans.o
                0x08006e14                USART3_IRQHandler
 .text.f_sync   0x08006eac      0x180 /tmp/cc5QBZ0f.ltrans6.ltrans.o
                0x08006eac                f_sync
 .text.file_preallocation_control.part.1.6777
                0x0800702c       0x26 /tmp/cc5QBZ0f.ltrans6.ltrans.o
                0x0800702c                file_preallocation_control.part.1.6777
 .text.f_close  0x08007052        0xe /tmp/cc5QBZ0f.ltrans6.ltrans.o
                0x08007052                f_close
 .text.shutdown_filesystem
                0x08007060       0xf4 /tmp/cc5QBZ0f.ltrans6.ltrans.o
                0x08007060                shutdown_filesystem
 .text.dir_find.part.4.5431.4115
                0x08007154      0x184 /tmp/cc5QBZ0f.ltrans7.ltrans.o
 .text.follow_path.5437
                0x080072d8      0x294 /tmp/cc5QBZ0f.ltrans7.ltrans.o
                0x080072d8                follow_path.5437
 .text.f_open   0x0800756c      0x3d0 /tmp/cc5QBZ0f.ltrans7.ltrans.o
                0x0800756c                f_open
 .text.detect_sensors
                0x0800793c       0x80 /tmp/cc5QBZ0f.ltrans7.ltrans.o
                0x0800793c                detect_sensors
 .text.USB_LP_CAN1_RX0_IRQHandler
                0x080079bc      0x108 /tmp/cc5QBZ0f.ltrans8.ltrans.o
                0x080079bc                USB_LP_CAN1_RX0_IRQHandler
 .text.USB_HP_CAN1_TX_IRQHandler
                0x08007ac4        0x4 /tmp/cc5QBZ0f.ltrans8.ltrans.o
                0x08007ac4                USB_HP_CAN1_TX_IRQHandler
 .text.SysTick_Handler
                0x08007ac8      0x580 /tmp/cc5QBZ0f.ltrans8.ltrans.o
                0x08007ac8                SysTick_Handler
 .text.ADC1_2_IRQHandler
                0x08008048       0x6c /tmp/cc5QBZ0f.ltrans8.ltrans.o
                0x08008048                ADC1_2_IRQHandler
 .text.I2C1_ER_IRQHandler
                0x080080b4       0xf0 /tmp/cc5QBZ0f.ltrans8.ltrans.o
                0x080080b4                I2C1_ER_IRQHandler
 .text.USART1_IRQHandler
                0x080081a4       0x34 /tmp/cc5QBZ0f.ltrans9.ltrans.o
                0x080081a4                USART1_IRQHandler
 .text.malloc   0x080081d8       0x10 /home/laurence/ARM-GCC/bin/../lib/gcc/arm-none-eabi/4.7.4/../../../../arm-none-eabi/lib/armv7-m/libc.a(lib_a-malloc.o)
                0x080081d8                malloc
 .text._malloc_r
                0x080081e8      0x530 /home/laurence/ARM-GCC/bin/../lib/gcc/arm-none-eabi/4.7.4/../../../../arm-none-eabi/lib/armv7-m/libc.a(lib_a-mallocr.o)
                0x080081e8                _malloc_r
 .text.memcmp   0x08008718       0xb8 /home/laurence/ARM-GCC/bin/../lib/gcc/arm-none-eabi/4.7.4/../../../../arm-none-eabi/lib/armv7-m/libc.a(lib_a-memcmp.o)
                0x08008718                memcmp
 .text.memcpy   0x080087d0      0x15c /home/laurence/ARM-GCC/bin/../lib/gcc/arm-none-eabi/4.7.4/../../../../arm-none-eabi/lib/armv7-m/libc.a(lib_a-memcpy.o)
                0x080087d0                memcpy
 .text.__malloc_lock
                0x0800892c        0x4 /home/laurence/ARM-GCC/bin/../lib/gcc/arm-none-eabi/4.7.4/../../../../arm-none-eabi/lib/armv7-m/libc.a(lib_a-mlock.o)
                0x0800892c                __malloc_lock
 .text.__malloc_unlock
                0x08008930        0x4 /home/laurence/ARM-GCC/bin/../lib/gcc/arm-none-eabi/4.7.4/../../../../arm-none-eabi/lib/armv7-m/libc.a(lib_a-mlock.o)
                0x08008930                __malloc_unlock
 .text._sbrk_r  0x08008934       0x24 /home/laurence/ARM-GCC/bin/../lib/gcc/arm-none-eabi/4.7.4/../../../../arm-none-eabi/lib/armv7-m/libc.a(lib_a-sbrkr.o)
                0x08008934                _sbrk_r
 .text.strcat   0x08008958       0x4c /home/laurence/ARM-GCC/bin/../lib/gcc/arm-none-eabi/4.7.4/../../../../arm-none-eabi/lib/armv7-m/libc.a(lib_a-strcat.o)
                0x08008958                strcat
 .text.strchr   0x080089a4       0xfc /home/laurence/ARM-GCC/bin/../lib/gcc/arm-none-eabi/4.7.4/../../../../arm-none-eabi/lib/armv7-m/libc.a(lib_a-strchr.o)
                0x080089a4                strchr
 .text.strcpy   0x08008aa0       0xbc /home/laurence/ARM-GCC/bin/../lib/gcc/arm-none-eabi/4.7.4/../../../../arm-none-eabi/lib/armv7-m/libc.a(lib_a-strcpy.o)
                0x08008aa0                strcpy
 .text.strlen   0x08008b5c       0x60 /home/laurence/ARM-GCC/bin/../lib/gcc/arm-none-eabi/4.7.4/../../../../arm-none-eabi/lib/armv7-m/libc.a(lib_a-strlen.o)
                0x08008b5c                strlen
 .text.strncmp  0x08008bbc      0x120 /home/laurence/ARM-GCC/bin/../lib/gcc/arm-none-eabi/4.7.4/../../../../arm-none-eabi/lib/armv7-m/libc.a(lib_a-strncmp.o)
                0x08008bbc                strncmp
 .text.strncpy  0x08008cdc      0x10c /home/laurence/ARM-GCC/bin/../lib/gcc/arm-none-eabi/4.7.4/../../../../arm-none-eabi/lib/armv7-m/libc.a(lib_a-strncpy.o)
                0x08008cdc                strncpy
 .text._malloc_trim_r
                0x08008de8       0x98 /home/laurence/ARM-GCC/bin/../lib/gcc/arm-none-eabi/4.7.4/../../../../arm-none-eabi/lib/armv7-m/libc.a(lib_a-freer.o)
                0x08008de8                _malloc_trim_r
 .text._free_r  0x08008e80      0x194 /home/laurence/ARM-GCC/bin/../lib/gcc/arm-none-eabi/4.7.4/../../../../arm-none-eabi/lib/armv7-m/libc.a(lib_a-freer.o)
                0x08008e80                _free_r
 .text.Reset_Handler
                0x08009014       0x48 lib/CMSIS_CM3/startup/gcc/startup_stm32f10x_md.o
                0x08009014                Reset_Handler
 .text.Default_Handler
                0x0800905c        0x4 lib/CMSIS_CM3/startup/gcc/startup_stm32f10x_md.o
                0x0800905c                EXTI2_IRQHandler
                0x0800905c                DebugMon_Handler
                0x0800905c                TIM1_CC_IRQHandler
                0x0800905c                HardFault_Handler
                0x0800905c                PVD_IRQHandler
                0x0800905c                PendSV_Handler
                0x0800905c                NMI_Handler
                0x0800905c                EXTI3_IRQHandler
                0x0800905c                I2C2_EV_IRQHandler
                0x0800905c                UsageFault_Handler
                0x0800905c                SPI1_IRQHandler
                0x0800905c                TAMPER_IRQHandler
                0x0800905c                DMA1_Channel4_IRQHandler
                0x0800905c                RTC_IRQHandler
                0x0800905c                DMA1_Channel7_IRQHandler
                0x0800905c                CAN1_RX1_IRQHandler
                0x0800905c                TIM4_IRQHandler
                0x0800905c                DMA1_Channel6_IRQHandler
                0x0800905c                TIM3_IRQHandler
                0x0800905c                RCC_IRQHandler
                0x0800905c                TIM1_TRG_COM_IRQHandler
                0x0800905c                DMA1_Channel1_IRQHandler
                0x0800905c                Default_Handler
                0x0800905c                EXTI9_5_IRQHandler
                0x0800905c                SPI2_IRQHandler
                0x0800905c                MemManage_Handler
                0x0800905c                SVC_Handler
                0x0800905c                DMA1_Channel5_IRQHandler
                0x0800905c                EXTI4_IRQHandler
                0x0800905c                DMA1_Channel3_IRQHandler
                0x0800905c                TIM1_UP_IRQHandler
                0x0800905c                WWDG_IRQHandler
                0x0800905c                TIM2_IRQHandler
                0x0800905c                TIM1_BRK_IRQHandler
                0x0800905c                EXTI1_IRQHandler
                0x0800905c                RTCAlarm_IRQHandler
                0x0800905c                USART2_IRQHandler
                0x0800905c                I2C2_ER_IRQHandler
                0x0800905c                CAN1_SCE_IRQHandler
                0x0800905c                FLASH_IRQHandler
                0x0800905c                BusFault_Handler
                0x0800905c                USBWakeUp_IRQHandler
 .text.NVIC_PriorityGroupConfig
                0x08009060       0x14 lib/STM32F10x_StdPeriph_Driver/libstm32fw.a(misc.o)
                0x08009060                NVIC_PriorityGroupConfig
 .text.NVIC_Init
                0x08009074       0x68 lib/STM32F10x_StdPeriph_Driver/libstm32fw.a(misc.o)
                0x08009074                NVIC_Init
 .text.NVIC_SetVectorTable
                0x080090dc       0x14 lib/STM32F10x_StdPeriph_Driver/libstm32fw.a(misc.o)
                0x080090dc                NVIC_SetVectorTable
 .text.SysTick_CLKSourceConfig
                0x080090f0       0x18 lib/STM32F10x_StdPeriph_Driver/libstm32fw.a(misc.o)
                0x080090f0                SysTick_CLKSourceConfig
 .text.ADC_DeInit
                0x08009108       0x5c lib/STM32F10x_StdPeriph_Driver/libstm32fw.a(stm32f10x_adc.o)
                0x08009108                ADC_DeInit
 .text.ADC_Init
                0x08009164       0x48 lib/STM32F10x_StdPeriph_Driver/libstm32fw.a(stm32f10x_adc.o)
                0x08009164                ADC_Init
 .text.ADC_Cmd  0x080091ac       0x12 lib/STM32F10x_StdPeriph_Driver/libstm32fw.a(stm32f10x_adc.o)
                0x080091ac                ADC_Cmd
 .text.ADC_ResetCalibration
                0x080091be        0xa lib/STM32F10x_StdPeriph_Driver/libstm32fw.a(stm32f10x_adc.o)
                0x080091be                ADC_ResetCalibration
 .text.ADC_GetResetCalibrationStatus
                0x080091c8        0x8 lib/STM32F10x_StdPeriph_Driver/libstm32fw.a(stm32f10x_adc.o)
                0x080091c8                ADC_GetResetCalibrationStatus
 .text.ADC_StartCalibration
                0x080091d0        0xa lib/STM32F10x_StdPeriph_Driver/libstm32fw.a(stm32f10x_adc.o)
                0x080091d0                ADC_StartCalibration
 .text.ADC_GetCalibrationStatus
                0x080091da        0x8 lib/STM32F10x_StdPeriph_Driver/libstm32fw.a(stm32f10x_adc.o)
                0x080091da                ADC_GetCalibrationStatus
 .text.ADC_SoftwareStartConvCmd
                0x080091e2       0x12 lib/STM32F10x_StdPeriph_Driver/libstm32fw.a(stm32f10x_adc.o)
                0x080091e2                ADC_SoftwareStartConvCmd
 .text.ADC_RegularChannelConfig
                0x080091f4       0x9a lib/STM32F10x_StdPeriph_Driver/libstm32fw.a(stm32f10x_adc.o)
                0x080091f4                ADC_RegularChannelConfig
 .text.ADC_GetConversionValue
                0x0800928e        0x6 lib/STM32F10x_StdPeriph_Driver/libstm32fw.a(stm32f10x_adc.o)
                0x0800928e                ADC_GetConversionValue
 .text.ADC_ExternalTrigInjectedConvConfig
                0x08009294        0xc lib/STM32F10x_StdPeriph_Driver/libstm32fw.a(stm32f10x_adc.o)
                0x08009294                ADC_ExternalTrigInjectedConvConfig
 .text.ADC_SoftwareStartInjectedConvCmd
                0x080092a0       0x12 lib/STM32F10x_StdPeriph_Driver/libstm32fw.a(stm32f10x_adc.o)
                0x080092a0                ADC_SoftwareStartInjectedConvCmd
 .text.ADC_InjectedChannelConfig
                0x080092b2       0x60 lib/STM32F10x_StdPeriph_Driver/libstm32fw.a(stm32f10x_adc.o)
                0x080092b2                ADC_InjectedChannelConfig
 .text.ADC_InjectedSequencerLengthConfig
                0x08009312       0x10 lib/STM32F10x_StdPeriph_Driver/libstm32fw.a(stm32f10x_adc.o)
                0x08009312                ADC_InjectedSequencerLengthConfig
 .text.ADC_GetInjectedConversionValue
                0x08009322       0x1a lib/STM32F10x_StdPeriph_Driver/libstm32fw.a(stm32f10x_adc.o)
                0x08009322                ADC_GetInjectedConversionValue
 .text.ADC_GetFlagStatus
                0x0800933c        0xc lib/STM32F10x_StdPeriph_Driver/libstm32fw.a(stm32f10x_adc.o)
                0x0800933c                ADC_GetFlagStatus
 .text.ADC_ClearFlag
                0x08009348        0x6 lib/STM32F10x_StdPeriph_Driver/libstm32fw.a(stm32f10x_adc.o)
                0x08009348                ADC_ClearFlag
 .text.ADC_GetITStatus
                0x0800934e       0x16 lib/STM32F10x_StdPeriph_Driver/libstm32fw.a(stm32f10x_adc.o)
                0x0800934e                ADC_GetITStatus
 .text.ADC_ClearITPendingBit
                0x08009364        0x8 lib/STM32F10x_StdPeriph_Driver/libstm32fw.a(stm32f10x_adc.o)
                0x08009364                ADC_ClearITPendingBit
 .text.BKP_DeInit
                0x0800936c       0x12 lib/STM32F10x_StdPeriph_Driver/libstm32fw.a(stm32f10x_bkp.o)
                0x0800936c                BKP_DeInit
 *fill*         0x0800937e        0x2 00
 .text.BKP_RTCOutputConfig
                0x08009380       0x18 lib/STM32F10x_StdPeriph_Driver/libstm32fw.a(stm32f10x_bkp.o)
                0x08009380                BKP_RTCOutputConfig
 .text.BKP_SetRTCCalibrationValue
                0x08009398       0x18 lib/STM32F10x_StdPeriph_Driver/libstm32fw.a(stm32f10x_bkp.o)
                0x08009398                BKP_SetRTCCalibrationValue
 .text.BKP_WriteBackupRegister
                0x080093b0       0x1c lib/STM32F10x_StdPeriph_Driver/libstm32fw.a(stm32f10x_bkp.o)
                0x080093b0                BKP_WriteBackupRegister
 .text.BKP_ReadBackupRegister
                0x080093cc       0x20 lib/STM32F10x_StdPeriph_Driver/libstm32fw.a(stm32f10x_bkp.o)
                0x080093cc                BKP_ReadBackupRegister
 .text.DBGMCU_Config
                0x080093ec       0x18 lib/STM32F10x_StdPeriph_Driver/libstm32fw.a(stm32f10x_dbgmcu.o)
                0x080093ec                DBGMCU_Config
 .text.DMA_DeInit
                0x08009404       0xec lib/STM32F10x_StdPeriph_Driver/libstm32fw.a(stm32f10x_dma.o)
                0x08009404                DMA_DeInit
 .text.DMA_Init
                0x080094f0       0x40 lib/STM32F10x_StdPeriph_Driver/libstm32fw.a(stm32f10x_dma.o)
                0x080094f0                DMA_Init
 .text.DMA_Cmd  0x08009530       0x12 lib/STM32F10x_StdPeriph_Driver/libstm32fw.a(stm32f10x_dma.o)
                0x08009530                DMA_Cmd
 .text.DMA_ITConfig
                0x08009542       0x10 lib/STM32F10x_StdPeriph_Driver/libstm32fw.a(stm32f10x_dma.o)
                0x08009542                DMA_ITConfig
 .text.DMA_GetCurrDataCounter
                0x08009552        0x6 lib/STM32F10x_StdPeriph_Driver/libstm32fw.a(stm32f10x_dma.o)
                0x08009552                DMA_GetCurrDataCounter
 .text.DMA_GetFlagStatus
                0x08009558       0x1c lib/STM32F10x_StdPeriph_Driver/libstm32fw.a(stm32f10x_dma.o)
                0x08009558                DMA_GetFlagStatus
 .text.DMA_ClearFlag
                0x08009574       0x14 lib/STM32F10x_StdPeriph_Driver/libstm32fw.a(stm32f10x_dma.o)
                0x08009574                DMA_ClearFlag
 .text.DMA_GetITStatus
                0x08009588       0x1c lib/STM32F10x_StdPeriph_Driver/libstm32fw.a(stm32f10x_dma.o)
                0x08009588                DMA_GetITStatus
 .text.DMA_ClearITPendingBit
                0x080095a4       0x14 lib/STM32F10x_StdPeriph_Driver/libstm32fw.a(stm32f10x_dma.o)
                0x080095a4                DMA_ClearITPendingBit
 .text.EXTI_DeInit
                0x080095b8       0x1c lib/STM32F10x_StdPeriph_Driver/libstm32fw.a(stm32f10x_exti.o)
                0x080095b8                EXTI_DeInit
 .text.EXTI_Init
                0x080095d4       0x88 lib/STM32F10x_StdPeriph_Driver/libstm32fw.a(stm32f10x_exti.o)
                0x080095d4                EXTI_Init
 .text.EXTI_GetITStatus
                0x0800965c       0x20 lib/STM32F10x_StdPeriph_Driver/libstm32fw.a(stm32f10x_exti.o)
                0x0800965c                EXTI_GetITStatus
 .text.EXTI_ClearITPendingBit
                0x0800967c        0xc lib/STM32F10x_StdPeriph_Driver/libstm32fw.a(stm32f10x_exti.o)
                0x0800967c                EXTI_ClearITPendingBit
 .text.GPIO_Init
                0x08009688       0x9a lib/STM32F10x_StdPeriph_Driver/libstm32fw.a(stm32f10x_gpio.o)
                0x08009688                GPIO_Init
 .text.GPIO_ReadInputDataBit
                0x08009722        0xc lib/STM32F10x_StdPeriph_Driver/libstm32fw.a(stm32f10x_gpio.o)
                0x08009722                GPIO_ReadInputDataBit
 .text.GPIO_SetBits
                0x0800972e        0x4 lib/STM32F10x_StdPeriph_Driver/libstm32fw.a(stm32f10x_gpio.o)
                0x0800972e                GPIO_SetBits
 .text.GPIO_ResetBits
                0x08009732        0x4 lib/STM32F10x_StdPeriph_Driver/libstm32fw.a(stm32f10x_gpio.o)
                0x08009732                GPIO_ResetBits
 .text.GPIO_WriteBit
                0x08009736        0xa lib/STM32F10x_StdPeriph_Driver/libstm32fw.a(stm32f10x_gpio.o)
                0x08009736                GPIO_WriteBit
 .text.GPIO_PinRemapConfig
                0x08009740       0x58 lib/STM32F10x_StdPeriph_Driver/libstm32fw.a(stm32f10x_gpio.o)
                0x08009740                GPIO_PinRemapConfig
 .text.GPIO_EXTILineConfig
                0x08009798       0x34 lib/STM32F10x_StdPeriph_Driver/libstm32fw.a(stm32f10x_gpio.o)
                0x08009798                GPIO_EXTILineConfig
 .text.I2C_DeInit
                0x080097cc       0x34 lib/STM32F10x_StdPeriph_Driver/libstm32fw.a(stm32f10x_i2c.o)
                0x080097cc                I2C_DeInit
 .text.I2C_Init
                0x08009800       0xd4 lib/STM32F10x_StdPeriph_Driver/libstm32fw.a(stm32f10x_i2c.o)
                0x08009800                I2C_Init
 .text.I2C_Cmd  0x080098d4       0x18 lib/STM32F10x_StdPeriph_Driver/libstm32fw.a(stm32f10x_i2c.o)
                0x080098d4                I2C_Cmd
 .text.I2C_GenerateSTART
                0x080098ec       0x18 lib/STM32F10x_StdPeriph_Driver/libstm32fw.a(stm32f10x_i2c.o)
                0x080098ec                I2C_GenerateSTART
 .text.I2C_GenerateSTOP
                0x08009904       0x18 lib/STM32F10x_StdPeriph_Driver/libstm32fw.a(stm32f10x_i2c.o)
                0x08009904                I2C_GenerateSTOP
 .text.I2C_AcknowledgeConfig
                0x0800991c       0x18 lib/STM32F10x_StdPeriph_Driver/libstm32fw.a(stm32f10x_i2c.o)
                0x0800991c                I2C_AcknowledgeConfig
 .text.I2C_ITConfig
                0x08009934       0x12 lib/STM32F10x_StdPeriph_Driver/libstm32fw.a(stm32f10x_i2c.o)
                0x08009934                I2C_ITConfig
 .text.I2C_SendData
                0x08009946        0x4 lib/STM32F10x_StdPeriph_Driver/libstm32fw.a(stm32f10x_i2c.o)
                0x08009946                I2C_SendData
 .text.I2C_ReceiveData
                0x0800994a        0x6 lib/STM32F10x_StdPeriph_Driver/libstm32fw.a(stm32f10x_i2c.o)
                0x0800994a                I2C_ReceiveData
 .text.I2C_Send7bitAddress
                0x08009950       0x10 lib/STM32F10x_StdPeriph_Driver/libstm32fw.a(stm32f10x_i2c.o)
                0x08009950                I2C_Send7bitAddress
 .text.I2C_SoftwareResetCmd
                0x08009960       0x18 lib/STM32F10x_StdPeriph_Driver/libstm32fw.a(stm32f10x_i2c.o)
                0x08009960                I2C_SoftwareResetCmd
 .text.IWDG_WriteAccessCmd
                0x08009978        0xc lib/STM32F10x_StdPeriph_Driver/libstm32fw.a(stm32f10x_iwdg.o)
                0x08009978                IWDG_WriteAccessCmd
 .text.IWDG_SetPrescaler
                0x08009984        0xc lib/STM32F10x_StdPeriph_Driver/libstm32fw.a(stm32f10x_iwdg.o)
                0x08009984                IWDG_SetPrescaler
 .text.IWDG_SetReload
                0x08009990        0xc lib/STM32F10x_StdPeriph_Driver/libstm32fw.a(stm32f10x_iwdg.o)
                0x08009990                IWDG_SetReload
 .text.IWDG_ReloadCounter
                0x0800999c       0x10 lib/STM32F10x_StdPeriph_Driver/libstm32fw.a(stm32f10x_iwdg.o)
                0x0800999c                IWDG_ReloadCounter
 .text.IWDG_Enable
                0x080099ac       0x10 lib/STM32F10x_StdPeriph_Driver/libstm32fw.a(stm32f10x_iwdg.o)
                0x080099ac                IWDG_Enable
 .text.PWR_DeInit
                0x080099bc       0x1a lib/STM32F10x_StdPeriph_Driver/libstm32fw.a(stm32f10x_pwr.o)
                0x080099bc                PWR_DeInit
 *fill*         0x080099d6        0x2 00
 .text.PWR_BackupAccessCmd
                0x080099d8        0xc lib/STM32F10x_StdPeriph_Driver/libstm32fw.a(stm32f10x_pwr.o)
                0x080099d8                PWR_BackupAccessCmd
 .text.PWR_WakeUpPinCmd
                0x080099e4        0xc lib/STM32F10x_StdPeriph_Driver/libstm32fw.a(stm32f10x_pwr.o)
                0x080099e4                PWR_WakeUpPinCmd
 .text.PWR_EnterSTANDBYMode
                0x080099f0       0x28 lib/STM32F10x_StdPeriph_Driver/libstm32fw.a(stm32f10x_pwr.o)
                0x080099f0                PWR_EnterSTANDBYMode
 .text.RCC_HCLKConfig
                0x08009a18       0x14 lib/STM32F10x_StdPeriph_Driver/libstm32fw.a(stm32f10x_rcc.o)
                0x08009a18                RCC_HCLKConfig
 .text.RCC_USBCLKConfig
                0x08009a2c        0xc lib/STM32F10x_StdPeriph_Driver/libstm32fw.a(stm32f10x_rcc.o)
                0x08009a2c                RCC_USBCLKConfig
 .text.RCC_ADCCLKConfig
                0x08009a38       0x14 lib/STM32F10x_StdPeriph_Driver/libstm32fw.a(stm32f10x_rcc.o)
                0x08009a38                RCC_ADCCLKConfig
 .text.RCC_LSEConfig
                0x08009a4c       0x20 lib/STM32F10x_StdPeriph_Driver/libstm32fw.a(stm32f10x_rcc.o)
                0x08009a4c                RCC_LSEConfig
 .text.RCC_RTCCLKConfig
                0x08009a6c       0x10 lib/STM32F10x_StdPeriph_Driver/libstm32fw.a(stm32f10x_rcc.o)
                0x08009a6c                RCC_RTCCLKConfig
 .text.RCC_RTCCLKCmd
                0x08009a7c        0xc lib/STM32F10x_StdPeriph_Driver/libstm32fw.a(stm32f10x_rcc.o)
                0x08009a7c                RCC_RTCCLKCmd
 .text.RCC_GetClocksFreq
                0x08009a88       0x9c lib/STM32F10x_StdPeriph_Driver/libstm32fw.a(stm32f10x_rcc.o)
                0x08009a88                RCC_GetClocksFreq
 .text.RCC_AHBPeriphClockCmd
                0x08009b24       0x18 lib/STM32F10x_StdPeriph_Driver/libstm32fw.a(stm32f10x_rcc.o)
                0x08009b24                RCC_AHBPeriphClockCmd
 .text.RCC_APB2PeriphClockCmd
                0x08009b3c       0x18 lib/STM32F10x_StdPeriph_Driver/libstm32fw.a(stm32f10x_rcc.o)
                0x08009b3c                RCC_APB2PeriphClockCmd
 .text.RCC_APB1PeriphClockCmd
                0x08009b54       0x18 lib/STM32F10x_StdPeriph_Driver/libstm32fw.a(stm32f10x_rcc.o)
                0x08009b54                RCC_APB1PeriphClockCmd
 .text.RCC_APB2PeriphResetCmd
                0x08009b6c       0x18 lib/STM32F10x_StdPeriph_Driver/libstm32fw.a(stm32f10x_rcc.o)
                0x08009b6c                RCC_APB2PeriphResetCmd
 .text.RCC_APB1PeriphResetCmd
                0x08009b84       0x18 lib/STM32F10x_StdPeriph_Driver/libstm32fw.a(stm32f10x_rcc.o)
                0x08009b84                RCC_APB1PeriphResetCmd
 .text.RCC_BackupResetCmd
                0x08009b9c        0xc lib/STM32F10x_StdPeriph_Driver/libstm32fw.a(stm32f10x_rcc.o)
                0x08009b9c                RCC_BackupResetCmd
 .text.RCC_GetFlagStatus
                0x08009ba8       0x28 lib/STM32F10x_StdPeriph_Driver/libstm32fw.a(stm32f10x_rcc.o)
                0x08009ba8                RCC_GetFlagStatus
 .text.RTC_EnterConfigMode
                0x08009bd0       0x14 lib/STM32F10x_StdPeriph_Driver/libstm32fw.a(stm32f10x_rtc.o)
                0x08009bd0                RTC_EnterConfigMode
 .text.RTC_ExitConfigMode
                0x08009be4       0x14 lib/STM32F10x_StdPeriph_Driver/libstm32fw.a(stm32f10x_rtc.o)
                0x08009be4                RTC_ExitConfigMode
 .text.RTC_GetCounter
                0x08009bf8       0x14 lib/STM32F10x_StdPeriph_Driver/libstm32fw.a(stm32f10x_rtc.o)
                0x08009bf8                RTC_GetCounter
 .text.RTC_SetCounter
                0x08009c0c       0x20 lib/STM32F10x_StdPeriph_Driver/libstm32fw.a(stm32f10x_rtc.o)
                0x08009c0c                RTC_SetCounter
 .text.RTC_SetPrescaler
                0x08009c2c       0x20 lib/STM32F10x_StdPeriph_Driver/libstm32fw.a(stm32f10x_rtc.o)
                0x08009c2c                RTC_SetPrescaler
 .text.RTC_WaitForLastTask
                0x08009c4c       0x14 lib/STM32F10x_StdPeriph_Driver/libstm32fw.a(stm32f10x_rtc.o)
                0x08009c4c                RTC_WaitForLastTask
 .text.RTC_WaitForSynchro
                0x08009c60       0x24 lib/STM32F10x_StdPeriph_Driver/libstm32fw.a(stm32f10x_rtc.o)
                0x08009c60                RTC_WaitForSynchro
 .text.SPI_Init
                0x08009c84       0x3e lib/STM32F10x_StdPeriph_Driver/libstm32fw.a(stm32f10x_spi.o)
                0x08009c84                SPI_Init
 .text.SPI_Cmd  0x08009cc2       0x18 lib/STM32F10x_StdPeriph_Driver/libstm32fw.a(stm32f10x_spi.o)
                0x08009cc2                SPI_Cmd
 .text.SPI_I2S_DMACmd
                0x08009cda       0x12 lib/STM32F10x_StdPeriph_Driver/libstm32fw.a(stm32f10x_spi.o)
                0x08009cda                SPI_I2S_DMACmd
 .text.SPI_I2S_SendData
                0x08009cec        0x4 lib/STM32F10x_StdPeriph_Driver/libstm32fw.a(stm32f10x_spi.o)
                0x08009cec                SPI_I2S_SendData
 .text.SPI_I2S_ReceiveData
                0x08009cf0        0x6 lib/STM32F10x_StdPeriph_Driver/libstm32fw.a(stm32f10x_spi.o)
                0x08009cf0                SPI_I2S_ReceiveData
 .text.SPI_CalculateCRC
                0x08009cf6       0x18 lib/STM32F10x_StdPeriph_Driver/libstm32fw.a(stm32f10x_spi.o)
                0x08009cf6                SPI_CalculateCRC
 .text.SPI_I2S_GetFlagStatus
                0x08009d0e        0xc lib/STM32F10x_StdPeriph_Driver/libstm32fw.a(stm32f10x_spi.o)
                0x08009d0e                SPI_I2S_GetFlagStatus
 *fill*         0x08009d1a        0x2 00
 .text.TIM_TimeBaseInit
                0x08009d1c       0x3c lib/STM32F10x_StdPeriph_Driver/libstm32fw.a(stm32f10x_tim.o)
                0x08009d1c                TIM_TimeBaseInit
 .text.TIM_OC1Init
                0x08009d58       0x74 lib/STM32F10x_StdPeriph_Driver/libstm32fw.a(stm32f10x_tim.o)
                0x08009d58                TIM_OC1Init
 .text.TIM_Cmd  0x08009dcc       0x18 lib/STM32F10x_StdPeriph_Driver/libstm32fw.a(stm32f10x_tim.o)
                0x08009dcc                TIM_Cmd
 .text.TIM_CtrlPWMOutputs
                0x08009de4       0x1c lib/STM32F10x_StdPeriph_Driver/libstm32fw.a(stm32f10x_tim.o)
                0x08009de4                TIM_CtrlPWMOutputs
 .text.TIM_ARRPreloadConfig
                0x08009e00       0x18 lib/STM32F10x_StdPeriph_Driver/libstm32fw.a(stm32f10x_tim.o)
                0x08009e00                TIM_ARRPreloadConfig
 .text.TIM_OC1PreloadConfig
                0x08009e18       0x10 lib/STM32F10x_StdPeriph_Driver/libstm32fw.a(stm32f10x_tim.o)
                0x08009e18                TIM_OC1PreloadConfig
 .text.TIM_SetCompare1
                0x08009e28        0x4 lib/STM32F10x_StdPeriph_Driver/libstm32fw.a(stm32f10x_tim.o)
                0x08009e28                TIM_SetCompare1
 .text.USART_DeInit
                0x08009e2c       0x98 lib/STM32F10x_StdPeriph_Driver/libstm32fw.a(stm32f10x_usart.o)
                0x08009e2c                USART_DeInit
 .text.USART_Init
                0x08009ec4       0x88 lib/STM32F10x_StdPeriph_Driver/libstm32fw.a(stm32f10x_usart.o)
                0x08009ec4                USART_Init
 .text.USART_Cmd
                0x08009f4c       0x18 lib/STM32F10x_StdPeriph_Driver/libstm32fw.a(stm32f10x_usart.o)
                0x08009f4c                USART_Cmd
 .text.USART_ITConfig
                0x08009f64       0x34 lib/STM32F10x_StdPeriph_Driver/libstm32fw.a(stm32f10x_usart.o)
                0x08009f64                USART_ITConfig
 .text.USART_DMACmd
                0x08009f98       0x12 lib/STM32F10x_StdPeriph_Driver/libstm32fw.a(stm32f10x_usart.o)
                0x08009f98                USART_DMACmd
 .text.USART_SendData
                0x08009faa        0x8 lib/STM32F10x_StdPeriph_Driver/libstm32fw.a(stm32f10x_usart.o)
                0x08009faa                USART_SendData
 .text.USART_ReceiveData
                0x08009fb2        0x8 lib/STM32F10x_StdPeriph_Driver/libstm32fw.a(stm32f10x_usart.o)
                0x08009fb2                USART_ReceiveData
 .text.USART_GetFlagStatus
                0x08009fba        0xc lib/STM32F10x_StdPeriph_Driver/libstm32fw.a(stm32f10x_usart.o)
                0x08009fba                USART_GetFlagStatus
 .text.USART_GetITStatus
                0x08009fc6       0x40 lib/STM32F10x_StdPeriph_Driver/libstm32fw.a(stm32f10x_usart.o)
                0x08009fc6                USART_GetITStatus
 .text.USART_ClearITPendingBit
                0x0800a006       0x10 lib/STM32F10x_StdPeriph_Driver/libstm32fw.a(stm32f10x_usart.o)
                0x0800a006                USART_ClearITPendingBit
 *fill*         0x0800a016        0x2 00
 .text.Standard_GetConfiguration
                0x0800a018       0x24 lib/STM32_USB-FS-Device_Driver/libstm32usb.a(usb_core.o)
                0x0800a018                Standard_GetConfiguration
 .text.Standard_GetInterface
                0x0800a03c       0x24 lib/STM32_USB-FS-Device_Driver/libstm32usb.a(usb_core.o)
                0x0800a03c                Standard_GetInterface
 .text.Standard_GetStatus
                0x0800a060       0x9c lib/STM32_USB-FS-Device_Driver/libstm32usb.a(usb_core.o)
                0x0800a060                Standard_GetStatus
 .text.DataStageIn
                0x0800a0fc       0xa4 lib/STM32_USB-FS-Device_Driver/libstm32usb.a(usb_core.o)
 .text.Standard_SetConfiguration
                0x0800a1a0       0x38 lib/STM32_USB-FS-Device_Driver/libstm32usb.a(usb_core.o)
                0x0800a1a0                Standard_SetConfiguration
 .text.Standard_SetInterface
                0x0800a1d8       0x48 lib/STM32_USB-FS-Device_Driver/libstm32usb.a(usb_core.o)
                0x0800a1d8                Standard_SetInterface
 .text.Standard_ClearFeature
                0x0800a220       0xdc lib/STM32_USB-FS-Device_Driver/libstm32usb.a(usb_core.o)
                0x0800a220                Standard_ClearFeature
 .text.Standard_SetEndPointFeature
                0x0800a2fc       0x8c lib/STM32_USB-FS-Device_Driver/libstm32usb.a(usb_core.o)
                0x0800a2fc                Standard_SetEndPointFeature
 .text.Standard_SetDeviceFeature
                0x0800a388       0x24 lib/STM32_USB-FS-Device_Driver/libstm32usb.a(usb_core.o)
                0x0800a388                Standard_SetDeviceFeature
 .text.Standard_GetDescriptorData
                0x0800a3ac       0x1c lib/STM32_USB-FS-Device_Driver/libstm32usb.a(usb_core.o)
                0x0800a3ac                Standard_GetDescriptorData
 .text.Post0_Process
                0x0800a3c8       0x40 lib/STM32_USB-FS-Device_Driver/libstm32usb.a(usb_core.o)
                0x0800a3c8                Post0_Process
 .text.Out0_Process
                0x0800a408       0xd4 lib/STM32_USB-FS-Device_Driver/libstm32usb.a(usb_core.o)
                0x0800a408                Out0_Process
 .text.Setup0_Process
                0x0800a4dc      0x2f8 lib/STM32_USB-FS-Device_Driver/libstm32usb.a(usb_core.o)
                0x0800a4dc                Setup0_Process
 .text.SetDeviceAddress
                0x0800a7d4       0x40 lib/STM32_USB-FS-Device_Driver/libstm32usb.a(usb_core.o)
                0x0800a7d4                SetDeviceAddress
 .text.In0_Process
                0x0800a814       0x60 lib/STM32_USB-FS-Device_Driver/libstm32usb.a(usb_core.o)
                0x0800a814                In0_Process
 .text.NOP_Process
                0x0800a874        0x2 lib/STM32_USB-FS-Device_Driver/libstm32usb.a(usb_core.o)
                0x0800a874                NOP_Process
 *fill*         0x0800a876        0x2 00
 .text.USB_Init
                0x0800a878       0x38 lib/STM32_USB-FS-Device_Driver/libstm32usb.a(usb_init.o)
                0x0800a878                USB_Init
 .text.CTR_LP   0x0800a8b0      0x190 lib/STM32_USB-FS-Device_Driver/libstm32usb.a(usb_int.o)
                0x0800a8b0                CTR_LP
 .text.CTR_HP   0x0800aa40       0x74 lib/STM32_USB-FS-Device_Driver/libstm32usb.a(usb_int.o)
                0x0800aa40                CTR_HP
 .text.UserToPMABufferCopy
                0x0800aab4       0x2e lib/STM32_USB-FS-Device_Driver/libstm32usb.a(usb_mem.o)
                0x0800aab4                UserToPMABufferCopy
 .text.PMAToUserBufferCopy
                0x0800aae2       0x24 lib/STM32_USB-FS-Device_Driver/libstm32usb.a(usb_mem.o)
                0x0800aae2                PMAToUserBufferCopy
 *fill*         0x0800ab06        0x2 00
 .text.SetBTABLE
                0x0800ab08       0x10 lib/STM32_USB-FS-Device_Driver/libstm32usb.a(usb_regs.o)
                0x0800ab08                SetBTABLE
 .text.SetEPType
                0x0800ab18       0x18 lib/STM32_USB-FS-Device_Driver/libstm32usb.a(usb_regs.o)
                0x0800ab18                SetEPType
 .text.SetEPTxStatus
                0x0800ab30       0x3a lib/STM32_USB-FS-Device_Driver/libstm32usb.a(usb_regs.o)
                0x0800ab30                SetEPTxStatus
 .text.SetEPRxStatus
                0x0800ab6a       0x3a lib/STM32_USB-FS-Device_Driver/libstm32usb.a(usb_regs.o)
                0x0800ab6a                SetEPRxStatus
 .text.SetEPRxValid
                0x0800aba4       0x22 lib/STM32_USB-FS-Device_Driver/libstm32usb.a(usb_regs.o)
                0x0800aba4                SetEPRxValid
 .text.Clear_Status_Out
                0x0800abc6       0x1e lib/STM32_USB-FS-Device_Driver/libstm32usb.a(usb_regs.o)
                0x0800abc6                Clear_Status_Out
 .text.ClearDTOG_RX
                0x0800abe4       0x24 lib/STM32_USB-FS-Device_Driver/libstm32usb.a(usb_regs.o)
                0x0800abe4                ClearDTOG_RX
 .text.ClearDTOG_TX
                0x0800ac08       0x24 lib/STM32_USB-FS-Device_Driver/libstm32usb.a(usb_regs.o)
                0x0800ac08                ClearDTOG_TX
 .text.SetEPTxAddr
                0x0800ac2c       0x20 lib/STM32_USB-FS-Device_Driver/libstm32usb.a(usb_regs.o)
                0x0800ac2c                SetEPTxAddr
 .text.SetEPRxAddr
                0x0800ac4c       0x20 lib/STM32_USB-FS-Device_Driver/libstm32usb.a(usb_regs.o)
                0x0800ac4c                SetEPRxAddr
 .text.GetEPTxAddr
                0x0800ac6c       0x1c lib/STM32_USB-FS-Device_Driver/libstm32usb.a(usb_regs.o)
                0x0800ac6c                GetEPTxAddr
 .text.GetEPRxAddr
                0x0800ac88       0x1c lib/STM32_USB-FS-Device_Driver/libstm32usb.a(usb_regs.o)
                0x0800ac88                GetEPRxAddr
 .text.SetEPTxCount
                0x0800aca4       0x1c lib/STM32_USB-FS-Device_Driver/libstm32usb.a(usb_regs.o)
                0x0800aca4                SetEPTxCount
 .text.SetEPRxCount
                0x0800acc0       0x3c lib/STM32_USB-FS-Device_Driver/libstm32usb.a(usb_regs.o)
                0x0800acc0                SetEPRxCount
 .text.GetEPRxCount
                0x0800acfc       0x20 lib/STM32_USB-FS-Device_Driver/libstm32usb.a(usb_regs.o)
                0x0800acfc                GetEPRxCount
 .text.ByteSwap
                0x0800ad1c        0xa lib/STM32_USB-FS-Device_Driver/libstm32usb.a(usb_regs.o)
                0x0800ad1c                ByteSwap
 *fill*         0x0800ad26        0x2 00
 .text.USB_SIL_Init
                0x0800ad28       0x20 lib/STM32_USB-FS-Device_Driver/libstm32usb.a(usb_sil.o)
                0x0800ad28                USB_SIL_Init
 .text.USB_SIL_Write
                0x0800ad48       0x28 lib/STM32_USB-FS-Device_Driver/libstm32usb.a(usb_sil.o)
                0x0800ad48                USB_SIL_Write
 .text.USB_SIL_Read
                0x0800ad70       0x24 lib/STM32_USB-FS-Device_Driver/libstm32usb.a(usb_sil.o)
                0x0800ad70                USB_SIL_Read
 .text.memset   0x0800ad94      0x12c /home/laurence/ARM-GCC/bin/../lib/gcc/arm-none-eabi/4.7.4/../../../../arm-none-eabi/lib/armv7-m/libc.a(lib_a-memset.o)
                0x0800ad94                memset
 .text._sbrk    0x0800aec0       0x34 /home/laurence/ARM-GCC/bin/../lib/gcc/arm-none-eabi/4.7.4/../../../../arm-none-eabi/lib/armv7-m/libnosys.a(sbrk.o)
                0x0800aec0                _sbrk
 *(.rodata)
 .rodata        0x0800aef4      0x1d4 /tmp/cc5QBZ0f.ltrans0.ltrans.o
                0x0800aef4                DaysInMonth.5649
                0x0800afc8                Tbl.5228
 .rodata        0x0800b0c8       0x20 /tmp/cc5QBZ0f.ltrans1.ltrans.o
 .rodata        0x0800b0e8       0xb5 /tmp/cc5QBZ0f.ltrans2.ltrans.o
 .rodata        0x0800b19d       0x80 /tmp/cc5QBZ0f.ltrans4.ltrans.o
 *fill*         0x0800b21d        0x1 00
 .rodata        0x0800b21e      0x44e /tmp/cc5QBZ0f.ltrans7.ltrans.o
 *(.rodata*)
 .rodata.str1.1
                0x0800b66c      0x3ef /tmp/cc5QBZ0f.ltrans0.ltrans.o
 .rodata.str1.1
                0x0800ba5b        0x6 /tmp/cc5QBZ0f.ltrans1.ltrans.o
 .rodata.MASS_DeviceDescriptor
                0x0800ba61       0x12 /tmp/cc5QBZ0f.ltrans1.ltrans.o
 .rodata.str1.1
                0x0800ba73       0x47 /tmp/cc5QBZ0f.ltrans6.ltrans.o
 .rodata.L3GD20_setup
                0x0800baba        0x6 /tmp/cc5QBZ0f.ltrans6.ltrans.o
 .rodata.str1.1
                0x0800bac0       0x10 /tmp/cc5QBZ0f.ltrans7.ltrans.o
 .rodata.str1.4
                0x0800bad0        0x4 /home/laurence/ARM-GCC/bin/../lib/gcc/arm-none-eabi/4.7.4/../../../../arm-none-eabi/lib/armv7-m/libc.a(lib_a-impure.o)
 *(.glue_7)
 .glue_7        0x00000000        0x0 linker stubs
 *(.glue_7t)
 .glue_7t       0x00000000        0x0 linker stubs
 *(.init)
 .init          0x0800bad4        0x4 /home/laurence/ARM-GCC/bin/../lib/gcc/arm-none-eabi/4.7.4/armv7-m/crti.o
                0x0800bad4                _init
 .init          0x0800bad8        0x8 /home/laurence/ARM-GCC/bin/../lib/gcc/arm-none-eabi/4.7.4/armv7-m/crtn.o
 *(.fini)
 .fini          0x0800bae0        0x4 /home/laurence/ARM-GCC/bin/../lib/gcc/arm-none-eabi/4.7.4/armv7-m/crti.o
                0x0800bae0                _fini
 .fini          0x0800bae4        0x8 /home/laurence/ARM-GCC/bin/../lib/gcc/arm-none-eabi/4.7.4/armv7-m/crtn.o
                0x0800baec                . = ALIGN (0x4)
                0x0800baec                _etext = .
                0x0800baec                _sidata = _etext

.vfp11_veneer   0x0800baec        0x0
 .vfp11_veneer  0x00000000        0x0 linker stubs

.v4_bx          0x0800baec        0x0
 .v4_bx         0x00000000        0x0 linker stubs

.iplt           0x0800baec        0x0
 .iplt          0x00000000        0x0 /home/laurence/ARM-GCC/bin/../lib/gcc/arm-none-eabi/4.7.4/armv7-m/crtbegin.o

.rel.dyn        0x0800baec        0x0
 .rel.iplt      0x00000000        0x0 /home/laurence/ARM-GCC/bin/../lib/gcc/arm-none-eabi/4.7.4/armv7-m/crtbegin.o

.flashpatch     0x00000000        0x0
                0x00000000                . = ALIGN (0x4)
 *(.flashpatch)
                0x00000000                . = ALIGN (0x4)

.endflash       0x00000000        0x0
                0x00000000                . = ALIGN (0x4)
 *(.endflash)
                0x00000000                . = ALIGN (0x4)
                0x00000000                _e_endflash = .

.data           0x20000000      0x9d4 load address 0x0800baec
                0x20000000                . = ALIGN (0x4)
                0x20000000                _sdata = .
                0x20000000                _data = .
 *(.data)
 .data          0x20000000       0x18 /tmp/cc5QBZ0f.ltrans1.ltrans.o
                0x20000014                Device_Table
 .data          0x20000018       0x20 /tmp/cc5QBZ0f.ltrans2.ltrans.o
                0x2000001c                pEpInt_IN
 .data          0x20000038       0x90 /tmp/cc5QBZ0f.ltrans3.ltrans.o
                0x20000080                Scsi_Sense_Data
                0x200000ac                pEpInt_OUT
 .data          0x200000c8       0x68 /tmp/cc5QBZ0f.ltrans4.ltrans.o
                0x200000e4                String_Descriptor
                0x2000010c                User_Standard_Requests
 .data          0x20000130       0x20 /tmp/cc5QBZ0f.ltrans6.ltrans.o
                0x20000130                I2C_jobs
 .data          0x20000150       0x34 /tmp/cc5QBZ0f.ltrans8.ltrans.o
                0x20000150                Device_Property
                0x20000181                Stat.5844
 *(.data.*)
 .data.__malloc_av_
                0x20000184      0x408 /home/laurence/ARM-GCC/bin/../lib/gcc/arm-none-eabi/4.7.4/../../../../arm-none-eabi/lib/armv7-m/libc.a(lib_a-mallocr.o)
                0x20000184                __malloc_av_
 .data.__malloc_trim_threshold
                0x2000058c        0x4 /home/laurence/ARM-GCC/bin/../lib/gcc/arm-none-eabi/4.7.4/../../../../arm-none-eabi/lib/armv7-m/libc.a(lib_a-mallocr.o)
                0x2000058c                __malloc_trim_threshold
 .data.__malloc_sbrk_base
                0x20000590        0x4 /home/laurence/ARM-GCC/bin/../lib/gcc/arm-none-eabi/4.7.4/../../../../arm-none-eabi/lib/armv7-m/libc.a(lib_a-mallocr.o)
                0x20000590                __malloc_sbrk_base
 .data.ADCPrescTable
                0x20000594        0x4 lib/STM32F10x_StdPeriph_Driver/libstm32fw.a(stm32f10x_rcc.o)
 .data.APBAHBPrescTable
                0x20000598       0x10 lib/STM32F10x_StdPeriph_Driver/libstm32fw.a(stm32f10x_rcc.o)
 .data.impure_data
                0x200005a8      0x428 /home/laurence/ARM-GCC/bin/../lib/gcc/arm-none-eabi/4.7.4/../../../../arm-none-eabi/lib/armv7-m/libc.a(lib_a-impure.o)
 .data._impure_ptr
                0x200009d0        0x4 /home/laurence/ARM-GCC/bin/../lib/gcc/arm-none-eabi/4.7.4/../../../../arm-none-eabi/lib/armv7-m/libc.a(lib_a-impure.o)
                0x200009d0                _impure_ptr
 *(.RAMtext)
                0x200009d4                . = ALIGN (0x4)
                0x200009d4                _edata = .
                0x0800c4c0                _eidata = (_sidata + (_edata - _sdata))
                0x08020000                _lastdataromaddress = (ORIGIN (FLASH) + 0x20000)
                0x00000000                toobig = (_eidata > _lastdataromaddress)?!!!!!!!!! FLASH IS FULL !!!!!!!!!:0x0

.igot.plt       0x200009d4        0x0 load address 0x0800c4c0
 .igot.plt      0x00000000        0x0 /home/laurence/ARM-GCC/bin/../lib/gcc/arm-none-eabi/4.7.4/armv7-m/crtbegin.o

.bss            0x200009d8      0xf60 load address 0x0800c4c8
                0x200009d8                . = ALIGN (0x4)
                0x200009d8                _sbss = .
                0x200009d8                _bss = .
 *(.bss)
 .bss           0x200009d8      0xca0 /tmp/cc5QBZ0f.ltrans0.ltrans.o
                0x20000e20                bootsource
                0x20000e24                Gps_Buffer
                0x20000e30                rputchar.5927
                0x20000e34                Data_Buffer
                0x20000e38                Millis
                0x20000e3c                Battery_Voltage
                0x20000e40                FatFs.5570
                0x20001078                FATFS_logfile
                0x2000129c                print_string
                0x2000139c                FATFS_wavfile_gyro
                0x200015c0                Silabs_driver_state
                0x200015dc                Gps
                0x2000160f                System_state_Global
                0x20001610                Silabs_Rx_Buffer
                0x2000161c                Shutdown_System
                0x20001620                CTS_Low.4242
                0x20001624                Gyro_XY_Rate
                0x20001628                Gyro_Z_Rate
                0x2000162c                Ind_Voltage
                0x20001630                Auto_volt
                0x20001634                Ignition_Selftest
                0x20001636                AutoSequence
                0x20001638                Gyro_x_buffer
                0x20001644                Gyro_y_buffer
                0x20001650                Gyro_z_buffer
                0x2000165e                I2C1error
                0x20001660                L3GD20_Data_Buffer
                0x20001668                Aux_Voltage
                0x2000166c                Gyro_Temperature
                0x20001670                Auto_spin
 .bss           0x20001678       0x90 /tmp/cc5QBZ0f.ltrans1.ltrans.o
 .bss           0x20001708        0x8 /tmp/cc5QBZ0f.ltrans2.ltrans.o
                0x2000170c                Channel_rx
 .bss           0x20001710       0x98 /tmp/cc5QBZ0f.ltrans3.ltrans.o
                0x20001710                CBW
                0x20001730                Bulk_Data_Buff
                0x20001770                Data_Len
                0x20001772                Bot_State
                0x20001774                CSW
                0x20001784                SCSI_LBA
                0x20001788                SCSI_BlkLen
                0x2000178c                Mass_Block_Count
                0x20001794                Mass_Block_Size
 .bss           0x200017a8       0x80 /tmp/cc5QBZ0f.ltrans4.ltrans.o
 .bss           0x20001828       0x1c /tmp/cc5QBZ0f.ltrans5.ltrans.o
                0x2000182c                TransferState
                0x2000183c                Sd_Spi_Called_From_USB_MSC
 .bss           0x20001844       0x14 /tmp/cc5QBZ0f.ltrans6.ltrans.o
                0x20001847                Silabs_spi_state
                0x20001848                Silabs_Tx_Buffer
                0x20001854                CardType.5845
 .bss           0x20001858       0x3c /tmp/cc5QBZ0f.ltrans8.ltrans.o
                0x20001858                wIstr
                0x2000185c                Timer1.5839
                0x20001860                Timer2.5840
                0x2000186c                Completed_Jobs
                0x20001870                AFROESC_Data_Buffer
                0x20001884                AFROESC_Throttle
                0x2000188d                job
                0x20001890                Jobs
 .bss           0x20001894        0xc /tmp/cc5QBZ0f.ltrans9.ltrans.o
                0x20001894                Usart1_rx_buff
 *(.bss.*)
 .bss.file_opened
                0x200018a0        0x1 /tmp/cc5QBZ0f.ltrans0.ltrans.o
 *fill*         0x200018a1        0x3 00
 .bss.bDeviceState
                0x200018a4        0x4 /tmp/cc5QBZ0f.ltrans0.ltrans.o
                0x200018a4                bDeviceState
 .bss.Status    0x200018a8        0x4 /tmp/cc5QBZ0f.ltrans0.ltrans.o
                0x200018a8                Status
 .bss.Last_RSSI
                0x200018ac        0x1 /tmp/cc5QBZ0f.ltrans0.ltrans.o
                0x200018ac                Last_RSSI
 *fill*         0x200018ad        0x3 00
 .bss.Max_Lun   0x200018b0        0x4 /tmp/cc5QBZ0f.ltrans3.ltrans.o
                0x200018b0                Max_Lun
 .bss.Page00_Inquiry_Data
                0x200018b4        0x5 /tmp/cc5QBZ0f.ltrans3.ltrans.o
 .bss.bIntPackSOF
                0x200018b9        0x1 /tmp/cc5QBZ0f.ltrans8.ltrans.o
 *fill*         0x200018ba        0x2 00
 .bss.__malloc_max_total_mem
                0x200018bc        0x4 /home/laurence/ARM-GCC/bin/../lib/gcc/arm-none-eabi/4.7.4/../../../../arm-none-eabi/lib/armv7-m/libc.a(lib_a-mallocr.o)
                0x200018bc                __malloc_max_total_mem
 .bss.__malloc_max_sbrked_mem
                0x200018c0        0x4 /home/laurence/ARM-GCC/bin/../lib/gcc/arm-none-eabi/4.7.4/../../../../arm-none-eabi/lib/armv7-m/libc.a(lib_a-mallocr.o)
                0x200018c0                __malloc_max_sbrked_mem
 .bss.__malloc_top_pad
                0x200018c4        0x4 /home/laurence/ARM-GCC/bin/../lib/gcc/arm-none-eabi/4.7.4/../../../../arm-none-eabi/lib/armv7-m/libc.a(lib_a-mallocr.o)
                0x200018c4                __malloc_top_pad
 .bss.__malloc_current_mallinfo
                0x200018c8       0x28 /home/laurence/ARM-GCC/bin/../lib/gcc/arm-none-eabi/4.7.4/../../../../arm-none-eabi/lib/armv7-m/libc.a(lib_a-mallocr.o)
                0x200018c8                __malloc_current_mallinfo
 .bss.Data_Mul_MaxPacketSize
                0x200018f0        0x1 lib/STM32_USB-FS-Device_Driver/libstm32usb.a(usb_core.o)
                0x200018f0                Data_Mul_MaxPacketSize
 *fill*         0x200018f1        0x3 00
 .bss.heap_end.4231
                0x200018f4        0x4 /home/laurence/ARM-GCC/bin/../lib/gcc/arm-none-eabi/4.7.4/../../../../arm-none-eabi/lib/armv7-m/libnosys.a(sbrk.o)
 *(COMMON)
 COMMON         0x200018f8        0x4 /home/laurence/ARM-GCC/bin/../lib/gcc/arm-none-eabi/4.7.4/../../../../arm-none-eabi/lib/armv7-m/libc.a(lib_a-reent.o)
                0x200018f8                errno
 COMMON         0x200018fc        0x2 lib/STM32_USB-FS-Device_Driver/libstm32usb.a(usb_core.o)
                0x200018fc                StatusInfo
 *fill*         0x200018fe        0x2 00
 COMMON         0x20001900       0x32 lib/STM32_USB-FS-Device_Driver/libstm32usb.a(usb_init.o)
                0x20001900                SaveState
                0x20001904                pProperty
                0x20001908                EPindex
                0x2000190c                Device_Info
                0x20001928                pUser_Standard_Requests
                0x2000192c                pInformation
                0x20001930                wInterrupt_Mask
 COMMON         0x20001932        0x4 lib/STM32_USB-FS-Device_Driver/libstm32usb.a(usb_int.o)
                0x20001932                SaveRState
                0x20001934                SaveTState
                0x20001938                . = ALIGN (0x4)
 *fill*         0x20001936        0x2 00
                0x20001938                _ebss = .
                0x20001938                PROVIDE (end, _ebss)
                0x20001938                PROVIDE (_end, _ebss)

._usrstack      0x20001938     0x2000 load address 0x0800d428
                0x20001938                . = ALIGN (0x4)
                0x20001938                _susrstack = .
                0x20003938                . = (. + _Minimum_Stack_Size)
 *fill*         0x20001938     0x2000 00
                0x20003938                . = ALIGN (0x4)
                0x20003938                _eusrstack = .
                0x20005000                _lastramaddress = (ORIGIN (RAM) + 0x5000)
                0x00000000                toobig = (_eusrstack > _lastramaddress)?!!!!!!!!! RAM IS FULL !!!!!!!!!:0x0

.b1text
 *(.b1text)
 *(.b1rodata)
 *(.b1rodata*)

.eb0text
 *(.eb0text)
 *(.eb0rodata)
 *(.eb0rodata*)

.eb1text
 *(.eb1text)
 *(.eb1rodata)
 *(.eb1rodata*)

.eb2text
 *(.eb2text)
 *(.eb2rodata)
 *(.eb2rodata*)

.eb3text
 *(.eb3text)
 *(.eb3rodata)
 *(.eb3rodata*)
                0x20003938                __exidx_start = .
                0x20003938                __exidx_end = .

/DISCARD/
 libc.a(*)
 libm.a(*)
 libgcc.a(*)

.stab
 *(.stab)

.stabstr
 *(.stabstr)

.stab.excl
 *(.stab.excl)

.stab.exclstr
 *(.stab.exclstr)

.stab.index
 *(.stab.index)

.stab.indexstr
 *(.stab.indexstr)

.comment        0x00000000       0x70
 *(.comment)
 .comment       0x00000000       0x71 /tmp/cc5QBZ0f.ltrans0.ltrans.o
 .comment       0x00000000       0x71 /tmp/cc5QBZ0f.ltrans1.ltrans.o
 .comment       0x00000000       0x71 /tmp/cc5QBZ0f.ltrans2.ltrans.o
 .comment       0x00000000       0x71 /tmp/cc5QBZ0f.ltrans3.ltrans.o
 .comment       0x00000000       0x71 /tmp/cc5QBZ0f.ltrans4.ltrans.o
 .comment       0x00000000       0x71 /tmp/cc5QBZ0f.ltrans5.ltrans.o
 .comment       0x00000000       0x71 /tmp/cc5QBZ0f.ltrans6.ltrans.o
 .comment       0x00000000       0x71 /tmp/cc5QBZ0f.ltrans7.ltrans.o
 .comment       0x00000000       0x71 /tmp/cc5QBZ0f.ltrans8.ltrans.o
 .comment       0x00000000       0x71 /tmp/cc5QBZ0f.ltrans9.ltrans.o
 .comment       0x00000000       0x70 lib/STM32F10x_StdPeriph_Driver/libstm32fw.a(misc.o)
                                 0x71 (size before relaxing)
 .comment       0x00000000       0x71 lib/STM32F10x_StdPeriph_Driver/libstm32fw.a(stm32f10x_adc.o)
 .comment       0x00000000       0x71 lib/STM32F10x_StdPeriph_Driver/libstm32fw.a(stm32f10x_bkp.o)
 .comment       0x00000000       0x71 lib/STM32F10x_StdPeriph_Driver/libstm32fw.a(stm32f10x_dbgmcu.o)
 .comment       0x00000000       0x71 lib/STM32F10x_StdPeriph_Driver/libstm32fw.a(stm32f10x_dma.o)
 .comment       0x00000000       0x71 lib/STM32F10x_StdPeriph_Driver/libstm32fw.a(stm32f10x_exti.o)
 .comment       0x00000000       0x71 lib/STM32F10x_StdPeriph_Driver/libstm32fw.a(stm32f10x_gpio.o)
 .comment       0x00000000       0x71 lib/STM32F10x_StdPeriph_Driver/libstm32fw.a(stm32f10x_i2c.o)
 .comment       0x00000000       0x71 lib/STM32F10x_StdPeriph_Driver/libstm32fw.a(stm32f10x_iwdg.o)
 .comment       0x00000000       0x71 lib/STM32F10x_StdPeriph_Driver/libstm32fw.a(stm32f10x_pwr.o)
 .comment       0x00000000       0x71 lib/STM32F10x_StdPeriph_Driver/libstm32fw.a(stm32f10x_rcc.o)
 .comment       0x00000000       0x71 lib/STM32F10x_StdPeriph_Driver/libstm32fw.a(stm32f10x_rtc.o)
 .comment       0x00000000       0x71 lib/STM32F10x_StdPeriph_Driver/libstm32fw.a(stm32f10x_spi.o)
 .comment       0x00000000       0x71 lib/STM32F10x_StdPeriph_Driver/libstm32fw.a(stm32f10x_tim.o)
 .comment       0x00000000       0x71 lib/STM32F10x_StdPeriph_Driver/libstm32fw.a(stm32f10x_usart.o)
 .comment       0x00000000       0x71 lib/STM32_USB-FS-Device_Driver/libstm32usb.a(usb_core.o)
 .comment       0x00000000       0x71 lib/STM32_USB-FS-Device_Driver/libstm32usb.a(usb_init.o)
 .comment       0x00000000       0x71 lib/STM32_USB-FS-Device_Driver/libstm32usb.a(usb_int.o)
 .comment       0x00000000       0x71 lib/STM32_USB-FS-Device_Driver/libstm32usb.a(usb_mem.o)
 .comment       0x00000000       0x71 lib/STM32_USB-FS-Device_Driver/libstm32usb.a(usb_regs.o)
 .comment       0x00000000       0x71 lib/STM32_USB-FS-Device_Driver/libstm32usb.a(usb_sil.o)

.ARM.attributes
                0x00000000       0x29
 .ARM.attributes
                0x00000000       0x1d /home/laurence/ARM-GCC/bin/../lib/gcc/arm-none-eabi/4.7.4/armv7-m/crti.o
 .ARM.attributes
                0x0000001d       0x31 /tmp/cc5QBZ0f.ltrans0.ltrans.o
 .ARM.attributes
                0x0000004e       0x31 /tmp/cc5QBZ0f.ltrans1.ltrans.o
 .ARM.attributes
                0x0000007f       0x31 /tmp/cc5QBZ0f.ltrans2.ltrans.o
 .ARM.attributes
                0x000000b0       0x31 /tmp/cc5QBZ0f.ltrans3.ltrans.o
 .ARM.attributes
                0x000000e1       0x31 /tmp/cc5QBZ0f.ltrans4.ltrans.o
 .ARM.attributes
                0x00000112       0x31 /tmp/cc5QBZ0f.ltrans5.ltrans.o
 .ARM.attributes
                0x00000143       0x31 /tmp/cc5QBZ0f.ltrans6.ltrans.o
 .ARM.attributes
                0x00000174       0x31 /tmp/cc5QBZ0f.ltrans7.ltrans.o
 .ARM.attributes
                0x000001a5       0x31 /tmp/cc5QBZ0f.ltrans8.ltrans.o
 .ARM.attributes
                0x000001d6       0x31 /tmp/cc5QBZ0f.ltrans9.ltrans.o
 .ARM.attributes
                0x00000207       0x1d /home/laurence/ARM-GCC/bin/../lib/gcc/arm-none-eabi/4.7.4/armv7-m/libgcc.a(_arm_addsubdf3.o)
 .ARM.attributes
                0x00000224       0x1d /home/laurence/ARM-GCC/bin/../lib/gcc/arm-none-eabi/4.7.4/armv7-m/libgcc.a(_arm_muldivdf3.o)
 .ARM.attributes
                0x00000241       0x1d /home/laurence/ARM-GCC/bin/../lib/gcc/arm-none-eabi/4.7.4/armv7-m/libgcc.a(_arm_cmpdf2.o)
 .ARM.attributes
                0x0000025e       0x1d /home/laurence/ARM-GCC/bin/../lib/gcc/arm-none-eabi/4.7.4/armv7-m/libgcc.a(_arm_fixunsdfsi.o)
 .ARM.attributes
                0x0000027b       0x1d /home/laurence/ARM-GCC/bin/../lib/gcc/arm-none-eabi/4.7.4/armv7-m/libgcc.a(_arm_truncdfsf2.o)
 .ARM.attributes
                0x00000298       0x1d /home/laurence/ARM-GCC/bin/../lib/gcc/arm-none-eabi/4.7.4/armv7-m/libgcc.a(_arm_addsubsf3.o)
 .ARM.attributes
                0x000002b5       0x1d /home/laurence/ARM-GCC/bin/../lib/gcc/arm-none-eabi/4.7.4/armv7-m/libgcc.a(_arm_muldivsf3.o)
 .ARM.attributes
                0x000002d2       0x1d /home/laurence/ARM-GCC/bin/../lib/gcc/arm-none-eabi/4.7.4/armv7-m/libgcc.a(_arm_cmpsf2.o)
 .ARM.attributes
                0x000002ef       0x1d /home/laurence/ARM-GCC/bin/../lib/gcc/arm-none-eabi/4.7.4/armv7-m/libgcc.a(_arm_fixunssfsi.o)
 .ARM.attributes
                0x0000030c       0x2d /home/laurence/ARM-GCC/bin/../lib/gcc/arm-none-eabi/4.7.4/../../../../arm-none-eabi/lib/armv7-m/libc.a(lib_a-malloc.o)
 .ARM.attributes
                0x00000339       0x2d /home/laurence/ARM-GCC/bin/../lib/gcc/arm-none-eabi/4.7.4/../../../../arm-none-eabi/lib/armv7-m/libc.a(lib_a-mallocr.o)
 .ARM.attributes
                0x00000366       0x2d /home/laurence/ARM-GCC/bin/../lib/gcc/arm-none-eabi/4.7.4/../../../../arm-none-eabi/lib/armv7-m/libc.a(lib_a-memcmp.o)
 .ARM.attributes
                0x00000393       0x2d /home/laurence/ARM-GCC/bin/../lib/gcc/arm-none-eabi/4.7.4/../../../../arm-none-eabi/lib/armv7-m/libc.a(lib_a-memcpy.o)
 .ARM.attributes
                0x000003c0       0x2d /home/laurence/ARM-GCC/bin/../lib/gcc/arm-none-eabi/4.7.4/../../../../arm-none-eabi/lib/armv7-m/libc.a(lib_a-mlock.o)
 .ARM.attributes
                0x000003ed       0x2d /home/laurence/ARM-GCC/bin/../lib/gcc/arm-none-eabi/4.7.4/../../../../arm-none-eabi/lib/armv7-m/libc.a(lib_a-sbrkr.o)
 .ARM.attributes
                0x0000041a       0x2d /home/laurence/ARM-GCC/bin/../lib/gcc/arm-none-eabi/4.7.4/../../../../arm-none-eabi/lib/armv7-m/libc.a(lib_a-strcat.o)
 .ARM.attributes
                0x00000447       0x2d /home/laurence/ARM-GCC/bin/../lib/gcc/arm-none-eabi/4.7.4/../../../../arm-none-eabi/lib/armv7-m/libc.a(lib_a-strchr.o)
 .ARM.attributes
                0x00000474       0x2d /home/laurence/ARM-GCC/bin/../lib/gcc/arm-none-eabi/4.7.4/../../../../arm-none-eabi/lib/armv7-m/libc.a(lib_a-strcpy.o)
 .ARM.attributes
                0x000004a1       0x2d /home/laurence/ARM-GCC/bin/../lib/gcc/arm-none-eabi/4.7.4/../../../../arm-none-eabi/lib/armv7-m/libc.a(lib_a-strlen.o)
 .ARM.attributes
                0x000004ce       0x2d /home/laurence/ARM-GCC/bin/../lib/gcc/arm-none-eabi/4.7.4/../../../../arm-none-eabi/lib/armv7-m/libc.a(lib_a-strncmp.o)
 .ARM.attributes
                0x000004fb       0x2d /home/laurence/ARM-GCC/bin/../lib/gcc/arm-none-eabi/4.7.4/../../../../arm-none-eabi/lib/armv7-m/libc.a(lib_a-strncpy.o)
 .ARM.attributes
                0x00000528       0x2d /home/laurence/ARM-GCC/bin/../lib/gcc/arm-none-eabi/4.7.4/../../../../arm-none-eabi/lib/armv7-m/libc.a(lib_a-freer.o)
 .ARM.attributes
                0x00000555       0x2d /home/laurence/ARM-GCC/bin/../lib/gcc/arm-none-eabi/4.7.4/../../../../arm-none-eabi/lib/armv7-m/libc.a(lib_a-reent.o)
 .ARM.attributes
                0x00000582       0x21 lib/CMSIS_CM3/startup/gcc/startup_stm32f10x_md.o
 .ARM.attributes
                0x000005a3       0x33 lib/STM32F10x_StdPeriph_Driver/libstm32fw.a(misc.o)
 .ARM.attributes
                0x000005d6       0x33 lib/STM32F10x_StdPeriph_Driver/libstm32fw.a(stm32f10x_adc.o)
 .ARM.attributes