Archive member included because of file (symbol)

lib/STM32F10x_StdPeriph_Driver/libstm32fw.a(misc.o)
                              interrupts.o (symbol from plugin) (NVIC_PriorityGroupConfig)
lib/STM32F10x_StdPeriph_Driver/libstm32fw.a(stm32f10x_adc.o)
                              adc.o (symbol from plugin) (ADC_DeInit)
lib/STM32F10x_StdPeriph_Driver/libstm32fw.a(stm32f10x_bkp.o)
                              Util/fat_fs/src/rtc.o (symbol from plugin) (BKP_DeInit)
lib/STM32F10x_StdPeriph_Driver/libstm32fw.a(stm32f10x_dbgmcu.o)
                              main.o (symbol from plugin) (DBGMCU_Config)
lib/STM32F10x_StdPeriph_Driver/libstm32fw.a(stm32f10x_dma.o)
                              Silabs/si446x.o (symbol from plugin) (DMA_DeInit)
lib/STM32F10x_StdPeriph_Driver/libstm32fw.a(stm32f10x_exti.o)
                              Silabs/si446x.o (symbol from plugin) (EXTI_DeInit)
lib/STM32F10x_StdPeriph_Driver/libstm32fw.a(stm32f10x_gpio.o)
                              Silabs/si446x.o (symbol from plugin) (GPIO_Init)
lib/STM32F10x_StdPeriph_Driver/libstm32fw.a(stm32f10x_i2c.o)
                              i2c_int.o (symbol from plugin) (I2C_DeInit)
lib/STM32F10x_StdPeriph_Driver/libstm32fw.a(stm32f10x_iwdg.o)
                              watchdog.o (symbol from plugin) (IWDG_WriteAccessCmd)
lib/STM32F10x_StdPeriph_Driver/libstm32fw.a(stm32f10x_pwr.o)
                              pwr.o (symbol from plugin) (PWR_DeInit)
lib/STM32F10x_StdPeriph_Driver/libstm32fw.a(stm32f10x_rcc.o)
                              interrupts.o (symbol from plugin) (RCC_HCLKConfig)
lib/STM32F10x_StdPeriph_Driver/libstm32fw.a(stm32f10x_rtc.o)
                              Util/fat_fs/src/rtc.o (symbol from plugin) (RTC_GetCounter)
lib/STM32F10x_StdPeriph_Driver/libstm32fw.a(stm32f10x_spi.o)
                              Util/fat_fs/src/sd_spi_stm32.o (symbol from plugin) (SPI_I2S_DeInit)
lib/STM32F10x_StdPeriph_Driver/libstm32fw.a(stm32f10x_tim.o)
                              pwm.o (symbol from plugin) (TIM_TimeBaseInit)
lib/STM32F10x_StdPeriph_Driver/libstm32fw.a(stm32f10x_usart.o)
                              usart.o (symbol from plugin) (USART_DeInit)
lib/STM32_USB-FS-Device_Driver/libstm32usb.a(usb_core.o)
                              Util/USB/usb_prop.o (symbol from plugin) (Standard_GetDescriptorData)
lib/STM32_USB-FS-Device_Driver/libstm32usb.a(usb_init.o)
                              main.o (symbol from plugin) (USB_Init)
lib/STM32_USB-FS-Device_Driver/libstm32usb.a(usb_int.o)
                              Util/USB/usb_istr.o (symbol from plugin) (CTR_LP)
lib/STM32_USB-FS-Device_Driver/libstm32usb.a(usb_mem.o)
                              lib/STM32_USB-FS-Device_Driver/libstm32usb.a(usb_core.o) (UserToPMABufferCopy)
lib/STM32_USB-FS-Device_Driver/libstm32usb.a(usb_regs.o)
                              Util/USB/usb_prop.o (symbol from plugin) (SetBTABLE)
lib/STM32_USB-FS-Device_Driver/libstm32usb.a(usb_sil.o)
                              Util/USB/usb_prop.o (symbol from plugin) (USB_SIL_Init)
/home/laurence/ARM-GCC/gcc-arm-none-eabi-4_9-2014q4/bin/../lib/gcc/arm-none-eabi/4.9.3/../../../../arm-none-eabi/lib/armv7-m/libg.a(lib_a-exit.o)
                              /home/laurence/ARM-GCC/gcc-arm-none-eabi-4_9-2014q4/bin/../lib/gcc/arm-none-eabi/4.9.3/../../../../arm-none-eabi/lib/armv7-m/crt0.o (exit)
/home/laurence/ARM-GCC/gcc-arm-none-eabi-4_9-2014q4/bin/../lib/gcc/arm-none-eabi/4.9.3/../../../../arm-none-eabi/lib/armv7-m/libg.a(lib_a-impure.o)
                              /home/laurence/ARM-GCC/gcc-arm-none-eabi-4_9-2014q4/bin/../lib/gcc/arm-none-eabi/4.9.3/../../../../arm-none-eabi/lib/armv7-m/libg.a(lib_a-exit.o) (_global_impure_ptr)
/home/laurence/ARM-GCC/gcc-arm-none-eabi-4_9-2014q4/bin/../lib/gcc/arm-none-eabi/4.9.3/../../../../arm-none-eabi/lib/armv7-m/libg.a(lib_a-init.o)
                              /home/laurence/ARM-GCC/gcc-arm-none-eabi-4_9-2014q4/bin/../lib/gcc/arm-none-eabi/4.9.3/../../../../arm-none-eabi/lib/armv7-m/crt0.o (__libc_init_array)
/home/laurence/ARM-GCC/gcc-arm-none-eabi-4_9-2014q4/bin/../lib/gcc/arm-none-eabi/4.9.3/../../../../arm-none-eabi/lib/armv7-m/libg.a(lib_a-memset.o)
                              /home/laurence/ARM-GCC/gcc-arm-none-eabi-4_9-2014q4/bin/../lib/gcc/arm-none-eabi/4.9.3/../../../../arm-none-eabi/lib/armv7-m/crt0.o (memset)
/home/laurence/ARM-GCC/gcc-arm-none-eabi-4_9-2014q4/bin/../lib/gcc/arm-none-eabi/4.9.3/../../../../arm-none-eabi/lib/armv7-m/libg.a(lib_a-__call_atexit.o)
                              /home/laurence/ARM-GCC/gcc-arm-none-eabi-4_9-2014q4/bin/../lib/gcc/arm-none-eabi/4.9.3/../../../../arm-none-eabi/lib/armv7-m/libg.a(lib_a-exit.o) (__call_exitprocs)
/home/laurence/ARM-GCC/gcc-arm-none-eabi-4_9-2014q4/bin/../lib/gcc/arm-none-eabi/4.9.3/../../../../arm-none-eabi/lib/armv7-m/libg.a(lib_a-atexit.o)
[...]
Memory Configuration

Name             Origin             Length             Attributes
RAM              0x20000000         0x00005000         xrw
FLASH            0x08000000         0x00020000         xr
FLASHB1          0x00000000         0x00000000         xr
EXTMEMB0         0x00000000         0x00000000         xr
EXTMEMB1         0x00000000         0x00000000         xr
EXTMEMB2         0x00000000         0x00000000         xr
EXTMEMB3         0x00000000         0x00000000         xr
STARTFLASH       0x00000000         0xffffffff
CRPPATCH         0x00000000         0xffffffff
FLASHPATCH       0x00000000         0xffffffff
ENDFLASH         0x00000000         0xffffffff
*default*        0x00000000         0xffffffff

Linker script and memory map

LOAD /home/laurence/ARM-GCC/gcc-arm-none-eabi-4_9-2014q4/bin/../lib/gcc/arm-none-eabi/4.9.3/armv7-m/crti.o
LOAD /home/laurence/ARM-GCC/gcc-arm-none-eabi-4_9-2014q4/bin/../lib/gcc/arm-none-eabi/4.9.3/armv7-m/crtbegin.o
LOAD /home/laurence/ARM-GCC/gcc-arm-none-eabi-4_9-2014q4/bin/../lib/gcc/arm-none-eabi/4.9.3/../../../../arm-none-eabi/lib/armv7-m/crt0.o
LOAD Silabs/si446x.o
LOAD /tmp/cc7hX2uy.ltrans0.ltrans.o
LOAD /tmp/cc7hX2uy.ltrans1.ltrans.o
LOAD /tmp/cc7hX2uy.ltrans2.ltrans.o
LOAD /tmp/cc7hX2uy.ltrans3.ltrans.o
LOAD /tmp/cc7hX2uy.ltrans4.ltrans.o
LOAD /tmp/cc7hX2uy.ltrans5.ltrans.o
LOAD /tmp/cc7hX2uy.ltrans6.ltrans.o
LOAD /tmp/cc7hX2uy.ltrans7.ltrans.o
LOAD /tmp/cc7hX2uy.ltrans8.ltrans.o
LOAD /home/laurence/ARM-GCC/gcc-arm-none-eabi-4_9-2014q4/bin/../lib/gcc/arm-none-eabi/4.9.3/armv7-m/libgcc.a
LOAD /home/laurence/ARM-GCC/gcc-arm-none-eabi-4_9-2014q4/bin/../lib/gcc/arm-none-eabi/4.9.3/../../../../arm-none-eabi/lib/armv7-m/libg.a
LOAD /home/laurence/ARM-GCC/gcc-arm-none-eabi-4_9-2014q4/bin/../lib/gcc/arm-none-eabi/4.9.3/../../../../arm-none-eabi/lib/armv7-m/libc.a
LOAD Ublox/ubx.o
LOAD Util/USB/hw_config.o
LOAD Util/USB/mass_mal.o
LOAD Util/USB/memory.o
LOAD Util/USB/scsi_data.o
LOAD Util/USB/usb_bot.o
LOAD Util/USB/usb_desc.o
LOAD Util/USB/usb_endp.o
LOAD Util/USB/usb_istr.o
LOAD Util/USB/usb_prop.o
LOAD Util/USB/usb_pwr.o
LOAD Util/USB/usb_scsi.o
LOAD Util/buffer.o
LOAD Util/crc.o
LOAD Util/delay.o
LOAD Util/fat_fs/option/ccsbcs.o
LOAD Util/fat_fs/src/fattime.o
LOAD Util/fat_fs/src/ff.o
LOAD Util/fat_fs/src/rtc.o
LOAD Util/fat_fs/src/sd_spi_stm32.o
LOAD Util/polygon.o
LOAD Util/rprintf.o
LOAD Util/wave.o
LOAD adc.o
LOAD dma.o
LOAD gpio.o
LOAD i2c_int.o
LOAD interrupts.o
LOAD lib/CMSIS_CM3/core_cm3.o
LOAD lib/CMSIS_CM3/startup/gcc/startup_stm32f10x_md.o
LOAD lib/CMSIS_CM3/system_stm32f10x.o
LOAD main.o
LOAD pwm.o
LOAD pwr.o
LOAD usart.o
LOAD watchdog.o
LOAD lib/STM32F10x_StdPeriph_Driver/libstm32fw.a
LOAD lib/STM32_USB-FS-Device_Driver/libstm32usb.a
LOAD /home/laurence/ARM-GCC/gcc-arm-none-eabi-4_9-2014q4/bin/../lib/gcc/arm-none-eabi/4.9.3/../../../../arm-none-eabi/lib/armv7-m/libm.a
LOAD /home/laurence/ARM-GCC/gcc-arm-none-eabi-4_9-2014q4/bin/../lib/gcc/arm-none-eabi/4.9.3/../../../../arm-none-eabi/lib/armv7-m/libnosys.a
START GROUP
LOAD /home/laurence/ARM-GCC/gcc-arm-none-eabi-4_9-2014q4/bin/../lib/gcc/arm-none-eabi/4.9.3/armv7-m/libgcc.a
LOAD /home/laurence/ARM-GCC/gcc-arm-none-eabi-4_9-2014q4/bin/../lib/gcc/arm-none-eabi/4.9.3/../../../../arm-none-eabi/lib/armv7-m/libg.a
LOAD /home/laurence/ARM-GCC/gcc-arm-none-eabi-4_9-2014q4/bin/../lib/gcc/arm-none-eabi/4.9.3/../../../../arm-none-eabi/lib/armv7-m/libc.a
END GROUP
LOAD /home/laurence/ARM-GCC/gcc-arm-none-eabi-4_9-2014q4/bin/../lib/gcc/arm-none-eabi/4.9.3/armv7-m/crtend.o
LOAD /home/laurence/ARM-GCC/gcc-arm-none-eabi-4_9-2014q4/bin/../lib/gcc/arm-none-eabi/4.9.3/armv7-m/crtn.o
                0x00002000                __Stack_Size = 0x2000
                0x00002000                PROVIDE (_Stack_Size, __Stack_Size)
                0x20003000                __Stack_Init = (_estack - __Stack_Size)
                0x20003000                PROVIDE (_Stack_Init, __Stack_Init)
                0x00002000                _Minimum_Stack_Size = 0x2000
                0x00000000                PROVIDE (Undefined_Handler, 0x0)
                0x00000000                PROVIDE (SWI_Handler, 0x0)
                0x00000000                PROVIDE (IRQ_Handler, 0x0)
                0x00000000                PROVIDE (Prefetch_Handler, 0x0)
                0x00000000                PROVIDE (Abort_Handler, 0x0)
                0x00000000                PROVIDE (FIQ_Handler, 0x0)
                0x00000000                PROVIDE (NMIException, 0x0)
                0x00000000                PROVIDE (NMI_Handler, 0x0)
                0x00000000                PROVIDE (HardFaultException, 0x0)
                0x00000000                PROVIDE (HardFault_Handler, 0x0)
                0x00000000                PROVIDE (MemManageException, 0x0)
                0x00000000                PROVIDE (MemManage_Handler, 0x0)
                0x00000000                PROVIDE (BusFaultException, 0x0)
                0x00000000                PROVIDE (BusFault_Handler, 0x0)
                0x00000000                PROVIDE (UsageFaultException, 0x0)
                0x00000000                PROVIDE (UsageFault_Handler, 0x0)
                0x00000000                PROVIDE (SVCHandler, 0x0)
                0x00000000                PROVIDE (SVC_Handler, 0x0)
                0x00000000                PROVIDE (DebugMonitor, 0x0)
                0x00000000                PROVIDE (DebugMon_Handler, 0x0)
                0x00000000                PROVIDE (PendSVC, 0x0)
                0x00000000                PROVIDE (PendSV_Handler, 0x0)
                0x00000000                PROVIDE (SysTickHandler, 0x0)
                0x00000000                PROVIDE (SysTick_Handler, 0x0)
                0x00000000                PROVIDE (WWDG_IRQHandler, 0x0)
                0x00000000                PROVIDE (PVD_IRQHandler, 0x0)
                0x00000000                PROVIDE (TAMPER_IRQHandler, 0x0)
                0x00000000                PROVIDE (RTC_IRQHandler, 0x0)
                0x00000000                PROVIDE (FLASH_IRQHandler, 0x0)
                0x00000000                PROVIDE (RCC_IRQHandler, 0x0)
                0x00000000                PROVIDE (EXTI0_IRQHandler, 0x0)
                0x00000000                PROVIDE (EXTI1_IRQHandler, 0x0)
                0x00000000                PROVIDE (EXTI2_IRQHandler, 0x0)
                0x00000000                PROVIDE (EXTI3_IRQHandler, 0x0)
                0x00000000                PROVIDE (EXTI4_IRQHandler, 0x0)
                0x00000000                PROVIDE (DMAChannel1_IRQHandler, 0x0)
                0x00000000                PROVIDE (DMAChannel2_IRQHandler, 0x0)
                0x00000000                PROVIDE (DMAChannel3_IRQHandler, 0x0)
                0x00000000                PROVIDE (DMAChannel4_IRQHandler, 0x0)
                0x00000000                PROVIDE (DMAChannel5_IRQHandler, 0x0)
                0x00000000                PROVIDE (DMAChannel6_IRQHandler, 0x0)
                0x00000000                PROVIDE (DMAChannel7_IRQHandler, 0x0)
                0x00000000                PROVIDE (DMA1_Channel1_IRQHandler, 0x0)
                0x00000000                PROVIDE (DMA1_Channel2_IRQHandler, 0x0)
                0x00000000                PROVIDE (DMA1_Channel3_IRQHandler, 0x0)
                0x00000000                PROVIDE (DMA1_Channel4_IRQHandler, 0x0)
                0x00000000                PROVIDE (DMA1_Channel5_IRQHandler, 0x0)
                0x00000000                PROVIDE (DMA1_Channel6_IRQHandler, 0x0)
                0x00000000                PROVIDE (DMA1_Channel7_IRQHandler, 0x0)
                0x00000000                PROVIDE (ADC_IRQHandler, 0x0)
                0x00000000                PROVIDE (ADC1_2_IRQHandler, 0x0)
                0x00000000                PROVIDE (USB_HP_CAN_TX_IRQHandler, 0x0)
                0x00000000                PROVIDE (USB_HP_CAN1_TX_IRQHandler, 0x0)
                0x00000000                PROVIDE (USB_LP_CAN_RX0_IRQHandler, 0x0)
                0x00000000                PROVIDE (USB_LP_CAN1_RX0_IRQHandler, 0x0)
                0x00000000                PROVIDE (CAN_RX1_IRQHandler, 0x0)
                0x00000000                PROVIDE (CAN1_RX1_IRQHandler, 0x0)
                0x00000000                PROVIDE (CAN_SCE_IRQHandler, 0x0)
                0x00000000                PROVIDE (CAN1_SCE_IRQHandler, 0x0)
                0x00000000                PROVIDE (EXTI9_5_IRQHandler, 0x0)
                0x00000000                PROVIDE (TIM1_BRK_IRQHandler, 0x0)
                0x00000000                PROVIDE (TIM1_UP_IRQHandler, 0x0)
                0x00000000                PROVIDE (TIM1_TRG_COM_IRQHandler, 0x0)
                0x00000000                PROVIDE (TIM1_CC_IRQHandler, 0x0)
                0x00000000                PROVIDE (TIM2_IRQHandler, 0x0)
                0x00000000                PROVIDE (TIM3_IRQHandler, 0x0)
                0x00000000                PROVIDE (TIM4_IRQHandler, 0x0)
                0x00000000                PROVIDE (I2C1_EV_IRQHandler, 0x0)
                0x00000000                PROVIDE (I2C1_ER_IRQHandler, 0x0)
                0x00000000                PROVIDE (I2C2_EV_IRQHandler, 0x0)
                0x00000000                PROVIDE (I2C2_ER_IRQHandler, 0x0)
                0x00000000                PROVIDE (SPI1_IRQHandler, 0x0)
                0x00000000                PROVIDE (SPI2_IRQHandler, 0x0)
                0x00000000                PROVIDE (USART1_IRQHandler, 0x0)
                0x00000000                PROVIDE (USART2_IRQHandler, 0x0)
                0x00000000                PROVIDE (USART3_IRQHandler, 0x0)
                0x00000000                PROVIDE (EXTI15_10_IRQHandler, 0x0)
                0x00000000                PROVIDE (RTCAlarm_IRQHandler, 0x0)
                0x00000000                PROVIDE (USBWakeUp_IRQHandler, 0x0)
                0x00000000                PROVIDE (TIM8_BRK_IRQHandler, 0x0)
                0x00000000                PROVIDE (TIM8_UP_IRQHandler, 0x0)
                0x00000000                PROVIDE (TIM8_TRG_COM_IRQHandler, 0x0)
                0x00000000                PROVIDE (TIM8_CC_IRQHandler, 0x0)
                0x00000000                PROVIDE (ADC3_IRQHandler, 0x0)
                0x00000000                PROVIDE (FSMC_IRQHandler, 0x0)
                0x00000000                PROVIDE (SDIO_IRQHandler, 0x0)
                0x00000000                PROVIDE (TIM5_IRQHandler, 0x0)
                0x00000000                PROVIDE (SPI3_IRQHandler, 0x0)
                0x00000000                PROVIDE (UART4_IRQHandler, 0x0)
                0x00000000                PROVIDE (UART5_IRQHandler, 0x0)
                0x00000000                PROVIDE (TIM6_IRQHandler, 0x0)
                0x00000000                PROVIDE (TIM7_IRQHandler, 0x0)
                0x00000000                PROVIDE (DMA2_Channel1_IRQHandler, 0x0)
                0x00000000                PROVIDE (DMA2_Channel2_IRQHandler, 0x0)
                0x00000000                PROVIDE (DMA2_Channel3_IRQHandler, 0x0)
                0x00000000                PROVIDE (DMA2_Channel4_5_IRQHandler, 0x0)
                0x42000000                PERIPH_BB_BASE = 0x42000000
                0x22000000                SRAM_BB_BASE = 0x22000000
                0x20000000                SRAM_BASE = 0x20000000
                0x40000000                PERIPH_BASE = 0x40000000
                0x40022000                PROVIDE (FLASH_BASE, 0x40022000)
                0x1ffff800                PROVIDE (OB_BASE, 0x1ffff800)
                0x40000000                APB1PERIPH_BASE = PERIPH_BASE
                0x40010000                APB2PERIPH_BASE = (PERIPH_BASE + 0x10000)
                0x40020000                AHBPERIPH_BASE = (PERIPH_BASE + 0x20000)
                0x40000000                PROVIDE (TIM2, (APB1PERIPH_BASE + 0x0))
                0x40000400                PROVIDE (TIM3, (APB1PERIPH_BASE + 0x400))
                0x40000800                PROVIDE (TIM4, (APB1PERIPH_BASE + 0x800))
                0x40002800                PROVIDE (RTC, (APB1PERIPH_BASE + 0x2800))
                0x40002c00                PROVIDE (WWDG, (APB1PERIPH_BASE + 0x2c00))
                0x40003000                PROVIDE (IWDG, (APB1PERIPH_BASE + 0x3000))
                0x40003800                PROVIDE (SPI2, (APB1PERIPH_BASE + 0x3800))
                0x40004400                PROVIDE (USART2, (APB1PERIPH_BASE + 0x4400))
                0x40004800                PROVIDE (USART3, (APB1PERIPH_BASE + 0x4800))
                0x40005400                PROVIDE (I2C1, (APB1PERIPH_BASE + 0x5400))
                0x40005800                PROVIDE (I2C2, (APB1PERIPH_BASE + 0x5800))
                0x40006400                PROVIDE (CAN, (APB1PERIPH_BASE + 0x6400))
                0x40006c00                PROVIDE (BKP, (APB1PERIPH_BASE + 0x6c00))
                0x40007000                PROVIDE (PWR, (APB1PERIPH_BASE + 0x7000))
                0x40010000                PROVIDE (AFIO, (APB2PERIPH_BASE + 0x0))
                0x40010400                PROVIDE (EXTI, (APB2PERIPH_BASE + 0x400))
                0x40010800                PROVIDE (GPIOA, (APB2PERIPH_BASE + 0x800))
                0x40010c00                PROVIDE (GPIOB, (APB2PERIPH_BASE + 0xc00))
                0x40011000                PROVIDE (GPIOC, (APB2PERIPH_BASE + 0x1000))
                0x40011400                PROVIDE (GPIOD, (APB2PERIPH_BASE + 0x1400))
                0x40011800                PROVIDE (GPIOE, (APB2PERIPH_BASE + 0x1800))
                0x40012400                PROVIDE (ADC1, (APB2PERIPH_BASE + 0x2400))
                0x40012800                PROVIDE (ADC2, (APB2PERIPH_BASE + 0x2800))
                0x40012c00                PROVIDE (TIM1, (APB2PERIPH_BASE + 0x2c00))
                0x40013000                PROVIDE (SPI1, (APB2PERIPH_BASE + 0x3000))
                0x40013800                PROVIDE (USART1, (APB2PERIPH_BASE + 0x3800))
                0x40020000                PROVIDE (DMA, (AHBPERIPH_BASE + 0x0))
                0x40020008                PROVIDE (DMA_Channel1, (AHBPERIPH_BASE + 0x8))
                0x4002001c                PROVIDE (DMA_Channel2, (AHBPERIPH_BASE + 0x1c))
                0x40020030                PROVIDE (DMA_Channel3, (AHBPERIPH_BASE + 0x30))
                0x40020044                PROVIDE (DMA_Channel4, (AHBPERIPH_BASE + 0x44))
                0x40020058                PROVIDE (DMA_Channel5, (AHBPERIPH_BASE + 0x58))
                0x4002006c                PROVIDE (DMA_Channel6, (AHBPERIPH_BASE + 0x6c))
                0x40020080                PROVIDE (DMA_Channel7, (AHBPERIPH_BASE + 0x80))
                0x40021000                PROVIDE (RCC, (AHBPERIPH_BASE + 0x1000))
                0xe000e000                SCS_BASE = 0xe000e000
                0xe000e010                PROVIDE (SysTick, (SCS_BASE + 0x10))
                0xe000e100                PROVIDE (NVIC, (SCS_BASE + 0x100))
                0xe000ed00                PROVIDE (SCB, (SCS_BASE + 0xd00))
                0x20005000                PROVIDE (_estack, (ORIGIN (RAM) + 0x5000))

.isr_vector     0x08000000      0x10c
                0x08000000                . = ALIGN (0x4)
 *(.isr_vector)
 .isr_vector    0x08000000      0x10c lib/CMSIS_CM3/startup/gcc/startup_stm32f10x_md.o
                0x08000000                g_pfnVectors
                0x0800010c                . = ALIGN (0x4)

.flash_start    0x00000000        0x0
                0x00000000                . = ALIGN (0x4)
 *(.flash_start)
 *(.flash_start.*)
                0x00000000                . = ALIGN (0x4)

.crp_patch      0x00000000        0x0
                0x00000000                . = ALIGN (0x4)
 *(.crp_patch)
                0x00000000                . = ALIGN (0x4)

.flashtext      0x0800010c        0x0
                0x0800010c                . = ALIGN (0x4)
 *(.flashtext)
                0x0800010c                . = ALIGN (0x4)

.text           0x08000110     0xc408
                0x08000110                . = ALIGN (0x4)
 *(.text)
 .text          0x08000110      0x370 /home/laurence/ARM-GCC/gcc-arm-none-eabi-4_9-2014q4/bin/../lib/gcc/arm-none-eabi/4.9.3/armv7-m/libgcc.a(_arm_addsubdf3.o)
                0x08000110                __aeabi_drsub
                0x08000118                __aeabi_dsub
                0x08000118                __subdf3
                0x0800011c                __adddf3
                0x0800011c                __aeabi_dadd
                0x08000394                __aeabi_ui2d
                0x08000394                __floatunsidf
                0x080003b4                __floatsidf
                0x080003b4                __aeabi_i2d
                0x080003d8                __extendsfdf2
                0x080003d8                __aeabi_f2d
                0x08000414                __aeabi_ul2d
                0x08000414                __floatundidf
                0x08000424                __floatdidf
                0x08000424                __aeabi_l2d
 .text          0x08000480      0x424 /home/laurence/ARM-GCC/gcc-arm-none-eabi-4_9-2014q4/bin/../lib/gcc/arm-none-eabi/4.9.3/armv7-m/libgcc.a(_arm_muldivdf3.o)
                0x08000480                __aeabi_dmul
                0x08000480                __muldf3
                0x080006d4                __aeabi_ddiv
                0x080006d4                __divdf3
 .text          0x080008a4      0x110 /home/laurence/ARM-GCC/gcc-arm-none-eabi-4_9-2014q4/bin/../lib/gcc/arm-none-eabi/4.9.3/armv7-m/libgcc.a(_arm_cmpdf2.o)
                0x080008a4                __gtdf2
                0x080008a4                __gedf2
                0x080008ac                __ltdf2
                0x080008ac                __ledf2
                0x080008b4                __cmpdf2
                0x080008b4                __eqdf2
                0x080008b4                __nedf2
                0x08000930                __aeabi_cdrcmple
                0x08000940                __aeabi_cdcmple
                0x08000940                __aeabi_cdcmpeq
                0x08000950                __aeabi_dcmpeq
                0x08000964                __aeabi_dcmplt
                0x08000978                __aeabi_dcmple
                0x0800098c                __aeabi_dcmpge
                0x080009a0                __aeabi_dcmpgt
 .text          0x080009b4       0x40 /home/laurence/ARM-GCC/gcc-arm-none-eabi-4_9-2014q4/bin/../lib/gcc/arm-none-eabi/4.9.3/armv7-m/libgcc.a(_arm_fixunsdfsi.o)
                0x080009b4                __fixunsdfsi
                0x080009b4                __aeabi_d2uiz
 .text          0x080009f4       0xa0 /home/laurence/ARM-GCC/gcc-arm-none-eabi-4_9-2014q4/bin/../lib/gcc/arm-none-eabi/4.9.3/armv7-m/libgcc.a(_arm_truncdfsf2.o)
                0x080009f4                __aeabi_d2f
                0x080009f4                __truncdfsf2
 .text          0x08000a94      0x21c /home/laurence/ARM-GCC/gcc-arm-none-eabi-4_9-2014q4/bin/../lib/gcc/arm-none-eabi/4.9.3/armv7-m/libgcc.a(_arm_addsubsf3.o)
                0x08000a94                __aeabi_frsub
                0x08000a9c                __subsf3
                0x08000a9c                __aeabi_fsub
                0x08000aa0                __aeabi_fadd
                0x08000aa0                __addsf3
                0x08000c00                __aeabi_ui2f
                0x08000c00                __floatunsisf
                0x08000c08                __aeabi_i2f
                0x08000c08                __floatsisf
                0x08000c24                __floatundisf
                0x08000c24                __aeabi_ul2f
                0x08000c34                __floatdisf
                0x08000c34                __aeabi_l2f
 .text          0x08000cb0      0x2a0 /home/laurence/ARM-GCC/gcc-arm-none-eabi-4_9-2014q4/bin/../lib/gcc/arm-none-eabi/4.9.3/armv7-m/libgcc.a(_arm_muldivsf3.o)
                0x08000cb0                __mulsf3
                0x08000cb0                __aeabi_fmul
                0x08000e18                __divsf3
                0x08000e18                __aeabi_fdiv
 .text          0x08000f50       0xec /home/laurence/ARM-GCC/gcc-arm-none-eabi-4_9-2014q4/bin/../lib/gcc/arm-none-eabi/4.9.3/armv7-m/libgcc.a(_arm_cmpsf2.o)
                0x08000f50                __gtsf2
                0x08000f50                __gesf2
                0x08000f58                __lesf2
                0x08000f58                __ltsf2
                0x08000f60                __nesf2
                0x08000f60                __eqsf2
                0x08000f60                __cmpsf2
                0x08000fc0                __aeabi_cfrcmple
                0x08000fc8                __aeabi_cfcmple
                0x08000fc8                __aeabi_cfcmpeq
                0x08000fd8                __aeabi_fcmpeq
                0x08000fec                __aeabi_fcmplt
                0x08001000                __aeabi_fcmple
                0x08001014                __aeabi_fcmpge
                0x08001028                __aeabi_fcmpgt
 .text          0x0800103c       0x40 /home/laurence/ARM-GCC/gcc-arm-none-eabi-4_9-2014q4/bin/../lib/gcc/arm-none-eabi/4.9.3/armv7-m/libgcc.a(_arm_fixunssfsi.o)
                0x0800103c                __aeabi_f2uiz
                0x0800103c                __fixunssfsi
 .text          0x0800107c       0xec /home/laurence/ARM-GCC/gcc-arm-none-eabi-4_9-2014q4/bin/../lib/gcc/arm-none-eabi/4.9.3/../../../../arm-none-eabi/lib/armv7-m/libg.a(lib_a-memcpy.o)
                0x0800107c                memcpy
 *(.text.*)
 .text.si446x_spi_state_machine
                0x08001168      0x2c4 /tmp/cc7hX2uy.ltrans0.ltrans.o
 .text.si446x_busy_wait_send_receive
                0x0800142c       0xec /tmp/cc7hX2uy.ltrans0.ltrans.o
 .text.si446x_set_modem
                0x08001518      0x230 /tmp/cc7hX2uy.ltrans0.ltrans.o
 .text.si446x_set_deviation_channel_bps
                0x08001748      0x118 /tmp/cc7hX2uy.ltrans0.ltrans.o
 .text.si446x_set_frequency
                0x08001860      0x16c /tmp/cc7hX2uy.ltrans0.ltrans.o
 .text.si446x_state_machine
                0x080019cc      0x3a8 /tmp/cc7hX2uy.ltrans0.ltrans.o
 .text.Gps_Process_Byte
                0x08001d74      0x210 /tmp/cc7hX2uy.ltrans0.ltrans.o
                0x08001d74                Gps_Process_Byte
 .text.EXTI15_10_IRQHandler
                0x08001f84       0x48 /tmp/cc7hX2uy.ltrans0.ltrans.o
                0x08001f84                EXTI15_10_IRQHandler
 .text.DMA1_Channel2_IRQHandler
                0x08001fcc       0x48 /tmp/cc7hX2uy.ltrans0.ltrans.o
                0x08001fcc                DMA1_Channel2_IRQHandler
 .text.USART3_IRQHandler
                0x08002014       0x7c /tmp/cc7hX2uy.ltrans0.ltrans.o
                0x08002014                USART3_IRQHandler
 .text.EXTI0_IRQHandler
                0x08002090       0x44 /tmp/cc7hX2uy.ltrans0.ltrans.o
                0x08002090                EXTI0_IRQHandler
 .text.si446x_setup
                0x080020d4      0x418 /tmp/cc7hX2uy.ltrans0.ltrans.o
                0x080020d4                si446x_setup
 .text.silabs_cts_jammed
                0x080024ec       0x28 /tmp/cc7hX2uy.ltrans0.ltrans.o
                0x080024ec                silabs_cts_jammed
 .text.get_from_silabs_buffer
                0x08002514       0x20 /tmp/cc7hX2uy.ltrans0.ltrans.o
                0x08002514                get_from_silabs_buffer
 .text.send_string_to_silabs
                0x08002534       0x40 /tmp/cc7hX2uy.ltrans0.ltrans.o
                0x08002534                send_string_to_silabs
 .text.rStrLen  0x08002574       0x14 /tmp/cc7hX2uy.ltrans1.ltrans.o
 .text.Isdigit  0x08002588       0x10 /tmp/cc7hX2uy.ltrans1.ltrans.o
 .text.atoiRamRom
                0x08002598       0x2c /tmp/cc7hX2uy.ltrans1.ltrans.o
 .text.xmit_datablock
                0x080025c4       0x4c /tmp/cc7hX2uy.ltrans1.ltrans.o
 .text.power_off_
                0x08002610       0x6c /tmp/cc7hX2uy.ltrans1.ltrans.o
 .text.ReadADC1_noblock
                0x0800267c       0x20 /tmp/cc7hX2uy.ltrans1.ltrans.o
                0x0800267c                ReadADC1_noblock
 .text.ADC_Configuration
                0x0800269c       0xf8 /tmp/cc7hX2uy.ltrans1.ltrans.o
                0x0800269c                ADC_Configuration
 .text.wave_terminate
                0x08002794       0x78 /tmp/cc7hX2uy.ltrans1.ltrans.o
                0x08002794                wave_terminate
 .text.write_wave_samples
                0x0800280c       0x78 /tmp/cc7hX2uy.ltrans1.ltrans.o
                0x0800280c                write_wave_samples
 .text.write_wave_header
                0x08002884       0xd4 /tmp/cc7hX2uy.ltrans1.ltrans.o
                0x08002884                write_wave_header
 .text.rprintfChar
                0x08002958       0x20 /tmp/cc7hX2uy.ltrans1.ltrans.o
                0x08002958                rprintfChar
 .text.rprintfFloat
                0x08002978       0xc8 /tmp/cc7hX2uy.ltrans1.ltrans.o
 .text.rprintf2RamRom
                0x08002a40      0x360 /tmp/cc7hX2uy.ltrans1.ltrans.o
                0x08002a40                rprintf2RamRom
 .text.rprintfInit
                0x08002da0        0xc /tmp/cc7hX2uy.ltrans1.ltrans.o
                0x08002da0                rprintfInit
 .text.pointinpoly
                0x08002dac       0x54 /tmp/cc7hX2uy.ltrans1.ltrans.o
                0x08002dac                pointinpoly
 .text.disk_timerproc
                0x08002e00       0x50 /tmp/cc7hX2uy.ltrans1.ltrans.o
                0x08002e00                disk_timerproc
 .text.disk_status
                0x08002e50       0x14 /tmp/cc7hX2uy.ltrans1.ltrans.o
                0x08002e50                disk_status
 .text.send_cmd.lto_priv.10
                0x08002e64       0xd4 /tmp/cc7hX2uy.ltrans1.ltrans.o
                0x08002e64                send_cmd.lto_priv.10
 .text.disk_write
                0x08002f38       0xb0 /tmp/cc7hX2uy.ltrans1.ltrans.o
                0x08002f38                disk_write
 .text.disk_initialize
                0x08002fe8      0x164 /tmp/cc7hX2uy.ltrans1.ltrans.o
                0x08002fe8                disk_initialize
 .text.rcvr_datablock
                0x0800314c       0x60 /tmp/cc7hX2uy.ltrans1.ltrans.o
                0x0800314c                rcvr_datablock
 .text.disk_ioctl
                0x080031ac      0x2b0 /tmp/cc7hX2uy.ltrans1.ltrans.o
                0x080031ac                disk_ioctl
 .text.disk_read
                0x0800345c       0xac /tmp/cc7hX2uy.ltrans1.ltrans.o
                0x0800345c                disk_read
 .text.ff_wtoupper
                0x08003508       0x24 /tmp/cc7hX2uy.ltrans2.ltrans.o
 .text.crc_xmodem_update
                0x0800352c       0x28 /tmp/cc7hX2uy.ltrans2.ltrans.o
 .text.sum_sfn.lto_priv.25
                0x08003554       0x1c /tmp/cc7hX2uy.ltrans2.ltrans.o
                0x08003554                sum_sfn.lto_priv.25
 .text.fit_lfn.lto_priv.24
                0x08003570       0x64 /tmp/cc7hX2uy.ltrans2.ltrans.o
                0x08003570                fit_lfn.lto_priv.24
 .text.cmp_lfn.lto_priv.27
                0x080035d4       0x9c /tmp/cc7hX2uy.ltrans2.ltrans.o
                0x080035d4                cmp_lfn.lto_priv.27
 .text.clust2sect
                0x08003670       0x18 /tmp/cc7hX2uy.ltrans2.ltrans.o
                0x08003670                clust2sect
 .text.move_window.lto_priv.18
                0x08003688       0x7c /tmp/cc7hX2uy.ltrans2.ltrans.o
                0x08003688                move_window.lto_priv.18
 .text.put_fat  0x08003704      0x108 /tmp/cc7hX2uy.ltrans2.ltrans.o
                0x08003704                put_fat
 .text.get_fat  0x0800380c       0xe8 /tmp/cc7hX2uy.ltrans2.ltrans.o
                0x0800380c                get_fat
 .text.dir_sdi.lto_priv.20
                0x080038f4       0x94 /tmp/cc7hX2uy.ltrans2.ltrans.o
                0x080038f4                dir_sdi.lto_priv.20
 .text.create_chain.lto_priv.16
                0x08003988       0xac /tmp/cc7hX2uy.ltrans2.ltrans.o
                0x08003988                create_chain.lto_priv.16
 .text.remove_chain.lto_priv.11
                0x08003a34       0x64 /tmp/cc7hX2uy.ltrans2.ltrans.o
                0x08003a34                remove_chain.lto_priv.11
 .text.chk_chr.lto_priv.21
                0x08003a98       0x10 /tmp/cc7hX2uy.ltrans2.ltrans.o
                0x08003a98                chk_chr.lto_priv.21
 .text.mem_cmp.lto_priv.26
                0x08003aa8       0x24 /tmp/cc7hX2uy.ltrans2.ltrans.o
                0x08003aa8                mem_cmp.lto_priv.26
 .text.mem_set.lto_priv.22
                0x08003acc       0x10 /tmp/cc7hX2uy.ltrans2.ltrans.o
                0x08003acc                mem_set.lto_priv.22
 .text.dir_next.lto_priv.23
                0x08003adc      0x124 /tmp/cc7hX2uy.ltrans2.ltrans.o
                0x08003adc                dir_next.lto_priv.23
 .text.sync.lto_priv.17
                0x08003c00       0xb8 /tmp/cc7hX2uy.ltrans2.ltrans.o
                0x08003c00                sync.lto_priv.17
 .text.mem_cpy.lto_priv.19
                0x08003cb8       0x14 /tmp/cc7hX2uy.ltrans2.ltrans.o
                0x08003cb8                mem_cpy.lto_priv.19
 .text.gen_numname
                0x08003ccc       0x88 /tmp/cc7hX2uy.ltrans2.ltrans.o
                0x08003ccc                gen_numname
 .text.get_fattime
                0x08003d54       0x44 /tmp/cc7hX2uy.ltrans2.ltrans.o
                0x08003d54                get_fattime
 .text.ff_convert
                0x08003d98       0x40 /tmp/cc7hX2uy.ltrans2.ltrans.o
                0x08003d98                ff_convert
 .text.Delay    0x08003dd8       0x20 /tmp/cc7hX2uy.ltrans2.ltrans.o
                0x08003dd8                Delay
 .text.string_CRC16_checksum
                0x08003df8       0x28 /tmp/cc7hX2uy.ltrans2.ltrans.o
                0x08003df8                string_CRC16_checksum
 .text.Init_Dma_Buffer
                0x08003e20       0x14 /tmp/cc7hX2uy.ltrans2.ltrans.o
                0x08003e20                Init_Dma_Buffer
 .text.Init_Byte_Buffer
                0x08003e34        0x8 /tmp/cc7hX2uy.ltrans2.ltrans.o
                0x08003e34                Init_Byte_Buffer
 .text.Init_Buffer
                0x08003e3c       0x14 /tmp/cc7hX2uy.ltrans2.ltrans.o
                0x08003e3c                Init_Buffer
 .text.Bytes_In_DMA_Buffer
                0x08003e50       0x24 /tmp/cc7hX2uy.ltrans2.ltrans.o
                0x08003e50                Bytes_In_DMA_Buffer
 .text.Empty_Dma_Buffer
                0x08003e74        0xc /tmp/cc7hX2uy.ltrans2.ltrans.o
                0x08003e74                Empty_Dma_Buffer
 .text.Pop_From_Dma_Buffer
                0x08003e80       0x28 /tmp/cc7hX2uy.ltrans2.ltrans.o
                0x08003e80                Pop_From_Dma_Buffer
 .text.Pop_From_Byte_Buffer
                0x08003ea8       0x28 /tmp/cc7hX2uy.ltrans2.ltrans.o
                0x08003ea8                Pop_From_Byte_Buffer
 .text.Pop_From_Buffer
                0x08003ed0       0x2c /tmp/cc7hX2uy.ltrans2.ltrans.o
                0x08003ed0                Pop_From_Buffer
 .text.Get_From_Byte_Buffer
                0x08003efc       0x40 /tmp/cc7hX2uy.ltrans2.ltrans.o
                0x08003efc                Get_From_Byte_Buffer
 .text.Add_To_Byte_Buffer
                0x08003f3c       0x4c /tmp/cc7hX2uy.ltrans2.ltrans.o
                0x08003f3c                Add_To_Byte_Buffer
 .text.Add_To_Buffer
                0x08003f88       0x50 /tmp/cc7hX2uy.ltrans2.ltrans.o
                0x08003f88                Add_To_Buffer
 .text.SCSI_Format_Cmd
                0x08003fd8       0x14 /tmp/cc7hX2uy.ltrans2.ltrans.o
                0x08003fd8                SCSI_Format_Cmd
 .text.SCSI_Start_Stop_Unit_Cmd
                0x08003fec        0xc /tmp/cc7hX2uy.ltrans2.ltrans.o
                0x08003fec                SCSI_Start_Stop_Unit_Cmd
 .text.Set_Scsi_Sense_Data
                0x08003ff8        0xc /tmp/cc7hX2uy.ltrans2.ltrans.o
                0x08003ff8                Set_Scsi_Sense_Data
 .text.SCSI_Address_Management
                0x08004004       0x7c /tmp/cc7hX2uy.ltrans2.ltrans.o
 .text.SCSI_Invalid_Cmd
                0x08004080       0x44 /tmp/cc7hX2uy.ltrans2.ltrans.o
                0x08004080                SCSI_Invalid_Cmd
 .text.SCSI_TestUnitReady_Cmd
                0x080040c4       0x34 /tmp/cc7hX2uy.ltrans2.ltrans.o
                0x080040c4                SCSI_TestUnitReady_Cmd
 .text.SCSI_Verify10_Cmd
                0x080040f8       0x3c /tmp/cc7hX2uy.ltrans2.ltrans.o
                0x080040f8                SCSI_Verify10_Cmd
 .text.SCSI_Write10_Cmd
                0x08004134       0x68 /tmp/cc7hX2uy.ltrans2.ltrans.o
                0x08004134                SCSI_Write10_Cmd
 .text.SCSI_Read10_Cmd
                0x0800419c       0x68 /tmp/cc7hX2uy.ltrans2.ltrans.o
                0x0800419c                SCSI_Read10_Cmd
 .text.SCSI_RequestSense_Cmd
                0x08004204       0x1c /tmp/cc7hX2uy.ltrans2.ltrans.o
                0x08004204                SCSI_RequestSense_Cmd
 .text.SCSI_ModeSense10_Cmd
                0x08004220       0x10 /tmp/cc7hX2uy.ltrans2.ltrans.o
                0x08004220                SCSI_ModeSense10_Cmd
 .text.SCSI_ModeSense6_Cmd
                0x08004230       0x10 /tmp/cc7hX2uy.ltrans2.ltrans.o
                0x08004230                SCSI_ModeSense6_Cmd
 .text.Get_Max_Lun
                0x08004240       0x18 /tmp/cc7hX2uy.ltrans3.ltrans.o
 .text.MASS_Get_Interface_Setting
                0x08004258       0x10 /tmp/cc7hX2uy.ltrans3.ltrans.o
 .text.MASS_Data_Setup
                0x08004268       0x4c /tmp/cc7hX2uy.ltrans3.ltrans.o
 .text.MASS_Status_Out
                0x080042b4        0x4 /tmp/cc7hX2uy.ltrans3.ltrans.o
 .text.MASS_Status_In
                0x080042b8        0x4 /tmp/cc7hX2uy.ltrans3.ltrans.o
 .text.Mass_Storage_SetDeviceAddress
                0x080042bc        0xc /tmp/cc7hX2uy.ltrans3.ltrans.o
 .text.IntToUnicode
                0x080042c8       0x30 /tmp/cc7hX2uy.ltrans3.ltrans.o
 .text.Get_SerialNum
                0x080042f8       0x38 /tmp/cc7hX2uy.ltrans3.ltrans.o
 .text.PowerOn  0x08004330       0x28 /tmp/cc7hX2uy.ltrans3.ltrans.o
 .text.Leave_LowPowerMode
                0x08004358       0x20 /tmp/cc7hX2uy.ltrans3.ltrans.o
 .text.Resume_Init
                0x08004378       0x20 /tmp/cc7hX2uy.ltrans3.ltrans.o
 .text.Resume   0x08004398       0xac /tmp/cc7hX2uy.ltrans3.ltrans.o
 .text.Enter_LowPowerMode
                0x08004444        0xc /tmp/cc7hX2uy.ltrans3.ltrans.o
 .text.Suspend  0x08004450       0x24 /tmp/cc7hX2uy.ltrans3.ltrans.o
 .text.MASS_GetStringDescriptor
                0x08004474       0x24 /tmp/cc7hX2uy.ltrans3.ltrans.o
 .text.MASS_GetConfigDescriptor
                0x08004498       0x10 /tmp/cc7hX2uy.ltrans3.ltrans.o
 .text.MASS_GetDeviceDescriptor
                0x080044a8       0x10 /tmp/cc7hX2uy.ltrans3.ltrans.o
 .text.MASS_NoData_Setup
                0x080044b8       0x58 /tmp/cc7hX2uy.ltrans3.ltrans.o
 .text.Mass_Storage_SetConfiguration
                0x08004510       0x30 /tmp/cc7hX2uy.ltrans3.ltrans.o
 .text.MASS_Reset
                0x08004540       0xe0 /tmp/cc7hX2uy.ltrans3.ltrans.o
 .text.MASS_init
                0x08004620       0x24 /tmp/cc7hX2uy.ltrans3.ltrans.o
 .text.MAL_Read
                0x08004644       0x2c /tmp/cc7hX2uy.ltrans3.ltrans.o
 .text.MAL_Write
                0x08004670       0x34 /tmp/cc7hX2uy.ltrans3.ltrans.o
 .text.MAL_Init
                0x080046a4       0x4c /tmp/cc7hX2uy.ltrans3.ltrans.o
 .text.MAL_Config
                0x080046f0        0xc /tmp/cc7hX2uy.ltrans3.ltrans.o
 .text.Get_UBX_Ack
                0x080046fc       0xac /tmp/cc7hX2uy.ltrans3.ltrans.o
 .text.USB_Istr
                0x080047a8       0xe0 /tmp/cc7hX2uy.ltrans3.ltrans.o
                0x080047a8                USB_Istr
 .text.Bot_Abort
                0x08004888       0x38 /tmp/cc7hX2uy.ltrans3.ltrans.o
                0x08004888                Bot_Abort
 .text.Mass_Storage_ClearFeature
                0x080048c0       0x1c /tmp/cc7hX2uy.ltrans3.ltrans.o
 .text.Set_CSW  0x080048dc       0x38 /tmp/cc7hX2uy.ltrans3.ltrans.o
                0x080048dc                Set_CSW
 .text.Mass_Storage_In
                0x08004914       0x60 /tmp/cc7hX2uy.ltrans3.ltrans.o
 .text.EP1_IN_Callback
                0x08004974        0x8 /tmp/cc7hX2uy.ltrans3.ltrans.o
 .text.Transfer_Data_Request
                0x0800497c       0x34 /tmp/cc7hX2uy.ltrans3.ltrans.o
                0x0800497c                Transfer_Data_Request
 .text.SCSI_Inquiry_Cmd
                0x080049b0       0x40 /tmp/cc7hX2uy.ltrans3.ltrans.o
 .text.Write_Memory
                0x080049f0       0xcc /tmp/cc7hX2uy.ltrans3.ltrans.o
                0x080049f0                Write_Memory
 .text.Read_Memory
                0x08004abc      0x110 /tmp/cc7hX2uy.ltrans3.ltrans.o
                0x08004abc                Read_Memory
 .text.MAL_GetStatus
                0x08004bcc       0x48 /tmp/cc7hX2uy.ltrans3.ltrans.o
                0x08004bcc                MAL_GetStatus
 .text.SCSI_ReadCapacity10_Cmd
                0x08004c14       0x88 /tmp/cc7hX2uy.ltrans3.ltrans.o
 .text.SCSI_ReadFormatCapacity_Cmd
                0x08004c9c       0x7c /tmp/cc7hX2uy.ltrans3.ltrans.o
 .text.CBW_Decode
                0x08004d18      0x268 /tmp/cc7hX2uy.ltrans3.ltrans.o
 .text.Mass_Storage_Out
                0x08004f80       0x80 /tmp/cc7hX2uy.ltrans3.ltrans.o
 .text.EP2_OUT_Callback
                0x08005000        0x8 /tmp/cc7hX2uy.ltrans3.ltrans.o
 .text.USB_Interrupts_Config
                0x08005008       0x3c /tmp/cc7hX2uy.ltrans3.ltrans.o
                0x08005008                USB_Interrupts_Config
 .text.Set_USBClock
                0x08005044       0x14 /tmp/cc7hX2uy.ltrans3.ltrans.o
                0x08005044                Set_USBClock
 .text.Set_System
                0x08005058        0x8 /tmp/cc7hX2uy.ltrans3.ltrans.o
                0x08005058                Set_System
 .text.Config_Gps
                0x08005060       0xd0 /tmp/cc7hX2uy.ltrans3.ltrans.o
                0x08005060                Config_Gps
 .text.Realign_Axes
                0x08005130       0x18 /tmp/cc7hX2uy.ltrans4.ltrans.o
 .text.I2C1_Setup_Job
                0x08005148       0x14 /tmp/cc7hX2uy.ltrans4.ltrans.o
 .text.SetSysClock
                0x0800515c        0x8 /tmp/cc7hX2uy.ltrans4.ltrans.o
 .text.get_wkup
                0x08005164       0x10 /tmp/cc7hX2uy.ltrans4.ltrans.o
 .text.SystemInit
                0x08005174       0x44 /tmp/cc7hX2uy.ltrans4.ltrans.o
                0x08005174                SystemInit
 .text.USB_LP_CAN1_RX0_IRQHandler
                0x080051b8        0x8 /tmp/cc7hX2uy.ltrans4.ltrans.o
                0x080051b8                USB_LP_CAN1_RX0_IRQHandler
 .text.USB_HP_CAN1_TX_IRQHandler
                0x080051c0        0x8 /tmp/cc7hX2uy.ltrans4.ltrans.o
                0x080051c0                USB_HP_CAN1_TX_IRQHandler
 .text.ADC1_2_IRQHandler
                0x080051c8       0x70 /tmp/cc7hX2uy.ltrans4.ltrans.o
                0x080051c8                ADC1_2_IRQHandler
 .text.SysTick_Configuration
                0x08005238       0x28 /tmp/cc7hX2uy.ltrans4.ltrans.o
                0x08005238                SysTick_Configuration
 .text.ISR_Config
                0x08005260       0x94 /tmp/cc7hX2uy.ltrans4.ltrans.o
                0x08005260                ISR_Config
 .text.I2C_Config
                0x080052f4      0x14c /tmp/cc7hX2uy.ltrans4.ltrans.o
                0x080052f4                I2C_Config
 .text.I2C1_Request_Job
                0x08005440       0x58 /tmp/cc7hX2uy.ltrans4.ltrans.o
                0x08005440                I2C1_Request_Job
 .text.SysTick_Handler
                0x08005498      0x570 /tmp/cc7hX2uy.ltrans4.ltrans.o
                0x08005498                SysTick_Handler
 .text.I2C1_ER_IRQHandler
                0x08005a08      0x110 /tmp/cc7hX2uy.ltrans4.ltrans.o
                0x08005a08                I2C1_ER_IRQHandler
 .text.I2C1_EV_IRQHandler
                0x08005b18      0x5ac /tmp/cc7hX2uy.ltrans4.ltrans.o
                0x08005b18                I2C1_EV_IRQHandler
 .text.test_cutdown
                0x080060c4       0x58 /tmp/cc7hX2uy.ltrans4.ltrans.o
                0x080060c4                test_cutdown
 .text.setup_gpio
                0x0800611c      0x178 /tmp/cc7hX2uy.ltrans4.ltrans.o
                0x0800611c                setup_gpio
 .text.DMA_USART2_Configuration
                0x08006294       0x58 /tmp/cc7hX2uy.ltrans4.ltrans.o
                0x08006294                DMA_USART2_Configuration
 .text.struct_to_counter
                0x080062ec       0xac /tmp/cc7hX2uy.ltrans5.ltrans.o
 .text.counter_to_struct
                0x08006398       0xdc /tmp/cc7hX2uy.ltrans5.ltrans.o
 .text.isDST    0x08006474       0x38 /tmp/cc7hX2uy.ltrans5.ltrans.o
 .text.adjustDST
                0x080064ac       0x64 /tmp/cc7hX2uy.ltrans5.ltrans.o
 .text.my_RTC_SetCounter
                0x08006510       0x20 /tmp/cc7hX2uy.ltrans5.ltrans.o
 .text.power_on.lto_priv.4
                0x08006530      0x104 /tmp/cc7hX2uy.ltrans5.ltrans.o
                0x08006530                power_on.lto_priv.4
 .text.stop_cmd
                0x08006634        0xc /tmp/cc7hX2uy.ltrans5.ltrans.o
                0x08006634                stop_cmd
 .text.wrapup_transaction
                0x08006640       0x2c /tmp/cc7hX2uy.ltrans5.ltrans.o
                0x08006640                wrapup_transaction
 .text.stm32_dma_transfer.lto_priv.7
                0x0800666c       0xdc /tmp/cc7hX2uy.ltrans5.ltrans.o
                0x0800666c                stm32_dma_transfer.lto_priv.7
 .text.stm32_spi_rw.lto_priv.6
                0x08006748       0x24 /tmp/cc7hX2uy.ltrans5.ltrans.o
                0x08006748                stm32_spi_rw.lto_priv.6
 .text.rcvr_spi.lto_priv.1
                0x0800676c        0xc /tmp/cc7hX2uy.ltrans5.ltrans.o
                0x0800676c                rcvr_spi.lto_priv.1
 .text.release_spi
                0x08006778       0x18 /tmp/cc7hX2uy.ltrans5.ltrans.o
                0x08006778                release_spi
 .text.wait_ready.lto_priv.2
                0x08006790       0x24 /tmp/cc7hX2uy.ltrans5.ltrans.o
                0x08006790                wait_ready.lto_priv.2
 .text.chk_power.lto_priv.3
                0x080067b4        0x4 /tmp/cc7hX2uy.ltrans5.ltrans.o
                0x080067b4                chk_power.lto_priv.3
 .text.interface_speed.lto_priv.5
                0x080067b8       0x2c /tmp/cc7hX2uy.ltrans5.ltrans.o
                0x080067b8                interface_speed.lto_priv.5
 .text.rtc_init
                0x080067e4       0xa4 /tmp/cc7hX2uy.ltrans5.ltrans.o
                0x080067e4                rtc_init
 .text.rtc_settime
                0x08006888       0x28 /tmp/cc7hX2uy.ltrans5.ltrans.o
                0x08006888                rtc_settime
 .text.rtc_gettime
                0x080068b0       0x24 /tmp/cc7hX2uy.ltrans5.ltrans.o
                0x080068b0                rtc_gettime
 .text.f_truncate
                0x080068d4       0x98 /tmp/cc7hX2uy.ltrans5.ltrans.o
                0x080068d4                f_truncate
 .text.f_stat   0x0800696c       0x44 /tmp/cc7hX2uy.ltrans5.ltrans.o
                0x0800696c                f_stat
 .text.f_lseek  0x080069b0      0x18c /tmp/cc7hX2uy.ltrans5.ltrans.o
                0x080069b0                f_lseek
 .text.f_sync   0x08006b3c       0xac /tmp/cc7hX2uy.ltrans5.ltrans.o
                0x08006b3c                f_sync
 .text.f_close  0x08006be8       0x14 /tmp/cc7hX2uy.ltrans5.ltrans.o
                0x08006be8                f_close
 .text.f_write  0x08006bfc      0x1dc /tmp/cc7hX2uy.ltrans5.ltrans.o
                0x08006bfc                f_write
 .text.f_putc   0x08006dd8       0x2c /tmp/cc7hX2uy.ltrans5.ltrans.o
 .text.f_puts   0x08006e04       0x24 /tmp/cc7hX2uy.ltrans5.ltrans.o
                0x08006e04                f_puts
 .text.f_read   0x08006e28      0x1a8 /tmp/cc7hX2uy.ltrans5.ltrans.o
                0x08006e28                f_read
 .text.NVIC_SystemReset
                0x08006fd0       0x1c /tmp/cc7hX2uy.ltrans6.ltrans.o
 *fill*         0x08006fec        0x4 
 .text.main     0x08006ff0      0xf88 /tmp/cc7hX2uy.ltrans6.ltrans.o
                0x08006ff0                main
 .text.SetSysClockTo48.lto_priv.0
                0x08007f78       0xcc /tmp/cc7hX2uy.ltrans6.ltrans.o
                0x08007f78                SetSysClockTo48.lto_priv.0
 .text.check_fs
                0x08008044       0x90 /tmp/cc7hX2uy.ltrans7.ltrans.o
 .text.create_name
                0x080080d4      0x214 /tmp/cc7hX2uy.ltrans7.ltrans.o
 .text.dir_find
                0x080082e8       0xd0 /tmp/cc7hX2uy.ltrans7.ltrans.o
 .text.dir_register
                0x080083b8      0x168 /tmp/cc7hX2uy.ltrans7.ltrans.o
 .text.f_mount  0x08008520       0x28 /tmp/cc7hX2uy.ltrans7.ltrans.o
                0x08008520                f_mount
 .text.validate.lto_priv.12
                0x08008548       0x30 /tmp/cc7hX2uy.ltrans7.ltrans.o
                0x08008548                validate.lto_priv.12
 .text.chk_mounted.lto_priv.15
                0x08008578      0x348 /tmp/cc7hX2uy.ltrans7.ltrans.o
                0x08008578                chk_mounted.lto_priv.15
 .text.follow_path.lto_priv.14
                0x080088c0       0x8c /tmp/cc7hX2uy.ltrans7.ltrans.o
                0x080088c0                follow_path.lto_priv.14
 .text.f_open   0x0800894c      0x15c /tmp/cc7hX2uy.ltrans7.ltrans.o
                0x0800894c                f_open
 .text.get_fileinfo.lto_priv.13
                0x08008aa8       0xf8 /tmp/cc7hX2uy.ltrans7.ltrans.o
                0x08008aa8                get_fileinfo.lto_priv.13
 .text.Default_Usart_Config
                0x08008ba0       0x10 /tmp/cc7hX2uy.ltrans8.ltrans.o
 .text.__gps_send_char
                0x08008bb0       0x1c /tmp/cc7hX2uy.ltrans8.ltrans.o
 .text.__usart_send_char
                0x08008bcc       0x1c /tmp/cc7hX2uy.ltrans8.ltrans.o
                0x08008bcc                __usart_send_char
 .text.Timer_RCC_Configuration
                0x08008be8       0x10 /tmp/cc7hX2uy.ltrans8.ltrans.o
 .text.__fat_print_char
                0x08008bf8       0x24 /tmp/cc7hX2uy.ltrans8.ltrans.o
                0x08008bf8                __fat_print_char
 .text.__str_print_char
                0x08008c1c       0x40 /tmp/cc7hX2uy.ltrans8.ltrans.o
                0x08008c1c                __str_print_char
 .text.Watchdog_Config
                0x08008c5c       0x30 /tmp/cc7hX2uy.ltrans8.ltrans.o
                0x08008c5c                Watchdog_Config
 .text.USART1_IRQHandler
                0x08008c8c       0x30 /tmp/cc7hX2uy.ltrans8.ltrans.o
                0x08008c8c                USART1_IRQHandler
 .text.Gps_Send_Str
                0x08008cbc       0x18 /tmp/cc7hX2uy.ltrans8.ltrans.o
                0x08008cbc                Gps_Send_Str
 .text.Gps_Send_Utf8
                0x08008cd4       0x1c /tmp/cc7hX2uy.ltrans8.ltrans.o
                0x08008cd4                Gps_Send_Utf8
 .text.Usart_Send_Str
                0x08008cf0       0x18 /tmp/cc7hX2uy.ltrans8.ltrans.o
                0x08008cf0                Usart_Send_Str
 .text.USART2_reconf
                0x08008d08       0x44 /tmp/cc7hX2uy.ltrans8.ltrans.o
                0x08008d08                USART2_reconf
 .text.Usarts_Init
                0x08008d4c       0xe0 /tmp/cc7hX2uy.ltrans8.ltrans.o
                0x08008d4c                Usarts_Init
 .text.shutdown_filesystem
                0x08008e2c       0xa8 /tmp/cc7hX2uy.ltrans8.ltrans.o
                0x08008e2c                shutdown_filesystem
 .text.disable_pin
                0x08008ed4        0xc /tmp/cc7hX2uy.ltrans8.ltrans.o
                0x08008ed4                disable_pin
 .text.shutdown
                0x08008ee0       0x10 /tmp/cc7hX2uy.ltrans8.ltrans.o
                0x08008ee0                shutdown
 .text.setuppwr
                0x08008ef0       0x14 /tmp/cc7hX2uy.ltrans8.ltrans.o
                0x08008ef0                setuppwr
 .text.PWM_Set  0x08008f04       0x3c /tmp/cc7hX2uy.ltrans8.ltrans.o
                0x08008f04                PWM_Set
 .text.Timer_GPIO_Disable
                0x08008f40       0x2c /tmp/cc7hX2uy.ltrans8.ltrans.o
                0x08008f40                Timer_GPIO_Disable
 .text.Timer_GPIO_Enable
                0x08008f6c       0x2c /tmp/cc7hX2uy.ltrans8.ltrans.o
                0x08008f6c                Timer_GPIO_Enable
 .text.Init_Timer
                0x08008f98       0x80 /tmp/cc7hX2uy.ltrans8.ltrans.o
                0x08008f98                Init_Timer
 .text.file_preallocation_control
                0x08009018       0x34 /tmp/cc7hX2uy.ltrans8.ltrans.o
                0x08009018                file_preallocation_control
 .text.detect_sensors
                0x0800904c       0x74 /tmp/cc7hX2uy.ltrans8.ltrans.o
                0x0800904c                detect_sensors
 .text.malloc   0x080090c0       0x10 /home/laurence/ARM-GCC/gcc-arm-none-eabi-4_9-2014q4/bin/../lib/gcc/arm-none-eabi/4.9.3/../../../../arm-none-eabi/lib/armv7-m/libg.a(lib_a-malloc.o)
                0x080090c0                malloc
 .text._malloc_r
                0x080090d0      0x504 /home/laurence/ARM-GCC/gcc-arm-none-eabi-4_9-2014q4/bin/../lib/gcc/arm-none-eabi/4.9.3/../../../../arm-none-eabi/lib/armv7-m/libg.a(lib_a-mallocr.o)
                0x080090d0                _malloc_r
 .text.memcmp   0x080095d4       0x64 /home/laurence/ARM-GCC/gcc-arm-none-eabi-4_9-2014q4/bin/../lib/gcc/arm-none-eabi/4.9.3/../../../../arm-none-eabi/lib/armv7-m/libg.a(lib_a-memcmp.o)
                0x080095d4                memcmp
 .text.__malloc_lock
                0x08009638        0x4 /home/laurence/ARM-GCC/gcc-arm-none-eabi-4_9-2014q4/bin/../lib/gcc/arm-none-eabi/4.9.3/../../../../arm-none-eabi/lib/armv7-m/libg.a(lib_a-mlock.o)
                0x08009638                __malloc_lock
 .text.__malloc_unlock
                0x0800963c        0x4 /home/laurence/ARM-GCC/gcc-arm-none-eabi-4_9-2014q4/bin/../lib/gcc/arm-none-eabi/4.9.3/../../../../arm-none-eabi/lib/armv7-m/libg.a(lib_a-mlock.o)
                0x0800963c                __malloc_unlock
 .text._sbrk_r  0x08009640       0x24 /home/laurence/ARM-GCC/gcc-arm-none-eabi-4_9-2014q4/bin/../lib/gcc/arm-none-eabi/4.9.3/../../../../arm-none-eabi/lib/armv7-m/libg.a(lib_a-sbrkr.o)
                0x08009640                _sbrk_r
 .text.strchr   0x08009664       0xcc /home/laurence/ARM-GCC/gcc-arm-none-eabi-4_9-2014q4/bin/../lib/gcc/arm-none-eabi/4.9.3/../../../../arm-none-eabi/lib/armv7-m/libg.a(lib_a-strchr.o)
                0x08009664                strchr
 .text.strlen   0x08009730       0x5c /home/laurence/ARM-GCC/gcc-arm-none-eabi-4_9-2014q4/bin/../lib/gcc/arm-none-eabi/4.9.3/../../../../arm-none-eabi/lib/armv7-m/libg.a(lib_a-strlen.o)
                0x08009730                strlen
 .text.strncmp  0x0800978c       0x94 /home/laurence/ARM-GCC/gcc-arm-none-eabi-4_9-2014q4/bin/../lib/gcc/arm-none-eabi/4.9.3/../../../../arm-none-eabi/lib/armv7-m/libg.a(lib_a-strncmp.o)
                0x0800978c                strncmp
 .text.strncpy  0x08009820       0x68 /home/laurence/ARM-GCC/gcc-arm-none-eabi-4_9-2014q4/bin/../lib/gcc/arm-none-eabi/4.9.3/../../../../arm-none-eabi/lib/armv7-m/libg.a(lib_a-strncpy.o)
                0x08009820                strncpy
 .text._malloc_trim_r
                0x08009888       0x9c /home/laurence/ARM-GCC/gcc-arm-none-eabi-4_9-2014q4/bin/../lib/gcc/arm-none-eabi/4.9.3/../../../../arm-none-eabi/lib/armv7-m/libg.a(lib_a-freer.o)
                0x08009888                _malloc_trim_r
 .text._free_r  0x08009924      0x1b0 /home/laurence/ARM-GCC/gcc-arm-none-eabi-4_9-2014q4/bin/../lib/gcc/arm-none-eabi/4.9.3/../../../../arm-none-eabi/lib/armv7-m/libg.a(lib_a-freer.o)
                0x08009924                _free_r
 .text.Reset_Handler
                0x08009ad4       0x40 lib/CMSIS_CM3/startup/gcc/startup_stm32f10x_md.o
                0x08009ad4                Reset_Handler
 .text.Default_Handler
                0x08009b14        0x2 lib/CMSIS_CM3/startup/gcc/startup_stm32f10x_md.o
                0x08009b14                EXTI2_IRQHandler
                0x08009b14                DebugMon_Handler
                0x08009b14                TIM1_CC_IRQHandler
                0x08009b14                HardFault_Handler
                0x08009b14                PVD_IRQHandler
                0x08009b14                PendSV_Handler
                0x08009b14                NMI_Handler
                0x08009b14                EXTI3_IRQHandler
                0x08009b14                I2C2_EV_IRQHandler
                0x08009b14                UsageFault_Handler
                0x08009b14                SPI1_IRQHandler
                0x08009b14                TAMPER_IRQHandler
                0x08009b14                DMA1_Channel4_IRQHandler
                0x08009b14                RTC_IRQHandler
                0x08009b14                DMA1_Channel7_IRQHandler
                0x08009b14                CAN1_RX1_IRQHandler
                0x08009b14                TIM4_IRQHandler
                0x08009b14                DMA1_Channel6_IRQHandler
                0x08009b14                TIM3_IRQHandler
                0x08009b14                RCC_IRQHandler
                0x08009b14                TIM1_TRG_COM_IRQHandler
                0x08009b14                DMA1_Channel1_IRQHandler
                0x08009b14                Default_Handler
                0x08009b14                EXTI9_5_IRQHandler
                0x08009b14                SPI2_IRQHandler
                0x08009b14                MemManage_Handler
                0x08009b14                SVC_Handler
                0x08009b14                DMA1_Channel5_IRQHandler
                0x08009b14                EXTI4_IRQHandler
                0x08009b14                DMA1_Channel3_IRQHandler
                0x08009b14                TIM1_UP_IRQHandler
                0x08009b14                WWDG_IRQHandler
                0x08009b14                TIM2_IRQHandler
                0x08009b14                TIM1_BRK_IRQHandler
                0x08009b14                EXTI1_IRQHandler
                0x08009b14                RTCAlarm_IRQHandler
                0x08009b14                USART2_IRQHandler
                0x08009b14                I2C2_ER_IRQHandler
                0x08009b14                CAN1_SCE_IRQHandler
                0x08009b14                FLASH_IRQHandler
                0x08009b14                BusFault_Handler
                0x08009b14                USBWakeUp_IRQHandler
 *fill*         0x08009b16        0x2 
 .text.NVIC_PriorityGroupConfig
                0x08009b18       0x14 lib/STM32F10x_StdPeriph_Driver/libstm32fw.a(misc.o)
                0x08009b18                NVIC_PriorityGroupConfig
 .text.NVIC_Init
                0x08009b2c       0x6c lib/STM32F10x_StdPeriph_Driver/libstm32fw.a(misc.o)
                0x08009b2c                NVIC_Init
 .text.NVIC_SetVectorTable
                0x08009b98       0x14 lib/STM32F10x_StdPeriph_Driver/libstm32fw.a(misc.o)
                0x08009b98                NVIC_SetVectorTable
 .text.SysTick_CLKSourceConfig
                0x08009bac       0x18 lib/STM32F10x_StdPeriph_Driver/libstm32fw.a(misc.o)
                0x08009bac                SysTick_CLKSourceConfig
 .text.ADC_DeInit
                0x08009bc4       0x5c lib/STM32F10x_StdPeriph_Driver/libstm32fw.a(stm32f10x_adc.o)
                0x08009bc4                ADC_DeInit
 .text.ADC_Init
                0x08009c20       0x48 lib/STM32F10x_StdPeriph_Driver/libstm32fw.a(stm32f10x_adc.o)
                0x08009c20                ADC_Init
 .text.ADC_Cmd  0x08009c68       0x12 lib/STM32F10x_StdPeriph_Driver/libstm32fw.a(stm32f10x_adc.o)
                0x08009c68                ADC_Cmd
 .text.ADC_ResetCalibration
                0x08009c7a        0xa lib/STM32F10x_StdPeriph_Driver/libstm32fw.a(stm32f10x_adc.o)
                0x08009c7a                ADC_ResetCalibration
 .text.ADC_GetResetCalibrationStatus
                0x08009c84        0x8 lib/STM32F10x_StdPeriph_Driver/libstm32fw.a(stm32f10x_adc.o)
                0x08009c84                ADC_GetResetCalibrationStatus
 .text.ADC_StartCalibration
                0x08009c8c        0xa lib/STM32F10x_StdPeriph_Driver/libstm32fw.a(stm32f10x_adc.o)
                0x08009c8c                ADC_StartCalibration
 .text.ADC_GetCalibrationStatus
                0x08009c96        0x8 lib/STM32F10x_StdPeriph_Driver/libstm32fw.a(stm32f10x_adc.o)
                0x08009c96                ADC_GetCalibrationStatus
 .text.ADC_SoftwareStartConvCmd
                0x08009c9e       0x12 lib/STM32F10x_StdPeriph_Driver/libstm32fw.a(stm32f10x_adc.o)
                0x08009c9e                ADC_SoftwareStartConvCmd
 .text.ADC_RegularChannelConfig
                0x08009cb0       0x84 lib/STM32F10x_StdPeriph_Driver/libstm32fw.a(stm32f10x_adc.o)
                0x08009cb0                ADC_RegularChannelConfig
 .text.ADC_GetConversionValue
                0x08009d34        0x6 lib/STM32F10x_StdPeriph_Driver/libstm32fw.a(stm32f10x_adc.o)
                0x08009d34                ADC_GetConversionValue
 .text.ADC_ExternalTrigInjectedConvConfig
                0x08009d3a        0xc lib/STM32F10x_StdPeriph_Driver/libstm32fw.a(stm32f10x_adc.o)
                0x08009d3a                ADC_ExternalTrigInjectedConvConfig
 .text.ADC_SoftwareStartInjectedConvCmd
                0x08009d46       0x12 lib/STM32F10x_StdPeriph_Driver/libstm32fw.a(stm32f10x_adc.o)
                0x08009d46                ADC_SoftwareStartInjectedConvCmd
 .text.ADC_InjectedChannelConfig
                0x08009d58       0x54 lib/STM32F10x_StdPeriph_Driver/libstm32fw.a(stm32f10x_adc.o)
                0x08009d58                ADC_InjectedChannelConfig
 .text.ADC_InjectedSequencerLengthConfig
                0x08009dac       0x10 lib/STM32F10x_StdPeriph_Driver/libstm32fw.a(stm32f10x_adc.o)
                0x08009dac                ADC_InjectedSequencerLengthConfig
 .text.ADC_GetInjectedConversionValue
                0x08009dbc       0x1a lib/STM32F10x_StdPeriph_Driver/libstm32fw.a(stm32f10x_adc.o)
                0x08009dbc                ADC_GetInjectedConversionValue
 .text.ADC_GetFlagStatus
                0x08009dd6        0xc lib/STM32F10x_StdPeriph_Driver/libstm32fw.a(stm32f10x_adc.o)
                0x08009dd6                ADC_GetFlagStatus
 .text.ADC_ClearFlag
                0x08009de2        0x6 lib/STM32F10x_StdPeriph_Driver/libstm32fw.a(stm32f10x_adc.o)
                0x08009de2                ADC_ClearFlag
 .text.ADC_GetITStatus
                0x08009de8       0x16 lib/STM32F10x_StdPeriph_Driver/libstm32fw.a(stm32f10x_adc.o)
                0x08009de8                ADC_GetITStatus
 .text.ADC_ClearITPendingBit
                0x08009dfe        0x8 lib/STM32F10x_StdPeriph_Driver/libstm32fw.a(stm32f10x_adc.o)
                0x08009dfe                ADC_ClearITPendingBit
 .text.BKP_DeInit
                0x08009e06       0x12 lib/STM32F10x_StdPeriph_Driver/libstm32fw.a(stm32f10x_bkp.o)
                0x08009e06                BKP_DeInit
 .text.BKP_RTCOutputConfig
                0x08009e18       0x18 lib/STM32F10x_StdPeriph_Driver/libstm32fw.a(stm32f10x_bkp.o)
                0x08009e18                BKP_RTCOutputConfig
 .text.BKP_SetRTCCalibrationValue
                0x08009e30       0x18 lib/STM32F10x_StdPeriph_Driver/libstm32fw.a(stm32f10x_bkp.o)
                0x08009e30                BKP_SetRTCCalibrationValue
 .text.BKP_WriteBackupRegister
                0x08009e48       0x1c lib/STM32F10x_StdPeriph_Driver/libstm32fw.a(stm32f10x_bkp.o)
                0x08009e48                BKP_WriteBackupRegister
 .text.BKP_ReadBackupRegister
                0x08009e64       0x20 lib/STM32F10x_StdPeriph_Driver/libstm32fw.a(stm32f10x_bkp.o)
                0x08009e64                BKP_ReadBackupRegister
 .text.DBGMCU_Config
                0x08009e84       0x18 lib/STM32F10x_StdPeriph_Driver/libstm32fw.a(stm32f10x_dbgmcu.o)
                0x08009e84                DBGMCU_Config
 .text.DMA_DeInit
                0x08009e9c       0xf0 lib/STM32F10x_StdPeriph_Driver/libstm32fw.a(stm32f10x_dma.o)
                0x08009e9c                DMA_DeInit
 .text.DMA_Init
                0x08009f8c       0x3c lib/STM32F10x_StdPeriph_Driver/libstm32fw.a(stm32f10x_dma.o)
                0x08009f8c                DMA_Init
 .text.DMA_Cmd  0x08009fc8       0x12 lib/STM32F10x_StdPeriph_Driver/libstm32fw.a(stm32f10x_dma.o)
                0x08009fc8                DMA_Cmd
 .text.DMA_ITConfig
                0x08009fda       0x10 lib/STM32F10x_StdPeriph_Driver/libstm32fw.a(stm32f10x_dma.o)
                0x08009fda                DMA_ITConfig
 .text.DMA_GetCurrDataCounter
                0x08009fea        0x6 lib/STM32F10x_StdPeriph_Driver/libstm32fw.a(stm32f10x_dma.o)
                0x08009fea                DMA_GetCurrDataCounter
 .text.DMA_GetFlagStatus
                0x08009ff0       0x1c lib/STM32F10x_StdPeriph_Driver/libstm32fw.a(stm32f10x_dma.o)
                0x08009ff0                DMA_GetFlagStatus
 .text.DMA_ClearFlag
                0x0800a00c       0x14 lib/STM32F10x_StdPeriph_Driver/libstm32fw.a(stm32f10x_dma.o)
                0x0800a00c                DMA_ClearFlag
 .text.DMA_GetITStatus
                0x0800a020       0x1c lib/STM32F10x_StdPeriph_Driver/libstm32fw.a(stm32f10x_dma.o)
                0x0800a020                DMA_GetITStatus
 .text.DMA_ClearITPendingBit
                0x0800a03c       0x14 lib/STM32F10x_StdPeriph_Driver/libstm32fw.a(stm32f10x_dma.o)
                0x0800a03c                DMA_ClearITPendingBit
 .text.EXTI_DeInit
                0x0800a050       0x1c lib/STM32F10x_StdPeriph_Driver/libstm32fw.a(stm32f10x_exti.o)
                0x0800a050                EXTI_DeInit
 .text.EXTI_Init
                0x0800a06c       0x88 lib/STM32F10x_StdPeriph_Driver/libstm32fw.a(stm32f10x_exti.o)
                0x0800a06c                EXTI_Init
 .text.EXTI_GetITStatus
                0x0800a0f4       0x1c lib/STM32F10x_StdPeriph_Driver/libstm32fw.a(stm32f10x_exti.o)
                0x0800a0f4                EXTI_GetITStatus
 .text.EXTI_ClearITPendingBit
                0x0800a110        0xc lib/STM32F10x_StdPeriph_Driver/libstm32fw.a(stm32f10x_exti.o)
                0x0800a110                EXTI_ClearITPendingBit
 .text.GPIO_Init
                0x0800a11c       0x90 lib/STM32F10x_StdPeriph_Driver/libstm32fw.a(stm32f10x_gpio.o)
                0x0800a11c                GPIO_Init
 .text.GPIO_ReadInputDataBit
                0x0800a1ac        0xc lib/STM32F10x_StdPeriph_Driver/libstm32fw.a(stm32f10x_gpio.o)
                0x0800a1ac                GPIO_ReadInputDataBit
 .text.GPIO_SetBits
                0x0800a1b8        0x4 lib/STM32F10x_StdPeriph_Driver/libstm32fw.a(stm32f10x_gpio.o)
                0x0800a1b8                GPIO_SetBits
 .text.GPIO_ResetBits
                0x0800a1bc        0x4 lib/STM32F10x_StdPeriph_Driver/libstm32fw.a(stm32f10x_gpio.o)
                0x0800a1bc                GPIO_ResetBits
 .text.GPIO_WriteBit
                0x0800a1c0        0xa lib/STM32F10x_StdPeriph_Driver/libstm32fw.a(stm32f10x_gpio.o)
                0x0800a1c0                GPIO_WriteBit
 *fill*         0x0800a1ca        0x2 
 .text.GPIO_PinRemapConfig
                0x0800a1cc       0x54 lib/STM32F10x_StdPeriph_Driver/libstm32fw.a(stm32f10x_gpio.o)
                0x0800a1cc                GPIO_PinRemapConfig
 .text.GPIO_EXTILineConfig
                0x0800a220       0x2a lib/STM32F10x_StdPeriph_Driver/libstm32fw.a(stm32f10x_gpio.o)
                0x0800a220                GPIO_EXTILineConfig
 *fill*         0x0800a24a        0x2 
 .text.I2C_DeInit
                0x0800a24c       0x34 lib/STM32F10x_StdPeriph_Driver/libstm32fw.a(stm32f10x_i2c.o)
                0x0800a24c                I2C_DeInit
 .text.I2C_Init
                0x0800a280       0xd4 lib/STM32F10x_StdPeriph_Driver/libstm32fw.a(stm32f10x_i2c.o)
                0x0800a280                I2C_Init
 .text.I2C_Cmd  0x0800a354       0x18 lib/STM32F10x_StdPeriph_Driver/libstm32fw.a(stm32f10x_i2c.o)
                0x0800a354                I2C_Cmd
 .text.I2C_GenerateSTART
                0x0800a36c       0x18 lib/STM32F10x_StdPeriph_Driver/libstm32fw.a(stm32f10x_i2c.o)
                0x0800a36c                I2C_GenerateSTART
 .text.I2C_GenerateSTOP
                0x0800a384       0x18 lib/STM32F10x_StdPeriph_Driver/libstm32fw.a(stm32f10x_i2c.o)
                0x0800a384                I2C_GenerateSTOP
 .text.I2C_AcknowledgeConfig
                0x0800a39c       0x18 lib/STM32F10x_StdPeriph_Driver/libstm32fw.a(stm32f10x_i2c.o)
                0x0800a39c                I2C_AcknowledgeConfig
 .text.I2C_ITConfig
                0x0800a3b4       0x12 lib/STM32F10x_StdPeriph_Driver/libstm32fw.a(stm32f10x_i2c.o)
                0x0800a3b4                I2C_ITConfig
 .text.I2C_SendData
                0x0800a3c6        0x4 lib/STM32F10x_StdPeriph_Driver/libstm32fw.a(stm32f10x_i2c.o)
                0x0800a3c6                I2C_SendData
 .text.I2C_ReceiveData
                0x0800a3ca        0x6 lib/STM32F10x_StdPeriph_Driver/libstm32fw.a(stm32f10x_i2c.o)
                0x0800a3ca                I2C_ReceiveData
 .text.I2C_Send7bitAddress
                0x0800a3d0       0x12 lib/STM32F10x_StdPeriph_Driver/libstm32fw.a(stm32f10x_i2c.o)
                0x0800a3d0                I2C_Send7bitAddress
 .text.I2C_SoftwareResetCmd
                0x0800a3e2       0x18 lib/STM32F10x_StdPeriph_Driver/libstm32fw.a(stm32f10x_i2c.o)
                0x0800a3e2                I2C_SoftwareResetCmd
 *fill*         0x0800a3fa        0x2 
 .text.IWDG_WriteAccessCmd
                0x0800a3fc        0xc lib/STM32F10x_StdPeriph_Driver/libstm32fw.a(stm32f10x_iwdg.o)
                0x0800a3fc                IWDG_WriteAccessCmd
 .text.IWDG_SetPrescaler
                0x0800a408        0xc lib/STM32F10x_StdPeriph_Driver/libstm32fw.a(stm32f10x_iwdg.o)
                0x0800a408                IWDG_SetPrescaler
 .text.IWDG_SetReload
                0x0800a414        0xc lib/STM32F10x_StdPeriph_Driver/libstm32fw.a(stm32f10x_iwdg.o)
                0x0800a414                IWDG_SetReload
 .text.IWDG_ReloadCounter
                0x0800a420       0x10 lib/STM32F10x_StdPeriph_Driver/libstm32fw.a(stm32f10x_iwdg.o)
                0x0800a420                IWDG_ReloadCounter
 .text.IWDG_Enable
                0x0800a430       0x10 lib/STM32F10x_StdPeriph_Driver/libstm32fw.a(stm32f10x_iwdg.o)
                0x0800a430                IWDG_Enable
 .text.PWR_DeInit
                0x0800a440       0x1a lib/STM32F10x_StdPeriph_Driver/libstm32fw.a(stm32f10x_pwr.o)
                0x0800a440                PWR_DeInit
 *fill*         0x0800a45a        0x2 
 .text.PWR_BackupAccessCmd
                0x0800a45c        0xc lib/STM32F10x_StdPeriph_Driver/libstm32fw.a(stm32f10x_pwr.o)
                0x0800a45c                PWR_BackupAccessCmd
 .text.PWR_WakeUpPinCmd
                0x0800a468        0xc lib/STM32F10x_StdPeriph_Driver/libstm32fw.a(stm32f10x_pwr.o)
                0x0800a468                PWR_WakeUpPinCmd
 .text.PWR_EnterSTANDBYMode
                0x0800a474       0x28 lib/STM32F10x_StdPeriph_Driver/libstm32fw.a(stm32f10x_pwr.o)
                0x0800a474                PWR_EnterSTANDBYMode
 .text.RCC_HCLKConfig
                0x0800a49c       0x14 lib/STM32F10x_StdPeriph_Driver/libstm32fw.a(stm32f10x_rcc.o)
                0x0800a49c                RCC_HCLKConfig
 .text.RCC_USBCLKConfig
                0x0800a4b0        0xc lib/STM32F10x_StdPeriph_Driver/libstm32fw.a(stm32f10x_rcc.o)
                0x0800a4b0                RCC_USBCLKConfig
 .text.RCC_ADCCLKConfig
                0x0800a4bc       0x14 lib/STM32F10x_StdPeriph_Driver/libstm32fw.a(stm32f10x_rcc.o)
                0x0800a4bc                RCC_ADCCLKConfig
 .text.RCC_LSEConfig
                0x0800a4d0       0x20 lib/STM32F10x_StdPeriph_Driver/libstm32fw.a(stm32f10x_rcc.o)
                0x0800a4d0                RCC_LSEConfig
 .text.RCC_RTCCLKConfig
                0x0800a4f0       0x10 lib/STM32F10x_StdPeriph_Driver/libstm32fw.a(stm32f10x_rcc.o)
                0x0800a4f0                RCC_RTCCLKConfig
 .text.RCC_RTCCLKCmd
                0x0800a500        0xc lib/STM32F10x_StdPeriph_Driver/libstm32fw.a(stm32f10x_rcc.o)
                0x0800a500                RCC_RTCCLKCmd
 .text.RCC_GetClocksFreq
                0x0800a50c       0x94 lib/STM32F10x_StdPeriph_Driver/libstm32fw.a(stm32f10x_rcc.o)
                0x0800a50c                RCC_GetClocksFreq
 .text.RCC_AHBPeriphClockCmd
                0x0800a5a0       0x18 lib/STM32F10x_StdPeriph_Driver/libstm32fw.a(stm32f10x_rcc.o)
                0x0800a5a0                RCC_AHBPeriphClockCmd
 .text.RCC_APB2PeriphClockCmd
                0x0800a5b8       0x18 lib/STM32F10x_StdPeriph_Driver/libstm32fw.a(stm32f10x_rcc.o)
                0x0800a5b8                RCC_APB2PeriphClockCmd
 .text.RCC_APB1PeriphClockCmd
                0x0800a5d0       0x18 lib/STM32F10x_StdPeriph_Driver/libstm32fw.a(stm32f10x_rcc.o)
                0x0800a5d0                RCC_APB1PeriphClockCmd
 .text.RCC_APB2PeriphResetCmd
                0x0800a5e8       0x18 lib/STM32F10x_StdPeriph_Driver/libstm32fw.a(stm32f10x_rcc.o)
                0x0800a5e8                RCC_APB2PeriphResetCmd
 .text.RCC_APB1PeriphResetCmd
                0x0800a600       0x18 lib/STM32F10x_StdPeriph_Driver/libstm32fw.a(stm32f10x_rcc.o)
                0x0800a600                RCC_APB1PeriphResetCmd
 .text.RCC_BackupResetCmd
                0x0800a618        0xc lib/STM32F10x_StdPeriph_Driver/libstm32fw.a(stm32f10x_rcc.o)
                0x0800a618                RCC_BackupResetCmd
 .text.RCC_GetFlagStatus
                0x0800a624       0x28 lib/STM32F10x_StdPeriph_Driver/libstm32fw.a(stm32f10x_rcc.o)
                0x0800a624                RCC_GetFlagStatus
 .text.RTC_EnterConfigMode
                0x0800a64c       0x14 lib/STM32F10x_StdPeriph_Driver/libstm32fw.a(stm32f10x_rtc.o)
                0x0800a64c                RTC_EnterConfigMode
 .text.RTC_ExitConfigMode
                0x0800a660       0x14 lib/STM32F10x_StdPeriph_Driver/libstm32fw.a(stm32f10x_rtc.o)
                0x0800a660                RTC_ExitConfigMode
 .text.RTC_GetCounter
                0x0800a674       0x14 lib/STM32F10x_StdPeriph_Driver/libstm32fw.a(stm32f10x_rtc.o)
                0x0800a674                RTC_GetCounter
 .text.RTC_SetCounter
                0x0800a688       0x20 lib/STM32F10x_StdPeriph_Driver/libstm32fw.a(stm32f10x_rtc.o)
                0x0800a688                RTC_SetCounter
 .text.RTC_SetPrescaler
                0x0800a6a8       0x20 lib/STM32F10x_StdPeriph_Driver/libstm32fw.a(stm32f10x_rtc.o)
                0x0800a6a8                RTC_SetPrescaler
 .text.RTC_WaitForLastTask
                0x0800a6c8       0x10 lib/STM32F10x_StdPeriph_Driver/libstm32fw.a(stm32f10x_rtc.o)
                0x0800a6c8                RTC_WaitForLastTask
 .text.RTC_WaitForSynchro
                0x0800a6d8       0x1c lib/STM32F10x_StdPeriph_Driver/libstm32fw.a(stm32f10x_rtc.o)
                0x0800a6d8                RTC_WaitForSynchro
 .text.SPI_I2S_DeInit
                0x0800a6f4       0x64 lib/STM32F10x_StdPeriph_Driver/libstm32fw.a(stm32f10x_spi.o)
                0x0800a6f4                SPI_I2S_DeInit
 .text.SPI_Init
                0x0800a758       0x3e lib/STM32F10x_StdPeriph_Driver/libstm32fw.a(stm32f10x_spi.o)
                0x0800a758                SPI_Init
 .text.SPI_Cmd  0x0800a796       0x18 lib/STM32F10x_StdPeriph_Driver/libstm32fw.a(stm32f10x_spi.o)
                0x0800a796                SPI_Cmd
 .text.SPI_I2S_DMACmd
                0x0800a7ae       0x12 lib/STM32F10x_StdPeriph_Driver/libstm32fw.a(stm32f10x_spi.o)
                0x0800a7ae                SPI_I2S_DMACmd
 .text.SPI_I2S_SendData
                0x0800a7c0        0x4 lib/STM32F10x_StdPeriph_Driver/libstm32fw.a(stm32f10x_spi.o)
                0x0800a7c0                SPI_I2S_SendData
 .text.SPI_I2S_ReceiveData
                0x0800a7c4        0x6 lib/STM32F10x_StdPeriph_Driver/libstm32fw.a(stm32f10x_spi.o)
                0x0800a7c4                SPI_I2S_ReceiveData
 .text.SPI_CalculateCRC
                0x0800a7ca       0x18 lib/STM32F10x_StdPeriph_Driver/libstm32fw.a(stm32f10x_spi.o)
                0x0800a7ca                SPI_CalculateCRC
 .text.SPI_I2S_GetFlagStatus
                0x0800a7e2        0xc lib/STM32F10x_StdPeriph_Driver/libstm32fw.a(stm32f10x_spi.o)
                0x0800a7e2                SPI_I2S_GetFlagStatus
 *fill*         0x0800a7ee        0x2 
 .text.TIM_TimeBaseInit
                0x0800a7f0       0x3c lib/STM32F10x_StdPeriph_Driver/libstm32fw.a(stm32f10x_tim.o)
                0x0800a7f0                TIM_TimeBaseInit
 .text.TIM_OC1Init
                0x0800a82c       0x74 lib/STM32F10x_StdPeriph_Driver/libstm32fw.a(stm32f10x_tim.o)
                0x0800a82c                TIM_OC1Init
 .text.TIM_Cmd  0x0800a8a0       0x18 lib/STM32F10x_StdPeriph_Driver/libstm32fw.a(stm32f10x_tim.o)
                0x0800a8a0                TIM_Cmd
 .text.TIM_CtrlPWMOutputs
                0x0800a8b8       0x1c lib/STM32F10x_StdPeriph_Driver/libstm32fw.a(stm32f10x_tim.o)
                0x0800a8b8                TIM_CtrlPWMOutputs
 .text.TIM_ARRPreloadConfig
                0x0800a8d4       0x18 lib/STM32F10x_StdPeriph_Driver/libstm32fw.a(stm32f10x_tim.o)
                0x0800a8d4                TIM_ARRPreloadConfig
 .text.TIM_OC1PreloadConfig
                0x0800a8ec       0x10 lib/STM32F10x_StdPeriph_Driver/libstm32fw.a(stm32f10x_tim.o)
                0x0800a8ec                TIM_OC1PreloadConfig
 .text.TIM_SetCompare1
                0x0800a8fc        0x4 lib/STM32F10x_StdPeriph_Driver/libstm32fw.a(stm32f10x_tim.o)
                0x0800a8fc                TIM_SetCompare1
 .text.USART_DeInit
                0x0800a900       0x98 lib/STM32F10x_StdPeriph_Driver/libstm32fw.a(stm32f10x_usart.o)
                0x0800a900                USART_DeInit
 .text.USART_Init
                0x0800a998       0x88 lib/STM32F10x_StdPeriph_Driver/libstm32fw.a(stm32f10x_usart.o)
                0x0800a998                USART_Init
 .text.USART_Cmd
                0x0800aa20       0x18 lib/STM32F10x_StdPeriph_Driver/libstm32fw.a(stm32f10x_usart.o)
                0x0800aa20                USART_Cmd
 .text.USART_ITConfig
                0x0800aa38       0x32 lib/STM32F10x_StdPeriph_Driver/libstm32fw.a(stm32f10x_usart.o)
                0x0800aa38                USART_ITConfig
 .text.USART_DMACmd
                0x0800aa6a       0x12 lib/STM32F10x_StdPeriph_Driver/libstm32fw.a(stm32f10x_usart.o)
                0x0800aa6a                USART_DMACmd
 .text.USART_SendData
                0x0800aa7c        0x8 lib/STM32F10x_StdPeriph_Driver/libstm32fw.a(stm32f10x_usart.o)
                0x0800aa7c                USART_SendData
 .text.USART_ReceiveData
                0x0800aa84        0x8 lib/STM32F10x_StdPeriph_Driver/libstm32fw.a(stm32f10x_usart.o)
                0x0800aa84                USART_ReceiveData
 .text.USART_GetFlagStatus
                0x0800aa8c        0xc lib/STM32F10x_StdPeriph_Driver/libstm32fw.a(stm32f10x_usart.o)
                0x0800aa8c                USART_GetFlagStatus
 .text.USART_GetITStatus
                0x0800aa98       0x3e lib/STM32F10x_StdPeriph_Driver/libstm32fw.a(stm32f10x_usart.o)
                0x0800aa98                USART_GetITStatus
 .text.USART_ClearITPendingBit
                0x0800aad6        0xe lib/STM32F10x_StdPeriph_Driver/libstm32fw.a(stm32f10x_usart.o)
                0x0800aad6                USART_ClearITPendingBit
 .text.Standard_GetConfiguration
                0x0800aae4       0x24 lib/STM32_USB-FS-Device_Driver/libstm32usb.a(usb_core.o)
                0x0800aae4                Standard_GetConfiguration
 .text.Standard_GetInterface
                0x0800ab08       0x24 lib/STM32_USB-FS-Device_Driver/libstm32usb.a(usb_core.o)
                0x0800ab08                Standard_GetInterface
 .text.Standard_GetStatus
                0x0800ab2c       0x90 lib/STM32_USB-FS-Device_Driver/libstm32usb.a(usb_core.o)
                0x0800ab2c                Standard_GetStatus
 .text.DataStageIn
                0x0800abbc       0xac lib/STM32_USB-FS-Device_Driver/libstm32usb.a(usb_core.o)
 .text.Standard_SetConfiguration
                0x0800ac68       0x38 lib/STM32_USB-FS-Device_Driver/libstm32usb.a(usb_core.o)
                0x0800ac68                Standard_SetConfiguration
 .text.Standard_SetInterface
                0x0800aca0       0x48 lib/STM32_USB-FS-Device_Driver/libstm32usb.a(usb_core.o)
                0x0800aca0                Standard_SetInterface
 .text.Standard_ClearFeature
                0x0800ace8       0xd8 lib/STM32_USB-FS-Device_Driver/libstm32usb.a(usb_core.o)
                0x0800ace8                Standard_ClearFeature
 .text.Standard_SetEndPointFeature
                0x0800adc0       0x8c lib/STM32_USB-FS-Device_Driver/libstm32usb.a(usb_core.o)
                0x0800adc0                Standard_SetEndPointFeature
 .text.Standard_SetDeviceFeature
                0x0800ae4c       0x24 lib/STM32_USB-FS-Device_Driver/libstm32usb.a(usb_core.o)
                0x0800ae4c                Standard_SetDeviceFeature
 .text.Standard_GetDescriptorData
                0x0800ae70       0x1c lib/STM32_USB-FS-Device_Driver/libstm32usb.a(usb_core.o)
                0x0800ae70                Standard_GetDescriptorData
 .text.Post0_Process
                0x0800ae8c       0x44 lib/STM32_USB-FS-Device_Driver/libstm32usb.a(usb_core.o)
                0x0800ae8c                Post0_Process
 .text.Setup0_Process
                0x0800aed0      0x2dc lib/STM32_USB-FS-Device_Driver/libstm32usb.a(usb_core.o)
                0x0800aed0                Setup0_Process
 .text.Out0_Process
                0x0800b1ac       0xcc lib/STM32_USB-FS-Device_Driver/libstm32usb.a(usb_core.o)
                0x0800b1ac                Out0_Process
 .text.SetDeviceAddress
                0x0800b278       0x40 lib/STM32_USB-FS-Device_Driver/libstm32usb.a(usb_core.o)
                0x0800b278                SetDeviceAddress
 .text.In0_Process
                0x0800b2b8       0x5c lib/STM32_USB-FS-Device_Driver/libstm32usb.a(usb_core.o)
                0x0800b2b8                In0_Process
 .text.NOP_Process
                0x0800b314        0x2 lib/STM32_USB-FS-Device_Driver/libstm32usb.a(usb_core.o)
                0x0800b314                NOP_Process
 *fill*         0x0800b316        0x2 
 .text.USB_Init
                0x0800b318       0x34 lib/STM32_USB-FS-Device_Driver/libstm32usb.a(usb_init.o)
                0x0800b318                USB_Init
 .text.CTR_LP   0x0800b34c      0x170 lib/STM32_USB-FS-Device_Driver/libstm32usb.a(usb_int.o)
                0x0800b34c                CTR_LP
 .text.CTR_HP   0x0800b4bc       0x74 lib/STM32_USB-FS-Device_Driver/libstm32usb.a(usb_int.o)
                0x0800b4bc                CTR_HP
 .text.UserToPMABufferCopy
                0x0800b530       0x30 lib/STM32_USB-FS-Device_Driver/libstm32usb.a(usb_mem.o)
                0x0800b530                UserToPMABufferCopy
 .text.PMAToUserBufferCopy
                0x0800b560       0x24 lib/STM32_USB-FS-Device_Driver/libstm32usb.a(usb_mem.o)
                0x0800b560                PMAToUserBufferCopy
 .text.SetBTABLE
                0x0800b584       0x10 lib/STM32_USB-FS-Device_Driver/libstm32usb.a(usb_regs.o)
                0x0800b584                SetBTABLE
 .text.SetEPType
                0x0800b594       0x1c lib/STM32_USB-FS-Device_Driver/libstm32usb.a(usb_regs.o)
                0x0800b594                SetEPType
 .text.SetEPTxStatus
                0x0800b5b0       0x32 lib/STM32_USB-FS-Device_Driver/libstm32usb.a(usb_regs.o)
                0x0800b5b0                SetEPTxStatus
 .text.SetEPRxStatus
                0x0800b5e2       0x32 lib/STM32_USB-FS-Device_Driver/libstm32usb.a(usb_regs.o)
                0x0800b5e2                SetEPRxStatus
 .text.SetEPRxValid
                0x0800b614       0x26 lib/STM32_USB-FS-Device_Driver/libstm32usb.a(usb_regs.o)
                0x0800b614                SetEPRxValid
 .text.Clear_Status_Out
                0x0800b63a       0x20 lib/STM32_USB-FS-Device_Driver/libstm32usb.a(usb_regs.o)
                0x0800b63a                Clear_Status_Out
 .text.ClearDTOG_RX
                0x0800b65a       0x26 lib/STM32_USB-FS-Device_Driver/libstm32usb.a(usb_regs.o)
                0x0800b65a                ClearDTOG_RX
 .text.ClearDTOG_TX
                0x0800b680       0x26 lib/STM32_USB-FS-Device_Driver/libstm32usb.a(usb_regs.o)
                0x0800b680                ClearDTOG_TX
 *fill*         0x0800b6a6        0x2 
 .text.SetEPTxAddr
                0x0800b6a8       0x20 lib/STM32_USB-FS-Device_Driver/libstm32usb.a(usb_regs.o)
                0x0800b6a8                SetEPTxAddr
 .text.SetEPRxAddr
                0x0800b6c8       0x20 lib/STM32_USB-FS-Device_Driver/libstm32usb.a(usb_regs.o)
                0x0800b6c8                SetEPRxAddr
 .text.GetEPTxAddr
                0x0800b6e8       0x20 lib/STM32_USB-FS-Device_Driver/libstm32usb.a(usb_regs.o)
                0x0800b6e8                GetEPTxAddr
 .text.GetEPRxAddr
                0x0800b708       0x20 lib/STM32_USB-FS-Device_Driver/libstm32usb.a(usb_regs.o)
                0x0800b708                GetEPRxAddr
 .text.SetEPTxCount
                0x0800b728       0x1c lib/STM32_USB-FS-Device_Driver/libstm32usb.a(usb_regs.o)
                0x0800b728                SetEPTxCount
 .text.SetEPRxCount
                0x0800b744       0x40 lib/STM32_USB-FS-Device_Driver/libstm32usb.a(usb_regs.o)
                0x0800b744                SetEPRxCount
 .text.GetEPRxCount
                0x0800b784       0x20 lib/STM32_USB-FS-Device_Driver/libstm32usb.a(usb_regs.o)
                0x0800b784                GetEPRxCount
 .text.ByteSwap
                0x0800b7a4        0xa lib/STM32_USB-FS-Device_Driver/libstm32usb.a(usb_regs.o)
                0x0800b7a4                ByteSwap
 *fill*         0x0800b7ae        0x2 
 .text.USB_SIL_Init
                0x0800b7b0       0x20 lib/STM32_USB-FS-Device_Driver/libstm32usb.a(usb_sil.o)
                0x0800b7b0                USB_SIL_Init
 .text.USB_SIL_Write
                0x0800b7d0       0x28 lib/STM32_USB-FS-Device_Driver/libstm32usb.a(usb_sil.o)
                0x0800b7d0                USB_SIL_Write
 .text.USB_SIL_Read
                0x0800b7f8       0x24 lib/STM32_USB-FS-Device_Driver/libstm32usb.a(usb_sil.o)
                0x0800b7f8                USB_SIL_Read
 .text.memset   0x0800b81c       0x9c /home/laurence/ARM-GCC/gcc-arm-none-eabi-4_9-2014q4/bin/../lib/gcc/arm-none-eabi/4.9.3/../../../../arm-none-eabi/lib/armv7-m/libg.a(lib_a-memset.o)
                0x0800b81c                memset
 .text._sbrk    0x0800b8b8       0x1c /home/laurence/ARM-GCC/gcc-arm-none-eabi-4_9-2014q4/bin/../lib/gcc/arm-none-eabi/4.9.3/../../../../arm-none-eabi/lib/armv7-m/libnosys.a(sbrk.o)
                0x0800b8b8                _sbrk
 *(.rodata)
 .rodata        0x0800b8d4       0xb8 /tmp/cc7hX2uy.ltrans0.ltrans.o
 .rodata        0x0800b98c      0x4d0 /tmp/cc7hX2uy.ltrans2.ltrans.o
 .rodata        0x0800be5c      0x11c /tmp/cc7hX2uy.ltrans3.ltrans.o
 .rodata        0x0800bf78        0xc /tmp/cc7hX2uy.ltrans5.ltrans.o
 .rodata        0x0800bf84       0x50 /tmp/cc7hX2uy.ltrans6.ltrans.o
 .rodata        0x0800bfd4       0x80 /tmp/cc7hX2uy.ltrans7.ltrans.o
 *(.rodata*)
 .rodata.str1.4
                0x0800c054        0x6 /tmp/cc7hX2uy.ltrans1.ltrans.o
                                  0x8 (size before relaxing)
 *fill*         0x0800c05a        0x2 
 .rodata.MASS_DeviceDescriptor
                0x0800c05c       0x14 /tmp/cc7hX2uy.ltrans3.ltrans.o
 .rodata.str1.4
                0x0800c070      0x117 /tmp/cc7hX2uy.ltrans3.ltrans.o
                                0x118 (size before relaxing)
 *fill*         0x0800c187        0x1 
 .rodata.L3GD20_setup
                0x0800c188        0x8 /tmp/cc7hX2uy.ltrans4.ltrans.o
 .rodata.str1.4
                0x0800c190      0x309 /tmp/cc7hX2uy.ltrans6.ltrans.o
                                0x310 (size before relaxing)
 *fill*         0x0800c499        0x3 
 .rodata.str1.4
                0x0800c49c       0x13 /tmp/cc7hX2uy.ltrans7.ltrans.o
                                 0x14 (size before relaxing)
 *fill*         0x0800c4af        0x1 
 .rodata.str1.4
                0x0800c4b0       0x4c /tmp/cc7hX2uy.ltrans8.ltrans.o
 .rodata.str1.4
                0x0800c4fc        0x2 /home/laurence/ARM-GCC/gcc-arm-none-eabi-4_9-2014q4/bin/../lib/gcc/arm-none-eabi/4.9.3/../../../../arm-none-eabi/lib/armv7-m/libg.a(lib_a-impure.o)
                                  0x4 (size before relaxing)
 *(.glue_7)
 .glue_7        0x00000000        0x0 linker stubs
 *(.glue_7t)
 .glue_7t       0x00000000        0x0 linker stubs
 *(.init)
 *fill*         0x0800c4fe        0x2 
 .init          0x0800c500        0x4 /home/laurence/ARM-GCC/gcc-arm-none-eabi-4_9-2014q4/bin/../lib/gcc/arm-none-eabi/4.9.3/armv7-m/crti.o
                0x0800c500                _init
 .init          0x0800c504        0x8 /home/laurence/ARM-GCC/gcc-arm-none-eabi-4_9-2014q4/bin/../lib/gcc/arm-none-eabi/4.9.3/armv7-m/crtn.o
 *(.fini)
 .fini          0x0800c50c        0x4 /home/laurence/ARM-GCC/gcc-arm-none-eabi-4_9-2014q4/bin/../lib/gcc/arm-none-eabi/4.9.3/armv7-m/crti.o
                0x0800c50c                _fini
 .fini          0x0800c510        0x8 /home/laurence/ARM-GCC/gcc-arm-none-eabi-4_9-2014q4/bin/../lib/gcc/arm-none-eabi/4.9.3/armv7-m/crtn.o
                0x0800c518                . = ALIGN (0x4)
                0x0800c518                _etext = .
                0x0800c518                _sidata = _etext

.vfp11_veneer   0x0800c518        0x0
 .vfp11_veneer  0x00000000        0x0 linker stubs

.v4_bx          0x0800c518        0x0
 .v4_bx         0x00000000        0x0 linker stubs

.iplt           0x0800c518        0x0
 .iplt          0x00000000        0x0 /home/laurence/ARM-GCC/gcc-arm-none-eabi-4_9-2014q4/bin/../lib/gcc/arm-none-eabi/4.9.3/armv7-m/crtbegin.o

.rel.dyn        0x0800c518        0x0
 .rel.iplt      0x00000000        0x0 /home/laurence/ARM-GCC/gcc-arm-none-eabi-4_9-2014q4/bin/../lib/gcc/arm-none-eabi/4.9.3/armv7-m/crtbegin.o

.flashpatch     0x00000000        0x0
                0x00000000                . = ALIGN (0x4)
 *(.flashpatch)
                0x00000000                . = ALIGN (0x4)

.endflash       0x00000000        0x0
                0x00000000                . = ALIGN (0x4)
 *(.endflash)
                0x00000000                . = ALIGN (0x4)
                0x00000000                _e_endflash = .

.data           0x20000000      0x9dc load address 0x0800c518
                0x20000000                . = ALIGN (0x4)
                0x20000000                _sdata = .
                0x20000000                _data = .
 *(.data)
 .data          0x20000000        0x8 /tmp/cc7hX2uy.ltrans0.ltrans.o
                0x20000004                Device_Table
 .data          0x20000008        0x1 /tmp/cc7hX2uy.ltrans1.ltrans.o
 *fill*         0x20000009        0x3 
 .data          0x2000000c       0x20 /tmp/cc7hX2uy.ltrans2.ltrans.o
 .data          0x2000002c      0x138 /tmp/cc7hX2uy.ltrans3.ltrans.o
                0x20000080                Device_Property
                0x20000108                pEpInt_IN
                0x20000124                pEpInt_OUT
                0x20000140                User_Standard_Requests
 .data          0x20000164       0x20 /tmp/cc7hX2uy.ltrans4.ltrans.o
 .data          0x20000184        0x4 /tmp/cc7hX2uy.ltrans5.ltrans.o
 *(.data.*)
 .data.__malloc_av_
                0x20000188      0x408 /home/laurence/ARM-GCC/gcc-arm-none-eabi-4_9-2014q4/bin/../lib/gcc/arm-none-eabi/4.9.3/../../../../arm-none-eabi/lib/armv7-m/libg.a(lib_a-mallocr.o)
                0x20000188                __malloc_av_
 .data.__malloc_trim_threshold
                0x20000590        0x4 /home/laurence/ARM-GCC/gcc-arm-none-eabi-4_9-2014q4/bin/../lib/gcc/arm-none-eabi/4.9.3/../../../../arm-none-eabi/lib/armv7-m/libg.a(lib_a-mallocr.o)
                0x20000590                __malloc_trim_threshold
 .data.__malloc_sbrk_base
                0x20000594        0x4 /home/laurence/ARM-GCC/gcc-arm-none-eabi-4_9-2014q4/bin/../lib/gcc/arm-none-eabi/4.9.3/../../../../arm-none-eabi/lib/armv7-m/libg.a(lib_a-mallocr.o)
                0x20000594                __malloc_sbrk_base
 .data.ADCPrescTable
                0x20000598        0x4 lib/STM32F10x_StdPeriph_Driver/libstm32fw.a(stm32f10x_rcc.o)
 .data.APBAHBPrescTable
                0x2000059c       0x10 lib/STM32F10x_StdPeriph_Driver/libstm32fw.a(stm32f10x_rcc.o)
 *fill*         0x200005ac        0x4 
 .data.impure_data
                0x200005b0      0x428 /home/laurence/ARM-GCC/gcc-arm-none-eabi-4_9-2014q4/bin/../lib/gcc/arm-none-eabi/4.9.3/../../../../arm-none-eabi/lib/armv7-m/libg.a(lib_a-impure.o)
 .data._impure_ptr
                0x200009d8        0x4 /home/laurence/ARM-GCC/gcc-arm-none-eabi-4_9-2014q4/bin/../lib/gcc/arm-none-eabi/4.9.3/../../../../arm-none-eabi/lib/armv7-m/libg.a(lib_a-impure.o)
                0x200009d8                _impure_ptr
 *(.RAMtext)
                0x200009dc                . = ALIGN (0x4)
                0x200009dc                _edata = .
                0x0800cef4                _eidata = (_sidata + (_edata - _sdata))
                0x08020000                _lastdataromaddress = (ORIGIN (FLASH) + 0x20000)
                0x00000000                toobig = (_eidata > _lastdataromaddress)?!!!!!!!!! FLASH IS FULL !!!!!!!!!:0x0

.igot.plt       0x200009dc        0x0 load address 0x0800cef4
 .igot.plt      0x00000000        0x0 /home/laurence/ARM-GCC/gcc-arm-none-eabi-4_9-2014q4/bin/../lib/gcc/arm-none-eabi/4.9.3/armv7-m/crtbegin.o

.bss            0x200009e0      0xf28 load address 0x0800cef8
                0x200009e0                . = ALIGN (0x4)
                0x200009e0                _sbss = .
                0x200009e0                _bss = .
 *(.bss)
 .bss           0x200009e0       0x5c /tmp/cc7hX2uy.ltrans0.ltrans.o
 .bss           0x20000a3c       0x94 /tmp/cc7hX2uy.ltrans1.ltrans.o
                0x20000ac0                Timer1.lto_priv.8
                0x20000ac4                Timer2.lto_priv.9
                0x20000acd                Sd_Spi_Called_From_USB_MSC
 .bss           0x20000ad0       0x34 /tmp/cc7hX2uy.ltrans2.ltrans.o
                0x20000ad0                Mass_Block_Count
                0x20000ad8                CBW
                0x20000af8                Mass_Block_Size
                0x20000b00                Bot_State
 .bss           0x20000b04       0x98 /tmp/cc7hX2uy.ltrans3.ltrans.o
                0x20000b0c                wIstr
 .bss           0x20000b9c       0x28 /tmp/cc7hX2uy.ltrans4.ltrans.o
 *fill*         0x20000bc4        0x4 
 .bss           0x20000bc8      0x6f0 /tmp/cc7hX2uy.ltrans6.ltrans.o
                0x20000ff0                bootsource
                0x20000ff4                Battery_Voltage
                0x2000124c                Silabs_driver_state
                0x20001283                System_state_Global
                0x20001284                Shutdown_System
                0x20001288                Gyro_XY_Rate
                0x2000128c                Gyro_Z_Rate
                0x20001290                Ind_Voltage
                0x20001294                Auto_volt
                0x20001298                Ignition_Selftest
                0x2000129a                AutoSequence
                0x200012a0                I2C1error
                0x200012a4                L3GD20_Data_Buffer
                0x200012ac                Aux_Voltage
                0x200012b0                Gyro_Temperature
                0x200012b4                Auto_spin
 .bss           0x200012b8        0x8 /tmp/cc7hX2uy.ltrans7.ltrans.o
 .bss           0x200012c0      0x5b0 /tmp/cc7hX2uy.ltrans8.ltrans.o
                0x200012c0                FATFS_logfile
                0x200014e8                print_string
                0x200015e8                Usart1_rx_buff
                0x200015f4                Gps_Buffer
                0x20001600                FATFS_wavfile_gyro
                0x20001840                Millis
                0x20001844                Jobs
                0x20001848                Completed_Jobs
                0x2000184c                Gyro_x_buffer
                0x20001858                Gyro_y_buffer
                0x20001864                Gyro_z_buffer
 *(.bss.*)
 .bss.bIntPackSOF
                0x20001870        0x1 /tmp/cc7hX2uy.ltrans3.ltrans.o
 *fill*         0x20001871        0x3 
 .bss.Status    0x20001874        0x4 /tmp/cc7hX2uy.ltrans3.ltrans.o
 .bss.Max_Lun   0x20001878        0x4 /tmp/cc7hX2uy.ltrans3.ltrans.o
 .bss.Page00_Inquiry_Data
                0x2000187c        0x8 /tmp/cc7hX2uy.ltrans3.ltrans.o
 .bss.bDeviceState
                0x20001884        0x4 /tmp/cc7hX2uy.ltrans6.ltrans.o
                0x20001884                bDeviceState
 .bss.file_opened
                0x20001888        0x1 /tmp/cc7hX2uy.ltrans6.ltrans.o
 .bss.Last_RSSI
                0x20001889        0x1 /tmp/cc7hX2uy.ltrans6.ltrans.o
                0x20001889                Last_RSSI
 *fill*         0x2000188a        0x2 
 .bss.__malloc_max_total_mem
                0x2000188c        0x4 /home/laurence/ARM-GCC/gcc-arm-none-eabi-4_9-2014q4/bin/../lib/gcc/arm-none-eabi/4.9.3/../../../../arm-none-eabi/lib/armv7-m/libg.a(lib_a-mallocr.o)
                0x2000188c                __malloc_max_total_mem
 .bss.__malloc_max_sbrked_mem
                0x20001890        0x4 /home/laurence/ARM-GCC/gcc-arm-none-eabi-4_9-2014q4/bin/../lib/gcc/arm-none-eabi/4.9.3/../../../../arm-none-eabi/lib/armv7-m/libg.a(lib_a-mallocr.o)
                0x20001890                __malloc_max_sbrked_mem
 .bss.__malloc_top_pad