Archive member included because of file (symbol)

lib/STM32F10x_StdPeriph_Driver/libstm32fw.a(misc.o)
                              interrupts.o (symbol from plugin) (NVIC_PriorityGroupConfig)
lib/STM32F10x_StdPeriph_Driver/libstm32fw.a(stm32f10x_adc.o)
                              adc.o (symbol from plugin) (ADC_DeInit)
lib/STM32F10x_StdPeriph_Driver/libstm32fw.a(stm32f10x_bkp.o)
                              Util/fat_fs/src/rtc.o (symbol from plugin) (BKP_DeInit)
lib/STM32F10x_StdPeriph_Driver/libstm32fw.a(stm32f10x_dbgmcu.o)
                              main.o (symbol from plugin) (DBGMCU_Config)
lib/STM32F10x_StdPeriph_Driver/libstm32fw.a(stm32f10x_dma.o)
                              Silabs/si446x.o (symbol from plugin) (DMA_DeInit)
lib/STM32F10x_StdPeriph_Driver/libstm32fw.a(stm32f10x_exti.o)
                              Silabs/si446x.o (symbol from plugin) (EXTI_DeInit)
lib/STM32F10x_StdPeriph_Driver/libstm32fw.a(stm32f10x_gpio.o)
                              Silabs/si446x.o (symbol from plugin) (GPIO_Init)
lib/STM32F10x_StdPeriph_Driver/libstm32fw.a(stm32f10x_i2c.o)
                              i2c_int.o (symbol from plugin) (I2C_DeInit)
lib/STM32F10x_StdPeriph_Driver/libstm32fw.a(stm32f10x_iwdg.o)
                              watchdog.o (symbol from plugin) (IWDG_WriteAccessCmd)
lib/STM32F10x_StdPeriph_Driver/libstm32fw.a(stm32f10x_pwr.o)
                              pwr.o (symbol from plugin) (PWR_DeInit)
lib/STM32F10x_StdPeriph_Driver/libstm32fw.a(stm32f10x_rcc.o)
                              interrupts.o (symbol from plugin) (RCC_HCLKConfig)
lib/STM32F10x_StdPeriph_Driver/libstm32fw.a(stm32f10x_rtc.o)
                              Util/fat_fs/src/rtc.o (symbol from plugin) (RTC_GetCounter)
lib/STM32F10x_StdPeriph_Driver/libstm32fw.a(stm32f10x_spi.o)
                              Util/fat_fs/src/sd_spi_stm32.o (symbol from plugin) (SPI_I2S_DeInit)
lib/STM32F10x_StdPeriph_Driver/libstm32fw.a(stm32f10x_tim.o)
                              pwm.o (symbol from plugin) (TIM_TimeBaseInit)
lib/STM32F10x_StdPeriph_Driver/libstm32fw.a(stm32f10x_usart.o)
                              usart.o (symbol from plugin) (USART_DeInit)
lib/STM32_USB-FS-Device_Driver/libstm32usb.a(usb_core.o)
                              Util/USB/usb_prop.o (symbol from plugin) (Standard_GetDescriptorData)
lib/STM32_USB-FS-Device_Driver/libstm32usb.a(usb_init.o)
                              main.o (symbol from plugin) (USB_Init)
lib/STM32_USB-FS-Device_Driver/libstm32usb.a(usb_int.o)
                              Util/USB/usb_istr.o (symbol from plugin) (CTR_LP)
lib/STM32_USB-FS-Device_Driver/libstm32usb.a(usb_mem.o)
                              lib/STM32_USB-FS-Device_Driver/libstm32usb.a(usb_core.o) (UserToPMABufferCopy)
lib/STM32_USB-FS-Device_Driver/libstm32usb.a(usb_regs.o)
                              Util/USB/usb_prop.o (symbol from plugin) (SetBTABLE)
lib/STM32_USB-FS-Device_Driver/libstm32usb.a(usb_sil.o)
                              Util/USB/usb_prop.o (symbol from plugin) (USB_SIL_Init)
/home/laurence/ARM-GCC/gcc-arm-none-eabi-4_9-2014q4/bin/../lib/gcc/arm-none-eabi/4.9.3/../../../../arm-none-eabi/lib/armv7-m/libg.a(lib_a-exit.o)
                              /home/laurence/ARM-GCC/gcc-arm-none-eabi-4_9-2014q4/bin/../lib/gcc/arm-none-eabi/4.9.3/../../../../arm-none-eabi/lib/armv7-m/crt0.o (exit)
/home/laurence/ARM-GCC/gcc-arm-none-eabi-4_9-2014q4/bin/../lib/gcc/arm-none-eabi/4.9.3/../../../../arm-none-eabi/lib/armv7-m/libg.a(lib_a-impure.o)
                              /home/laurence/ARM-GCC/gcc-arm-none-eabi-4_9-2014q4/bin/../lib/gcc/arm-none-eabi/4.9.3/../../../../arm-none-eabi/lib/armv7-m/libg.a(lib_a-exit.o) (_global_impure_ptr)
/home/laurence/ARM-GCC/gcc-arm-none-eabi-4_9-2014q4/bin/../lib/gcc/arm-none-eabi/4.9.3/../../../../arm-none-eabi/lib/armv7-m/libg.a(lib_a-init.o)
                              /home/laurence/ARM-GCC/gcc-arm-none-eabi-4_9-2014q4/bin/../lib/gcc/arm-none-eabi/4.9.3/../../../../arm-none-eabi/lib/armv7-m/crt0.o (__libc_init_array)
/home/laurence/ARM-GCC/gcc-arm-none-eabi-4_9-2014q4/bin/../lib/gcc/arm-none-eabi/4.9.3/../../../../arm-none-eabi/lib/armv7-m/libg.a(lib_a-memset.o)
                              /home/laurence/ARM-GCC/gcc-arm-none-eabi-4_9-2014q4/bin/../lib/gcc/arm-none-eabi/4.9.3/../../../../arm-none-eabi/lib/armv7-m/crt0.o (memset)
/home/laurence/ARM-GCC/gcc-arm-none-eabi-4_9-2014q4/bin/../lib/gcc/arm-none-eabi/4.9.3/../../../../arm-none-eabi/lib/armv7-m/libg.a(lib_a-__call_atexit.o)
                              /home/laurence/ARM-GCC/gcc-arm-none-eabi-4_9-2014q4/bin/../lib/gcc/arm-none-eabi/4.9.3/../../../../arm-none-eabi/lib/armv7-m/libg.a(lib_a-exit.o) (__call_exitprocs)
/home/laurence/ARM-GCC/gcc-arm-none-eabi-4_9-2014q4/bin/../lib/gcc/arm-none-eabi/4.9.3/../../../../arm-none-eabi/lib/armv7-m/libg.a(lib_a-atexit.o)
[...]
Memory Configuration

Name             Origin             Length             Attributes
RAM              0x20000000         0x00005000         xrw
FLASH            0x08000000         0x00020000         xr
FLASHB1          0x00000000         0x00000000         xr
EXTMEMB0         0x00000000         0x00000000         xr
EXTMEMB1         0x00000000         0x00000000         xr
EXTMEMB2         0x00000000         0x00000000         xr
EXTMEMB3         0x00000000         0x00000000         xr
STARTFLASH       0x00000000         0xffffffff
CRPPATCH         0x00000000         0xffffffff
FLASHPATCH       0x00000000         0xffffffff
ENDFLASH         0x00000000         0xffffffff
*default*        0x00000000         0xffffffff

Linker script and memory map

LOAD /home/laurence/ARM-GCC/gcc-arm-none-eabi-4_9-2014q4/bin/../lib/gcc/arm-none-eabi/4.9.3/armv7-m/crti.o
LOAD /home/laurence/ARM-GCC/gcc-arm-none-eabi-4_9-2014q4/bin/../lib/gcc/arm-none-eabi/4.9.3/armv7-m/crtbegin.o
LOAD /home/laurence/ARM-GCC/gcc-arm-none-eabi-4_9-2014q4/bin/../lib/gcc/arm-none-eabi/4.9.3/../../../../arm-none-eabi/lib/armv7-m/crt0.o
LOAD Silabs/si446x.o
LOAD /tmp/ccV3DAO9.ltrans0.ltrans.o
LOAD /tmp/ccV3DAO9.ltrans1.ltrans.o
LOAD /tmp/ccV3DAO9.ltrans2.ltrans.o
LOAD /tmp/ccV3DAO9.ltrans3.ltrans.o
LOAD /tmp/ccV3DAO9.ltrans4.ltrans.o
LOAD /tmp/ccV3DAO9.ltrans5.ltrans.o
LOAD /tmp/ccV3DAO9.ltrans6.ltrans.o
LOAD /tmp/ccV3DAO9.ltrans7.ltrans.o
LOAD /tmp/ccV3DAO9.ltrans8.ltrans.o
LOAD /home/laurence/ARM-GCC/gcc-arm-none-eabi-4_9-2014q4/bin/../lib/gcc/arm-none-eabi/4.9.3/armv7-m/libgcc.a
LOAD /home/laurence/ARM-GCC/gcc-arm-none-eabi-4_9-2014q4/bin/../lib/gcc/arm-none-eabi/4.9.3/../../../../arm-none-eabi/lib/armv7-m/libg.a
LOAD /home/laurence/ARM-GCC/gcc-arm-none-eabi-4_9-2014q4/bin/../lib/gcc/arm-none-eabi/4.9.3/../../../../arm-none-eabi/lib/armv7-m/libc.a
LOAD Ublox/ubx.o
LOAD Util/USB/hw_config.o
LOAD Util/USB/mass_mal.o
LOAD Util/USB/memory.o
LOAD Util/USB/scsi_data.o
LOAD Util/USB/usb_bot.o
LOAD Util/USB/usb_desc.o
LOAD Util/USB/usb_endp.o
LOAD Util/USB/usb_istr.o
LOAD Util/USB/usb_prop.o
LOAD Util/USB/usb_pwr.o
LOAD Util/USB/usb_scsi.o
LOAD Util/buffer.o
LOAD Util/crc.o
LOAD Util/delay.o
LOAD Util/fat_fs/option/ccsbcs.o
LOAD Util/fat_fs/src/fattime.o
LOAD Util/fat_fs/src/ff.o
LOAD Util/fat_fs/src/rtc.o
LOAD Util/fat_fs/src/sd_spi_stm32.o
LOAD Util/polygon.o
LOAD Util/rprintf.o
LOAD Util/wave.o
LOAD adc.o
LOAD dma.o
LOAD gpio.o
LOAD i2c_int.o
LOAD interrupts.o
LOAD lib/CMSIS_CM3/core_cm3.o
LOAD lib/CMSIS_CM3/startup/gcc/startup_stm32f10x_md.o
LOAD lib/CMSIS_CM3/system_stm32f10x.o
LOAD main.o
LOAD pwm.o
LOAD pwr.o
LOAD usart.o
LOAD watchdog.o
LOAD lib/STM32F10x_StdPeriph_Driver/libstm32fw.a
LOAD lib/STM32_USB-FS-Device_Driver/libstm32usb.a
LOAD /home/laurence/ARM-GCC/gcc-arm-none-eabi-4_9-2014q4/bin/../lib/gcc/arm-none-eabi/4.9.3/../../../../arm-none-eabi/lib/armv7-m/libm.a
LOAD /home/laurence/ARM-GCC/gcc-arm-none-eabi-4_9-2014q4/bin/../lib/gcc/arm-none-eabi/4.9.3/../../../../arm-none-eabi/lib/armv7-m/libnosys.a
START GROUP
LOAD /home/laurence/ARM-GCC/gcc-arm-none-eabi-4_9-2014q4/bin/../lib/gcc/arm-none-eabi/4.9.3/armv7-m/libgcc.a
LOAD /home/laurence/ARM-GCC/gcc-arm-none-eabi-4_9-2014q4/bin/../lib/gcc/arm-none-eabi/4.9.3/../../../../arm-none-eabi/lib/armv7-m/libg.a
LOAD /home/laurence/ARM-GCC/gcc-arm-none-eabi-4_9-2014q4/bin/../lib/gcc/arm-none-eabi/4.9.3/../../../../arm-none-eabi/lib/armv7-m/libc.a
END GROUP
LOAD /home/laurence/ARM-GCC/gcc-arm-none-eabi-4_9-2014q4/bin/../lib/gcc/arm-none-eabi/4.9.3/armv7-m/crtend.o
LOAD /home/laurence/ARM-GCC/gcc-arm-none-eabi-4_9-2014q4/bin/../lib/gcc/arm-none-eabi/4.9.3/armv7-m/crtn.o
                0x00002000                __Stack_Size = 0x2000
                0x00002000                PROVIDE (_Stack_Size, __Stack_Size)
                0x20003000                __Stack_Init = (_estack - __Stack_Size)
                0x20003000                PROVIDE (_Stack_Init, __Stack_Init)
                0x00002000                _Minimum_Stack_Size = 0x2000
                0x00000000                PROVIDE (Undefined_Handler, 0x0)
                0x00000000                PROVIDE (SWI_Handler, 0x0)
                0x00000000                PROVIDE (IRQ_Handler, 0x0)
                0x00000000                PROVIDE (Prefetch_Handler, 0x0)
                0x00000000                PROVIDE (Abort_Handler, 0x0)
                0x00000000                PROVIDE (FIQ_Handler, 0x0)
                0x00000000                PROVIDE (NMIException, 0x0)
                0x00000000                PROVIDE (NMI_Handler, 0x0)
                0x00000000                PROVIDE (HardFaultException, 0x0)
                0x00000000                PROVIDE (HardFault_Handler, 0x0)
                0x00000000                PROVIDE (MemManageException, 0x0)
                0x00000000                PROVIDE (MemManage_Handler, 0x0)
                0x00000000                PROVIDE (BusFaultException, 0x0)
                0x00000000                PROVIDE (BusFault_Handler, 0x0)
                0x00000000                PROVIDE (UsageFaultException, 0x0)
                0x00000000                PROVIDE (UsageFault_Handler, 0x0)
                0x00000000                PROVIDE (SVCHandler, 0x0)
                0x00000000                PROVIDE (SVC_Handler, 0x0)
                0x00000000                PROVIDE (DebugMonitor, 0x0)
                0x00000000                PROVIDE (DebugMon_Handler, 0x0)
                0x00000000                PROVIDE (PendSVC, 0x0)
                0x00000000                PROVIDE (PendSV_Handler, 0x0)
                0x00000000                PROVIDE (SysTickHandler, 0x0)
                0x00000000                PROVIDE (SysTick_Handler, 0x0)
                0x00000000                PROVIDE (WWDG_IRQHandler, 0x0)
                0x00000000                PROVIDE (PVD_IRQHandler, 0x0)
                0x00000000                PROVIDE (TAMPER_IRQHandler, 0x0)
                0x00000000                PROVIDE (RTC_IRQHandler, 0x0)
                0x00000000                PROVIDE (FLASH_IRQHandler, 0x0)
                0x00000000                PROVIDE (RCC_IRQHandler, 0x0)
                0x00000000                PROVIDE (EXTI0_IRQHandler, 0x0)
                0x00000000                PROVIDE (EXTI1_IRQHandler, 0x0)
                0x00000000                PROVIDE (EXTI2_IRQHandler, 0x0)
                0x00000000                PROVIDE (EXTI3_IRQHandler, 0x0)
                0x00000000                PROVIDE (EXTI4_IRQHandler, 0x0)
                0x00000000                PROVIDE (DMAChannel1_IRQHandler, 0x0)
                0x00000000                PROVIDE (DMAChannel2_IRQHandler, 0x0)
                0x00000000                PROVIDE (DMAChannel3_IRQHandler, 0x0)
                0x00000000                PROVIDE (DMAChannel4_IRQHandler, 0x0)
                0x00000000                PROVIDE (DMAChannel5_IRQHandler, 0x0)
                0x00000000                PROVIDE (DMAChannel6_IRQHandler, 0x0)
                0x00000000                PROVIDE (DMAChannel7_IRQHandler, 0x0)
                0x00000000                PROVIDE (DMA1_Channel1_IRQHandler, 0x0)
                0x00000000                PROVIDE (DMA1_Channel2_IRQHandler, 0x0)
                0x00000000                PROVIDE (DMA1_Channel3_IRQHandler, 0x0)
                0x00000000                PROVIDE (DMA1_Channel4_IRQHandler, 0x0)
                0x00000000                PROVIDE (DMA1_Channel5_IRQHandler, 0x0)
                0x00000000                PROVIDE (DMA1_Channel6_IRQHandler, 0x0)
                0x00000000                PROVIDE (DMA1_Channel7_IRQHandler, 0x0)
                0x00000000                PROVIDE (ADC_IRQHandler, 0x0)
                0x00000000                PROVIDE (ADC1_2_IRQHandler, 0x0)
                0x00000000                PROVIDE (USB_HP_CAN_TX_IRQHandler, 0x0)
                0x00000000                PROVIDE (USB_HP_CAN1_TX_IRQHandler, 0x0)
                0x00000000                PROVIDE (USB_LP_CAN_RX0_IRQHandler, 0x0)
                0x00000000                PROVIDE (USB_LP_CAN1_RX0_IRQHandler, 0x0)
                0x00000000                PROVIDE (CAN_RX1_IRQHandler, 0x0)
                0x00000000                PROVIDE (CAN1_RX1_IRQHandler, 0x0)
                0x00000000                PROVIDE (CAN_SCE_IRQHandler, 0x0)
                0x00000000                PROVIDE (CAN1_SCE_IRQHandler, 0x0)
                0x00000000                PROVIDE (EXTI9_5_IRQHandler, 0x0)
                0x00000000                PROVIDE (TIM1_BRK_IRQHandler, 0x0)
                0x00000000                PROVIDE (TIM1_UP_IRQHandler, 0x0)
                0x00000000                PROVIDE (TIM1_TRG_COM_IRQHandler, 0x0)
                0x00000000                PROVIDE (TIM1_CC_IRQHandler, 0x0)
                0x00000000                PROVIDE (TIM2_IRQHandler, 0x0)
                0x00000000                PROVIDE (TIM3_IRQHandler, 0x0)
                0x00000000                PROVIDE (TIM4_IRQHandler, 0x0)
                0x00000000                PROVIDE (I2C1_EV_IRQHandler, 0x0)
                0x00000000                PROVIDE (I2C1_ER_IRQHandler, 0x0)
                0x00000000                PROVIDE (I2C2_EV_IRQHandler, 0x0)
                0x00000000                PROVIDE (I2C2_ER_IRQHandler, 0x0)
                0x00000000                PROVIDE (SPI1_IRQHandler, 0x0)
                0x00000000                PROVIDE (SPI2_IRQHandler, 0x0)
                0x00000000                PROVIDE (USART1_IRQHandler, 0x0)
                0x00000000                PROVIDE (USART2_IRQHandler, 0x0)
                0x00000000                PROVIDE (USART3_IRQHandler, 0x0)
                0x00000000                PROVIDE (EXTI15_10_IRQHandler, 0x0)
                0x00000000                PROVIDE (RTCAlarm_IRQHandler, 0x0)
                0x00000000                PROVIDE (USBWakeUp_IRQHandler, 0x0)
                0x00000000                PROVIDE (TIM8_BRK_IRQHandler, 0x0)
                0x00000000                PROVIDE (TIM8_UP_IRQHandler, 0x0)
                0x00000000                PROVIDE (TIM8_TRG_COM_IRQHandler, 0x0)
                0x00000000                PROVIDE (TIM8_CC_IRQHandler, 0x0)
                0x00000000                PROVIDE (ADC3_IRQHandler, 0x0)
                0x00000000                PROVIDE (FSMC_IRQHandler, 0x0)
                0x00000000                PROVIDE (SDIO_IRQHandler, 0x0)
                0x00000000                PROVIDE (TIM5_IRQHandler, 0x0)
                0x00000000                PROVIDE (SPI3_IRQHandler, 0x0)
                0x00000000                PROVIDE (UART4_IRQHandler, 0x0)
                0x00000000                PROVIDE (UART5_IRQHandler, 0x0)
                0x00000000                PROVIDE (TIM6_IRQHandler, 0x0)
                0x00000000                PROVIDE (TIM7_IRQHandler, 0x0)
                0x00000000                PROVIDE (DMA2_Channel1_IRQHandler, 0x0)
                0x00000000                PROVIDE (DMA2_Channel2_IRQHandler, 0x0)
                0x00000000                PROVIDE (DMA2_Channel3_IRQHandler, 0x0)
                0x00000000                PROVIDE (DMA2_Channel4_5_IRQHandler, 0x0)
                0x42000000                PERIPH_BB_BASE = 0x42000000
                0x22000000                SRAM_BB_BASE = 0x22000000
                0x20000000                SRAM_BASE = 0x20000000
                0x40000000                PERIPH_BASE = 0x40000000
                0x40022000                PROVIDE (FLASH_BASE, 0x40022000)
                0x1ffff800                PROVIDE (OB_BASE, 0x1ffff800)
                0x40000000                APB1PERIPH_BASE = PERIPH_BASE
                0x40010000                APB2PERIPH_BASE = (PERIPH_BASE + 0x10000)
                0x40020000                AHBPERIPH_BASE = (PERIPH_BASE + 0x20000)
                0x40000000                PROVIDE (TIM2, (APB1PERIPH_BASE + 0x0))
                0x40000400                PROVIDE (TIM3, (APB1PERIPH_BASE + 0x400))
                0x40000800                PROVIDE (TIM4, (APB1PERIPH_BASE + 0x800))
                0x40002800                PROVIDE (RTC, (APB1PERIPH_BASE + 0x2800))
                0x40002c00                PROVIDE (WWDG, (APB1PERIPH_BASE + 0x2c00))
                0x40003000                PROVIDE (IWDG, (APB1PERIPH_BASE + 0x3000))
                0x40003800                PROVIDE (SPI2, (APB1PERIPH_BASE + 0x3800))
                0x40004400                PROVIDE (USART2, (APB1PERIPH_BASE + 0x4400))
                0x40004800                PROVIDE (USART3, (APB1PERIPH_BASE + 0x4800))
                0x40005400                PROVIDE (I2C1, (APB1PERIPH_BASE + 0x5400))
                0x40005800                PROVIDE (I2C2, (APB1PERIPH_BASE + 0x5800))
                0x40006400                PROVIDE (CAN, (APB1PERIPH_BASE + 0x6400))
                0x40006c00                PROVIDE (BKP, (APB1PERIPH_BASE + 0x6c00))
                0x40007000                PROVIDE (PWR, (APB1PERIPH_BASE + 0x7000))
                0x40010000                PROVIDE (AFIO, (APB2PERIPH_BASE + 0x0))
                0x40010400                PROVIDE (EXTI, (APB2PERIPH_BASE + 0x400))
                0x40010800                PROVIDE (GPIOA, (APB2PERIPH_BASE + 0x800))
                0x40010c00                PROVIDE (GPIOB, (APB2PERIPH_BASE + 0xc00))
                0x40011000                PROVIDE (GPIOC, (APB2PERIPH_BASE + 0x1000))
                0x40011400                PROVIDE (GPIOD, (APB2PERIPH_BASE + 0x1400))
                0x40011800                PROVIDE (GPIOE, (APB2PERIPH_BASE + 0x1800))
                0x40012400                PROVIDE (ADC1, (APB2PERIPH_BASE + 0x2400))
                0x40012800                PROVIDE (ADC2, (APB2PERIPH_BASE + 0x2800))
                0x40012c00                PROVIDE (TIM1, (APB2PERIPH_BASE + 0x2c00))
                0x40013000                PROVIDE (SPI1, (APB2PERIPH_BASE + 0x3000))
                0x40013800                PROVIDE (USART1, (APB2PERIPH_BASE + 0x3800))
                0x40020000                PROVIDE (DMA, (AHBPERIPH_BASE + 0x0))
                0x40020008                PROVIDE (DMA_Channel1, (AHBPERIPH_BASE + 0x8))
                0x4002001c                PROVIDE (DMA_Channel2, (AHBPERIPH_BASE + 0x1c))
                0x40020030                PROVIDE (DMA_Channel3, (AHBPERIPH_BASE + 0x30))
                0x40020044                PROVIDE (DMA_Channel4, (AHBPERIPH_BASE + 0x44))
                0x40020058                PROVIDE (DMA_Channel5, (AHBPERIPH_BASE + 0x58))
                0x4002006c                PROVIDE (DMA_Channel6, (AHBPERIPH_BASE + 0x6c))
                0x40020080                PROVIDE (DMA_Channel7, (AHBPERIPH_BASE + 0x80))
                0x40021000                PROVIDE (RCC, (AHBPERIPH_BASE + 0x1000))
                0xe000e000                SCS_BASE = 0xe000e000
                0xe000e010                PROVIDE (SysTick, (SCS_BASE + 0x10))
                0xe000e100                PROVIDE (NVIC, (SCS_BASE + 0x100))
                0xe000ed00                PROVIDE (SCB, (SCS_BASE + 0xd00))
                0x20005000                PROVIDE (_estack, (ORIGIN (RAM) + 0x5000))

.isr_vector     0x08000000      0x10c
                0x08000000                . = ALIGN (0x4)
 *(.isr_vector)
 .isr_vector    0x08000000      0x10c lib/CMSIS_CM3/startup/gcc/startup_stm32f10x_md.o
                0x08000000                g_pfnVectors
                0x0800010c                . = ALIGN (0x4)

.flash_start    0x00000000        0x0
                0x00000000                . = ALIGN (0x4)
 *(.flash_start)
 *(.flash_start.*)
                0x00000000                . = ALIGN (0x4)

.crp_patch      0x00000000        0x0
                0x00000000                . = ALIGN (0x4)
 *(.crp_patch)
                0x00000000                . = ALIGN (0x4)

.flashtext      0x0800010c        0x0
                0x0800010c                . = ALIGN (0x4)
 *(.flashtext)
                0x0800010c                . = ALIGN (0x4)

.text           0x08000110     0xc768
                0x08000110                . = ALIGN (0x4)
 *(.text)
 .text          0x08000110      0x370 /home/laurence/ARM-GCC/gcc-arm-none-eabi-4_9-2014q4/bin/../lib/gcc/arm-none-eabi/4.9.3/armv7-m/libgcc.a(_arm_addsubdf3.o)
                0x08000110                __aeabi_drsub
                0x08000118                __aeabi_dsub
                0x08000118                __subdf3
                0x0800011c                __adddf3
                0x0800011c                __aeabi_dadd
                0x08000394                __aeabi_ui2d
                0x08000394                __floatunsidf
                0x080003b4                __floatsidf
                0x080003b4                __aeabi_i2d
                0x080003d8                __extendsfdf2
                0x080003d8                __aeabi_f2d
                0x08000414                __aeabi_ul2d
                0x08000414                __floatundidf
                0x08000424                __floatdidf
                0x08000424                __aeabi_l2d
 .text          0x08000480      0x424 /home/laurence/ARM-GCC/gcc-arm-none-eabi-4_9-2014q4/bin/../lib/gcc/arm-none-eabi/4.9.3/armv7-m/libgcc.a(_arm_muldivdf3.o)
                0x08000480                __aeabi_dmul
                0x08000480                __muldf3
                0x080006d4                __aeabi_ddiv
                0x080006d4                __divdf3
 .text          0x080008a4      0x110 /home/laurence/ARM-GCC/gcc-arm-none-eabi-4_9-2014q4/bin/../lib/gcc/arm-none-eabi/4.9.3/armv7-m/libgcc.a(_arm_cmpdf2.o)
                0x080008a4                __gtdf2
                0x080008a4                __gedf2
                0x080008ac                __ltdf2
                0x080008ac                __ledf2
                0x080008b4                __cmpdf2
                0x080008b4                __eqdf2
                0x080008b4                __nedf2
                0x08000930                __aeabi_cdrcmple
                0x08000940                __aeabi_cdcmple
                0x08000940                __aeabi_cdcmpeq
                0x08000950                __aeabi_dcmpeq
                0x08000964                __aeabi_dcmplt
                0x08000978                __aeabi_dcmple
                0x0800098c                __aeabi_dcmpge
                0x080009a0                __aeabi_dcmpgt
 .text          0x080009b4       0x40 /home/laurence/ARM-GCC/gcc-arm-none-eabi-4_9-2014q4/bin/../lib/gcc/arm-none-eabi/4.9.3/armv7-m/libgcc.a(_arm_fixunsdfsi.o)
                0x080009b4                __fixunsdfsi
                0x080009b4                __aeabi_d2uiz
 .text          0x080009f4       0xa0 /home/laurence/ARM-GCC/gcc-arm-none-eabi-4_9-2014q4/bin/../lib/gcc/arm-none-eabi/4.9.3/armv7-m/libgcc.a(_arm_truncdfsf2.o)
                0x080009f4                __aeabi_d2f
                0x080009f4                __truncdfsf2
 .text          0x08000a94      0x21c /home/laurence/ARM-GCC/gcc-arm-none-eabi-4_9-2014q4/bin/../lib/gcc/arm-none-eabi/4.9.3/armv7-m/libgcc.a(_arm_addsubsf3.o)
                0x08000a94                __aeabi_frsub
                0x08000a9c                __subsf3
                0x08000a9c                __aeabi_fsub
                0x08000aa0                __aeabi_fadd
                0x08000aa0                __addsf3
                0x08000c00                __aeabi_ui2f
                0x08000c00                __floatunsisf
                0x08000c08                __aeabi_i2f
                0x08000c08                __floatsisf
                0x08000c24                __floatundisf
                0x08000c24                __aeabi_ul2f
                0x08000c34                __floatdisf
                0x08000c34                __aeabi_l2f
 .text          0x08000cb0      0x2a0 /home/laurence/ARM-GCC/gcc-arm-none-eabi-4_9-2014q4/bin/../lib/gcc/arm-none-eabi/4.9.3/armv7-m/libgcc.a(_arm_muldivsf3.o)
                0x08000cb0                __mulsf3
                0x08000cb0                __aeabi_fmul
                0x08000e18                __divsf3
                0x08000e18                __aeabi_fdiv
 .text          0x08000f50       0xec /home/laurence/ARM-GCC/gcc-arm-none-eabi-4_9-2014q4/bin/../lib/gcc/arm-none-eabi/4.9.3/armv7-m/libgcc.a(_arm_cmpsf2.o)
                0x08000f50                __gtsf2
                0x08000f50                __gesf2
                0x08000f58                __lesf2
                0x08000f58                __ltsf2
                0x08000f60                __nesf2
                0x08000f60                __eqsf2
                0x08000f60                __cmpsf2
                0x08000fc0                __aeabi_cfrcmple
                0x08000fc8                __aeabi_cfcmple
                0x08000fc8                __aeabi_cfcmpeq
                0x08000fd8                __aeabi_fcmpeq
                0x08000fec                __aeabi_fcmplt
                0x08001000                __aeabi_fcmple
                0x08001014                __aeabi_fcmpge
                0x08001028                __aeabi_fcmpgt
 .text          0x0800103c       0x40 /home/laurence/ARM-GCC/gcc-arm-none-eabi-4_9-2014q4/bin/../lib/gcc/arm-none-eabi/4.9.3/armv7-m/libgcc.a(_arm_fixunssfsi.o)
                0x0800103c                __aeabi_f2uiz
                0x0800103c                __fixunssfsi
 .text          0x0800107c       0xec /home/laurence/ARM-GCC/gcc-arm-none-eabi-4_9-2014q4/bin/../lib/gcc/arm-none-eabi/4.9.3/../../../../arm-none-eabi/lib/armv7-m/libg.a(lib_a-memcpy.o)
                0x0800107c                memcpy
 *(.text.*)
 .text.si446x_spi_state_machine
                0x08001168      0x2d4 /tmp/ccV3DAO9.ltrans0.ltrans.o
 .text.si446x_busy_wait_send_receive
                0x0800143c       0xfc /tmp/ccV3DAO9.ltrans0.ltrans.o
 .text.si446x_set_modem
                0x08001538      0x278 /tmp/ccV3DAO9.ltrans0.ltrans.o
 .text.si446x_set_deviation_channel_bps
                0x080017b0      0x118 /tmp/ccV3DAO9.ltrans0.ltrans.o
 .text.si446x_set_frequency
                0x080018c8      0x174 /tmp/ccV3DAO9.ltrans0.ltrans.o
 .text.si446x_state_machine
                0x08001a3c      0x598 /tmp/ccV3DAO9.ltrans0.ltrans.o
 .text.Gps_Process_Byte
                0x08001fd4      0x210 /tmp/ccV3DAO9.ltrans0.ltrans.o
                0x08001fd4                Gps_Process_Byte
 .text.EXTI15_10_IRQHandler
                0x080021e4       0x48 /tmp/ccV3DAO9.ltrans0.ltrans.o
                0x080021e4                EXTI15_10_IRQHandler
 .text.DMA1_Channel2_IRQHandler
                0x0800222c       0x50 /tmp/ccV3DAO9.ltrans0.ltrans.o
                0x0800222c                DMA1_Channel2_IRQHandler
 .text.USART3_IRQHandler
                0x0800227c       0x90 /tmp/ccV3DAO9.ltrans0.ltrans.o
                0x0800227c                USART3_IRQHandler
 .text.EXTI0_IRQHandler
                0x0800230c       0x44 /tmp/ccV3DAO9.ltrans0.ltrans.o
                0x0800230c                EXTI0_IRQHandler
 .text.si446x_setup
                0x08002350      0x430 /tmp/ccV3DAO9.ltrans0.ltrans.o
                0x08002350                si446x_setup
 .text.silabs_cts_jammed
                0x08002780       0x28 /tmp/ccV3DAO9.ltrans0.ltrans.o
                0x08002780                silabs_cts_jammed
 .text.get_from_silabs_buffer
                0x080027a8       0x20 /tmp/ccV3DAO9.ltrans0.ltrans.o
                0x080027a8                get_from_silabs_buffer
 .text.send_string_to_silabs
                0x080027c8       0x40 /tmp/ccV3DAO9.ltrans0.ltrans.o
                0x080027c8                send_string_to_silabs
 .text.rStrLen  0x08002808       0x14 /tmp/ccV3DAO9.ltrans1.ltrans.o
 .text.Isdigit  0x0800281c       0x10 /tmp/ccV3DAO9.ltrans1.ltrans.o
 .text.atoiRamRom
                0x0800282c       0x2c /tmp/ccV3DAO9.ltrans1.ltrans.o
 .text.xmit_datablock
                0x08002858       0x4c /tmp/ccV3DAO9.ltrans1.ltrans.o
 .text.power_off_
                0x080028a4       0x6c /tmp/ccV3DAO9.ltrans1.ltrans.o
 .text.ReadADC1_noblock
                0x08002910       0x20 /tmp/ccV3DAO9.ltrans1.ltrans.o
                0x08002910                ReadADC1_noblock
 .text.ADC_Configuration
                0x08002930       0xf8 /tmp/ccV3DAO9.ltrans1.ltrans.o
                0x08002930                ADC_Configuration
 .text.wave_terminate
                0x08002a28       0x78 /tmp/ccV3DAO9.ltrans1.ltrans.o
                0x08002a28                wave_terminate
 .text.write_wave_samples
                0x08002aa0       0x78 /tmp/ccV3DAO9.ltrans1.ltrans.o
                0x08002aa0                write_wave_samples
 .text.write_wave_header
                0x08002b18       0xd4 /tmp/ccV3DAO9.ltrans1.ltrans.o
                0x08002b18                write_wave_header
 .text.rprintfChar
                0x08002bec       0x20 /tmp/ccV3DAO9.ltrans1.ltrans.o
                0x08002bec                rprintfChar
 .text.rprintfFloat
                0x08002c0c       0xc8 /tmp/ccV3DAO9.ltrans1.ltrans.o
 .text.rprintf2RamRom
                0x08002cd4      0x360 /tmp/ccV3DAO9.ltrans1.ltrans.o
                0x08002cd4                rprintf2RamRom
 .text.rprintfInit
                0x08003034        0xc /tmp/ccV3DAO9.ltrans1.ltrans.o
                0x08003034                rprintfInit
 .text.pointinpoly
                0x08003040       0x54 /tmp/ccV3DAO9.ltrans1.ltrans.o
                0x08003040                pointinpoly
 .text.disk_timerproc
                0x08003094       0x50 /tmp/ccV3DAO9.ltrans1.ltrans.o
                0x08003094                disk_timerproc
 .text.disk_status
                0x080030e4       0x14 /tmp/ccV3DAO9.ltrans1.ltrans.o
                0x080030e4                disk_status
 .text.send_cmd.lto_priv.10
                0x080030f8       0xd4 /tmp/ccV3DAO9.ltrans1.ltrans.o
                0x080030f8                send_cmd.lto_priv.10
 .text.disk_write
                0x080031cc       0xb0 /tmp/ccV3DAO9.ltrans1.ltrans.o
                0x080031cc                disk_write
 .text.disk_initialize
                0x0800327c      0x164 /tmp/ccV3DAO9.ltrans1.ltrans.o
                0x0800327c                disk_initialize
 .text.rcvr_datablock
                0x080033e0       0x60 /tmp/ccV3DAO9.ltrans1.ltrans.o
                0x080033e0                rcvr_datablock
 .text.disk_ioctl
                0x08003440      0x2b0 /tmp/ccV3DAO9.ltrans1.ltrans.o
                0x08003440                disk_ioctl
 .text.disk_read
                0x080036f0       0xac /tmp/ccV3DAO9.ltrans1.ltrans.o
                0x080036f0                disk_read
 .text.ff_wtoupper
                0x0800379c       0x24 /tmp/ccV3DAO9.ltrans2.ltrans.o
 .text.crc_xmodem_update
                0x080037c0       0x28 /tmp/ccV3DAO9.ltrans2.ltrans.o
 .text.sum_sfn.lto_priv.25
                0x080037e8       0x1c /tmp/ccV3DAO9.ltrans2.ltrans.o
                0x080037e8                sum_sfn.lto_priv.25
 .text.fit_lfn.lto_priv.24
                0x08003804       0x64 /tmp/ccV3DAO9.ltrans2.ltrans.o
                0x08003804                fit_lfn.lto_priv.24
 .text.cmp_lfn.lto_priv.27
                0x08003868       0x9c /tmp/ccV3DAO9.ltrans2.ltrans.o
                0x08003868                cmp_lfn.lto_priv.27
 .text.clust2sect
                0x08003904       0x18 /tmp/ccV3DAO9.ltrans2.ltrans.o
                0x08003904                clust2sect
 .text.move_window.lto_priv.18
                0x0800391c       0x7c /tmp/ccV3DAO9.ltrans2.ltrans.o
                0x0800391c                move_window.lto_priv.18
 .text.put_fat  0x08003998      0x108 /tmp/ccV3DAO9.ltrans2.ltrans.o
                0x08003998                put_fat
 .text.get_fat  0x08003aa0       0xe8 /tmp/ccV3DAO9.ltrans2.ltrans.o
                0x08003aa0                get_fat
 .text.dir_sdi.lto_priv.20
                0x08003b88       0x94 /tmp/ccV3DAO9.ltrans2.ltrans.o
                0x08003b88                dir_sdi.lto_priv.20
 .text.create_chain.lto_priv.16
                0x08003c1c       0xac /tmp/ccV3DAO9.ltrans2.ltrans.o
                0x08003c1c                create_chain.lto_priv.16
 .text.remove_chain.lto_priv.11
                0x08003cc8       0x64 /tmp/ccV3DAO9.ltrans2.ltrans.o
                0x08003cc8                remove_chain.lto_priv.11
 .text.chk_chr.lto_priv.21
                0x08003d2c       0x10 /tmp/ccV3DAO9.ltrans2.ltrans.o
                0x08003d2c                chk_chr.lto_priv.21
 .text.mem_cmp.lto_priv.26
                0x08003d3c       0x24 /tmp/ccV3DAO9.ltrans2.ltrans.o
                0x08003d3c                mem_cmp.lto_priv.26
 .text.mem_set.lto_priv.22
                0x08003d60       0x10 /tmp/ccV3DAO9.ltrans2.ltrans.o
                0x08003d60                mem_set.lto_priv.22
 .text.dir_next.lto_priv.23
                0x08003d70      0x124 /tmp/ccV3DAO9.ltrans2.ltrans.o
                0x08003d70                dir_next.lto_priv.23
 .text.sync.lto_priv.17
                0x08003e94       0xb8 /tmp/ccV3DAO9.ltrans2.ltrans.o
                0x08003e94                sync.lto_priv.17
 .text.mem_cpy.lto_priv.19
                0x08003f4c       0x14 /tmp/ccV3DAO9.ltrans2.ltrans.o
                0x08003f4c                mem_cpy.lto_priv.19
 .text.gen_numname
                0x08003f60       0x88 /tmp/ccV3DAO9.ltrans2.ltrans.o
                0x08003f60                gen_numname
 .text.get_fattime
                0x08003fe8       0x44 /tmp/ccV3DAO9.ltrans2.ltrans.o
                0x08003fe8                get_fattime
 .text.ff_convert
                0x0800402c       0x40 /tmp/ccV3DAO9.ltrans2.ltrans.o
                0x0800402c                ff_convert
 .text.Delay    0x0800406c       0x20 /tmp/ccV3DAO9.ltrans2.ltrans.o
                0x0800406c                Delay
 .text.string_CRC16_checksum
                0x0800408c       0x28 /tmp/ccV3DAO9.ltrans2.ltrans.o
                0x0800408c                string_CRC16_checksum
 .text.Init_Dma_Buffer
                0x080040b4       0x14 /tmp/ccV3DAO9.ltrans2.ltrans.o
                0x080040b4                Init_Dma_Buffer
 .text.Init_Byte_Buffer
                0x080040c8       0x14 /tmp/ccV3DAO9.ltrans2.ltrans.o
                0x080040c8                Init_Byte_Buffer
 .text.Init_Buffer
                0x080040dc       0x14 /tmp/ccV3DAO9.ltrans2.ltrans.o
                0x080040dc                Init_Buffer
 .text.Bytes_In_DMA_Buffer
                0x080040f0       0x24 /tmp/ccV3DAO9.ltrans2.ltrans.o
                0x080040f0                Bytes_In_DMA_Buffer
 .text.Empty_Dma_Buffer
                0x08004114        0xc /tmp/ccV3DAO9.ltrans2.ltrans.o
                0x08004114                Empty_Dma_Buffer
 .text.Pop_From_Dma_Buffer
                0x08004120       0x28 /tmp/ccV3DAO9.ltrans2.ltrans.o
                0x08004120                Pop_From_Dma_Buffer
 .text.Pop_From_Byte_Buffer
                0x08004148       0x28 /tmp/ccV3DAO9.ltrans2.ltrans.o
                0x08004148                Pop_From_Byte_Buffer
 .text.Pop_From_Buffer
                0x08004170       0x2c /tmp/ccV3DAO9.ltrans2.ltrans.o
                0x08004170                Pop_From_Buffer
 .text.Get_From_Byte_Buffer
                0x0800419c       0x40 /tmp/ccV3DAO9.ltrans2.ltrans.o
                0x0800419c                Get_From_Byte_Buffer
 .text.Add_To_Byte_Buffer
                0x080041dc       0x4c /tmp/ccV3DAO9.ltrans2.ltrans.o
                0x080041dc                Add_To_Byte_Buffer
 .text.Add_To_Buffer
                0x08004228       0x50 /tmp/ccV3DAO9.ltrans2.ltrans.o
                0x08004228                Add_To_Buffer
 .text.SCSI_Format_Cmd
                0x08004278       0x14 /tmp/ccV3DAO9.ltrans2.ltrans.o
                0x08004278                SCSI_Format_Cmd
 .text.SCSI_Start_Stop_Unit_Cmd
                0x0800428c        0xc /tmp/ccV3DAO9.ltrans2.ltrans.o
                0x0800428c                SCSI_Start_Stop_Unit_Cmd
 .text.Set_Scsi_Sense_Data
                0x08004298        0xc /tmp/ccV3DAO9.ltrans2.ltrans.o
                0x08004298                Set_Scsi_Sense_Data
 .text.SCSI_Address_Management
                0x080042a4       0x7c /tmp/ccV3DAO9.ltrans2.ltrans.o
 .text.SCSI_Invalid_Cmd
                0x08004320       0x44 /tmp/ccV3DAO9.ltrans2.ltrans.o
                0x08004320                SCSI_Invalid_Cmd
 .text.SCSI_TestUnitReady_Cmd
                0x08004364       0x34 /tmp/ccV3DAO9.ltrans2.ltrans.o
                0x08004364                SCSI_TestUnitReady_Cmd
 .text.SCSI_Verify10_Cmd
                0x08004398       0x3c /tmp/ccV3DAO9.ltrans2.ltrans.o
                0x08004398                SCSI_Verify10_Cmd
 .text.SCSI_Write10_Cmd
                0x080043d4       0x68 /tmp/ccV3DAO9.ltrans2.ltrans.o
                0x080043d4                SCSI_Write10_Cmd
 .text.SCSI_Read10_Cmd
                0x0800443c       0x68 /tmp/ccV3DAO9.ltrans2.ltrans.o
                0x0800443c                SCSI_Read10_Cmd
 .text.SCSI_RequestSense_Cmd
                0x080044a4       0x1c /tmp/ccV3DAO9.ltrans2.ltrans.o
                0x080044a4                SCSI_RequestSense_Cmd
 .text.SCSI_ModeSense10_Cmd
                0x080044c0       0x10 /tmp/ccV3DAO9.ltrans2.ltrans.o
                0x080044c0                SCSI_ModeSense10_Cmd
 .text.SCSI_ModeSense6_Cmd
                0x080044d0       0x10 /tmp/ccV3DAO9.ltrans2.ltrans.o
                0x080044d0                SCSI_ModeSense6_Cmd
 .text.Get_Max_Lun
                0x080044e0       0x18 /tmp/ccV3DAO9.ltrans3.ltrans.o
 .text.MASS_Get_Interface_Setting
                0x080044f8       0x10 /tmp/ccV3DAO9.ltrans3.ltrans.o
 .text.MASS_Data_Setup
                0x08004508       0x4c /tmp/ccV3DAO9.ltrans3.ltrans.o
 .text.MASS_Status_Out
                0x08004554        0x4 /tmp/ccV3DAO9.ltrans3.ltrans.o
 .text.MASS_Status_In
                0x08004558        0x4 /tmp/ccV3DAO9.ltrans3.ltrans.o
 .text.Mass_Storage_SetDeviceAddress
                0x0800455c        0xc /tmp/ccV3DAO9.ltrans3.ltrans.o
 .text.IntToUnicode
                0x08004568       0x30 /tmp/ccV3DAO9.ltrans3.ltrans.o
 .text.Get_SerialNum
                0x08004598       0x38 /tmp/ccV3DAO9.ltrans3.ltrans.o
 .text.PowerOn  0x080045d0       0x28 /tmp/ccV3DAO9.ltrans3.ltrans.o
 .text.Leave_LowPowerMode
                0x080045f8       0x20 /tmp/ccV3DAO9.ltrans3.ltrans.o
 .text.Resume_Init
                0x08004618       0x20 /tmp/ccV3DAO9.ltrans3.ltrans.o
 .text.Resume   0x08004638       0xac /tmp/ccV3DAO9.ltrans3.ltrans.o
 .text.Enter_LowPowerMode
                0x080046e4        0xc /tmp/ccV3DAO9.ltrans3.ltrans.o
 .text.Suspend  0x080046f0       0x24 /tmp/ccV3DAO9.ltrans3.ltrans.o
 .text.MASS_GetStringDescriptor
                0x08004714       0x24 /tmp/ccV3DAO9.ltrans3.ltrans.o
 .text.MASS_GetConfigDescriptor
                0x08004738       0x10 /tmp/ccV3DAO9.ltrans3.ltrans.o
 .text.MASS_GetDeviceDescriptor
                0x08004748       0x10 /tmp/ccV3DAO9.ltrans3.ltrans.o
 .text.MASS_NoData_Setup
                0x08004758       0x58 /tmp/ccV3DAO9.ltrans3.ltrans.o
 .text.Mass_Storage_SetConfiguration
                0x080047b0       0x30 /tmp/ccV3DAO9.ltrans3.ltrans.o
 .text.MASS_Reset
                0x080047e0       0xe0 /tmp/ccV3DAO9.ltrans3.ltrans.o
 .text.MASS_init
                0x080048c0       0x24 /tmp/ccV3DAO9.ltrans3.ltrans.o
 .text.MAL_Read
                0x080048e4       0x2c /tmp/ccV3DAO9.ltrans3.ltrans.o
 .text.MAL_Write
                0x08004910       0x34 /tmp/ccV3DAO9.ltrans3.ltrans.o
 .text.MAL_Init
                0x08004944       0x4c /tmp/ccV3DAO9.ltrans3.ltrans.o
 .text.MAL_Config
                0x08004990        0xc /tmp/ccV3DAO9.ltrans3.ltrans.o
 .text.Get_UBX_Ack
                0x0800499c       0xac /tmp/ccV3DAO9.ltrans3.ltrans.o
 .text.USB_Istr
                0x08004a48       0xe0 /tmp/ccV3DAO9.ltrans3.ltrans.o
                0x08004a48                USB_Istr
 .text.Bot_Abort
                0x08004b28       0x38 /tmp/ccV3DAO9.ltrans3.ltrans.o
                0x08004b28                Bot_Abort
 .text.Mass_Storage_ClearFeature
                0x08004b60       0x1c /tmp/ccV3DAO9.ltrans3.ltrans.o
 .text.Set_CSW  0x08004b7c       0x38 /tmp/ccV3DAO9.ltrans3.ltrans.o
                0x08004b7c                Set_CSW
 .text.Mass_Storage_In
                0x08004bb4       0x60 /tmp/ccV3DAO9.ltrans3.ltrans.o
 .text.EP1_IN_Callback
                0x08004c14        0x8 /tmp/ccV3DAO9.ltrans3.ltrans.o
 .text.Transfer_Data_Request
                0x08004c1c       0x34 /tmp/ccV3DAO9.ltrans3.ltrans.o
                0x08004c1c                Transfer_Data_Request
 .text.SCSI_Inquiry_Cmd
                0x08004c50       0x40 /tmp/ccV3DAO9.ltrans3.ltrans.o
 .text.Write_Memory
                0x08004c90       0xcc /tmp/ccV3DAO9.ltrans3.ltrans.o
                0x08004c90                Write_Memory
 .text.Read_Memory
                0x08004d5c      0x110 /tmp/ccV3DAO9.ltrans3.ltrans.o
                0x08004d5c                Read_Memory
 .text.MAL_GetStatus
                0x08004e6c       0x48 /tmp/ccV3DAO9.ltrans3.ltrans.o
                0x08004e6c                MAL_GetStatus
 .text.SCSI_ReadCapacity10_Cmd
                0x08004eb4       0x88 /tmp/ccV3DAO9.ltrans3.ltrans.o
 .text.SCSI_ReadFormatCapacity_Cmd
                0x08004f3c       0x7c /tmp/ccV3DAO9.ltrans3.ltrans.o
 .text.CBW_Decode
                0x08004fb8      0x268 /tmp/ccV3DAO9.ltrans3.ltrans.o
 .text.Mass_Storage_Out
                0x08005220       0x80 /tmp/ccV3DAO9.ltrans3.ltrans.o
 .text.EP2_OUT_Callback
                0x080052a0        0x8 /tmp/ccV3DAO9.ltrans3.ltrans.o
 .text.USB_Interrupts_Config
                0x080052a8       0x3c /tmp/ccV3DAO9.ltrans3.ltrans.o
                0x080052a8                USB_Interrupts_Config
 .text.Set_USBClock
                0x080052e4       0x14 /tmp/ccV3DAO9.ltrans3.ltrans.o
                0x080052e4                Set_USBClock
 .text.Set_System
                0x080052f8        0x8 /tmp/ccV3DAO9.ltrans3.ltrans.o
                0x080052f8                Set_System
 .text.Config_Gps
                0x08005300       0xd0 /tmp/ccV3DAO9.ltrans3.ltrans.o
                0x08005300                Config_Gps
 .text.NVIC_SystemReset
                0x080053d0       0x1c /tmp/ccV3DAO9.ltrans4.ltrans.o
 *fill*         0x080053ec        0x4 
 .text.main     0x080053f0     0x1010 /tmp/ccV3DAO9.ltrans4.ltrans.o
                0x080053f0                main
 .text.SetSysClockTo48.lto_priv.0
                0x08006400       0xcc /tmp/ccV3DAO9.ltrans4.ltrans.o
                0x08006400                SetSysClockTo48.lto_priv.0
 .text.Realign_Axes
                0x080064cc       0x18 /tmp/ccV3DAO9.ltrans5.ltrans.o
 .text.I2C1_Setup_Job
                0x080064e4       0x14 /tmp/ccV3DAO9.ltrans5.ltrans.o
 .text.SetSysClock
                0x080064f8        0x8 /tmp/ccV3DAO9.ltrans5.ltrans.o
 .text.get_wkup
                0x08006500       0x10 /tmp/ccV3DAO9.ltrans5.ltrans.o
 .text.SystemInit
                0x08006510       0x44 /tmp/ccV3DAO9.ltrans5.ltrans.o
                0x08006510                SystemInit
 .text.__REVSH  0x08006554        0x4 /tmp/ccV3DAO9.ltrans5.ltrans.o
                0x08006554                __REVSH
 .text.USB_LP_CAN1_RX0_IRQHandler
                0x08006558        0x8 /tmp/ccV3DAO9.ltrans5.ltrans.o
                0x08006558                USB_LP_CAN1_RX0_IRQHandler
 .text.USB_HP_CAN1_TX_IRQHandler
                0x08006560        0x8 /tmp/ccV3DAO9.ltrans5.ltrans.o
                0x08006560                USB_HP_CAN1_TX_IRQHandler
 .text.ADC1_2_IRQHandler
                0x08006568       0x70 /tmp/ccV3DAO9.ltrans5.ltrans.o
                0x08006568                ADC1_2_IRQHandler
 .text.SysTick_Configuration
                0x080065d8       0x28 /tmp/ccV3DAO9.ltrans5.ltrans.o
                0x080065d8                SysTick_Configuration
 .text.ISR_Config
                0x08006600       0x94 /tmp/ccV3DAO9.ltrans5.ltrans.o
                0x08006600                ISR_Config
 .text.I2C_Config
                0x08006694      0x14c /tmp/ccV3DAO9.ltrans5.ltrans.o
                0x08006694                I2C_Config
 .text.I2C1_Request_Job
                0x080067e0       0x58 /tmp/ccV3DAO9.ltrans5.ltrans.o
                0x080067e0                I2C1_Request_Job
 .text.SysTick_Handler
                0x08006838      0x570 /tmp/ccV3DAO9.ltrans5.ltrans.o
                0x08006838                SysTick_Handler
 .text.I2C1_ER_IRQHandler
                0x08006da8      0x110 /tmp/ccV3DAO9.ltrans5.ltrans.o
                0x08006da8                I2C1_ER_IRQHandler
 .text.I2C1_EV_IRQHandler
                0x08006eb8      0x5ac /tmp/ccV3DAO9.ltrans5.ltrans.o
                0x08006eb8                I2C1_EV_IRQHandler
 .text.test_cutdown
                0x08007464       0x58 /tmp/ccV3DAO9.ltrans5.ltrans.o
                0x08007464                test_cutdown
 .text.setup_gpio
                0x080074bc      0x178 /tmp/ccV3DAO9.ltrans5.ltrans.o
                0x080074bc                setup_gpio
 .text.DMA_USART2_Configuration
                0x08007634       0x58 /tmp/ccV3DAO9.ltrans5.ltrans.o
                0x08007634                DMA_USART2_Configuration
 .text.struct_to_counter
                0x0800768c       0xac /tmp/ccV3DAO9.ltrans6.ltrans.o
 .text.counter_to_struct
                0x08007738       0xdc /tmp/ccV3DAO9.ltrans6.ltrans.o
 .text.isDST    0x08007814       0x38 /tmp/ccV3DAO9.ltrans6.ltrans.o
 .text.adjustDST
                0x0800784c       0x64 /tmp/ccV3DAO9.ltrans6.ltrans.o
 .text.my_RTC_SetCounter
                0x080078b0       0x20 /tmp/ccV3DAO9.ltrans6.ltrans.o
 .text.power_on.lto_priv.4
                0x080078d0      0x104 /tmp/ccV3DAO9.ltrans6.ltrans.o
                0x080078d0                power_on.lto_priv.4
 .text.stop_cmd
                0x080079d4        0xc /tmp/ccV3DAO9.ltrans6.ltrans.o
                0x080079d4                stop_cmd
 .text.wrapup_transaction
                0x080079e0       0x2c /tmp/ccV3DAO9.ltrans6.ltrans.o
                0x080079e0                wrapup_transaction
 .text.stm32_dma_transfer.lto_priv.7
                0x08007a0c       0xdc /tmp/ccV3DAO9.ltrans6.ltrans.o
                0x08007a0c                stm32_dma_transfer.lto_priv.7
 .text.stm32_spi_rw.lto_priv.6
                0x08007ae8       0x24 /tmp/ccV3DAO9.ltrans6.ltrans.o
                0x08007ae8                stm32_spi_rw.lto_priv.6
 .text.rcvr_spi.lto_priv.1
                0x08007b0c        0xc /tmp/ccV3DAO9.ltrans6.ltrans.o
                0x08007b0c                rcvr_spi.lto_priv.1
 .text.release_spi
                0x08007b18       0x18 /tmp/ccV3DAO9.ltrans6.ltrans.o
                0x08007b18                release_spi
 .text.wait_ready.lto_priv.2
                0x08007b30       0x24 /tmp/ccV3DAO9.ltrans6.ltrans.o
                0x08007b30                wait_ready.lto_priv.2
 .text.chk_power.lto_priv.3
                0x08007b54        0x4 /tmp/ccV3DAO9.ltrans6.ltrans.o
                0x08007b54                chk_power.lto_priv.3
 .text.interface_speed.lto_priv.5
                0x08007b58       0x2c /tmp/ccV3DAO9.ltrans6.ltrans.o
                0x08007b58                interface_speed.lto_priv.5
 .text.rtc_init
                0x08007b84       0xa4 /tmp/ccV3DAO9.ltrans6.ltrans.o
                0x08007b84                rtc_init
 .text.rtc_settime
                0x08007c28       0x28 /tmp/ccV3DAO9.ltrans6.ltrans.o
                0x08007c28                rtc_settime
 .text.rtc_gettime
                0x08007c50       0x24 /tmp/ccV3DAO9.ltrans6.ltrans.o
                0x08007c50                rtc_gettime
 .text.f_truncate
                0x08007c74       0x98 /tmp/ccV3DAO9.ltrans6.ltrans.o
                0x08007c74                f_truncate
 .text.f_stat   0x08007d0c       0x44 /tmp/ccV3DAO9.ltrans6.ltrans.o
                0x08007d0c                f_stat
 .text.f_lseek  0x08007d50      0x18c /tmp/ccV3DAO9.ltrans6.ltrans.o
                0x08007d50                f_lseek
 .text.f_sync   0x08007edc       0xac /tmp/ccV3DAO9.ltrans6.ltrans.o
                0x08007edc                f_sync
 .text.f_close  0x08007f88       0x14 /tmp/ccV3DAO9.ltrans6.ltrans.o
                0x08007f88                f_close
 .text.f_write  0x08007f9c      0x1dc /tmp/ccV3DAO9.ltrans6.ltrans.o
                0x08007f9c                f_write
 .text.f_putc   0x08008178       0x2c /tmp/ccV3DAO9.ltrans6.ltrans.o
 .text.f_puts   0x080081a4       0x24 /tmp/ccV3DAO9.ltrans6.ltrans.o
                0x080081a4                f_puts
 .text.f_read   0x080081c8      0x1a8 /tmp/ccV3DAO9.ltrans6.ltrans.o
                0x080081c8                f_read
 .text.check_fs
                0x08008370       0x90 /tmp/ccV3DAO9.ltrans7.ltrans.o
 .text.create_name
                0x08008400      0x214 /tmp/ccV3DAO9.ltrans7.ltrans.o
 .text.dir_find
                0x08008614       0xd0 /tmp/ccV3DAO9.ltrans7.ltrans.o
 .text.dir_register
                0x080086e4      0x168 /tmp/ccV3DAO9.ltrans7.ltrans.o
 .text.f_mount  0x0800884c       0x28 /tmp/ccV3DAO9.ltrans7.ltrans.o
                0x0800884c                f_mount
 .text.validate.lto_priv.12
                0x08008874       0x30 /tmp/ccV3DAO9.ltrans7.ltrans.o
                0x08008874                validate.lto_priv.12
 .text.chk_mounted.lto_priv.15
                0x080088a4      0x348 /tmp/ccV3DAO9.ltrans7.ltrans.o
                0x080088a4                chk_mounted.lto_priv.15
 .text.follow_path.lto_priv.14
                0x08008bec       0x8c /tmp/ccV3DAO9.ltrans7.ltrans.o
                0x08008bec                follow_path.lto_priv.14
 .text.f_open   0x08008c78      0x15c /tmp/ccV3DAO9.ltrans7.ltrans.o
                0x08008c78                f_open
 .text.get_fileinfo.lto_priv.13
                0x08008dd4       0xf8 /tmp/ccV3DAO9.ltrans7.ltrans.o
                0x08008dd4                get_fileinfo.lto_priv.13
 .text.Default_Usart_Config
                0x08008ecc       0x10 /tmp/ccV3DAO9.ltrans8.ltrans.o
 .text.__gps_send_char
                0x08008edc       0x1c /tmp/ccV3DAO9.ltrans8.ltrans.o
 .text.__usart_send_char
                0x08008ef8       0x1c /tmp/ccV3DAO9.ltrans8.ltrans.o
                0x08008ef8                __usart_send_char
 .text.Timer_RCC_Configuration
                0x08008f14       0x10 /tmp/ccV3DAO9.ltrans8.ltrans.o
 .text.__fat_print_char
                0x08008f24       0x24 /tmp/ccV3DAO9.ltrans8.ltrans.o
                0x08008f24                __fat_print_char
 .text.__str_print_char
                0x08008f48       0x40 /tmp/ccV3DAO9.ltrans8.ltrans.o
                0x08008f48                __str_print_char
 .text.Watchdog_Config
                0x08008f88       0x30 /tmp/ccV3DAO9.ltrans8.ltrans.o
                0x08008f88                Watchdog_Config
 .text.USART1_IRQHandler
                0x08008fb8       0x30 /tmp/ccV3DAO9.ltrans8.ltrans.o
                0x08008fb8                USART1_IRQHandler
 .text.Gps_Send_Str
                0x08008fe8       0x18 /tmp/ccV3DAO9.ltrans8.ltrans.o
                0x08008fe8                Gps_Send_Str
 .text.Gps_Send_Utf8
                0x08009000       0x1c /tmp/ccV3DAO9.ltrans8.ltrans.o
                0x08009000                Gps_Send_Utf8
 .text.Usart_Send_Str
                0x0800901c       0x18 /tmp/ccV3DAO9.ltrans8.ltrans.o
                0x0800901c                Usart_Send_Str
 .text.USART2_reconf
                0x08009034       0x44 /tmp/ccV3DAO9.ltrans8.ltrans.o
                0x08009034                USART2_reconf
 .text.Usarts_Init
                0x08009078       0xe0 /tmp/ccV3DAO9.ltrans8.ltrans.o
                0x08009078                Usarts_Init
 .text.shutdown_filesystem
                0x08009158       0xa8 /tmp/ccV3DAO9.ltrans8.ltrans.o
                0x08009158                shutdown_filesystem
 .text.disable_pin
                0x08009200        0xc /tmp/ccV3DAO9.ltrans8.ltrans.o
                0x08009200                disable_pin
 .text.shutdown
                0x0800920c       0x10 /tmp/ccV3DAO9.ltrans8.ltrans.o
                0x0800920c                shutdown
 .text.setuppwr
                0x0800921c       0x14 /tmp/ccV3DAO9.ltrans8.ltrans.o
                0x0800921c                setuppwr
 .text.PWM_Set  0x08009230       0x3c /tmp/ccV3DAO9.ltrans8.ltrans.o
                0x08009230                PWM_Set
 .text.Timer_GPIO_Disable
                0x0800926c       0x2c /tmp/ccV3DAO9.ltrans8.ltrans.o
                0x0800926c                Timer_GPIO_Disable
 .text.Timer_GPIO_Enable
                0x08009298       0x2c /tmp/ccV3DAO9.ltrans8.ltrans.o
                0x08009298                Timer_GPIO_Enable
 .text.Init_Timer
                0x080092c4       0x80 /tmp/ccV3DAO9.ltrans8.ltrans.o
                0x080092c4                Init_Timer
 .text.file_preallocation_control
                0x08009344       0x34 /tmp/ccV3DAO9.ltrans8.ltrans.o
                0x08009344                file_preallocation_control
 .text.detect_sensors
                0x08009378       0x74 /tmp/ccV3DAO9.ltrans8.ltrans.o
                0x08009378                detect_sensors
 .text.malloc   0x080093ec       0x10 /home/laurence/ARM-GCC/gcc-arm-none-eabi-4_9-2014q4/bin/../lib/gcc/arm-none-eabi/4.9.3/../../../../arm-none-eabi/lib/armv7-m/libg.a(lib_a-malloc.o)
                0x080093ec                malloc
 .text._malloc_r
                0x080093fc      0x504 /home/laurence/ARM-GCC/gcc-arm-none-eabi-4_9-2014q4/bin/../lib/gcc/arm-none-eabi/4.9.3/../../../../arm-none-eabi/lib/armv7-m/libg.a(lib_a-mallocr.o)
                0x080093fc                _malloc_r
 .text.memcmp   0x08009900       0x64 /home/laurence/ARM-GCC/gcc-arm-none-eabi-4_9-2014q4/bin/../lib/gcc/arm-none-eabi/4.9.3/../../../../arm-none-eabi/lib/armv7-m/libg.a(lib_a-memcmp.o)
                0x08009900                memcmp
 .text.__malloc_lock
                0x08009964        0x4 /home/laurence/ARM-GCC/gcc-arm-none-eabi-4_9-2014q4/bin/../lib/gcc/arm-none-eabi/4.9.3/../../../../arm-none-eabi/lib/armv7-m/libg.a(lib_a-mlock.o)
                0x08009964                __malloc_lock
 .text.__malloc_unlock
                0x08009968        0x4 /home/laurence/ARM-GCC/gcc-arm-none-eabi-4_9-2014q4/bin/../lib/gcc/arm-none-eabi/4.9.3/../../../../arm-none-eabi/lib/armv7-m/libg.a(lib_a-mlock.o)
                0x08009968                __malloc_unlock
 .text._sbrk_r  0x0800996c       0x24 /home/laurence/ARM-GCC/gcc-arm-none-eabi-4_9-2014q4/bin/../lib/gcc/arm-none-eabi/4.9.3/../../../../arm-none-eabi/lib/armv7-m/libg.a(lib_a-sbrkr.o)
                0x0800996c                _sbrk_r
 .text.strchr   0x08009990       0xcc /home/laurence/ARM-GCC/gcc-arm-none-eabi-4_9-2014q4/bin/../lib/gcc/arm-none-eabi/4.9.3/../../../../arm-none-eabi/lib/armv7-m/libg.a(lib_a-strchr.o)
                0x08009990                strchr
 .text.strlen   0x08009a5c       0x5c /home/laurence/ARM-GCC/gcc-arm-none-eabi-4_9-2014q4/bin/../lib/gcc/arm-none-eabi/4.9.3/../../../../arm-none-eabi/lib/armv7-m/libg.a(lib_a-strlen.o)
                0x08009a5c                strlen
 .text.strncmp  0x08009ab8       0x94 /home/laurence/ARM-GCC/gcc-arm-none-eabi-4_9-2014q4/bin/../lib/gcc/arm-none-eabi/4.9.3/../../../../arm-none-eabi/lib/armv7-m/libg.a(lib_a-strncmp.o)
                0x08009ab8                strncmp
 .text.strncpy  0x08009b4c       0x68 /home/laurence/ARM-GCC/gcc-arm-none-eabi-4_9-2014q4/bin/../lib/gcc/arm-none-eabi/4.9.3/../../../../arm-none-eabi/lib/armv7-m/libg.a(lib_a-strncpy.o)
                0x08009b4c                strncpy
 .text._malloc_trim_r
                0x08009bb4       0x9c /home/laurence/ARM-GCC/gcc-arm-none-eabi-4_9-2014q4/bin/../lib/gcc/arm-none-eabi/4.9.3/../../../../arm-none-eabi/lib/armv7-m/libg.a(lib_a-freer.o)
                0x08009bb4                _malloc_trim_r
 .text._free_r  0x08009c50      0x1b0 /home/laurence/ARM-GCC/gcc-arm-none-eabi-4_9-2014q4/bin/../lib/gcc/arm-none-eabi/4.9.3/../../../../arm-none-eabi/lib/armv7-m/libg.a(lib_a-freer.o)
                0x08009c50                _free_r
 .text.Reset_Handler
                0x08009e00       0x40 lib/CMSIS_CM3/startup/gcc/startup_stm32f10x_md.o
                0x08009e00                Reset_Handler
 .text.Default_Handler
                0x08009e40        0x2 lib/CMSIS_CM3/startup/gcc/startup_stm32f10x_md.o
                0x08009e40                EXTI2_IRQHandler
                0x08009e40                DebugMon_Handler
                0x08009e40                TIM1_CC_IRQHandler
                0x08009e40                HardFault_Handler
                0x08009e40                PVD_IRQHandler
                0x08009e40                PendSV_Handler
                0x08009e40                NMI_Handler
                0x08009e40                EXTI3_IRQHandler
                0x08009e40                I2C2_EV_IRQHandler
                0x08009e40                UsageFault_Handler
                0x08009e40                SPI1_IRQHandler
                0x08009e40                TAMPER_IRQHandler
                0x08009e40                DMA1_Channel4_IRQHandler
                0x08009e40                RTC_IRQHandler
                0x08009e40                DMA1_Channel7_IRQHandler
                0x08009e40                CAN1_RX1_IRQHandler
                0x08009e40                TIM4_IRQHandler
                0x08009e40                DMA1_Channel6_IRQHandler
                0x08009e40                TIM3_IRQHandler
                0x08009e40                RCC_IRQHandler
                0x08009e40                TIM1_TRG_COM_IRQHandler
                0x08009e40                DMA1_Channel1_IRQHandler
                0x08009e40                Default_Handler
                0x08009e40                EXTI9_5_IRQHandler
                0x08009e40                SPI2_IRQHandler
                0x08009e40                MemManage_Handler
                0x08009e40                SVC_Handler
                0x08009e40                DMA1_Channel5_IRQHandler
                0x08009e40                EXTI4_IRQHandler
                0x08009e40                DMA1_Channel3_IRQHandler
                0x08009e40                TIM1_UP_IRQHandler
                0x08009e40                WWDG_IRQHandler
                0x08009e40                TIM2_IRQHandler
                0x08009e40                TIM1_BRK_IRQHandler
                0x08009e40                EXTI1_IRQHandler
                0x08009e40                RTCAlarm_IRQHandler
                0x08009e40                USART2_IRQHandler
                0x08009e40                I2C2_ER_IRQHandler
                0x08009e40                CAN1_SCE_IRQHandler
                0x08009e40                FLASH_IRQHandler
                0x08009e40                BusFault_Handler
                0x08009e40                USBWakeUp_IRQHandler
 *fill*         0x08009e42        0x2 
 .text.NVIC_PriorityGroupConfig
                0x08009e44       0x14 lib/STM32F10x_StdPeriph_Driver/libstm32fw.a(misc.o)
                0x08009e44                NVIC_PriorityGroupConfig
 .text.NVIC_Init
                0x08009e58       0x6c lib/STM32F10x_StdPeriph_Driver/libstm32fw.a(misc.o)
                0x08009e58                NVIC_Init
 .text.NVIC_SetVectorTable
                0x08009ec4       0x14 lib/STM32F10x_StdPeriph_Driver/libstm32fw.a(misc.o)
                0x08009ec4                NVIC_SetVectorTable
 .text.SysTick_CLKSourceConfig
                0x08009ed8       0x18 lib/STM32F10x_StdPeriph_Driver/libstm32fw.a(misc.o)
                0x08009ed8                SysTick_CLKSourceConfig
 .text.ADC_DeInit
                0x08009ef0       0x5c lib/STM32F10x_StdPeriph_Driver/libstm32fw.a(stm32f10x_adc.o)
                0x08009ef0                ADC_DeInit
 .text.ADC_Init
                0x08009f4c       0x48 lib/STM32F10x_StdPeriph_Driver/libstm32fw.a(stm32f10x_adc.o)
                0x08009f4c                ADC_Init
 .text.ADC_Cmd  0x08009f94       0x12 lib/STM32F10x_StdPeriph_Driver/libstm32fw.a(stm32f10x_adc.o)
                0x08009f94                ADC_Cmd
 .text.ADC_ResetCalibration
                0x08009fa6        0xa lib/STM32F10x_StdPeriph_Driver/libstm32fw.a(stm32f10x_adc.o)
                0x08009fa6                ADC_ResetCalibration
 .text.ADC_GetResetCalibrationStatus
                0x08009fb0        0x8 lib/STM32F10x_StdPeriph_Driver/libstm32fw.a(stm32f10x_adc.o)
                0x08009fb0                ADC_GetResetCalibrationStatus
 .text.ADC_StartCalibration
                0x08009fb8        0xa lib/STM32F10x_StdPeriph_Driver/libstm32fw.a(stm32f10x_adc.o)
                0x08009fb8                ADC_StartCalibration
 .text.ADC_GetCalibrationStatus
                0x08009fc2        0x8 lib/STM32F10x_StdPeriph_Driver/libstm32fw.a(stm32f10x_adc.o)
                0x08009fc2                ADC_GetCalibrationStatus
 .text.ADC_SoftwareStartConvCmd
                0x08009fca       0x12 lib/STM32F10x_StdPeriph_Driver/libstm32fw.a(stm32f10x_adc.o)
                0x08009fca                ADC_SoftwareStartConvCmd
 .text.ADC_RegularChannelConfig
                0x08009fdc       0x84 lib/STM32F10x_StdPeriph_Driver/libstm32fw.a(stm32f10x_adc.o)
                0x08009fdc                ADC_RegularChannelConfig
 .text.ADC_GetConversionValue
                0x0800a060        0x6 lib/STM32F10x_StdPeriph_Driver/libstm32fw.a(stm32f10x_adc.o)
                0x0800a060                ADC_GetConversionValue
 .text.ADC_ExternalTrigInjectedConvConfig
                0x0800a066        0xc lib/STM32F10x_StdPeriph_Driver/libstm32fw.a(stm32f10x_adc.o)
                0x0800a066                ADC_ExternalTrigInjectedConvConfig
 .text.ADC_SoftwareStartInjectedConvCmd
                0x0800a072       0x12 lib/STM32F10x_StdPeriph_Driver/libstm32fw.a(stm32f10x_adc.o)
                0x0800a072                ADC_SoftwareStartInjectedConvCmd
 .text.ADC_InjectedChannelConfig
                0x0800a084       0x54 lib/STM32F10x_StdPeriph_Driver/libstm32fw.a(stm32f10x_adc.o)
                0x0800a084                ADC_InjectedChannelConfig
 .text.ADC_InjectedSequencerLengthConfig
                0x0800a0d8       0x10 lib/STM32F10x_StdPeriph_Driver/libstm32fw.a(stm32f10x_adc.o)
                0x0800a0d8                ADC_InjectedSequencerLengthConfig
 .text.ADC_GetInjectedConversionValue
                0x0800a0e8       0x1a lib/STM32F10x_StdPeriph_Driver/libstm32fw.a(stm32f10x_adc.o)
                0x0800a0e8                ADC_GetInjectedConversionValue
 .text.ADC_GetFlagStatus
                0x0800a102        0xc lib/STM32F10x_StdPeriph_Driver/libstm32fw.a(stm32f10x_adc.o)
                0x0800a102                ADC_GetFlagStatus
 .text.ADC_ClearFlag
                0x0800a10e        0x6 lib/STM32F10x_StdPeriph_Driver/libstm32fw.a(stm32f10x_adc.o)
                0x0800a10e                ADC_ClearFlag
 .text.ADC_GetITStatus
                0x0800a114       0x16 lib/STM32F10x_StdPeriph_Driver/libstm32fw.a(stm32f10x_adc.o)
                0x0800a114                ADC_GetITStatus
 .text.ADC_ClearITPendingBit
                0x0800a12a        0x8 lib/STM32F10x_StdPeriph_Driver/libstm32fw.a(stm32f10x_adc.o)
                0x0800a12a                ADC_ClearITPendingBit
 .text.BKP_DeInit
                0x0800a132       0x12 lib/STM32F10x_StdPeriph_Driver/libstm32fw.a(stm32f10x_bkp.o)
                0x0800a132                BKP_DeInit
 .text.BKP_RTCOutputConfig
                0x0800a144       0x18 lib/STM32F10x_StdPeriph_Driver/libstm32fw.a(stm32f10x_bkp.o)
                0x0800a144                BKP_RTCOutputConfig
 .text.BKP_SetRTCCalibrationValue
                0x0800a15c       0x18 lib/STM32F10x_StdPeriph_Driver/libstm32fw.a(stm32f10x_bkp.o)
                0x0800a15c                BKP_SetRTCCalibrationValue
 .text.BKP_WriteBackupRegister
                0x0800a174       0x1c lib/STM32F10x_StdPeriph_Driver/libstm32fw.a(stm32f10x_bkp.o)
                0x0800a174                BKP_WriteBackupRegister
 .text.BKP_ReadBackupRegister
                0x0800a190       0x20 lib/STM32F10x_StdPeriph_Driver/libstm32fw.a(stm32f10x_bkp.o)
                0x0800a190                BKP_ReadBackupRegister
 .text.DBGMCU_Config
                0x0800a1b0       0x18 lib/STM32F10x_StdPeriph_Driver/libstm32fw.a(stm32f10x_dbgmcu.o)
                0x0800a1b0                DBGMCU_Config
 .text.DMA_DeInit
                0x0800a1c8       0xf0 lib/STM32F10x_StdPeriph_Driver/libstm32fw.a(stm32f10x_dma.o)
                0x0800a1c8                DMA_DeInit
 .text.DMA_Init
                0x0800a2b8       0x3c lib/STM32F10x_StdPeriph_Driver/libstm32fw.a(stm32f10x_dma.o)
                0x0800a2b8                DMA_Init
 .text.DMA_Cmd  0x0800a2f4       0x12 lib/STM32F10x_StdPeriph_Driver/libstm32fw.a(stm32f10x_dma.o)
                0x0800a2f4                DMA_Cmd
 .text.DMA_ITConfig
                0x0800a306       0x10 lib/STM32F10x_StdPeriph_Driver/libstm32fw.a(stm32f10x_dma.o)
                0x0800a306                DMA_ITConfig
 .text.DMA_GetCurrDataCounter
                0x0800a316        0x6 lib/STM32F10x_StdPeriph_Driver/libstm32fw.a(stm32f10x_dma.o)
                0x0800a316                DMA_GetCurrDataCounter
 .text.DMA_GetFlagStatus
                0x0800a31c       0x1c lib/STM32F10x_StdPeriph_Driver/libstm32fw.a(stm32f10x_dma.o)
                0x0800a31c                DMA_GetFlagStatus
 .text.DMA_ClearFlag
                0x0800a338       0x14 lib/STM32F10x_StdPeriph_Driver/libstm32fw.a(stm32f10x_dma.o)
                0x0800a338                DMA_ClearFlag
 .text.DMA_GetITStatus
                0x0800a34c       0x1c lib/STM32F10x_StdPeriph_Driver/libstm32fw.a(stm32f10x_dma.o)
                0x0800a34c                DMA_GetITStatus
 .text.DMA_ClearITPendingBit
                0x0800a368       0x14 lib/STM32F10x_StdPeriph_Driver/libstm32fw.a(stm32f10x_dma.o)
                0x0800a368                DMA_ClearITPendingBit
 .text.EXTI_DeInit
                0x0800a37c       0x1c lib/STM32F10x_StdPeriph_Driver/libstm32fw.a(stm32f10x_exti.o)
                0x0800a37c                EXTI_DeInit
 .text.EXTI_Init
                0x0800a398       0x88 lib/STM32F10x_StdPeriph_Driver/libstm32fw.a(stm32f10x_exti.o)
                0x0800a398                EXTI_Init
 .text.EXTI_GetITStatus
                0x0800a420       0x1c lib/STM32F10x_StdPeriph_Driver/libstm32fw.a(stm32f10x_exti.o)
                0x0800a420                EXTI_GetITStatus
 .text.EXTI_ClearITPendingBit
                0x0800a43c        0xc lib/STM32F10x_StdPeriph_Driver/libstm32fw.a(stm32f10x_exti.o)
                0x0800a43c                EXTI_ClearITPendingBit
 .text.GPIO_Init
                0x0800a448       0x90 lib/STM32F10x_StdPeriph_Driver/libstm32fw.a(stm32f10x_gpio.o)
                0x0800a448                GPIO_Init
 .text.GPIO_ReadInputDataBit
                0x0800a4d8        0xc lib/STM32F10x_StdPeriph_Driver/libstm32fw.a(stm32f10x_gpio.o)
                0x0800a4d8                GPIO_ReadInputDataBit
 .text.GPIO_SetBits
                0x0800a4e4        0x4 lib/STM32F10x_StdPeriph_Driver/libstm32fw.a(stm32f10x_gpio.o)
                0x0800a4e4                GPIO_SetBits
 .text.GPIO_ResetBits
                0x0800a4e8        0x4 lib/STM32F10x_StdPeriph_Driver/libstm32fw.a(stm32f10x_gpio.o)
                0x0800a4e8                GPIO_ResetBits
 .text.GPIO_WriteBit
                0x0800a4ec        0xa lib/STM32F10x_StdPeriph_Driver/libstm32fw.a(stm32f10x_gpio.o)
                0x0800a4ec                GPIO_WriteBit
 *fill*         0x0800a4f6        0x2 
 .text.GPIO_PinRemapConfig
                0x0800a4f8       0x54 lib/STM32F10x_StdPeriph_Driver/libstm32fw.a(stm32f10x_gpio.o)
                0x0800a4f8                GPIO_PinRemapConfig
 .text.GPIO_EXTILineConfig
                0x0800a54c       0x2a lib/STM32F10x_StdPeriph_Driver/libstm32fw.a(stm32f10x_gpio.o)
                0x0800a54c                GPIO_EXTILineConfig
 *fill*         0x0800a576        0x2 
 .text.I2C_DeInit
                0x0800a578       0x34 lib/STM32F10x_StdPeriph_Driver/libstm32fw.a(stm32f10x_i2c.o)
                0x0800a578                I2C_DeInit
 .text.I2C_Init
                0x0800a5ac       0xd4 lib/STM32F10x_StdPeriph_Driver/libstm32fw.a(stm32f10x_i2c.o)
                0x0800a5ac                I2C_Init
 .text.I2C_Cmd  0x0800a680       0x18 lib/STM32F10x_StdPeriph_Driver/libstm32fw.a(stm32f10x_i2c.o)
                0x0800a680                I2C_Cmd
 .text.I2C_GenerateSTART
                0x0800a698       0x18 lib/STM32F10x_StdPeriph_Driver/libstm32fw.a(stm32f10x_i2c.o)
                0x0800a698                I2C_GenerateSTART
 .text.I2C_GenerateSTOP
                0x0800a6b0       0x18 lib/STM32F10x_StdPeriph_Driver/libstm32fw.a(stm32f10x_i2c.o)
                0x0800a6b0                I2C_GenerateSTOP
 .text.I2C_AcknowledgeConfig
                0x0800a6c8       0x18 lib/STM32F10x_StdPeriph_Driver/libstm32fw.a(stm32f10x_i2c.o)
                0x0800a6c8                I2C_AcknowledgeConfig
 .text.I2C_ITConfig
                0x0800a6e0       0x12 lib/STM32F10x_StdPeriph_Driver/libstm32fw.a(stm32f10x_i2c.o)
                0x0800a6e0                I2C_ITConfig
 .text.I2C_SendData
                0x0800a6f2        0x4 lib/STM32F10x_StdPeriph_Driver/libstm32fw.a(stm32f10x_i2c.o)
                0x0800a6f2                I2C_SendData
 .text.I2C_ReceiveData
                0x0800a6f6        0x6 lib/STM32F10x_StdPeriph_Driver/libstm32fw.a(stm32f10x_i2c.o)
                0x0800a6f6                I2C_ReceiveData
 .text.I2C_Send7bitAddress
                0x0800a6fc       0x12 lib/STM32F10x_StdPeriph_Driver/libstm32fw.a(stm32f10x_i2c.o)
                0x0800a6fc                I2C_Send7bitAddress
 .text.I2C_SoftwareResetCmd
                0x0800a70e       0x18 lib/STM32F10x_StdPeriph_Driver/libstm32fw.a(stm32f10x_i2c.o)
                0x0800a70e                I2C_SoftwareResetCmd
 *fill*         0x0800a726        0x2 
 .text.IWDG_WriteAccessCmd
                0x0800a728        0xc lib/STM32F10x_StdPeriph_Driver/libstm32fw.a(stm32f10x_iwdg.o)
                0x0800a728                IWDG_WriteAccessCmd
 .text.IWDG_SetPrescaler
                0x0800a734        0xc lib/STM32F10x_StdPeriph_Driver/libstm32fw.a(stm32f10x_iwdg.o)
                0x0800a734                IWDG_SetPrescaler
 .text.IWDG_SetReload
                0x0800a740        0xc lib/STM32F10x_StdPeriph_Driver/libstm32fw.a(stm32f10x_iwdg.o)
                0x0800a740                IWDG_SetReload
 .text.IWDG_ReloadCounter
                0x0800a74c       0x10 lib/STM32F10x_StdPeriph_Driver/libstm32fw.a(stm32f10x_iwdg.o)
                0x0800a74c                IWDG_ReloadCounter
 .text.IWDG_Enable
                0x0800a75c       0x10 lib/STM32F10x_StdPeriph_Driver/libstm32fw.a(stm32f10x_iwdg.o)
                0x0800a75c                IWDG_Enable
 .text.PWR_DeInit
                0x0800a76c       0x1a lib/STM32F10x_StdPeriph_Driver/libstm32fw.a(stm32f10x_pwr.o)
                0x0800a76c                PWR_DeInit
 *fill*         0x0800a786        0x2 
 .text.PWR_BackupAccessCmd
                0x0800a788        0xc lib/STM32F10x_StdPeriph_Driver/libstm32fw.a(stm32f10x_pwr.o)
                0x0800a788                PWR_BackupAccessCmd
 .text.PWR_WakeUpPinCmd
                0x0800a794        0xc lib/STM32F10x_StdPeriph_Driver/libstm32fw.a(stm32f10x_pwr.o)
                0x0800a794                PWR_WakeUpPinCmd
 .text.PWR_EnterSTANDBYMode
                0x0800a7a0       0x28 lib/STM32F10x_StdPeriph_Driver/libstm32fw.a(stm32f10x_pwr.o)
                0x0800a7a0                PWR_EnterSTANDBYMode
 .text.RCC_HCLKConfig
                0x0800a7c8       0x14 lib/STM32F10x_StdPeriph_Driver/libstm32fw.a(stm32f10x_rcc.o)
                0x0800a7c8                RCC_HCLKConfig
 .text.RCC_USBCLKConfig
                0x0800a7dc        0xc lib/STM32F10x_StdPeriph_Driver/libstm32fw.a(stm32f10x_rcc.o)
                0x0800a7dc                RCC_USBCLKConfig
 .text.RCC_ADCCLKConfig
                0x0800a7e8       0x14 lib/STM32F10x_StdPeriph_Driver/libstm32fw.a(stm32f10x_rcc.o)
                0x0800a7e8                RCC_ADCCLKConfig
 .text.RCC_LSEConfig
                0x0800a7fc       0x20 lib/STM32F10x_StdPeriph_Driver/libstm32fw.a(stm32f10x_rcc.o)
                0x0800a7fc                RCC_LSEConfig
 .text.RCC_RTCCLKConfig
                0x0800a81c       0x10 lib/STM32F10x_StdPeriph_Driver/libstm32fw.a(stm32f10x_rcc.o)
                0x0800a81c                RCC_RTCCLKConfig
 .text.RCC_RTCCLKCmd
                0x0800a82c        0xc lib/STM32F10x_StdPeriph_Driver/libstm32fw.a(stm32f10x_rcc.o)
                0x0800a82c                RCC_RTCCLKCmd
 .text.RCC_GetClocksFreq
                0x0800a838       0x94 lib/STM32F10x_StdPeriph_Driver/libstm32fw.a(stm32f10x_rcc.o)
                0x0800a838                RCC_GetClocksFreq
 .text.RCC_AHBPeriphClockCmd
                0x0800a8cc       0x18 lib/STM32F10x_StdPeriph_Driver/libstm32fw.a(stm32f10x_rcc.o)
                0x0800a8cc                RCC_AHBPeriphClockCmd
 .text.RCC_APB2PeriphClockCmd
                0x0800a8e4       0x18 lib/STM32F10x_StdPeriph_Driver/libstm32fw.a(stm32f10x_rcc.o)
                0x0800a8e4                RCC_APB2PeriphClockCmd
 .text.RCC_APB1PeriphClockCmd
                0x0800a8fc       0x18 lib/STM32F10x_StdPeriph_Driver/libstm32fw.a(stm32f10x_rcc.o)
                0x0800a8fc                RCC_APB1PeriphClockCmd
 .text.RCC_APB2PeriphResetCmd
                0x0800a914       0x18 lib/STM32F10x_StdPeriph_Driver/libstm32fw.a(stm32f10x_rcc.o)
                0x0800a914                RCC_APB2PeriphResetCmd
 .text.RCC_APB1PeriphResetCmd
                0x0800a92c       0x18 lib/STM32F10x_StdPeriph_Driver/libstm32fw.a(stm32f10x_rcc.o)
                0x0800a92c                RCC_APB1PeriphResetCmd
 .text.RCC_BackupResetCmd
                0x0800a944        0xc lib/STM32F10x_StdPeriph_Driver/libstm32fw.a(stm32f10x_rcc.o)
                0x0800a944                RCC_BackupResetCmd
 .text.RCC_GetFlagStatus
                0x0800a950       0x28 lib/STM32F10x_StdPeriph_Driver/libstm32fw.a(stm32f10x_rcc.o)
                0x0800a950                RCC_GetFlagStatus
 .text.RTC_EnterConfigMode
                0x0800a978       0x14 lib/STM32F10x_StdPeriph_Driver/libstm32fw.a(stm32f10x_rtc.o)
                0x0800a978                RTC_EnterConfigMode
 .text.RTC_ExitConfigMode
                0x0800a98c       0x14 lib/STM32F10x_StdPeriph_Driver/libstm32fw.a(stm32f10x_rtc.o)
                0x0800a98c                RTC_ExitConfigMode
 .text.RTC_GetCounter
                0x0800a9a0       0x14 lib/STM32F10x_StdPeriph_Driver/libstm32fw.a(stm32f10x_rtc.o)
                0x0800a9a0                RTC_GetCounter
 .text.RTC_SetCounter
                0x0800a9b4       0x20 lib/STM32F10x_StdPeriph_Driver/libstm32fw.a(stm32f10x_rtc.o)
                0x0800a9b4                RTC_SetCounter
 .text.RTC_SetPrescaler
                0x0800a9d4       0x20 lib/STM32F10x_StdPeriph_Driver/libstm32fw.a(stm32f10x_rtc.o)
                0x0800a9d4                RTC_SetPrescaler
 .text.RTC_WaitForLastTask
                0x0800a9f4       0x10 lib/STM32F10x_StdPeriph_Driver/libstm32fw.a(stm32f10x_rtc.o)
                0x0800a9f4                RTC_WaitForLastTask
 .text.RTC_WaitForSynchro
                0x0800aa04       0x1c lib/STM32F10x_StdPeriph_Driver/libstm32fw.a(stm32f10x_rtc.o)
                0x0800aa04                RTC_WaitForSynchro
 .text.SPI_I2S_DeInit
                0x0800aa20       0x64 lib/STM32F10x_StdPeriph_Driver/libstm32fw.a(stm32f10x_spi.o)
                0x0800aa20                SPI_I2S_DeInit
 .text.SPI_Init
                0x0800aa84       0x3e lib/STM32F10x_StdPeriph_Driver/libstm32fw.a(stm32f10x_spi.o)
                0x0800aa84                SPI_Init
 .text.SPI_Cmd  0x0800aac2       0x18 lib/STM32F10x_StdPeriph_Driver/libstm32fw.a(stm32f10x_spi.o)
                0x0800aac2                SPI_Cmd
 .text.SPI_I2S_DMACmd
                0x0800aada       0x12 lib/STM32F10x_StdPeriph_Driver/libstm32fw.a(stm32f10x_spi.o)
                0x0800aada                SPI_I2S_DMACmd
 .text.SPI_I2S_SendData
                0x0800aaec        0x4 lib/STM32F10x_StdPeriph_Driver/libstm32fw.a(stm32f10x_spi.o)
                0x0800aaec                SPI_I2S_SendData
 .text.SPI_I2S_ReceiveData
                0x0800aaf0        0x6 lib/STM32F10x_StdPeriph_Driver/libstm32fw.a(stm32f10x_spi.o)
                0x0800aaf0                SPI_I2S_ReceiveData
 .text.SPI_CalculateCRC
                0x0800aaf6       0x18 lib/STM32F10x_StdPeriph_Driver/libstm32fw.a(stm32f10x_spi.o)
                0x0800aaf6                SPI_CalculateCRC
 .text.SPI_I2S_GetFlagStatus
                0x0800ab0e        0xc lib/STM32F10x_StdPeriph_Driver/libstm32fw.a(stm32f10x_spi.o)
                0x0800ab0e                SPI_I2S_GetFlagStatus
 *fill*         0x0800ab1a        0x2 
 .text.TIM_TimeBaseInit
                0x0800ab1c       0x3c lib/STM32F10x_StdPeriph_Driver/libstm32fw.a(stm32f10x_tim.o)
                0x0800ab1c                TIM_TimeBaseInit
 .text.TIM_OC1Init
                0x0800ab58       0x74 lib/STM32F10x_StdPeriph_Driver/libstm32fw.a(stm32f10x_tim.o)
                0x0800ab58                TIM_OC1Init
 .text.TIM_Cmd  0x0800abcc       0x18 lib/STM32F10x_StdPeriph_Driver/libstm32fw.a(stm32f10x_tim.o)
                0x0800abcc                TIM_Cmd
 .text.TIM_CtrlPWMOutputs
                0x0800abe4       0x1c lib/STM32F10x_StdPeriph_Driver/libstm32fw.a(stm32f10x_tim.o)
                0x0800abe4                TIM_CtrlPWMOutputs
 .text.TIM_ARRPreloadConfig
                0x0800ac00       0x18 lib/STM32F10x_StdPeriph_Driver/libstm32fw.a(stm32f10x_tim.o)
                0x0800ac00                TIM_ARRPreloadConfig
 .text.TIM_OC1PreloadConfig
                0x0800ac18       0x10 lib/STM32F10x_StdPeriph_Driver/libstm32fw.a(stm32f10x_tim.o)
                0x0800ac18                TIM_OC1PreloadConfig
 .text.TIM_SetCompare1
                0x0800ac28        0x4 lib/STM32F10x_StdPeriph_Driver/libstm32fw.a(stm32f10x_tim.o)
                0x0800ac28                TIM_SetCompare1
 .text.USART_DeInit
                0x0800ac2c       0x98 lib/STM32F10x_StdPeriph_Driver/libstm32fw.a(stm32f10x_usart.o)
                0x0800ac2c                USART_DeInit
 .text.USART_Init
                0x0800acc4       0x88 lib/STM32F10x_StdPeriph_Driver/libstm32fw.a(stm32f10x_usart.o)
                0x0800acc4                USART_Init
 .text.USART_Cmd
                0x0800ad4c       0x18 lib/STM32F10x_StdPeriph_Driver/libstm32fw.a(stm32f10x_usart.o)
                0x0800ad4c                USART_Cmd
 .text.USART_ITConfig
                0x0800ad64       0x32 lib/STM32F10x_StdPeriph_Driver/libstm32fw.a(stm32f10x_usart.o)
                0x0800ad64                USART_ITConfig
 .text.USART_DMACmd
                0x0800ad96       0x12 lib/STM32F10x_StdPeriph_Driver/libstm32fw.a(stm32f10x_usart.o)
                0x0800ad96                USART_DMACmd
 .text.USART_SendData
                0x0800ada8        0x8 lib/STM32F10x_StdPeriph_Driver/libstm32fw.a(stm32f10x_usart.o)
                0x0800ada8                USART_SendData
 .text.USART_ReceiveData
                0x0800adb0        0x8 lib/STM32F10x_StdPeriph_Driver/libstm32fw.a(stm32f10x_usart.o)
                0x0800adb0                USART_ReceiveData
 .text.USART_GetFlagStatus
                0x0800adb8        0xc lib/STM32F10x_StdPeriph_Driver/libstm32fw.a(stm32f10x_usart.o)
                0x0800adb8                USART_GetFlagStatus
 .text.USART_GetITStatus
                0x0800adc4       0x3e lib/STM32F10x_StdPeriph_Driver/libstm32fw.a(stm32f10x_usart.o)
                0x0800adc4                USART_GetITStatus
 .text.USART_ClearITPendingBit
                0x0800ae02        0xe lib/STM32F10x_StdPeriph_Driver/libstm32fw.a(stm32f10x_usart.o)
                0x0800ae02                USART_ClearITPendingBit
 .text.Standard_GetConfiguration
                0x0800ae10       0x24 lib/STM32_USB-FS-Device_Driver/libstm32usb.a(usb_core.o)
                0x0800ae10                Standard_GetConfiguration
 .text.Standard_GetInterface
                0x0800ae34       0x24 lib/STM32_USB-FS-Device_Driver/libstm32usb.a(usb_core.o)
                0x0800ae34                Standard_GetInterface
 .text.Standard_GetStatus
                0x0800ae58       0x90 lib/STM32_USB-FS-Device_Driver/libstm32usb.a(usb_core.o)
                0x0800ae58                Standard_GetStatus
 .text.DataStageIn
                0x0800aee8       0xac lib/STM32_USB-FS-Device_Driver/libstm32usb.a(usb_core.o)
 .text.Standard_SetConfiguration
                0x0800af94       0x38 lib/STM32_USB-FS-Device_Driver/libstm32usb.a(usb_core.o)
                0x0800af94                Standard_SetConfiguration
 .text.Standard_SetInterface
                0x0800afcc       0x48 lib/STM32_USB-FS-Device_Driver/libstm32usb.a(usb_core.o)
                0x0800afcc                Standard_SetInterface
 .text.Standard_ClearFeature
                0x0800b014       0xd8 lib/STM32_USB-FS-Device_Driver/libstm32usb.a(usb_core.o)
                0x0800b014                Standard_ClearFeature
 .text.Standard_SetEndPointFeature
                0x0800b0ec       0x8c lib/STM32_USB-FS-Device_Driver/libstm32usb.a(usb_core.o)
                0x0800b0ec                Standard_SetEndPointFeature
 .text.Standard_SetDeviceFeature
                0x0800b178       0x24 lib/STM32_USB-FS-Device_Driver/libstm32usb.a(usb_core.o)
                0x0800b178                Standard_SetDeviceFeature
 .text.Standard_GetDescriptorData
                0x0800b19c       0x1c lib/STM32_USB-FS-Device_Driver/libstm32usb.a(usb_core.o)
                0x0800b19c                Standard_GetDescriptorData
 .text.Post0_Process
                0x0800b1b8       0x44 lib/STM32_USB-FS-Device_Driver/libstm32usb.a(usb_core.o)
                0x0800b1b8                Post0_Process
 .text.Setup0_Process
                0x0800b1fc      0x2dc lib/STM32_USB-FS-Device_Driver/libstm32usb.a(usb_core.o)
                0x0800b1fc                Setup0_Process
 .text.Out0_Process
                0x0800b4d8       0xcc lib/STM32_USB-FS-Device_Driver/libstm32usb.a(usb_core.o)
                0x0800b4d8                Out0_Process
 .text.SetDeviceAddress
                0x0800b5a4       0x40 lib/STM32_USB-FS-Device_Driver/libstm32usb.a(usb_core.o)
                0x0800b5a4                SetDeviceAddress
 .text.In0_Process
                0x0800b5e4       0x5c lib/STM32_USB-FS-Device_Driver/libstm32usb.a(usb_core.o)
                0x0800b5e4                In0_Process
 .text.NOP_Process
                0x0800b640        0x2 lib/STM32_USB-FS-Device_Driver/libstm32usb.a(usb_core.o)
                0x0800b640                NOP_Process
 *fill*         0x0800b642        0x2 
 .text.USB_Init
                0x0800b644       0x34 lib/STM32_USB-FS-Device_Driver/libstm32usb.a(usb_init.o)
                0x0800b644                USB_Init
 .text.CTR_LP   0x0800b678      0x170 lib/STM32_USB-FS-Device_Driver/libstm32usb.a(usb_int.o)
                0x0800b678                CTR_LP
 .text.CTR_HP   0x0800b7e8       0x74 lib/STM32_USB-FS-Device_Driver/libstm32usb.a(usb_int.o)
                0x0800b7e8                CTR_HP
 .text.UserToPMABufferCopy
                0x0800b85c       0x30 lib/STM32_USB-FS-Device_Driver/libstm32usb.a(usb_mem.o)
                0x0800b85c                UserToPMABufferCopy
 .text.PMAToUserBufferCopy
                0x0800b88c       0x24 lib/STM32_USB-FS-Device_Driver/libstm32usb.a(usb_mem.o)
                0x0800b88c                PMAToUserBufferCopy
 .text.SetBTABLE
                0x0800b8b0       0x10 lib/STM32_USB-FS-Device_Driver/libstm32usb.a(usb_regs.o)
                0x0800b8b0                SetBTABLE
 .text.SetEPType
                0x0800b8c0       0x1c lib/STM32_USB-FS-Device_Driver/libstm32usb.a(usb_regs.o)
                0x0800b8c0                SetEPType
 .text.SetEPTxStatus
                0x0800b8dc       0x32 lib/STM32_USB-FS-Device_Driver/libstm32usb.a(usb_regs.o)
                0x0800b8dc                SetEPTxStatus
 .text.SetEPRxStatus
                0x0800b90e       0x32 lib/STM32_USB-FS-Device_Driver/libstm32usb.a(usb_regs.o)
                0x0800b90e                SetEPRxStatus
 .text.SetEPRxValid
                0x0800b940       0x26 lib/STM32_USB-FS-Device_Driver/libstm32usb.a(usb_regs.o)
                0x0800b940                SetEPRxValid
 .text.Clear_Status_Out
                0x0800b966       0x20 lib/STM32_USB-FS-Device_Driver/libstm32usb.a(usb_regs.o)
                0x0800b966                Clear_Status_Out
 .text.ClearDTOG_RX
                0x0800b986       0x26 lib/STM32_USB-FS-Device_Driver/libstm32usb.a(usb_regs.o)
                0x0800b986                ClearDTOG_RX
 .text.ClearDTOG_TX
                0x0800b9ac       0x26 lib/STM32_USB-FS-Device_Driver/libstm32usb.a(usb_regs.o)
                0x0800b9ac                ClearDTOG_TX
 *fill*         0x0800b9d2        0x2 
 .text.SetEPTxAddr
                0x0800b9d4       0x20 lib/STM32_USB-FS-Device_Driver/libstm32usb.a(usb_regs.o)
                0x0800b9d4                SetEPTxAddr
 .text.SetEPRxAddr
                0x0800b9f4       0x20 lib/STM32_USB-FS-Device_Driver/libstm32usb.a(usb_regs.o)
                0x0800b9f4                SetEPRxAddr
 .text.GetEPTxAddr
                0x0800ba14       0x20 lib/STM32_USB-FS-Device_Driver/libstm32usb.a(usb_regs.o)
                0x0800ba14                GetEPTxAddr
 .text.GetEPRxAddr
                0x0800ba34       0x20 lib/STM32_USB-FS-Device_Driver/libstm32usb.a(usb_regs.o)
                0x0800ba34                GetEPRxAddr
 .text.SetEPTxCount
                0x0800ba54       0x1c lib/STM32_USB-FS-Device_Driver/libstm32usb.a(usb_regs.o)
                0x0800ba54                SetEPTxCount
 .text.SetEPRxCount
                0x0800ba70       0x40 lib/STM32_USB-FS-Device_Driver/libstm32usb.a(usb_regs.o)
                0x0800ba70                SetEPRxCount
 .text.GetEPRxCount
                0x0800bab0       0x20 lib/STM32_USB-FS-Device_Driver/libstm32usb.a(usb_regs.o)
                0x0800bab0                GetEPRxCount
 .text.ByteSwap
                0x0800bad0        0xa lib/STM32_USB-FS-Device_Driver/libstm32usb.a(usb_regs.o)
                0x0800bad0                ByteSwap
 *fill*         0x0800bada        0x2 
 .text.USB_SIL_Init
                0x0800badc       0x20 lib/STM32_USB-FS-Device_Driver/libstm32usb.a(usb_sil.o)
                0x0800badc                USB_SIL_Init
 .text.USB_SIL_Write
                0x0800bafc       0x28 lib/STM32_USB-FS-Device_Driver/libstm32usb.a(usb_sil.o)
                0x0800bafc                USB_SIL_Write
 .text.USB_SIL_Read
                0x0800bb24       0x24 lib/STM32_USB-FS-Device_Driver/libstm32usb.a(usb_sil.o)
                0x0800bb24                USB_SIL_Read
 .text.memset   0x0800bb48       0x9c /home/laurence/ARM-GCC/gcc-arm-none-eabi-4_9-2014q4/bin/../lib/gcc/arm-none-eabi/4.9.3/../../../../arm-none-eabi/lib/armv7-m/libg.a(lib_a-memset.o)
                0x0800bb48                memset
 .text._sbrk    0x0800bbe4       0x1c /home/laurence/ARM-GCC/gcc-arm-none-eabi-4_9-2014q4/bin/../lib/gcc/arm-none-eabi/4.9.3/../../../../arm-none-eabi/lib/armv7-m/libnosys.a(sbrk.o)
                0x0800bbe4                _sbrk
 *(.rodata)
 .rodata        0x0800bc00       0xd0 /tmp/ccV3DAO9.ltrans0.ltrans.o
 .rodata        0x0800bcd0      0x4d0 /tmp/ccV3DAO9.ltrans2.ltrans.o
 .rodata        0x0800c1a0      0x11c /tmp/ccV3DAO9.ltrans3.ltrans.o
 .rodata        0x0800c2bc       0x50 /tmp/ccV3DAO9.ltrans4.ltrans.o
 .rodata        0x0800c30c        0xc /tmp/ccV3DAO9.ltrans6.ltrans.o
 .rodata        0x0800c318       0x80 /tmp/ccV3DAO9.ltrans7.ltrans.o
 *(.rodata*)
 .rodata.str1.4
                0x0800c398        0x6 /tmp/ccV3DAO9.ltrans1.ltrans.o
                                  0x8 (size before relaxing)
 *fill*         0x0800c39e        0x2 
 .rodata.MASS_DeviceDescriptor
                0x0800c3a0       0x14 /tmp/ccV3DAO9.ltrans3.ltrans.o
 .rodata.str1.4
                0x0800c3b4      0x117 /tmp/ccV3DAO9.ltrans3.ltrans.o
                                0x118 (size before relaxing)
 *fill*         0x0800c4cb        0x1 
 .rodata.str1.4
                0x0800c4cc      0x325 /tmp/ccV3DAO9.ltrans4.ltrans.o
                                0x32c (size before relaxing)
 *fill*         0x0800c7f1        0x3 
 .rodata.L3GD20_setup
                0x0800c7f4        0x8 /tmp/ccV3DAO9.ltrans5.ltrans.o
 .rodata.str1.4
                0x0800c7fc       0x13 /tmp/ccV3DAO9.ltrans7.ltrans.o
                                 0x14 (size before relaxing)
 *fill*         0x0800c80f        0x1 
 .rodata.str1.4
                0x0800c810       0x4c /tmp/ccV3DAO9.ltrans8.ltrans.o
 .rodata.str1.4
                0x0800c85c        0x2 /home/laurence/ARM-GCC/gcc-arm-none-eabi-4_9-2014q4/bin/../lib/gcc/arm-none-eabi/4.9.3/../../../../arm-none-eabi/lib/armv7-m/libg.a(lib_a-impure.o)
                                  0x4 (size before relaxing)
 *(.glue_7)
 .glue_7        0x00000000        0x0 linker stubs
 *(.glue_7t)
 .glue_7t       0x00000000        0x0 linker stubs
 *(.init)
 *fill*         0x0800c85e        0x2 
 .init          0x0800c860        0x4 /home/laurence/ARM-GCC/gcc-arm-none-eabi-4_9-2014q4/bin/../lib/gcc/arm-none-eabi/4.9.3/armv7-m/crti.o
                0x0800c860                _init
 .init          0x0800c864        0x8 /home/laurence/ARM-GCC/gcc-arm-none-eabi-4_9-2014q4/bin/../lib/gcc/arm-none-eabi/4.9.3/armv7-m/crtn.o
 *(.fini)
 .fini          0x0800c86c        0x4 /home/laurence/ARM-GCC/gcc-arm-none-eabi-4_9-2014q4/bin/../lib/gcc/arm-none-eabi/4.9.3/armv7-m/crti.o
                0x0800c86c                _fini
 .fini          0x0800c870        0x8 /home/laurence/ARM-GCC/gcc-arm-none-eabi-4_9-2014q4/bin/../lib/gcc/arm-none-eabi/4.9.3/armv7-m/crtn.o
                0x0800c878                . = ALIGN (0x4)
                0x0800c878                _etext = .
                0x0800c878                _sidata = _etext

.vfp11_veneer   0x0800c878        0x0
 .vfp11_veneer  0x00000000        0x0 linker stubs

.v4_bx          0x0800c878        0x0
 .v4_bx         0x00000000        0x0 linker stubs

.iplt           0x0800c878        0x0
 .iplt          0x00000000        0x0 /home/laurence/ARM-GCC/gcc-arm-none-eabi-4_9-2014q4/bin/../lib/gcc/arm-none-eabi/4.9.3/armv7-m/crtbegin.o

.rel.dyn        0x0800c878        0x0
 .rel.iplt      0x00000000        0x0 /home/laurence/ARM-GCC/gcc-arm-none-eabi-4_9-2014q4/bin/../lib/gcc/arm-none-eabi/4.9.3/armv7-m/crtbegin.o

.flashpatch     0x00000000        0x0
                0x00000000                . = ALIGN (0x4)
 *(.flashpatch)
                0x00000000                . = ALIGN (0x4)

.endflash       0x00000000        0x0
                0x00000000                . = ALIGN (0x4)
 *(.endflash)
                0x00000000                . = ALIGN (0x4)
                0x00000000                _e_endflash = .

.data           0x20000000      0x9dc load address 0x0800c878
                0x20000000                . = ALIGN (0x4)
                0x20000000                _sdata = .
                0x20000000                _data = .
 *(.data)
 .data          0x20000000        0x8 /tmp/ccV3DAO9.ltrans0.ltrans.o
                0x20000004                Device_Table
 .data          0x20000008        0x1 /tmp/ccV3DAO9.ltrans1.ltrans.o
 *fill*         0x20000009        0x3 
 .data          0x2000000c       0x20 /tmp/ccV3DAO9.ltrans2.ltrans.o
 .data          0x2000002c      0x138 /tmp/ccV3DAO9.ltrans3.ltrans.o
                0x20000080                Device_Property
                0x20000108                pEpInt_IN
                0x20000124                pEpInt_OUT
                0x20000140                User_Standard_Requests
 .data          0x20000164       0x20 /tmp/ccV3DAO9.ltrans5.ltrans.o
 .data          0x20000184        0x4 /tmp/ccV3DAO9.ltrans6.ltrans.o
 *(.data.*)
 .data.__malloc_av_
                0x20000188      0x408 /home/laurence/ARM-GCC/gcc-arm-none-eabi-4_9-2014q4/bin/../lib/gcc/arm-none-eabi/4.9.3/../../../../arm-none-eabi/lib/armv7-m/libg.a(lib_a-mallocr.o)
                0x20000188                __malloc_av_
 .data.__malloc_trim_threshold
                0x20000590        0x4 /home/laurence/ARM-GCC/gcc-arm-none-eabi-4_9-2014q4/bin/../lib/gcc/arm-none-eabi/4.9.3/../../../../arm-none-eabi/lib/armv7-m/libg.a(lib_a-mallocr.o)
                0x20000590                __malloc_trim_threshold
 .data.__malloc_sbrk_base
                0x20000594        0x4 /home/laurence/ARM-GCC/gcc-arm-none-eabi-4_9-2014q4/bin/../lib/gcc/arm-none-eabi/4.9.3/../../../../arm-none-eabi/lib/armv7-m/libg.a(lib_a-mallocr.o)
                0x20000594                __malloc_sbrk_base
 .data.ADCPrescTable
                0x20000598        0x4 lib/STM32F10x_StdPeriph_Driver/libstm32fw.a(stm32f10x_rcc.o)
 .data.APBAHBPrescTable
                0x2000059c       0x10 lib/STM32F10x_StdPeriph_Driver/libstm32fw.a(stm32f10x_rcc.o)
 *fill*         0x200005ac        0x4 
 .data.impure_data
                0x200005b0      0x428 /home/laurence/ARM-GCC/gcc-arm-none-eabi-4_9-2014q4/bin/../lib/gcc/arm-none-eabi/4.9.3/../../../../arm-none-eabi/lib/armv7-m/libg.a(lib_a-impure.o)
 .data._impure_ptr
                0x200009d8        0x4 /home/laurence/ARM-GCC/gcc-arm-none-eabi-4_9-2014q4/bin/../lib/gcc/arm-none-eabi/4.9.3/../../../../arm-none-eabi/lib/armv7-m/libg.a(lib_a-impure.o)
                0x200009d8                _impure_ptr
 *(.RAMtext)
                0x200009dc                . = ALIGN (0x4)
                0x200009dc                _edata = .
                0x0800d254                _eidata = (_sidata + (_edata - _sdata))
                0x08020000                _lastdataromaddress = (ORIGIN (FLASH) + 0x20000)
                0x00000000                toobig = (_eidata > _lastdataromaddress)?!!!!!!!!! FLASH IS FULL !!!!!!!!!:0x0

.igot.plt       0x200009dc        0x0 load address 0x0800d254
 .igot.plt      0x00000000        0x0 /home/laurence/ARM-GCC/gcc-arm-none-eabi-4_9-2014q4/bin/../lib/gcc/arm-none-eabi/4.9.3/armv7-m/crtbegin.o

.bss            0x200009e0      0xf68 load address 0x0800d258
                0x200009e0                . = ALIGN (0x4)
                0x200009e0                _sbss = .
                0x200009e0                _bss = .
 *(.bss)
 .bss           0x200009e0       0x9c /tmp/ccV3DAO9.ltrans0.ltrans.o
 .bss           0x20000a7c       0x94 /tmp/ccV3DAO9.ltrans1.ltrans.o
                0x20000b00                Timer1.lto_priv.8
                0x20000b04                Timer2.lto_priv.9
                0x20000b0d                Sd_Spi_Called_From_USB_MSC
 .bss           0x20000b10       0x34 /tmp/ccV3DAO9.ltrans2.ltrans.o
                0x20000b10                Mass_Block_Count
                0x20000b18                CBW
                0x20000b38                Mass_Block_Size
                0x20000b40                Bot_State
 .bss           0x20000b44       0x98 /tmp/ccV3DAO9.ltrans3.ltrans.o
                0x20000b4c                wIstr
 *fill*         0x20000bdc        0x4 
 .bss           0x20000be0      0x6f0 /tmp/ccV3DAO9.ltrans4.ltrans.o
                0x20001008                bootsource
                0x2000100c                Battery_Voltage
                0x20001264                Silabs_driver_state
                0x2000129b                System_state_Global
                0x2000129c                Shutdown_System
                0x200012a0                Gyro_XY_Rate
                0x200012a4                Gyro_Z_Rate
                0x200012a8                Ind_Voltage
                0x200012ac                Auto_volt
                0x200012b0                Ignition_Selftest
                0x200012b2                AutoSequence
                0x200012b8                I2C1error
                0x200012bc                L3GD20_Data_Buffer
                0x200012c4                Aux_Voltage
                0x200012c8                Gyro_Temperature
                0x200012cc                Auto_spin
 .bss           0x200012d0       0x28 /tmp/ccV3DAO9.ltrans5.ltrans.o
 .bss           0x200012f8        0x8 /tmp/ccV3DAO9.ltrans7.ltrans.o
 .bss           0x20001300      0x5b0 /tmp/ccV3DAO9.ltrans8.ltrans.o
                0x20001300                FATFS_logfile
                0x20001528                print_string
                0x20001628                Usart1_rx_buff
                0x20001634                Gps_Buffer
                0x20001640                FATFS_wavfile_gyro
                0x20001880                Millis
                0x20001884                Jobs
                0x20001888                Completed_Jobs
                0x2000188c                Gyro_x_buffer
                0x20001898                Gyro_y_buffer
                0x200018a4                Gyro_z_buffer
 *(.bss.*)
 .bss.bIntPackSOF
                0x200018b0        0x1 /tmp/ccV3DAO9.ltrans3.ltrans.o
 *fill*         0x200018b1        0x3 
 .bss.Status    0x200018b4        0x4 /tmp/ccV3DAO9.ltrans3.ltrans.o
 .bss.Max_Lun   0x200018b8        0x4 /tmp/ccV3DAO9.ltrans3.ltrans.o
 .bss.Page00_Inquiry_Data
                0x200018bc        0x8 /tmp/ccV3DAO9.ltrans3.ltrans.o
 .bss.bDeviceState
                0x200018c4        0x4 /tmp/ccV3DAO9.ltrans4.ltrans.o
                0x200018c4                bDeviceState
 .bss.file_opened
                0x200018c8        0x1 /tmp/ccV3DAO9.ltrans4.ltrans.o
 .bss.Last_RSSI
                0x200018c9        0x1 /tmp/ccV3DAO9.ltrans4.ltrans.o
                0x200018c9                Last_RSSI
 *fill*         0x200018ca        0x2 
 .bss.__malloc_max_total_mem
                0x200018cc        0x4 /home/laurence/ARM-GCC/gcc-arm-none-eabi-4_9-2014q4/bin/../lib/gcc/arm-none-eabi/4.9.3/../../../../arm-none-eabi/lib/armv7-m/libg.a(lib_a-mallocr.o)
                0x200018cc                __malloc_max_total_mem
 .bss.__malloc_max_sbrked_mem
                0x200018d0        0x4 /home/laurence/ARM-GCC/gcc-arm-none-eabi-4_9-2014q4/bin/../lib/gcc/arm-none-eabi/4.9.3/../../../../arm-none-eabi/lib/armv7-m/libg.a(lib_a-mallocr.o)
                0x200018d0                __malloc_max_sbrked_mem
 .bss.__malloc_top_pad