Archive member included because of file (symbol)

lib/STM32F10x_StdPeriph_Driver/libstm32fw.a(misc.o)
                              interrupts.o (symbol from plugin) (NVIC_PriorityGroupConfig)
lib/STM32F10x_StdPeriph_Driver/libstm32fw.a(stm32f10x_adc.o)
                              adc.o (symbol from plugin) (ADC_DeInit)
lib/STM32F10x_StdPeriph_Driver/libstm32fw.a(stm32f10x_bkp.o)
                              Util/fat_fs/src/rtc.o (symbol from plugin) (BKP_DeInit)
lib/STM32F10x_StdPeriph_Driver/libstm32fw.a(stm32f10x_dbgmcu.o)
                              main.o (symbol from plugin) (DBGMCU_Config)
lib/STM32F10x_StdPeriph_Driver/libstm32fw.a(stm32f10x_dma.o)
                              Silabs/si446x.o (symbol from plugin) (DMA_DeInit)
lib/STM32F10x_StdPeriph_Driver/libstm32fw.a(stm32f10x_exti.o)
                              Silabs/si446x.o (symbol from plugin) (EXTI_DeInit)
lib/STM32F10x_StdPeriph_Driver/libstm32fw.a(stm32f10x_gpio.o)
                              Silabs/si446x.o (symbol from plugin) (GPIO_Init)
lib/STM32F10x_StdPeriph_Driver/libstm32fw.a(stm32f10x_i2c.o)
                              i2c_int.o (symbol from plugin) (I2C_DeInit)
lib/STM32F10x_StdPeriph_Driver/libstm32fw.a(stm32f10x_iwdg.o)
                              watchdog.o (symbol from plugin) (IWDG_WriteAccessCmd)
lib/STM32F10x_StdPeriph_Driver/libstm32fw.a(stm32f10x_pwr.o)
                              pwr.o (symbol from plugin) (PWR_DeInit)
lib/STM32F10x_StdPeriph_Driver/libstm32fw.a(stm32f10x_rcc.o)
                              interrupts.o (symbol from plugin) (RCC_HCLKConfig)
lib/STM32F10x_StdPeriph_Driver/libstm32fw.a(stm32f10x_rtc.o)
                              Util/fat_fs/src/rtc.o (symbol from plugin) (RTC_GetCounter)
lib/STM32F10x_StdPeriph_Driver/libstm32fw.a(stm32f10x_spi.o)
                              Util/fat_fs/src/sd_spi_stm32.o (symbol from plugin) (SPI_I2S_DeInit)
lib/STM32F10x_StdPeriph_Driver/libstm32fw.a(stm32f10x_tim.o)
                              pwm.o (symbol from plugin) (TIM_TimeBaseInit)
lib/STM32F10x_StdPeriph_Driver/libstm32fw.a(stm32f10x_usart.o)
                              usart.o (symbol from plugin) (USART_DeInit)
lib/STM32_USB-FS-Device_Driver/libstm32usb.a(usb_core.o)
                              Util/USB/usb_prop.o (symbol from plugin) (Standard_GetDescriptorData)
lib/STM32_USB-FS-Device_Driver/libstm32usb.a(usb_init.o)
                              main.o (symbol from plugin) (USB_Init)
lib/STM32_USB-FS-Device_Driver/libstm32usb.a(usb_int.o)
                              Util/USB/usb_istr.o (symbol from plugin) (CTR_LP)
lib/STM32_USB-FS-Device_Driver/libstm32usb.a(usb_mem.o)
                              lib/STM32_USB-FS-Device_Driver/libstm32usb.a(usb_core.o) (UserToPMABufferCopy)
lib/STM32_USB-FS-Device_Driver/libstm32usb.a(usb_regs.o)
                              Util/USB/usb_prop.o (symbol from plugin) (SetBTABLE)
lib/STM32_USB-FS-Device_Driver/libstm32usb.a(usb_sil.o)
                              Util/USB/usb_prop.o (symbol from plugin) (USB_SIL_Init)
/home/laurence/ARM-GCC/bin/../lib/gcc/arm-none-eabi/4.7.4/../../../../arm-none-eabi/lib/armv7-m/libc.a(lib_a-__atexit.o)
                              /home/laurence/ARM-GCC/bin/../lib/gcc/arm-none-eabi/4.7.4/../../../../arm-none-eabi/lib/armv7-m/crt0.o (__register_exitproc)
/home/laurence/ARM-GCC/bin/../lib/gcc/arm-none-eabi/4.7.4/../../../../arm-none-eabi/lib/armv7-m/libc.a(lib_a-exit.o)
                              /home/laurence/ARM-GCC/bin/../lib/gcc/arm-none-eabi/4.7.4/../../../../arm-none-eabi/lib/armv7-m/crt0.o (exit)
/home/laurence/ARM-GCC/bin/../lib/gcc/arm-none-eabi/4.7.4/../../../../arm-none-eabi/lib/armv7-m/libc.a(lib_a-fini.o)
                              /home/laurence/ARM-GCC/bin/../lib/gcc/arm-none-eabi/4.7.4/../../../../arm-none-eabi/lib/armv7-m/crt0.o (__libc_fini_array)
/home/laurence/ARM-GCC/bin/../lib/gcc/arm-none-eabi/4.7.4/../../../../arm-none-eabi/lib/armv7-m/libc.a(lib_a-impure.o)
                              /home/laurence/ARM-GCC/bin/../lib/gcc/arm-none-eabi/4.7.4/../../../../arm-none-eabi/lib/armv7-m/libc.a(lib_a-__atexit.o) (_global_impure_ptr)
/home/laurence/ARM-GCC/bin/../lib/gcc/arm-none-eabi/4.7.4/../../../../arm-none-eabi/lib/armv7-m/libc.a(lib_a-init.o)
                              /home/laurence/ARM-GCC/bin/../lib/gcc/arm-none-eabi/4.7.4/../../../../arm-none-eabi/lib/armv7-m/crt0.o (__libc_init_array)
/home/laurence/ARM-GCC/bin/../lib/gcc/arm-none-eabi/4.7.4/../../../../arm-none-eabi/lib/armv7-m/libc.a(lib_a-memset.o)
                              /home/laurence/ARM-GCC/bin/../lib/gcc/arm-none-eabi/4.7.4/../../../../arm-none-eabi/lib/armv7-m/crt0.o (memset)
/home/laurence/ARM-GCC/bin/../lib/gcc/arm-none-eabi/4.7.4/../../../../arm-none-eabi/lib/armv7-m/libc.a(lib_a-__call_atexit.o)
                              /home/laurence/ARM-GCC/bin/../lib/gcc/arm-none-eabi/4.7.4/../../../../arm-none-eabi/lib/armv7-m/libc.a(lib_a-exit.o) (__call_exitprocs)
[...]
Memory Configuration

Name             Origin             Length             Attributes
RAM              0x20000000         0x00005000         xrw
FLASH            0x08000000         0x00020000         xr
FLASHB1          0x00000000         0x00000000         xr
EXTMEMB0         0x00000000         0x00000000         xr
EXTMEMB1         0x00000000         0x00000000         xr
EXTMEMB2         0x00000000         0x00000000         xr
EXTMEMB3         0x00000000         0x00000000         xr
STARTFLASH       0x00000000         0xffffffff
CRPPATCH         0x00000000         0xffffffff
FLASHPATCH       0x00000000         0xffffffff
ENDFLASH         0x00000000         0xffffffff
*default*        0x00000000         0xffffffff

Linker script and memory map

LOAD /home/laurence/ARM-GCC/bin/../lib/gcc/arm-none-eabi/4.7.4/armv7-m/crti.o
LOAD /home/laurence/ARM-GCC/bin/../lib/gcc/arm-none-eabi/4.7.4/armv7-m/crtbegin.o
LOAD /home/laurence/ARM-GCC/bin/../lib/gcc/arm-none-eabi/4.7.4/../../../../arm-none-eabi/lib/armv7-m/crt0.o
LOAD Silabs/si446x.o
LOAD /tmp/ccJlyByB.ltrans0.ltrans.o
LOAD /tmp/ccJlyByB.ltrans1.ltrans.o
LOAD /tmp/ccJlyByB.ltrans2.ltrans.o
LOAD /tmp/ccJlyByB.ltrans3.ltrans.o
LOAD /tmp/ccJlyByB.ltrans4.ltrans.o
LOAD /tmp/ccJlyByB.ltrans5.ltrans.o
LOAD /tmp/ccJlyByB.ltrans6.ltrans.o
LOAD /tmp/ccJlyByB.ltrans7.ltrans.o
LOAD /home/laurence/ARM-GCC/bin/../lib/gcc/arm-none-eabi/4.7.4/armv7-m/libgcc.a
LOAD /home/laurence/ARM-GCC/bin/../lib/gcc/arm-none-eabi/4.7.4/../../../../arm-none-eabi/lib/armv7-m/libc.a
LOAD Ublox/ubx.o
LOAD Util/USB/hw_config.o
LOAD Util/USB/mass_mal.o
LOAD Util/USB/memory.o
LOAD Util/USB/scsi_data.o
LOAD Util/USB/usb_bot.o
LOAD Util/USB/usb_desc.o
LOAD Util/USB/usb_endp.o
LOAD Util/USB/usb_istr.o
LOAD Util/USB/usb_prop.o
LOAD Util/USB/usb_pwr.o
LOAD Util/USB/usb_scsi.o
LOAD Util/buffer.o
LOAD Util/delay.o
LOAD Util/fat_fs/option/ccsbcs.o
LOAD Util/fat_fs/src/fattime.o
LOAD Util/fat_fs/src/ff.o
LOAD Util/fat_fs/src/rtc.o
LOAD Util/fat_fs/src/sd_spi_stm32.o
LOAD Util/polygon.o
LOAD Util/rprintf.o
LOAD adc.o
LOAD dma.o
LOAD gpio.o
LOAD i2c_int.o
LOAD interrupts.o
LOAD lib/CMSIS_CM3/core_cm3.o
LOAD lib/CMSIS_CM3/startup/gcc/startup_stm32f10x_md.o
LOAD lib/CMSIS_CM3/system_stm32f10x.o
LOAD main.o
LOAD pwm.o
LOAD pwr.o
LOAD usart.o
LOAD watchdog.o
LOAD lib/STM32F10x_StdPeriph_Driver/libstm32fw.a
LOAD lib/STM32_USB-FS-Device_Driver/libstm32usb.a
LOAD /home/laurence/ARM-GCC/bin/../lib/gcc/arm-none-eabi/4.7.4/../../../../arm-none-eabi/lib/armv7-m/libm.a
LOAD /home/laurence/ARM-GCC/bin/../lib/gcc/arm-none-eabi/4.7.4/../../../../arm-none-eabi/lib/armv7-m/libnosys.a
START GROUP
LOAD /home/laurence/ARM-GCC/bin/../lib/gcc/arm-none-eabi/4.7.4/armv7-m/libgcc.a
LOAD /home/laurence/ARM-GCC/bin/../lib/gcc/arm-none-eabi/4.7.4/../../../../arm-none-eabi/lib/armv7-m/libc.a
END GROUP
LOAD /home/laurence/ARM-GCC/bin/../lib/gcc/arm-none-eabi/4.7.4/armv7-m/crtend.o
LOAD /home/laurence/ARM-GCC/bin/../lib/gcc/arm-none-eabi/4.7.4/armv7-m/crtn.o
                0x00002000                __Stack_Size = 0x2000
                0x00002000                PROVIDE (_Stack_Size, __Stack_Size)
                0x20003000                __Stack_Init = (_estack - __Stack_Size)
                0x20003000                PROVIDE (_Stack_Init, __Stack_Init)
                0x00002000                _Minimum_Stack_Size = 0x2000
                0x00000000                PROVIDE (Undefined_Handler, 0x0)
                0x00000000                PROVIDE (SWI_Handler, 0x0)
                0x00000000                PROVIDE (IRQ_Handler, 0x0)
                0x00000000                PROVIDE (Prefetch_Handler, 0x0)
                0x00000000                PROVIDE (Abort_Handler, 0x0)
                0x00000000                PROVIDE (FIQ_Handler, 0x0)
                0x00000000                PROVIDE (NMIException, 0x0)
                0x00000000                PROVIDE (NMI_Handler, 0x0)
                0x00000000                PROVIDE (HardFaultException, 0x0)
                0x00000000                PROVIDE (HardFault_Handler, 0x0)
                0x00000000                PROVIDE (MemManageException, 0x0)
                0x00000000                PROVIDE (MemManage_Handler, 0x0)
                0x00000000                PROVIDE (BusFaultException, 0x0)
                0x00000000                PROVIDE (BusFault_Handler, 0x0)
                0x00000000                PROVIDE (UsageFaultException, 0x0)
                0x00000000                PROVIDE (UsageFault_Handler, 0x0)
                0x00000000                PROVIDE (SVCHandler, 0x0)
                0x00000000                PROVIDE (SVC_Handler, 0x0)
                0x00000000                PROVIDE (DebugMonitor, 0x0)
                0x00000000                PROVIDE (DebugMon_Handler, 0x0)
                0x00000000                PROVIDE (PendSVC, 0x0)
                0x00000000                PROVIDE (PendSV_Handler, 0x0)
                0x00000000                PROVIDE (SysTickHandler, 0x0)
                0x00000000                PROVIDE (SysTick_Handler, 0x0)
                0x00000000                PROVIDE (WWDG_IRQHandler, 0x0)
                0x00000000                PROVIDE (PVD_IRQHandler, 0x0)
                0x00000000                PROVIDE (TAMPER_IRQHandler, 0x0)
                0x00000000                PROVIDE (RTC_IRQHandler, 0x0)
                0x00000000                PROVIDE (FLASH_IRQHandler, 0x0)
                0x00000000                PROVIDE (RCC_IRQHandler, 0x0)
                0x00000000                PROVIDE (EXTI0_IRQHandler, 0x0)
                0x00000000                PROVIDE (EXTI1_IRQHandler, 0x0)
                0x00000000                PROVIDE (EXTI2_IRQHandler, 0x0)
                0x00000000                PROVIDE (EXTI3_IRQHandler, 0x0)
                0x00000000                PROVIDE (EXTI4_IRQHandler, 0x0)
                0x00000000                PROVIDE (DMAChannel1_IRQHandler, 0x0)
                0x00000000                PROVIDE (DMAChannel2_IRQHandler, 0x0)
                0x00000000                PROVIDE (DMAChannel3_IRQHandler, 0x0)
                0x00000000                PROVIDE (DMAChannel4_IRQHandler, 0x0)
                0x00000000                PROVIDE (DMAChannel5_IRQHandler, 0x0)
                0x00000000                PROVIDE (DMAChannel6_IRQHandler, 0x0)
                0x00000000                PROVIDE (DMAChannel7_IRQHandler, 0x0)
                0x00000000                PROVIDE (DMA1_Channel1_IRQHandler, 0x0)
                0x00000000                PROVIDE (DMA1_Channel2_IRQHandler, 0x0)
                0x00000000                PROVIDE (DMA1_Channel3_IRQHandler, 0x0)
                0x00000000                PROVIDE (DMA1_Channel4_IRQHandler, 0x0)
                0x00000000                PROVIDE (DMA1_Channel5_IRQHandler, 0x0)
                0x00000000                PROVIDE (DMA1_Channel6_IRQHandler, 0x0)
                0x00000000                PROVIDE (DMA1_Channel7_IRQHandler, 0x0)
                0x00000000                PROVIDE (ADC_IRQHandler, 0x0)
                0x00000000                PROVIDE (ADC1_2_IRQHandler, 0x0)
                0x00000000                PROVIDE (USB_HP_CAN_TX_IRQHandler, 0x0)
                0x00000000                PROVIDE (USB_HP_CAN1_TX_IRQHandler, 0x0)
                0x00000000                PROVIDE (USB_LP_CAN_RX0_IRQHandler, 0x0)
                0x00000000                PROVIDE (USB_LP_CAN1_RX0_IRQHandler, 0x0)
                0x00000000                PROVIDE (CAN_RX1_IRQHandler, 0x0)
                0x00000000                PROVIDE (CAN1_RX1_IRQHandler, 0x0)
                0x00000000                PROVIDE (CAN_SCE_IRQHandler, 0x0)
                0x00000000                PROVIDE (CAN1_SCE_IRQHandler, 0x0)
                0x00000000                PROVIDE (EXTI9_5_IRQHandler, 0x0)
                0x00000000                PROVIDE (TIM1_BRK_IRQHandler, 0x0)
                0x00000000                PROVIDE (TIM1_UP_IRQHandler, 0x0)
                0x00000000                PROVIDE (TIM1_TRG_COM_IRQHandler, 0x0)
                0x00000000                PROVIDE (TIM1_CC_IRQHandler, 0x0)
                0x00000000                PROVIDE (TIM2_IRQHandler, 0x0)
                0x00000000                PROVIDE (TIM3_IRQHandler, 0x0)
                0x00000000                PROVIDE (TIM4_IRQHandler, 0x0)
                0x00000000                PROVIDE (I2C1_EV_IRQHandler, 0x0)
                0x00000000                PROVIDE (I2C1_ER_IRQHandler, 0x0)
                0x00000000                PROVIDE (I2C2_EV_IRQHandler, 0x0)
                0x00000000                PROVIDE (I2C2_ER_IRQHandler, 0x0)
                0x00000000                PROVIDE (SPI1_IRQHandler, 0x0)
                0x00000000                PROVIDE (SPI2_IRQHandler, 0x0)
                0x00000000                PROVIDE (USART1_IRQHandler, 0x0)
                0x00000000                PROVIDE (USART2_IRQHandler, 0x0)
                0x00000000                PROVIDE (USART3_IRQHandler, 0x0)
                0x00000000                PROVIDE (EXTI15_10_IRQHandler, 0x0)
                0x00000000                PROVIDE (RTCAlarm_IRQHandler, 0x0)
                0x00000000                PROVIDE (USBWakeUp_IRQHandler, 0x0)
                0x00000000                PROVIDE (TIM8_BRK_IRQHandler, 0x0)
                0x00000000                PROVIDE (TIM8_UP_IRQHandler, 0x0)
                0x00000000                PROVIDE (TIM8_TRG_COM_IRQHandler, 0x0)
                0x00000000                PROVIDE (TIM8_CC_IRQHandler, 0x0)
                0x00000000                PROVIDE (ADC3_IRQHandler, 0x0)
                0x00000000                PROVIDE (FSMC_IRQHandler, 0x0)
                0x00000000                PROVIDE (SDIO_IRQHandler, 0x0)
                0x00000000                PROVIDE (TIM5_IRQHandler, 0x0)
                0x00000000                PROVIDE (SPI3_IRQHandler, 0x0)
                0x00000000                PROVIDE (UART4_IRQHandler, 0x0)
                0x00000000                PROVIDE (UART5_IRQHandler, 0x0)
                0x00000000                PROVIDE (TIM6_IRQHandler, 0x0)
                0x00000000                PROVIDE (TIM7_IRQHandler, 0x0)
                0x00000000                PROVIDE (DMA2_Channel1_IRQHandler, 0x0)
                0x00000000                PROVIDE (DMA2_Channel2_IRQHandler, 0x0)
                0x00000000                PROVIDE (DMA2_Channel3_IRQHandler, 0x0)
                0x00000000                PROVIDE (DMA2_Channel4_5_IRQHandler, 0x0)
                0x42000000                PERIPH_BB_BASE = 0x42000000
                0x22000000                SRAM_BB_BASE = 0x22000000
                0x20000000                SRAM_BASE = 0x20000000
                0x40000000                PERIPH_BASE = 0x40000000
                0x40022000                PROVIDE (FLASH_BASE, 0x40022000)
                0x1ffff800                PROVIDE (OB_BASE, 0x1ffff800)
                0x40000000                APB1PERIPH_BASE = PERIPH_BASE
                0x40010000                APB2PERIPH_BASE = (PERIPH_BASE + 0x10000)
                0x40020000                AHBPERIPH_BASE = (PERIPH_BASE + 0x20000)
                0x40000000                PROVIDE (TIM2, (APB1PERIPH_BASE + 0x0))
                0x40000400                PROVIDE (TIM3, (APB1PERIPH_BASE + 0x400))
                0x40000800                PROVIDE (TIM4, (APB1PERIPH_BASE + 0x800))
                0x40002800                PROVIDE (RTC, (APB1PERIPH_BASE + 0x2800))
                0x40002c00                PROVIDE (WWDG, (APB1PERIPH_BASE + 0x2c00))
                0x40003000                PROVIDE (IWDG, (APB1PERIPH_BASE + 0x3000))
                0x40003800                PROVIDE (SPI2, (APB1PERIPH_BASE + 0x3800))
                0x40004400                PROVIDE (USART2, (APB1PERIPH_BASE + 0x4400))
                0x40004800                PROVIDE (USART3, (APB1PERIPH_BASE + 0x4800))
                0x40005400                PROVIDE (I2C1, (APB1PERIPH_BASE + 0x5400))
                0x40005800                PROVIDE (I2C2, (APB1PERIPH_BASE + 0x5800))
                0x40006400                PROVIDE (CAN, (APB1PERIPH_BASE + 0x6400))
                0x40006c00                PROVIDE (BKP, (APB1PERIPH_BASE + 0x6c00))
                0x40007000                PROVIDE (PWR, (APB1PERIPH_BASE + 0x7000))
                0x40010000                PROVIDE (AFIO, (APB2PERIPH_BASE + 0x0))
                0x40010400                PROVIDE (EXTI, (APB2PERIPH_BASE + 0x400))
                0x40010800                PROVIDE (GPIOA, (APB2PERIPH_BASE + 0x800))
                0x40010c00                PROVIDE (GPIOB, (APB2PERIPH_BASE + 0xc00))
                0x40011000                PROVIDE (GPIOC, (APB2PERIPH_BASE + 0x1000))
                0x40011400                PROVIDE (GPIOD, (APB2PERIPH_BASE + 0x1400))
                0x40011800                PROVIDE (GPIOE, (APB2PERIPH_BASE + 0x1800))
                0x40012400                PROVIDE (ADC1, (APB2PERIPH_BASE + 0x2400))
                0x40012800                PROVIDE (ADC2, (APB2PERIPH_BASE + 0x2800))
                0x40012c00                PROVIDE (TIM1, (APB2PERIPH_BASE + 0x2c00))
                0x40013000                PROVIDE (SPI1, (APB2PERIPH_BASE + 0x3000))
                0x40013800                PROVIDE (USART1, (APB2PERIPH_BASE + 0x3800))
                0x40020000                PROVIDE (DMA, (AHBPERIPH_BASE + 0x0))
                0x40020008                PROVIDE (DMA_Channel1, (AHBPERIPH_BASE + 0x8))
                0x4002001c                PROVIDE (DMA_Channel2, (AHBPERIPH_BASE + 0x1c))
                0x40020030                PROVIDE (DMA_Channel3, (AHBPERIPH_BASE + 0x30))
                0x40020044                PROVIDE (DMA_Channel4, (AHBPERIPH_BASE + 0x44))
                0x40020058                PROVIDE (DMA_Channel5, (AHBPERIPH_BASE + 0x58))
                0x4002006c                PROVIDE (DMA_Channel6, (AHBPERIPH_BASE + 0x6c))
                0x40020080                PROVIDE (DMA_Channel7, (AHBPERIPH_BASE + 0x80))
                0x40021000                PROVIDE (RCC, (AHBPERIPH_BASE + 0x1000))
                0xe000e000                SCS_BASE = 0xe000e000
                0xe000e010                PROVIDE (SysTick, (SCS_BASE + 0x10))
                0xe000e100                PROVIDE (NVIC, (SCS_BASE + 0x100))
                0xe000ed00                PROVIDE (SCB, (SCS_BASE + 0xd00))
                0x20005000                PROVIDE (_estack, (ORIGIN (RAM) + 0x5000))

.isr_vector     0x08000000      0x10c
                0x08000000                . = ALIGN (0x4)
 *(.isr_vector)
 .isr_vector    0x08000000      0x10c lib/CMSIS_CM3/startup/gcc/startup_stm32f10x_md.o
                0x08000000                g_pfnVectors
                0x0800010c                . = ALIGN (0x4)

.flash_start    0x00000000        0x0
                0x00000000                . = ALIGN (0x4)
 *(.flash_start)
 *(.flash_start.*)
                0x00000000                . = ALIGN (0x4)

.crp_patch      0x00000000        0x0
                0x00000000                . = ALIGN (0x4)
 *(.crp_patch)
                0x00000000                . = ALIGN (0x4)

.flashtext      0x0800010c        0x0
                0x0800010c                . = ALIGN (0x4)
 *(.flashtext)
                0x0800010c                . = ALIGN (0x4)

.text           0x08000110     0x8b40
                0x08000110                . = ALIGN (0x4)
 *(.text)
 .text          0x08000110      0x370 /home/laurence/ARM-GCC/bin/../lib/gcc/arm-none-eabi/4.7.4/armv7-m/libgcc.a(_arm_addsubdf3.o)
                0x08000110                __aeabi_drsub
                0x08000118                __aeabi_dsub
                0x08000118                __subdf3
                0x0800011c                __adddf3
                0x0800011c                __aeabi_dadd
                0x08000394                __aeabi_ui2d
                0x08000394                __floatunsidf
                0x080003b4                __floatsidf
                0x080003b4                __aeabi_i2d
                0x080003d8                __extendsfdf2
                0x080003d8                __aeabi_f2d
                0x08000414                __aeabi_ul2d
                0x08000414                __floatundidf
                0x08000424                __floatdidf
                0x08000424                __aeabi_l2d
 .text          0x08000480      0x424 /home/laurence/ARM-GCC/bin/../lib/gcc/arm-none-eabi/4.7.4/armv7-m/libgcc.a(_arm_muldivdf3.o)
                0x08000480                __aeabi_dmul
                0x08000480                __muldf3
                0x080006d4                __aeabi_ddiv
                0x080006d4                __divdf3
 .text          0x080008a4      0x110 /home/laurence/ARM-GCC/bin/../lib/gcc/arm-none-eabi/4.7.4/armv7-m/libgcc.a(_arm_cmpdf2.o)
                0x080008a4                __gtdf2
                0x080008a4                __gedf2
                0x080008ac                __ltdf2
                0x080008ac                __ledf2
                0x080008b4                __cmpdf2
                0x080008b4                __eqdf2
                0x080008b4                __nedf2
                0x08000930                __aeabi_cdrcmple
                0x08000940                __aeabi_cdcmple
                0x08000940                __aeabi_cdcmpeq
                0x08000950                __aeabi_dcmpeq
                0x08000964                __aeabi_dcmplt
                0x08000978                __aeabi_dcmple
                0x0800098c                __aeabi_dcmpge
                0x080009a0                __aeabi_dcmpgt
 .text          0x080009b4       0xa0 /home/laurence/ARM-GCC/bin/../lib/gcc/arm-none-eabi/4.7.4/armv7-m/libgcc.a(_arm_truncdfsf2.o)
                0x080009b4                __aeabi_d2f
                0x080009b4                __truncdfsf2
 .text          0x08000a54      0x21c /home/laurence/ARM-GCC/bin/../lib/gcc/arm-none-eabi/4.7.4/armv7-m/libgcc.a(_arm_addsubsf3.o)
                0x08000a54                __aeabi_frsub
                0x08000a5c                __subsf3
                0x08000a5c                __aeabi_fsub
                0x08000a60                __aeabi_fadd
                0x08000a60                __addsf3
                0x08000bc0                __aeabi_ui2f
                0x08000bc0                __floatunsisf
                0x08000bc8                __aeabi_i2f
                0x08000bc8                __floatsisf
                0x08000be4                __floatundisf
                0x08000be4                __aeabi_ul2f
                0x08000bf4                __floatdisf
                0x08000bf4                __aeabi_l2f
 .text          0x08000c70      0x2a0 /home/laurence/ARM-GCC/bin/../lib/gcc/arm-none-eabi/4.7.4/armv7-m/libgcc.a(_arm_muldivsf3.o)
                0x08000c70                __mulsf3
                0x08000c70                __aeabi_fmul
                0x08000dd8                __divsf3
                0x08000dd8                __aeabi_fdiv
 .text          0x08000f10       0xec /home/laurence/ARM-GCC/bin/../lib/gcc/arm-none-eabi/4.7.4/armv7-m/libgcc.a(_arm_cmpsf2.o)
                0x08000f10                __gtsf2
                0x08000f10                __gesf2
                0x08000f18                __lesf2
                0x08000f18                __ltsf2
                0x08000f20                __nesf2
                0x08000f20                __eqsf2
                0x08000f20                __cmpsf2
                0x08000f80                __aeabi_cfrcmple
                0x08000f88                __aeabi_cfcmple
                0x08000f88                __aeabi_cfcmpeq
                0x08000f98                __aeabi_fcmpeq
                0x08000fac                __aeabi_fcmplt
                0x08000fc0                __aeabi_fcmple
                0x08000fd4                __aeabi_fcmpge
                0x08000fe8                __aeabi_fcmpgt
 .text          0x08000ffc       0x40 /home/laurence/ARM-GCC/bin/../lib/gcc/arm-none-eabi/4.7.4/armv7-m/libgcc.a(_arm_fixunssfsi.o)
                0x08000ffc                __aeabi_f2uiz
                0x08000ffc                __fixunssfsi
 *(.text.*)
 .text.atoiRamRom.4157
                0x0800103c       0x20 /tmp/ccJlyByB.ltrans0.ltrans.o
 .text.rprintfChar.4160
                0x0800105c       0x1c /tmp/ccJlyByB.ltrans0.ltrans.o
 .text.Resume_Init.4273
                0x08001078       0x30 /tmp/ccJlyByB.ltrans0.ltrans.o
 .text.Resume.4268
                0x080010a8       0x88 /tmp/ccJlyByB.ltrans0.ltrans.o
 .text.Get_Max_Lun
                0x08001130       0x18 /tmp/ccJlyByB.ltrans0.ltrans.o
                0x08001130                Get_Max_Lun
 .text.MASS_Get_Interface_Setting
                0x08001148        0xc /tmp/ccJlyByB.ltrans0.ltrans.o
                0x08001148                MASS_Get_Interface_Setting
 .text.MASS_Status_Out
                0x08001154        0x2 /tmp/ccJlyByB.ltrans0.ltrans.o
                0x08001154                MASS_Status_Out
 .text.MASS_Status_In
                0x08001156        0x2 /tmp/ccJlyByB.ltrans0.ltrans.o
                0x08001156                MASS_Status_In
 .text.Mass_Storage_SetDeviceAddress
                0x08001158        0xc /tmp/ccJlyByB.ltrans0.ltrans.o
                0x08001158                Mass_Storage_SetDeviceAddress
 .text.__usart_send_char
                0x08001164       0x1c /tmp/ccJlyByB.ltrans0.ltrans.o
                0x08001164                __usart_send_char
 .text.__str_print_char
                0x08001180       0x2c /tmp/ccJlyByB.ltrans0.ltrans.o
                0x08001180                __str_print_char
 .text.stm32_dma_transfer.5574.4140
                0x080011ac       0xc8 /tmp/ccJlyByB.ltrans0.ltrans.o
 .text.MASS_Reset
                0x08001274       0xe0 /tmp/ccJlyByB.ltrans0.ltrans.o
                0x08001274                MASS_Reset
 .text.Mass_Storage_SetConfiguration
                0x08001354       0x30 /tmp/ccJlyByB.ltrans0.ltrans.o
                0x08001354                Mass_Storage_SetConfiguration
 .text.MASS_NoData_Setup
                0x08001384       0x4c /tmp/ccJlyByB.ltrans0.ltrans.o
                0x08001384                MASS_NoData_Setup
 .text.MASS_GetDeviceDescriptor
                0x080013d0        0xc /tmp/ccJlyByB.ltrans0.ltrans.o
                0x080013d0                MASS_GetDeviceDescriptor
 .text.MASS_GetConfigDescriptor
                0x080013dc        0xc /tmp/ccJlyByB.ltrans0.ltrans.o
                0x080013dc                MASS_GetConfigDescriptor
 .text.MASS_GetStringDescriptor
                0x080013e8       0x20 /tmp/ccJlyByB.ltrans0.ltrans.o
                0x080013e8                MASS_GetStringDescriptor
 .text.Bytes_In_DMA_Buffer.constprop.2
                0x08001408       0x2c /tmp/ccJlyByB.ltrans0.ltrans.o
                0x08001408                Bytes_In_DMA_Buffer.constprop.2
 .text.Usart_Send_Str
                0x08001434       0x16 /tmp/ccJlyByB.ltrans0.ltrans.o
                0x08001434                Usart_Send_Str
 *fill*         0x0800144a        0x2 00
 .text.power_on.5561
                0x0800144c       0xf0 /tmp/ccJlyByB.ltrans0.ltrans.o
                0x0800144c                power_on.5561
 .text.shutdown
                0x0800153c       0x10 /tmp/ccJlyByB.ltrans0.ltrans.o
                0x0800153c                shutdown
 .text.I2C1_Request_Job
                0x0800154c       0x58 /tmp/ccJlyByB.ltrans0.ltrans.o
                0x0800154c                I2C1_Request_Job
 .text.rprintf2RamRom
                0x080015a4      0x404 /tmp/ccJlyByB.ltrans0.ltrans.o
                0x080015a4                rprintf2RamRom
 .text.stm32_spi_rw.5563
                0x080019a8       0x24 /tmp/ccJlyByB.ltrans0.ltrans.o
                0x080019a8                stm32_spi_rw.5563
 .text.rcvr_spi.5566
                0x080019cc        0x6 /tmp/ccJlyByB.ltrans0.ltrans.o
                0x080019cc                rcvr_spi.5566
 *fill*         0x080019d2        0x2 00
 .text.release_spi
                0x080019d4       0x18 /tmp/ccJlyByB.ltrans0.ltrans.o
                0x080019d4                release_spi
 .text.rcvr_datablock
                0x080019ec       0x54 /tmp/ccJlyByB.ltrans0.ltrans.o
                0x080019ec                rcvr_datablock
 .text.xmit_datablock.part.1.5579
                0x08001a40       0x2c /tmp/ccJlyByB.ltrans0.ltrans.o
                0x08001a40                xmit_datablock.part.1.5579
 .text.wait_ready.5568
                0x08001a6c       0x28 /tmp/ccJlyByB.ltrans0.ltrans.o
                0x08001a6c                wait_ready.5568
 .text.send_cmd.5570
                0x08001a94       0x90 /tmp/ccJlyByB.ltrans0.ltrans.o
                0x08001a94                send_cmd.5570
 .text.disk_read
                0x08001b24       0xa0 /tmp/ccJlyByB.ltrans0.ltrans.o
                0x08001b24                disk_read
 .text.Read_Memory
                0x08001bc4      0x154 /tmp/ccJlyByB.ltrans0.ltrans.o
                0x08001bc4                Read_Memory
 .text.unlikely.check_fs.5223
                0x08001d18       0x88 /tmp/ccJlyByB.ltrans0.ltrans.o
                0x08001d18                check_fs.5223
 .text.disk_timerproc
                0x08001da0       0x48 /tmp/ccJlyByB.ltrans0.ltrans.o
                0x08001da0                disk_timerproc
 .text.validate.5216
                0x08001de8       0x2c /tmp/ccJlyByB.ltrans0.ltrans.o
                0x08001de8                validate.5216
 .text.counter_to_struct.5477
                0x08001e14       0xa8 /tmp/ccJlyByB.ltrans0.ltrans.o
                0x08001e14                counter_to_struct.5477
 .text.isDST.5459
                0x08001ebc       0x2a /tmp/ccJlyByB.ltrans0.ltrans.o
                0x08001ebc                isDST.5459
 *fill*         0x08001ee6        0x2 00
 .text.rtc_gettime
                0x08001ee8       0x74 /tmp/ccJlyByB.ltrans0.ltrans.o
                0x08001ee8                rtc_gettime
 .text.unlikely.get_fattime
                0x08001f5c       0x40 /tmp/ccJlyByB.ltrans0.ltrans.o
                0x08001f5c                get_fattime
 .text.clust2sect
                0x08001f9c       0x18 /tmp/ccJlyByB.ltrans0.ltrans.o
                0x08001f9c                clust2sect
 .text.mem_cpy.5147
                0x08001fb4       0x12 /tmp/ccJlyByB.ltrans0.ltrans.o
                0x08001fb4                mem_cpy.5147
 *fill*         0x08001fc6        0x2 00
 .text.unlikely.ff_convert.part.0.5080
                0x08001fc8       0x24 /tmp/ccJlyByB.ltrans0.ltrans.o
                0x08001fc8                ff_convert.part.0.5080
 .text.Delay    0x08001fec       0x18 /tmp/ccJlyByB.ltrans0.ltrans.o
                0x08001fec                Delay
 .text.I2C_Config
                0x08002004      0x138 /tmp/ccJlyByB.ltrans0.ltrans.o
                0x08002004                I2C_Config
 .text.Pop_From_Buffer
                0x0800213c       0x1c /tmp/ccJlyByB.ltrans0.ltrans.o
                0x0800213c                Pop_From_Buffer
 .text.Add_To_Buffer
                0x08002158       0x48 /tmp/ccJlyByB.ltrans0.ltrans.o
                0x08002158                Add_To_Buffer
 .text.Bot_Abort.part.2.4579
                0x080021a0       0x18 /tmp/ccJlyByB.ltrans0.ltrans.o
                0x080021a0                Bot_Abort.part.2.4579
 .text.USB_Istr
                0x080021b8      0x118 /tmp/ccJlyByB.ltrans0.ltrans.o
                0x080021b8                USB_Istr
 .text.Set_CSW  0x080022d0       0x3c /tmp/ccJlyByB.ltrans0.ltrans.o
                0x080022d0                Set_CSW
 .text.Transfer_Data_Request
                0x0800230c       0x34 /tmp/ccJlyByB.ltrans0.ltrans.o
                0x0800230c                Transfer_Data_Request
 .text.IntToUnicode.4362
                0x08002340       0x2a /tmp/ccJlyByB.ltrans0.ltrans.o
                0x08002340                IntToUnicode.4362
 *fill*         0x0800236a        0x6 00
 .text.startup.main
                0x08002370      0xde0 /tmp/ccJlyByB.ltrans1.ltrans.o
                0x08002370                main
 .text.MASS_Data_Setup.4077
                0x08003150       0x38 /tmp/ccJlyByB.ltrans2.ltrans.o
 .text.Mass_Storage_ClearFeature.4103
                0x08003188       0x18 /tmp/ccJlyByB.ltrans2.ltrans.o
 .text.MASS_init.4118
                0x080031a0       0x70 /tmp/ccJlyByB.ltrans2.ltrans.o
 .text.SCSI_Address_Management
                0x08003210       0x74 /tmp/ccJlyByB.ltrans2.ltrans.o
                0x08003210                SCSI_Address_Management
 .text.unlikely.disk_initialize
                0x08003284      0x148 /tmp/ccJlyByB.ltrans2.ltrans.o
                0x08003284                disk_initialize
 .text.unlikely.chk_mounted.5227
                0x080033cc      0x314 /tmp/ccJlyByB.ltrans2.ltrans.o
                0x080033cc                chk_mounted.5227
 .text.MAL_GetStatus
                0x080036e0       0xc4 /tmp/ccJlyByB.ltrans2.ltrans.o
                0x080036e0                MAL_GetStatus
 .text.si446x_spi_state_machine.constprop.23
                0x080037a4      0x1f0 /tmp/ccJlyByB.ltrans2.ltrans.o
                0x080037a4                si446x_spi_state_machine.constprop.23
 .text.si446x_state_machine
                0x08003994      0x21c /tmp/ccJlyByB.ltrans2.ltrans.o
                0x08003994                si446x_state_machine
 .text.ReadADC1_noblock.constprop.3
                0x08003bb0       0x20 /tmp/ccJlyByB.ltrans2.ltrans.o
                0x08003bb0                ReadADC1_noblock.constprop.3
 .text.EP2_OUT_Callback.4115
                0x08003bd0      0x310 /tmp/ccJlyByB.ltrans3.ltrans.o
 .text.__fat_print_char
                0x08003ee0       0x18 /tmp/ccJlyByB.ltrans3.ltrans.o
                0x08003ee0                __fat_print_char
 .text.unlikely.dir_next.5289
                0x08003ef8       0xfa /tmp/ccJlyByB.ltrans3.ltrans.o
                0x08003ef8                dir_next.5289
 *fill*         0x08003ff2        0x2 00
 .text.unlikely.dir_find.part.4.5293
                0x08003ff4      0x180 /tmp/ccJlyByB.ltrans3.ltrans.o
                0x08003ff4                dir_find.part.4.5293
 .text.unlikely.follow_path.5299
                0x08004174      0x294 /tmp/ccJlyByB.ltrans3.ltrans.o
                0x08004174                follow_path.5299
 .text.disk_write
                0x08004408       0xcc /tmp/ccJlyByB.ltrans4.ltrans.o
                0x08004408                disk_write
 .text.SCSI_Write10_Cmd
                0x080044d4      0x144 /tmp/ccJlyByB.ltrans4.ltrans.o
                0x080044d4                SCSI_Write10_Cmd
 .text.move_window.5206
                0x08004618       0x76 /tmp/ccJlyByB.ltrans4.ltrans.o
                0x08004618                move_window.5206
 .text.put_fat  0x0800468e       0xf2 /tmp/ccJlyByB.ltrans4.ltrans.o
                0x0800468e                put_fat
 .text.get_fat  0x08004780       0xc8 /tmp/ccJlyByB.ltrans4.ltrans.o
                0x08004780                get_fat
 .text.create_chain.5285
                0x08004848       0x9a /tmp/ccJlyByB.ltrans4.ltrans.o
                0x08004848                create_chain.5285
 *fill*         0x080048e2        0x2 00
 .text.f_write.constprop.10
                0x080048e4      0x154 /tmp/ccJlyByB.ltrans4.ltrans.o
                0x080048e4                f_write.constprop.10
 .text.unlikely.f_lseek.constprop.7
                0x08004a38      0x180 /tmp/ccJlyByB.ltrans4.ltrans.o
                0x08004a38                f_lseek.constprop.7
 .text.unlikely.dir_sdi.5253
                0x08004bb8       0x84 /tmp/ccJlyByB.ltrans4.ltrans.o
                0x08004bb8                dir_sdi.5253
 .text.SCSI_Invalid_Cmd
                0x08004c3c       0x3c /tmp/ccJlyByB.ltrans4.ltrans.o
                0x08004c3c                SCSI_Invalid_Cmd
 .text.SCSI_Read10_Cmd
                0x08004c78       0x6c /tmp/ccJlyByB.ltrans4.ltrans.o
                0x08004c78                SCSI_Read10_Cmd
 .text.EP1_IN_Callback.4169
                0x08004ce4       0x5c /tmp/ccJlyByB.ltrans4.ltrans.o
 .text.unlikely.f_close.constprop.8
                0x08004d40      0x194 /tmp/ccJlyByB.ltrans5.ltrans.o
                0x08004d40                f_close.constprop.8
 .text.unlikely.f_open.constprop.12
                0x08004ed4      0x404 /tmp/ccJlyByB.ltrans5.ltrans.o
                0x08004ed4                f_open.constprop.12
 .text.unlikely.f_stat.constprop.6
                0x080052d8      0x13c /tmp/ccJlyByB.ltrans5.ltrans.o
                0x080052d8                f_stat.constprop.6
 .text.USB_LP_CAN1_RX0_IRQHandler
                0x08005414        0x4 /tmp/ccJlyByB.ltrans6.ltrans.o
                0x08005414                USB_LP_CAN1_RX0_IRQHandler
 .text.USB_HP_CAN1_TX_IRQHandler
                0x08005418        0x4 /tmp/ccJlyByB.ltrans6.ltrans.o
                0x08005418                USB_HP_CAN1_TX_IRQHandler
 *fill*         0x0800541c        0x4 00
 .text.SysTick_Handler
                0x08005420      0x4e0 /tmp/ccJlyByB.ltrans6.ltrans.o
                0x08005420                SysTick_Handler
 .text.ADC1_2_IRQHandler
                0x08005900       0x6c /tmp/ccJlyByB.ltrans6.ltrans.o
                0x08005900                ADC1_2_IRQHandler
 .text.I2C1_ER_IRQHandler
                0x0800596c       0xf4 /tmp/ccJlyByB.ltrans6.ltrans.o
                0x0800596c                I2C1_ER_IRQHandler
 .text.I2C1_EV_IRQHandler
                0x08005a60      0x4d8 /tmp/ccJlyByB.ltrans6.ltrans.o
                0x08005a60                I2C1_EV_IRQHandler
 .text.EXTI15_10_IRQHandler
                0x08005f38       0x34 /tmp/ccJlyByB.ltrans6.ltrans.o
                0x08005f38                EXTI15_10_IRQHandler
 .text.DMA1_Channel4_IRQHandler
                0x08005f6c       0x30 /tmp/ccJlyByB.ltrans6.ltrans.o
                0x08005f6c                DMA1_Channel4_IRQHandler
 .text.DMA1_Channel5_IRQHandler
                0x08005f9c       0x30 /tmp/ccJlyByB.ltrans6.ltrans.o
                0x08005f9c                DMA1_Channel5_IRQHandler
 .text.EXTI0_IRQHandler
                0x08005fcc       0x34 /tmp/ccJlyByB.ltrans6.ltrans.o
                0x08005fcc                EXTI0_IRQHandler
 .text.USART3_IRQHandler
                0x08006000       0x78 /tmp/ccJlyByB.ltrans6.ltrans.o
                0x08006000                USART3_IRQHandler
 .text.USART1_IRQHandler
                0x08006078       0x34 /tmp/ccJlyByB.ltrans7.ltrans.o
                0x08006078                USART1_IRQHandler
 .text.malloc   0x080060ac       0x10 /home/laurence/ARM-GCC/bin/../lib/gcc/arm-none-eabi/4.7.4/../../../../arm-none-eabi/lib/armv7-m/libc.a(lib_a-malloc.o)
                0x080060ac                malloc
 .text._malloc_r
                0x080060bc      0x530 /home/laurence/ARM-GCC/bin/../lib/gcc/arm-none-eabi/4.7.4/../../../../arm-none-eabi/lib/armv7-m/libc.a(lib_a-mallocr.o)
                0x080060bc                _malloc_r
 .text.__malloc_lock
                0x080065ec        0x4 /home/laurence/ARM-GCC/bin/../lib/gcc/arm-none-eabi/4.7.4/../../../../arm-none-eabi/lib/armv7-m/libc.a(lib_a-mlock.o)
                0x080065ec                __malloc_lock
 .text.__malloc_unlock
                0x080065f0        0x4 /home/laurence/ARM-GCC/bin/../lib/gcc/arm-none-eabi/4.7.4/../../../../arm-none-eabi/lib/armv7-m/libc.a(lib_a-mlock.o)
                0x080065f0                __malloc_unlock
 .text._sbrk_r  0x080065f4       0x24 /home/laurence/ARM-GCC/bin/../lib/gcc/arm-none-eabi/4.7.4/../../../../arm-none-eabi/lib/armv7-m/libc.a(lib_a-sbrkr.o)
                0x080065f4                _sbrk_r
 .text.strlen   0x08006618       0x60 /home/laurence/ARM-GCC/bin/../lib/gcc/arm-none-eabi/4.7.4/../../../../arm-none-eabi/lib/armv7-m/libc.a(lib_a-strlen.o)
                0x08006618                strlen
 .text._malloc_trim_r
                0x08006678       0x98 /home/laurence/ARM-GCC/bin/../lib/gcc/arm-none-eabi/4.7.4/../../../../arm-none-eabi/lib/armv7-m/libc.a(lib_a-freer.o)
                0x08006678                _malloc_trim_r
 .text._free_r  0x08006710      0x194 /home/laurence/ARM-GCC/bin/../lib/gcc/arm-none-eabi/4.7.4/../../../../arm-none-eabi/lib/armv7-m/libc.a(lib_a-freer.o)
                0x08006710                _free_r
 .text.Reset_Handler
                0x080068a4       0x48 lib/CMSIS_CM3/startup/gcc/startup_stm32f10x_md.o
                0x080068a4                Reset_Handler
 .text.Default_Handler
                0x080068ec        0x4 lib/CMSIS_CM3/startup/gcc/startup_stm32f10x_md.o
                0x080068ec                EXTI2_IRQHandler
                0x080068ec                DebugMon_Handler
                0x080068ec                TIM1_CC_IRQHandler
                0x080068ec                HardFault_Handler
                0x080068ec                PVD_IRQHandler
                0x080068ec                PendSV_Handler
                0x080068ec                NMI_Handler
                0x080068ec                EXTI3_IRQHandler
                0x080068ec                I2C2_EV_IRQHandler
                0x080068ec                UsageFault_Handler
                0x080068ec                SPI1_IRQHandler
                0x080068ec                TAMPER_IRQHandler
                0x080068ec                RTC_IRQHandler
                0x080068ec                DMA1_Channel7_IRQHandler
                0x080068ec                CAN1_RX1_IRQHandler
                0x080068ec                TIM4_IRQHandler
                0x080068ec                DMA1_Channel6_IRQHandler
                0x080068ec                TIM3_IRQHandler
                0x080068ec                RCC_IRQHandler
                0x080068ec                TIM1_TRG_COM_IRQHandler
                0x080068ec                DMA1_Channel1_IRQHandler
                0x080068ec                Default_Handler
                0x080068ec                EXTI9_5_IRQHandler
                0x080068ec                SPI2_IRQHandler
                0x080068ec                MemManage_Handler
                0x080068ec                SVC_Handler
                0x080068ec                EXTI4_IRQHandler
                0x080068ec                DMA1_Channel3_IRQHandler
                0x080068ec                TIM1_UP_IRQHandler
                0x080068ec                WWDG_IRQHandler
                0x080068ec                TIM2_IRQHandler
                0x080068ec                TIM1_BRK_IRQHandler
                0x080068ec                EXTI1_IRQHandler
                0x080068ec                RTCAlarm_IRQHandler
                0x080068ec                USART2_IRQHandler
                0x080068ec                I2C2_ER_IRQHandler
                0x080068ec                DMA1_Channel2_IRQHandler
                0x080068ec                CAN1_SCE_IRQHandler
                0x080068ec                FLASH_IRQHandler
                0x080068ec                BusFault_Handler
                0x080068ec                USBWakeUp_IRQHandler
 .text.NVIC_PriorityGroupConfig
                0x080068f0       0x14 lib/STM32F10x_StdPeriph_Driver/libstm32fw.a(misc.o)
                0x080068f0                NVIC_PriorityGroupConfig
 .text.NVIC_Init
                0x08006904       0x68 lib/STM32F10x_StdPeriph_Driver/libstm32fw.a(misc.o)
                0x08006904                NVIC_Init
 .text.NVIC_SetVectorTable
                0x0800696c       0x14 lib/STM32F10x_StdPeriph_Driver/libstm32fw.a(misc.o)
                0x0800696c                NVIC_SetVectorTable
 .text.SysTick_CLKSourceConfig
                0x08006980       0x18 lib/STM32F10x_StdPeriph_Driver/libstm32fw.a(misc.o)
                0x08006980                SysTick_CLKSourceConfig
 .text.ADC_DeInit
                0x08006998       0x5c lib/STM32F10x_StdPeriph_Driver/libstm32fw.a(stm32f10x_adc.o)
                0x08006998                ADC_DeInit
 .text.ADC_Init
                0x080069f4       0x48 lib/STM32F10x_StdPeriph_Driver/libstm32fw.a(stm32f10x_adc.o)
                0x080069f4                ADC_Init
 .text.ADC_Cmd  0x08006a3c       0x12 lib/STM32F10x_StdPeriph_Driver/libstm32fw.a(stm32f10x_adc.o)
                0x08006a3c                ADC_Cmd
 .text.ADC_ResetCalibration
                0x08006a4e        0xa lib/STM32F10x_StdPeriph_Driver/libstm32fw.a(stm32f10x_adc.o)
                0x08006a4e                ADC_ResetCalibration
 .text.ADC_GetResetCalibrationStatus
                0x08006a58        0x8 lib/STM32F10x_StdPeriph_Driver/libstm32fw.a(stm32f10x_adc.o)
                0x08006a58                ADC_GetResetCalibrationStatus
 .text.ADC_StartCalibration
                0x08006a60        0xa lib/STM32F10x_StdPeriph_Driver/libstm32fw.a(stm32f10x_adc.o)
                0x08006a60                ADC_StartCalibration
 .text.ADC_GetCalibrationStatus
                0x08006a6a        0x8 lib/STM32F10x_StdPeriph_Driver/libstm32fw.a(stm32f10x_adc.o)
                0x08006a6a                ADC_GetCalibrationStatus
 .text.ADC_SoftwareStartConvCmd
                0x08006a72       0x12 lib/STM32F10x_StdPeriph_Driver/libstm32fw.a(stm32f10x_adc.o)
                0x08006a72                ADC_SoftwareStartConvCmd
 .text.ADC_RegularChannelConfig
                0x08006a84       0x9a lib/STM32F10x_StdPeriph_Driver/libstm32fw.a(stm32f10x_adc.o)
                0x08006a84                ADC_RegularChannelConfig
 .text.ADC_GetConversionValue
                0x08006b1e        0x6 lib/STM32F10x_StdPeriph_Driver/libstm32fw.a(stm32f10x_adc.o)
                0x08006b1e                ADC_GetConversionValue
 .text.ADC_ExternalTrigInjectedConvConfig
                0x08006b24        0xc lib/STM32F10x_StdPeriph_Driver/libstm32fw.a(stm32f10x_adc.o)
                0x08006b24                ADC_ExternalTrigInjectedConvConfig
 .text.ADC_SoftwareStartInjectedConvCmd
                0x08006b30       0x12 lib/STM32F10x_StdPeriph_Driver/libstm32fw.a(stm32f10x_adc.o)
                0x08006b30                ADC_SoftwareStartInjectedConvCmd
 .text.ADC_InjectedChannelConfig
                0x08006b42       0x60 lib/STM32F10x_StdPeriph_Driver/libstm32fw.a(stm32f10x_adc.o)
                0x08006b42                ADC_InjectedChannelConfig
 .text.ADC_InjectedSequencerLengthConfig
                0x08006ba2       0x10 lib/STM32F10x_StdPeriph_Driver/libstm32fw.a(stm32f10x_adc.o)
                0x08006ba2                ADC_InjectedSequencerLengthConfig
 .text.ADC_GetInjectedConversionValue
                0x08006bb2       0x1a lib/STM32F10x_StdPeriph_Driver/libstm32fw.a(stm32f10x_adc.o)
                0x08006bb2                ADC_GetInjectedConversionValue
 .text.ADC_GetFlagStatus
                0x08006bcc        0xc lib/STM32F10x_StdPeriph_Driver/libstm32fw.a(stm32f10x_adc.o)
                0x08006bcc                ADC_GetFlagStatus
 .text.ADC_ClearFlag
                0x08006bd8        0x6 lib/STM32F10x_StdPeriph_Driver/libstm32fw.a(stm32f10x_adc.o)
                0x08006bd8                ADC_ClearFlag
 .text.ADC_GetITStatus
                0x08006bde       0x16 lib/STM32F10x_StdPeriph_Driver/libstm32fw.a(stm32f10x_adc.o)
                0x08006bde                ADC_GetITStatus
 .text.ADC_ClearITPendingBit
                0x08006bf4        0x8 lib/STM32F10x_StdPeriph_Driver/libstm32fw.a(stm32f10x_adc.o)
                0x08006bf4                ADC_ClearITPendingBit
 .text.BKP_DeInit
                0x08006bfc       0x12 lib/STM32F10x_StdPeriph_Driver/libstm32fw.a(stm32f10x_bkp.o)
                0x08006bfc                BKP_DeInit
 *fill*         0x08006c0e        0x2 00
 .text.BKP_WriteBackupRegister
                0x08006c10       0x1c lib/STM32F10x_StdPeriph_Driver/libstm32fw.a(stm32f10x_bkp.o)
                0x08006c10                BKP_WriteBackupRegister
 .text.BKP_ReadBackupRegister
                0x08006c2c       0x20 lib/STM32F10x_StdPeriph_Driver/libstm32fw.a(stm32f10x_bkp.o)
                0x08006c2c                BKP_ReadBackupRegister
 .text.DBGMCU_Config
                0x08006c4c       0x18 lib/STM32F10x_StdPeriph_Driver/libstm32fw.a(stm32f10x_dbgmcu.o)
                0x08006c4c                DBGMCU_Config
 .text.DMA_DeInit
                0x08006c64       0xec lib/STM32F10x_StdPeriph_Driver/libstm32fw.a(stm32f10x_dma.o)
                0x08006c64                DMA_DeInit
 .text.DMA_Init
                0x08006d50       0x40 lib/STM32F10x_StdPeriph_Driver/libstm32fw.a(stm32f10x_dma.o)
                0x08006d50                DMA_Init
 .text.DMA_Cmd  0x08006d90       0x12 lib/STM32F10x_StdPeriph_Driver/libstm32fw.a(stm32f10x_dma.o)
                0x08006d90                DMA_Cmd
 .text.DMA_ITConfig
                0x08006da2       0x10 lib/STM32F10x_StdPeriph_Driver/libstm32fw.a(stm32f10x_dma.o)
                0x08006da2                DMA_ITConfig
 .text.DMA_GetCurrDataCounter
                0x08006db2        0x6 lib/STM32F10x_StdPeriph_Driver/libstm32fw.a(stm32f10x_dma.o)
                0x08006db2                DMA_GetCurrDataCounter
 .text.DMA_GetFlagStatus
                0x08006db8       0x1c lib/STM32F10x_StdPeriph_Driver/libstm32fw.a(stm32f10x_dma.o)
                0x08006db8                DMA_GetFlagStatus
 .text.DMA_ClearFlag
                0x08006dd4       0x14 lib/STM32F10x_StdPeriph_Driver/libstm32fw.a(stm32f10x_dma.o)
                0x08006dd4                DMA_ClearFlag
 .text.DMA_GetITStatus
                0x08006de8       0x1c lib/STM32F10x_StdPeriph_Driver/libstm32fw.a(stm32f10x_dma.o)
                0x08006de8                DMA_GetITStatus
 .text.DMA_ClearITPendingBit
                0x08006e04       0x14 lib/STM32F10x_StdPeriph_Driver/libstm32fw.a(stm32f10x_dma.o)
                0x08006e04                DMA_ClearITPendingBit
 .text.EXTI_GetITStatus
                0x08006e18       0x20 lib/STM32F10x_StdPeriph_Driver/libstm32fw.a(stm32f10x_exti.o)
                0x08006e18                EXTI_GetITStatus
 .text.EXTI_ClearITPendingBit
                0x08006e38        0xc lib/STM32F10x_StdPeriph_Driver/libstm32fw.a(stm32f10x_exti.o)
                0x08006e38                EXTI_ClearITPendingBit
 .text.GPIO_Init
                0x08006e44       0x9a lib/STM32F10x_StdPeriph_Driver/libstm32fw.a(stm32f10x_gpio.o)
                0x08006e44                GPIO_Init
 .text.GPIO_ReadInputDataBit
                0x08006ede        0xc lib/STM32F10x_StdPeriph_Driver/libstm32fw.a(stm32f10x_gpio.o)
                0x08006ede                GPIO_ReadInputDataBit
 .text.GPIO_SetBits
                0x08006eea        0x4 lib/STM32F10x_StdPeriph_Driver/libstm32fw.a(stm32f10x_gpio.o)
                0x08006eea                GPIO_SetBits
 .text.GPIO_ResetBits
                0x08006eee        0x4 lib/STM32F10x_StdPeriph_Driver/libstm32fw.a(stm32f10x_gpio.o)
                0x08006eee                GPIO_ResetBits
 .text.GPIO_WriteBit
                0x08006ef2        0xa lib/STM32F10x_StdPeriph_Driver/libstm32fw.a(stm32f10x_gpio.o)
                0x08006ef2                GPIO_WriteBit
 .text.I2C_DeInit
                0x08006efc       0x34 lib/STM32F10x_StdPeriph_Driver/libstm32fw.a(stm32f10x_i2c.o)
                0x08006efc                I2C_DeInit
 .text.I2C_Init
                0x08006f30       0xd4 lib/STM32F10x_StdPeriph_Driver/libstm32fw.a(stm32f10x_i2c.o)
                0x08006f30                I2C_Init
 .text.I2C_Cmd  0x08007004       0x18 lib/STM32F10x_StdPeriph_Driver/libstm32fw.a(stm32f10x_i2c.o)
                0x08007004                I2C_Cmd
 .text.I2C_GenerateSTART
                0x0800701c       0x18 lib/STM32F10x_StdPeriph_Driver/libstm32fw.a(stm32f10x_i2c.o)
                0x0800701c                I2C_GenerateSTART
 .text.I2C_GenerateSTOP
                0x08007034       0x18 lib/STM32F10x_StdPeriph_Driver/libstm32fw.a(stm32f10x_i2c.o)
                0x08007034                I2C_GenerateSTOP
 .text.I2C_AcknowledgeConfig
                0x0800704c       0x18 lib/STM32F10x_StdPeriph_Driver/libstm32fw.a(stm32f10x_i2c.o)
                0x0800704c                I2C_AcknowledgeConfig
 .text.I2C_ITConfig
                0x08007064       0x12 lib/STM32F10x_StdPeriph_Driver/libstm32fw.a(stm32f10x_i2c.o)
                0x08007064                I2C_ITConfig
 .text.I2C_SendData
                0x08007076        0x4 lib/STM32F10x_StdPeriph_Driver/libstm32fw.a(stm32f10x_i2c.o)
                0x08007076                I2C_SendData
 .text.I2C_ReceiveData
                0x0800707a        0x6 lib/STM32F10x_StdPeriph_Driver/libstm32fw.a(stm32f10x_i2c.o)
                0x0800707a                I2C_ReceiveData
 .text.I2C_Send7bitAddress
                0x08007080       0x10 lib/STM32F10x_StdPeriph_Driver/libstm32fw.a(stm32f10x_i2c.o)
                0x08007080                I2C_Send7bitAddress
 .text.I2C_SoftwareResetCmd
                0x08007090       0x18 lib/STM32F10x_StdPeriph_Driver/libstm32fw.a(stm32f10x_i2c.o)
                0x08007090                I2C_SoftwareResetCmd
 .text.IWDG_WriteAccessCmd
                0x080070a8        0xc lib/STM32F10x_StdPeriph_Driver/libstm32fw.a(stm32f10x_iwdg.o)
                0x080070a8                IWDG_WriteAccessCmd
 .text.IWDG_SetPrescaler
                0x080070b4        0xc lib/STM32F10x_StdPeriph_Driver/libstm32fw.a(stm32f10x_iwdg.o)
                0x080070b4                IWDG_SetPrescaler
 .text.IWDG_SetReload
                0x080070c0        0xc lib/STM32F10x_StdPeriph_Driver/libstm32fw.a(stm32f10x_iwdg.o)
                0x080070c0                IWDG_SetReload
 .text.IWDG_ReloadCounter
                0x080070cc       0x10 lib/STM32F10x_StdPeriph_Driver/libstm32fw.a(stm32f10x_iwdg.o)
                0x080070cc                IWDG_ReloadCounter
 .text.IWDG_Enable
                0x080070dc       0x10 lib/STM32F10x_StdPeriph_Driver/libstm32fw.a(stm32f10x_iwdg.o)
                0x080070dc                IWDG_Enable
 .text.PWR_DeInit
                0x080070ec       0x1a lib/STM32F10x_StdPeriph_Driver/libstm32fw.a(stm32f10x_pwr.o)
                0x080070ec                PWR_DeInit
 *fill*         0x08007106        0x2 00
 .text.PWR_BackupAccessCmd
                0x08007108        0xc lib/STM32F10x_StdPeriph_Driver/libstm32fw.a(stm32f10x_pwr.o)
                0x08007108                PWR_BackupAccessCmd
 .text.PWR_WakeUpPinCmd
                0x08007114        0xc lib/STM32F10x_StdPeriph_Driver/libstm32fw.a(stm32f10x_pwr.o)
                0x08007114                PWR_WakeUpPinCmd
 .text.PWR_EnterSTANDBYMode
                0x08007120       0x28 lib/STM32F10x_StdPeriph_Driver/libstm32fw.a(stm32f10x_pwr.o)
                0x08007120                PWR_EnterSTANDBYMode
 .text.RCC_HCLKConfig
                0x08007148       0x14 lib/STM32F10x_StdPeriph_Driver/libstm32fw.a(stm32f10x_rcc.o)
                0x08007148                RCC_HCLKConfig
 .text.RCC_USBCLKConfig
                0x0800715c        0xc lib/STM32F10x_StdPeriph_Driver/libstm32fw.a(stm32f10x_rcc.o)
                0x0800715c                RCC_USBCLKConfig
 .text.RCC_ADCCLKConfig
                0x08007168       0x14 lib/STM32F10x_StdPeriph_Driver/libstm32fw.a(stm32f10x_rcc.o)
                0x08007168                RCC_ADCCLKConfig
 .text.RCC_LSEConfig
                0x0800717c       0x20 lib/STM32F10x_StdPeriph_Driver/libstm32fw.a(stm32f10x_rcc.o)
                0x0800717c                RCC_LSEConfig
 .text.RCC_RTCCLKConfig
                0x0800719c       0x10 lib/STM32F10x_StdPeriph_Driver/libstm32fw.a(stm32f10x_rcc.o)
                0x0800719c                RCC_RTCCLKConfig
 .text.RCC_RTCCLKCmd
                0x080071ac        0xc lib/STM32F10x_StdPeriph_Driver/libstm32fw.a(stm32f10x_rcc.o)
                0x080071ac                RCC_RTCCLKCmd
 .text.RCC_GetClocksFreq
                0x080071b8       0x9c lib/STM32F10x_StdPeriph_Driver/libstm32fw.a(stm32f10x_rcc.o)
                0x080071b8                RCC_GetClocksFreq
 .text.RCC_AHBPeriphClockCmd
                0x08007254       0x18 lib/STM32F10x_StdPeriph_Driver/libstm32fw.a(stm32f10x_rcc.o)
                0x08007254                RCC_AHBPeriphClockCmd
 .text.RCC_APB2PeriphClockCmd
                0x0800726c       0x18 lib/STM32F10x_StdPeriph_Driver/libstm32fw.a(stm32f10x_rcc.o)
                0x0800726c                RCC_APB2PeriphClockCmd
 .text.RCC_APB1PeriphClockCmd
                0x08007284       0x18 lib/STM32F10x_StdPeriph_Driver/libstm32fw.a(stm32f10x_rcc.o)
                0x08007284                RCC_APB1PeriphClockCmd
 .text.RCC_APB2PeriphResetCmd
                0x0800729c       0x18 lib/STM32F10x_StdPeriph_Driver/libstm32fw.a(stm32f10x_rcc.o)
                0x0800729c                RCC_APB2PeriphResetCmd
 .text.RCC_APB1PeriphResetCmd
                0x080072b4       0x18 lib/STM32F10x_StdPeriph_Driver/libstm32fw.a(stm32f10x_rcc.o)
                0x080072b4                RCC_APB1PeriphResetCmd
 .text.RCC_BackupResetCmd
                0x080072cc        0xc lib/STM32F10x_StdPeriph_Driver/libstm32fw.a(stm32f10x_rcc.o)
                0x080072cc                RCC_BackupResetCmd
 .text.RCC_GetFlagStatus
                0x080072d8       0x28 lib/STM32F10x_StdPeriph_Driver/libstm32fw.a(stm32f10x_rcc.o)
                0x080072d8                RCC_GetFlagStatus
 .text.RTC_EnterConfigMode
                0x08007300       0x14 lib/STM32F10x_StdPeriph_Driver/libstm32fw.a(stm32f10x_rtc.o)
                0x08007300                RTC_EnterConfigMode
 .text.RTC_ExitConfigMode
                0x08007314       0x14 lib/STM32F10x_StdPeriph_Driver/libstm32fw.a(stm32f10x_rtc.o)
                0x08007314                RTC_ExitConfigMode
 .text.RTC_GetCounter
                0x08007328       0x14 lib/STM32F10x_StdPeriph_Driver/libstm32fw.a(stm32f10x_rtc.o)
                0x08007328                RTC_GetCounter
 .text.RTC_SetCounter
                0x0800733c       0x20 lib/STM32F10x_StdPeriph_Driver/libstm32fw.a(stm32f10x_rtc.o)
                0x0800733c                RTC_SetCounter
 .text.RTC_SetPrescaler
                0x0800735c       0x20 lib/STM32F10x_StdPeriph_Driver/libstm32fw.a(stm32f10x_rtc.o)
                0x0800735c                RTC_SetPrescaler
 .text.RTC_WaitForLastTask
                0x0800737c       0x14 lib/STM32F10x_StdPeriph_Driver/libstm32fw.a(stm32f10x_rtc.o)
                0x0800737c                RTC_WaitForLastTask
 .text.RTC_WaitForSynchro
                0x08007390       0x24 lib/STM32F10x_StdPeriph_Driver/libstm32fw.a(stm32f10x_rtc.o)
                0x08007390                RTC_WaitForSynchro
 .text.SPI_Init
                0x080073b4       0x3e lib/STM32F10x_StdPeriph_Driver/libstm32fw.a(stm32f10x_spi.o)
                0x080073b4                SPI_Init
 .text.SPI_Cmd  0x080073f2       0x18 lib/STM32F10x_StdPeriph_Driver/libstm32fw.a(stm32f10x_spi.o)
                0x080073f2                SPI_Cmd
 .text.SPI_I2S_DMACmd
                0x0800740a       0x12 lib/STM32F10x_StdPeriph_Driver/libstm32fw.a(stm32f10x_spi.o)
                0x0800740a                SPI_I2S_DMACmd
 .text.SPI_I2S_SendData
                0x0800741c        0x4 lib/STM32F10x_StdPeriph_Driver/libstm32fw.a(stm32f10x_spi.o)
                0x0800741c                SPI_I2S_SendData
 .text.SPI_I2S_ReceiveData
                0x08007420        0x6 lib/STM32F10x_StdPeriph_Driver/libstm32fw.a(stm32f10x_spi.o)
                0x08007420                SPI_I2S_ReceiveData
 .text.SPI_CalculateCRC
                0x08007426       0x18 lib/STM32F10x_StdPeriph_Driver/libstm32fw.a(stm32f10x_spi.o)
                0x08007426                SPI_CalculateCRC
 .text.SPI_I2S_GetFlagStatus
                0x0800743e        0xc lib/STM32F10x_StdPeriph_Driver/libstm32fw.a(stm32f10x_spi.o)
                0x0800743e                SPI_I2S_GetFlagStatus
 *fill*         0x0800744a        0x2 00
 .text.USART_Init
                0x0800744c       0x88 lib/STM32F10x_StdPeriph_Driver/libstm32fw.a(stm32f10x_usart.o)
                0x0800744c                USART_Init
 .text.USART_Cmd
                0x080074d4       0x18 lib/STM32F10x_StdPeriph_Driver/libstm32fw.a(stm32f10x_usart.o)
                0x080074d4                USART_Cmd
 .text.USART_ITConfig
                0x080074ec       0x34 lib/STM32F10x_StdPeriph_Driver/libstm32fw.a(stm32f10x_usart.o)
                0x080074ec                USART_ITConfig
 .text.USART_DMACmd
                0x08007520       0x12 lib/STM32F10x_StdPeriph_Driver/libstm32fw.a(stm32f10x_usart.o)
                0x08007520                USART_DMACmd
 .text.USART_SendData
                0x08007532        0x8 lib/STM32F10x_StdPeriph_Driver/libstm32fw.a(stm32f10x_usart.o)
                0x08007532                USART_SendData
 .text.USART_ReceiveData
                0x0800753a        0x8 lib/STM32F10x_StdPeriph_Driver/libstm32fw.a(stm32f10x_usart.o)
                0x0800753a                USART_ReceiveData
 .text.USART_GetFlagStatus
                0x08007542        0xc lib/STM32F10x_StdPeriph_Driver/libstm32fw.a(stm32f10x_usart.o)
                0x08007542                USART_GetFlagStatus
 .text.USART_GetITStatus
                0x0800754e       0x40 lib/STM32F10x_StdPeriph_Driver/libstm32fw.a(stm32f10x_usart.o)
                0x0800754e                USART_GetITStatus
 .text.USART_ClearITPendingBit
                0x0800758e       0x10 lib/STM32F10x_StdPeriph_Driver/libstm32fw.a(stm32f10x_usart.o)
                0x0800758e                USART_ClearITPendingBit
 *fill*         0x0800759e        0x2 00
 .text.Standard_GetConfiguration
                0x080075a0       0x24 lib/STM32_USB-FS-Device_Driver/libstm32usb.a(usb_core.o)
                0x080075a0                Standard_GetConfiguration
 .text.Standard_GetInterface
                0x080075c4       0x24 lib/STM32_USB-FS-Device_Driver/libstm32usb.a(usb_core.o)
                0x080075c4                Standard_GetInterface
 .text.Standard_GetStatus
                0x080075e8       0x9c lib/STM32_USB-FS-Device_Driver/libstm32usb.a(usb_core.o)
                0x080075e8                Standard_GetStatus
 .text.DataStageIn
                0x08007684       0xa4 lib/STM32_USB-FS-Device_Driver/libstm32usb.a(usb_core.o)
 .text.Standard_SetConfiguration
                0x08007728       0x38 lib/STM32_USB-FS-Device_Driver/libstm32usb.a(usb_core.o)
                0x08007728                Standard_SetConfiguration
 .text.Standard_SetInterface
                0x08007760       0x48 lib/STM32_USB-FS-Device_Driver/libstm32usb.a(usb_core.o)
                0x08007760                Standard_SetInterface
 .text.Standard_ClearFeature
                0x080077a8       0xdc lib/STM32_USB-FS-Device_Driver/libstm32usb.a(usb_core.o)
                0x080077a8                Standard_ClearFeature
 .text.Standard_SetEndPointFeature
                0x08007884       0x8c lib/STM32_USB-FS-Device_Driver/libstm32usb.a(usb_core.o)
                0x08007884                Standard_SetEndPointFeature
 .text.Standard_SetDeviceFeature
                0x08007910       0x24 lib/STM32_USB-FS-Device_Driver/libstm32usb.a(usb_core.o)
                0x08007910                Standard_SetDeviceFeature
 .text.Standard_GetDescriptorData
                0x08007934       0x1c lib/STM32_USB-FS-Device_Driver/libstm32usb.a(usb_core.o)
                0x08007934                Standard_GetDescriptorData
 .text.Post0_Process
                0x08007950       0x40 lib/STM32_USB-FS-Device_Driver/libstm32usb.a(usb_core.o)
                0x08007950                Post0_Process
 .text.Out0_Process
                0x08007990       0xd4 lib/STM32_USB-FS-Device_Driver/libstm32usb.a(usb_core.o)
                0x08007990                Out0_Process
 .text.Setup0_Process
                0x08007a64      0x2f8 lib/STM32_USB-FS-Device_Driver/libstm32usb.a(usb_core.o)
                0x08007a64                Setup0_Process
 .text.SetDeviceAddress
                0x08007d5c       0x40 lib/STM32_USB-FS-Device_Driver/libstm32usb.a(usb_core.o)
                0x08007d5c                SetDeviceAddress
 .text.In0_Process
                0x08007d9c       0x60 lib/STM32_USB-FS-Device_Driver/libstm32usb.a(usb_core.o)
                0x08007d9c                In0_Process
 .text.NOP_Process
                0x08007dfc        0x2 lib/STM32_USB-FS-Device_Driver/libstm32usb.a(usb_core.o)
                0x08007dfc                NOP_Process
 *fill*         0x08007dfe        0x2 00
 .text.USB_Init
                0x08007e00       0x38 lib/STM32_USB-FS-Device_Driver/libstm32usb.a(usb_init.o)
                0x08007e00                USB_Init
 .text.CTR_LP   0x08007e38      0x190 lib/STM32_USB-FS-Device_Driver/libstm32usb.a(usb_int.o)
                0x08007e38                CTR_LP
 .text.CTR_HP   0x08007fc8       0x74 lib/STM32_USB-FS-Device_Driver/libstm32usb.a(usb_int.o)
                0x08007fc8                CTR_HP
 .text.UserToPMABufferCopy
                0x0800803c       0x2e lib/STM32_USB-FS-Device_Driver/libstm32usb.a(usb_mem.o)
                0x0800803c                UserToPMABufferCopy
 .text.PMAToUserBufferCopy
                0x0800806a       0x24 lib/STM32_USB-FS-Device_Driver/libstm32usb.a(usb_mem.o)
                0x0800806a                PMAToUserBufferCopy
 *fill*         0x0800808e        0x2 00
 .text.SetBTABLE
                0x08008090       0x10 lib/STM32_USB-FS-Device_Driver/libstm32usb.a(usb_regs.o)
                0x08008090                SetBTABLE
 .text.SetEPType
                0x080080a0       0x18 lib/STM32_USB-FS-Device_Driver/libstm32usb.a(usb_regs.o)
                0x080080a0                SetEPType
 .text.SetEPTxStatus
                0x080080b8       0x3a lib/STM32_USB-FS-Device_Driver/libstm32usb.a(usb_regs.o)
                0x080080b8                SetEPTxStatus
 .text.SetEPRxStatus
                0x080080f2       0x3a lib/STM32_USB-FS-Device_Driver/libstm32usb.a(usb_regs.o)
                0x080080f2                SetEPRxStatus
 .text.SetEPRxValid
                0x0800812c       0x22 lib/STM32_USB-FS-Device_Driver/libstm32usb.a(usb_regs.o)
                0x0800812c                SetEPRxValid
 .text.Clear_Status_Out
                0x0800814e       0x1e lib/STM32_USB-FS-Device_Driver/libstm32usb.a(usb_regs.o)
                0x0800814e                Clear_Status_Out
 .text.ClearDTOG_RX
                0x0800816c       0x24 lib/STM32_USB-FS-Device_Driver/libstm32usb.a(usb_regs.o)
                0x0800816c                ClearDTOG_RX
 .text.ClearDTOG_TX
                0x08008190       0x24 lib/STM32_USB-FS-Device_Driver/libstm32usb.a(usb_regs.o)
                0x08008190                ClearDTOG_TX
 .text.SetEPTxAddr
                0x080081b4       0x20 lib/STM32_USB-FS-Device_Driver/libstm32usb.a(usb_regs.o)
                0x080081b4                SetEPTxAddr
 .text.SetEPRxAddr
                0x080081d4       0x20 lib/STM32_USB-FS-Device_Driver/libstm32usb.a(usb_regs.o)
                0x080081d4                SetEPRxAddr
 .text.GetEPTxAddr
                0x080081f4       0x1c lib/STM32_USB-FS-Device_Driver/libstm32usb.a(usb_regs.o)
                0x080081f4                GetEPTxAddr
 .text.GetEPRxAddr
                0x08008210       0x1c lib/STM32_USB-FS-Device_Driver/libstm32usb.a(usb_regs.o)
                0x08008210                GetEPRxAddr
 .text.SetEPTxCount
                0x0800822c       0x1c lib/STM32_USB-FS-Device_Driver/libstm32usb.a(usb_regs.o)
                0x0800822c                SetEPTxCount
 .text.SetEPRxCount
                0x08008248       0x3c lib/STM32_USB-FS-Device_Driver/libstm32usb.a(usb_regs.o)
                0x08008248                SetEPRxCount
 .text.GetEPRxCount
                0x08008284       0x20 lib/STM32_USB-FS-Device_Driver/libstm32usb.a(usb_regs.o)
                0x08008284                GetEPRxCount
 .text.ByteSwap
                0x080082a4        0xa lib/STM32_USB-FS-Device_Driver/libstm32usb.a(usb_regs.o)
                0x080082a4                ByteSwap
 *fill*         0x080082ae        0x2 00
 .text.USB_SIL_Init
                0x080082b0       0x20 lib/STM32_USB-FS-Device_Driver/libstm32usb.a(usb_sil.o)
                0x080082b0                USB_SIL_Init
 .text.USB_SIL_Write
                0x080082d0       0x28 lib/STM32_USB-FS-Device_Driver/libstm32usb.a(usb_sil.o)
                0x080082d0                USB_SIL_Write
 .text.USB_SIL_Read
                0x080082f8       0x24 lib/STM32_USB-FS-Device_Driver/libstm32usb.a(usb_sil.o)
                0x080082f8                USB_SIL_Read
 .text.memset   0x0800831c      0x12c /home/laurence/ARM-GCC/bin/../lib/gcc/arm-none-eabi/4.7.4/../../../../arm-none-eabi/lib/armv7-m/libc.a(lib_a-memset.o)
                0x0800831c                memset
 .text._sbrk    0x08008448       0x34 /home/laurence/ARM-GCC/bin/../lib/gcc/arm-none-eabi/4.7.4/../../../../arm-none-eabi/lib/armv7-m/libnosys.a(sbrk.o)
                0x08008448                _sbrk
 *(.rodata)
 .rodata        0x0800847c       0x20 /tmp/ccJlyByB.ltrans0.ltrans.o
 .rodata        0x0800849c        0xc /tmp/ccJlyByB.ltrans1.ltrans.o
                0x0800849c                DaysInMonth.5511
 .rodata        0x080084a8       0x74 /tmp/ccJlyByB.ltrans2.ltrans.o
 .rodata        0x0800851c      0x440 /tmp/ccJlyByB.ltrans3.ltrans.o
 .rodata        0x0800895c      0x10e /tmp/ccJlyByB.ltrans5.ltrans.o
                0x0800895c                LfnOfs.5430
                0x0800896a                Tbl.5090
 *(.rodata*)
 .rodata.str1.1
                0x08008a6a        0x6 /tmp/ccJlyByB.ltrans0.ltrans.o
 .rodata.MASS_DeviceDescriptor
                0x08008a70       0x12 /tmp/ccJlyByB.ltrans0.ltrans.o
 .rodata.str1.1
                0x08008a82      0x19c /tmp/ccJlyByB.ltrans1.ltrans.o
 .rodata.str1.1
                0x08008c1e       0x10 /tmp/ccJlyByB.ltrans3.ltrans.o
 .rodata.str1.1
                0x00000000        0x9 /tmp/ccJlyByB.ltrans5.ltrans.o
 .rodata.L3GD20_setup
                0x08008c2e        0x6 /tmp/ccJlyByB.ltrans6.ltrans.o
 .rodata.str1.4
                0x08008c34        0x4 /home/laurence/ARM-GCC/bin/../lib/gcc/arm-none-eabi/4.7.4/../../../../arm-none-eabi/lib/armv7-m/libc.a(lib_a-impure.o)
 *(.glue_7)
 .glue_7        0x00000000        0x0 linker stubs
 *(.glue_7t)
 .glue_7t       0x00000000        0x0 linker stubs
 *(.init)
 .init          0x08008c38        0x4 /home/laurence/ARM-GCC/bin/../lib/gcc/arm-none-eabi/4.7.4/armv7-m/crti.o
                0x08008c38                _init
 .init          0x08008c3c        0x8 /home/laurence/ARM-GCC/bin/../lib/gcc/arm-none-eabi/4.7.4/armv7-m/crtn.o
 *(.fini)
 .fini          0x08008c44        0x4 /home/laurence/ARM-GCC/bin/../lib/gcc/arm-none-eabi/4.7.4/armv7-m/crti.o
                0x08008c44                _fini
 .fini          0x08008c48        0x8 /home/laurence/ARM-GCC/bin/../lib/gcc/arm-none-eabi/4.7.4/armv7-m/crtn.o
                0x08008c50                . = ALIGN (0x4)
                0x08008c50                _etext = .
                0x08008c50                _sidata = _etext

.vfp11_veneer   0x08008c50        0x0
 .vfp11_veneer  0x00000000        0x0 linker stubs

.v4_bx          0x08008c50        0x0
 .v4_bx         0x00000000        0x0 linker stubs

.iplt           0x08008c50        0x0
 .iplt          0x00000000        0x0 /home/laurence/ARM-GCC/bin/../lib/gcc/arm-none-eabi/4.7.4/armv7-m/crtbegin.o

.rel.dyn        0x08008c50        0x0
 .rel.iplt      0x00000000        0x0 /home/laurence/ARM-GCC/bin/../lib/gcc/arm-none-eabi/4.7.4/armv7-m/crtbegin.o

.flashpatch     0x00000000        0x0
                0x00000000                . = ALIGN (0x4)
 *(.flashpatch)
                0x00000000                . = ALIGN (0x4)

.endflash       0x00000000        0x0
                0x00000000                . = ALIGN (0x4)
 *(.endflash)
                0x00000000                . = ALIGN (0x4)
                0x00000000                _e_endflash = .

.data           0x20000000      0x9d4 load address 0x08008c50
                0x20000000                . = ALIGN (0x4)
                0x20000000                _sdata = .
                0x20000000                _data = .
 *(.data)
 .data          0x20000000       0x18 /tmp/ccJlyByB.ltrans0.ltrans.o
                0x20000015                Device_Table
 .data          0x20000018       0x98 /tmp/ccJlyByB.ltrans2.ltrans.o
                0x20000034                String_Descriptor
                0x2000005c                User_Standard_Requests
                0x20000080                Device_Property
 .data          0x200000b0       0x90 /tmp/ccJlyByB.ltrans3.ltrans.o
                0x200000f8                Scsi_Sense_Data
                0x20000124                pEpInt_OUT
 .data          0x20000140       0x1c /tmp/ccJlyByB.ltrans4.ltrans.o
                0x20000140                pEpInt_IN
 .data          0x2000015c        0x1 /tmp/ccJlyByB.ltrans5.ltrans.o
                0x2000015c                Stat.5705
 *fill*         0x2000015d        0x3 00
 .data          0x20000160       0x20 /tmp/ccJlyByB.ltrans6.ltrans.o
                0x20000160                I2C_jobs
 *(.data.*)
 .data.__malloc_av_
                0x20000180      0x408 /home/laurence/ARM-GCC/bin/../lib/gcc/arm-none-eabi/4.7.4/../../../../arm-none-eabi/lib/armv7-m/libc.a(lib_a-mallocr.o)
                0x20000180                __malloc_av_
 .data.__malloc_trim_threshold
                0x20000588        0x4 /home/laurence/ARM-GCC/bin/../lib/gcc/arm-none-eabi/4.7.4/../../../../arm-none-eabi/lib/armv7-m/libc.a(lib_a-mallocr.o)
                0x20000588                __malloc_trim_threshold
 .data.__malloc_sbrk_base
                0x2000058c        0x4 /home/laurence/ARM-GCC/bin/../lib/gcc/arm-none-eabi/4.7.4/../../../../arm-none-eabi/lib/armv7-m/libc.a(lib_a-mallocr.o)
                0x2000058c                __malloc_sbrk_base
 .data.ADCPrescTable
                0x20000590        0x4 lib/STM32F10x_StdPeriph_Driver/libstm32fw.a(stm32f10x_rcc.o)
 .data.APBAHBPrescTable
                0x20000594       0x10 lib/STM32F10x_StdPeriph_Driver/libstm32fw.a(stm32f10x_rcc.o)
 *fill*         0x200005a4        0x4 00
 .data.impure_data
                0x200005a8      0x428 /home/laurence/ARM-GCC/bin/../lib/gcc/arm-none-eabi/4.7.4/../../../../arm-none-eabi/lib/armv7-m/libc.a(lib_a-impure.o)
 .data._impure_ptr
                0x200009d0        0x4 /home/laurence/ARM-GCC/bin/../lib/gcc/arm-none-eabi/4.7.4/../../../../arm-none-eabi/lib/armv7-m/libc.a(lib_a-impure.o)
                0x200009d0                _impure_ptr
 *(.RAMtext)
                0x200009d4                . = ALIGN (0x4)
                0x200009d4                _edata = .
                0x08009624                _eidata = (_sidata + (_edata - _sdata))
                0x08020000                _lastdataromaddress = (ORIGIN (FLASH) + 0x20000)
                0x00000000                toobig = (_eidata > _lastdataromaddress)?!!!!!!!!! FLASH IS FULL !!!!!!!!!:0x0

.igot.plt       0x200009d4        0x0 load address 0x08009624
 .igot.plt      0x00000000        0x0 /home/laurence/ARM-GCC/bin/../lib/gcc/arm-none-eabi/4.7.4/armv7-m/crtbegin.o

.bss            0x200009d8      0xcb4 load address 0x08009628
                0x200009d8                . = ALIGN (0x4)
                0x200009d8                _sbss = .
                0x200009d8                _bss = .
 *(.bss)
 .bss           0x200009d8       0x9c /tmp/ccJlyByB.ltrans0.ltrans.o
                0x20000a70                wIstr
 *fill*         0x20000a74        0x4 00
 .bss           0x20000a78      0xa10 /tmp/ccJlyByB.ltrans1.ltrans.o
                0x20000ea0                bootsource
                0x20000ea4                rputchar.5787
                0x20000ea8                Data_Buffer
                0x20000eac                Millis
                0x20000eb0                Battery_Voltage
                0x20000eb4                FatFs.5432
                0x200010ec                FATFS_info
                0x2000110c                FATFS_logfile
                0x20001330                print_string
                0x20001430                Jobs
                0x20001434                Completed_Jobs
                0x2000146c                Gps_Buffer
 .bss           0x20001488       0x4c /tmp/ccJlyByB.ltrans2.ltrans.o
                0x20001488                Timer1.5700
 .bss           0x200014d4       0x98 /tmp/ccJlyByB.ltrans3.ltrans.o
                0x200014d4                CBW
                0x200014f4                Bulk_Data_Buff
                0x20001534                Data_Len
                0x20001536                Bot_State
                0x20001538                CSW
                0x20001548                SCSI_LBA
                0x2000154c                SCSI_BlkLen
                0x20001550                Mass_Block_Count
                0x20001558                Mass_Block_Size
 .bss           0x2000156c       0x18 /tmp/ccJlyByB.ltrans4.ltrans.o
                0x20001570                TransferState
                0x20001580                Sd_Spi_Called_From_USB_MSC
 .bss           0x20001584        0x1 /tmp/ccJlyByB.ltrans5.ltrans.o
                0x20001584                CardType.5706
 *fill*         0x20001585        0x3 00
 .bss           0x20001588       0x64 /tmp/ccJlyByB.ltrans6.ltrans.o
                0x20001589                L3GD20_Data_Buffer
                0x200015a0                AFROESC_Data_Buffer
                0x200015c0                AFROESC_Throttle
                0x200015dc                Silabs_spi_state
                0x200015dd                Silabs_driver_state
 .bss           0x200015ec        0xc /tmp/ccJlyByB.ltrans7.ltrans.o
 *(.bss.*)
 .bss.bIntPackSOF
                0x200015f8        0x1 /tmp/ccJlyByB.ltrans0.ltrans.o
 .bss.file_opened
                0x200015f9        0x1 /tmp/ccJlyByB.ltrans1.ltrans.o
 *fill*         0x200015fa        0x2 00
 .bss.bDeviceState
                0x200015fc        0x4 /tmp/ccJlyByB.ltrans1.ltrans.o
                0x200015fc                bDeviceState
 .bss.Status    0x20001600        0x4 /tmp/ccJlyByB.ltrans1.ltrans.o
                0x20001600                Status
 .bss.Max_Lun   0x20001604        0x4 /tmp/ccJlyByB.ltrans3.ltrans.o
                0x20001604                Max_Lun
 .bss.Page00_Inquiry_Data
                0x20001608        0x5 /tmp/ccJlyByB.ltrans3.ltrans.o
 *fill*         0x2000160d        0x3 00
 .bss.__malloc_max_total_mem
                0x20001610        0x4 /home/laurence/ARM-GCC/bin/../lib/gcc/arm-none-eabi/4.7.4/../../../../arm-none-eabi/lib/armv7-m/libc.a(lib_a-mallocr.o)
                0x20001610                __malloc_max_total_mem
 .bss.__malloc_max_sbrked_mem
                0x20001614        0x4 /home/laurence/ARM-GCC/bin/../lib/gcc/arm-none-eabi/4.7.4/../../../../arm-none-eabi/lib/armv7-m/libc.a(lib_a-mallocr.o)
                0x20001614                __malloc_max_sbrked_mem
 .bss.__malloc_top_pad
                0x20001618        0x4 /home/laurence/ARM-GCC/bin/../lib/gcc/arm-none-eabi/4.7.4/../../../../arm-none-eabi/lib/armv7-m/libc.a(lib_a-mallocr.o)
                0x20001618                __malloc_top_pad
 .bss.__malloc_current_mallinfo
                0x2000161c       0x28 /home/laurence/ARM-GCC/bin/../lib/gcc/arm-none-eabi/4.7.4/../../../../arm-none-eabi/lib/armv7-m/libc.a(lib_a-mallocr.o)
                0x2000161c                __malloc_current_mallinfo
 .bss.Data_Mul_MaxPacketSize
                0x20001644        0x1 lib/STM32_USB-FS-Device_Driver/libstm32usb.a(usb_core.o)
                0x20001644                Data_Mul_MaxPacketSize
 *fill*         0x20001645        0x3 00
 .bss.heap_end.4231
                0x20001648        0x4 /home/laurence/ARM-GCC/bin/../lib/gcc/arm-none-eabi/4.7.4/../../../../arm-none-eabi/lib/armv7-m/libnosys.a(sbrk.o)
 *(COMMON)
 COMMON         0x2000164c        0x4 /home/laurence/ARM-GCC/bin/../lib/gcc/arm-none-eabi/4.7.4/../../../../arm-none-eabi/lib/armv7-m/libc.a(lib_a-reent.o)
                0x2000164c                errno
 COMMON         0x20001650        0x2 lib/STM32_USB-FS-Device_Driver/libstm32usb.a(usb_core.o)
                0x20001650                StatusInfo
 *fill*         0x20001652        0x2 00
 COMMON         0x20001654       0x32 lib/STM32_USB-FS-Device_Driver/libstm32usb.a(usb_init.o)
                0x20001654                SaveState
                0x20001658                pProperty
                0x2000165c                EPindex
                0x20001660                Device_Info
                0x2000167c                pUser_Standard_Requests
                0x20001680                pInformation
                0x20001684                wInterrupt_Mask
 COMMON         0x20001686        0x4 lib/STM32_USB-FS-Device_Driver/libstm32usb.a(usb_int.o)
                0x20001686                SaveRState
                0x20001688                SaveTState
                0x2000168c                . = ALIGN (0x4)
 *fill*         0x2000168a        0x2 00
                0x2000168c                _ebss = .
                0x2000168c                PROVIDE (end, _ebss)
                0x2000168c                PROVIDE (_end, _ebss)

._usrstack      0x2000168c     0x2000 load address 0x0800a2dc
                0x2000168c                . = ALIGN (0x4)
                0x2000168c                _susrstack = .
                0x2000368c                . = (. + _Minimum_Stack_Size)
 *fill*         0x2000168c     0x2000 00
                0x2000368c                . = ALIGN (0x4)
                0x2000368c                _eusrstack = .
                0x20005000                _lastramaddress = (ORIGIN (RAM) + 0x5000)
                0x00000000                toobig = (_eusrstack > _lastramaddress)?!!!!!!!!! RAM IS FULL !!!!!!!!!:0x0

.b1text
 *(.b1text)
 *(.b1rodata)
 *(.b1rodata*)

.eb0text
 *(.eb0text)
 *(.eb0rodata)
 *(.eb0rodata*)

.eb1text
 *(.eb1text)
 *(.eb1rodata)
 *(.eb1rodata*)

.eb2text
 *(.eb2text)
 *(.eb2rodata)
 *(.eb2rodata*)

.eb3text
 *(.eb3text)
 *(.eb3rodata)
 *(.eb3rodata*)
                0x2000368c                __exidx_start = .
                0x2000368c                __exidx_end = .

/DISCARD/
 libc.a(*)
 libm.a(*)
 libgcc.a(*)

.stab
 *(.stab)

.stabstr
 *(.stabstr)

.stab.excl
 *(.stab.excl)

.stab.exclstr
 *(.stab.exclstr)

.stab.index
 *(.stab.index)

.stab.indexstr
 *(.stab.indexstr)

.comment        0x00000000       0x70
 *(.comment)
 .comment       0x00000000       0x71 /tmp/ccJlyByB.ltrans0.ltrans.o
 .comment       0x00000000       0x71 /tmp/ccJlyByB.ltrans1.ltrans.o
 .comment       0x00000000       0x71 /tmp/ccJlyByB.ltrans2.ltrans.o
 .comment       0x00000000       0x71 /tmp/ccJlyByB.ltrans3.ltrans.o
 .comment       0x00000000       0x71 /tmp/ccJlyByB.ltrans4.ltrans.o
 .comment       0x00000000       0x71 /tmp/ccJlyByB.ltrans5.ltrans.o
 .comment       0x00000000       0x71 /tmp/ccJlyByB.ltrans6.ltrans.o
 .comment       0x00000000       0x71 /tmp/ccJlyByB.ltrans7.ltrans.o
 .comment       0x00000000       0x70 lib/STM32F10x_StdPeriph_Driver/libstm32fw.a(misc.o)
                                 0x71 (size before relaxing)
 .comment       0x00000000       0x71 lib/STM32F10x_StdPeriph_Driver/libstm32fw.a(stm32f10x_adc.o)
 .comment       0x00000000       0x71 lib/STM32F10x_StdPeriph_Driver/libstm32fw.a(stm32f10x_bkp.o)
 .comment       0x00000000       0x71 lib/STM32F10x_StdPeriph_Driver/libstm32fw.a(stm32f10x_dbgmcu.o)
 .comment       0x00000000       0x71 lib/STM32F10x_StdPeriph_Driver/libstm32fw.a(stm32f10x_dma.o)
 .comment       0x00000000       0x71 lib/STM32F10x_StdPeriph_Driver/libstm32fw.a(stm32f10x_exti.o)
 .comment       0x00000000       0x71 lib/STM32F10x_StdPeriph_Driver/libstm32fw.a(stm32f10x_gpio.o)
 .comment       0x00000000       0x71 lib/STM32F10x_StdPeriph_Driver/libstm32fw.a(stm32f10x_i2c.o)
 .comment       0x00000000       0x71 lib/STM32F10x_StdPeriph_Driver/libstm32fw.a(stm32f10x_iwdg.o)
 .comment       0x00000000       0x71 lib/STM32F10x_StdPeriph_Driver/libstm32fw.a(stm32f10x_pwr.o)
 .comment       0x00000000       0x71 lib/STM32F10x_StdPeriph_Driver/libstm32fw.a(stm32f10x_rcc.o)
 .comment       0x00000000       0x71 lib/STM32F10x_StdPeriph_Driver/libstm32fw.a(stm32f10x_rtc.o)
 .comment       0x00000000       0x71 lib/STM32F10x_StdPeriph_Driver/libstm32fw.a(stm32f10x_spi.o)
 .comment       0x00000000       0x71 lib/STM32F10x_StdPeriph_Driver/libstm32fw.a(stm32f10x_usart.o)
 .comment       0x00000000       0x71 lib/STM32_USB-FS-Device_Driver/libstm32usb.a(usb_core.o)
 .comment       0x00000000       0x71 lib/STM32_USB-FS-Device_Driver/libstm32usb.a(usb_init.o)
 .comment       0x00000000       0x71 lib/STM32_USB-FS-Device_Driver/libstm32usb.a(usb_int.o)
 .comment       0x00000000       0x71 lib/STM32_USB-FS-Device_Driver/libstm32usb.a(usb_mem.o)
 .comment       0x00000000       0x71 lib/STM32_USB-FS-Device_Driver/libstm32usb.a(usb_regs.o)
 .comment       0x00000000       0x71 lib/STM32_USB-FS-Device_Driver/libstm32usb.a(usb_sil.o)

.ARM.attributes
                0x00000000       0x29
 .ARM.attributes
                0x00000000       0x1d /home/laurence/ARM-GCC/bin/../lib/gcc/arm-none-eabi/4.7.4/armv7-m/crti.o
 .ARM.attributes
                0x0000001d       0x31 /tmp/ccJlyByB.ltrans0.ltrans.o
 .ARM.attributes
                0x0000004e       0x31 /tmp/ccJlyByB.ltrans1.ltrans.o
 .ARM.attributes
                0x0000007f       0x31 /tmp/ccJlyByB.ltrans2.ltrans.o
 .ARM.attributes
                0x000000b0       0x31 /tmp/ccJlyByB.ltrans3.ltrans.o
 .ARM.attributes
                0x000000e1       0x31 /tmp/ccJlyByB.ltrans4.ltrans.o
 .ARM.attributes
                0x00000112       0x31 /tmp/ccJlyByB.ltrans5.ltrans.o
 .ARM.attributes
                0x00000143       0x31 /tmp/ccJlyByB.ltrans6.ltrans.o
 .ARM.attributes
                0x00000174       0x31 /tmp/ccJlyByB.ltrans7.ltrans.o
 .ARM.attributes
                0x000001a5       0x1d /home/laurence/ARM-GCC/bin/../lib/gcc/arm-none-eabi/4.7.4/armv7-m/libgcc.a(_arm_addsubdf3.o)
 .ARM.attributes
                0x000001c2       0x1d /home/laurence/ARM-GCC/bin/../lib/gcc/arm-none-eabi/4.7.4/armv7-m/libgcc.a(_arm_muldivdf3.o)
 .ARM.attributes
                0x000001df       0x1d /home/laurence/ARM-GCC/bin/../lib/gcc/arm-none-eabi/4.7.4/armv7-m/libgcc.a(_arm_cmpdf2.o)
 .ARM.attributes
                0x000001fc       0x1d /home/laurence/ARM-GCC/bin/../lib/gcc/arm-none-eabi/4.7.4/armv7-m/libgcc.a(_arm_truncdfsf2.o)
 .ARM.attributes
                0x00000219       0x1d /home/laurence/ARM-GCC/bin/../lib/gcc/arm-none-eabi/4.7.4/armv7-m/libgcc.a(_arm_addsubsf3.o)
 .ARM.attributes
                0x00000236       0x1d /home/laurence/ARM-GCC/bin/../lib/gcc/arm-none-eabi/4.7.4/armv7-m/libgcc.a(_arm_muldivsf3.o)
 .ARM.attributes
                0x00000253       0x1d /home/laurence/ARM-GCC/bin/../lib/gcc/arm-none-eabi/4.7.4/armv7-m/libgcc.a(_arm_cmpsf2.o)
 .ARM.attributes
                0x00000270       0x1d /home/laurence/ARM-GCC/bin/../lib/gcc/arm-none-eabi/4.7.4/armv7-m/libgcc.a(_arm_fixunssfsi.o)
 .ARM.attributes
                0x0000028d       0x2d /home/laurence/ARM-GCC/bin/../lib/gcc/arm-none-eabi/4.7.4/../../../../arm-none-eabi/lib/armv7-m/libc.a(lib_a-malloc.o)
 .ARM.attributes
                0x000002ba       0x2d /home/laurence/ARM-GCC/bin/../lib/gcc/arm-none-eabi/4.7.4/../../../../arm-none-eabi/lib/armv7-m/libc.a(lib_a-mallocr.o)
 .ARM.attributes
                0x000002e7       0x2d /home/laurence/ARM-GCC/bin/../lib/gcc/arm-none-eabi/4.7.4/../../../../arm-none-eabi/lib/armv7-m/libc.a(lib_a-mlock.o)
 .ARM.attributes
                0x00000314       0x2d /home/laurence/ARM-GCC/bin/../lib/gcc/arm-none-eabi/4.7.4/../../../../arm-none-eabi/lib/armv7-m/libc.a(lib_a-sbrkr.o)
 .ARM.attributes
                0x00000341       0x2d /home/laurence/ARM-GCC/bin/../lib/gcc/arm-none-eabi/4.7.4/../../../../arm-none-eabi/lib/armv7-m/libc.a(lib_a-strlen.o)
 .ARM.attributes
                0x0000036e       0x2d /home/laurence/ARM-GCC/bin/../lib/gcc/arm-none-eabi/4.7.4/../../../../arm-none-eabi/lib/armv7-m/libc.a(lib_a-freer.o)
 .ARM.attributes
                0x0000039b       0x2d /home/laurence/ARM-GCC/bin/../lib/gcc/arm-none-eabi/4.7.4/../../../../arm-none-eabi/lib/armv7-m/libc.a(lib_a-reent.o)
 .ARM.attributes
                0x000003c8       0x21 lib/CMSIS_CM3/startup/gcc/startup_stm32f10x_md.o
 .ARM.attributes
                0x000003e9       0x33 lib/STM32F10x_StdPeriph_Driver/libstm32fw.a(misc.o)
 .ARM.attributes
                0x0000041c       0x33 lib/STM32F10x_StdPeriph_Driver/libstm32fw.a(stm32f10x_adc.o)
 .ARM.attributes
                0x0000044f       0x33 lib/STM32F10x_StdPeriph_Driver/libstm32fw.a(stm32f10x_bkp.o)
 .ARM.attributes
                0x00000482       0x33 lib/STM32F10x_StdPeriph_Driver/libstm32fw.a(stm32f10x_dbgmcu.o)
 .ARM.attributes
                0x000004b5       0x33 lib/STM32F10x_StdPeriph_Driver/libstm32fw.a(stm32f10x_dma.o)
 .ARM.attributes
                0x000004e8       0x33 lib/STM32F10x_StdPeriph_Driver/libstm32fw.a(stm32f10x_exti.o)
 .ARM.attributes
                0x0000051b       0x33 lib/STM32F10x_StdPeriph_Driver/libstm32fw.a(stm32f10x_gpio.o)
 .ARM.attributes
                0x0000054e       0x33 lib/STM32F10x_StdPeriph_Driver/libstm32fw.a(stm32f10x_i2c.o)
 .ARM.attributes
                0x00000581       0x33 lib/STM32F10x_StdPeriph_Driver/libstm32fw.a(stm32f10x_iwdg.o)
 .ARM.attributes
                0x000005b4       0x33 lib/STM32F10x_StdPeriph_Driver/libstm32fw.a(stm32f10x_pwr.o)
 .ARM.attributes
                0x000005e7       0x33 lib/STM32F10x_StdPeriph_Driver/libstm32fw.a(stm32f10x_rcc.o)
 .ARM.attributes
                0x0000061a       0x33 lib/STM32F10x_StdPeriph_Driver/libstm32fw.a(stm32f10x_rtc.o)
 .ARM.attributes
                0x0000064d       0x33 lib/STM32F10x_StdPeriph_Driver/libstm32fw.a(stm32f10x_spi.o)
 .ARM.attributes
                0x00000680       0x33 lib/STM32F10x_StdPeriph_Driver/libstm32fw.a(stm32f10x_usart.o)
 .ARM.attributes
                0x000006b3       0x33 lib/STM32_USB-FS-Device_Driver/libstm32usb.a(usb_core.o)
 .ARM.attributes
                0x000006e6       0x33 lib/STM32_USB-FS-Device_Driver/libstm32usb.a(usb_init.o)
 .ARM.attributes
                0x00000719       0x33 lib/STM32_USB-FS-Device_Driver/libstm32usb.a(usb_int.o)
 .ARM.attributes
                0x0000074c       0x33 lib/STM32_USB-FS-Device_Driver/libstm32usb.a(usb_mem.o)
 .ARM.attributes
                0x0000077f       0x33 lib/STM32_USB-FS-Device_Driver/libstm32usb.a(usb_regs.o)
 .ARM.attributes
                0x000007b2       0x33 lib/STM32_USB-FS-Device_Driver/libstm32usb.a(usb_sil.o)
 .ARM.attributes
                0x000007e5       0x2d /home/laurence/ARM-GCC/bin/../lib/gcc/arm-none-eabi/4.7.4/../../../../arm-none-eabi/lib/armv7-m/libc.a(lib_a-impure.o)
 .ARM.attributes
                0x00000812       0x2d /home/laurence/ARM-GCC/bin/../lib/gcc/arm-none-eabi/4.7.4/../../../../arm-none-eabi/lib/armv7-m/libc.a(lib_a-memset.o)
 .ARM.attributes
                0x0000083f       0x1d /home/laurence/ARM-GCC/bin/../lib/gcc/arm-none-eabi/4.7.4/armv7-m/crtn.o
 .ARM.attributes
                0x0000085c       0x2d /home/laurence/ARM-GCC/bin/../lib/gcc/arm-none-eabi/4.7.4/../../../../arm-none-eabi/lib/armv7-m/libnosys.a(sbrk.o)

.debug
 *(.debug)

.line
 *(.line)

.debug_srcinfo
 *(.debug_srcinfo)

.debug_sfnames
 *(.debug_sfnames)

.debug_aranges
 *(.debug_aranges)

.debug_pubnames
 *(.debug_pubnames)

.debug_info
 *(.debug_info .gnu.linkonce.wi.*)

.debug_abbrev
 *(.debug_abbrev)

.debug_line
 *(.debug_line)

.debug_frame    0x00000000      0x1ec
 *(.debug_frame)
 .debug_frame   0x00000000       0x30 /home/laurence/ARM-GCC/bin/../lib/gcc/arm-none-eabi/4.7.4/../../../../arm-none-eabi/lib/armv7-m/libc.a(lib_a-malloc.o)
 .debug_frame   0x00000030       0x38 /home/laurence/ARM-GCC/bin/../lib/gcc/arm-none-eabi/4.7.4/../../../../arm-none-eabi/lib/armv7-m/libc.a(lib_a-mallocr.o)
 .debug_frame   0x00000068       0x30 /home/laurence/ARM-GCC/bin/../lib/gcc/arm-none-eabi/4.7.4/../../../../arm-none-eabi/lib/armv7-m/libc.a(lib_a-mlock.o)
 .debug_frame   0x00000098       0x2c /home/laurence/ARM-GCC/bin/../lib/gcc/arm-none-eabi/4.7.4/../../../../arm-none-eabi/lib/armv7-m/libc.a(lib_a-sbrkr.o)
 .debug_frame   0x000000c4       0x20 /home/laurence/ARM-GCC/bin/../lib/gcc/arm-none-eabi/4.7.4/../../../../arm-none-eabi/lib/armv7-m/libc.a(lib_a-strlen.o)
 .debug_frame   0x000000e4       0x50 /home/laurence/ARM-GCC/bin/../lib/gcc/arm-none-eabi/4.7.4/../../../../arm-none-eabi/lib/armv7-m/libc.a(lib_a-freer.o)
 .debug_frame   0x00000134       0x6c /home/laurence/ARM-GCC/bin/../lib/gcc/arm-none-eabi/4.7.4/../../../../arm-none-eabi/lib/armv7-m/libc.a(lib_a-reent.o)
 .debug_frame   0x000001a0       0x2c /home/laurence/ARM-GCC/bin/../lib/gcc/arm-none-eabi/4.7.4/../../../../arm-none-eabi/lib/armv7-m/libc.a(lib_a-memset.o)
 .debug_frame   0x000001cc       0x20 /home/laurence/ARM-GCC/bin/../lib/gcc/arm-none-eabi/4.7.4/../../../../arm-none-eabi/lib/armv7-m/libnosys.a(sbrk.o)

.debug_str
 *(.debug_str)

.debug_loc
 *(.debug_loc)

.debug_macinfo
 *(.debug_macinfo)

.debug_weaknames
 *(.debug_weaknames)

.debug_funcnames
 *(.debug_funcnames)

.debug_typenames
 *(.debug_typenames)

.debug_varnames
 *(.debug_varnames)
OUTPUT(main.elf elf32-littlearm)

Cross Reference Table

Symbol                                            File
ADC1_2_IRQHandler                                 /tmp/ccJlyByB.ltrans6.ltrans.o
                                                  lib/CMSIS_CM3/startup/gcc/startup_stm32f10x_md.o
ADC_AnalogWatchdogCmd                             lib/STM32F10x_StdPeriph_Driver/libstm32fw.a(stm32f10x_adc.o)
ADC_AnalogWatchdogSingleChannelConfig             lib/STM32F10x_StdPeriph_Driver/libstm32fw.a(stm32f10x_adc.o)
ADC_AnalogWatchdogThresholdsConfig                lib/STM32F10x_StdPeriph_Driver/libstm32fw.a(stm32f10x_adc.o)
ADC_AutoInjectedConvCmd                           lib/STM32F10x_StdPeriph_Driver/libstm32fw.a(stm32f10x_adc.o)
ADC_ClearFlag                                     lib/STM32F10x_StdPeriph_Driver/libstm32fw.a(stm32f10x_adc.o)
                                                  /tmp/ccJlyByB.ltrans6.ltrans.o
ADC_ClearITPendingBit                             lib/STM32F10x_StdPeriph_Driver/libstm32fw.a(stm32f10x_adc.o)
                                                  /tmp/ccJlyByB.ltrans6.ltrans.o
ADC_Cmd                                           lib/STM32F10x_StdPeriph_Driver/libstm32fw.a(stm32f10x_adc.o)
                                                  /tmp/ccJlyByB.ltrans1.ltrans.o
ADC_DMACmd                                        lib/STM32F10x_StdPeriph_Driver/libstm32fw.a(stm32f10x_adc.o)
ADC_DeInit                                        lib/STM32F10x_StdPeriph_Driver/libstm32fw.a(stm32f10x_adc.o)
                                                  /tmp/ccJlyByB.ltrans1.ltrans.o
ADC_DiscModeChannelCountConfig                    lib/STM32F10x_StdPeriph_Driver/libstm32fw.a(stm32f10x_adc.o)
ADC_DiscModeCmd                                   lib/STM32F10x_StdPeriph_Driver/libstm32fw.a(stm32f10x_adc.o)
ADC_ExternalTrigConvCmd                           lib/STM32F10x_StdPeriph_Driver/libstm32fw.a(stm32f10x_adc.o)
ADC_ExternalTrigInjectedConvCmd                   lib/STM32F10x_StdPeriph_Driver/libstm32fw.a(stm32f10x_adc.o)
ADC_ExternalTrigInjectedConvConfig                lib/STM32F10x_StdPeriph_Driver/libstm32fw.a(stm32f10x_adc.o)
                                                  /tmp/ccJlyByB.ltrans1.ltrans.o
ADC_GetCalibrationStatus                          lib/STM32F10x_StdPeriph_Driver/libstm32fw.a(stm32f10x_adc.o)
                                                  /tmp/ccJlyByB.ltrans1.ltrans.o
ADC_GetConversionValue                            lib/STM32F10x_StdPeriph_Driver/libstm32fw.a(stm32f10x_adc.o)
                                                  /tmp/ccJlyByB.ltrans6.ltrans.o
ADC_GetDualModeConversionValue                    lib/STM32F10x_StdPeriph_Driver/libstm32fw.a(stm32f10x_adc.o)
ADC_GetFlagStatus                                 lib/STM32F10x_StdPeriph_Driver/libstm32fw.a(stm32f10x_adc.o)
                                                  /tmp/ccJlyByB.ltrans6.ltrans.o
ADC_GetITStatus                                   lib/STM32F10x_StdPeriph_Driver/libstm32fw.a(stm32f10x_adc.o)
                                                  /tmp/ccJlyByB.ltrans6.ltrans.o
ADC_GetInjectedConversionValue                    lib/STM32F10x_StdPeriph_Driver/libstm32fw.a(stm32f10x_adc.o)
                                                  /tmp/ccJlyByB.ltrans6.ltrans.o
ADC_GetResetCalibrationStatus                     lib/STM32F10x_StdPeriph_Driver/libstm32fw.a(stm32f10x_adc.o)
                                                  /tmp/ccJlyByB.ltrans1.ltrans.o
ADC_GetSoftwareStartConvStatus                    lib/STM32F10x_StdPeriph_Driver/libstm32fw.a(stm32f10x_adc.o)
ADC_GetSoftwareStartInjectedConvCmdStatus         lib/STM32F10x_StdPeriph_Driver/libstm32fw.a(stm32f10x_adc.o)
ADC_ITConfig                                      lib/STM32F10x_StdPeriph_Driver/libstm32fw.a(stm32f10x_adc.o)
ADC_Init                                          lib/STM32F10x_StdPeriph_Driver/libstm32fw.a(stm32f10x_adc.o)
                                                  /tmp/ccJlyByB.ltrans1.ltrans.o
ADC_InjectedChannelConfig                         lib/STM32F10x_StdPeriph_Driver/libstm32fw.a(stm32f10x_adc.o)
                                                  /tmp/ccJlyByB.ltrans1.ltrans.o
ADC_InjectedDiscModeCmd                           lib/STM32F10x_StdPeriph_Driver/libstm32fw.a(stm32f10x_adc.o)
ADC_InjectedSequencerLengthConfig                 lib/STM32F10x_StdPeriph_Driver/libstm32fw.a(stm32f10x_adc.o)
                                                  /tmp/ccJlyByB.ltrans1.ltrans.o
ADC_RegularChannelConfig                          lib/STM32F10x_StdPeriph_Driver/libstm32fw.a(stm32f10x_adc.o)
                                                  /tmp/ccJlyByB.ltrans2.ltrans.o
ADC_ResetCalibration                              lib/STM32F10x_StdPeriph_Driver/libstm32fw.a(stm32f10x_adc.o)
                                                  /tmp/ccJlyByB.ltrans1.ltrans.o
ADC_SetInjectedOffset                             lib/STM32F10x_StdPeriph_Driver/libstm32fw.a(stm32f10x_adc.o)
ADC_SoftwareStartConvCmd                          lib/STM32F10x_StdPeriph_Driver/libstm32fw.a(stm32f10x_adc.o)
                                                  /tmp/ccJlyByB.ltrans2.ltrans.o
ADC_SoftwareStartInjectedConvCmd                  lib/STM32F10x_StdPeriph_Driver/libstm32fw.a(stm32f10x_adc.o)