Archive member included because of file (symbol)

lib/STM32F10x_StdPeriph_Driver/libstm32fw.a(misc.o)
                              interrupts.o (symbol from plugin) (NVIC_PriorityGroupConfig)
lib/STM32F10x_StdPeriph_Driver/libstm32fw.a(stm32f10x_adc.o)
                              adc.o (symbol from plugin) (ADC_DeInit)
lib/STM32F10x_StdPeriph_Driver/libstm32fw.a(stm32f10x_bkp.o)
                              Util/fat_fs/src/rtc.o (symbol from plugin) (BKP_DeInit)
lib/STM32F10x_StdPeriph_Driver/libstm32fw.a(stm32f10x_dbgmcu.o)
                              main.o (symbol from plugin) (DBGMCU_Config)
lib/STM32F10x_StdPeriph_Driver/libstm32fw.a(stm32f10x_dma.o)
                              Silabs/si446x.o (symbol from plugin) (DMA_DeInit)
lib/STM32F10x_StdPeriph_Driver/libstm32fw.a(stm32f10x_exti.o)
                              Silabs/si446x.o (symbol from plugin) (EXTI_DeInit)
lib/STM32F10x_StdPeriph_Driver/libstm32fw.a(stm32f10x_gpio.o)
                              Silabs/si446x.o (symbol from plugin) (GPIO_Init)
lib/STM32F10x_StdPeriph_Driver/libstm32fw.a(stm32f10x_i2c.o)
                              i2c_int.o (symbol from plugin) (I2C_DeInit)
lib/STM32F10x_StdPeriph_Driver/libstm32fw.a(stm32f10x_iwdg.o)
                              watchdog.o (symbol from plugin) (IWDG_WriteAccessCmd)
lib/STM32F10x_StdPeriph_Driver/libstm32fw.a(stm32f10x_pwr.o)
                              pwr.o (symbol from plugin) (PWR_DeInit)
lib/STM32F10x_StdPeriph_Driver/libstm32fw.a(stm32f10x_rcc.o)
                              interrupts.o (symbol from plugin) (RCC_HCLKConfig)
lib/STM32F10x_StdPeriph_Driver/libstm32fw.a(stm32f10x_rtc.o)
                              Util/fat_fs/src/rtc.o (symbol from plugin) (RTC_GetCounter)
lib/STM32F10x_StdPeriph_Driver/libstm32fw.a(stm32f10x_spi.o)
                              Util/fat_fs/src/sd_spi_stm32.o (symbol from plugin) (SPI_I2S_DeInit)
lib/STM32F10x_StdPeriph_Driver/libstm32fw.a(stm32f10x_tim.o)
                              pwm.o (symbol from plugin) (TIM_TimeBaseInit)
lib/STM32F10x_StdPeriph_Driver/libstm32fw.a(stm32f10x_usart.o)
                              usart.o (symbol from plugin) (USART_DeInit)
lib/STM32_USB-FS-Device_Driver/libstm32usb.a(usb_core.o)
                              Util/USB/usb_prop.o (symbol from plugin) (Standard_GetDescriptorData)
lib/STM32_USB-FS-Device_Driver/libstm32usb.a(usb_init.o)
                              main.o (symbol from plugin) (USB_Init)
lib/STM32_USB-FS-Device_Driver/libstm32usb.a(usb_int.o)
                              Util/USB/usb_istr.o (symbol from plugin) (CTR_LP)
lib/STM32_USB-FS-Device_Driver/libstm32usb.a(usb_mem.o)
                              lib/STM32_USB-FS-Device_Driver/libstm32usb.a(usb_core.o) (UserToPMABufferCopy)
lib/STM32_USB-FS-Device_Driver/libstm32usb.a(usb_regs.o)
                              Util/USB/usb_prop.o (symbol from plugin) (SetBTABLE)
lib/STM32_USB-FS-Device_Driver/libstm32usb.a(usb_sil.o)
                              Util/USB/usb_prop.o (symbol from plugin) (USB_SIL_Init)
/home/laurence/ARM-GCC/gcc-arm-none-eabi-4_9-2014q4/bin/../lib/gcc/arm-none-eabi/4.9.3/../../../../arm-none-eabi/lib/armv7-m/libg.a(lib_a-exit.o)
                              /home/laurence/ARM-GCC/gcc-arm-none-eabi-4_9-2014q4/bin/../lib/gcc/arm-none-eabi/4.9.3/../../../../arm-none-eabi/lib/armv7-m/crt0.o (exit)
/home/laurence/ARM-GCC/gcc-arm-none-eabi-4_9-2014q4/bin/../lib/gcc/arm-none-eabi/4.9.3/../../../../arm-none-eabi/lib/armv7-m/libg.a(lib_a-impure.o)
                              /home/laurence/ARM-GCC/gcc-arm-none-eabi-4_9-2014q4/bin/../lib/gcc/arm-none-eabi/4.9.3/../../../../arm-none-eabi/lib/armv7-m/libg.a(lib_a-exit.o) (_global_impure_ptr)
/home/laurence/ARM-GCC/gcc-arm-none-eabi-4_9-2014q4/bin/../lib/gcc/arm-none-eabi/4.9.3/../../../../arm-none-eabi/lib/armv7-m/libg.a(lib_a-init.o)
                              /home/laurence/ARM-GCC/gcc-arm-none-eabi-4_9-2014q4/bin/../lib/gcc/arm-none-eabi/4.9.3/../../../../arm-none-eabi/lib/armv7-m/crt0.o (__libc_init_array)
/home/laurence/ARM-GCC/gcc-arm-none-eabi-4_9-2014q4/bin/../lib/gcc/arm-none-eabi/4.9.3/../../../../arm-none-eabi/lib/armv7-m/libg.a(lib_a-memset.o)
                              /home/laurence/ARM-GCC/gcc-arm-none-eabi-4_9-2014q4/bin/../lib/gcc/arm-none-eabi/4.9.3/../../../../arm-none-eabi/lib/armv7-m/crt0.o (memset)
/home/laurence/ARM-GCC/gcc-arm-none-eabi-4_9-2014q4/bin/../lib/gcc/arm-none-eabi/4.9.3/../../../../arm-none-eabi/lib/armv7-m/libg.a(lib_a-__call_atexit.o)
                              /home/laurence/ARM-GCC/gcc-arm-none-eabi-4_9-2014q4/bin/../lib/gcc/arm-none-eabi/4.9.3/../../../../arm-none-eabi/lib/armv7-m/libg.a(lib_a-exit.o) (__call_exitprocs)
/home/laurence/ARM-GCC/gcc-arm-none-eabi-4_9-2014q4/bin/../lib/gcc/arm-none-eabi/4.9.3/../../../../arm-none-eabi/lib/armv7-m/libg.a(lib_a-atexit.o)
[...]
Memory Configuration

Name             Origin             Length             Attributes
RAM              0x20000000         0x00005000         xrw
FLASH            0x08000000         0x00020000         xr
FLASHB1          0x00000000         0x00000000         xr
EXTMEMB0         0x00000000         0x00000000         xr
EXTMEMB1         0x00000000         0x00000000         xr
EXTMEMB2         0x00000000         0x00000000         xr
EXTMEMB3         0x00000000         0x00000000         xr
STARTFLASH       0x00000000         0xffffffff
CRPPATCH         0x00000000         0xffffffff
FLASHPATCH       0x00000000         0xffffffff
ENDFLASH         0x00000000         0xffffffff
*default*        0x00000000         0xffffffff

Linker script and memory map

LOAD /home/laurence/ARM-GCC/gcc-arm-none-eabi-4_9-2014q4/bin/../lib/gcc/arm-none-eabi/4.9.3/armv7-m/crti.o
LOAD /home/laurence/ARM-GCC/gcc-arm-none-eabi-4_9-2014q4/bin/../lib/gcc/arm-none-eabi/4.9.3/armv7-m/crtbegin.o
LOAD /home/laurence/ARM-GCC/gcc-arm-none-eabi-4_9-2014q4/bin/../lib/gcc/arm-none-eabi/4.9.3/../../../../arm-none-eabi/lib/armv7-m/crt0.o
LOAD Silabs/si446x.o
LOAD /tmp/ccpI9JnT.ltrans0.ltrans.o
LOAD /tmp/ccpI9JnT.ltrans1.ltrans.o
LOAD /tmp/ccpI9JnT.ltrans2.ltrans.o
LOAD /tmp/ccpI9JnT.ltrans3.ltrans.o
LOAD /tmp/ccpI9JnT.ltrans4.ltrans.o
LOAD /tmp/ccpI9JnT.ltrans5.ltrans.o
LOAD /tmp/ccpI9JnT.ltrans6.ltrans.o
LOAD /tmp/ccpI9JnT.ltrans7.ltrans.o
LOAD /tmp/ccpI9JnT.ltrans8.ltrans.o
LOAD /home/laurence/ARM-GCC/gcc-arm-none-eabi-4_9-2014q4/bin/../lib/gcc/arm-none-eabi/4.9.3/armv7-m/libgcc.a
LOAD /home/laurence/ARM-GCC/gcc-arm-none-eabi-4_9-2014q4/bin/../lib/gcc/arm-none-eabi/4.9.3/../../../../arm-none-eabi/lib/armv7-m/libg.a
LOAD /home/laurence/ARM-GCC/gcc-arm-none-eabi-4_9-2014q4/bin/../lib/gcc/arm-none-eabi/4.9.3/../../../../arm-none-eabi/lib/armv7-m/libc.a
LOAD Ublox/ubx.o
LOAD Util/USB/hw_config.o
LOAD Util/USB/mass_mal.o
LOAD Util/USB/memory.o
LOAD Util/USB/scsi_data.o
LOAD Util/USB/usb_bot.o
LOAD Util/USB/usb_desc.o
LOAD Util/USB/usb_endp.o
LOAD Util/USB/usb_istr.o
LOAD Util/USB/usb_prop.o
LOAD Util/USB/usb_pwr.o
LOAD Util/USB/usb_scsi.o
LOAD Util/buffer.o
LOAD Util/crc.o
LOAD Util/delay.o
LOAD Util/fat_fs/option/ccsbcs.o
LOAD Util/fat_fs/src/fattime.o
LOAD Util/fat_fs/src/ff.o
LOAD Util/fat_fs/src/rtc.o
LOAD Util/fat_fs/src/sd_spi_stm32.o
LOAD Util/polygon.o
LOAD Util/rprintf.o
LOAD Util/wave.o
LOAD adc.o
LOAD dma.o
LOAD gpio.o
LOAD i2c_int.o
LOAD interrupts.o
LOAD lib/CMSIS_CM3/core_cm3.o
LOAD lib/CMSIS_CM3/startup/gcc/startup_stm32f10x_md.o
LOAD lib/CMSIS_CM3/system_stm32f10x.o
LOAD main.o
LOAD pwm.o
LOAD pwr.o
LOAD usart.o
LOAD watchdog.o
LOAD lib/STM32F10x_StdPeriph_Driver/libstm32fw.a
LOAD lib/STM32_USB-FS-Device_Driver/libstm32usb.a
LOAD /home/laurence/ARM-GCC/gcc-arm-none-eabi-4_9-2014q4/bin/../lib/gcc/arm-none-eabi/4.9.3/../../../../arm-none-eabi/lib/armv7-m/libm.a
LOAD /home/laurence/ARM-GCC/gcc-arm-none-eabi-4_9-2014q4/bin/../lib/gcc/arm-none-eabi/4.9.3/../../../../arm-none-eabi/lib/armv7-m/libnosys.a
START GROUP
LOAD /home/laurence/ARM-GCC/gcc-arm-none-eabi-4_9-2014q4/bin/../lib/gcc/arm-none-eabi/4.9.3/armv7-m/libgcc.a
LOAD /home/laurence/ARM-GCC/gcc-arm-none-eabi-4_9-2014q4/bin/../lib/gcc/arm-none-eabi/4.9.3/../../../../arm-none-eabi/lib/armv7-m/libg.a
LOAD /home/laurence/ARM-GCC/gcc-arm-none-eabi-4_9-2014q4/bin/../lib/gcc/arm-none-eabi/4.9.3/../../../../arm-none-eabi/lib/armv7-m/libc.a
END GROUP
LOAD /home/laurence/ARM-GCC/gcc-arm-none-eabi-4_9-2014q4/bin/../lib/gcc/arm-none-eabi/4.9.3/armv7-m/crtend.o
LOAD /home/laurence/ARM-GCC/gcc-arm-none-eabi-4_9-2014q4/bin/../lib/gcc/arm-none-eabi/4.9.3/armv7-m/crtn.o
                0x00002000                __Stack_Size = 0x2000
                0x00002000                PROVIDE (_Stack_Size, __Stack_Size)
                0x20003000                __Stack_Init = (_estack - __Stack_Size)
                0x20003000                PROVIDE (_Stack_Init, __Stack_Init)
                0x00002000                _Minimum_Stack_Size = 0x2000
                0x00000000                PROVIDE (Undefined_Handler, 0x0)
                0x00000000                PROVIDE (SWI_Handler, 0x0)
                0x00000000                PROVIDE (IRQ_Handler, 0x0)
                0x00000000                PROVIDE (Prefetch_Handler, 0x0)
                0x00000000                PROVIDE (Abort_Handler, 0x0)
                0x00000000                PROVIDE (FIQ_Handler, 0x0)
                0x00000000                PROVIDE (NMIException, 0x0)
                0x00000000                PROVIDE (NMI_Handler, 0x0)
                0x00000000                PROVIDE (HardFaultException, 0x0)
                0x00000000                PROVIDE (HardFault_Handler, 0x0)
                0x00000000                PROVIDE (MemManageException, 0x0)
                0x00000000                PROVIDE (MemManage_Handler, 0x0)
                0x00000000                PROVIDE (BusFaultException, 0x0)
                0x00000000                PROVIDE (BusFault_Handler, 0x0)
                0x00000000                PROVIDE (UsageFaultException, 0x0)
                0x00000000                PROVIDE (UsageFault_Handler, 0x0)
                0x00000000                PROVIDE (SVCHandler, 0x0)
                0x00000000                PROVIDE (SVC_Handler, 0x0)
                0x00000000                PROVIDE (DebugMonitor, 0x0)
                0x00000000                PROVIDE (DebugMon_Handler, 0x0)
                0x00000000                PROVIDE (PendSVC, 0x0)
                0x00000000                PROVIDE (PendSV_Handler, 0x0)
                0x00000000                PROVIDE (SysTickHandler, 0x0)
                0x00000000                PROVIDE (SysTick_Handler, 0x0)
                0x00000000                PROVIDE (WWDG_IRQHandler, 0x0)
                0x00000000                PROVIDE (PVD_IRQHandler, 0x0)
                0x00000000                PROVIDE (TAMPER_IRQHandler, 0x0)
                0x00000000                PROVIDE (RTC_IRQHandler, 0x0)
                0x00000000                PROVIDE (FLASH_IRQHandler, 0x0)
                0x00000000                PROVIDE (RCC_IRQHandler, 0x0)
                0x00000000                PROVIDE (EXTI0_IRQHandler, 0x0)
                0x00000000                PROVIDE (EXTI1_IRQHandler, 0x0)
                0x00000000                PROVIDE (EXTI2_IRQHandler, 0x0)
                0x00000000                PROVIDE (EXTI3_IRQHandler, 0x0)
                0x00000000                PROVIDE (EXTI4_IRQHandler, 0x0)
                0x00000000                PROVIDE (DMAChannel1_IRQHandler, 0x0)
                0x00000000                PROVIDE (DMAChannel2_IRQHandler, 0x0)
                0x00000000                PROVIDE (DMAChannel3_IRQHandler, 0x0)
                0x00000000                PROVIDE (DMAChannel4_IRQHandler, 0x0)
                0x00000000                PROVIDE (DMAChannel5_IRQHandler, 0x0)
                0x00000000                PROVIDE (DMAChannel6_IRQHandler, 0x0)
                0x00000000                PROVIDE (DMAChannel7_IRQHandler, 0x0)
                0x00000000                PROVIDE (DMA1_Channel1_IRQHandler, 0x0)
                0x00000000                PROVIDE (DMA1_Channel2_IRQHandler, 0x0)
                0x00000000                PROVIDE (DMA1_Channel3_IRQHandler, 0x0)
                0x00000000                PROVIDE (DMA1_Channel4_IRQHandler, 0x0)
                0x00000000                PROVIDE (DMA1_Channel5_IRQHandler, 0x0)
                0x00000000                PROVIDE (DMA1_Channel6_IRQHandler, 0x0)
                0x00000000                PROVIDE (DMA1_Channel7_IRQHandler, 0x0)
                0x00000000                PROVIDE (ADC_IRQHandler, 0x0)
                0x00000000                PROVIDE (ADC1_2_IRQHandler, 0x0)
                0x00000000                PROVIDE (USB_HP_CAN_TX_IRQHandler, 0x0)
                0x00000000                PROVIDE (USB_HP_CAN1_TX_IRQHandler, 0x0)
                0x00000000                PROVIDE (USB_LP_CAN_RX0_IRQHandler, 0x0)
                0x00000000                PROVIDE (USB_LP_CAN1_RX0_IRQHandler, 0x0)
                0x00000000                PROVIDE (CAN_RX1_IRQHandler, 0x0)
                0x00000000                PROVIDE (CAN1_RX1_IRQHandler, 0x0)
                0x00000000                PROVIDE (CAN_SCE_IRQHandler, 0x0)
                0x00000000                PROVIDE (CAN1_SCE_IRQHandler, 0x0)
                0x00000000                PROVIDE (EXTI9_5_IRQHandler, 0x0)
                0x00000000                PROVIDE (TIM1_BRK_IRQHandler, 0x0)
                0x00000000                PROVIDE (TIM1_UP_IRQHandler, 0x0)
                0x00000000                PROVIDE (TIM1_TRG_COM_IRQHandler, 0x0)
                0x00000000                PROVIDE (TIM1_CC_IRQHandler, 0x0)
                0x00000000                PROVIDE (TIM2_IRQHandler, 0x0)
                0x00000000                PROVIDE (TIM3_IRQHandler, 0x0)
                0x00000000                PROVIDE (TIM4_IRQHandler, 0x0)
                0x00000000                PROVIDE (I2C1_EV_IRQHandler, 0x0)
                0x00000000                PROVIDE (I2C1_ER_IRQHandler, 0x0)
                0x00000000                PROVIDE (I2C2_EV_IRQHandler, 0x0)
                0x00000000                PROVIDE (I2C2_ER_IRQHandler, 0x0)
                0x00000000                PROVIDE (SPI1_IRQHandler, 0x0)
                0x00000000                PROVIDE (SPI2_IRQHandler, 0x0)
                0x00000000                PROVIDE (USART1_IRQHandler, 0x0)
                0x00000000                PROVIDE (USART2_IRQHandler, 0x0)
                0x00000000                PROVIDE (USART3_IRQHandler, 0x0)
                0x00000000                PROVIDE (EXTI15_10_IRQHandler, 0x0)
                0x00000000                PROVIDE (RTCAlarm_IRQHandler, 0x0)
                0x00000000                PROVIDE (USBWakeUp_IRQHandler, 0x0)
                0x00000000                PROVIDE (TIM8_BRK_IRQHandler, 0x0)
                0x00000000                PROVIDE (TIM8_UP_IRQHandler, 0x0)
                0x00000000                PROVIDE (TIM8_TRG_COM_IRQHandler, 0x0)
                0x00000000                PROVIDE (TIM8_CC_IRQHandler, 0x0)
                0x00000000                PROVIDE (ADC3_IRQHandler, 0x0)
                0x00000000                PROVIDE (FSMC_IRQHandler, 0x0)
                0x00000000                PROVIDE (SDIO_IRQHandler, 0x0)
                0x00000000                PROVIDE (TIM5_IRQHandler, 0x0)
                0x00000000                PROVIDE (SPI3_IRQHandler, 0x0)
                0x00000000                PROVIDE (UART4_IRQHandler, 0x0)
                0x00000000                PROVIDE (UART5_IRQHandler, 0x0)
                0x00000000                PROVIDE (TIM6_IRQHandler, 0x0)
                0x00000000                PROVIDE (TIM7_IRQHandler, 0x0)
                0x00000000                PROVIDE (DMA2_Channel1_IRQHandler, 0x0)
                0x00000000                PROVIDE (DMA2_Channel2_IRQHandler, 0x0)
                0x00000000                PROVIDE (DMA2_Channel3_IRQHandler, 0x0)
                0x00000000                PROVIDE (DMA2_Channel4_5_IRQHandler, 0x0)
                0x42000000                PERIPH_BB_BASE = 0x42000000
                0x22000000                SRAM_BB_BASE = 0x22000000
                0x20000000                SRAM_BASE = 0x20000000
                0x40000000                PERIPH_BASE = 0x40000000
                0x40022000                PROVIDE (FLASH_BASE, 0x40022000)
                0x1ffff800                PROVIDE (OB_BASE, 0x1ffff800)
                0x40000000                APB1PERIPH_BASE = PERIPH_BASE
                0x40010000                APB2PERIPH_BASE = (PERIPH_BASE + 0x10000)
                0x40020000                AHBPERIPH_BASE = (PERIPH_BASE + 0x20000)
                0x40000000                PROVIDE (TIM2, (APB1PERIPH_BASE + 0x0))
                0x40000400                PROVIDE (TIM3, (APB1PERIPH_BASE + 0x400))
                0x40000800                PROVIDE (TIM4, (APB1PERIPH_BASE + 0x800))
                0x40002800                PROVIDE (RTC, (APB1PERIPH_BASE + 0x2800))
                0x40002c00                PROVIDE (WWDG, (APB1PERIPH_BASE + 0x2c00))
                0x40003000                PROVIDE (IWDG, (APB1PERIPH_BASE + 0x3000))
                0x40003800                PROVIDE (SPI2, (APB1PERIPH_BASE + 0x3800))
                0x40004400                PROVIDE (USART2, (APB1PERIPH_BASE + 0x4400))
                0x40004800                PROVIDE (USART3, (APB1PERIPH_BASE + 0x4800))
                0x40005400                PROVIDE (I2C1, (APB1PERIPH_BASE + 0x5400))
                0x40005800                PROVIDE (I2C2, (APB1PERIPH_BASE + 0x5800))
                0x40006400                PROVIDE (CAN, (APB1PERIPH_BASE + 0x6400))
                0x40006c00                PROVIDE (BKP, (APB1PERIPH_BASE + 0x6c00))
                0x40007000                PROVIDE (PWR, (APB1PERIPH_BASE + 0x7000))
                0x40010000                PROVIDE (AFIO, (APB2PERIPH_BASE + 0x0))
                0x40010400                PROVIDE (EXTI, (APB2PERIPH_BASE + 0x400))
                0x40010800                PROVIDE (GPIOA, (APB2PERIPH_BASE + 0x800))
                0x40010c00                PROVIDE (GPIOB, (APB2PERIPH_BASE + 0xc00))
                0x40011000                PROVIDE (GPIOC, (APB2PERIPH_BASE + 0x1000))
                0x40011400                PROVIDE (GPIOD, (APB2PERIPH_BASE + 0x1400))
                0x40011800                PROVIDE (GPIOE, (APB2PERIPH_BASE + 0x1800))
                0x40012400                PROVIDE (ADC1, (APB2PERIPH_BASE + 0x2400))
                0x40012800                PROVIDE (ADC2, (APB2PERIPH_BASE + 0x2800))
                0x40012c00                PROVIDE (TIM1, (APB2PERIPH_BASE + 0x2c00))
                0x40013000                PROVIDE (SPI1, (APB2PERIPH_BASE + 0x3000))
                0x40013800                PROVIDE (USART1, (APB2PERIPH_BASE + 0x3800))
                0x40020000                PROVIDE (DMA, (AHBPERIPH_BASE + 0x0))
                0x40020008                PROVIDE (DMA_Channel1, (AHBPERIPH_BASE + 0x8))
                0x4002001c                PROVIDE (DMA_Channel2, (AHBPERIPH_BASE + 0x1c))
                0x40020030                PROVIDE (DMA_Channel3, (AHBPERIPH_BASE + 0x30))
                0x40020044                PROVIDE (DMA_Channel4, (AHBPERIPH_BASE + 0x44))
                0x40020058                PROVIDE (DMA_Channel5, (AHBPERIPH_BASE + 0x58))
                0x4002006c                PROVIDE (DMA_Channel6, (AHBPERIPH_BASE + 0x6c))
                0x40020080                PROVIDE (DMA_Channel7, (AHBPERIPH_BASE + 0x80))
                0x40021000                PROVIDE (RCC, (AHBPERIPH_BASE + 0x1000))
                0xe000e000                SCS_BASE = 0xe000e000
                0xe000e010                PROVIDE (SysTick, (SCS_BASE + 0x10))
                0xe000e100                PROVIDE (NVIC, (SCS_BASE + 0x100))
                0xe000ed00                PROVIDE (SCB, (SCS_BASE + 0xd00))
                0x20005000                PROVIDE (_estack, (ORIGIN (RAM) + 0x5000))

.isr_vector     0x08000000      0x10c
                0x08000000                . = ALIGN (0x4)
 *(.isr_vector)
 .isr_vector    0x08000000      0x10c lib/CMSIS_CM3/startup/gcc/startup_stm32f10x_md.o
                0x08000000                g_pfnVectors
                0x0800010c                . = ALIGN (0x4)

.flash_start    0x00000000        0x0
                0x00000000                . = ALIGN (0x4)
 *(.flash_start)
 *(.flash_start.*)
                0x00000000                . = ALIGN (0x4)

.crp_patch      0x00000000        0x0
                0x00000000                . = ALIGN (0x4)
 *(.crp_patch)
                0x00000000                . = ALIGN (0x4)

.flashtext      0x0800010c        0x0
                0x0800010c                . = ALIGN (0x4)
 *(.flashtext)
                0x0800010c                . = ALIGN (0x4)

.text           0x08000110     0xc738
                0x08000110                . = ALIGN (0x4)
 *(.text)
 .text          0x08000110      0x370 /home/laurence/ARM-GCC/gcc-arm-none-eabi-4_9-2014q4/bin/../lib/gcc/arm-none-eabi/4.9.3/armv7-m/libgcc.a(_arm_addsubdf3.o)
                0x08000110                __aeabi_drsub
                0x08000118                __aeabi_dsub
                0x08000118                __subdf3
                0x0800011c                __adddf3
                0x0800011c                __aeabi_dadd
                0x08000394                __aeabi_ui2d
                0x08000394                __floatunsidf
                0x080003b4                __floatsidf
                0x080003b4                __aeabi_i2d
                0x080003d8                __extendsfdf2
                0x080003d8                __aeabi_f2d
                0x08000414                __aeabi_ul2d
                0x08000414                __floatundidf
                0x08000424                __floatdidf
                0x08000424                __aeabi_l2d
 .text          0x08000480      0x424 /home/laurence/ARM-GCC/gcc-arm-none-eabi-4_9-2014q4/bin/../lib/gcc/arm-none-eabi/4.9.3/armv7-m/libgcc.a(_arm_muldivdf3.o)
                0x08000480                __aeabi_dmul
                0x08000480                __muldf3
                0x080006d4                __aeabi_ddiv
                0x080006d4                __divdf3
 .text          0x080008a4      0x110 /home/laurence/ARM-GCC/gcc-arm-none-eabi-4_9-2014q4/bin/../lib/gcc/arm-none-eabi/4.9.3/armv7-m/libgcc.a(_arm_cmpdf2.o)
                0x080008a4                __gtdf2
                0x080008a4                __gedf2
                0x080008ac                __ltdf2
                0x080008ac                __ledf2
                0x080008b4                __cmpdf2
                0x080008b4                __eqdf2
                0x080008b4                __nedf2
                0x08000930                __aeabi_cdrcmple
                0x08000940                __aeabi_cdcmple
                0x08000940                __aeabi_cdcmpeq
                0x08000950                __aeabi_dcmpeq
                0x08000964                __aeabi_dcmplt
                0x08000978                __aeabi_dcmple
                0x0800098c                __aeabi_dcmpge
                0x080009a0                __aeabi_dcmpgt
 .text          0x080009b4       0x40 /home/laurence/ARM-GCC/gcc-arm-none-eabi-4_9-2014q4/bin/../lib/gcc/arm-none-eabi/4.9.3/armv7-m/libgcc.a(_arm_fixunsdfsi.o)
                0x080009b4                __fixunsdfsi
                0x080009b4                __aeabi_d2uiz
 .text          0x080009f4       0xa0 /home/laurence/ARM-GCC/gcc-arm-none-eabi-4_9-2014q4/bin/../lib/gcc/arm-none-eabi/4.9.3/armv7-m/libgcc.a(_arm_truncdfsf2.o)
                0x080009f4                __aeabi_d2f
                0x080009f4                __truncdfsf2
 .text          0x08000a94      0x21c /home/laurence/ARM-GCC/gcc-arm-none-eabi-4_9-2014q4/bin/../lib/gcc/arm-none-eabi/4.9.3/armv7-m/libgcc.a(_arm_addsubsf3.o)
                0x08000a94                __aeabi_frsub
                0x08000a9c                __subsf3
                0x08000a9c                __aeabi_fsub
                0x08000aa0                __aeabi_fadd
                0x08000aa0                __addsf3
                0x08000c00                __aeabi_ui2f
                0x08000c00                __floatunsisf
                0x08000c08                __aeabi_i2f
                0x08000c08                __floatsisf
                0x08000c24                __floatundisf
                0x08000c24                __aeabi_ul2f
                0x08000c34                __floatdisf
                0x08000c34                __aeabi_l2f
 .text          0x08000cb0      0x2a0 /home/laurence/ARM-GCC/gcc-arm-none-eabi-4_9-2014q4/bin/../lib/gcc/arm-none-eabi/4.9.3/armv7-m/libgcc.a(_arm_muldivsf3.o)
                0x08000cb0                __mulsf3
                0x08000cb0                __aeabi_fmul
                0x08000e18                __divsf3
                0x08000e18                __aeabi_fdiv
 .text          0x08000f50       0xec /home/laurence/ARM-GCC/gcc-arm-none-eabi-4_9-2014q4/bin/../lib/gcc/arm-none-eabi/4.9.3/armv7-m/libgcc.a(_arm_cmpsf2.o)
                0x08000f50                __gtsf2
                0x08000f50                __gesf2
                0x08000f58                __lesf2
                0x08000f58                __ltsf2
                0x08000f60                __nesf2
                0x08000f60                __eqsf2
                0x08000f60                __cmpsf2
                0x08000fc0                __aeabi_cfrcmple
                0x08000fc8                __aeabi_cfcmple
                0x08000fc8                __aeabi_cfcmpeq
                0x08000fd8                __aeabi_fcmpeq
                0x08000fec                __aeabi_fcmplt
                0x08001000                __aeabi_fcmple
                0x08001014                __aeabi_fcmpge
                0x08001028                __aeabi_fcmpgt
 .text          0x0800103c       0x40 /home/laurence/ARM-GCC/gcc-arm-none-eabi-4_9-2014q4/bin/../lib/gcc/arm-none-eabi/4.9.3/armv7-m/libgcc.a(_arm_fixunssfsi.o)
                0x0800103c                __aeabi_f2uiz
                0x0800103c                __fixunssfsi
 .text          0x0800107c       0xec /home/laurence/ARM-GCC/gcc-arm-none-eabi-4_9-2014q4/bin/../lib/gcc/arm-none-eabi/4.9.3/../../../../arm-none-eabi/lib/armv7-m/libg.a(lib_a-memcpy.o)
                0x0800107c                memcpy
 *(.text.*)
 .text.si446x_spi_state_machine
                0x08001168      0x2d4 /tmp/ccpI9JnT.ltrans0.ltrans.o
 .text.si446x_busy_wait_send_receive
                0x0800143c       0xfc /tmp/ccpI9JnT.ltrans0.ltrans.o
 .text.si446x_set_modem
                0x08001538      0x29c /tmp/ccpI9JnT.ltrans0.ltrans.o
 .text.si446x_set_deviation_channel_bps
                0x080017d4      0x118 /tmp/ccpI9JnT.ltrans0.ltrans.o
 .text.si446x_set_frequency
                0x080018ec      0x174 /tmp/ccpI9JnT.ltrans0.ltrans.o
 .text.si446x_state_machine
                0x08001a60      0x4d4 /tmp/ccpI9JnT.ltrans0.ltrans.o
 .text.Gps_Process_Byte
                0x08001f34      0x210 /tmp/ccpI9JnT.ltrans0.ltrans.o
                0x08001f34                Gps_Process_Byte
 .text.EXTI15_10_IRQHandler
                0x08002144       0x48 /tmp/ccpI9JnT.ltrans0.ltrans.o
                0x08002144                EXTI15_10_IRQHandler
 .text.DMA1_Channel2_IRQHandler
                0x0800218c       0x50 /tmp/ccpI9JnT.ltrans0.ltrans.o
                0x0800218c                DMA1_Channel2_IRQHandler
 .text.USART3_IRQHandler
                0x080021dc       0x90 /tmp/ccpI9JnT.ltrans0.ltrans.o
                0x080021dc                USART3_IRQHandler
 .text.EXTI0_IRQHandler
                0x0800226c       0x44 /tmp/ccpI9JnT.ltrans0.ltrans.o
                0x0800226c                EXTI0_IRQHandler
 .text.si446x_setup
                0x080022b0      0x448 /tmp/ccpI9JnT.ltrans0.ltrans.o
                0x080022b0                si446x_setup
 .text.silabs_cts_jammed
                0x080026f8       0x28 /tmp/ccpI9JnT.ltrans0.ltrans.o
                0x080026f8                silabs_cts_jammed
 .text.get_from_silabs_buffer
                0x08002720       0x20 /tmp/ccpI9JnT.ltrans0.ltrans.o
                0x08002720                get_from_silabs_buffer
 .text.send_string_to_silabs
                0x08002740       0x40 /tmp/ccpI9JnT.ltrans0.ltrans.o
                0x08002740                send_string_to_silabs
 .text.rStrLen  0x08002780       0x14 /tmp/ccpI9JnT.ltrans1.ltrans.o
 .text.Isdigit  0x08002794       0x10 /tmp/ccpI9JnT.ltrans1.ltrans.o
 .text.atoiRamRom
                0x080027a4       0x2c /tmp/ccpI9JnT.ltrans1.ltrans.o
 .text.xmit_datablock
                0x080027d0       0x4c /tmp/ccpI9JnT.ltrans1.ltrans.o
 .text.power_off_
                0x0800281c       0x6c /tmp/ccpI9JnT.ltrans1.ltrans.o
 .text.ReadADC1_noblock
                0x08002888       0x20 /tmp/ccpI9JnT.ltrans1.ltrans.o
                0x08002888                ReadADC1_noblock
 .text.ADC_Configuration
                0x080028a8       0xf8 /tmp/ccpI9JnT.ltrans1.ltrans.o
                0x080028a8                ADC_Configuration
 .text.wave_terminate
                0x080029a0       0x78 /tmp/ccpI9JnT.ltrans1.ltrans.o
                0x080029a0                wave_terminate
 .text.write_wave_samples
                0x08002a18       0x78 /tmp/ccpI9JnT.ltrans1.ltrans.o
                0x08002a18                write_wave_samples
 .text.write_wave_header
                0x08002a90       0xd4 /tmp/ccpI9JnT.ltrans1.ltrans.o
                0x08002a90                write_wave_header
 .text.rprintfChar
                0x08002b64       0x20 /tmp/ccpI9JnT.ltrans1.ltrans.o
                0x08002b64                rprintfChar
 .text.rprintfFloat
                0x08002b84       0xc8 /tmp/ccpI9JnT.ltrans1.ltrans.o
 .text.rprintf2RamRom
                0x08002c4c      0x360 /tmp/ccpI9JnT.ltrans1.ltrans.o
                0x08002c4c                rprintf2RamRom
 .text.rprintfInit
                0x08002fac        0xc /tmp/ccpI9JnT.ltrans1.ltrans.o
                0x08002fac                rprintfInit
 .text.pointinpoly
                0x08002fb8       0x54 /tmp/ccpI9JnT.ltrans1.ltrans.o
                0x08002fb8                pointinpoly
 .text.disk_timerproc
                0x0800300c       0x50 /tmp/ccpI9JnT.ltrans1.ltrans.o
                0x0800300c                disk_timerproc
 .text.disk_status
                0x0800305c       0x14 /tmp/ccpI9JnT.ltrans1.ltrans.o
                0x0800305c                disk_status
 .text.send_cmd.lto_priv.10
                0x08003070       0xd4 /tmp/ccpI9JnT.ltrans1.ltrans.o
                0x08003070                send_cmd.lto_priv.10
 .text.disk_write
                0x08003144       0xb0 /tmp/ccpI9JnT.ltrans1.ltrans.o
                0x08003144                disk_write
 .text.disk_initialize
                0x080031f4      0x164 /tmp/ccpI9JnT.ltrans1.ltrans.o
                0x080031f4                disk_initialize
 .text.rcvr_datablock
                0x08003358       0x60 /tmp/ccpI9JnT.ltrans1.ltrans.o
                0x08003358                rcvr_datablock
 .text.disk_ioctl
                0x080033b8      0x2b0 /tmp/ccpI9JnT.ltrans1.ltrans.o
                0x080033b8                disk_ioctl
 .text.disk_read
                0x08003668       0xac /tmp/ccpI9JnT.ltrans1.ltrans.o
                0x08003668                disk_read
 .text.ff_wtoupper
                0x08003714       0x24 /tmp/ccpI9JnT.ltrans2.ltrans.o
 .text.crc_xmodem_update
                0x08003738       0x28 /tmp/ccpI9JnT.ltrans2.ltrans.o
 .text.sum_sfn.lto_priv.25
                0x08003760       0x1c /tmp/ccpI9JnT.ltrans2.ltrans.o
                0x08003760                sum_sfn.lto_priv.25
 .text.fit_lfn.lto_priv.24
                0x0800377c       0x64 /tmp/ccpI9JnT.ltrans2.ltrans.o
                0x0800377c                fit_lfn.lto_priv.24
 .text.cmp_lfn.lto_priv.27
                0x080037e0       0x9c /tmp/ccpI9JnT.ltrans2.ltrans.o
                0x080037e0                cmp_lfn.lto_priv.27
 .text.clust2sect
                0x0800387c       0x18 /tmp/ccpI9JnT.ltrans2.ltrans.o
                0x0800387c                clust2sect
 .text.move_window.lto_priv.18
                0x08003894       0x7c /tmp/ccpI9JnT.ltrans2.ltrans.o
                0x08003894                move_window.lto_priv.18
 .text.put_fat  0x08003910      0x108 /tmp/ccpI9JnT.ltrans2.ltrans.o
                0x08003910                put_fat
 .text.get_fat  0x08003a18       0xe8 /tmp/ccpI9JnT.ltrans2.ltrans.o
                0x08003a18                get_fat
 .text.dir_sdi.lto_priv.20
                0x08003b00       0x94 /tmp/ccpI9JnT.ltrans2.ltrans.o
                0x08003b00                dir_sdi.lto_priv.20
 .text.create_chain.lto_priv.16
                0x08003b94       0xac /tmp/ccpI9JnT.ltrans2.ltrans.o
                0x08003b94                create_chain.lto_priv.16
 .text.remove_chain.lto_priv.11
                0x08003c40       0x64 /tmp/ccpI9JnT.ltrans2.ltrans.o
                0x08003c40                remove_chain.lto_priv.11
 .text.chk_chr.lto_priv.21
                0x08003ca4       0x10 /tmp/ccpI9JnT.ltrans2.ltrans.o
                0x08003ca4                chk_chr.lto_priv.21
 .text.mem_cmp.lto_priv.26
                0x08003cb4       0x24 /tmp/ccpI9JnT.ltrans2.ltrans.o
                0x08003cb4                mem_cmp.lto_priv.26
 .text.mem_set.lto_priv.22
                0x08003cd8       0x10 /tmp/ccpI9JnT.ltrans2.ltrans.o
                0x08003cd8                mem_set.lto_priv.22
 .text.dir_next.lto_priv.23
                0x08003ce8      0x124 /tmp/ccpI9JnT.ltrans2.ltrans.o
                0x08003ce8                dir_next.lto_priv.23
 .text.sync.lto_priv.17
                0x08003e0c       0xb8 /tmp/ccpI9JnT.ltrans2.ltrans.o
                0x08003e0c                sync.lto_priv.17
 .text.mem_cpy.lto_priv.19
                0x08003ec4       0x14 /tmp/ccpI9JnT.ltrans2.ltrans.o
                0x08003ec4                mem_cpy.lto_priv.19
 .text.gen_numname
                0x08003ed8       0x88 /tmp/ccpI9JnT.ltrans2.ltrans.o
                0x08003ed8                gen_numname
 .text.get_fattime
                0x08003f60       0x44 /tmp/ccpI9JnT.ltrans2.ltrans.o
                0x08003f60                get_fattime
 .text.ff_convert
                0x08003fa4       0x40 /tmp/ccpI9JnT.ltrans2.ltrans.o
                0x08003fa4                ff_convert
 .text.Delay    0x08003fe4       0x20 /tmp/ccpI9JnT.ltrans2.ltrans.o
                0x08003fe4                Delay
 .text.string_CRC16_checksum
                0x08004004       0x28 /tmp/ccpI9JnT.ltrans2.ltrans.o
                0x08004004                string_CRC16_checksum
 .text.Init_Dma_Buffer
                0x0800402c       0x14 /tmp/ccpI9JnT.ltrans2.ltrans.o
                0x0800402c                Init_Dma_Buffer
 .text.Init_Byte_Buffer
                0x08004040       0x14 /tmp/ccpI9JnT.ltrans2.ltrans.o
                0x08004040                Init_Byte_Buffer
 .text.Init_Buffer
                0x08004054       0x14 /tmp/ccpI9JnT.ltrans2.ltrans.o
                0x08004054                Init_Buffer
 .text.Bytes_In_DMA_Buffer
                0x08004068       0x24 /tmp/ccpI9JnT.ltrans2.ltrans.o
                0x08004068                Bytes_In_DMA_Buffer
 .text.Empty_Dma_Buffer
                0x0800408c        0xc /tmp/ccpI9JnT.ltrans2.ltrans.o
                0x0800408c                Empty_Dma_Buffer
 .text.Pop_From_Dma_Buffer
                0x08004098       0x28 /tmp/ccpI9JnT.ltrans2.ltrans.o
                0x08004098                Pop_From_Dma_Buffer
 .text.Pop_From_Byte_Buffer
                0x080040c0       0x28 /tmp/ccpI9JnT.ltrans2.ltrans.o
                0x080040c0                Pop_From_Byte_Buffer
 .text.Pop_From_Buffer
                0x080040e8       0x2c /tmp/ccpI9JnT.ltrans2.ltrans.o
                0x080040e8                Pop_From_Buffer
 .text.Get_From_Byte_Buffer
                0x08004114       0x40 /tmp/ccpI9JnT.ltrans2.ltrans.o
                0x08004114                Get_From_Byte_Buffer
 .text.Add_To_Byte_Buffer
                0x08004154       0x4c /tmp/ccpI9JnT.ltrans2.ltrans.o
                0x08004154                Add_To_Byte_Buffer
 .text.Add_To_Buffer
                0x080041a0       0x50 /tmp/ccpI9JnT.ltrans2.ltrans.o
                0x080041a0                Add_To_Buffer
 .text.SCSI_Format_Cmd
                0x080041f0       0x14 /tmp/ccpI9JnT.ltrans2.ltrans.o
                0x080041f0                SCSI_Format_Cmd
 .text.SCSI_Start_Stop_Unit_Cmd
                0x08004204        0xc /tmp/ccpI9JnT.ltrans2.ltrans.o
                0x08004204                SCSI_Start_Stop_Unit_Cmd
 .text.Set_Scsi_Sense_Data
                0x08004210        0xc /tmp/ccpI9JnT.ltrans2.ltrans.o
                0x08004210                Set_Scsi_Sense_Data
 .text.SCSI_Address_Management
                0x0800421c       0x7c /tmp/ccpI9JnT.ltrans2.ltrans.o
 .text.SCSI_Invalid_Cmd
                0x08004298       0x44 /tmp/ccpI9JnT.ltrans2.ltrans.o
                0x08004298                SCSI_Invalid_Cmd
 .text.SCSI_TestUnitReady_Cmd
                0x080042dc       0x34 /tmp/ccpI9JnT.ltrans2.ltrans.o
                0x080042dc                SCSI_TestUnitReady_Cmd
 .text.SCSI_Verify10_Cmd
                0x08004310       0x3c /tmp/ccpI9JnT.ltrans2.ltrans.o
                0x08004310                SCSI_Verify10_Cmd
 .text.SCSI_Write10_Cmd
                0x0800434c       0x68 /tmp/ccpI9JnT.ltrans2.ltrans.o
                0x0800434c                SCSI_Write10_Cmd
 .text.SCSI_Read10_Cmd
                0x080043b4       0x68 /tmp/ccpI9JnT.ltrans2.ltrans.o
                0x080043b4                SCSI_Read10_Cmd
 .text.SCSI_RequestSense_Cmd
                0x0800441c       0x1c /tmp/ccpI9JnT.ltrans2.ltrans.o
                0x0800441c                SCSI_RequestSense_Cmd
 .text.SCSI_ModeSense10_Cmd
                0x08004438       0x10 /tmp/ccpI9JnT.ltrans2.ltrans.o
                0x08004438                SCSI_ModeSense10_Cmd
 .text.SCSI_ModeSense6_Cmd
                0x08004448       0x10 /tmp/ccpI9JnT.ltrans2.ltrans.o
                0x08004448                SCSI_ModeSense6_Cmd
 .text.NVIC_SystemReset
                0x08004458       0x1c /tmp/ccpI9JnT.ltrans3.ltrans.o
 *fill*         0x08004474        0x4 
 .text.main     0x08004478     0x1048 /tmp/ccpI9JnT.ltrans3.ltrans.o
                0x08004478                main
 .text.SetSysClockTo48.lto_priv.0
                0x080054c0       0xcc /tmp/ccpI9JnT.ltrans3.ltrans.o
                0x080054c0                SetSysClockTo48.lto_priv.0
 .text.Get_Max_Lun
                0x0800558c       0x18 /tmp/ccpI9JnT.ltrans4.ltrans.o
 .text.MASS_Get_Interface_Setting
                0x080055a4       0x10 /tmp/ccpI9JnT.ltrans4.ltrans.o
 .text.MASS_Data_Setup
                0x080055b4       0x4c /tmp/ccpI9JnT.ltrans4.ltrans.o
 .text.MASS_Status_Out
                0x08005600        0x4 /tmp/ccpI9JnT.ltrans4.ltrans.o
 .text.MASS_Status_In
                0x08005604        0x4 /tmp/ccpI9JnT.ltrans4.ltrans.o
 .text.Mass_Storage_SetDeviceAddress
                0x08005608        0xc /tmp/ccpI9JnT.ltrans4.ltrans.o
 .text.IntToUnicode
                0x08005614       0x30 /tmp/ccpI9JnT.ltrans4.ltrans.o
 .text.Get_SerialNum
                0x08005644       0x38 /tmp/ccpI9JnT.ltrans4.ltrans.o
 .text.PowerOn  0x0800567c       0x28 /tmp/ccpI9JnT.ltrans4.ltrans.o
 .text.Leave_LowPowerMode
                0x080056a4       0x20 /tmp/ccpI9JnT.ltrans4.ltrans.o
 .text.Resume_Init
                0x080056c4       0x20 /tmp/ccpI9JnT.ltrans4.ltrans.o
 .text.Resume   0x080056e4       0xac /tmp/ccpI9JnT.ltrans4.ltrans.o
 .text.Enter_LowPowerMode
                0x08005790        0xc /tmp/ccpI9JnT.ltrans4.ltrans.o
 .text.Suspend  0x0800579c       0x24 /tmp/ccpI9JnT.ltrans4.ltrans.o
 .text.MASS_GetStringDescriptor
                0x080057c0       0x24 /tmp/ccpI9JnT.ltrans4.ltrans.o
 .text.MASS_GetConfigDescriptor
                0x080057e4       0x10 /tmp/ccpI9JnT.ltrans4.ltrans.o
 .text.MASS_GetDeviceDescriptor
                0x080057f4       0x10 /tmp/ccpI9JnT.ltrans4.ltrans.o
 .text.MASS_NoData_Setup
                0x08005804       0x58 /tmp/ccpI9JnT.ltrans4.ltrans.o
 .text.Mass_Storage_SetConfiguration
                0x0800585c       0x30 /tmp/ccpI9JnT.ltrans4.ltrans.o
 .text.MASS_Reset
                0x0800588c       0xe0 /tmp/ccpI9JnT.ltrans4.ltrans.o
 .text.MASS_init
                0x0800596c       0x24 /tmp/ccpI9JnT.ltrans4.ltrans.o
 .text.MAL_Read
                0x08005990       0x2c /tmp/ccpI9JnT.ltrans4.ltrans.o
 .text.MAL_Write
                0x080059bc       0x34 /tmp/ccpI9JnT.ltrans4.ltrans.o
 .text.MAL_Init
                0x080059f0       0x4c /tmp/ccpI9JnT.ltrans4.ltrans.o
 .text.MAL_Config
                0x08005a3c        0xc /tmp/ccpI9JnT.ltrans4.ltrans.o
 .text.Get_UBX_Ack
                0x08005a48       0xac /tmp/ccpI9JnT.ltrans4.ltrans.o
 .text.USB_Istr
                0x08005af4       0xe0 /tmp/ccpI9JnT.ltrans4.ltrans.o
                0x08005af4                USB_Istr
 .text.Bot_Abort
                0x08005bd4       0x38 /tmp/ccpI9JnT.ltrans4.ltrans.o
                0x08005bd4                Bot_Abort
 .text.Mass_Storage_ClearFeature
                0x08005c0c       0x1c /tmp/ccpI9JnT.ltrans4.ltrans.o
 .text.Set_CSW  0x08005c28       0x38 /tmp/ccpI9JnT.ltrans4.ltrans.o
                0x08005c28                Set_CSW
 .text.Mass_Storage_In
                0x08005c60       0x60 /tmp/ccpI9JnT.ltrans4.ltrans.o
 .text.EP1_IN_Callback
                0x08005cc0        0x8 /tmp/ccpI9JnT.ltrans4.ltrans.o
 .text.Transfer_Data_Request
                0x08005cc8       0x34 /tmp/ccpI9JnT.ltrans4.ltrans.o
                0x08005cc8                Transfer_Data_Request
 .text.SCSI_Inquiry_Cmd
                0x08005cfc       0x40 /tmp/ccpI9JnT.ltrans4.ltrans.o
 .text.Write_Memory
                0x08005d3c       0xcc /tmp/ccpI9JnT.ltrans4.ltrans.o
                0x08005d3c                Write_Memory
 .text.Read_Memory
                0x08005e08      0x110 /tmp/ccpI9JnT.ltrans4.ltrans.o
                0x08005e08                Read_Memory
 .text.MAL_GetStatus
                0x08005f18       0x48 /tmp/ccpI9JnT.ltrans4.ltrans.o
                0x08005f18                MAL_GetStatus
 .text.SCSI_ReadCapacity10_Cmd
                0x08005f60       0x88 /tmp/ccpI9JnT.ltrans4.ltrans.o
 .text.SCSI_ReadFormatCapacity_Cmd
                0x08005fe8       0x7c /tmp/ccpI9JnT.ltrans4.ltrans.o
 .text.CBW_Decode
                0x08006064      0x268 /tmp/ccpI9JnT.ltrans4.ltrans.o
 .text.Mass_Storage_Out
                0x080062cc       0x80 /tmp/ccpI9JnT.ltrans4.ltrans.o
 .text.EP2_OUT_Callback
                0x0800634c        0x8 /tmp/ccpI9JnT.ltrans4.ltrans.o
 .text.USB_Interrupts_Config
                0x08006354       0x3c /tmp/ccpI9JnT.ltrans4.ltrans.o
                0x08006354                USB_Interrupts_Config
 .text.Set_USBClock
                0x08006390       0x14 /tmp/ccpI9JnT.ltrans4.ltrans.o
                0x08006390                Set_USBClock
 .text.Set_System
                0x080063a4        0x8 /tmp/ccpI9JnT.ltrans4.ltrans.o
                0x080063a4                Set_System
 .text.Config_Gps
                0x080063ac       0xd0 /tmp/ccpI9JnT.ltrans4.ltrans.o
                0x080063ac                Config_Gps
 .text.Realign_Axes
                0x0800647c       0x18 /tmp/ccpI9JnT.ltrans5.ltrans.o
 .text.I2C1_Setup_Job
                0x08006494       0x14 /tmp/ccpI9JnT.ltrans5.ltrans.o
 .text.SetSysClock
                0x080064a8        0x8 /tmp/ccpI9JnT.ltrans5.ltrans.o
 .text.get_wkup
                0x080064b0       0x10 /tmp/ccpI9JnT.ltrans5.ltrans.o
 .text.SystemInit
                0x080064c0       0x44 /tmp/ccpI9JnT.ltrans5.ltrans.o
                0x080064c0                SystemInit
 .text.__REVSH  0x08006504        0x4 /tmp/ccpI9JnT.ltrans5.ltrans.o
                0x08006504                __REVSH
 .text.USB_LP_CAN1_RX0_IRQHandler
                0x08006508        0x8 /tmp/ccpI9JnT.ltrans5.ltrans.o
                0x08006508                USB_LP_CAN1_RX0_IRQHandler
 .text.USB_HP_CAN1_TX_IRQHandler
                0x08006510        0x8 /tmp/ccpI9JnT.ltrans5.ltrans.o
                0x08006510                USB_HP_CAN1_TX_IRQHandler
 .text.ADC1_2_IRQHandler
                0x08006518       0x70 /tmp/ccpI9JnT.ltrans5.ltrans.o
                0x08006518                ADC1_2_IRQHandler
 .text.SysTick_Configuration
                0x08006588       0x28 /tmp/ccpI9JnT.ltrans5.ltrans.o
                0x08006588                SysTick_Configuration
 .text.ISR_Config
                0x080065b0       0x94 /tmp/ccpI9JnT.ltrans5.ltrans.o
                0x080065b0                ISR_Config
 .text.I2C_Config
                0x08006644      0x14c /tmp/ccpI9JnT.ltrans5.ltrans.o
                0x08006644                I2C_Config
 .text.I2C1_Request_Job
                0x08006790       0x58 /tmp/ccpI9JnT.ltrans5.ltrans.o
                0x08006790                I2C1_Request_Job
 .text.SysTick_Handler
                0x080067e8      0x580 /tmp/ccpI9JnT.ltrans5.ltrans.o
                0x080067e8                SysTick_Handler
 .text.I2C1_ER_IRQHandler
                0x08006d68      0x110 /tmp/ccpI9JnT.ltrans5.ltrans.o
                0x08006d68                I2C1_ER_IRQHandler
 .text.I2C1_EV_IRQHandler
                0x08006e78      0x5ac /tmp/ccpI9JnT.ltrans5.ltrans.o
                0x08006e78                I2C1_EV_IRQHandler
 .text.test_cutdown
                0x08007424       0x58 /tmp/ccpI9JnT.ltrans5.ltrans.o
                0x08007424                test_cutdown
 .text.setup_gpio
                0x0800747c      0x178 /tmp/ccpI9JnT.ltrans5.ltrans.o
                0x0800747c                setup_gpio
 .text.DMA_USART2_Configuration
                0x080075f4       0x58 /tmp/ccpI9JnT.ltrans5.ltrans.o
                0x080075f4                DMA_USART2_Configuration
 .text.struct_to_counter
                0x0800764c       0xac /tmp/ccpI9JnT.ltrans6.ltrans.o
 .text.counter_to_struct
                0x080076f8       0xdc /tmp/ccpI9JnT.ltrans6.ltrans.o
 .text.isDST    0x080077d4       0x38 /tmp/ccpI9JnT.ltrans6.ltrans.o
 .text.adjustDST
                0x0800780c       0x64 /tmp/ccpI9JnT.ltrans6.ltrans.o
 .text.my_RTC_SetCounter
                0x08007870       0x20 /tmp/ccpI9JnT.ltrans6.ltrans.o
 .text.power_on.lto_priv.4
                0x08007890      0x104 /tmp/ccpI9JnT.ltrans6.ltrans.o
                0x08007890                power_on.lto_priv.4
 .text.stop_cmd
                0x08007994        0xc /tmp/ccpI9JnT.ltrans6.ltrans.o
                0x08007994                stop_cmd
 .text.wrapup_transaction
                0x080079a0       0x2c /tmp/ccpI9JnT.ltrans6.ltrans.o
                0x080079a0                wrapup_transaction
 .text.stm32_dma_transfer.lto_priv.7
                0x080079cc       0xdc /tmp/ccpI9JnT.ltrans6.ltrans.o
                0x080079cc                stm32_dma_transfer.lto_priv.7
 .text.stm32_spi_rw.lto_priv.6
                0x08007aa8       0x24 /tmp/ccpI9JnT.ltrans6.ltrans.o
                0x08007aa8                stm32_spi_rw.lto_priv.6
 .text.rcvr_spi.lto_priv.1
                0x08007acc        0xc /tmp/ccpI9JnT.ltrans6.ltrans.o
                0x08007acc                rcvr_spi.lto_priv.1
 .text.release_spi
                0x08007ad8       0x18 /tmp/ccpI9JnT.ltrans6.ltrans.o
                0x08007ad8                release_spi
 .text.wait_ready.lto_priv.2
                0x08007af0       0x24 /tmp/ccpI9JnT.ltrans6.ltrans.o
                0x08007af0                wait_ready.lto_priv.2
 .text.chk_power.lto_priv.3
                0x08007b14        0x4 /tmp/ccpI9JnT.ltrans6.ltrans.o
                0x08007b14                chk_power.lto_priv.3
 .text.interface_speed.lto_priv.5
                0x08007b18       0x2c /tmp/ccpI9JnT.ltrans6.ltrans.o
                0x08007b18                interface_speed.lto_priv.5
 .text.rtc_init
                0x08007b44       0xa4 /tmp/ccpI9JnT.ltrans6.ltrans.o
                0x08007b44                rtc_init
 .text.rtc_settime
                0x08007be8       0x28 /tmp/ccpI9JnT.ltrans6.ltrans.o
                0x08007be8                rtc_settime
 .text.rtc_gettime
                0x08007c10       0x24 /tmp/ccpI9JnT.ltrans6.ltrans.o
                0x08007c10                rtc_gettime
 .text.f_truncate
                0x08007c34       0x98 /tmp/ccpI9JnT.ltrans6.ltrans.o
                0x08007c34                f_truncate
 .text.f_stat   0x08007ccc       0x44 /tmp/ccpI9JnT.ltrans6.ltrans.o
                0x08007ccc                f_stat
 .text.f_lseek  0x08007d10      0x18c /tmp/ccpI9JnT.ltrans6.ltrans.o
                0x08007d10                f_lseek
 .text.f_sync   0x08007e9c       0xac /tmp/ccpI9JnT.ltrans6.ltrans.o
                0x08007e9c                f_sync
 .text.f_close  0x08007f48       0x14 /tmp/ccpI9JnT.ltrans6.ltrans.o
                0x08007f48                f_close
 .text.f_write  0x08007f5c      0x1dc /tmp/ccpI9JnT.ltrans6.ltrans.o
                0x08007f5c                f_write
 .text.f_putc   0x08008138       0x2c /tmp/ccpI9JnT.ltrans6.ltrans.o
 .text.f_puts   0x08008164       0x24 /tmp/ccpI9JnT.ltrans6.ltrans.o
                0x08008164                f_puts
 .text.f_read   0x08008188      0x1a8 /tmp/ccpI9JnT.ltrans6.ltrans.o
                0x08008188                f_read
 .text.check_fs
                0x08008330       0x90 /tmp/ccpI9JnT.ltrans7.ltrans.o
 .text.create_name
                0x080083c0      0x214 /tmp/ccpI9JnT.ltrans7.ltrans.o
 .text.dir_find
                0x080085d4       0xd0 /tmp/ccpI9JnT.ltrans7.ltrans.o
 .text.dir_register
                0x080086a4      0x168 /tmp/ccpI9JnT.ltrans7.ltrans.o
 .text.f_mount  0x0800880c       0x28 /tmp/ccpI9JnT.ltrans7.ltrans.o
                0x0800880c                f_mount
 .text.validate.lto_priv.12
                0x08008834       0x30 /tmp/ccpI9JnT.ltrans7.ltrans.o
                0x08008834                validate.lto_priv.12
 .text.chk_mounted.lto_priv.15
                0x08008864      0x348 /tmp/ccpI9JnT.ltrans7.ltrans.o
                0x08008864                chk_mounted.lto_priv.15
 .text.follow_path.lto_priv.14
                0x08008bac       0x8c /tmp/ccpI9JnT.ltrans7.ltrans.o
                0x08008bac                follow_path.lto_priv.14
 .text.f_open   0x08008c38      0x15c /tmp/ccpI9JnT.ltrans7.ltrans.o
                0x08008c38                f_open
 .text.get_fileinfo.lto_priv.13
                0x08008d94       0xf8 /tmp/ccpI9JnT.ltrans7.ltrans.o
                0x08008d94                get_fileinfo.lto_priv.13
 .text.Default_Usart_Config
                0x08008e8c       0x10 /tmp/ccpI9JnT.ltrans8.ltrans.o
 .text.__gps_send_char
                0x08008e9c       0x1c /tmp/ccpI9JnT.ltrans8.ltrans.o
 .text.__usart_send_char
                0x08008eb8       0x1c /tmp/ccpI9JnT.ltrans8.ltrans.o
                0x08008eb8                __usart_send_char
 .text.Timer_RCC_Configuration
                0x08008ed4       0x10 /tmp/ccpI9JnT.ltrans8.ltrans.o
 .text.__fat_print_char
                0x08008ee4       0x24 /tmp/ccpI9JnT.ltrans8.ltrans.o
                0x08008ee4                __fat_print_char
 .text.__str_print_char
                0x08008f08       0x40 /tmp/ccpI9JnT.ltrans8.ltrans.o
                0x08008f08                __str_print_char
 .text.Watchdog_Config
                0x08008f48       0x30 /tmp/ccpI9JnT.ltrans8.ltrans.o
                0x08008f48                Watchdog_Config
 .text.USART1_IRQHandler
                0x08008f78       0x30 /tmp/ccpI9JnT.ltrans8.ltrans.o
                0x08008f78                USART1_IRQHandler
 .text.Gps_Send_Str
                0x08008fa8       0x18 /tmp/ccpI9JnT.ltrans8.ltrans.o
                0x08008fa8                Gps_Send_Str
 .text.Gps_Send_Utf8
                0x08008fc0       0x1c /tmp/ccpI9JnT.ltrans8.ltrans.o
                0x08008fc0                Gps_Send_Utf8
 .text.Usart_Send_Str
                0x08008fdc       0x18 /tmp/ccpI9JnT.ltrans8.ltrans.o
                0x08008fdc                Usart_Send_Str
 .text.USART2_reconf
                0x08008ff4       0x44 /tmp/ccpI9JnT.ltrans8.ltrans.o
                0x08008ff4                USART2_reconf
 .text.Usarts_Init
                0x08009038       0xe0 /tmp/ccpI9JnT.ltrans8.ltrans.o
                0x08009038                Usarts_Init
 .text.shutdown_filesystem
                0x08009118       0xa8 /tmp/ccpI9JnT.ltrans8.ltrans.o
                0x08009118                shutdown_filesystem
 .text.disable_pin
                0x080091c0        0xc /tmp/ccpI9JnT.ltrans8.ltrans.o
                0x080091c0                disable_pin
 .text.shutdown
                0x080091cc       0x10 /tmp/ccpI9JnT.ltrans8.ltrans.o
                0x080091cc                shutdown
 .text.setuppwr
                0x080091dc       0x14 /tmp/ccpI9JnT.ltrans8.ltrans.o
                0x080091dc                setuppwr
 .text.PWM_Set  0x080091f0       0x3c /tmp/ccpI9JnT.ltrans8.ltrans.o
                0x080091f0                PWM_Set
 .text.Timer_GPIO_Disable
                0x0800922c       0x2c /tmp/ccpI9JnT.ltrans8.ltrans.o
                0x0800922c                Timer_GPIO_Disable
 .text.Timer_GPIO_Enable
                0x08009258       0x2c /tmp/ccpI9JnT.ltrans8.ltrans.o
                0x08009258                Timer_GPIO_Enable
 .text.Init_Timer
                0x08009284       0x80 /tmp/ccpI9JnT.ltrans8.ltrans.o
                0x08009284                Init_Timer
 .text.file_preallocation_control
                0x08009304       0x34 /tmp/ccpI9JnT.ltrans8.ltrans.o
                0x08009304                file_preallocation_control
 .text.detect_sensors
                0x08009338       0x74 /tmp/ccpI9JnT.ltrans8.ltrans.o
                0x08009338                detect_sensors
 .text.malloc   0x080093ac       0x10 /home/laurence/ARM-GCC/gcc-arm-none-eabi-4_9-2014q4/bin/../lib/gcc/arm-none-eabi/4.9.3/../../../../arm-none-eabi/lib/armv7-m/libg.a(lib_a-malloc.o)
                0x080093ac                malloc
 .text._malloc_r
                0x080093bc      0x504 /home/laurence/ARM-GCC/gcc-arm-none-eabi-4_9-2014q4/bin/../lib/gcc/arm-none-eabi/4.9.3/../../../../arm-none-eabi/lib/armv7-m/libg.a(lib_a-mallocr.o)
                0x080093bc                _malloc_r
 .text.memcmp   0x080098c0       0x64 /home/laurence/ARM-GCC/gcc-arm-none-eabi-4_9-2014q4/bin/../lib/gcc/arm-none-eabi/4.9.3/../../../../arm-none-eabi/lib/armv7-m/libg.a(lib_a-memcmp.o)
                0x080098c0                memcmp
 .text.__malloc_lock
                0x08009924        0x4 /home/laurence/ARM-GCC/gcc-arm-none-eabi-4_9-2014q4/bin/../lib/gcc/arm-none-eabi/4.9.3/../../../../arm-none-eabi/lib/armv7-m/libg.a(lib_a-mlock.o)
                0x08009924                __malloc_lock
 .text.__malloc_unlock
                0x08009928        0x4 /home/laurence/ARM-GCC/gcc-arm-none-eabi-4_9-2014q4/bin/../lib/gcc/arm-none-eabi/4.9.3/../../../../arm-none-eabi/lib/armv7-m/libg.a(lib_a-mlock.o)
                0x08009928                __malloc_unlock
 .text._sbrk_r  0x0800992c       0x24 /home/laurence/ARM-GCC/gcc-arm-none-eabi-4_9-2014q4/bin/../lib/gcc/arm-none-eabi/4.9.3/../../../../arm-none-eabi/lib/armv7-m/libg.a(lib_a-sbrkr.o)
                0x0800992c                _sbrk_r
 .text.strchr   0x08009950       0xcc /home/laurence/ARM-GCC/gcc-arm-none-eabi-4_9-2014q4/bin/../lib/gcc/arm-none-eabi/4.9.3/../../../../arm-none-eabi/lib/armv7-m/libg.a(lib_a-strchr.o)
                0x08009950                strchr
 .text.strlen   0x08009a1c       0x5c /home/laurence/ARM-GCC/gcc-arm-none-eabi-4_9-2014q4/bin/../lib/gcc/arm-none-eabi/4.9.3/../../../../arm-none-eabi/lib/armv7-m/libg.a(lib_a-strlen.o)
                0x08009a1c                strlen
 .text.strncmp  0x08009a78       0x94 /home/laurence/ARM-GCC/gcc-arm-none-eabi-4_9-2014q4/bin/../lib/gcc/arm-none-eabi/4.9.3/../../../../arm-none-eabi/lib/armv7-m/libg.a(lib_a-strncmp.o)
                0x08009a78                strncmp
 .text.strncpy  0x08009b0c       0x68 /home/laurence/ARM-GCC/gcc-arm-none-eabi-4_9-2014q4/bin/../lib/gcc/arm-none-eabi/4.9.3/../../../../arm-none-eabi/lib/armv7-m/libg.a(lib_a-strncpy.o)
                0x08009b0c                strncpy
 .text._malloc_trim_r
                0x08009b74       0x9c /home/laurence/ARM-GCC/gcc-arm-none-eabi-4_9-2014q4/bin/../lib/gcc/arm-none-eabi/4.9.3/../../../../arm-none-eabi/lib/armv7-m/libg.a(lib_a-freer.o)
                0x08009b74                _malloc_trim_r
 .text._free_r  0x08009c10      0x1b0 /home/laurence/ARM-GCC/gcc-arm-none-eabi-4_9-2014q4/bin/../lib/gcc/arm-none-eabi/4.9.3/../../../../arm-none-eabi/lib/armv7-m/libg.a(lib_a-freer.o)
                0x08009c10                _free_r
 .text.Reset_Handler
                0x08009dc0       0x40 lib/CMSIS_CM3/startup/gcc/startup_stm32f10x_md.o
                0x08009dc0                Reset_Handler
 .text.Default_Handler
                0x08009e00        0x2 lib/CMSIS_CM3/startup/gcc/startup_stm32f10x_md.o
                0x08009e00                EXTI2_IRQHandler
                0x08009e00                DebugMon_Handler
                0x08009e00                TIM1_CC_IRQHandler
                0x08009e00                HardFault_Handler
                0x08009e00                PVD_IRQHandler
                0x08009e00                PendSV_Handler
                0x08009e00                NMI_Handler
                0x08009e00                EXTI3_IRQHandler
                0x08009e00                I2C2_EV_IRQHandler
                0x08009e00                UsageFault_Handler
                0x08009e00                SPI1_IRQHandler
                0x08009e00                TAMPER_IRQHandler
                0x08009e00                DMA1_Channel4_IRQHandler
                0x08009e00                RTC_IRQHandler
                0x08009e00                DMA1_Channel7_IRQHandler
                0x08009e00                CAN1_RX1_IRQHandler
                0x08009e00                TIM4_IRQHandler
                0x08009e00                DMA1_Channel6_IRQHandler
                0x08009e00                TIM3_IRQHandler
                0x08009e00                RCC_IRQHandler
                0x08009e00                TIM1_TRG_COM_IRQHandler
                0x08009e00                DMA1_Channel1_IRQHandler
                0x08009e00                Default_Handler
                0x08009e00                EXTI9_5_IRQHandler
                0x08009e00                SPI2_IRQHandler
                0x08009e00                MemManage_Handler
                0x08009e00                SVC_Handler
                0x08009e00                DMA1_Channel5_IRQHandler
                0x08009e00                EXTI4_IRQHandler
                0x08009e00                DMA1_Channel3_IRQHandler
                0x08009e00                TIM1_UP_IRQHandler
                0x08009e00                WWDG_IRQHandler
                0x08009e00                TIM2_IRQHandler
                0x08009e00                TIM1_BRK_IRQHandler
                0x08009e00                EXTI1_IRQHandler
                0x08009e00                RTCAlarm_IRQHandler
                0x08009e00                USART2_IRQHandler
                0x08009e00                I2C2_ER_IRQHandler
                0x08009e00                CAN1_SCE_IRQHandler
                0x08009e00                FLASH_IRQHandler
                0x08009e00                BusFault_Handler
                0x08009e00                USBWakeUp_IRQHandler
 *fill*         0x08009e02        0x2 
 .text.NVIC_PriorityGroupConfig
                0x08009e04       0x14 lib/STM32F10x_StdPeriph_Driver/libstm32fw.a(misc.o)
                0x08009e04                NVIC_PriorityGroupConfig
 .text.NVIC_Init
                0x08009e18       0x6c lib/STM32F10x_StdPeriph_Driver/libstm32fw.a(misc.o)
                0x08009e18                NVIC_Init
 .text.NVIC_SetVectorTable
                0x08009e84       0x14 lib/STM32F10x_StdPeriph_Driver/libstm32fw.a(misc.o)
                0x08009e84                NVIC_SetVectorTable
 .text.SysTick_CLKSourceConfig
                0x08009e98       0x18 lib/STM32F10x_StdPeriph_Driver/libstm32fw.a(misc.o)
                0x08009e98                SysTick_CLKSourceConfig
 .text.ADC_DeInit
                0x08009eb0       0x5c lib/STM32F10x_StdPeriph_Driver/libstm32fw.a(stm32f10x_adc.o)
                0x08009eb0                ADC_DeInit
 .text.ADC_Init
                0x08009f0c       0x48 lib/STM32F10x_StdPeriph_Driver/libstm32fw.a(stm32f10x_adc.o)
                0x08009f0c                ADC_Init
 .text.ADC_Cmd  0x08009f54       0x12 lib/STM32F10x_StdPeriph_Driver/libstm32fw.a(stm32f10x_adc.o)
                0x08009f54                ADC_Cmd
 .text.ADC_ResetCalibration
                0x08009f66        0xa lib/STM32F10x_StdPeriph_Driver/libstm32fw.a(stm32f10x_adc.o)
                0x08009f66                ADC_ResetCalibration
 .text.ADC_GetResetCalibrationStatus
                0x08009f70        0x8 lib/STM32F10x_StdPeriph_Driver/libstm32fw.a(stm32f10x_adc.o)
                0x08009f70                ADC_GetResetCalibrationStatus
 .text.ADC_StartCalibration
                0x08009f78        0xa lib/STM32F10x_StdPeriph_Driver/libstm32fw.a(stm32f10x_adc.o)
                0x08009f78                ADC_StartCalibration
 .text.ADC_GetCalibrationStatus
                0x08009f82        0x8 lib/STM32F10x_StdPeriph_Driver/libstm32fw.a(stm32f10x_adc.o)
                0x08009f82                ADC_GetCalibrationStatus
 .text.ADC_SoftwareStartConvCmd
                0x08009f8a       0x12 lib/STM32F10x_StdPeriph_Driver/libstm32fw.a(stm32f10x_adc.o)
                0x08009f8a                ADC_SoftwareStartConvCmd
 .text.ADC_RegularChannelConfig
                0x08009f9c       0x84 lib/STM32F10x_StdPeriph_Driver/libstm32fw.a(stm32f10x_adc.o)
                0x08009f9c                ADC_RegularChannelConfig
 .text.ADC_GetConversionValue
                0x0800a020        0x6 lib/STM32F10x_StdPeriph_Driver/libstm32fw.a(stm32f10x_adc.o)
                0x0800a020                ADC_GetConversionValue
 .text.ADC_ExternalTrigInjectedConvConfig
                0x0800a026        0xc lib/STM32F10x_StdPeriph_Driver/libstm32fw.a(stm32f10x_adc.o)
                0x0800a026                ADC_ExternalTrigInjectedConvConfig
 .text.ADC_SoftwareStartInjectedConvCmd
                0x0800a032       0x12 lib/STM32F10x_StdPeriph_Driver/libstm32fw.a(stm32f10x_adc.o)
                0x0800a032                ADC_SoftwareStartInjectedConvCmd
 .text.ADC_InjectedChannelConfig
                0x0800a044       0x54 lib/STM32F10x_StdPeriph_Driver/libstm32fw.a(stm32f10x_adc.o)
                0x0800a044                ADC_InjectedChannelConfig
 .text.ADC_InjectedSequencerLengthConfig
                0x0800a098       0x10 lib/STM32F10x_StdPeriph_Driver/libstm32fw.a(stm32f10x_adc.o)
                0x0800a098                ADC_InjectedSequencerLengthConfig
 .text.ADC_GetInjectedConversionValue
                0x0800a0a8       0x1a lib/STM32F10x_StdPeriph_Driver/libstm32fw.a(stm32f10x_adc.o)
                0x0800a0a8                ADC_GetInjectedConversionValue
 .text.ADC_GetFlagStatus
                0x0800a0c2        0xc lib/STM32F10x_StdPeriph_Driver/libstm32fw.a(stm32f10x_adc.o)
                0x0800a0c2                ADC_GetFlagStatus
 .text.ADC_ClearFlag
                0x0800a0ce        0x6 lib/STM32F10x_StdPeriph_Driver/libstm32fw.a(stm32f10x_adc.o)
                0x0800a0ce                ADC_ClearFlag
 .text.ADC_GetITStatus
                0x0800a0d4       0x16 lib/STM32F10x_StdPeriph_Driver/libstm32fw.a(stm32f10x_adc.o)
                0x0800a0d4                ADC_GetITStatus
 .text.ADC_ClearITPendingBit
                0x0800a0ea        0x8 lib/STM32F10x_StdPeriph_Driver/libstm32fw.a(stm32f10x_adc.o)
                0x0800a0ea                ADC_ClearITPendingBit
 .text.BKP_DeInit
                0x0800a0f2       0x12 lib/STM32F10x_StdPeriph_Driver/libstm32fw.a(stm32f10x_bkp.o)
                0x0800a0f2                BKP_DeInit
 .text.BKP_RTCOutputConfig
                0x0800a104       0x18 lib/STM32F10x_StdPeriph_Driver/libstm32fw.a(stm32f10x_bkp.o)
                0x0800a104                BKP_RTCOutputConfig
 .text.BKP_SetRTCCalibrationValue
                0x0800a11c       0x18 lib/STM32F10x_StdPeriph_Driver/libstm32fw.a(stm32f10x_bkp.o)
                0x0800a11c                BKP_SetRTCCalibrationValue
 .text.BKP_WriteBackupRegister
                0x0800a134       0x1c lib/STM32F10x_StdPeriph_Driver/libstm32fw.a(stm32f10x_bkp.o)
                0x0800a134                BKP_WriteBackupRegister
 .text.BKP_ReadBackupRegister
                0x0800a150       0x20 lib/STM32F10x_StdPeriph_Driver/libstm32fw.a(stm32f10x_bkp.o)
                0x0800a150                BKP_ReadBackupRegister
 .text.DBGMCU_Config
                0x0800a170       0x18 lib/STM32F10x_StdPeriph_Driver/libstm32fw.a(stm32f10x_dbgmcu.o)
                0x0800a170                DBGMCU_Config
 .text.DMA_DeInit
                0x0800a188       0xf0 lib/STM32F10x_StdPeriph_Driver/libstm32fw.a(stm32f10x_dma.o)
                0x0800a188                DMA_DeInit
 .text.DMA_Init
                0x0800a278       0x3c lib/STM32F10x_StdPeriph_Driver/libstm32fw.a(stm32f10x_dma.o)
                0x0800a278                DMA_Init
 .text.DMA_Cmd  0x0800a2b4       0x12 lib/STM32F10x_StdPeriph_Driver/libstm32fw.a(stm32f10x_dma.o)
                0x0800a2b4                DMA_Cmd
 .text.DMA_ITConfig
                0x0800a2c6       0x10 lib/STM32F10x_StdPeriph_Driver/libstm32fw.a(stm32f10x_dma.o)
                0x0800a2c6                DMA_ITConfig
 .text.DMA_GetCurrDataCounter
                0x0800a2d6        0x6 lib/STM32F10x_StdPeriph_Driver/libstm32fw.a(stm32f10x_dma.o)
                0x0800a2d6                DMA_GetCurrDataCounter
 .text.DMA_GetFlagStatus
                0x0800a2dc       0x1c lib/STM32F10x_StdPeriph_Driver/libstm32fw.a(stm32f10x_dma.o)
                0x0800a2dc                DMA_GetFlagStatus
 .text.DMA_ClearFlag
                0x0800a2f8       0x14 lib/STM32F10x_StdPeriph_Driver/libstm32fw.a(stm32f10x_dma.o)
                0x0800a2f8                DMA_ClearFlag
 .text.DMA_GetITStatus
                0x0800a30c       0x1c lib/STM32F10x_StdPeriph_Driver/libstm32fw.a(stm32f10x_dma.o)
                0x0800a30c                DMA_GetITStatus
 .text.DMA_ClearITPendingBit
                0x0800a328       0x14 lib/STM32F10x_StdPeriph_Driver/libstm32fw.a(stm32f10x_dma.o)
                0x0800a328                DMA_ClearITPendingBit
 .text.EXTI_DeInit
                0x0800a33c       0x1c lib/STM32F10x_StdPeriph_Driver/libstm32fw.a(stm32f10x_exti.o)
                0x0800a33c                EXTI_DeInit
 .text.EXTI_Init
                0x0800a358       0x88 lib/STM32F10x_StdPeriph_Driver/libstm32fw.a(stm32f10x_exti.o)
                0x0800a358                EXTI_Init
 .text.EXTI_GetITStatus
                0x0800a3e0       0x1c lib/STM32F10x_StdPeriph_Driver/libstm32fw.a(stm32f10x_exti.o)
                0x0800a3e0                EXTI_GetITStatus
 .text.EXTI_ClearITPendingBit
                0x0800a3fc        0xc lib/STM32F10x_StdPeriph_Driver/libstm32fw.a(stm32f10x_exti.o)
                0x0800a3fc                EXTI_ClearITPendingBit
 .text.GPIO_Init
                0x0800a408       0x90 lib/STM32F10x_StdPeriph_Driver/libstm32fw.a(stm32f10x_gpio.o)
                0x0800a408                GPIO_Init
 .text.GPIO_ReadInputDataBit
                0x0800a498        0xc lib/STM32F10x_StdPeriph_Driver/libstm32fw.a(stm32f10x_gpio.o)
                0x0800a498                GPIO_ReadInputDataBit
 .text.GPIO_SetBits
                0x0800a4a4        0x4 lib/STM32F10x_StdPeriph_Driver/libstm32fw.a(stm32f10x_gpio.o)
                0x0800a4a4                GPIO_SetBits
 .text.GPIO_ResetBits
                0x0800a4a8        0x4 lib/STM32F10x_StdPeriph_Driver/libstm32fw.a(stm32f10x_gpio.o)
                0x0800a4a8                GPIO_ResetBits
 .text.GPIO_WriteBit
                0x0800a4ac        0xa lib/STM32F10x_StdPeriph_Driver/libstm32fw.a(stm32f10x_gpio.o)
                0x0800a4ac                GPIO_WriteBit
 *fill*         0x0800a4b6        0x2 
 .text.GPIO_PinRemapConfig
                0x0800a4b8       0x54 lib/STM32F10x_StdPeriph_Driver/libstm32fw.a(stm32f10x_gpio.o)
                0x0800a4b8                GPIO_PinRemapConfig
 .text.GPIO_EXTILineConfig
                0x0800a50c       0x2a lib/STM32F10x_StdPeriph_Driver/libstm32fw.a(stm32f10x_gpio.o)
                0x0800a50c                GPIO_EXTILineConfig
 *fill*         0x0800a536        0x2 
 .text.I2C_DeInit
                0x0800a538       0x34 lib/STM32F10x_StdPeriph_Driver/libstm32fw.a(stm32f10x_i2c.o)
                0x0800a538                I2C_DeInit
 .text.I2C_Init
                0x0800a56c       0xd4 lib/STM32F10x_StdPeriph_Driver/libstm32fw.a(stm32f10x_i2c.o)
                0x0800a56c                I2C_Init
 .text.I2C_Cmd  0x0800a640       0x18 lib/STM32F10x_StdPeriph_Driver/libstm32fw.a(stm32f10x_i2c.o)
                0x0800a640                I2C_Cmd
 .text.I2C_GenerateSTART
                0x0800a658       0x18 lib/STM32F10x_StdPeriph_Driver/libstm32fw.a(stm32f10x_i2c.o)
                0x0800a658                I2C_GenerateSTART
 .text.I2C_GenerateSTOP
                0x0800a670       0x18 lib/STM32F10x_StdPeriph_Driver/libstm32fw.a(stm32f10x_i2c.o)
                0x0800a670                I2C_GenerateSTOP
 .text.I2C_AcknowledgeConfig
                0x0800a688       0x18 lib/STM32F10x_StdPeriph_Driver/libstm32fw.a(stm32f10x_i2c.o)
                0x0800a688                I2C_AcknowledgeConfig
 .text.I2C_ITConfig
                0x0800a6a0       0x12 lib/STM32F10x_StdPeriph_Driver/libstm32fw.a(stm32f10x_i2c.o)
                0x0800a6a0                I2C_ITConfig
 .text.I2C_SendData
                0x0800a6b2        0x4 lib/STM32F10x_StdPeriph_Driver/libstm32fw.a(stm32f10x_i2c.o)
                0x0800a6b2                I2C_SendData
 .text.I2C_ReceiveData
                0x0800a6b6        0x6 lib/STM32F10x_StdPeriph_Driver/libstm32fw.a(stm32f10x_i2c.o)
                0x0800a6b6                I2C_ReceiveData
 .text.I2C_Send7bitAddress
                0x0800a6bc       0x12 lib/STM32F10x_StdPeriph_Driver/libstm32fw.a(stm32f10x_i2c.o)
                0x0800a6bc                I2C_Send7bitAddress
 .text.I2C_SoftwareResetCmd
                0x0800a6ce       0x18 lib/STM32F10x_StdPeriph_Driver/libstm32fw.a(stm32f10x_i2c.o)
                0x0800a6ce                I2C_SoftwareResetCmd
 *fill*         0x0800a6e6        0x2 
 .text.IWDG_WriteAccessCmd
                0x0800a6e8        0xc lib/STM32F10x_StdPeriph_Driver/libstm32fw.a(stm32f10x_iwdg.o)
                0x0800a6e8                IWDG_WriteAccessCmd
 .text.IWDG_SetPrescaler
                0x0800a6f4        0xc lib/STM32F10x_StdPeriph_Driver/libstm32fw.a(stm32f10x_iwdg.o)
                0x0800a6f4                IWDG_SetPrescaler
 .text.IWDG_SetReload
                0x0800a700        0xc lib/STM32F10x_StdPeriph_Driver/libstm32fw.a(stm32f10x_iwdg.o)
                0x0800a700                IWDG_SetReload
 .text.IWDG_ReloadCounter
                0x0800a70c       0x10 lib/STM32F10x_StdPeriph_Driver/libstm32fw.a(stm32f10x_iwdg.o)
                0x0800a70c                IWDG_ReloadCounter
 .text.IWDG_Enable
                0x0800a71c       0x10 lib/STM32F10x_StdPeriph_Driver/libstm32fw.a(stm32f10x_iwdg.o)
                0x0800a71c                IWDG_Enable
 .text.PWR_DeInit
                0x0800a72c       0x1a lib/STM32F10x_StdPeriph_Driver/libstm32fw.a(stm32f10x_pwr.o)
                0x0800a72c                PWR_DeInit
 *fill*         0x0800a746        0x2 
 .text.PWR_BackupAccessCmd
                0x0800a748        0xc lib/STM32F10x_StdPeriph_Driver/libstm32fw.a(stm32f10x_pwr.o)
                0x0800a748                PWR_BackupAccessCmd
 .text.PWR_WakeUpPinCmd
                0x0800a754        0xc lib/STM32F10x_StdPeriph_Driver/libstm32fw.a(stm32f10x_pwr.o)
                0x0800a754                PWR_WakeUpPinCmd
 .text.PWR_EnterSTANDBYMode
                0x0800a760       0x28 lib/STM32F10x_StdPeriph_Driver/libstm32fw.a(stm32f10x_pwr.o)
                0x0800a760                PWR_EnterSTANDBYMode
 .text.RCC_HCLKConfig
                0x0800a788       0x14 lib/STM32F10x_StdPeriph_Driver/libstm32fw.a(stm32f10x_rcc.o)
                0x0800a788                RCC_HCLKConfig
 .text.RCC_USBCLKConfig
                0x0800a79c        0xc lib/STM32F10x_StdPeriph_Driver/libstm32fw.a(stm32f10x_rcc.o)
                0x0800a79c                RCC_USBCLKConfig
 .text.RCC_ADCCLKConfig
                0x0800a7a8       0x14 lib/STM32F10x_StdPeriph_Driver/libstm32fw.a(stm32f10x_rcc.o)
                0x0800a7a8                RCC_ADCCLKConfig
 .text.RCC_LSEConfig
                0x0800a7bc       0x20 lib/STM32F10x_StdPeriph_Driver/libstm32fw.a(stm32f10x_rcc.o)
                0x0800a7bc                RCC_LSEConfig
 .text.RCC_RTCCLKConfig
                0x0800a7dc       0x10 lib/STM32F10x_StdPeriph_Driver/libstm32fw.a(stm32f10x_rcc.o)
                0x0800a7dc                RCC_RTCCLKConfig
 .text.RCC_RTCCLKCmd
                0x0800a7ec        0xc lib/STM32F10x_StdPeriph_Driver/libstm32fw.a(stm32f10x_rcc.o)
                0x0800a7ec                RCC_RTCCLKCmd
 .text.RCC_GetClocksFreq
                0x0800a7f8       0x94 lib/STM32F10x_StdPeriph_Driver/libstm32fw.a(stm32f10x_rcc.o)
                0x0800a7f8                RCC_GetClocksFreq
 .text.RCC_AHBPeriphClockCmd
                0x0800a88c       0x18 lib/STM32F10x_StdPeriph_Driver/libstm32fw.a(stm32f10x_rcc.o)
                0x0800a88c                RCC_AHBPeriphClockCmd
 .text.RCC_APB2PeriphClockCmd
                0x0800a8a4       0x18 lib/STM32F10x_StdPeriph_Driver/libstm32fw.a(stm32f10x_rcc.o)
                0x0800a8a4                RCC_APB2PeriphClockCmd
 .text.RCC_APB1PeriphClockCmd
                0x0800a8bc       0x18 lib/STM32F10x_StdPeriph_Driver/libstm32fw.a(stm32f10x_rcc.o)
                0x0800a8bc                RCC_APB1PeriphClockCmd
 .text.RCC_APB2PeriphResetCmd
                0x0800a8d4       0x18 lib/STM32F10x_StdPeriph_Driver/libstm32fw.a(stm32f10x_rcc.o)
                0x0800a8d4                RCC_APB2PeriphResetCmd
 .text.RCC_APB1PeriphResetCmd
                0x0800a8ec       0x18 lib/STM32F10x_StdPeriph_Driver/libstm32fw.a(stm32f10x_rcc.o)
                0x0800a8ec                RCC_APB1PeriphResetCmd
 .text.RCC_BackupResetCmd
                0x0800a904        0xc lib/STM32F10x_StdPeriph_Driver/libstm32fw.a(stm32f10x_rcc.o)
                0x0800a904                RCC_BackupResetCmd
 .text.RCC_GetFlagStatus
                0x0800a910       0x28 lib/STM32F10x_StdPeriph_Driver/libstm32fw.a(stm32f10x_rcc.o)
                0x0800a910                RCC_GetFlagStatus
 .text.RTC_EnterConfigMode
                0x0800a938       0x14 lib/STM32F10x_StdPeriph_Driver/libstm32fw.a(stm32f10x_rtc.o)
                0x0800a938                RTC_EnterConfigMode
 .text.RTC_ExitConfigMode
                0x0800a94c       0x14 lib/STM32F10x_StdPeriph_Driver/libstm32fw.a(stm32f10x_rtc.o)
                0x0800a94c                RTC_ExitConfigMode
 .text.RTC_GetCounter
                0x0800a960       0x14 lib/STM32F10x_StdPeriph_Driver/libstm32fw.a(stm32f10x_rtc.o)
                0x0800a960                RTC_GetCounter
 .text.RTC_SetCounter
                0x0800a974       0x20 lib/STM32F10x_StdPeriph_Driver/libstm32fw.a(stm32f10x_rtc.o)
                0x0800a974                RTC_SetCounter
 .text.RTC_SetPrescaler
                0x0800a994       0x20 lib/STM32F10x_StdPeriph_Driver/libstm32fw.a(stm32f10x_rtc.o)
                0x0800a994                RTC_SetPrescaler
 .text.RTC_WaitForLastTask
                0x0800a9b4       0x10 lib/STM32F10x_StdPeriph_Driver/libstm32fw.a(stm32f10x_rtc.o)
                0x0800a9b4                RTC_WaitForLastTask
 .text.RTC_WaitForSynchro
                0x0800a9c4       0x1c lib/STM32F10x_StdPeriph_Driver/libstm32fw.a(stm32f10x_rtc.o)
                0x0800a9c4                RTC_WaitForSynchro
 .text.SPI_I2S_DeInit
                0x0800a9e0       0x64 lib/STM32F10x_StdPeriph_Driver/libstm32fw.a(stm32f10x_spi.o)
                0x0800a9e0                SPI_I2S_DeInit
 .text.SPI_Init
                0x0800aa44       0x3e lib/STM32F10x_StdPeriph_Driver/libstm32fw.a(stm32f10x_spi.o)
                0x0800aa44                SPI_Init
 .text.SPI_Cmd  0x0800aa82       0x18 lib/STM32F10x_StdPeriph_Driver/libstm32fw.a(stm32f10x_spi.o)
                0x0800aa82                SPI_Cmd
 .text.SPI_I2S_DMACmd
                0x0800aa9a       0x12 lib/STM32F10x_StdPeriph_Driver/libstm32fw.a(stm32f10x_spi.o)
                0x0800aa9a                SPI_I2S_DMACmd
 .text.SPI_I2S_SendData
                0x0800aaac        0x4 lib/STM32F10x_StdPeriph_Driver/libstm32fw.a(stm32f10x_spi.o)
                0x0800aaac                SPI_I2S_SendData
 .text.SPI_I2S_ReceiveData
                0x0800aab0        0x6 lib/STM32F10x_StdPeriph_Driver/libstm32fw.a(stm32f10x_spi.o)
                0x0800aab0                SPI_I2S_ReceiveData
 .text.SPI_CalculateCRC
                0x0800aab6       0x18 lib/STM32F10x_StdPeriph_Driver/libstm32fw.a(stm32f10x_spi.o)
                0x0800aab6                SPI_CalculateCRC
 .text.SPI_I2S_GetFlagStatus
                0x0800aace        0xc lib/STM32F10x_StdPeriph_Driver/libstm32fw.a(stm32f10x_spi.o)
                0x0800aace                SPI_I2S_GetFlagStatus
 *fill*         0x0800aada        0x2 
 .text.TIM_TimeBaseInit
                0x0800aadc       0x3c lib/STM32F10x_StdPeriph_Driver/libstm32fw.a(stm32f10x_tim.o)
                0x0800aadc                TIM_TimeBaseInit
 .text.TIM_OC1Init
                0x0800ab18       0x74 lib/STM32F10x_StdPeriph_Driver/libstm32fw.a(stm32f10x_tim.o)
                0x0800ab18                TIM_OC1Init
 .text.TIM_Cmd  0x0800ab8c       0x18 lib/STM32F10x_StdPeriph_Driver/libstm32fw.a(stm32f10x_tim.o)
                0x0800ab8c                TIM_Cmd
 .text.TIM_CtrlPWMOutputs
                0x0800aba4       0x1c lib/STM32F10x_StdPeriph_Driver/libstm32fw.a(stm32f10x_tim.o)
                0x0800aba4                TIM_CtrlPWMOutputs
 .text.TIM_ARRPreloadConfig
                0x0800abc0       0x18 lib/STM32F10x_StdPeriph_Driver/libstm32fw.a(stm32f10x_tim.o)
                0x0800abc0                TIM_ARRPreloadConfig
 .text.TIM_OC1PreloadConfig
                0x0800abd8       0x10 lib/STM32F10x_StdPeriph_Driver/libstm32fw.a(stm32f10x_tim.o)
                0x0800abd8                TIM_OC1PreloadConfig
 .text.TIM_SetCompare1
                0x0800abe8        0x4 lib/STM32F10x_StdPeriph_Driver/libstm32fw.a(stm32f10x_tim.o)
                0x0800abe8                TIM_SetCompare1
 .text.USART_DeInit
                0x0800abec       0x98 lib/STM32F10x_StdPeriph_Driver/libstm32fw.a(stm32f10x_usart.o)
                0x0800abec                USART_DeInit
 .text.USART_Init
                0x0800ac84       0x88 lib/STM32F10x_StdPeriph_Driver/libstm32fw.a(stm32f10x_usart.o)
                0x0800ac84                USART_Init
 .text.USART_Cmd
                0x0800ad0c       0x18 lib/STM32F10x_StdPeriph_Driver/libstm32fw.a(stm32f10x_usart.o)
                0x0800ad0c                USART_Cmd
 .text.USART_ITConfig
                0x0800ad24       0x32 lib/STM32F10x_StdPeriph_Driver/libstm32fw.a(stm32f10x_usart.o)
                0x0800ad24                USART_ITConfig
 .text.USART_DMACmd
                0x0800ad56       0x12 lib/STM32F10x_StdPeriph_Driver/libstm32fw.a(stm32f10x_usart.o)
                0x0800ad56                USART_DMACmd
 .text.USART_SendData
                0x0800ad68        0x8 lib/STM32F10x_StdPeriph_Driver/libstm32fw.a(stm32f10x_usart.o)
                0x0800ad68                USART_SendData
 .text.USART_ReceiveData
                0x0800ad70        0x8 lib/STM32F10x_StdPeriph_Driver/libstm32fw.a(stm32f10x_usart.o)
                0x0800ad70                USART_ReceiveData
 .text.USART_GetFlagStatus
                0x0800ad78        0xc lib/STM32F10x_StdPeriph_Driver/libstm32fw.a(stm32f10x_usart.o)
                0x0800ad78                USART_GetFlagStatus
 .text.USART_GetITStatus
                0x0800ad84       0x3e lib/STM32F10x_StdPeriph_Driver/libstm32fw.a(stm32f10x_usart.o)
                0x0800ad84                USART_GetITStatus
 .text.USART_ClearITPendingBit
                0x0800adc2        0xe lib/STM32F10x_StdPeriph_Driver/libstm32fw.a(stm32f10x_usart.o)
                0x0800adc2                USART_ClearITPendingBit
 .text.Standard_GetConfiguration
                0x0800add0       0x24 lib/STM32_USB-FS-Device_Driver/libstm32usb.a(usb_core.o)
                0x0800add0                Standard_GetConfiguration
 .text.Standard_GetInterface
                0x0800adf4       0x24 lib/STM32_USB-FS-Device_Driver/libstm32usb.a(usb_core.o)
                0x0800adf4                Standard_GetInterface
 .text.Standard_GetStatus
                0x0800ae18       0x90 lib/STM32_USB-FS-Device_Driver/libstm32usb.a(usb_core.o)
                0x0800ae18                Standard_GetStatus
 .text.DataStageIn
                0x0800aea8       0xac lib/STM32_USB-FS-Device_Driver/libstm32usb.a(usb_core.o)
 .text.Standard_SetConfiguration
                0x0800af54       0x38 lib/STM32_USB-FS-Device_Driver/libstm32usb.a(usb_core.o)
                0x0800af54                Standard_SetConfiguration
 .text.Standard_SetInterface
                0x0800af8c       0x48 lib/STM32_USB-FS-Device_Driver/libstm32usb.a(usb_core.o)
                0x0800af8c                Standard_SetInterface
 .text.Standard_ClearFeature
                0x0800afd4       0xd8 lib/STM32_USB-FS-Device_Driver/libstm32usb.a(usb_core.o)
                0x0800afd4                Standard_ClearFeature
 .text.Standard_SetEndPointFeature
                0x0800b0ac       0x8c lib/STM32_USB-FS-Device_Driver/libstm32usb.a(usb_core.o)
                0x0800b0ac                Standard_SetEndPointFeature
 .text.Standard_SetDeviceFeature
                0x0800b138       0x24 lib/STM32_USB-FS-Device_Driver/libstm32usb.a(usb_core.o)
                0x0800b138                Standard_SetDeviceFeature
 .text.Standard_GetDescriptorData
                0x0800b15c       0x1c lib/STM32_USB-FS-Device_Driver/libstm32usb.a(usb_core.o)
                0x0800b15c                Standard_GetDescriptorData
 .text.Post0_Process
                0x0800b178       0x44 lib/STM32_USB-FS-Device_Driver/libstm32usb.a(usb_core.o)
                0x0800b178                Post0_Process
 .text.Setup0_Process
                0x0800b1bc      0x2dc lib/STM32_USB-FS-Device_Driver/libstm32usb.a(usb_core.o)
                0x0800b1bc                Setup0_Process
 .text.Out0_Process
                0x0800b498       0xcc lib/STM32_USB-FS-Device_Driver/libstm32usb.a(usb_core.o)
                0x0800b498                Out0_Process
 .text.SetDeviceAddress
                0x0800b564       0x40 lib/STM32_USB-FS-Device_Driver/libstm32usb.a(usb_core.o)
                0x0800b564                SetDeviceAddress
 .text.In0_Process
                0x0800b5a4       0x5c lib/STM32_USB-FS-Device_Driver/libstm32usb.a(usb_core.o)
                0x0800b5a4                In0_Process
 .text.NOP_Process
                0x0800b600        0x2 lib/STM32_USB-FS-Device_Driver/libstm32usb.a(usb_core.o)
                0x0800b600                NOP_Process
 *fill*         0x0800b602        0x2 
 .text.USB_Init
                0x0800b604       0x34 lib/STM32_USB-FS-Device_Driver/libstm32usb.a(usb_init.o)
                0x0800b604                USB_Init
 .text.CTR_LP   0x0800b638      0x170 lib/STM32_USB-FS-Device_Driver/libstm32usb.a(usb_int.o)
                0x0800b638                CTR_LP
 .text.CTR_HP   0x0800b7a8       0x74 lib/STM32_USB-FS-Device_Driver/libstm32usb.a(usb_int.o)
                0x0800b7a8                CTR_HP
 .text.UserToPMABufferCopy
                0x0800b81c       0x30 lib/STM32_USB-FS-Device_Driver/libstm32usb.a(usb_mem.o)
                0x0800b81c                UserToPMABufferCopy
 .text.PMAToUserBufferCopy
                0x0800b84c       0x24 lib/STM32_USB-FS-Device_Driver/libstm32usb.a(usb_mem.o)
                0x0800b84c                PMAToUserBufferCopy
 .text.SetBTABLE
                0x0800b870       0x10 lib/STM32_USB-FS-Device_Driver/libstm32usb.a(usb_regs.o)
                0x0800b870                SetBTABLE
 .text.SetEPType
                0x0800b880       0x1c lib/STM32_USB-FS-Device_Driver/libstm32usb.a(usb_regs.o)
                0x0800b880                SetEPType
 .text.SetEPTxStatus
                0x0800b89c       0x32 lib/STM32_USB-FS-Device_Driver/libstm32usb.a(usb_regs.o)
                0x0800b89c                SetEPTxStatus
 .text.SetEPRxStatus
                0x0800b8ce       0x32 lib/STM32_USB-FS-Device_Driver/libstm32usb.a(usb_regs.o)
                0x0800b8ce                SetEPRxStatus
 .text.SetEPRxValid
                0x0800b900       0x26 lib/STM32_USB-FS-Device_Driver/libstm32usb.a(usb_regs.o)
                0x0800b900                SetEPRxValid
 .text.Clear_Status_Out
                0x0800b926       0x20 lib/STM32_USB-FS-Device_Driver/libstm32usb.a(usb_regs.o)
                0x0800b926                Clear_Status_Out
 .text.ClearDTOG_RX
                0x0800b946       0x26 lib/STM32_USB-FS-Device_Driver/libstm32usb.a(usb_regs.o)
                0x0800b946                ClearDTOG_RX
 .text.ClearDTOG_TX
                0x0800b96c       0x26 lib/STM32_USB-FS-Device_Driver/libstm32usb.a(usb_regs.o)
                0x0800b96c                ClearDTOG_TX
 *fill*         0x0800b992        0x2 
 .text.SetEPTxAddr
                0x0800b994       0x20 lib/STM32_USB-FS-Device_Driver/libstm32usb.a(usb_regs.o)
                0x0800b994                SetEPTxAddr
 .text.SetEPRxAddr
                0x0800b9b4       0x20 lib/STM32_USB-FS-Device_Driver/libstm32usb.a(usb_regs.o)
                0x0800b9b4                SetEPRxAddr
 .text.GetEPTxAddr
                0x0800b9d4       0x20 lib/STM32_USB-FS-Device_Driver/libstm32usb.a(usb_regs.o)
                0x0800b9d4                GetEPTxAddr
 .text.GetEPRxAddr
                0x0800b9f4       0x20 lib/STM32_USB-FS-Device_Driver/libstm32usb.a(usb_regs.o)
                0x0800b9f4                GetEPRxAddr
 .text.SetEPTxCount
                0x0800ba14       0x1c lib/STM32_USB-FS-Device_Driver/libstm32usb.a(usb_regs.o)
                0x0800ba14                SetEPTxCount
 .text.SetEPRxCount
                0x0800ba30       0x40 lib/STM32_USB-FS-Device_Driver/libstm32usb.a(usb_regs.o)
                0x0800ba30                SetEPRxCount
 .text.GetEPRxCount
                0x0800ba70       0x20 lib/STM32_USB-FS-Device_Driver/libstm32usb.a(usb_regs.o)
                0x0800ba70                GetEPRxCount
 .text.ByteSwap
                0x0800ba90        0xa lib/STM32_USB-FS-Device_Driver/libstm32usb.a(usb_regs.o)
                0x0800ba90                ByteSwap
 *fill*         0x0800ba9a        0x2 
 .text.USB_SIL_Init
                0x0800ba9c       0x20 lib/STM32_USB-FS-Device_Driver/libstm32usb.a(usb_sil.o)
                0x0800ba9c                USB_SIL_Init
 .text.USB_SIL_Write
                0x0800babc       0x28 lib/STM32_USB-FS-Device_Driver/libstm32usb.a(usb_sil.o)
                0x0800babc                USB_SIL_Write
 .text.USB_SIL_Read
                0x0800bae4       0x24 lib/STM32_USB-FS-Device_Driver/libstm32usb.a(usb_sil.o)
                0x0800bae4                USB_SIL_Read
 .text.memset   0x0800bb08       0x9c /home/laurence/ARM-GCC/gcc-arm-none-eabi-4_9-2014q4/bin/../lib/gcc/arm-none-eabi/4.9.3/../../../../arm-none-eabi/lib/armv7-m/libg.a(lib_a-memset.o)
                0x0800bb08                memset
 .text._sbrk    0x0800bba4       0x1c /home/laurence/ARM-GCC/gcc-arm-none-eabi-4_9-2014q4/bin/../lib/gcc/arm-none-eabi/4.9.3/../../../../arm-none-eabi/lib/armv7-m/libnosys.a(sbrk.o)
                0x0800bba4                _sbrk
 *(.rodata)
 .rodata        0x0800bbc0       0xe8 /tmp/ccpI9JnT.ltrans0.ltrans.o
 .rodata        0x0800bca8      0x4d0 /tmp/ccpI9JnT.ltrans2.ltrans.o
 .rodata        0x0800c178       0x48 /tmp/ccpI9JnT.ltrans3.ltrans.o
 .rodata        0x0800c1c0      0x11c /tmp/ccpI9JnT.ltrans4.ltrans.o
 .rodata        0x0800c2dc        0xc /tmp/ccpI9JnT.ltrans6.ltrans.o
 .rodata        0x0800c2e8       0x80 /tmp/ccpI9JnT.ltrans7.ltrans.o
 *(.rodata*)
 .rodata.str1.4
                0x0800c368        0x6 /tmp/ccpI9JnT.ltrans1.ltrans.o
                                  0x8 (size before relaxing)
 *fill*         0x0800c36e        0x2 
 .rodata.str1.4
                0x0800c370      0x325 /tmp/ccpI9JnT.ltrans3.ltrans.o
                                0x32c (size before relaxing)
 *fill*         0x0800c695        0x3 
 .rodata.MASS_DeviceDescriptor
                0x0800c698       0x14 /tmp/ccpI9JnT.ltrans4.ltrans.o
 .rodata.str1.4
                0x0800c6ac      0x117 /tmp/ccpI9JnT.ltrans4.ltrans.o
                                0x118 (size before relaxing)
 *fill*         0x0800c7c3        0x1 
 .rodata.L3GD20_setup
                0x0800c7c4        0x8 /tmp/ccpI9JnT.ltrans5.ltrans.o
 .rodata.str1.4
                0x0800c7cc       0x13 /tmp/ccpI9JnT.ltrans7.ltrans.o
                                 0x14 (size before relaxing)
 *fill*         0x0800c7df        0x1 
 .rodata.str1.4
                0x0800c7e0       0x4c /tmp/ccpI9JnT.ltrans8.ltrans.o
 .rodata.str1.4
                0x0800c82c        0x2 /home/laurence/ARM-GCC/gcc-arm-none-eabi-4_9-2014q4/bin/../lib/gcc/arm-none-eabi/4.9.3/../../../../arm-none-eabi/lib/armv7-m/libg.a(lib_a-impure.o)
                                  0x4 (size before relaxing)
 *(.glue_7)
 .glue_7        0x00000000        0x0 linker stubs
 *(.glue_7t)
 .glue_7t       0x00000000        0x0 linker stubs
 *(.init)
 *fill*         0x0800c82e        0x2 
 .init          0x0800c830        0x4 /home/laurence/ARM-GCC/gcc-arm-none-eabi-4_9-2014q4/bin/../lib/gcc/arm-none-eabi/4.9.3/armv7-m/crti.o
                0x0800c830                _init
 .init          0x0800c834        0x8 /home/laurence/ARM-GCC/gcc-arm-none-eabi-4_9-2014q4/bin/../lib/gcc/arm-none-eabi/4.9.3/armv7-m/crtn.o
 *(.fini)
 .fini          0x0800c83c        0x4 /home/laurence/ARM-GCC/gcc-arm-none-eabi-4_9-2014q4/bin/../lib/gcc/arm-none-eabi/4.9.3/armv7-m/crti.o
                0x0800c83c                _fini
 .fini          0x0800c840        0x8 /home/laurence/ARM-GCC/gcc-arm-none-eabi-4_9-2014q4/bin/../lib/gcc/arm-none-eabi/4.9.3/armv7-m/crtn.o
                0x0800c848                . = ALIGN (0x4)
                0x0800c848                _etext = .
                0x0800c848                _sidata = _etext

.vfp11_veneer   0x0800c848        0x0
 .vfp11_veneer  0x00000000        0x0 linker stubs

.v4_bx          0x0800c848        0x0
 .v4_bx         0x00000000        0x0 linker stubs

.iplt           0x0800c848        0x0
 .iplt          0x00000000        0x0 /home/laurence/ARM-GCC/gcc-arm-none-eabi-4_9-2014q4/bin/../lib/gcc/arm-none-eabi/4.9.3/armv7-m/crtbegin.o

.rel.dyn        0x0800c848        0x0
 .rel.iplt      0x00000000        0x0 /home/laurence/ARM-GCC/gcc-arm-none-eabi-4_9-2014q4/bin/../lib/gcc/arm-none-eabi/4.9.3/armv7-m/crtbegin.o

.flashpatch     0x00000000        0x0
                0x00000000                . = ALIGN (0x4)
 *(.flashpatch)
                0x00000000                . = ALIGN (0x4)

.endflash       0x00000000        0x0
                0x00000000                . = ALIGN (0x4)
 *(.endflash)
                0x00000000                . = ALIGN (0x4)
                0x00000000                _e_endflash = .

.data           0x20000000      0x9e4 load address 0x0800c848
                0x20000000                . = ALIGN (0x4)
                0x20000000                _sdata = .
                0x20000000                _data = .
 *(.data)
 .data          0x20000000        0x8 /tmp/ccpI9JnT.ltrans0.ltrans.o
                0x20000004                Device_Table
 .data          0x20000008        0x1 /tmp/ccpI9JnT.ltrans1.ltrans.o
 *fill*         0x20000009        0x3 
 .data          0x2000000c       0x20 /tmp/ccpI9JnT.ltrans2.ltrans.o
 .data          0x2000002c        0x8 /tmp/ccpI9JnT.ltrans3.ltrans.o
                0x2000002c                Silabs_Header
 .data          0x20000034      0x138 /tmp/ccpI9JnT.ltrans4.ltrans.o
                0x20000088                Device_Property
                0x20000110                pEpInt_IN
                0x2000012c                pEpInt_OUT
                0x20000148                User_Standard_Requests
 .data          0x2000016c       0x24 /tmp/ccpI9JnT.ltrans5.ltrans.o
 .data          0x20000190        0x4 /tmp/ccpI9JnT.ltrans6.ltrans.o
 *(.data.*)
 .data.__malloc_av_
                0x20000194      0x408 /home/laurence/ARM-GCC/gcc-arm-none-eabi-4_9-2014q4/bin/../lib/gcc/arm-none-eabi/4.9.3/../../../../arm-none-eabi/lib/armv7-m/libg.a(lib_a-mallocr.o)
                0x20000194                __malloc_av_
 .data.__malloc_trim_threshold
                0x2000059c        0x4 /home/laurence/ARM-GCC/gcc-arm-none-eabi-4_9-2014q4/bin/../lib/gcc/arm-none-eabi/4.9.3/../../../../arm-none-eabi/lib/armv7-m/libg.a(lib_a-mallocr.o)
                0x2000059c                __malloc_trim_threshold
 .data.__malloc_sbrk_base
                0x200005a0        0x4 /home/laurence/ARM-GCC/gcc-arm-none-eabi-4_9-2014q4/bin/../lib/gcc/arm-none-eabi/4.9.3/../../../../arm-none-eabi/lib/armv7-m/libg.a(lib_a-mallocr.o)
                0x200005a0                __malloc_sbrk_base
 .data.ADCPrescTable
                0x200005a4        0x4 lib/STM32F10x_StdPeriph_Driver/libstm32fw.a(stm32f10x_rcc.o)
 .data.APBAHBPrescTable
                0x200005a8       0x10 lib/STM32F10x_StdPeriph_Driver/libstm32fw.a(stm32f10x_rcc.o)
 .data.impure_data
                0x200005b8      0x428 /home/laurence/ARM-GCC/gcc-arm-none-eabi-4_9-2014q4/bin/../lib/gcc/arm-none-eabi/4.9.3/../../../../arm-none-eabi/lib/armv7-m/libg.a(lib_a-impure.o)
 .data._impure_ptr
                0x200009e0        0x4 /home/laurence/ARM-GCC/gcc-arm-none-eabi-4_9-2014q4/bin/../lib/gcc/arm-none-eabi/4.9.3/../../../../arm-none-eabi/lib/armv7-m/libg.a(lib_a-impure.o)
                0x200009e0                _impure_ptr
 *(.RAMtext)
                0x200009e4                . = ALIGN (0x4)
                0x200009e4                _edata = .
                0x0800d22c                _eidata = (_sidata + (_edata - _sdata))
                0x08020000                _lastdataromaddress = (ORIGIN (FLASH) + 0x20000)
                0x00000000                toobig = (_eidata > _lastdataromaddress)?!!!!!!!!! FLASH IS FULL !!!!!!!!!:0x0

.igot.plt       0x200009e4        0x0 load address 0x0800d22c
 .igot.plt      0x00000000        0x0 /home/laurence/ARM-GCC/gcc-arm-none-eabi-4_9-2014q4/bin/../lib/gcc/arm-none-eabi/4.9.3/armv7-m/crtbegin.o

.bss            0x200009e8      0xf64 load address 0x0800d230
                0x200009e8                . = ALIGN (0x4)
                0x200009e8                _sbss = .
                0x200009e8                _bss = .
 *(.bss)
 .bss           0x200009e8       0xa0 /tmp/ccpI9JnT.ltrans0.ltrans.o
 .bss           0x20000a88       0x94 /tmp/ccpI9JnT.ltrans1.ltrans.o
                0x20000b0c                Timer1.lto_priv.8
                0x20000b10                Timer2.lto_priv.9
                0x20000b19                Sd_Spi_Called_From_USB_MSC
 .bss           0x20000b1c       0x34 /tmp/ccpI9JnT.ltrans2.ltrans.o
                0x20000b1c                Mass_Block_Count
                0x20000b24                CBW
                0x20000b44                Mass_Block_Size
                0x20000b4c                Bot_State
 .bss           0x20000b50      0x6f0 /tmp/ccpI9JnT.ltrans3.ltrans.o
                0x20000f78                bootsource
                0x20000f7c                Battery_Voltage
                0x200011d4                Silabs_driver_state
                0x2000120b                System_state_Global
                0x2000120c                Shutdown_System
                0x20001210                Gyro_XY_Rate
                0x20001214                Gyro_Z_Rate
                0x20001218                Ind_Voltage
                0x2000121c                Auto_volt
                0x20001220                Ignition_Selftest
                0x20001222                AutoSequence
                0x20001228                I2C1error
                0x2000122c                L3GD20_Data_Buffer
                0x20001234                Aux_Voltage
                0x20001238                Gyro_Temperature
                0x2000123c                Auto_spin
 .bss           0x20001240       0x98 /tmp/ccpI9JnT.ltrans4.ltrans.o
                0x20001248                wIstr
 .bss           0x200012d8       0x28 /tmp/ccpI9JnT.ltrans5.ltrans.o
 .bss           0x20001300        0x8 /tmp/ccpI9JnT.ltrans7.ltrans.o
 .bss           0x20001308      0x5b0 /tmp/ccpI9JnT.ltrans8.ltrans.o
                0x20001308                FATFS_logfile
                0x20001530                print_string
                0x20001630                Usart1_rx_buff
                0x2000163c                Gps_Buffer
                0x20001648                FATFS_wavfile_gyro
                0x20001888                Millis
                0x2000188c                Jobs
                0x20001890                Completed_Jobs
                0x20001894                Gyro_x_buffer
                0x200018a0                Gyro_y_buffer
                0x200018ac                Gyro_z_buffer
 *(.bss.*)
 .bss.bDeviceState
                0x200018b8        0x4 /tmp/ccpI9JnT.ltrans3.ltrans.o
                0x200018b8                bDeviceState
 .bss.file_opened
                0x200018bc        0x1 /tmp/ccpI9JnT.ltrans3.ltrans.o
 .bss.Last_RSSI
                0x200018bd        0x1 /tmp/ccpI9JnT.ltrans3.ltrans.o
                0x200018bd                Last_RSSI
 .bss.bIntPackSOF
                0x200018be        0x1 /tmp/ccpI9JnT.ltrans4.ltrans.o
 *fill*         0x200018bf        0x1 
 .bss.Status    0x200018c0        0x4 /tmp/ccpI9JnT.ltrans4.ltrans.o
 .bss.Max_Lun   0x200018c4        0x4 /tmp/ccpI9JnT.ltrans4.ltrans.o
 .bss.Page00_Inquiry_Data
                0x200018c8        0x8 /tmp/ccpI9JnT.ltrans4.ltrans.o
 .bss.__malloc_max_total_mem
                0x200018d0        0x4 /home/laurence/ARM-GCC/gcc-arm-none-eabi-4_9-2014q4/bin/../lib/gcc/arm-none-eabi/4.9.3/../../../../arm-none-eabi/lib/armv7-m/libg.a(lib_a-mallocr.o)
                0x200018d0                __malloc_max_total_mem
 .bss.__malloc_max_sbrked_mem
                0x200018d4        0x4 /home/laurence/ARM-GCC/gcc-arm-none-eabi-4_9-2014q4/bin/../lib/gcc/arm-none-eabi/4.9.3/../../../../arm-none-eabi/lib/armv7-m/libg.a(lib_a-mallocr.o)
                0x200018d4                __malloc_max_sbrked_mem
 .bss.__malloc_top_pad