Archive member included to satisfy reference by file (symbol)

lib/STM32F10x_StdPeriph_Driver/libstm32fw.a(misc.o)
                              interrupts.o (symbol from plugin) (NVIC_PriorityGroupConfig)
lib/STM32F10x_StdPeriph_Driver/libstm32fw.a(stm32f10x_adc.o)
                              adc.o (symbol from plugin) (ADC_DeInit)
lib/STM32F10x_StdPeriph_Driver/libstm32fw.a(stm32f10x_bkp.o)
                              Util/fat_fs/src/rtc.o (symbol from plugin) (BKP_DeInit)
lib/STM32F10x_StdPeriph_Driver/libstm32fw.a(stm32f10x_dbgmcu.o)
                              main.o (symbol from plugin) (DBGMCU_Config)
lib/STM32F10x_StdPeriph_Driver/libstm32fw.a(stm32f10x_dma.o)
                              Silabs/si446x.o (symbol from plugin) (DMA_DeInit)
lib/STM32F10x_StdPeriph_Driver/libstm32fw.a(stm32f10x_exti.o)
                              Silabs/si446x.o (symbol from plugin) (EXTI_DeInit)
lib/STM32F10x_StdPeriph_Driver/libstm32fw.a(stm32f10x_gpio.o)
                              Silabs/si446x.o (symbol from plugin) (GPIO_Init)
lib/STM32F10x_StdPeriph_Driver/libstm32fw.a(stm32f10x_i2c.o)
                              i2c_int.o (symbol from plugin) (I2C_DeInit)
lib/STM32F10x_StdPeriph_Driver/libstm32fw.a(stm32f10x_iwdg.o)
                              watchdog.o (symbol from plugin) (IWDG_WriteAccessCmd)
lib/STM32F10x_StdPeriph_Driver/libstm32fw.a(stm32f10x_pwr.o)
                              pwr.o (symbol from plugin) (PWR_DeInit)
lib/STM32F10x_StdPeriph_Driver/libstm32fw.a(stm32f10x_rcc.o)
                              interrupts.o (symbol from plugin) (RCC_HCLKConfig)
lib/STM32F10x_StdPeriph_Driver/libstm32fw.a(stm32f10x_rtc.o)
                              Util/fat_fs/src/rtc.o (symbol from plugin) (RTC_GetCounter)
lib/STM32F10x_StdPeriph_Driver/libstm32fw.a(stm32f10x_spi.o)
                              Util/fat_fs/src/sd_spi_stm32.o (symbol from plugin) (SPI_I2S_DeInit)
lib/STM32F10x_StdPeriph_Driver/libstm32fw.a(stm32f10x_tim.o)
                              pwm.o (symbol from plugin) (TIM_DeInit)
lib/STM32F10x_StdPeriph_Driver/libstm32fw.a(stm32f10x_usart.o)
                              usart.o (symbol from plugin) (USART_DeInit)
lib/STM32_USB-FS-Device_Driver/libstm32usb.a(usb_core.o)
                              Util/USB/usb_prop.o (symbol from plugin) (Standard_GetDescriptorData)
lib/STM32_USB-FS-Device_Driver/libstm32usb.a(usb_init.o)
                              main.o (symbol from plugin) (USB_Init)
lib/STM32_USB-FS-Device_Driver/libstm32usb.a(usb_int.o)
                              Util/USB/usb_istr.o (symbol from plugin) (CTR_LP)
lib/STM32_USB-FS-Device_Driver/libstm32usb.a(usb_mem.o)
                              lib/STM32_USB-FS-Device_Driver/libstm32usb.a(usb_core.o) (UserToPMABufferCopy)
lib/STM32_USB-FS-Device_Driver/libstm32usb.a(usb_regs.o)
                              Util/USB/usb_prop.o (symbol from plugin) (SetBTABLE)
lib/STM32_USB-FS-Device_Driver/libstm32usb.a(usb_sil.o)
                              Util/USB/usb_prop.o (symbol from plugin) (USB_SIL_Init)
/home/laurence/ARM-GCC/bin/../lib/gcc/arm-none-eabi/5.3.1/../../../../arm-none-eabi/lib/armv7-m/libc_nano.a(lib_a-exit.o)
                              /home/laurence/ARM-GCC/bin/../lib/gcc/arm-none-eabi/5.3.1/../../../../arm-none-eabi/lib/armv7-m/crt0.o (exit)
/home/laurence/ARM-GCC/bin/../lib/gcc/arm-none-eabi/5.3.1/../../../../arm-none-eabi/lib/armv7-m/libc_nano.a(lib_a-impure.o)
                              /home/laurence/ARM-GCC/bin/../lib/gcc/arm-none-eabi/5.3.1/../../../../arm-none-eabi/lib/armv7-m/libc_nano.a(lib_a-exit.o) (_global_impure_ptr)
/home/laurence/ARM-GCC/bin/../lib/gcc/arm-none-eabi/5.3.1/../../../../arm-none-eabi/lib/armv7-m/libc_nano.a(lib_a-init.o)
                              /home/laurence/ARM-GCC/bin/../lib/gcc/arm-none-eabi/5.3.1/../../../../arm-none-eabi/lib/armv7-m/crt0.o (__libc_init_array)
/home/laurence/ARM-GCC/bin/../lib/gcc/arm-none-eabi/5.3.1/../../../../arm-none-eabi/lib/armv7-m/libc_nano.a(lib_a-memset.o)
                              /home/laurence/ARM-GCC/bin/../lib/gcc/arm-none-eabi/5.3.1/../../../../arm-none-eabi/lib/armv7-m/crt0.o (memset)
/home/laurence/ARM-GCC/bin/../lib/gcc/arm-none-eabi/5.3.1/../../../../arm-none-eabi/lib/armv7-m/libnosys.a(_exit.o)
                              /home/laurence/ARM-GCC/bin/../lib/gcc/arm-none-eabi/5.3.1/../../../../arm-none-eabi/lib/armv7-m/libc_nano.a(lib_a-exit.o) (_exit)
/home/laurence/ARM-GCC/bin/../lib/gcc/arm-none-eabi/5.3.1/../../../../arm-none-eabi/lib/armv7-m/libm.a(lib_a-sf_cos.o)
                              /tmp/ccw4Zj6F.ltrans2.ltrans.o (cosf)
/home/laurence/ARM-GCC/bin/../lib/gcc/arm-none-eabi/5.3.1/../../../../arm-none-eabi/lib/armv7-m/libm.a(lib_a-wf_log.o)
                              /tmp/ccw4Zj6F.ltrans9.ltrans.o (logf)
/home/laurence/ARM-GCC/bin/../lib/gcc/arm-none-eabi/5.3.1/../../../../arm-none-eabi/lib/armv7-m/libm.a(lib_a-ef_log.o)
[...]
Memory Configuration

Name             Origin             Length             Attributes
RAM              0x20000000         0x00005000         xrw
FLASH            0x08000000         0x00020000         xr
FLASHB1          0x00000000         0x00000000         xr
EXTMEMB0         0x00000000         0x00000000         xr
EXTMEMB1         0x00000000         0x00000000         xr
EXTMEMB2         0x00000000         0x00000000         xr
EXTMEMB3         0x00000000         0x00000000         xr
STARTFLASH       0x00000000         0xffffffff
CRPPATCH         0x00000000         0xffffffff
FLASHPATCH       0x00000000         0xffffffff
ENDFLASH         0x00000000         0xffffffff
*default*        0x00000000         0xffffffff

Linker script and memory map

LOAD /home/laurence/ARM-GCC/bin/../lib/gcc/arm-none-eabi/5.3.1/armv7-m/crti.o
LOAD /home/laurence/ARM-GCC/bin/../lib/gcc/arm-none-eabi/5.3.1/armv7-m/crtbegin.o
LOAD /home/laurence/ARM-GCC/bin/../lib/gcc/arm-none-eabi/5.3.1/../../../../arm-none-eabi/lib/armv7-m/crt0.o
LOAD Silabs/si446x.o
LOAD /tmp/ccw4Zj6F.ltrans0.ltrans.o
LOAD /tmp/ccw4Zj6F.ltrans1.ltrans.o
LOAD /tmp/ccw4Zj6F.ltrans2.ltrans.o
LOAD /tmp/ccw4Zj6F.ltrans3.ltrans.o
LOAD /tmp/ccw4Zj6F.ltrans4.ltrans.o
LOAD /tmp/ccw4Zj6F.ltrans5.ltrans.o
LOAD /tmp/ccw4Zj6F.ltrans6.ltrans.o
LOAD /tmp/ccw4Zj6F.ltrans7.ltrans.o
LOAD /tmp/ccw4Zj6F.ltrans8.ltrans.o
LOAD /tmp/ccw4Zj6F.ltrans9.ltrans.o
LOAD /tmp/ccw4Zj6F.ltrans10.ltrans.o
LOAD Ublox/ubx.o
LOAD Util/USB/hw_config.o
LOAD Util/USB/mass_mal.o
LOAD Util/USB/memory.o
LOAD Util/USB/scsi_data.o
LOAD Util/USB/usb_bot.o
LOAD Util/USB/usb_desc.o
LOAD Util/USB/usb_endp.o
LOAD Util/USB/usb_istr.o
LOAD Util/USB/usb_prop.o
LOAD Util/USB/usb_pwr.o
LOAD Util/USB/usb_scsi.o
LOAD Util/buffer.o
LOAD Util/crc.o
LOAD Util/delay.o
LOAD Util/fat_fs/option/ccsbcs.o
LOAD Util/fat_fs/src/fattime.o
LOAD Util/fat_fs/src/ff.o
LOAD Util/fat_fs/src/rtc.o
LOAD Util/fat_fs/src/sd_spi_stm32.o
LOAD Util/landing_estimator.o
LOAD Util/polygon.o
LOAD Util/rprintf.o
LOAD Util/thermistor.o
LOAD Util/wave.o
LOAD adc.o
LOAD dma.o
LOAD gpio.o
LOAD i2c_int.o
LOAD interrupts.o
LOAD lib/CMSIS_CM3/core_cm3.o
LOAD lib/CMSIS_CM3/startup/gcc/startup_stm32f10x_md.o
LOAD lib/CMSIS_CM3/system_stm32f10x.o
LOAD main.o
LOAD pwm.o
LOAD pwr.o
LOAD usart.o
LOAD watchdog.o
LOAD lib/STM32F10x_StdPeriph_Driver/libstm32fw.a
LOAD lib/STM32_USB-FS-Device_Driver/libstm32usb.a
LOAD /home/laurence/ARM-GCC/bin/../lib/gcc/arm-none-eabi/5.3.1/../../../../arm-none-eabi/lib/armv7-m/libm.a
LOAD /home/laurence/ARM-GCC/bin/../lib/gcc/arm-none-eabi/5.3.1/../../../../arm-none-eabi/lib/armv7-m/libnosys.a
START GROUP
LOAD /home/laurence/ARM-GCC/bin/../lib/gcc/arm-none-eabi/5.3.1/armv7-m/libgcc.a
LOAD /home/laurence/ARM-GCC/bin/../lib/gcc/arm-none-eabi/5.3.1/../../../../arm-none-eabi/lib/armv7-m/libc_nano.a
END GROUP
START GROUP
LOAD /home/laurence/ARM-GCC/bin/../lib/gcc/arm-none-eabi/5.3.1/armv7-m/libgcc.a
LOAD /home/laurence/ARM-GCC/bin/../lib/gcc/arm-none-eabi/5.3.1/../../../../arm-none-eabi/lib/armv7-m/libc_nano.a
LOAD /home/laurence/ARM-GCC/bin/../lib/gcc/arm-none-eabi/5.3.1/../../../../arm-none-eabi/lib/armv7-m/libnosys.a
END GROUP
START GROUP
LOAD /home/laurence/ARM-GCC/bin/../lib/gcc/arm-none-eabi/5.3.1/armv7-m/libgcc.a
LOAD /home/laurence/ARM-GCC/bin/../lib/gcc/arm-none-eabi/5.3.1/../../../../arm-none-eabi/lib/armv7-m/libc_nano.a
LOAD /home/laurence/ARM-GCC/bin/../lib/gcc/arm-none-eabi/5.3.1/../../../../arm-none-eabi/lib/armv7-m/libnosys.a
END GROUP
LOAD /home/laurence/ARM-GCC/bin/../lib/gcc/arm-none-eabi/5.3.1/armv7-m/crtend.o
LOAD /home/laurence/ARM-GCC/bin/../lib/gcc/arm-none-eabi/5.3.1/armv7-m/crtn.o
                0x00002000                __Stack_Size = 0x2000
                [!provide]                PROVIDE (_Stack_Size, __Stack_Size)
                0x20003000                __Stack_Init = (_estack - __Stack_Size)
                [!provide]                PROVIDE (_Stack_Init, __Stack_Init)
                0x00002000                _Minimum_Stack_Size = 0x2000
                [!provide]                PROVIDE (Undefined_Handler, 0x0)
                [!provide]                PROVIDE (SWI_Handler, 0x0)
                [!provide]                PROVIDE (IRQ_Handler, 0x0)
                [!provide]                PROVIDE (Prefetch_Handler, 0x0)
                [!provide]                PROVIDE (Abort_Handler, 0x0)
                [!provide]                PROVIDE (FIQ_Handler, 0x0)
                [!provide]                PROVIDE (NMIException, 0x0)
                [!provide]                PROVIDE (NMI_Handler, 0x0)
                [!provide]                PROVIDE (HardFaultException, 0x0)
                [!provide]                PROVIDE (HardFault_Handler, 0x0)
                [!provide]                PROVIDE (MemManageException, 0x0)
                [!provide]                PROVIDE (MemManage_Handler, 0x0)
                [!provide]                PROVIDE (BusFaultException, 0x0)
                [!provide]                PROVIDE (BusFault_Handler, 0x0)
                [!provide]                PROVIDE (UsageFaultException, 0x0)
                [!provide]                PROVIDE (UsageFault_Handler, 0x0)
                [!provide]                PROVIDE (SVCHandler, 0x0)
                [!provide]                PROVIDE (SVC_Handler, 0x0)
                [!provide]                PROVIDE (DebugMonitor, 0x0)
                [!provide]                PROVIDE (DebugMon_Handler, 0x0)
                [!provide]                PROVIDE (PendSVC, 0x0)
                [!provide]                PROVIDE (PendSV_Handler, 0x0)
                [!provide]                PROVIDE (SysTickHandler, 0x0)
                [!provide]                PROVIDE (SysTick_Handler, 0x0)
                [!provide]                PROVIDE (WWDG_IRQHandler, 0x0)
                [!provide]                PROVIDE (PVD_IRQHandler, 0x0)
                [!provide]                PROVIDE (TAMPER_IRQHandler, 0x0)
                [!provide]                PROVIDE (RTC_IRQHandler, 0x0)
                [!provide]                PROVIDE (FLASH_IRQHandler, 0x0)
                [!provide]                PROVIDE (RCC_IRQHandler, 0x0)
                [!provide]                PROVIDE (EXTI0_IRQHandler, 0x0)
                [!provide]                PROVIDE (EXTI1_IRQHandler, 0x0)
                [!provide]                PROVIDE (EXTI2_IRQHandler, 0x0)
                [!provide]                PROVIDE (EXTI3_IRQHandler, 0x0)
                [!provide]                PROVIDE (EXTI4_IRQHandler, 0x0)
                [!provide]                PROVIDE (DMAChannel1_IRQHandler, 0x0)
                [!provide]                PROVIDE (DMAChannel2_IRQHandler, 0x0)
                [!provide]                PROVIDE (DMAChannel3_IRQHandler, 0x0)
                [!provide]                PROVIDE (DMAChannel4_IRQHandler, 0x0)
                [!provide]                PROVIDE (DMAChannel5_IRQHandler, 0x0)
                [!provide]                PROVIDE (DMAChannel6_IRQHandler, 0x0)
                [!provide]                PROVIDE (DMAChannel7_IRQHandler, 0x0)
                [!provide]                PROVIDE (DMA1_Channel1_IRQHandler, 0x0)
                [!provide]                PROVIDE (DMA1_Channel2_IRQHandler, 0x0)
                [!provide]                PROVIDE (DMA1_Channel3_IRQHandler, 0x0)
                [!provide]                PROVIDE (DMA1_Channel4_IRQHandler, 0x0)
                [!provide]                PROVIDE (DMA1_Channel5_IRQHandler, 0x0)
                [!provide]                PROVIDE (DMA1_Channel6_IRQHandler, 0x0)
                [!provide]                PROVIDE (DMA1_Channel7_IRQHandler, 0x0)
                [!provide]                PROVIDE (ADC_IRQHandler, 0x0)
                [!provide]                PROVIDE (ADC1_2_IRQHandler, 0x0)
                [!provide]                PROVIDE (USB_HP_CAN_TX_IRQHandler, 0x0)
                [!provide]                PROVIDE (USB_HP_CAN1_TX_IRQHandler, 0x0)
                [!provide]                PROVIDE (USB_LP_CAN_RX0_IRQHandler, 0x0)
                [!provide]                PROVIDE (USB_LP_CAN1_RX0_IRQHandler, 0x0)
                [!provide]                PROVIDE (CAN_RX1_IRQHandler, 0x0)
                [!provide]                PROVIDE (CAN1_RX1_IRQHandler, 0x0)
                [!provide]                PROVIDE (CAN_SCE_IRQHandler, 0x0)
                [!provide]                PROVIDE (CAN1_SCE_IRQHandler, 0x0)
                [!provide]                PROVIDE (EXTI9_5_IRQHandler, 0x0)
                [!provide]                PROVIDE (TIM1_BRK_IRQHandler, 0x0)
                [!provide]                PROVIDE (TIM1_UP_IRQHandler, 0x0)
                [!provide]                PROVIDE (TIM1_TRG_COM_IRQHandler, 0x0)
                [!provide]                PROVIDE (TIM1_CC_IRQHandler, 0x0)
                [!provide]                PROVIDE (TIM2_IRQHandler, 0x0)
                [!provide]                PROVIDE (TIM3_IRQHandler, 0x0)
                [!provide]                PROVIDE (TIM4_IRQHandler, 0x0)
                [!provide]                PROVIDE (I2C1_EV_IRQHandler, 0x0)
                [!provide]                PROVIDE (I2C1_ER_IRQHandler, 0x0)
                [!provide]                PROVIDE (I2C2_EV_IRQHandler, 0x0)
                [!provide]                PROVIDE (I2C2_ER_IRQHandler, 0x0)
                [!provide]                PROVIDE (SPI1_IRQHandler, 0x0)
                [!provide]                PROVIDE (SPI2_IRQHandler, 0x0)
                [!provide]                PROVIDE (USART1_IRQHandler, 0x0)
                [!provide]                PROVIDE (USART2_IRQHandler, 0x0)
                [!provide]                PROVIDE (USART3_IRQHandler, 0x0)
                [!provide]                PROVIDE (EXTI15_10_IRQHandler, 0x0)
                [!provide]                PROVIDE (RTCAlarm_IRQHandler, 0x0)
                [!provide]                PROVIDE (USBWakeUp_IRQHandler, 0x0)
                [!provide]                PROVIDE (TIM8_BRK_IRQHandler, 0x0)
                [!provide]                PROVIDE (TIM8_UP_IRQHandler, 0x0)
                [!provide]                PROVIDE (TIM8_TRG_COM_IRQHandler, 0x0)
                [!provide]                PROVIDE (TIM8_CC_IRQHandler, 0x0)
                [!provide]                PROVIDE (ADC3_IRQHandler, 0x0)
                [!provide]                PROVIDE (FSMC_IRQHandler, 0x0)
                [!provide]                PROVIDE (SDIO_IRQHandler, 0x0)
                [!provide]                PROVIDE (TIM5_IRQHandler, 0x0)
                [!provide]                PROVIDE (SPI3_IRQHandler, 0x0)
                [!provide]                PROVIDE (UART4_IRQHandler, 0x0)
                [!provide]                PROVIDE (UART5_IRQHandler, 0x0)
                [!provide]                PROVIDE (TIM6_IRQHandler, 0x0)
                [!provide]                PROVIDE (TIM7_IRQHandler, 0x0)
                [!provide]                PROVIDE (DMA2_Channel1_IRQHandler, 0x0)
                [!provide]                PROVIDE (DMA2_Channel2_IRQHandler, 0x0)
                [!provide]                PROVIDE (DMA2_Channel3_IRQHandler, 0x0)
                [!provide]                PROVIDE (DMA2_Channel4_5_IRQHandler, 0x0)
                0x42000000                PERIPH_BB_BASE = 0x42000000
                0x22000000                SRAM_BB_BASE = 0x22000000
                0x20000000                SRAM_BASE = 0x20000000
                0x40000000                PERIPH_BASE = 0x40000000
                [!provide]                PROVIDE (FLASH_BASE, 0x40022000)
                [!provide]                PROVIDE (OB_BASE, 0x1ffff800)
                0x40000000                APB1PERIPH_BASE = PERIPH_BASE
                0x40010000                APB2PERIPH_BASE = (PERIPH_BASE + 0x10000)
                0x40020000                AHBPERIPH_BASE = (PERIPH_BASE + 0x20000)
                [!provide]                PROVIDE (TIM2, (APB1PERIPH_BASE + 0x0))
                [!provide]                PROVIDE (TIM3, (APB1PERIPH_BASE + 0x400))
                [!provide]                PROVIDE (TIM4, (APB1PERIPH_BASE + 0x800))
                [!provide]                PROVIDE (RTC, (APB1PERIPH_BASE + 0x2800))
                [!provide]                PROVIDE (WWDG, (APB1PERIPH_BASE + 0x2c00))
                [!provide]                PROVIDE (IWDG, (APB1PERIPH_BASE + 0x3000))
                [!provide]                PROVIDE (SPI2, (APB1PERIPH_BASE + 0x3800))
                [!provide]                PROVIDE (USART2, (APB1PERIPH_BASE + 0x4400))
                [!provide]                PROVIDE (USART3, (APB1PERIPH_BASE + 0x4800))
                [!provide]                PROVIDE (I2C1, (APB1PERIPH_BASE + 0x5400))
                [!provide]                PROVIDE (I2C2, (APB1PERIPH_BASE + 0x5800))
                [!provide]                PROVIDE (CAN, (APB1PERIPH_BASE + 0x6400))
                [!provide]                PROVIDE (BKP, (APB1PERIPH_BASE + 0x6c00))
                [!provide]                PROVIDE (PWR, (APB1PERIPH_BASE + 0x7000))
                [!provide]                PROVIDE (AFIO, (APB2PERIPH_BASE + 0x0))
                [!provide]                PROVIDE (EXTI, (APB2PERIPH_BASE + 0x400))
                [!provide]                PROVIDE (GPIOA, (APB2PERIPH_BASE + 0x800))
                [!provide]                PROVIDE (GPIOB, (APB2PERIPH_BASE + 0xc00))
                [!provide]                PROVIDE (GPIOC, (APB2PERIPH_BASE + 0x1000))
                [!provide]                PROVIDE (GPIOD, (APB2PERIPH_BASE + 0x1400))
                [!provide]                PROVIDE (GPIOE, (APB2PERIPH_BASE + 0x1800))
                [!provide]                PROVIDE (ADC1, (APB2PERIPH_BASE + 0x2400))
                [!provide]                PROVIDE (ADC2, (APB2PERIPH_BASE + 0x2800))
                [!provide]                PROVIDE (TIM1, (APB2PERIPH_BASE + 0x2c00))
                [!provide]                PROVIDE (SPI1, (APB2PERIPH_BASE + 0x3000))
                [!provide]                PROVIDE (USART1, (APB2PERIPH_BASE + 0x3800))
                [!provide]                PROVIDE (DMA, (AHBPERIPH_BASE + 0x0))
                [!provide]                PROVIDE (DMA_Channel1, (AHBPERIPH_BASE + 0x8))
                [!provide]                PROVIDE (DMA_Channel2, (AHBPERIPH_BASE + 0x1c))
                [!provide]                PROVIDE (DMA_Channel3, (AHBPERIPH_BASE + 0x30))
                [!provide]                PROVIDE (DMA_Channel4, (AHBPERIPH_BASE + 0x44))
                [!provide]                PROVIDE (DMA_Channel5, (AHBPERIPH_BASE + 0x58))
                [!provide]                PROVIDE (DMA_Channel6, (AHBPERIPH_BASE + 0x6c))
                [!provide]                PROVIDE (DMA_Channel7, (AHBPERIPH_BASE + 0x80))
                [!provide]                PROVIDE (RCC, (AHBPERIPH_BASE + 0x1000))
                0xe000e000                SCS_BASE = 0xe000e000
                [!provide]                PROVIDE (SysTick, (SCS_BASE + 0x10))
                [!provide]                PROVIDE (NVIC, (SCS_BASE + 0x100))
                [!provide]                PROVIDE (SCB, (SCS_BASE + 0xd00))
                0x20005000                PROVIDE (_estack, (ORIGIN (RAM) + LENGTH (RAM)))

.isr_vector     0x08000000      0x10c
                0x08000000                . = ALIGN (0x4)
 *(.isr_vector)
 .isr_vector    0x08000000      0x10c lib/CMSIS_CM3/startup/gcc/startup_stm32f10x_md.o
                0x08000000                g_pfnVectors
                0x0800010c                . = ALIGN (0x4)

.flash_start    0x00000000        0x0
                0x00000000                . = ALIGN (0x4)
 *(.flash_start)
 *(.flash_start.*)
                0x00000000                . = ALIGN (0x4)

.crp_patch      0x00000000        0x0
                0x00000000                . = ALIGN (0x4)
 *(.crp_patch)
                0x00000000                . = ALIGN (0x4)

.flashtext      0x0800010c        0x0
                0x0800010c                . = ALIGN (0x4)
 *(.flashtext)
                0x0800010c                . = ALIGN (0x4)

.text           0x08000110     0xc9f8
                0x08000110                . = ALIGN (0x4)
 *(.text)
 .text          0x08000110      0x370 /home/laurence/ARM-GCC/bin/../lib/gcc/arm-none-eabi/5.3.1/armv7-m/libgcc.a(_arm_addsubdf3.o)
                0x08000110                __aeabi_drsub
                0x08000118                __aeabi_dsub
                0x08000118                __subdf3
                0x0800011c                __adddf3
                0x0800011c                __aeabi_dadd
                0x08000394                __aeabi_ui2d
                0x08000394                __floatunsidf
                0x080003b4                __floatsidf
                0x080003b4                __aeabi_i2d
                0x080003d8                __extendsfdf2
                0x080003d8                __aeabi_f2d
                0x08000414                __aeabi_ul2d
                0x08000414                __floatundidf
                0x08000424                __floatdidf
                0x08000424                __aeabi_l2d
 .text          0x08000480      0x424 /home/laurence/ARM-GCC/bin/../lib/gcc/arm-none-eabi/5.3.1/armv7-m/libgcc.a(_arm_muldivdf3.o)
                0x08000480                __aeabi_dmul
                0x08000480                __muldf3
                0x080006d4                __aeabi_ddiv
                0x080006d4                __divdf3
 .text          0x080008a4      0x110 /home/laurence/ARM-GCC/bin/../lib/gcc/arm-none-eabi/5.3.1/armv7-m/libgcc.a(_arm_cmpdf2.o)
                0x080008a4                __gtdf2
                0x080008a4                __gedf2
                0x080008ac                __ltdf2
                0x080008ac                __ledf2
                0x080008b4                __cmpdf2
                0x080008b4                __eqdf2
                0x080008b4                __nedf2
                0x08000930                __aeabi_cdrcmple
                0x08000940                __aeabi_cdcmple
                0x08000940                __aeabi_cdcmpeq
                0x08000950                __aeabi_dcmpeq
                0x08000964                __aeabi_dcmplt
                0x08000978                __aeabi_dcmple
                0x0800098c                __aeabi_dcmpge
                0x080009a0                __aeabi_dcmpgt
 .text          0x080009b4       0x50 /home/laurence/ARM-GCC/bin/../lib/gcc/arm-none-eabi/5.3.1/armv7-m/libgcc.a(_arm_fixdfsi.o)
                0x080009b4                __fixdfsi
                0x080009b4                __aeabi_d2iz
 .text          0x08000a04       0x40 /home/laurence/ARM-GCC/bin/../lib/gcc/arm-none-eabi/5.3.1/armv7-m/libgcc.a(_arm_fixunsdfsi.o)
                0x08000a04                __fixunsdfsi
                0x08000a04                __aeabi_d2uiz
 .text          0x08000a44       0xa0 /home/laurence/ARM-GCC/bin/../lib/gcc/arm-none-eabi/5.3.1/armv7-m/libgcc.a(_arm_truncdfsf2.o)
                0x08000a44                __aeabi_d2f
                0x08000a44                __truncdfsf2
 .text          0x08000ae4      0x21c /home/laurence/ARM-GCC/bin/../lib/gcc/arm-none-eabi/5.3.1/armv7-m/libgcc.a(_arm_addsubsf3.o)
                0x08000ae4                __aeabi_frsub
                0x08000aec                __subsf3
                0x08000aec                __aeabi_fsub
                0x08000af0                __aeabi_fadd
                0x08000af0                __addsf3
                0x08000c50                __aeabi_ui2f
                0x08000c50                __floatunsisf
                0x08000c58                __aeabi_i2f
                0x08000c58                __floatsisf
                0x08000c74                __floatundisf
                0x08000c74                __aeabi_ul2f
                0x08000c84                __floatdisf
                0x08000c84                __aeabi_l2f
 .text          0x08000d00      0x2a0 /home/laurence/ARM-GCC/bin/../lib/gcc/arm-none-eabi/5.3.1/armv7-m/libgcc.a(_arm_muldivsf3.o)
                0x08000d00                __mulsf3
                0x08000d00                __aeabi_fmul
                0x08000e68                __divsf3
                0x08000e68                __aeabi_fdiv
 .text          0x08000fa0       0xec /home/laurence/ARM-GCC/bin/../lib/gcc/arm-none-eabi/5.3.1/armv7-m/libgcc.a(_arm_cmpsf2.o)
                0x08000fa0                __gtsf2
                0x08000fa0                __gesf2
                0x08000fa8                __lesf2
                0x08000fa8                __ltsf2
                0x08000fb0                __nesf2
                0x08000fb0                __eqsf2
                0x08000fb0                __cmpsf2
                0x08001010                __aeabi_cfrcmple
                0x08001018                __aeabi_cfcmple
                0x08001018                __aeabi_cfcmpeq
                0x08001028                __aeabi_fcmpeq
                0x0800103c                __aeabi_fcmplt
                0x08001050                __aeabi_fcmple
                0x08001064                __aeabi_fcmpge
                0x08001078                __aeabi_fcmpgt
 .text          0x0800108c       0x2c /home/laurence/ARM-GCC/bin/../lib/gcc/arm-none-eabi/5.3.1/armv7-m/libgcc.a(_arm_unordsf2.o)
                0x0800108c                __aeabi_fcmpun
                0x0800108c                __unordsf2
 .text          0x080010b8       0x4c /home/laurence/ARM-GCC/bin/../lib/gcc/arm-none-eabi/5.3.1/armv7-m/libgcc.a(_arm_fixsfsi.o)
                0x080010b8                __fixsfsi
                0x080010b8                __aeabi_f2iz
 .text          0x08001104       0x40 /home/laurence/ARM-GCC/bin/../lib/gcc/arm-none-eabi/5.3.1/armv7-m/libgcc.a(_arm_fixunssfsi.o)
                0x08001104                __aeabi_f2uiz
                0x08001104                __fixunssfsi
 .text          0x08001144       0x10 /home/laurence/ARM-GCC/bin/../lib/gcc/arm-none-eabi/5.3.1/../../../../arm-none-eabi/lib/armv7-m/libc_nano.a(lib_a-strlen.o)
                0x08001144                strlen
 *(.text.*)
 *fill*         0x08001154        0x4 
 .text.startup.main
                0x08001158     0x1e04 /tmp/ccw4Zj6F.ltrans0.ltrans.o
                0x08001158                main
 .text.check_fs
                0x08002f5c       0x54 /tmp/ccw4Zj6F.ltrans1.ltrans.o
 .text.validate.lto_priv.33
                0x08002fb0       0x30 /tmp/ccw4Zj6F.ltrans1.ltrans.o
                0x08002fb0                validate.lto_priv.33
 .text.chk_mounted.lto_priv.39
                0x08002fe0      0x230 /tmp/ccw4Zj6F.ltrans1.ltrans.o
                0x08002fe0                chk_mounted.lto_priv.39
 .text.clust2sect
                0x08003210       0x16 /tmp/ccw4Zj6F.ltrans1.ltrans.o
                0x08003210                clust2sect
 .text.move_window.lto_priv.46
                0x08003226       0x76 /tmp/ccw4Zj6F.ltrans1.ltrans.o
                0x08003226                move_window.lto_priv.46
 .text.put_fat  0x0800329c       0xf4 /tmp/ccw4Zj6F.ltrans1.ltrans.o
                0x0800329c                put_fat
 .text.get_fat  0x08003390       0xc8 /tmp/ccw4Zj6F.ltrans1.ltrans.o
                0x08003390                get_fat
 .text.dir_sdi.lto_priv.53
                0x08003458       0x84 /tmp/ccw4Zj6F.ltrans1.ltrans.o
                0x08003458                dir_sdi.lto_priv.53
 .text.follow_path.lto_priv.40
                0x080034dc      0x29c /tmp/ccw4Zj6F.ltrans1.ltrans.o
                0x080034dc                follow_path.lto_priv.40
 .text.create_chain.lto_priv.51
                0x08003778       0x9a /tmp/ccw4Zj6F.ltrans1.ltrans.o
                0x08003778                create_chain.lto_priv.51
 .text.dir_next.lto_priv.47
                0x08003812      0x100 /tmp/ccw4Zj6F.ltrans1.ltrans.o
                0x08003812                dir_next.lto_priv.47
 .text.remove_chain.lto_priv.48
                0x08003912       0x54 /tmp/ccw4Zj6F.ltrans1.ltrans.o
                0x08003912                remove_chain.lto_priv.48
 .text.mem_cpy.lto_priv.34
                0x08003966       0x14 /tmp/ccw4Zj6F.ltrans1.ltrans.o
                0x08003966                mem_cpy.lto_priv.34
 .text.get_fattime
                0x0800397a       0x42 /tmp/ccw4Zj6F.ltrans1.ltrans.o
                0x0800397a                get_fattime
 .text.Delay    0x080039bc       0x1a /tmp/ccw4Zj6F.ltrans1.ltrans.o
                0x080039bc                Delay
 *fill*         0x080039d6        0x2 
 .text.stm32_dma_transfer
                0x080039d8       0xc8 /tmp/ccw4Zj6F.ltrans2.ltrans.o
 .text.stm32_spi_rw
                0x08003aa0       0x24 /tmp/ccw4Zj6F.ltrans2.ltrans.o
 .text.rcvr_spi
                0x08003ac4        0x6 /tmp/ccw4Zj6F.ltrans2.ltrans.o
 .text.xmit_datablock.part.1
                0x08003aca       0x2c /tmp/ccw4Zj6F.ltrans2.ltrans.o
 *fill*         0x08003af6        0x2 
 .text.rprintfChar
                0x08003af8       0x20 /tmp/ccw4Zj6F.ltrans2.ltrans.o
                0x08003af8                rprintfChar
 .text.initialise_landing_estimator
                0x08003b18       0xdc /tmp/ccw4Zj6F.ltrans2.ltrans.o
                0x08003b18                initialise_landing_estimator
 *fill*         0x08003bf4        0x4 
 .text.correct_GPS_position
                0x08003bf8      0x1a4 /tmp/ccw4Zj6F.ltrans2.ltrans.o
                0x08003bf8                correct_GPS_position
 *fill*         0x08003d9c        0x4 
 .text.process_new_GPS
                0x08003da0      0x1d0 /tmp/ccw4Zj6F.ltrans2.ltrans.o
                0x08003da0                process_new_GPS
 .text.rcvr_datablock
                0x08003f70       0x54 /tmp/ccw4Zj6F.ltrans2.ltrans.o
                0x08003f70                rcvr_datablock
 .text.release_spi
                0x08003fc4       0x18 /tmp/ccw4Zj6F.ltrans2.ltrans.o
                0x08003fc4                release_spi
 .text.wait_ready.lto_priv.52
                0x08003fdc       0x20 /tmp/ccw4Zj6F.ltrans2.ltrans.o
                0x08003fdc                wait_ready.lto_priv.52
 .text.send_cmd.lto_priv.62
                0x08003ffc       0xcc /tmp/ccw4Zj6F.ltrans2.ltrans.o
                0x08003ffc                send_cmd.lto_priv.62
 .text.disk_write
                0x080040c8       0xc4 /tmp/ccw4Zj6F.ltrans2.ltrans.o
                0x080040c8                disk_write
 .text.disk_read
                0x0800418c       0x90 /tmp/ccw4Zj6F.ltrans2.ltrans.o
                0x0800418c                disk_read
 .text.disk_initialize
                0x0800421c      0x23c /tmp/ccw4Zj6F.ltrans2.ltrans.o
                0x0800421c                disk_initialize
 .text.counter_to_struct.lto_priv.38
                0x08004458       0xc4 /tmp/ccw4Zj6F.ltrans2.ltrans.o
                0x08004458                counter_to_struct.lto_priv.38
 .text.isDST.lto_priv.37
                0x0800451c       0x2c /tmp/ccw4Zj6F.ltrans2.ltrans.o
                0x0800451c                isDST.lto_priv.37
 .text.rtc_gettime
                0x08004548       0x70 /tmp/ccw4Zj6F.ltrans2.ltrans.o
                0x08004548                rtc_gettime
 .text.dir_find.part.4.lto_priv.54
                0x080045b8      0x198 /tmp/ccw4Zj6F.ltrans2.ltrans.o
                0x080045b8                dir_find.part.4.lto_priv.54
 .text.f_truncate
                0x08004750       0x8a /tmp/ccw4Zj6F.ltrans2.ltrans.o
                0x08004750                f_truncate
 *fill*         0x080047da        0x2 
 .text.unlikely.Transfer_Data_Request
                0x080047dc       0x34 /tmp/ccw4Zj6F.ltrans3.ltrans.o
 .text.unlikely.MAL_GetStatus
                0x08004810       0xc4 /tmp/ccw4Zj6F.ltrans3.ltrans.o
 .text.Bot_Abort.part.2.lto_priv.57
                0x080048d4       0x18 /tmp/ccw4Zj6F.ltrans3.ltrans.o
                0x080048d4                Bot_Abort.part.2.lto_priv.57
 .text.Set_CSW  0x080048ec       0x3c /tmp/ccw4Zj6F.ltrans3.ltrans.o
                0x080048ec                Set_CSW
 .text.EP2_OUT_Callback
                0x08004928      0x2fc /tmp/ccw4Zj6F.ltrans3.ltrans.o
 .text.EP1_IN_Callback
                0x08004c24       0x58 /tmp/ccw4Zj6F.ltrans3.ltrans.o
 .text.Read_Memory
                0x08004c7c      0x144 /tmp/ccw4Zj6F.ltrans3.ltrans.o
                0x08004c7c                Read_Memory
 .text.IntToUnicode.lto_priv.58
                0x08004dc0       0x2a /tmp/ccw4Zj6F.ltrans3.ltrans.o
                0x08004dc0                IntToUnicode.lto_priv.58
 *fill*         0x08004dea        0x2 
 .text.EXTI15_10_IRQHandler
                0x08004dec       0x3c /tmp/ccw4Zj6F.ltrans3.ltrans.o
                0x08004dec                EXTI15_10_IRQHandler
 .text.DMA1_Channel2_IRQHandler
                0x08004e28       0x4c /tmp/ccw4Zj6F.ltrans3.ltrans.o
                0x08004e28                DMA1_Channel2_IRQHandler
 .text.si446x_busy_wait_send_receive
                0x08004e74      0x110 /tmp/ccw4Zj6F.ltrans3.ltrans.o
                0x08004e74                si446x_busy_wait_send_receive
 .text.USART3_IRQHandler
                0x08004f84       0xa4 /tmp/ccw4Zj6F.ltrans3.ltrans.o
                0x08004f84                USART3_IRQHandler
 .text.EXTI0_IRQHandler
                0x08005028       0x40 /tmp/ccw4Zj6F.ltrans3.ltrans.o
                0x08005028                EXTI0_IRQHandler
 .text.f_lseek  0x08005068      0x144 /tmp/ccw4Zj6F.ltrans4.ltrans.o
                0x08005068                f_lseek
 .text.f_sync   0x080051ac      0x188 /tmp/ccw4Zj6F.ltrans4.ltrans.o
                0x080051ac                f_sync
 .text.f_close  0x08005334        0xe /tmp/ccw4Zj6F.ltrans4.ltrans.o
                0x08005334                f_close
 .text.f_write  0x08005342      0x18c /tmp/ccw4Zj6F.ltrans4.ltrans.o
                0x08005342                f_write
 *fill*         0x080054ce        0x2 
 .text.f_open   0x080054d0      0x398 /tmp/ccw4Zj6F.ltrans4.ltrans.o
                0x080054d0                f_open
 .text.si446x_state_machine
                0x08005868      0x350 /tmp/ccw4Zj6F.ltrans5.ltrans.o
                0x08005868                si446x_state_machine
 .text.si446x_setup
                0x08005bb8      0x930 /tmp/ccw4Zj6F.ltrans5.ltrans.o
                0x08005bb8                si446x_setup
 .text.__gps_send_char
                0x080064e8       0x1c /tmp/ccw4Zj6F.ltrans6.ltrans.o
 .text.__usart_send_char
                0x08006504       0x1c /tmp/ccw4Zj6F.ltrans6.ltrans.o
                0x08006504                __usart_send_char
 .text.send_string_to_silabs.constprop.32
                0x08006520       0x3c /tmp/ccw4Zj6F.ltrans6.ltrans.o
                0x08006520                send_string_to_silabs.constprop.32
 .text.si446x_spi_state_machine.constprop.29
                0x0800655c      0x2c4 /tmp/ccw4Zj6F.ltrans6.ltrans.o
                0x0800655c                si446x_spi_state_machine.constprop.29
 .text.Gps_Process_Byte.constprop.28
                0x08006820      0x198 /tmp/ccw4Zj6F.ltrans6.ltrans.o
                0x08006820                Gps_Process_Byte.constprop.28
 .text.Pop_From_Dma_Buffer.constprop.27
                0x080069b8       0x34 /tmp/ccw4Zj6F.ltrans6.ltrans.o
                0x080069b8                Pop_From_Dma_Buffer.constprop.27
 .text.Get_UBX_Ack.constprop.26
                0x080069ec       0xa8 /tmp/ccw4Zj6F.ltrans6.ltrans.o
                0x080069ec                Get_UBX_Ack.constprop.26
 .text.USART2_reconf.constprop.25
                0x08006a94       0x54 /tmp/ccw4Zj6F.ltrans6.ltrans.o
                0x08006a94                USART2_reconf.constprop.25
 .text.unlikely.f_read.constprop.11
                0x08006ae8      0x1d8 /tmp/ccw4Zj6F.ltrans6.ltrans.o
                0x08006ae8                f_read.constprop.11
 .text.f_puts.constprop.8
                0x08006cc0       0x30 /tmp/ccw4Zj6F.ltrans6.ltrans.o
                0x08006cc0                f_puts.constprop.8
 .text.USART1_IRQHandler
                0x08006cf0       0x34 /tmp/ccw4Zj6F.ltrans6.ltrans.o
                0x08006cf0                USART1_IRQHandler
 .text.Gps_Send_Str
                0x08006d24       0x16 /tmp/ccw4Zj6F.ltrans6.ltrans.o
                0x08006d24                Gps_Send_Str
 .text.Gps_Send_Utf8
                0x08006d3a       0x1e /tmp/ccw4Zj6F.ltrans6.ltrans.o
                0x08006d3a                Gps_Send_Utf8
 .text.Usart_Send_Str
                0x08006d58       0x16 /tmp/ccw4Zj6F.ltrans6.ltrans.o
                0x08006d58                Usart_Send_Str
 *fill*         0x08006d6e        0x2 
 .text.shutdown_filesystem
                0x08006d70      0x130 /tmp/ccw4Zj6F.ltrans6.ltrans.o
                0x08006d70                shutdown_filesystem
 .text.shutdown
                0x08006ea0       0x2c /tmp/ccw4Zj6F.ltrans6.ltrans.o
                0x08006ea0                shutdown
 .text.file_preallocation_control
                0x08006ecc       0x38 /tmp/ccw4Zj6F.ltrans6.ltrans.o
                0x08006ecc                file_preallocation_control
 .text.detect_sensors
                0x08006f04       0xa8 /tmp/ccw4Zj6F.ltrans6.ltrans.o
                0x08006f04                detect_sensors
 .text.atoiRamRom
                0x08006fac       0x24 /tmp/ccw4Zj6F.ltrans7.ltrans.o
 .text.I2C1_ER_IRQHandler
                0x08006fd0      0x12c /tmp/ccw4Zj6F.ltrans7.ltrans.o
                0x08006fd0                I2C1_ER_IRQHandler
 .text.I2C1_EV_IRQHandler
                0x080070fc      0x5a0 /tmp/ccw4Zj6F.ltrans7.ltrans.o
                0x080070fc                I2C1_EV_IRQHandler
 .text.rprintf2RamRom
                0x0800769c      0x414 /tmp/ccw4Zj6F.ltrans7.ltrans.o
                0x0800769c                rprintf2RamRom
 .text.Resume_Init
                0x08007ab0       0x30 /tmp/ccw4Zj6F.ltrans8.ltrans.o
 .text.Get_Max_Lun
                0x08007ae0       0x18 /tmp/ccw4Zj6F.ltrans8.ltrans.o
 .text.MASS_Get_Interface_Setting
                0x08007af8       0x10 /tmp/ccw4Zj6F.ltrans8.ltrans.o
                0x08007af8                MASS_Get_Interface_Setting
 .text.MASS_Data_Setup
                0x08007b08       0x3c /tmp/ccw4Zj6F.ltrans8.ltrans.o
                0x08007b08                MASS_Data_Setup
 .text.MASS_Status_Out
                0x08007b44        0x2 /tmp/ccw4Zj6F.ltrans8.ltrans.o
                0x08007b44                MASS_Status_Out
 *fill*         0x08007b46        0x2 
 .text.Mass_Storage_SetDeviceAddress
                0x08007b48        0xc /tmp/ccw4Zj6F.ltrans8.ltrans.o
 .text.SCSI_Address_Management
                0x08007b54       0x68 /tmp/ccw4Zj6F.ltrans8.ltrans.o
 .text.Mass_Storage_ClearFeature
                0x08007bbc       0x18 /tmp/ccw4Zj6F.ltrans8.ltrans.o
 .text.MASS_GetStringDescriptor
                0x08007bd4       0x20 /tmp/ccw4Zj6F.ltrans8.ltrans.o
                0x08007bd4                MASS_GetStringDescriptor
 .text.MASS_GetConfigDescriptor
                0x08007bf4        0xc /tmp/ccw4Zj6F.ltrans8.ltrans.o
                0x08007bf4                MASS_GetConfigDescriptor
 .text.MASS_GetDeviceDescriptor
                0x08007c00        0xc /tmp/ccw4Zj6F.ltrans8.ltrans.o
                0x08007c00                MASS_GetDeviceDescriptor
 .text.MASS_NoData_Setup
                0x08007c0c       0x48 /tmp/ccw4Zj6F.ltrans8.ltrans.o
                0x08007c0c                MASS_NoData_Setup
 .text.Mass_Storage_SetConfiguration
                0x08007c54       0x34 /tmp/ccw4Zj6F.ltrans8.ltrans.o
 .text.MASS_Reset
                0x08007c88       0xdc /tmp/ccw4Zj6F.ltrans8.ltrans.o
                0x08007c88                MASS_Reset
 .text.MASS_init
                0x08007d64       0x70 /tmp/ccw4Zj6F.ltrans8.ltrans.o
                0x08007d64                MASS_init
 .text.Pop_From_Buffer
                0x08007dd4       0x28 /tmp/ccw4Zj6F.ltrans8.ltrans.o
                0x08007dd4                Pop_From_Buffer
 .text.Add_To_Byte_Buffer
                0x08007dfc       0x56 /tmp/ccw4Zj6F.ltrans8.ltrans.o
                0x08007dfc                Add_To_Byte_Buffer
 .text.Add_To_Buffer
                0x08007e52       0x58 /tmp/ccw4Zj6F.ltrans8.ltrans.o
                0x08007e52                Add_To_Buffer
 *fill*         0x08007eaa        0x2 
 .text.unlikely.SCSI_ReadFormatCapacity_Cmd.part.0.lto_priv.59
                0x08007eac       0x24 /tmp/ccw4Zj6F.ltrans8.ltrans.o
                0x08007eac                SCSI_TestUnitReady_Cmd.part.4.lto_priv.61
                0x08007eac                SCSI_ReadFormatCapacity_Cmd.part.0.lto_priv.59
                0x08007eac                SCSI_ReadCapacity10_Cmd.part.1.lto_priv.60
 .text.unlikely.SCSI_Invalid_Cmd
                0x08007ed0       0x3c /tmp/ccw4Zj6F.ltrans8.ltrans.o
                0x08007ed0                SCSI_Invalid_Cmd
 .text.SCSI_Write10_Cmd
                0x08007f0c      0x148 /tmp/ccw4Zj6F.ltrans8.ltrans.o
                0x08007f0c                SCSI_Write10_Cmd
 .text.SCSI_Read10_Cmd
                0x08008054       0x68 /tmp/ccw4Zj6F.ltrans8.ltrans.o
                0x08008054                SCSI_Read10_Cmd
 .text.Resume   0x080080bc       0xa4 /tmp/ccw4Zj6F.ltrans8.ltrans.o
                0x080080bc                Resume
 .text.USB_NotConfigured_LED
                0x08008160        0x2 /tmp/ccw4Zj6F.ltrans8.ltrans.o
                0x08008160                USB_NotConfigured_LED
                0x08008160                MASS_Status_In
 *fill*         0x08008162        0x6 
 .text.filterloop
                0x08008168      0x144 /tmp/ccw4Zj6F.ltrans9.ltrans.o
 .text.NVIC_SystemReset.lto_priv.36
                0x080082ac       0x1c /tmp/ccw4Zj6F.ltrans9.ltrans.o
                0x080082ac                NVIC_SystemReset.lto_priv.36
 .text.USB_LP_CAN1_RX0_IRQHandler
                0x080082c8       0xd4 /tmp/ccw4Zj6F.ltrans9.ltrans.o
                0x080082c8                USB_LP_CAN1_RX0_IRQHandler
 .text.USB_HP_CAN1_TX_IRQHandler
                0x0800839c        0x4 /tmp/ccw4Zj6F.ltrans9.ltrans.o
                0x0800839c                USB_HP_CAN1_TX_IRQHandler
 .text.ADC1_2_IRQHandler
                0x080083a0       0x6c /tmp/ccw4Zj6F.ltrans9.ltrans.o
                0x080083a0                ADC1_2_IRQHandler
 .text.I2C_Config
                0x0800840c      0x1a4 /tmp/ccw4Zj6F.ltrans9.ltrans.o
                0x0800840c                I2C_Config
 .text.I2C1_Request_Job
                0x080085b0       0x70 /tmp/ccw4Zj6F.ltrans9.ltrans.o
                0x080085b0                I2C1_Request_Job
 .text.SysTick_Handler
                0x08008620      0x4b8 /tmp/ccw4Zj6F.ltrans9.ltrans.o
                0x08008620                SysTick_Handler
 .text.__str_print_char
                0x08008ad8       0x30 /tmp/ccw4Zj6F.ltrans10.ltrans.o
                0x08008ad8                __str_print_char
 .text.__fat_print_char
                0x08008b08       0x20 /tmp/ccw4Zj6F.ltrans10.ltrans.o
                0x08008b08                __fat_print_char
 .text.Reset_Handler
                0x08008b28       0x40 lib/CMSIS_CM3/startup/gcc/startup_stm32f10x_md.o
                0x08008b28                Reset_Handler
 .text.Default_Handler
                0x08008b68        0x2 lib/CMSIS_CM3/startup/gcc/startup_stm32f10x_md.o
                0x08008b68                EXTI2_IRQHandler
                0x08008b68                DebugMon_Handler
                0x08008b68                TIM1_CC_IRQHandler
                0x08008b68                HardFault_Handler
                0x08008b68                PVD_IRQHandler
                0x08008b68                PendSV_Handler
                0x08008b68                NMI_Handler
                0x08008b68                EXTI3_IRQHandler
                0x08008b68                I2C2_EV_IRQHandler
                0x08008b68                UsageFault_Handler
                0x08008b68                SPI1_IRQHandler
                0x08008b68                TAMPER_IRQHandler
                0x08008b68                DMA1_Channel4_IRQHandler
                0x08008b68                RTC_IRQHandler
                0x08008b68                DMA1_Channel7_IRQHandler
                0x08008b68                CAN1_RX1_IRQHandler
                0x08008b68                TIM4_IRQHandler
                0x08008b68                DMA1_Channel6_IRQHandler
                0x08008b68                TIM3_IRQHandler
                0x08008b68                RCC_IRQHandler
                0x08008b68                TIM1_TRG_COM_IRQHandler
                0x08008b68                DMA1_Channel1_IRQHandler
                0x08008b68                Default_Handler
                0x08008b68                EXTI9_5_IRQHandler
                0x08008b68                SPI2_IRQHandler
                0x08008b68                MemManage_Handler
                0x08008b68                SVC_Handler
                0x08008b68                DMA1_Channel5_IRQHandler
                0x08008b68                EXTI4_IRQHandler
                0x08008b68                DMA1_Channel3_IRQHandler
                0x08008b68                TIM1_UP_IRQHandler
                0x08008b68                WWDG_IRQHandler
                0x08008b68                TIM2_IRQHandler
                0x08008b68                TIM1_BRK_IRQHandler
                0x08008b68                EXTI1_IRQHandler
                0x08008b68                RTCAlarm_IRQHandler
                0x08008b68                USART2_IRQHandler
                0x08008b68                I2C2_ER_IRQHandler
                0x08008b68                CAN1_SCE_IRQHandler
                0x08008b68                FLASH_IRQHandler
                0x08008b68                BusFault_Handler
                0x08008b68                USBWakeUp_IRQHandler
 *fill*         0x08008b6a        0x2 
 .text.NVIC_PriorityGroupConfig
                0x08008b6c       0x14 lib/STM32F10x_StdPeriph_Driver/libstm32fw.a(misc.o)
                0x08008b6c                NVIC_PriorityGroupConfig
 .text.NVIC_Init
                0x08008b80       0x6c lib/STM32F10x_StdPeriph_Driver/libstm32fw.a(misc.o)
                0x08008b80                NVIC_Init
 .text.NVIC_SetVectorTable
                0x08008bec       0x14 lib/STM32F10x_StdPeriph_Driver/libstm32fw.a(misc.o)
                0x08008bec                NVIC_SetVectorTable
 .text.SysTick_CLKSourceConfig
                0x08008c00       0x18 lib/STM32F10x_StdPeriph_Driver/libstm32fw.a(misc.o)
                0x08008c00                SysTick_CLKSourceConfig
 .text.ADC_DeInit
                0x08008c18       0x60 lib/STM32F10x_StdPeriph_Driver/libstm32fw.a(stm32f10x_adc.o)
                0x08008c18                ADC_DeInit
 .text.ADC_Init
                0x08008c78       0x48 lib/STM32F10x_StdPeriph_Driver/libstm32fw.a(stm32f10x_adc.o)
                0x08008c78                ADC_Init
 .text.ADC_Cmd  0x08008cc0       0x12 lib/STM32F10x_StdPeriph_Driver/libstm32fw.a(stm32f10x_adc.o)
                0x08008cc0                ADC_Cmd
 .text.ADC_ResetCalibration
                0x08008cd2        0xa lib/STM32F10x_StdPeriph_Driver/libstm32fw.a(stm32f10x_adc.o)
                0x08008cd2                ADC_ResetCalibration
 .text.ADC_GetResetCalibrationStatus
                0x08008cdc        0x8 lib/STM32F10x_StdPeriph_Driver/libstm32fw.a(stm32f10x_adc.o)
                0x08008cdc                ADC_GetResetCalibrationStatus
 .text.ADC_StartCalibration
                0x08008ce4        0xa lib/STM32F10x_StdPeriph_Driver/libstm32fw.a(stm32f10x_adc.o)
                0x08008ce4                ADC_StartCalibration
 .text.ADC_GetCalibrationStatus
                0x08008cee        0x8 lib/STM32F10x_StdPeriph_Driver/libstm32fw.a(stm32f10x_adc.o)
                0x08008cee                ADC_GetCalibrationStatus
 .text.ADC_ExternalTrigInjectedConvConfig
                0x08008cf6        0xc lib/STM32F10x_StdPeriph_Driver/libstm32fw.a(stm32f10x_adc.o)
                0x08008cf6                ADC_ExternalTrigInjectedConvConfig
 .text.ADC_SoftwareStartInjectedConvCmd
                0x08008d02       0x12 lib/STM32F10x_StdPeriph_Driver/libstm32fw.a(stm32f10x_adc.o)
                0x08008d02                ADC_SoftwareStartInjectedConvCmd
 .text.ADC_InjectedChannelConfig
                0x08008d14       0x58 lib/STM32F10x_StdPeriph_Driver/libstm32fw.a(stm32f10x_adc.o)
                0x08008d14                ADC_InjectedChannelConfig
 .text.ADC_InjectedSequencerLengthConfig
                0x08008d6c       0x10 lib/STM32F10x_StdPeriph_Driver/libstm32fw.a(stm32f10x_adc.o)
                0x08008d6c                ADC_InjectedSequencerLengthConfig
 .text.ADC_GetInjectedConversionValue
                0x08008d7c       0x1a lib/STM32F10x_StdPeriph_Driver/libstm32fw.a(stm32f10x_adc.o)
                0x08008d7c                ADC_GetInjectedConversionValue
 .text.ADC_GetFlagStatus
                0x08008d96        0xc lib/STM32F10x_StdPeriph_Driver/libstm32fw.a(stm32f10x_adc.o)
                0x08008d96                ADC_GetFlagStatus
 .text.ADC_ClearFlag
                0x08008da2        0x6 lib/STM32F10x_StdPeriph_Driver/libstm32fw.a(stm32f10x_adc.o)
                0x08008da2                ADC_ClearFlag
 .text.ADC_GetITStatus
                0x08008da8       0x16 lib/STM32F10x_StdPeriph_Driver/libstm32fw.a(stm32f10x_adc.o)
                0x08008da8                ADC_GetITStatus
 .text.ADC_ClearITPendingBit
                0x08008dbe        0x8 lib/STM32F10x_StdPeriph_Driver/libstm32fw.a(stm32f10x_adc.o)
                0x08008dbe                ADC_ClearITPendingBit
 .text.BKP_DeInit
                0x08008dc6       0x12 lib/STM32F10x_StdPeriph_Driver/libstm32fw.a(stm32f10x_bkp.o)
                0x08008dc6                BKP_DeInit
 .text.BKP_RTCOutputConfig
                0x08008dd8       0x18 lib/STM32F10x_StdPeriph_Driver/libstm32fw.a(stm32f10x_bkp.o)
                0x08008dd8                BKP_RTCOutputConfig
 .text.BKP_SetRTCCalibrationValue
                0x08008df0       0x18 lib/STM32F10x_StdPeriph_Driver/libstm32fw.a(stm32f10x_bkp.o)
                0x08008df0                BKP_SetRTCCalibrationValue
 .text.BKP_WriteBackupRegister
                0x08008e08       0x1c lib/STM32F10x_StdPeriph_Driver/libstm32fw.a(stm32f10x_bkp.o)
                0x08008e08                BKP_WriteBackupRegister
 .text.BKP_ReadBackupRegister
                0x08008e24       0x20 lib/STM32F10x_StdPeriph_Driver/libstm32fw.a(stm32f10x_bkp.o)
                0x08008e24                BKP_ReadBackupRegister
 .text.DBGMCU_Config
                0x08008e44       0x18 lib/STM32F10x_StdPeriph_Driver/libstm32fw.a(stm32f10x_dbgmcu.o)
                0x08008e44                DBGMCU_Config
 .text.DMA_DeInit
                0x08008e5c       0xf0 lib/STM32F10x_StdPeriph_Driver/libstm32fw.a(stm32f10x_dma.o)
                0x08008e5c                DMA_DeInit
 .text.DMA_Init
                0x08008f4c       0x3c lib/STM32F10x_StdPeriph_Driver/libstm32fw.a(stm32f10x_dma.o)
                0x08008f4c                DMA_Init
 .text.DMA_Cmd  0x08008f88       0x12 lib/STM32F10x_StdPeriph_Driver/libstm32fw.a(stm32f10x_dma.o)
                0x08008f88                DMA_Cmd
 .text.DMA_ITConfig
                0x08008f9a       0x10 lib/STM32F10x_StdPeriph_Driver/libstm32fw.a(stm32f10x_dma.o)
                0x08008f9a                DMA_ITConfig
 .text.DMA_GetCurrDataCounter
                0x08008faa        0x6 lib/STM32F10x_StdPeriph_Driver/libstm32fw.a(stm32f10x_dma.o)
                0x08008faa                DMA_GetCurrDataCounter
 .text.DMA_GetITStatus
                0x08008fb0       0x1c lib/STM32F10x_StdPeriph_Driver/libstm32fw.a(stm32f10x_dma.o)
                0x08008fb0                DMA_GetITStatus
 .text.DMA_GetFlagStatus
                0x08008fcc        0x4 lib/STM32F10x_StdPeriph_Driver/libstm32fw.a(stm32f10x_dma.o)
                0x08008fcc                DMA_GetFlagStatus
 .text.DMA_ClearITPendingBit
                0x08008fd0       0x14 lib/STM32F10x_StdPeriph_Driver/libstm32fw.a(stm32f10x_dma.o)
                0x08008fd0                DMA_ClearITPendingBit
 .text.DMA_ClearFlag
                0x08008fe4        0x4 lib/STM32F10x_StdPeriph_Driver/libstm32fw.a(stm32f10x_dma.o)
                0x08008fe4                DMA_ClearFlag
 .text.EXTI_DeInit
                0x08008fe8       0x1c lib/STM32F10x_StdPeriph_Driver/libstm32fw.a(stm32f10x_exti.o)
                0x08008fe8                EXTI_DeInit
 .text.EXTI_Init
                0x08009004       0x84 lib/STM32F10x_StdPeriph_Driver/libstm32fw.a(stm32f10x_exti.o)
                0x08009004                EXTI_Init
 .text.EXTI_GetITStatus
                0x08009088       0x1c lib/STM32F10x_StdPeriph_Driver/libstm32fw.a(stm32f10x_exti.o)
                0x08009088                EXTI_GetITStatus
 .text.EXTI_ClearITPendingBit
                0x080090a4        0xc lib/STM32F10x_StdPeriph_Driver/libstm32fw.a(stm32f10x_exti.o)
                0x080090a4                EXTI_ClearITPendingBit
 .text.GPIO_Init
                0x080090b0       0x9c lib/STM32F10x_StdPeriph_Driver/libstm32fw.a(stm32f10x_gpio.o)
                0x080090b0                GPIO_Init
 .text.GPIO_StructInit
                0x0800914c       0x10 lib/STM32F10x_StdPeriph_Driver/libstm32fw.a(stm32f10x_gpio.o)
                0x0800914c                GPIO_StructInit
 .text.GPIO_ReadInputDataBit
                0x0800915c        0xc lib/STM32F10x_StdPeriph_Driver/libstm32fw.a(stm32f10x_gpio.o)
                0x0800915c                GPIO_ReadInputDataBit
 .text.GPIO_SetBits
                0x08009168        0x4 lib/STM32F10x_StdPeriph_Driver/libstm32fw.a(stm32f10x_gpio.o)
                0x08009168                GPIO_SetBits
 .text.GPIO_ResetBits
                0x0800916c        0x4 lib/STM32F10x_StdPeriph_Driver/libstm32fw.a(stm32f10x_gpio.o)
                0x0800916c                GPIO_ResetBits
 .text.GPIO_WriteBit
                0x08009170        0xa lib/STM32F10x_StdPeriph_Driver/libstm32fw.a(stm32f10x_gpio.o)
                0x08009170                GPIO_WriteBit
 *fill*         0x0800917a        0x2 
 .text.GPIO_PinRemapConfig
                0x0800917c       0x54 lib/STM32F10x_StdPeriph_Driver/libstm32fw.a(stm32f10x_gpio.o)
                0x0800917c                GPIO_PinRemapConfig
 .text.GPIO_EXTILineConfig
                0x080091d0       0x2a lib/STM32F10x_StdPeriph_Driver/libstm32fw.a(stm32f10x_gpio.o)
                0x080091d0                GPIO_EXTILineConfig
 *fill*         0x080091fa        0x2 
 .text.I2C_DeInit
                0x080091fc       0x34 lib/STM32F10x_StdPeriph_Driver/libstm32fw.a(stm32f10x_i2c.o)
                0x080091fc                I2C_DeInit
 .text.I2C_Init
                0x08009230       0xd4 lib/STM32F10x_StdPeriph_Driver/libstm32fw.a(stm32f10x_i2c.o)
                0x08009230                I2C_Init
 .text.I2C_Cmd  0x08009304       0x18 lib/STM32F10x_StdPeriph_Driver/libstm32fw.a(stm32f10x_i2c.o)
                0x08009304                I2C_Cmd
 .text.I2C_GenerateSTART
                0x0800931c       0x18 lib/STM32F10x_StdPeriph_Driver/libstm32fw.a(stm32f10x_i2c.o)
                0x0800931c                I2C_GenerateSTART
 .text.I2C_GenerateSTOP
                0x08009334       0x18 lib/STM32F10x_StdPeriph_Driver/libstm32fw.a(stm32f10x_i2c.o)
                0x08009334                I2C_GenerateSTOP
 .text.I2C_AcknowledgeConfig
                0x0800934c       0x18 lib/STM32F10x_StdPeriph_Driver/libstm32fw.a(stm32f10x_i2c.o)
                0x0800934c                I2C_AcknowledgeConfig
 .text.I2C_ITConfig
                0x08009364       0x12 lib/STM32F10x_StdPeriph_Driver/libstm32fw.a(stm32f10x_i2c.o)
                0x08009364                I2C_ITConfig
 .text.I2C_SendData
                0x08009376        0x4 lib/STM32F10x_StdPeriph_Driver/libstm32fw.a(stm32f10x_i2c.o)
                0x08009376                I2C_SendData
 .text.I2C_ReceiveData
                0x0800937a        0x6 lib/STM32F10x_StdPeriph_Driver/libstm32fw.a(stm32f10x_i2c.o)
                0x0800937a                I2C_ReceiveData
 .text.I2C_Send7bitAddress
                0x08009380       0x12 lib/STM32F10x_StdPeriph_Driver/libstm32fw.a(stm32f10x_i2c.o)
                0x08009380                I2C_Send7bitAddress
 .text.I2C_SoftwareResetCmd
                0x08009392       0x18 lib/STM32F10x_StdPeriph_Driver/libstm32fw.a(stm32f10x_i2c.o)
                0x08009392                I2C_SoftwareResetCmd
 *fill*         0x080093aa        0x2 
 .text.IWDG_WriteAccessCmd
                0x080093ac        0xc lib/STM32F10x_StdPeriph_Driver/libstm32fw.a(stm32f10x_iwdg.o)
                0x080093ac                IWDG_WriteAccessCmd
 .text.IWDG_SetPrescaler
                0x080093b8        0xc lib/STM32F10x_StdPeriph_Driver/libstm32fw.a(stm32f10x_iwdg.o)
                0x080093b8                IWDG_SetPrescaler
 .text.IWDG_SetReload
                0x080093c4        0xc lib/STM32F10x_StdPeriph_Driver/libstm32fw.a(stm32f10x_iwdg.o)
                0x080093c4                IWDG_SetReload
 .text.IWDG_ReloadCounter
                0x080093d0       0x10 lib/STM32F10x_StdPeriph_Driver/libstm32fw.a(stm32f10x_iwdg.o)
                0x080093d0                IWDG_ReloadCounter
 .text.IWDG_Enable
                0x080093e0       0x10 lib/STM32F10x_StdPeriph_Driver/libstm32fw.a(stm32f10x_iwdg.o)
                0x080093e0                IWDG_Enable
 .text.PWR_DeInit
                0x080093f0       0x1a lib/STM32F10x_StdPeriph_Driver/libstm32fw.a(stm32f10x_pwr.o)
                0x080093f0                PWR_DeInit
 *fill*         0x0800940a        0x2 
 .text.PWR_BackupAccessCmd
                0x0800940c        0xc lib/STM32F10x_StdPeriph_Driver/libstm32fw.a(stm32f10x_pwr.o)
                0x0800940c                PWR_BackupAccessCmd
 .text.PWR_WakeUpPinCmd
                0x08009418        0xc lib/STM32F10x_StdPeriph_Driver/libstm32fw.a(stm32f10x_pwr.o)
                0x08009418                PWR_WakeUpPinCmd
 .text.PWR_EnterSTANDBYMode
                0x08009424       0x28 lib/STM32F10x_StdPeriph_Driver/libstm32fw.a(stm32f10x_pwr.o)
                0x08009424                PWR_EnterSTANDBYMode
 .text.RCC_HCLKConfig
                0x0800944c       0x14 lib/STM32F10x_StdPeriph_Driver/libstm32fw.a(stm32f10x_rcc.o)
                0x0800944c                RCC_HCLKConfig
 .text.RCC_USBCLKConfig
                0x08009460        0xc lib/STM32F10x_StdPeriph_Driver/libstm32fw.a(stm32f10x_rcc.o)
                0x08009460                RCC_USBCLKConfig
 .text.RCC_ADCCLKConfig
                0x0800946c       0x14 lib/STM32F10x_StdPeriph_Driver/libstm32fw.a(stm32f10x_rcc.o)
                0x0800946c                RCC_ADCCLKConfig
 .text.RCC_LSEConfig
                0x08009480       0x20 lib/STM32F10x_StdPeriph_Driver/libstm32fw.a(stm32f10x_rcc.o)
                0x08009480                RCC_LSEConfig
 .text.RCC_RTCCLKConfig
                0x080094a0       0x10 lib/STM32F10x_StdPeriph_Driver/libstm32fw.a(stm32f10x_rcc.o)
                0x080094a0                RCC_RTCCLKConfig
 .text.RCC_RTCCLKCmd
                0x080094b0        0xc lib/STM32F10x_StdPeriph_Driver/libstm32fw.a(stm32f10x_rcc.o)
                0x080094b0                RCC_RTCCLKCmd
 .text.RCC_GetClocksFreq
                0x080094bc       0x94 lib/STM32F10x_StdPeriph_Driver/libstm32fw.a(stm32f10x_rcc.o)
                0x080094bc                RCC_GetClocksFreq
 .text.RCC_AHBPeriphClockCmd
                0x08009550       0x18 lib/STM32F10x_StdPeriph_Driver/libstm32fw.a(stm32f10x_rcc.o)
                0x08009550                RCC_AHBPeriphClockCmd
 .text.RCC_APB2PeriphClockCmd
                0x08009568       0x18 lib/STM32F10x_StdPeriph_Driver/libstm32fw.a(stm32f10x_rcc.o)
                0x08009568                RCC_APB2PeriphClockCmd
 .text.RCC_APB1PeriphClockCmd
                0x08009580       0x18 lib/STM32F10x_StdPeriph_Driver/libstm32fw.a(stm32f10x_rcc.o)
                0x08009580                RCC_APB1PeriphClockCmd
 .text.RCC_APB2PeriphResetCmd
                0x08009598       0x18 lib/STM32F10x_StdPeriph_Driver/libstm32fw.a(stm32f10x_rcc.o)
                0x08009598                RCC_APB2PeriphResetCmd
 .text.RCC_APB1PeriphResetCmd
                0x080095b0       0x18 lib/STM32F10x_StdPeriph_Driver/libstm32fw.a(stm32f10x_rcc.o)
                0x080095b0                RCC_APB1PeriphResetCmd
 .text.RCC_BackupResetCmd
                0x080095c8        0xc lib/STM32F10x_StdPeriph_Driver/libstm32fw.a(stm32f10x_rcc.o)
                0x080095c8                RCC_BackupResetCmd
 .text.RCC_GetFlagStatus
                0x080095d4       0x28 lib/STM32F10x_StdPeriph_Driver/libstm32fw.a(stm32f10x_rcc.o)
                0x080095d4                RCC_GetFlagStatus
 .text.RTC_EnterConfigMode
                0x080095fc       0x14 lib/STM32F10x_StdPeriph_Driver/libstm32fw.a(stm32f10x_rtc.o)
                0x080095fc                RTC_EnterConfigMode
 .text.RTC_ExitConfigMode
                0x08009610       0x14 lib/STM32F10x_StdPeriph_Driver/libstm32fw.a(stm32f10x_rtc.o)
                0x08009610                RTC_ExitConfigMode
 .text.RTC_GetCounter
                0x08009624       0x14 lib/STM32F10x_StdPeriph_Driver/libstm32fw.a(stm32f10x_rtc.o)
                0x08009624                RTC_GetCounter
 .text.RTC_SetCounter
                0x08009638       0x1c lib/STM32F10x_StdPeriph_Driver/libstm32fw.a(stm32f10x_rtc.o)
                0x08009638                RTC_SetCounter
 .text.RTC_SetPrescaler
                0x08009654       0x20 lib/STM32F10x_StdPeriph_Driver/libstm32fw.a(stm32f10x_rtc.o)
                0x08009654                RTC_SetPrescaler
 .text.RTC_WaitForLastTask
                0x08009674       0x10 lib/STM32F10x_StdPeriph_Driver/libstm32fw.a(stm32f10x_rtc.o)
                0x08009674                RTC_WaitForLastTask
 .text.RTC_WaitForSynchro
                0x08009684       0x1c lib/STM32F10x_StdPeriph_Driver/libstm32fw.a(stm32f10x_rtc.o)
                0x08009684                RTC_WaitForSynchro
 .text.SPI_Init
                0x080096a0       0x3e lib/STM32F10x_StdPeriph_Driver/libstm32fw.a(stm32f10x_spi.o)
                0x080096a0                SPI_Init
 .text.SPI_StructInit
                0x080096de       0x18 lib/STM32F10x_StdPeriph_Driver/libstm32fw.a(stm32f10x_spi.o)
                0x080096de                SPI_StructInit
 .text.SPI_Cmd  0x080096f6       0x18 lib/STM32F10x_StdPeriph_Driver/libstm32fw.a(stm32f10x_spi.o)
                0x080096f6                SPI_Cmd
 .text.SPI_I2S_DMACmd
                0x0800970e       0x12 lib/STM32F10x_StdPeriph_Driver/libstm32fw.a(stm32f10x_spi.o)
                0x0800970e                SPI_I2S_DMACmd
 .text.SPI_I2S_SendData
                0x08009720        0x4 lib/STM32F10x_StdPeriph_Driver/libstm32fw.a(stm32f10x_spi.o)
                0x08009720                SPI_I2S_SendData
 .text.SPI_I2S_ReceiveData
                0x08009724        0x6 lib/STM32F10x_StdPeriph_Driver/libstm32fw.a(stm32f10x_spi.o)
                0x08009724                SPI_I2S_ReceiveData
 .text.SPI_CalculateCRC
                0x0800972a       0x18 lib/STM32F10x_StdPeriph_Driver/libstm32fw.a(stm32f10x_spi.o)
                0x0800972a                SPI_CalculateCRC
 .text.SPI_I2S_GetFlagStatus
                0x08009742        0xc lib/STM32F10x_StdPeriph_Driver/libstm32fw.a(stm32f10x_spi.o)
                0x08009742                SPI_I2S_GetFlagStatus
 *fill*         0x0800974e        0x2 
 .text.USART_DeInit
                0x08009750       0x9c lib/STM32F10x_StdPeriph_Driver/libstm32fw.a(stm32f10x_usart.o)
                0x08009750                USART_DeInit
 .text.USART_Init
                0x080097ec       0x88 lib/STM32F10x_StdPeriph_Driver/libstm32fw.a(stm32f10x_usart.o)
                0x080097ec                USART_Init
 .text.USART_Cmd
                0x08009874       0x18 lib/STM32F10x_StdPeriph_Driver/libstm32fw.a(stm32f10x_usart.o)
                0x08009874                USART_Cmd
 .text.USART_ITConfig
                0x0800988c       0x30 lib/STM32F10x_StdPeriph_Driver/libstm32fw.a(stm32f10x_usart.o)
                0x0800988c                USART_ITConfig
 .text.USART_DMACmd
                0x080098bc       0x12 lib/STM32F10x_StdPeriph_Driver/libstm32fw.a(stm32f10x_usart.o)
                0x080098bc                USART_DMACmd
 .text.USART_SendData
                0x080098ce        0x8 lib/STM32F10x_StdPeriph_Driver/libstm32fw.a(stm32f10x_usart.o)
                0x080098ce                USART_SendData
 .text.USART_ReceiveData
                0x080098d6        0x8 lib/STM32F10x_StdPeriph_Driver/libstm32fw.a(stm32f10x_usart.o)
                0x080098d6                USART_ReceiveData
 .text.USART_GetFlagStatus
                0x080098de        0xc lib/STM32F10x_StdPeriph_Driver/libstm32fw.a(stm32f10x_usart.o)
                0x080098de                USART_GetFlagStatus
 .text.USART_GetITStatus
                0x080098ea       0x40 lib/STM32F10x_StdPeriph_Driver/libstm32fw.a(stm32f10x_usart.o)
                0x080098ea                USART_GetITStatus
 .text.USART_ClearITPendingBit
                0x0800992a       0x10 lib/STM32F10x_StdPeriph_Driver/libstm32fw.a(stm32f10x_usart.o)
                0x0800992a                USART_ClearITPendingBit
 *fill*         0x0800993a        0x2 
 .text.Standard_GetConfiguration
                0x0800993c       0x24 lib/STM32_USB-FS-Device_Driver/libstm32usb.a(usb_core.o)
                0x0800993c                Standard_GetConfiguration
 .text.Standard_GetInterface
                0x08009960       0x24 lib/STM32_USB-FS-Device_Driver/libstm32usb.a(usb_core.o)
                0x08009960                Standard_GetInterface
 .text.Standard_GetStatus
                0x08009984       0x90 lib/STM32_USB-FS-Device_Driver/libstm32usb.a(usb_core.o)
                0x08009984                Standard_GetStatus
 .text.DataStageIn
                0x08009a14       0xac lib/STM32_USB-FS-Device_Driver/libstm32usb.a(usb_core.o)
 .text.Standard_SetConfiguration
                0x08009ac0       0x38 lib/STM32_USB-FS-Device_Driver/libstm32usb.a(usb_core.o)
                0x08009ac0                Standard_SetConfiguration
 .text.Standard_SetInterface
                0x08009af8       0x48 lib/STM32_USB-FS-Device_Driver/libstm32usb.a(usb_core.o)
                0x08009af8                Standard_SetInterface
 .text.Standard_ClearFeature
                0x08009b40       0xd8 lib/STM32_USB-FS-Device_Driver/libstm32usb.a(usb_core.o)
                0x08009b40                Standard_ClearFeature
 .text.Standard_SetEndPointFeature
                0x08009c18       0x8c lib/STM32_USB-FS-Device_Driver/libstm32usb.a(usb_core.o)
                0x08009c18                Standard_SetEndPointFeature
 .text.Standard_SetDeviceFeature
                0x08009ca4       0x24 lib/STM32_USB-FS-Device_Driver/libstm32usb.a(usb_core.o)
                0x08009ca4                Standard_SetDeviceFeature
 .text.Standard_GetDescriptorData
                0x08009cc8       0x1c lib/STM32_USB-FS-Device_Driver/libstm32usb.a(usb_core.o)
                0x08009cc8                Standard_GetDescriptorData
 .text.Post0_Process
                0x08009ce4       0x40 lib/STM32_USB-FS-Device_Driver/libstm32usb.a(usb_core.o)
                0x08009ce4                Post0_Process
 .text.Setup0_Process
                0x08009d24      0x300 lib/STM32_USB-FS-Device_Driver/libstm32usb.a(usb_core.o)
                0x08009d24                Setup0_Process
 .text.Out0_Process
                0x0800a024       0xcc lib/STM32_USB-FS-Device_Driver/libstm32usb.a(usb_core.o)
                0x0800a024                Out0_Process
 .text.SetDeviceAddress
                0x0800a0f0       0x40 lib/STM32_USB-FS-Device_Driver/libstm32usb.a(usb_core.o)
                0x0800a0f0                SetDeviceAddress
 .text.In0_Process
                0x0800a130       0x5c lib/STM32_USB-FS-Device_Driver/libstm32usb.a(usb_core.o)
                0x0800a130                In0_Process
 .text.NOP_Process
                0x0800a18c        0x2 lib/STM32_USB-FS-Device_Driver/libstm32usb.a(usb_core.o)
                0x0800a18c                NOP_Process
 *fill*         0x0800a18e        0x2 
 .text.USB_Init
                0x0800a190       0x34 lib/STM32_USB-FS-Device_Driver/libstm32usb.a(usb_init.o)
                0x0800a190                USB_Init
 .text.CTR_LP   0x0800a1c4      0x17c lib/STM32_USB-FS-Device_Driver/libstm32usb.a(usb_int.o)
                0x0800a1c4                CTR_LP
 .text.CTR_HP   0x0800a340       0x74 lib/STM32_USB-FS-Device_Driver/libstm32usb.a(usb_int.o)
                0x0800a340                CTR_HP
 .text.UserToPMABufferCopy
                0x0800a3b4       0x24 lib/STM32_USB-FS-Device_Driver/libstm32usb.a(usb_mem.o)
                0x0800a3b4                UserToPMABufferCopy
 .text.PMAToUserBufferCopy
                0x0800a3d8       0x24 lib/STM32_USB-FS-Device_Driver/libstm32usb.a(usb_mem.o)
                0x0800a3d8                PMAToUserBufferCopy
 .text.SetBTABLE
                0x0800a3fc       0x10 lib/STM32_USB-FS-Device_Driver/libstm32usb.a(usb_regs.o)
                0x0800a3fc                SetBTABLE
 .text.SetEPType
                0x0800a40c       0x1c lib/STM32_USB-FS-Device_Driver/libstm32usb.a(usb_regs.o)
                0x0800a40c                SetEPType
 .text.SetEPTxStatus
                0x0800a428       0x32 lib/STM32_USB-FS-Device_Driver/libstm32usb.a(usb_regs.o)
                0x0800a428                SetEPTxStatus
 .text.SetEPRxStatus
                0x0800a45a       0x32 lib/STM32_USB-FS-Device_Driver/libstm32usb.a(usb_regs.o)
                0x0800a45a                SetEPRxStatus
 .text.SetEPRxValid
                0x0800a48c       0x26 lib/STM32_USB-FS-Device_Driver/libstm32usb.a(usb_regs.o)
                0x0800a48c                SetEPRxValid
 .text.ClearEPDoubleBuff
                0x0800a4b2       0x20 lib/STM32_USB-FS-Device_Driver/libstm32usb.a(usb_regs.o)
                0x0800a4b2                ClearEPDoubleBuff
 .text.Clear_Status_Out
                0x0800a4d2        0x4 lib/STM32_USB-FS-Device_Driver/libstm32usb.a(usb_regs.o)
                0x0800a4d2                Clear_Status_Out
 .text.ClearDTOG_RX
                0x0800a4d6       0x24 lib/STM32_USB-FS-Device_Driver/libstm32usb.a(usb_regs.o)
                0x0800a4d6                ClearDTOG_RX
 .text.ClearDTOG_TX
                0x0800a4fa       0x24 lib/STM32_USB-FS-Device_Driver/libstm32usb.a(usb_regs.o)
                0x0800a4fa                ClearDTOG_TX
 *fill*         0x0800a51e        0x2 
 .text.SetEPTxCount
                0x0800a520       0x1c lib/STM32_USB-FS-Device_Driver/libstm32usb.a(usb_regs.o)
                0x0800a520                SetEPTxCount
 .text.SetEPRxCount
                0x0800a53c       0x40 lib/STM32_USB-FS-Device_Driver/libstm32usb.a(usb_regs.o)
                0x0800a53c                SetEPRxCount
 .text.SetEPDblBuf0Addr
                0x0800a57c       0x20 lib/STM32_USB-FS-Device_Driver/libstm32usb.a(usb_regs.o)
                0x0800a57c                SetEPDblBuf0Addr
 .text.SetEPTxAddr
                0x0800a59c        0x4 lib/STM32_USB-FS-Device_Driver/libstm32usb.a(usb_regs.o)
                0x0800a59c                SetEPTxAddr
 .text.SetEPDblBuf1Addr
                0x0800a5a0       0x20 lib/STM32_USB-FS-Device_Driver/libstm32usb.a(usb_regs.o)
                0x0800a5a0                SetEPDblBuf1Addr
 .text.SetEPRxAddr
                0x0800a5c0        0x4 lib/STM32_USB-FS-Device_Driver/libstm32usb.a(usb_regs.o)
                0x0800a5c0                SetEPRxAddr
 .text.GetEPDblBuf0Addr
                0x0800a5c4       0x20 lib/STM32_USB-FS-Device_Driver/libstm32usb.a(usb_regs.o)
                0x0800a5c4                GetEPDblBuf0Addr
 .text.GetEPTxAddr
                0x0800a5e4        0x4 lib/STM32_USB-FS-Device_Driver/libstm32usb.a(usb_regs.o)
                0x0800a5e4                GetEPTxAddr
 .text.GetEPDblBuf1Addr
                0x0800a5e8       0x20 lib/STM32_USB-FS-Device_Driver/libstm32usb.a(usb_regs.o)
                0x0800a5e8                GetEPDblBuf1Addr
 .text.GetEPRxAddr
                0x0800a608        0x4 lib/STM32_USB-FS-Device_Driver/libstm32usb.a(usb_regs.o)
                0x0800a608                GetEPRxAddr
 .text.GetEPDblBuf1Count
                0x0800a60c       0x20 lib/STM32_USB-FS-Device_Driver/libstm32usb.a(usb_regs.o)
                0x0800a60c                GetEPDblBuf1Count
 .text.GetEPRxCount
                0x0800a62c        0x4 lib/STM32_USB-FS-Device_Driver/libstm32usb.a(usb_regs.o)
                0x0800a62c                GetEPRxCount
 .text.ByteSwap
                0x0800a630        0xa lib/STM32_USB-FS-Device_Driver/libstm32usb.a(usb_regs.o)
                0x0800a630                ByteSwap
 *fill*         0x0800a63a        0x2 
 .text.USB_SIL_Init
                0x0800a63c       0x20 lib/STM32_USB-FS-Device_Driver/libstm32usb.a(usb_sil.o)
                0x0800a63c                USB_SIL_Init
 .text.USB_SIL_Write
                0x0800a65c       0x28 lib/STM32_USB-FS-Device_Driver/libstm32usb.a(usb_sil.o)
                0x0800a65c                USB_SIL_Write
 .text.USB_SIL_Read
                0x0800a684       0x24 lib/STM32_USB-FS-Device_Driver/libstm32usb.a(usb_sil.o)
                0x0800a684                USB_SIL_Read
 .text.memset   0x0800a6a8       0x10 /home/laurence/ARM-GCC/bin/../lib/gcc/arm-none-eabi/5.3.1/../../../../arm-none-eabi/lib/armv7-m/libc_nano.a(lib_a-memset.o)
                0x0800a6a8                memset
 .text.cosf     0x0800a6b8       0x78 /home/laurence/ARM-GCC/bin/../lib/gcc/arm-none-eabi/5.3.1/../../../../arm-none-eabi/lib/armv7-m/libm.a(lib_a-sf_cos.o)
                0x0800a6b8                cosf
 .text.logf     0x0800a730       0xe8 /home/laurence/ARM-GCC/bin/../lib/gcc/arm-none-eabi/5.3.1/../../../../arm-none-eabi/lib/armv7-m/libm.a(lib_a-wf_log.o)
                0x0800a730                logf
 .text.__ieee754_logf
                0x0800a818      0x284 /home/laurence/ARM-GCC/bin/../lib/gcc/arm-none-eabi/5.3.1/../../../../arm-none-eabi/lib/armv7-m/libm.a(lib_a-ef_log.o)
                0x0800a818                __ieee754_logf
 .text.__ieee754_rem_pio2f
                0x0800aa9c      0x2e4 /home/laurence/ARM-GCC/bin/../lib/gcc/arm-none-eabi/5.3.1/../../../../arm-none-eabi/lib/armv7-m/libm.a(lib_a-ef_rem_pio2.o)
                0x0800aa9c                __ieee754_rem_pio2f
 .text.__kernel_cosf
                0x0800ad80      0x188 /home/laurence/ARM-GCC/bin/../lib/gcc/arm-none-eabi/5.3.1/../../../../arm-none-eabi/lib/armv7-m/libm.a(lib_a-kf_cos.o)
                0x0800ad80                __kernel_cosf
 .text.__kernel_rem_pio2f
                0x0800af08      0x6a8 /home/laurence/ARM-GCC/bin/../lib/gcc/arm-none-eabi/5.3.1/../../../../arm-none-eabi/lib/armv7-m/libm.a(lib_a-kf_rem_pio2.o)
                0x0800af08                __kernel_rem_pio2f
 .text.__kernel_sinf
                0x0800b5b0       0xec /home/laurence/ARM-GCC/bin/../lib/gcc/arm-none-eabi/5.3.1/../../../../arm-none-eabi/lib/armv7-m/libm.a(lib_a-kf_sin.o)
                0x0800b5b0                __kernel_sinf
 .text.matherr  0x0800b69c        0x4 /home/laurence/ARM-GCC/bin/../lib/gcc/arm-none-eabi/5.3.1/../../../../arm-none-eabi/lib/armv7-m/libm.a(lib_a-s_matherr.o)
                0x0800b69c                matherr
 .text.nan      0x0800b6a0        0xc /home/laurence/ARM-GCC/bin/../lib/gcc/arm-none-eabi/5.3.1/../../../../arm-none-eabi/lib/armv7-m/libm.a(lib_a-s_nan.o)
                0x0800b6a0                nan
 .text.fabsf    0x0800b6ac        0x8 /home/laurence/ARM-GCC/bin/../lib/gcc/arm-none-eabi/5.3.1/../../../../arm-none-eabi/lib/armv7-m/libm.a(lib_a-sf_fabs.o)
                0x0800b6ac                fabsf
 .text.floorf   0x0800b6b4       0x8c /home/laurence/ARM-GCC/bin/../lib/gcc/arm-none-eabi/5.3.1/../../../../arm-none-eabi/lib/armv7-m/libm.a(lib_a-sf_floor.o)
                0x0800b6b4                floorf
 .text.scalbnf  0x0800b740       0xb0 /home/laurence/ARM-GCC/bin/../lib/gcc/arm-none-eabi/5.3.1/../../../../arm-none-eabi/lib/armv7-m/libm.a(lib_a-sf_scalbn.o)
                0x0800b740                scalbnf
 .text.copysignf
                0x0800b7f0        0xc /home/laurence/ARM-GCC/bin/../lib/gcc/arm-none-eabi/5.3.1/../../../../arm-none-eabi/lib/armv7-m/libm.a(lib_a-sf_copysign.o)
                0x0800b7f0                copysignf
 .text.__errno  0x0800b7fc        0xc /home/laurence/ARM-GCC/bin/../lib/gcc/arm-none-eabi/5.3.1/../../../../arm-none-eabi/lib/armv7-m/libc_nano.a(lib_a-errno.o)
                0x0800b7fc                __errno
 .text.malloc   0x0800b808       0x10 /home/laurence/ARM-GCC/bin/../lib/gcc/arm-none-eabi/5.3.1/../../../../arm-none-eabi/lib/armv7-m/libc_nano.a(lib_a-malloc.o)
                0x0800b808                malloc
 .text.memcmp   0x0800b818       0x1e /home/laurence/ARM-GCC/bin/../lib/gcc/arm-none-eabi/5.3.1/../../../../arm-none-eabi/lib/armv7-m/libc_nano.a(lib_a-memcmp.o)
                0x0800b818                memcmp
 .text.memcpy   0x0800b836       0x16 /home/laurence/ARM-GCC/bin/../lib/gcc/arm-none-eabi/5.3.1/../../../../arm-none-eabi/lib/armv7-m/libc_nano.a(lib_a-memcpy-stub.o)
                0x0800b836                memcpy
 .text._malloc_r
                0x0800b84c       0xa8 /home/laurence/ARM-GCC/bin/../lib/gcc/arm-none-eabi/5.3.1/../../../../arm-none-eabi/lib/armv7-m/libc_nano.a(lib_a-nano-mallocr.o)
                0x0800b84c                _malloc_r
 .text._sbrk_r  0x0800b8f4       0x20 /home/laurence/ARM-GCC/bin/../lib/gcc/arm-none-eabi/5.3.1/../../../../arm-none-eabi/lib/armv7-m/libc_nano.a(lib_a-sbrkr.o)
                0x0800b8f4                _sbrk_r
 .text.strcat   0x0800b914       0x1e /home/laurence/ARM-GCC/bin/../lib/gcc/arm-none-eabi/5.3.1/../../../../arm-none-eabi/lib/armv7-m/libc_nano.a(lib_a-strcat.o)
                0x0800b914                strcat
 .text.strchr   0x0800b932       0x1c /home/laurence/ARM-GCC/bin/../lib/gcc/arm-none-eabi/5.3.1/../../../../arm-none-eabi/lib/armv7-m/libc_nano.a(lib_a-strchr.o)
                0x0800b932                strchr
 .text.strncmp  0x0800b94e       0x2a /home/laurence/ARM-GCC/bin/../lib/gcc/arm-none-eabi/5.3.1/../../../../arm-none-eabi/lib/armv7-m/libc_nano.a(lib_a-strncmp.o)
                0x0800b94e                strncmp
 .text.strncpy  0x0800b978       0x26 /home/laurence/ARM-GCC/bin/../lib/gcc/arm-none-eabi/5.3.1/../../../../arm-none-eabi/lib/armv7-m/libc_nano.a(lib_a-strncpy.o)
                0x0800b978                strncpy
 *fill*         0x0800b99e        0x2 
 .text._sbrk    0x0800b9a0       0x1c /home/laurence/ARM-GCC/bin/../lib/gcc/arm-none-eabi/5.3.1/../../../../arm-none-eabi/lib/armv7-m/libnosys.a(sbrk.o)
                0x0800b9a0                _sbrk
 *(.rodata)
 .rodata        0x0800b9bc      0x270 /tmp/ccw4Zj6F.ltrans0.ltrans.o
                0x0800b9bc                Tbl.lto_priv.56
                0x0800babc                DaysInMonth.lto_priv.45
 .rodata        0x0800bc2c       0x80 /tmp/ccw4Zj6F.ltrans1.ltrans.o
 .rodata        0x0800bcac      0x432 /tmp/ccw4Zj6F.ltrans2.ltrans.o
                0x0800bd10                LfnOfs.lto_priv.50
 .rodata        0x0800c0de       0xc1 /tmp/ccw4Zj6F.ltrans5.ltrans.o
 .rodata        0x0800c19f       0xa6 /tmp/ccw4Zj6F.ltrans8.ltrans.o
 *(.rodata*)
 .rodata.str1.1
                0x0800c245      0x448 /tmp/ccw4Zj6F.ltrans0.ltrans.o
                                0x44a (size before relaxing)
 .rodata.str1.1
                0x0800c68d       0x10 /tmp/ccw4Zj6F.ltrans1.ltrans.o
 .rodata.str1.1
                0x0800c69d       0x73 /tmp/ccw4Zj6F.ltrans6.ltrans.o
 .rodata.str1.1
                0x0800c710        0x6 /tmp/ccw4Zj6F.ltrans7.ltrans.o
 .rodata.str1.1
                0x0800c716        0x2 /home/laurence/ARM-GCC/bin/../lib/gcc/arm-none-eabi/5.3.1/../../../../arm-none-eabi/lib/armv7-m/libc_nano.a(lib_a-impure.o)
 .rodata.str1.4
                0x0800c718        0x8 /home/laurence/ARM-GCC/bin/../lib/gcc/arm-none-eabi/5.3.1/../../../../arm-none-eabi/lib/armv7-m/libm.a(lib_a-wf_log.o)
                                  0x9 (size before relaxing)
 .rodata.npio2_hw
                0x0800c720       0x80 /home/laurence/ARM-GCC/bin/../lib/gcc/arm-none-eabi/5.3.1/../../../../arm-none-eabi/lib/armv7-m/libm.a(lib_a-ef_rem_pio2.o)
 .rodata.two_over_pi
                0x0800c7a0      0x318 /home/laurence/ARM-GCC/bin/../lib/gcc/arm-none-eabi/5.3.1/../../../../arm-none-eabi/lib/armv7-m/libm.a(lib_a-ef_rem_pio2.o)
 .rodata.init_jk
                0x0800cab8        0xc /home/laurence/ARM-GCC/bin/../lib/gcc/arm-none-eabi/5.3.1/../../../../arm-none-eabi/lib/armv7-m/libm.a(lib_a-kf_rem_pio2.o)
 .rodata.PIo2   0x0800cac4       0x2c /home/laurence/ARM-GCC/bin/../lib/gcc/arm-none-eabi/5.3.1/../../../../arm-none-eabi/lib/armv7-m/libm.a(lib_a-kf_rem_pio2.o)
 *(.glue_7)
 .glue_7        0x0800caf0        0x0 linker stubs
 *(.glue_7t)
 .glue_7t       0x0800caf0        0x0 linker stubs
 *(.init)
 .init          0x0800caf0        0x4 /home/laurence/ARM-GCC/bin/../lib/gcc/arm-none-eabi/5.3.1/armv7-m/crti.o
                0x0800caf0                _init
 .init          0x0800caf4        0x8 /home/laurence/ARM-GCC/bin/../lib/gcc/arm-none-eabi/5.3.1/armv7-m/crtn.o
 *(.fini)
 .fini          0x0800cafc        0x4 /home/laurence/ARM-GCC/bin/../lib/gcc/arm-none-eabi/5.3.1/armv7-m/crti.o
                0x0800cafc                _fini
 .fini          0x0800cb00        0x8 /home/laurence/ARM-GCC/bin/../lib/gcc/arm-none-eabi/5.3.1/armv7-m/crtn.o
                0x0800cb08                . = ALIGN (0x4)
                0x0800cb08                _etext = .
                0x0800cb08                _sidata = _etext

.vfp11_veneer   0x0800cb08        0x0
 .vfp11_veneer  0x0800cb08        0x0 linker stubs

.v4_bx          0x0800cb08        0x0
 .v4_bx         0x0800cb08        0x0 linker stubs

.iplt           0x0800cb08        0x0
 .iplt          0x0800cb08        0x0 /home/laurence/ARM-GCC/bin/../lib/gcc/arm-none-eabi/5.3.1/armv7-m/crtbegin.o

.rel.dyn        0x0800cb08        0x0
 .rel.iplt      0x0800cb08        0x0 /home/laurence/ARM-GCC/bin/../lib/gcc/arm-none-eabi/5.3.1/armv7-m/crtbegin.o

.flashpatch     0x00000000        0x0
                0x00000000                . = ALIGN (0x4)
 *(.flashpatch)
                0x00000000                . = ALIGN (0x4)

.endflash       0x00000000        0x0
                0x00000000                . = ALIGN (0x4)
 *(.endflash)
                0x00000000                . = ALIGN (0x4)
                0x00000000                _e_endflash = .

.data           0x20000000      0x210 load address 0x0800cb08
                0x20000000                . = ALIGN (0x4)
                0x20000000                _sdata = .
                0x20000000                _data = .
 *(.data)
 .data          0x20000000        0x5 /tmp/ccw4Zj6F.ltrans0.ltrans.o
                0x20000000                Silabs_Header
 *fill*         0x20000005        0x3 
 .data          0x20000008        0x8 /tmp/ccw4Zj6F.ltrans2.ltrans.o
 .data          0x20000010       0x98 /tmp/ccw4Zj6F.ltrans3.ltrans.o
                0x20000070                pEpInt_IN
                0x2000008c                pEpInt_OUT
 .data          0x200000a8        0x4 /tmp/ccw4Zj6F.ltrans5.ltrans.o
                0x200000aa                Device_Table
 .data          0x200000ac       0x8c /tmp/ccw4Zj6F.ltrans8.ltrans.o
                0x200000ac                Scsi_Sense_Data
                0x20000114                User_Standard_Requests
 .data          0x20000138       0x5c /tmp/ccw4Zj6F.ltrans9.ltrans.o
                0x20000138                Device_Property
                0x2000016c                I2C_jobs
                0x2000018c                Stat.lto_priv.42
 *(.data.*)
 .data.ADCPrescTable
                0x20000194        0x4 lib/STM32F10x_StdPeriph_Driver/libstm32fw.a(stm32f10x_rcc.o)
 .data.APBAHBPrescTable
                0x20000198       0x10 lib/STM32F10x_StdPeriph_Driver/libstm32fw.a(stm32f10x_rcc.o)
 .data.impure_data
                0x200001a8       0x60 /home/laurence/ARM-GCC/bin/../lib/gcc/arm-none-eabi/5.3.1/../../../../arm-none-eabi/lib/armv7-m/libc_nano.a(lib_a-impure.o)
 .data._impure_ptr
                0x20000208        0x4 /home/laurence/ARM-GCC/bin/../lib/gcc/arm-none-eabi/5.3.1/../../../../arm-none-eabi/lib/armv7-m/libc_nano.a(lib_a-impure.o)
                0x20000208                _impure_ptr
 .data.__fdlib_version
                0x2000020c        0x1 /home/laurence/ARM-GCC/bin/../lib/gcc/arm-none-eabi/5.3.1/../../../../arm-none-eabi/lib/armv7-m/libm.a(lib_a-s_lib_ver.o)
                0x2000020c                __fdlib_version
 *(.RAMtext)
                0x20000210                . = ALIGN (0x4)
 *fill*         0x2000020d        0x3 
                0x20000210                _edata = .
                0x0800cd18                _eidata = (_sidata + (_edata - _sdata))
                0x08020000                _lastdataromaddress = (ORIGIN (FLASH) + LENGTH (FLASH))
                0x00000000                toobig = (_eidata > _lastdataromaddress)?!!!!!!!!! FLASH IS FULL !!!!!!!!!:0x0

.igot.plt       0x20000210        0x0 load address 0x0800cd18
 .igot.plt      0x20000210        0x0 /home/laurence/ARM-GCC/bin/../lib/gcc/arm-none-eabi/5.3.1/armv7-m/crtbegin.o

.bss            0x20000210      0xf74 load address 0x0800cd18
                0x20000210                . = ALIGN (0x4)
                0x20000210                _sbss = .
                0x20000210                _bss = .
 *(.bss)
 .bss           0x20000210      0x6c6 /tmp/ccw4Zj6F.ltrans0.ltrans.o
                0x20000658                bootsource
                0x2000065c                rputchar.lto_priv.41
                0x20000660                Status
                0x20000664                Data_Buffer
                0x20000668                bDeviceState
                0x2000066c                Battery_Voltage
                0x20000670                FatFs.lto_priv.55
                0x200008a6                System_state_Global
                0x200008a7                Shutdown_System
                0x200008a8                Silabs_Rx_Buffer
                0x200008b4                Ignition_Selftest
                0x200008b8                Gyro_XY_Rate
                0x200008bc                Gyro_Z_Rate
                0x200008c0                AutoSequence
                0x200008c4                I2C1error
                0x200008c6                L3GD20_Data_Buffer
                0x200008d0                Temperature
                0x200008d4                Gyro_Temperature
                0x200008d5                Last_RSSI
 .bss           0x200008d6        0x2 /tmp/ccw4Zj6F.ltrans1.ltrans.o
 .bss           0x200008d8       0x13 /tmp/ccw4Zj6F.ltrans2.ltrans.o
                0x200008d8                Sd_Spi_Called_From_USB_MSC
                0x200008ea                CardType.lto_priv.49
 *fill*         0x200008eb        0x1 
 .bss           0x200008ec       0x24 /tmp/ccw4Zj6F.ltrans3.ltrans.o
 .bss           0x20000910       0x5c /tmp/ccw4Zj6F.ltrans5.ltrans.o
 .bss           0x2000096c      0x5f8 /tmp/ccw4Zj6F.ltrans6.ltrans.o
                0x2000096c                Silabs_Tx_Buffer
                0x20000978                print_string
                0x20000a78                Silabs_spi_state
                0x20000a94                Millis
                0x20000a98                CTS_Low.lto_priv.35
                0x20000a9c                Silabs_driver_state
                0x20000aa2                Gps
                0x20000ad8                Gps_Buffer
                0x20000ae4                FATFS_logfile
                0x20000d08                Usart1_rx_buff
                0x20000d14                FATFS_wavfile_gyro
                0x20000f38                Jobs
                0x20000f3c                Completed_Jobs
                0x20000f40                Gyro_x_buffer
                0x20000f4c                Gyro_y_buffer
                0x20000f58                Gyro_z_buffer
 .bss           0x20000f64       0x84 /tmp/ccw4Zj6F.ltrans7.ltrans.o
 .bss           0x20000fe8       0x9e /tmp/ccw4Zj6F.ltrans8.ltrans.o
                0x20000fe8                Max_Lun
                0x20000fec                Mass_Block_Count
                0x20000ff4                CBW
                0x20001014                Mass_Block_Size
                0x2000101c                Bot_State
                0x2000101e                Data_Len
                0x20001024                TransferState
                0x20001034                Bulk_Data_Buff
                0x20001074                CSW
 *fill*         0x20001086        0x2 
 .bss           0x20001088       0xa5 /tmp/ccw4Zj6F.ltrans9.ltrans.o
                0x20001088                wIstr
                0x2000108c                Timer1.lto_priv.43
                0x20001090                Timer2.lto_priv.44
 *fill*         0x2000112d        0x3 
 .bss           0x20001130        0x4 /tmp/ccw4Zj6F.ltrans10.ltrans.o
 *(.bss.*)
 .bss.Data_Mul_MaxPacketSize
                0x20001134        0x1 lib/STM32_USB-FS-Device_Driver/libstm32usb.a(usb_core.o)
                0x20001134                Data_Mul_MaxPacketSize
 *fill*         0x20001135        0x3 
 .bss.__malloc_sbrk_start
                0x20001138        0x4 /home/laurence/ARM-GCC/bin/../lib/gcc/arm-none-eabi/5.3.1/../../../../arm-none-eabi/lib/armv7-m/libc_nano.a(lib_a-nano-mallocr.o)
                0x20001138                __malloc_sbrk_start
 .bss.__malloc_free_list
                0x2000113c        0x4 /home/laurence/ARM-GCC/bin/../lib/gcc/arm-none-eabi/5.3.1/../../../../arm-none-eabi/lib/armv7-m/libc_nano.a(lib_a-nano-mallocr.o)
                0x2000113c                __malloc_free_list
 .bss.heap_end.4167
                0x20001140        0x4 /home/laurence/ARM-GCC/bin/../lib/gcc/arm-none-eabi/5.3.1/../../../../arm-none-eabi/lib/armv7-m/libnosys.a(sbrk.o)
 *(COMMON)
 COMMON         0x20001144        0x2 lib/STM32_USB-FS-Device_Driver/libstm32usb.a(usb_core.o)
                0x20001144                StatusInfo
 *fill*         0x20001146        0x2 
 COMMON         0x20001148       0x32 lib/STM32_USB-FS-Device_Driver/libstm32usb.a(usb_init.o)
                0x20001148                SaveState
                0x2000114c                pProperty
                0x20001150                EPindex
                0x20001154                Device_Info
                0x20001170                pUser_Standard_Requests
                0x20001174                pInformation
                0x20001178                wInterrupt_Mask
 COMMON         0x2000117a        0x4 lib/STM32_USB-FS-Device_Driver/libstm32usb.a(usb_int.o)
                0x2000117a                SaveRState
                0x2000117c                SaveTState
 *fill*         0x2000117e        0x2 
 COMMON         0x20001180        0x4 /home/laurence/ARM-GCC/bin/../lib/gcc/arm-none-eabi/5.3.1/../../../../arm-none-eabi/lib/armv7-m/libc_nano.a(lib_a-reent.o)
                0x20001180                errno
                0x20001184                . = ALIGN (0x4)
                0x20001184                _ebss = .
                0x20001184                PROVIDE (end, _ebss)
                [!provide]                PROVIDE (_end, _ebss)

._usrstack      0x20001184     0x2000 load address 0x0800dc8c
                0x20001184                . = ALIGN (0x4)
                0x20001184                _susrstack = .
                0x20003184                . = (. + _Minimum_Stack_Size)
 *fill*         0x20001184     0x2000 
                0x20003184                . = ALIGN (0x4)
                0x20003184                _eusrstack = .
                0x20005000                _lastramaddress = (ORIGIN (RAM) + LENGTH (RAM))
                0x00000000                toobig = (_eusrstack > _lastramaddress)?!!!!!!!!! RAM IS FULL !!!!!!!!!:0x0

.b1text
 *(.b1text)
 *(.b1rodata)
 *(.b1rodata*)

.eb0text
 *(.eb0text)
 *(.eb0rodata)
 *(.eb0rodata*)

.eb1text
 *(.eb1text)
 *(.eb1rodata)
 *(.eb1rodata*)

.eb2text
 *(.eb2text)
 *(.eb2rodata)
 *(.eb2rodata*)

.eb3text
 *(.eb3text)
 *(.eb3rodata)
 *(.eb3rodata*)
                0x20003184                __exidx_start = .
                0x20003184                __exidx_end = .

/DISCARD/
 libc.a(*)
 libm.a(*)
 libgcc.a(*)

.stab
 *(.stab)

.stabstr
 *(.stabstr)

.stab.excl
 *(.stab.excl)

.stab.exclstr
 *(.stab.exclstr)

.stab.index
 *(.stab.index)

.stab.indexstr
 *(.stab.indexstr)

.comment        0x00000000       0x6e
 *(.comment)
 .comment       0x00000000       0x6f /tmp/ccw4Zj6F.ltrans0.ltrans.o
 .comment       0x00000000       0x6f /tmp/ccw4Zj6F.ltrans1.ltrans.o
 .comment       0x00000000       0x6f /tmp/ccw4Zj6F.ltrans2.ltrans.o
 .comment       0x00000000       0x6f /tmp/ccw4Zj6F.ltrans3.ltrans.o
 .comment       0x00000000       0x6f /tmp/ccw4Zj6F.ltrans4.ltrans.o
 .comment       0x00000000       0x6f /tmp/ccw4Zj6F.ltrans5.ltrans.o
 .comment       0x00000000       0x6f /tmp/ccw4Zj6F.ltrans6.ltrans.o
 .comment       0x00000000       0x6f /tmp/ccw4Zj6F.ltrans7.ltrans.o
 .comment       0x00000000       0x6f /tmp/ccw4Zj6F.ltrans8.ltrans.o
 .comment       0x00000000       0x6f /tmp/ccw4Zj6F.ltrans9.ltrans.o
 .comment       0x00000000       0x6f /tmp/ccw4Zj6F.ltrans10.ltrans.o
 .comment       0x00000000       0x6e lib/STM32F10x_StdPeriph_Driver/libstm32fw.a(misc.o)
                                 0x6f (size before relaxing)
 .comment       0x0000006e       0x6f lib/STM32F10x_StdPeriph_Driver/libstm32fw.a(stm32f10x_adc.o)
 .comment       0x0000006e       0x6f lib/STM32F10x_StdPeriph_Driver/libstm32fw.a(stm32f10x_bkp.o)
 .comment       0x0000006e       0x6f lib/STM32F10x_StdPeriph_Driver/libstm32fw.a(stm32f10x_dbgmcu.o)
 .comment       0x0000006e       0x6f lib/STM32F10x_StdPeriph_Driver/libstm32fw.a(stm32f10x_dma.o)
 .comment       0x0000006e       0x6f lib/STM32F10x_StdPeriph_Driver/libstm32fw.a(stm32f10x_exti.o)
 .comment       0x0000006e       0x6f lib/STM32F10x_StdPeriph_Driver/libstm32fw.a(stm32f10x_gpio.o)
 .comment       0x0000006e       0x6f lib/STM32F10x_StdPeriph_Driver/libstm32fw.a(stm32f10x_i2c.o)
 .comment       0x0000006e       0x6f lib/STM32F10x_StdPeriph_Driver/libstm32fw.a(stm32f10x_iwdg.o)
 .comment       0x0000006e       0x6f lib/STM32F10x_StdPeriph_Driver/libstm32fw.a(stm32f10x_pwr.o)
 .comment       0x0000006e       0x6f lib/STM32F10x_StdPeriph_Driver/libstm32fw.a(stm32f10x_rcc.o)
 .comment       0x0000006e       0x6f lib/STM32F10x_StdPeriph_Driver/libstm32fw.a(stm32f10x_rtc.o)
 .comment       0x0000006e       0x6f lib/STM32F10x_StdPeriph_Driver/libstm32fw.a(stm32f10x_spi.o)
 .comment       0x0000006e       0x6f lib/STM32F10x_StdPeriph_Driver/libstm32fw.a(stm32f10x_usart.o)
 .comment       0x0000006e       0x6f lib/STM32_USB-FS-Device_Driver/libstm32usb.a(usb_core.o)
 .comment       0x0000006e       0x6f lib/STM32_USB-FS-Device_Driver/libstm32usb.a(usb_init.o)
 .comment       0x0000006e       0x6f lib/STM32_USB-FS-Device_Driver/libstm32usb.a(usb_int.o)
 .comment       0x0000006e       0x6f lib/STM32_USB-FS-Device_Driver/libstm32usb.a(usb_mem.o)
 .comment       0x0000006e       0x6f lib/STM32_USB-FS-Device_Driver/libstm32usb.a(usb_regs.o)
 .comment       0x0000006e       0x6f lib/STM32_USB-FS-Device_Driver/libstm32usb.a(usb_sil.o)

.ARM.attributes
                0x00000000       0x29
 .ARM.attributes
                0x00000000       0x1d /home/laurence/ARM-GCC/bin/../lib/gcc/arm-none-eabi/5.3.1/armv7-m/crti.o
 .ARM.attributes
                0x0000001d       0x31 /tmp/ccw4Zj6F.ltrans0.ltrans.o
 .ARM.attributes
                0x0000004e       0x31 /tmp/ccw4Zj6F.ltrans1.ltrans.o
 .ARM.attributes
                0x0000007f       0x31 /tmp/ccw4Zj6F.ltrans2.ltrans.o
 .ARM.attributes
                0x000000b0       0x31 /tmp/ccw4Zj6F.ltrans3.ltrans.o
 .ARM.attributes
                0x000000e1       0x31 /tmp/ccw4Zj6F.ltrans4.ltrans.o
 .ARM.attributes
                0x00000112       0x31 /tmp/ccw4Zj6F.ltrans5.ltrans.o
 .ARM.attributes
                0x00000143       0x31 /tmp/ccw4Zj6F.ltrans6.ltrans.o
 .ARM.attributes
                0x00000174       0x31 /tmp/ccw4Zj6F.ltrans7.ltrans.o
 .ARM.attributes
                0x000001a5       0x31 /tmp/ccw4Zj6F.ltrans8.ltrans.o
 .ARM.attributes
                0x000001d6       0x31 /tmp/ccw4Zj6F.ltrans9.ltrans.o
 .ARM.attributes
                0x00000207       0x31 /tmp/ccw4Zj6F.ltrans10.ltrans.o
 .ARM.attributes
                0x00000238       0x21 lib/CMSIS_CM3/startup/gcc/startup_stm32f10x_md.o
 .ARM.attributes
                0x00000259       0x33 lib/STM32F10x_StdPeriph_Driver/libstm32fw.a(misc.o)
 .ARM.attributes
                0x0000028c       0x33 lib/STM32F10x_StdPeriph_Driver/libstm32fw.a(stm32f10x_adc.o)
 .ARM.attributes
                0x000002bf       0x33 lib/STM32F10x_StdPeriph_Driver/libstm32fw.a(stm32f10x_bkp.o)
 .ARM.attributes
                0x000002f2       0x33 lib/STM32F10x_StdPeriph_Driver/libstm32fw.a(stm32f10x_dbgmcu.o)
 .ARM.attributes
                0x00000325       0x33 lib/STM32F10x_StdPeriph_Driver/libstm32fw.a(stm32f10x_dma.o)
 .ARM.attributes
                0x00000358       0x33 lib/STM32F10x_StdPeriph_Driver/libstm32fw.a(stm32f10x_exti.o)
 .ARM.attributes
                0x0000038b       0x33 lib/STM32F10x_StdPeriph_Driver/libstm32fw.a(stm32f10x_gpio.o)
 .ARM.attributes
                0x000003be       0x33 lib/STM32F10x_StdPeriph_Driver/libstm32fw.a(stm32f10x_i2c.o)
 .ARM.attributes
                0x000003f1       0x33 lib/STM32F10x_StdPeriph_Driver/libstm32fw.a(stm32f10x_iwdg.o)
 .ARM.attributes
                0x00000424       0x33 lib/STM32F10x_StdPeriph_Driver/libstm32fw.a(stm32f10x_pwr.o)
 .ARM.attributes
                0x00000457       0x33 lib/STM32F10x_StdPeriph_Driver/libstm32fw.a(stm32f10x_rcc.o)
 .ARM.attributes
                0x0000048a       0x33 lib/STM32F10x_StdPeriph_Driver/libstm32fw.a(stm32f10x_rtc.o)
 .ARM.attributes
                0x000004bd       0x33 lib/STM32F10x_StdPeriph_Driver/libstm32fw.a(stm32f10x_spi.o)
 .ARM.attributes
                0x000004f0       0x33 lib/STM32F10x_StdPeriph_Driver/libstm32fw.a(stm32f10x_usart.o)
 .ARM.attributes
                0x00000523       0x33 lib/STM32_USB-FS-Device_Driver/libstm32usb.a(usb_core.o)
 .ARM.attributes
                0x00000556       0x33 lib/STM32_USB-FS-Device_Driver/libstm32usb.a(usb_init.o)
 .ARM.attributes