Archive member included because of file (symbol)

lib/STM32F10x_StdPeriph_Driver/libstm32fw.a(misc.o)
                              interrupts.o (symbol from plugin) (NVIC_PriorityGroupConfig)
lib/STM32F10x_StdPeriph_Driver/libstm32fw.a(stm32f10x_adc.o)
                              adc.o (symbol from plugin) (ADC_DeInit)
lib/STM32F10x_StdPeriph_Driver/libstm32fw.a(stm32f10x_bkp.o)
                              Util/fat_fs/src/rtc.o (symbol from plugin) (BKP_DeInit)
lib/STM32F10x_StdPeriph_Driver/libstm32fw.a(stm32f10x_dbgmcu.o)
                              main.o (symbol from plugin) (DBGMCU_Config)
lib/STM32F10x_StdPeriph_Driver/libstm32fw.a(stm32f10x_dma.o)
                              Silabs/si446x.o (symbol from plugin) (DMA_DeInit)
lib/STM32F10x_StdPeriph_Driver/libstm32fw.a(stm32f10x_exti.o)
                              Silabs/si446x.o (symbol from plugin) (EXTI_DeInit)
lib/STM32F10x_StdPeriph_Driver/libstm32fw.a(stm32f10x_gpio.o)
                              Silabs/si446x.o (symbol from plugin) (GPIO_Init)
lib/STM32F10x_StdPeriph_Driver/libstm32fw.a(stm32f10x_i2c.o)
                              i2c_int.o (symbol from plugin) (I2C_DeInit)
lib/STM32F10x_StdPeriph_Driver/libstm32fw.a(stm32f10x_iwdg.o)
                              watchdog.o (symbol from plugin) (IWDG_WriteAccessCmd)
lib/STM32F10x_StdPeriph_Driver/libstm32fw.a(stm32f10x_pwr.o)
                              pwr.o (symbol from plugin) (PWR_DeInit)
lib/STM32F10x_StdPeriph_Driver/libstm32fw.a(stm32f10x_rcc.o)
                              interrupts.o (symbol from plugin) (RCC_HCLKConfig)
lib/STM32F10x_StdPeriph_Driver/libstm32fw.a(stm32f10x_rtc.o)
                              Util/fat_fs/src/rtc.o (symbol from plugin) (RTC_GetCounter)
lib/STM32F10x_StdPeriph_Driver/libstm32fw.a(stm32f10x_spi.o)
                              Util/fat_fs/src/sd_spi_stm32.o (symbol from plugin) (SPI_I2S_DeInit)
lib/STM32F10x_StdPeriph_Driver/libstm32fw.a(stm32f10x_tim.o)
                              pwm.o (symbol from plugin) (TIM_TimeBaseInit)
lib/STM32F10x_StdPeriph_Driver/libstm32fw.a(stm32f10x_usart.o)
                              usart.o (symbol from plugin) (USART_DeInit)
lib/STM32_USB-FS-Device_Driver/libstm32usb.a(usb_core.o)
                              Util/USB/usb_prop.o (symbol from plugin) (Standard_GetDescriptorData)
lib/STM32_USB-FS-Device_Driver/libstm32usb.a(usb_init.o)
                              main.o (symbol from plugin) (USB_Init)
lib/STM32_USB-FS-Device_Driver/libstm32usb.a(usb_int.o)
                              Util/USB/usb_istr.o (symbol from plugin) (CTR_LP)
lib/STM32_USB-FS-Device_Driver/libstm32usb.a(usb_mem.o)
                              lib/STM32_USB-FS-Device_Driver/libstm32usb.a(usb_core.o) (UserToPMABufferCopy)
lib/STM32_USB-FS-Device_Driver/libstm32usb.a(usb_regs.o)
                              Util/USB/usb_prop.o (symbol from plugin) (SetBTABLE)
lib/STM32_USB-FS-Device_Driver/libstm32usb.a(usb_sil.o)
                              Util/USB/usb_prop.o (symbol from plugin) (USB_SIL_Init)
/home/laurence/ARM-GCC/bin/../lib/gcc/arm-none-eabi/4.7.4/../../../../arm-none-eabi/lib/armv7-m/libc.a(lib_a-__atexit.o)
                              /home/laurence/ARM-GCC/bin/../lib/gcc/arm-none-eabi/4.7.4/../../../../arm-none-eabi/lib/armv7-m/crt0.o (__register_exitproc)
/home/laurence/ARM-GCC/bin/../lib/gcc/arm-none-eabi/4.7.4/../../../../arm-none-eabi/lib/armv7-m/libc.a(lib_a-exit.o)
                              /home/laurence/ARM-GCC/bin/../lib/gcc/arm-none-eabi/4.7.4/../../../../arm-none-eabi/lib/armv7-m/crt0.o (exit)
/home/laurence/ARM-GCC/bin/../lib/gcc/arm-none-eabi/4.7.4/../../../../arm-none-eabi/lib/armv7-m/libc.a(lib_a-fini.o)
                              /home/laurence/ARM-GCC/bin/../lib/gcc/arm-none-eabi/4.7.4/../../../../arm-none-eabi/lib/armv7-m/crt0.o (__libc_fini_array)
/home/laurence/ARM-GCC/bin/../lib/gcc/arm-none-eabi/4.7.4/../../../../arm-none-eabi/lib/armv7-m/libc.a(lib_a-impure.o)
                              /home/laurence/ARM-GCC/bin/../lib/gcc/arm-none-eabi/4.7.4/../../../../arm-none-eabi/lib/armv7-m/libc.a(lib_a-__atexit.o) (_global_impure_ptr)
/home/laurence/ARM-GCC/bin/../lib/gcc/arm-none-eabi/4.7.4/../../../../arm-none-eabi/lib/armv7-m/libc.a(lib_a-init.o)
                              /home/laurence/ARM-GCC/bin/../lib/gcc/arm-none-eabi/4.7.4/../../../../arm-none-eabi/lib/armv7-m/crt0.o (__libc_init_array)
/home/laurence/ARM-GCC/bin/../lib/gcc/arm-none-eabi/4.7.4/../../../../arm-none-eabi/lib/armv7-m/libc.a(lib_a-memset.o)
                              /home/laurence/ARM-GCC/bin/../lib/gcc/arm-none-eabi/4.7.4/../../../../arm-none-eabi/lib/armv7-m/crt0.o (memset)
/home/laurence/ARM-GCC/bin/../lib/gcc/arm-none-eabi/4.7.4/../../../../arm-none-eabi/lib/armv7-m/libc.a(lib_a-__call_atexit.o)
                              /home/laurence/ARM-GCC/bin/../lib/gcc/arm-none-eabi/4.7.4/../../../../arm-none-eabi/lib/armv7-m/libc.a(lib_a-exit.o) (__call_exitprocs)
[...]
Memory Configuration

Name             Origin             Length             Attributes
RAM              0x20000000         0x00005000         xrw
FLASH            0x08000000         0x00020000         xr
FLASHB1          0x00000000         0x00000000         xr
EXTMEMB0         0x00000000         0x00000000         xr
EXTMEMB1         0x00000000         0x00000000         xr
EXTMEMB2         0x00000000         0x00000000         xr
EXTMEMB3         0x00000000         0x00000000         xr
STARTFLASH       0x00000000         0xffffffff
CRPPATCH         0x00000000         0xffffffff
FLASHPATCH       0x00000000         0xffffffff
ENDFLASH         0x00000000         0xffffffff
*default*        0x00000000         0xffffffff

Linker script and memory map

LOAD /home/laurence/ARM-GCC/bin/../lib/gcc/arm-none-eabi/4.7.4/armv7-m/crti.o
LOAD /home/laurence/ARM-GCC/bin/../lib/gcc/arm-none-eabi/4.7.4/armv7-m/crtbegin.o
LOAD /home/laurence/ARM-GCC/bin/../lib/gcc/arm-none-eabi/4.7.4/../../../../arm-none-eabi/lib/armv7-m/crt0.o
LOAD Silabs/si446x.o
LOAD /tmp/ccHPzwXt.ltrans0.ltrans.o
LOAD /tmp/ccHPzwXt.ltrans1.ltrans.o
LOAD /tmp/ccHPzwXt.ltrans2.ltrans.o
LOAD /tmp/ccHPzwXt.ltrans3.ltrans.o
LOAD /tmp/ccHPzwXt.ltrans4.ltrans.o
LOAD /tmp/ccHPzwXt.ltrans5.ltrans.o
LOAD /tmp/ccHPzwXt.ltrans6.ltrans.o
LOAD /tmp/ccHPzwXt.ltrans7.ltrans.o
LOAD /home/laurence/ARM-GCC/bin/../lib/gcc/arm-none-eabi/4.7.4/armv7-m/libgcc.a
LOAD /home/laurence/ARM-GCC/bin/../lib/gcc/arm-none-eabi/4.7.4/../../../../arm-none-eabi/lib/armv7-m/libc.a
LOAD Ublox/ubx.o
LOAD Util/USB/hw_config.o
LOAD Util/USB/mass_mal.o
LOAD Util/USB/memory.o
LOAD Util/USB/scsi_data.o
LOAD Util/USB/usb_bot.o
LOAD Util/USB/usb_desc.o
LOAD Util/USB/usb_endp.o
LOAD Util/USB/usb_istr.o
LOAD Util/USB/usb_prop.o
LOAD Util/USB/usb_pwr.o
LOAD Util/USB/usb_scsi.o
LOAD Util/buffer.o
LOAD Util/delay.o
LOAD Util/fat_fs/option/ccsbcs.o
LOAD Util/fat_fs/src/fattime.o
LOAD Util/fat_fs/src/ff.o
LOAD Util/fat_fs/src/rtc.o
LOAD Util/fat_fs/src/sd_spi_stm32.o
LOAD Util/rprintf.o
LOAD adc.o
LOAD dma.o
LOAD gpio.o
LOAD i2c_int.o
LOAD interrupts.o
LOAD lib/CMSIS_CM3/core_cm3.o
LOAD lib/CMSIS_CM3/startup/gcc/startup_stm32f10x_md.o
LOAD lib/CMSIS_CM3/system_stm32f10x.o
LOAD main.o
LOAD pwm.o
LOAD pwr.o
LOAD usart.o
LOAD watchdog.o
LOAD lib/STM32F10x_StdPeriph_Driver/libstm32fw.a
LOAD lib/STM32_USB-FS-Device_Driver/libstm32usb.a
LOAD /home/laurence/ARM-GCC/bin/../lib/gcc/arm-none-eabi/4.7.4/../../../../arm-none-eabi/lib/armv7-m/libm.a
LOAD /home/laurence/ARM-GCC/bin/../lib/gcc/arm-none-eabi/4.7.4/../../../../arm-none-eabi/lib/armv7-m/libnosys.a
START GROUP
LOAD /home/laurence/ARM-GCC/bin/../lib/gcc/arm-none-eabi/4.7.4/armv7-m/libgcc.a
LOAD /home/laurence/ARM-GCC/bin/../lib/gcc/arm-none-eabi/4.7.4/../../../../arm-none-eabi/lib/armv7-m/libc.a
END GROUP
LOAD /home/laurence/ARM-GCC/bin/../lib/gcc/arm-none-eabi/4.7.4/armv7-m/crtend.o
LOAD /home/laurence/ARM-GCC/bin/../lib/gcc/arm-none-eabi/4.7.4/armv7-m/crtn.o
                0x00002000                __Stack_Size = 0x2000
                0x00002000                PROVIDE (_Stack_Size, __Stack_Size)
                0x20003000                __Stack_Init = (_estack - __Stack_Size)
                0x20003000                PROVIDE (_Stack_Init, __Stack_Init)
                0x00002000                _Minimum_Stack_Size = 0x2000
                0x00000000                PROVIDE (Undefined_Handler, 0x0)
                0x00000000                PROVIDE (SWI_Handler, 0x0)
                0x00000000                PROVIDE (IRQ_Handler, 0x0)
                0x00000000                PROVIDE (Prefetch_Handler, 0x0)
                0x00000000                PROVIDE (Abort_Handler, 0x0)
                0x00000000                PROVIDE (FIQ_Handler, 0x0)
                0x00000000                PROVIDE (NMIException, 0x0)
                0x00000000                PROVIDE (NMI_Handler, 0x0)
                0x00000000                PROVIDE (HardFaultException, 0x0)
                0x00000000                PROVIDE (HardFault_Handler, 0x0)
                0x00000000                PROVIDE (MemManageException, 0x0)
                0x00000000                PROVIDE (MemManage_Handler, 0x0)
                0x00000000                PROVIDE (BusFaultException, 0x0)
                0x00000000                PROVIDE (BusFault_Handler, 0x0)
                0x00000000                PROVIDE (UsageFaultException, 0x0)
                0x00000000                PROVIDE (UsageFault_Handler, 0x0)
                0x00000000                PROVIDE (SVCHandler, 0x0)
                0x00000000                PROVIDE (SVC_Handler, 0x0)
                0x00000000                PROVIDE (DebugMonitor, 0x0)
                0x00000000                PROVIDE (DebugMon_Handler, 0x0)
                0x00000000                PROVIDE (PendSVC, 0x0)
                0x00000000                PROVIDE (PendSV_Handler, 0x0)
                0x00000000                PROVIDE (SysTickHandler, 0x0)
                0x00000000                PROVIDE (SysTick_Handler, 0x0)
                0x00000000                PROVIDE (WWDG_IRQHandler, 0x0)
                0x00000000                PROVIDE (PVD_IRQHandler, 0x0)
                0x00000000                PROVIDE (TAMPER_IRQHandler, 0x0)
                0x00000000                PROVIDE (RTC_IRQHandler, 0x0)
                0x00000000                PROVIDE (FLASH_IRQHandler, 0x0)
                0x00000000                PROVIDE (RCC_IRQHandler, 0x0)
                0x00000000                PROVIDE (EXTI0_IRQHandler, 0x0)
                0x00000000                PROVIDE (EXTI1_IRQHandler, 0x0)
                0x00000000                PROVIDE (EXTI2_IRQHandler, 0x0)
                0x00000000                PROVIDE (EXTI3_IRQHandler, 0x0)
                0x00000000                PROVIDE (EXTI4_IRQHandler, 0x0)
                0x00000000                PROVIDE (DMAChannel1_IRQHandler, 0x0)
                0x00000000                PROVIDE (DMAChannel2_IRQHandler, 0x0)
                0x00000000                PROVIDE (DMAChannel3_IRQHandler, 0x0)
                0x00000000                PROVIDE (DMAChannel4_IRQHandler, 0x0)
                0x00000000                PROVIDE (DMAChannel5_IRQHandler, 0x0)
                0x00000000                PROVIDE (DMAChannel6_IRQHandler, 0x0)
                0x00000000                PROVIDE (DMAChannel7_IRQHandler, 0x0)
                0x00000000                PROVIDE (DMA1_Channel1_IRQHandler, 0x0)
                0x00000000                PROVIDE (DMA1_Channel2_IRQHandler, 0x0)
                0x00000000                PROVIDE (DMA1_Channel3_IRQHandler, 0x0)
                0x00000000                PROVIDE (DMA1_Channel4_IRQHandler, 0x0)
                0x00000000                PROVIDE (DMA1_Channel5_IRQHandler, 0x0)
                0x00000000                PROVIDE (DMA1_Channel6_IRQHandler, 0x0)
                0x00000000                PROVIDE (DMA1_Channel7_IRQHandler, 0x0)
                0x00000000                PROVIDE (ADC_IRQHandler, 0x0)
                0x00000000                PROVIDE (ADC1_2_IRQHandler, 0x0)
                0x00000000                PROVIDE (USB_HP_CAN_TX_IRQHandler, 0x0)
                0x00000000                PROVIDE (USB_HP_CAN1_TX_IRQHandler, 0x0)
                0x00000000                PROVIDE (USB_LP_CAN_RX0_IRQHandler, 0x0)
                0x00000000                PROVIDE (USB_LP_CAN1_RX0_IRQHandler, 0x0)
                0x00000000                PROVIDE (CAN_RX1_IRQHandler, 0x0)
                0x00000000                PROVIDE (CAN1_RX1_IRQHandler, 0x0)
                0x00000000                PROVIDE (CAN_SCE_IRQHandler, 0x0)
                0x00000000                PROVIDE (CAN1_SCE_IRQHandler, 0x0)
                0x00000000                PROVIDE (EXTI9_5_IRQHandler, 0x0)
                0x00000000                PROVIDE (TIM1_BRK_IRQHandler, 0x0)
                0x00000000                PROVIDE (TIM1_UP_IRQHandler, 0x0)
                0x00000000                PROVIDE (TIM1_TRG_COM_IRQHandler, 0x0)
                0x00000000                PROVIDE (TIM1_CC_IRQHandler, 0x0)
                0x00000000                PROVIDE (TIM2_IRQHandler, 0x0)
                0x00000000                PROVIDE (TIM3_IRQHandler, 0x0)
                0x00000000                PROVIDE (TIM4_IRQHandler, 0x0)
                0x00000000                PROVIDE (I2C1_EV_IRQHandler, 0x0)
                0x00000000                PROVIDE (I2C1_ER_IRQHandler, 0x0)
                0x00000000                PROVIDE (I2C2_EV_IRQHandler, 0x0)
                0x00000000                PROVIDE (I2C2_ER_IRQHandler, 0x0)
                0x00000000                PROVIDE (SPI1_IRQHandler, 0x0)
                0x00000000                PROVIDE (SPI2_IRQHandler, 0x0)
                0x00000000                PROVIDE (USART1_IRQHandler, 0x0)
                0x00000000                PROVIDE (USART2_IRQHandler, 0x0)
                0x00000000                PROVIDE (USART3_IRQHandler, 0x0)
                0x00000000                PROVIDE (EXTI15_10_IRQHandler, 0x0)
                0x00000000                PROVIDE (RTCAlarm_IRQHandler, 0x0)
                0x00000000                PROVIDE (USBWakeUp_IRQHandler, 0x0)
                0x00000000                PROVIDE (TIM8_BRK_IRQHandler, 0x0)
                0x00000000                PROVIDE (TIM8_UP_IRQHandler, 0x0)
                0x00000000                PROVIDE (TIM8_TRG_COM_IRQHandler, 0x0)
                0x00000000                PROVIDE (TIM8_CC_IRQHandler, 0x0)
                0x00000000                PROVIDE (ADC3_IRQHandler, 0x0)
                0x00000000                PROVIDE (FSMC_IRQHandler, 0x0)
                0x00000000                PROVIDE (SDIO_IRQHandler, 0x0)
                0x00000000                PROVIDE (TIM5_IRQHandler, 0x0)
                0x00000000                PROVIDE (SPI3_IRQHandler, 0x0)
                0x00000000                PROVIDE (UART4_IRQHandler, 0x0)
                0x00000000                PROVIDE (UART5_IRQHandler, 0x0)
                0x00000000                PROVIDE (TIM6_IRQHandler, 0x0)
                0x00000000                PROVIDE (TIM7_IRQHandler, 0x0)
                0x00000000                PROVIDE (DMA2_Channel1_IRQHandler, 0x0)
                0x00000000                PROVIDE (DMA2_Channel2_IRQHandler, 0x0)
                0x00000000                PROVIDE (DMA2_Channel3_IRQHandler, 0x0)
                0x00000000                PROVIDE (DMA2_Channel4_5_IRQHandler, 0x0)
                0x42000000                PERIPH_BB_BASE = 0x42000000
                0x22000000                SRAM_BB_BASE = 0x22000000
                0x20000000                SRAM_BASE = 0x20000000
                0x40000000                PERIPH_BASE = 0x40000000
                0x40022000                PROVIDE (FLASH_BASE, 0x40022000)
                0x1ffff800                PROVIDE (OB_BASE, 0x1ffff800)
                0x40000000                APB1PERIPH_BASE = PERIPH_BASE
                0x40010000                APB2PERIPH_BASE = (PERIPH_BASE + 0x10000)
                0x40020000                AHBPERIPH_BASE = (PERIPH_BASE + 0x20000)
                0x40000000                PROVIDE (TIM2, (APB1PERIPH_BASE + 0x0))
                0x40000400                PROVIDE (TIM3, (APB1PERIPH_BASE + 0x400))
                0x40000800                PROVIDE (TIM4, (APB1PERIPH_BASE + 0x800))
                0x40002800                PROVIDE (RTC, (APB1PERIPH_BASE + 0x2800))
                0x40002c00                PROVIDE (WWDG, (APB1PERIPH_BASE + 0x2c00))
                0x40003000                PROVIDE (IWDG, (APB1PERIPH_BASE + 0x3000))
                0x40003800                PROVIDE (SPI2, (APB1PERIPH_BASE + 0x3800))
                0x40004400                PROVIDE (USART2, (APB1PERIPH_BASE + 0x4400))
                0x40004800                PROVIDE (USART3, (APB1PERIPH_BASE + 0x4800))
                0x40005400                PROVIDE (I2C1, (APB1PERIPH_BASE + 0x5400))
                0x40005800                PROVIDE (I2C2, (APB1PERIPH_BASE + 0x5800))
                0x40006400                PROVIDE (CAN, (APB1PERIPH_BASE + 0x6400))
                0x40006c00                PROVIDE (BKP, (APB1PERIPH_BASE + 0x6c00))
                0x40007000                PROVIDE (PWR, (APB1PERIPH_BASE + 0x7000))
                0x40010000                PROVIDE (AFIO, (APB2PERIPH_BASE + 0x0))
                0x40010400                PROVIDE (EXTI, (APB2PERIPH_BASE + 0x400))
                0x40010800                PROVIDE (GPIOA, (APB2PERIPH_BASE + 0x800))
                0x40010c00                PROVIDE (GPIOB, (APB2PERIPH_BASE + 0xc00))
                0x40011000                PROVIDE (GPIOC, (APB2PERIPH_BASE + 0x1000))
                0x40011400                PROVIDE (GPIOD, (APB2PERIPH_BASE + 0x1400))
                0x40011800                PROVIDE (GPIOE, (APB2PERIPH_BASE + 0x1800))
                0x40012400                PROVIDE (ADC1, (APB2PERIPH_BASE + 0x2400))
                0x40012800                PROVIDE (ADC2, (APB2PERIPH_BASE + 0x2800))
                0x40012c00                PROVIDE (TIM1, (APB2PERIPH_BASE + 0x2c00))
                0x40013000                PROVIDE (SPI1, (APB2PERIPH_BASE + 0x3000))
                0x40013800                PROVIDE (USART1, (APB2PERIPH_BASE + 0x3800))
                0x40020000                PROVIDE (DMA, (AHBPERIPH_BASE + 0x0))
                0x40020008                PROVIDE (DMA_Channel1, (AHBPERIPH_BASE + 0x8))
                0x4002001c                PROVIDE (DMA_Channel2, (AHBPERIPH_BASE + 0x1c))
                0x40020030                PROVIDE (DMA_Channel3, (AHBPERIPH_BASE + 0x30))
                0x40020044                PROVIDE (DMA_Channel4, (AHBPERIPH_BASE + 0x44))
                0x40020058                PROVIDE (DMA_Channel5, (AHBPERIPH_BASE + 0x58))
                0x4002006c                PROVIDE (DMA_Channel6, (AHBPERIPH_BASE + 0x6c))
                0x40020080                PROVIDE (DMA_Channel7, (AHBPERIPH_BASE + 0x80))
                0x40021000                PROVIDE (RCC, (AHBPERIPH_BASE + 0x1000))
                0xe000e000                SCS_BASE = 0xe000e000
                0xe000e010                PROVIDE (SysTick, (SCS_BASE + 0x10))
                0xe000e100                PROVIDE (NVIC, (SCS_BASE + 0x100))
                0xe000ed00                PROVIDE (SCB, (SCS_BASE + 0xd00))
                0x20005000                PROVIDE (_estack, (ORIGIN (RAM) + 0x5000))

.isr_vector     0x08000000      0x10c
                0x08000000                . = ALIGN (0x4)
 *(.isr_vector)
 .isr_vector    0x08000000      0x10c lib/CMSIS_CM3/startup/gcc/startup_stm32f10x_md.o
                0x08000000                g_pfnVectors
                0x0800010c                . = ALIGN (0x4)

.flash_start    0x00000000        0x0
                0x00000000                . = ALIGN (0x4)
 *(.flash_start)
 *(.flash_start.*)
                0x00000000                . = ALIGN (0x4)

.crp_patch      0x00000000        0x0
                0x00000000                . = ALIGN (0x4)
 *(.crp_patch)
                0x00000000                . = ALIGN (0x4)

.flashtext      0x0800010c        0x0
                0x0800010c                . = ALIGN (0x4)
 *(.flashtext)
                0x0800010c                . = ALIGN (0x4)

.text           0x08000110     0x883c
                0x08000110                . = ALIGN (0x4)
 *(.text)
 .text          0x08000110      0x370 /home/laurence/ARM-GCC/bin/../lib/gcc/arm-none-eabi/4.7.4/armv7-m/libgcc.a(_arm_addsubdf3.o)
                0x08000110                __aeabi_drsub
                0x08000118                __aeabi_dsub
                0x08000118                __subdf3
                0x0800011c                __adddf3
                0x0800011c                __aeabi_dadd
                0x08000394                __aeabi_ui2d
                0x08000394                __floatunsidf
                0x080003b4                __floatsidf
                0x080003b4                __aeabi_i2d
                0x080003d8                __extendsfdf2
                0x080003d8                __aeabi_f2d
                0x08000414                __aeabi_ul2d
                0x08000414                __floatundidf
                0x08000424                __floatdidf
                0x08000424                __aeabi_l2d
 .text          0x08000480      0x424 /home/laurence/ARM-GCC/bin/../lib/gcc/arm-none-eabi/4.7.4/armv7-m/libgcc.a(_arm_muldivdf3.o)
                0x08000480                __aeabi_dmul
                0x08000480                __muldf3
                0x080006d4                __aeabi_ddiv
                0x080006d4                __divdf3
 .text          0x080008a4      0x110 /home/laurence/ARM-GCC/bin/../lib/gcc/arm-none-eabi/4.7.4/armv7-m/libgcc.a(_arm_cmpdf2.o)
                0x080008a4                __gtdf2
                0x080008a4                __gedf2
                0x080008ac                __ltdf2
                0x080008ac                __ledf2
                0x080008b4                __cmpdf2
                0x080008b4                __eqdf2
                0x080008b4                __nedf2
                0x08000930                __aeabi_cdrcmple
                0x08000940                __aeabi_cdcmple
                0x08000940                __aeabi_cdcmpeq
                0x08000950                __aeabi_dcmpeq
                0x08000964                __aeabi_dcmplt
                0x08000978                __aeabi_dcmple
                0x0800098c                __aeabi_dcmpge
                0x080009a0                __aeabi_dcmpgt
 .text          0x080009b4       0xa0 /home/laurence/ARM-GCC/bin/../lib/gcc/arm-none-eabi/4.7.4/armv7-m/libgcc.a(_arm_truncdfsf2.o)
                0x080009b4                __aeabi_d2f
                0x080009b4                __truncdfsf2
 .text          0x08000a54      0x21c /home/laurence/ARM-GCC/bin/../lib/gcc/arm-none-eabi/4.7.4/armv7-m/libgcc.a(_arm_addsubsf3.o)
                0x08000a54                __aeabi_frsub
                0x08000a5c                __subsf3
                0x08000a5c                __aeabi_fsub
                0x08000a60                __aeabi_fadd
                0x08000a60                __addsf3
                0x08000bc0                __aeabi_ui2f
                0x08000bc0                __floatunsisf
                0x08000bc8                __aeabi_i2f
                0x08000bc8                __floatsisf
                0x08000be4                __floatundisf
                0x08000be4                __aeabi_ul2f
                0x08000bf4                __floatdisf
                0x08000bf4                __aeabi_l2f
 .text          0x08000c70      0x2a0 /home/laurence/ARM-GCC/bin/../lib/gcc/arm-none-eabi/4.7.4/armv7-m/libgcc.a(_arm_muldivsf3.o)
                0x08000c70                __mulsf3
                0x08000c70                __aeabi_fmul
                0x08000dd8                __divsf3
                0x08000dd8                __aeabi_fdiv
 .text          0x08000f10       0xec /home/laurence/ARM-GCC/bin/../lib/gcc/arm-none-eabi/4.7.4/armv7-m/libgcc.a(_arm_cmpsf2.o)
                0x08000f10                __gtsf2
                0x08000f10                __gesf2
                0x08000f18                __lesf2
                0x08000f18                __ltsf2
                0x08000f20                __nesf2
                0x08000f20                __eqsf2
                0x08000f20                __cmpsf2
                0x08000f80                __aeabi_cfrcmple
                0x08000f88                __aeabi_cfcmple
                0x08000f88                __aeabi_cfcmpeq
                0x08000f98                __aeabi_fcmpeq
                0x08000fac                __aeabi_fcmplt
                0x08000fc0                __aeabi_fcmple
                0x08000fd4                __aeabi_fcmpge
                0x08000fe8                __aeabi_fcmpgt
 .text          0x08000ffc       0x40 /home/laurence/ARM-GCC/bin/../lib/gcc/arm-none-eabi/4.7.4/armv7-m/libgcc.a(_arm_fixunssfsi.o)
                0x08000ffc                __aeabi_f2uiz
                0x08000ffc                __fixunssfsi
 *(.text.*)
 .text.atoiRamRom.4187
                0x0800103c       0x20 /tmp/ccHPzwXt.ltrans0.ltrans.o
 .text.rprintfChar.4190
                0x0800105c       0x1c /tmp/ccHPzwXt.ltrans0.ltrans.o
 .text.Resume_Init.4296
                0x08001078       0x30 /tmp/ccHPzwXt.ltrans0.ltrans.o
 .text.Resume.4291
                0x080010a8       0x88 /tmp/ccHPzwXt.ltrans0.ltrans.o
 .text.Get_Max_Lun
                0x08001130       0x18 /tmp/ccHPzwXt.ltrans0.ltrans.o
                0x08001130                Get_Max_Lun
 .text.MASS_Get_Interface_Setting
                0x08001148        0xc /tmp/ccHPzwXt.ltrans0.ltrans.o
                0x08001148                MASS_Get_Interface_Setting
 .text.MASS_Status_Out
                0x08001154        0x2 /tmp/ccHPzwXt.ltrans0.ltrans.o
                0x08001154                MASS_Status_Out
 .text.MASS_Status_In
                0x08001156        0x2 /tmp/ccHPzwXt.ltrans0.ltrans.o
                0x08001156                MASS_Status_In
 .text.Mass_Storage_SetDeviceAddress
                0x08001158        0xc /tmp/ccHPzwXt.ltrans0.ltrans.o
                0x08001158                Mass_Storage_SetDeviceAddress
 .text.IntToUnicode.4361.4341
                0x08001164       0x2a /tmp/ccHPzwXt.ltrans0.ltrans.o
 *fill*         0x0800118e        0x2 00
 .text.MASS_init
                0x08001190       0x70 /tmp/ccHPzwXt.ltrans0.ltrans.o
                0x08001190                MASS_init
 .text.__usart_send_char
                0x08001200       0x1c /tmp/ccHPzwXt.ltrans0.ltrans.o
                0x08001200                __usart_send_char
 .text.__str_print_char
                0x0800121c       0x2c /tmp/ccHPzwXt.ltrans0.ltrans.o
                0x0800121c                __str_print_char
 .text.stm32_dma_transfer.5573.4170
                0x08001248       0xc8 /tmp/ccHPzwXt.ltrans0.ltrans.o
 .text.MASS_Reset
                0x08001310       0xe0 /tmp/ccHPzwXt.ltrans0.ltrans.o
                0x08001310                MASS_Reset
 .text.Mass_Storage_SetConfiguration
                0x080013f0       0x30 /tmp/ccHPzwXt.ltrans0.ltrans.o
                0x080013f0                Mass_Storage_SetConfiguration
 .text.MASS_NoData_Setup
                0x08001420       0x4c /tmp/ccHPzwXt.ltrans0.ltrans.o
                0x08001420                MASS_NoData_Setup
 .text.MASS_GetDeviceDescriptor
                0x0800146c        0xc /tmp/ccHPzwXt.ltrans0.ltrans.o
                0x0800146c                MASS_GetDeviceDescriptor
 .text.MASS_GetConfigDescriptor
                0x08001478        0xc /tmp/ccHPzwXt.ltrans0.ltrans.o
                0x08001478                MASS_GetConfigDescriptor
 .text.MASS_GetStringDescriptor
                0x08001484       0x20 /tmp/ccHPzwXt.ltrans0.ltrans.o
                0x08001484                MASS_GetStringDescriptor
 .text.si446x_spi_state_machine.constprop.22
                0x080014a4      0x1f0 /tmp/ccHPzwXt.ltrans0.ltrans.o
                0x080014a4                si446x_spi_state_machine.constprop.22
 .text.Pop_From_Buffer.constprop.21
                0x08001694       0x24 /tmp/ccHPzwXt.ltrans0.ltrans.o
                0x08001694                Pop_From_Buffer.constprop.21
 .text.ReadADC1_noblock.constprop.2
                0x080016b8       0x20 /tmp/ccHPzwXt.ltrans0.ltrans.o
                0x080016b8                ReadADC1_noblock.constprop.2
 .text.unlikely.Usart_Send_Str
                0x080016d8       0x16 /tmp/ccHPzwXt.ltrans0.ltrans.o
                0x080016d8                Usart_Send_Str
 *fill*         0x080016ee        0x2 00
 .text.power_on.5560
                0x080016f0       0xf0 /tmp/ccHPzwXt.ltrans0.ltrans.o
                0x080016f0                power_on.5560
 .text.shutdown
                0x080017e0       0x10 /tmp/ccHPzwXt.ltrans0.ltrans.o
                0x080017e0                shutdown
 .text.I2C1_Request_Job
                0x080017f0       0x58 /tmp/ccHPzwXt.ltrans0.ltrans.o
                0x080017f0                I2C1_Request_Job
 .text.rprintf2RamRom
                0x08001848      0x404 /tmp/ccHPzwXt.ltrans0.ltrans.o
                0x08001848                rprintf2RamRom
 .text.stm32_spi_rw.5562
                0x08001c4c       0x24 /tmp/ccHPzwXt.ltrans0.ltrans.o
                0x08001c4c                stm32_spi_rw.5562
 .text.rcvr_spi.5565
                0x08001c70        0x6 /tmp/ccHPzwXt.ltrans0.ltrans.o
                0x08001c70                rcvr_spi.5565
 *fill*         0x08001c76        0x2 00
 .text.release_spi
                0x08001c78       0x18 /tmp/ccHPzwXt.ltrans0.ltrans.o
                0x08001c78                release_spi
 .text.rcvr_datablock
                0x08001c90       0x54 /tmp/ccHPzwXt.ltrans0.ltrans.o
                0x08001c90                rcvr_datablock
 .text.xmit_datablock.part.1.5578
                0x08001ce4       0x2c /tmp/ccHPzwXt.ltrans0.ltrans.o
                0x08001ce4                xmit_datablock.part.1.5578
 .text.wait_ready.5567
                0x08001d10       0x28 /tmp/ccHPzwXt.ltrans0.ltrans.o
                0x08001d10                wait_ready.5567
 .text.send_cmd.5569
                0x08001d38       0x90 /tmp/ccHPzwXt.ltrans0.ltrans.o
                0x08001d38                send_cmd.5569
 .text.disk_read
                0x08001dc8       0xa0 /tmp/ccHPzwXt.ltrans0.ltrans.o
                0x08001dc8                disk_read
 .text.Read_Memory
                0x08001e68      0x154 /tmp/ccHPzwXt.ltrans0.ltrans.o
                0x08001e68                Read_Memory
 .text.unlikely.check_fs.5222
                0x08001fbc       0x88 /tmp/ccHPzwXt.ltrans0.ltrans.o
                0x08001fbc                check_fs.5222
 .text.disk_timerproc
                0x08002044       0x48 /tmp/ccHPzwXt.ltrans0.ltrans.o
                0x08002044                disk_timerproc
 .text.validate.5215
                0x0800208c       0x2c /tmp/ccHPzwXt.ltrans0.ltrans.o
                0x0800208c                validate.5215
 .text.counter_to_struct.5476
                0x080020b8       0xa8 /tmp/ccHPzwXt.ltrans0.ltrans.o
                0x080020b8                counter_to_struct.5476
 .text.isDST.5458
                0x08002160       0x2a /tmp/ccHPzwXt.ltrans0.ltrans.o
                0x08002160                isDST.5458
 *fill*         0x0800218a        0x2 00
 .text.rtc_gettime
                0x0800218c       0x74 /tmp/ccHPzwXt.ltrans0.ltrans.o
                0x0800218c                rtc_gettime
 .text.unlikely.get_fattime
                0x08002200       0x40 /tmp/ccHPzwXt.ltrans0.ltrans.o
                0x08002200                get_fattime
 .text.clust2sect
                0x08002240       0x18 /tmp/ccHPzwXt.ltrans0.ltrans.o
                0x08002240                clust2sect
 .text.mem_cpy.5146
                0x08002258       0x12 /tmp/ccHPzwXt.ltrans0.ltrans.o
                0x08002258                mem_cpy.5146
 *fill*         0x0800226a        0x2 00
 .text.unlikely.ff_convert.part.0.5079
                0x0800226c       0x24 /tmp/ccHPzwXt.ltrans0.ltrans.o
                0x0800226c                ff_convert.part.0.5079
 .text.Delay    0x08002290       0x18 /tmp/ccHPzwXt.ltrans0.ltrans.o
                0x08002290                Delay
 .text.I2C_Config
                0x080022a8      0x138 /tmp/ccHPzwXt.ltrans0.ltrans.o
                0x080022a8                I2C_Config
 .text.Add_To_Buffer
                0x080023e0       0x48 /tmp/ccHPzwXt.ltrans0.ltrans.o
                0x080023e0                Add_To_Buffer
 .text.Bot_Abort.part.2.4578
                0x08002428       0x18 /tmp/ccHPzwXt.ltrans0.ltrans.o
                0x08002428                Bot_Abort.part.2.4578
 .text.USB_Istr
                0x08002440      0x11c /tmp/ccHPzwXt.ltrans0.ltrans.o
                0x08002440                USB_Istr
 .text.Set_CSW  0x0800255c       0x3c /tmp/ccHPzwXt.ltrans0.ltrans.o
                0x0800255c                Set_CSW
 .text.Transfer_Data_Request
                0x08002598       0x34 /tmp/ccHPzwXt.ltrans0.ltrans.o
                0x08002598                Transfer_Data_Request
 .text.disk_write
                0x080025cc       0xcc /tmp/ccHPzwXt.ltrans1.ltrans.o
                0x080025cc                disk_write
 .text.SCSI_Write10_Cmd
                0x08002698      0x144 /tmp/ccHPzwXt.ltrans1.ltrans.o
                0x08002698                SCSI_Write10_Cmd
 .text.move_window.5205
                0x080027dc       0x76 /tmp/ccHPzwXt.ltrans1.ltrans.o
                0x080027dc                move_window.5205
 .text.put_fat  0x08002852       0xf2 /tmp/ccHPzwXt.ltrans1.ltrans.o
                0x08002852                put_fat
 .text.get_fat  0x08002944       0xc8 /tmp/ccHPzwXt.ltrans1.ltrans.o
                0x08002944                get_fat
 .text.create_chain.5284.4129
                0x08002a0c       0x9a /tmp/ccHPzwXt.ltrans1.ltrans.o
 .text.unlikely.dir_next.5288
                0x08002aa6       0xfa /tmp/ccHPzwXt.ltrans1.ltrans.o
                0x08002aa6                dir_next.5288
 .text.f_write.constprop.9
                0x08002ba0      0x154 /tmp/ccHPzwXt.ltrans1.ltrans.o
                0x08002ba0                f_write.constprop.9
 .text.__fat_print_char
                0x08002cf4       0x18 /tmp/ccHPzwXt.ltrans1.ltrans.o
                0x08002cf4                __fat_print_char
 .text.unlikely.f_lseek.constprop.6
                0x08002d0c      0x180 /tmp/ccHPzwXt.ltrans1.ltrans.o
                0x08002d0c                f_lseek.constprop.6
 .text.unlikely.dir_sdi.5252
                0x08002e8c       0x84 /tmp/ccHPzwXt.ltrans1.ltrans.o
                0x08002e8c                dir_sdi.5252
 .text.SCSI_Invalid_Cmd
                0x08002f10       0x3c /tmp/ccHPzwXt.ltrans1.ltrans.o
                0x08002f10                SCSI_Invalid_Cmd
 *fill*         0x08002f4c        0x4 00
 .text.startup.main
                0x08002f50      0xbb0 /tmp/ccHPzwXt.ltrans2.ltrans.o
                0x08002f50                main
 .text.USB_LP_CAN1_RX0_IRQHandler
                0x08003b00        0x4 /tmp/ccHPzwXt.ltrans2.ltrans.o
                0x08003b00                USB_LP_CAN1_RX0_IRQHandler
 .text.MASS_Data_Setup.4089
                0x08003b04       0x38 /tmp/ccHPzwXt.ltrans3.ltrans.o
 .text.Mass_Storage_ClearFeature.4115
                0x08003b3c       0x18 /tmp/ccHPzwXt.ltrans3.ltrans.o
 .text.si446x_state_machine
                0x08003b54      0x1ac /tmp/ccHPzwXt.ltrans3.ltrans.o
                0x08003b54                si446x_state_machine
 .text.SCSI_Address_Management
                0x08003d00       0x74 /tmp/ccHPzwXt.ltrans3.ltrans.o
                0x08003d00                SCSI_Address_Management
 .text.SCSI_Read10_Cmd
                0x08003d74       0x6c /tmp/ccHPzwXt.ltrans3.ltrans.o
                0x08003d74                SCSI_Read10_Cmd
 .text.EP1_IN_Callback.4009
                0x08003de0       0x5c /tmp/ccHPzwXt.ltrans3.ltrans.o
 .text.unlikely.disk_initialize
                0x08003e3c      0x148 /tmp/ccHPzwXt.ltrans3.ltrans.o
                0x08003e3c                disk_initialize
 .text.unlikely.chk_mounted.5226
                0x08003f84      0x314 /tmp/ccHPzwXt.ltrans3.ltrans.o
                0x08003f84                chk_mounted.5226
 .text.MAL_GetStatus
                0x08004298       0xc4 /tmp/ccHPzwXt.ltrans3.ltrans.o
                0x08004298                MAL_GetStatus
 .text.EP2_OUT_Callback.4097
                0x0800435c      0x310 /tmp/ccHPzwXt.ltrans4.ltrans.o
 .text.unlikely.dir_find.part.4.5292
                0x0800466c      0x180 /tmp/ccHPzwXt.ltrans4.ltrans.o
                0x0800466c                dir_find.part.4.5292
 .text.unlikely.follow_path.5298
                0x080047ec      0x294 /tmp/ccHPzwXt.ltrans4.ltrans.o
                0x080047ec                follow_path.5298
 .text.unlikely.f_close.constprop.7
                0x08004a80      0x194 /tmp/ccHPzwXt.ltrans5.ltrans.o
                0x08004a80                f_close.constprop.7
 .text.unlikely.f_open.constprop.11
                0x08004c14      0x404 /tmp/ccHPzwXt.ltrans5.ltrans.o
                0x08004c14                f_open.constprop.11
 .text.unlikely.f_stat.constprop.5
                0x08005018      0x13c /tmp/ccHPzwXt.ltrans5.ltrans.o
                0x08005018                f_stat.constprop.5
 .text.USB_HP_CAN1_TX_IRQHandler
                0x08005154        0x4 /tmp/ccHPzwXt.ltrans6.ltrans.o
                0x08005154                USB_HP_CAN1_TX_IRQHandler
 .text.SysTick_Handler
                0x08005158      0x4e0 /tmp/ccHPzwXt.ltrans6.ltrans.o
                0x08005158                SysTick_Handler
 .text.ADC1_2_IRQHandler
                0x08005638       0x6c /tmp/ccHPzwXt.ltrans6.ltrans.o
                0x08005638                ADC1_2_IRQHandler
 .text.I2C1_ER_IRQHandler
                0x080056a4       0xf4 /tmp/ccHPzwXt.ltrans6.ltrans.o
                0x080056a4                I2C1_ER_IRQHandler
 .text.I2C1_EV_IRQHandler
                0x08005798      0x4d8 /tmp/ccHPzwXt.ltrans6.ltrans.o
                0x08005798                I2C1_EV_IRQHandler
 .text.EXTI15_10_IRQHandler
                0x08005c70       0x34 /tmp/ccHPzwXt.ltrans6.ltrans.o
                0x08005c70                EXTI15_10_IRQHandler
 .text.DMA1_Channel4_IRQHandler
                0x08005ca4       0x30 /tmp/ccHPzwXt.ltrans6.ltrans.o
                0x08005ca4                DMA1_Channel4_IRQHandler
 .text.DMA1_Channel5_IRQHandler
                0x08005cd4       0x30 /tmp/ccHPzwXt.ltrans6.ltrans.o
                0x08005cd4                DMA1_Channel5_IRQHandler
 .text.EXTI0_IRQHandler
                0x08005d04       0x34 /tmp/ccHPzwXt.ltrans6.ltrans.o
                0x08005d04                EXTI0_IRQHandler
 .text.USART3_IRQHandler
                0x08005d38       0x74 /tmp/ccHPzwXt.ltrans6.ltrans.o
                0x08005d38                USART3_IRQHandler
 .text.USART1_IRQHandler
                0x08005dac       0x34 /tmp/ccHPzwXt.ltrans7.ltrans.o
                0x08005dac                USART1_IRQHandler
 .text.malloc   0x08005de0       0x10 /home/laurence/ARM-GCC/bin/../lib/gcc/arm-none-eabi/4.7.4/../../../../arm-none-eabi/lib/armv7-m/libc.a(lib_a-malloc.o)
                0x08005de0                malloc
 .text._malloc_r
                0x08005df0      0x530 /home/laurence/ARM-GCC/bin/../lib/gcc/arm-none-eabi/4.7.4/../../../../arm-none-eabi/lib/armv7-m/libc.a(lib_a-mallocr.o)
                0x08005df0                _malloc_r
 .text.__malloc_lock
                0x08006320        0x4 /home/laurence/ARM-GCC/bin/../lib/gcc/arm-none-eabi/4.7.4/../../../../arm-none-eabi/lib/armv7-m/libc.a(lib_a-mlock.o)
                0x08006320                __malloc_lock
 .text.__malloc_unlock
                0x08006324        0x4 /home/laurence/ARM-GCC/bin/../lib/gcc/arm-none-eabi/4.7.4/../../../../arm-none-eabi/lib/armv7-m/libc.a(lib_a-mlock.o)
                0x08006324                __malloc_unlock
 .text._sbrk_r  0x08006328       0x24 /home/laurence/ARM-GCC/bin/../lib/gcc/arm-none-eabi/4.7.4/../../../../arm-none-eabi/lib/armv7-m/libc.a(lib_a-sbrkr.o)
                0x08006328                _sbrk_r
 .text.strlen   0x0800634c       0x60 /home/laurence/ARM-GCC/bin/../lib/gcc/arm-none-eabi/4.7.4/../../../../arm-none-eabi/lib/armv7-m/libc.a(lib_a-strlen.o)
                0x0800634c                strlen
 .text._malloc_trim_r
                0x080063ac       0x98 /home/laurence/ARM-GCC/bin/../lib/gcc/arm-none-eabi/4.7.4/../../../../arm-none-eabi/lib/armv7-m/libc.a(lib_a-freer.o)
                0x080063ac                _malloc_trim_r
 .text._free_r  0x08006444      0x194 /home/laurence/ARM-GCC/bin/../lib/gcc/arm-none-eabi/4.7.4/../../../../arm-none-eabi/lib/armv7-m/libc.a(lib_a-freer.o)
                0x08006444                _free_r
 .text.Reset_Handler
                0x080065d8       0x48 lib/CMSIS_CM3/startup/gcc/startup_stm32f10x_md.o
                0x080065d8                Reset_Handler
 .text.Default_Handler
                0x08006620        0x4 lib/CMSIS_CM3/startup/gcc/startup_stm32f10x_md.o
                0x08006620                EXTI2_IRQHandler
                0x08006620                DebugMon_Handler
                0x08006620                TIM1_CC_IRQHandler
                0x08006620                HardFault_Handler
                0x08006620                PVD_IRQHandler
                0x08006620                PendSV_Handler
                0x08006620                NMI_Handler
                0x08006620                EXTI3_IRQHandler
                0x08006620                I2C2_EV_IRQHandler
                0x08006620                UsageFault_Handler
                0x08006620                SPI1_IRQHandler
                0x08006620                TAMPER_IRQHandler
                0x08006620                RTC_IRQHandler
                0x08006620                DMA1_Channel7_IRQHandler
                0x08006620                CAN1_RX1_IRQHandler
                0x08006620                TIM4_IRQHandler
                0x08006620                DMA1_Channel6_IRQHandler
                0x08006620                TIM3_IRQHandler
                0x08006620                RCC_IRQHandler
                0x08006620                TIM1_TRG_COM_IRQHandler
                0x08006620                DMA1_Channel1_IRQHandler
                0x08006620                Default_Handler
                0x08006620                EXTI9_5_IRQHandler
                0x08006620                SPI2_IRQHandler
                0x08006620                MemManage_Handler
                0x08006620                SVC_Handler
                0x08006620                EXTI4_IRQHandler
                0x08006620                DMA1_Channel3_IRQHandler
                0x08006620                TIM1_UP_IRQHandler
                0x08006620                WWDG_IRQHandler
                0x08006620                TIM2_IRQHandler
                0x08006620                TIM1_BRK_IRQHandler
                0x08006620                EXTI1_IRQHandler
                0x08006620                RTCAlarm_IRQHandler
                0x08006620                USART2_IRQHandler
                0x08006620                I2C2_ER_IRQHandler
                0x08006620                DMA1_Channel2_IRQHandler
                0x08006620                CAN1_SCE_IRQHandler
                0x08006620                FLASH_IRQHandler
                0x08006620                BusFault_Handler
                0x08006620                USBWakeUp_IRQHandler
 .text.NVIC_PriorityGroupConfig
                0x08006624       0x14 lib/STM32F10x_StdPeriph_Driver/libstm32fw.a(misc.o)
                0x08006624                NVIC_PriorityGroupConfig
 .text.NVIC_Init
                0x08006638       0x68 lib/STM32F10x_StdPeriph_Driver/libstm32fw.a(misc.o)
                0x08006638                NVIC_Init
 .text.NVIC_SetVectorTable
                0x080066a0       0x14 lib/STM32F10x_StdPeriph_Driver/libstm32fw.a(misc.o)
                0x080066a0                NVIC_SetVectorTable
 .text.SysTick_CLKSourceConfig
                0x080066b4       0x18 lib/STM32F10x_StdPeriph_Driver/libstm32fw.a(misc.o)
                0x080066b4                SysTick_CLKSourceConfig
 .text.ADC_DeInit
                0x080066cc       0x5c lib/STM32F10x_StdPeriph_Driver/libstm32fw.a(stm32f10x_adc.o)
                0x080066cc                ADC_DeInit
 .text.ADC_Init
                0x08006728       0x48 lib/STM32F10x_StdPeriph_Driver/libstm32fw.a(stm32f10x_adc.o)
                0x08006728                ADC_Init
 .text.ADC_Cmd  0x08006770       0x12 lib/STM32F10x_StdPeriph_Driver/libstm32fw.a(stm32f10x_adc.o)
                0x08006770                ADC_Cmd
 .text.ADC_ResetCalibration
                0x08006782        0xa lib/STM32F10x_StdPeriph_Driver/libstm32fw.a(stm32f10x_adc.o)
                0x08006782                ADC_ResetCalibration
 .text.ADC_GetResetCalibrationStatus
                0x0800678c        0x8 lib/STM32F10x_StdPeriph_Driver/libstm32fw.a(stm32f10x_adc.o)
                0x0800678c                ADC_GetResetCalibrationStatus
 .text.ADC_StartCalibration
                0x08006794        0xa lib/STM32F10x_StdPeriph_Driver/libstm32fw.a(stm32f10x_adc.o)
                0x08006794                ADC_StartCalibration
 .text.ADC_GetCalibrationStatus
                0x0800679e        0x8 lib/STM32F10x_StdPeriph_Driver/libstm32fw.a(stm32f10x_adc.o)
                0x0800679e                ADC_GetCalibrationStatus
 .text.ADC_SoftwareStartConvCmd
                0x080067a6       0x12 lib/STM32F10x_StdPeriph_Driver/libstm32fw.a(stm32f10x_adc.o)
                0x080067a6                ADC_SoftwareStartConvCmd
 .text.ADC_RegularChannelConfig
                0x080067b8       0x9a lib/STM32F10x_StdPeriph_Driver/libstm32fw.a(stm32f10x_adc.o)
                0x080067b8                ADC_RegularChannelConfig
 .text.ADC_GetConversionValue
                0x08006852        0x6 lib/STM32F10x_StdPeriph_Driver/libstm32fw.a(stm32f10x_adc.o)
                0x08006852                ADC_GetConversionValue
 .text.ADC_ExternalTrigInjectedConvConfig
                0x08006858        0xc lib/STM32F10x_StdPeriph_Driver/libstm32fw.a(stm32f10x_adc.o)
                0x08006858                ADC_ExternalTrigInjectedConvConfig
 .text.ADC_SoftwareStartInjectedConvCmd
                0x08006864       0x12 lib/STM32F10x_StdPeriph_Driver/libstm32fw.a(stm32f10x_adc.o)
                0x08006864                ADC_SoftwareStartInjectedConvCmd
 .text.ADC_InjectedChannelConfig
                0x08006876       0x60 lib/STM32F10x_StdPeriph_Driver/libstm32fw.a(stm32f10x_adc.o)
                0x08006876                ADC_InjectedChannelConfig
 .text.ADC_InjectedSequencerLengthConfig
                0x080068d6       0x10 lib/STM32F10x_StdPeriph_Driver/libstm32fw.a(stm32f10x_adc.o)
                0x080068d6                ADC_InjectedSequencerLengthConfig
 .text.ADC_GetInjectedConversionValue
                0x080068e6       0x1a lib/STM32F10x_StdPeriph_Driver/libstm32fw.a(stm32f10x_adc.o)
                0x080068e6                ADC_GetInjectedConversionValue
 .text.ADC_GetFlagStatus
                0x08006900        0xc lib/STM32F10x_StdPeriph_Driver/libstm32fw.a(stm32f10x_adc.o)
                0x08006900                ADC_GetFlagStatus
 .text.ADC_ClearFlag
                0x0800690c        0x6 lib/STM32F10x_StdPeriph_Driver/libstm32fw.a(stm32f10x_adc.o)
                0x0800690c                ADC_ClearFlag
 .text.ADC_GetITStatus
                0x08006912       0x16 lib/STM32F10x_StdPeriph_Driver/libstm32fw.a(stm32f10x_adc.o)
                0x08006912                ADC_GetITStatus
 .text.ADC_ClearITPendingBit
                0x08006928        0x8 lib/STM32F10x_StdPeriph_Driver/libstm32fw.a(stm32f10x_adc.o)
                0x08006928                ADC_ClearITPendingBit
 .text.BKP_DeInit
                0x08006930       0x12 lib/STM32F10x_StdPeriph_Driver/libstm32fw.a(stm32f10x_bkp.o)
                0x08006930                BKP_DeInit
 *fill*         0x08006942        0x2 00
 .text.BKP_WriteBackupRegister
                0x08006944       0x1c lib/STM32F10x_StdPeriph_Driver/libstm32fw.a(stm32f10x_bkp.o)
                0x08006944                BKP_WriteBackupRegister
 .text.BKP_ReadBackupRegister
                0x08006960       0x20 lib/STM32F10x_StdPeriph_Driver/libstm32fw.a(stm32f10x_bkp.o)
                0x08006960                BKP_ReadBackupRegister
 .text.DBGMCU_Config
                0x08006980       0x18 lib/STM32F10x_StdPeriph_Driver/libstm32fw.a(stm32f10x_dbgmcu.o)
                0x08006980                DBGMCU_Config
 .text.DMA_DeInit
                0x08006998       0xec lib/STM32F10x_StdPeriph_Driver/libstm32fw.a(stm32f10x_dma.o)
                0x08006998                DMA_DeInit
 .text.DMA_Init
                0x08006a84       0x40 lib/STM32F10x_StdPeriph_Driver/libstm32fw.a(stm32f10x_dma.o)
                0x08006a84                DMA_Init
 .text.DMA_Cmd  0x08006ac4       0x12 lib/STM32F10x_StdPeriph_Driver/libstm32fw.a(stm32f10x_dma.o)
                0x08006ac4                DMA_Cmd
 .text.DMA_ITConfig
                0x08006ad6       0x10 lib/STM32F10x_StdPeriph_Driver/libstm32fw.a(stm32f10x_dma.o)
                0x08006ad6                DMA_ITConfig
 .text.DMA_GetCurrDataCounter
                0x08006ae6        0x6 lib/STM32F10x_StdPeriph_Driver/libstm32fw.a(stm32f10x_dma.o)
                0x08006ae6                DMA_GetCurrDataCounter
 .text.DMA_GetFlagStatus
                0x08006aec       0x1c lib/STM32F10x_StdPeriph_Driver/libstm32fw.a(stm32f10x_dma.o)
                0x08006aec                DMA_GetFlagStatus
 .text.DMA_ClearFlag
                0x08006b08       0x14 lib/STM32F10x_StdPeriph_Driver/libstm32fw.a(stm32f10x_dma.o)
                0x08006b08                DMA_ClearFlag
 .text.DMA_GetITStatus
                0x08006b1c       0x1c lib/STM32F10x_StdPeriph_Driver/libstm32fw.a(stm32f10x_dma.o)
                0x08006b1c                DMA_GetITStatus
 .text.DMA_ClearITPendingBit
                0x08006b38       0x14 lib/STM32F10x_StdPeriph_Driver/libstm32fw.a(stm32f10x_dma.o)
                0x08006b38                DMA_ClearITPendingBit
 .text.EXTI_GetITStatus
                0x08006b4c       0x20 lib/STM32F10x_StdPeriph_Driver/libstm32fw.a(stm32f10x_exti.o)
                0x08006b4c                EXTI_GetITStatus
 .text.EXTI_ClearITPendingBit
                0x08006b6c        0xc lib/STM32F10x_StdPeriph_Driver/libstm32fw.a(stm32f10x_exti.o)
                0x08006b6c                EXTI_ClearITPendingBit
 .text.GPIO_Init
                0x08006b78       0x9a lib/STM32F10x_StdPeriph_Driver/libstm32fw.a(stm32f10x_gpio.o)
                0x08006b78                GPIO_Init
 .text.GPIO_ReadInputDataBit
                0x08006c12        0xc lib/STM32F10x_StdPeriph_Driver/libstm32fw.a(stm32f10x_gpio.o)
                0x08006c12                GPIO_ReadInputDataBit
 .text.GPIO_SetBits
                0x08006c1e        0x4 lib/STM32F10x_StdPeriph_Driver/libstm32fw.a(stm32f10x_gpio.o)
                0x08006c1e                GPIO_SetBits
 .text.GPIO_ResetBits
                0x08006c22        0x4 lib/STM32F10x_StdPeriph_Driver/libstm32fw.a(stm32f10x_gpio.o)
                0x08006c22                GPIO_ResetBits
 .text.GPIO_WriteBit
                0x08006c26        0xa lib/STM32F10x_StdPeriph_Driver/libstm32fw.a(stm32f10x_gpio.o)
                0x08006c26                GPIO_WriteBit
 .text.I2C_DeInit
                0x08006c30       0x34 lib/STM32F10x_StdPeriph_Driver/libstm32fw.a(stm32f10x_i2c.o)
                0x08006c30                I2C_DeInit
 .text.I2C_Init
                0x08006c64       0xd4 lib/STM32F10x_StdPeriph_Driver/libstm32fw.a(stm32f10x_i2c.o)
                0x08006c64                I2C_Init
 .text.I2C_Cmd  0x08006d38       0x18 lib/STM32F10x_StdPeriph_Driver/libstm32fw.a(stm32f10x_i2c.o)
                0x08006d38                I2C_Cmd
 .text.I2C_GenerateSTART
                0x08006d50       0x18 lib/STM32F10x_StdPeriph_Driver/libstm32fw.a(stm32f10x_i2c.o)
                0x08006d50                I2C_GenerateSTART
 .text.I2C_GenerateSTOP
                0x08006d68       0x18 lib/STM32F10x_StdPeriph_Driver/libstm32fw.a(stm32f10x_i2c.o)
                0x08006d68                I2C_GenerateSTOP
 .text.I2C_AcknowledgeConfig
                0x08006d80       0x18 lib/STM32F10x_StdPeriph_Driver/libstm32fw.a(stm32f10x_i2c.o)
                0x08006d80                I2C_AcknowledgeConfig
 .text.I2C_ITConfig
                0x08006d98       0x12 lib/STM32F10x_StdPeriph_Driver/libstm32fw.a(stm32f10x_i2c.o)
                0x08006d98                I2C_ITConfig
 .text.I2C_SendData
                0x08006daa        0x4 lib/STM32F10x_StdPeriph_Driver/libstm32fw.a(stm32f10x_i2c.o)
                0x08006daa                I2C_SendData
 .text.I2C_ReceiveData
                0x08006dae        0x6 lib/STM32F10x_StdPeriph_Driver/libstm32fw.a(stm32f10x_i2c.o)
                0x08006dae                I2C_ReceiveData
 .text.I2C_Send7bitAddress
                0x08006db4       0x10 lib/STM32F10x_StdPeriph_Driver/libstm32fw.a(stm32f10x_i2c.o)
                0x08006db4                I2C_Send7bitAddress
 .text.I2C_SoftwareResetCmd
                0x08006dc4       0x18 lib/STM32F10x_StdPeriph_Driver/libstm32fw.a(stm32f10x_i2c.o)
                0x08006dc4                I2C_SoftwareResetCmd
 .text.IWDG_WriteAccessCmd
                0x08006ddc        0xc lib/STM32F10x_StdPeriph_Driver/libstm32fw.a(stm32f10x_iwdg.o)
                0x08006ddc                IWDG_WriteAccessCmd
 .text.IWDG_SetPrescaler
                0x08006de8        0xc lib/STM32F10x_StdPeriph_Driver/libstm32fw.a(stm32f10x_iwdg.o)
                0x08006de8                IWDG_SetPrescaler
 .text.IWDG_SetReload
                0x08006df4        0xc lib/STM32F10x_StdPeriph_Driver/libstm32fw.a(stm32f10x_iwdg.o)
                0x08006df4                IWDG_SetReload
 .text.IWDG_ReloadCounter
                0x08006e00       0x10 lib/STM32F10x_StdPeriph_Driver/libstm32fw.a(stm32f10x_iwdg.o)
                0x08006e00                IWDG_ReloadCounter
 .text.IWDG_Enable
                0x08006e10       0x10 lib/STM32F10x_StdPeriph_Driver/libstm32fw.a(stm32f10x_iwdg.o)
                0x08006e10                IWDG_Enable
 .text.PWR_DeInit
                0x08006e20       0x1a lib/STM32F10x_StdPeriph_Driver/libstm32fw.a(stm32f10x_pwr.o)
                0x08006e20                PWR_DeInit
 *fill*         0x08006e3a        0x2 00
 .text.PWR_BackupAccessCmd
                0x08006e3c        0xc lib/STM32F10x_StdPeriph_Driver/libstm32fw.a(stm32f10x_pwr.o)
                0x08006e3c                PWR_BackupAccessCmd
 .text.PWR_WakeUpPinCmd
                0x08006e48        0xc lib/STM32F10x_StdPeriph_Driver/libstm32fw.a(stm32f10x_pwr.o)
                0x08006e48                PWR_WakeUpPinCmd
 .text.PWR_EnterSTANDBYMode
                0x08006e54       0x28 lib/STM32F10x_StdPeriph_Driver/libstm32fw.a(stm32f10x_pwr.o)
                0x08006e54                PWR_EnterSTANDBYMode
 .text.RCC_HCLKConfig
                0x08006e7c       0x14 lib/STM32F10x_StdPeriph_Driver/libstm32fw.a(stm32f10x_rcc.o)
                0x08006e7c                RCC_HCLKConfig
 .text.RCC_USBCLKConfig
                0x08006e90        0xc lib/STM32F10x_StdPeriph_Driver/libstm32fw.a(stm32f10x_rcc.o)
                0x08006e90                RCC_USBCLKConfig
 .text.RCC_ADCCLKConfig
                0x08006e9c       0x14 lib/STM32F10x_StdPeriph_Driver/libstm32fw.a(stm32f10x_rcc.o)
                0x08006e9c                RCC_ADCCLKConfig
 .text.RCC_LSEConfig
                0x08006eb0       0x20 lib/STM32F10x_StdPeriph_Driver/libstm32fw.a(stm32f10x_rcc.o)
                0x08006eb0                RCC_LSEConfig
 .text.RCC_RTCCLKConfig
                0x08006ed0       0x10 lib/STM32F10x_StdPeriph_Driver/libstm32fw.a(stm32f10x_rcc.o)
                0x08006ed0                RCC_RTCCLKConfig
 .text.RCC_RTCCLKCmd
                0x08006ee0        0xc lib/STM32F10x_StdPeriph_Driver/libstm32fw.a(stm32f10x_rcc.o)
                0x08006ee0                RCC_RTCCLKCmd
 .text.RCC_GetClocksFreq
                0x08006eec       0x9c lib/STM32F10x_StdPeriph_Driver/libstm32fw.a(stm32f10x_rcc.o)
                0x08006eec                RCC_GetClocksFreq
 .text.RCC_AHBPeriphClockCmd
                0x08006f88       0x18 lib/STM32F10x_StdPeriph_Driver/libstm32fw.a(stm32f10x_rcc.o)
                0x08006f88                RCC_AHBPeriphClockCmd
 .text.RCC_APB2PeriphClockCmd
                0x08006fa0       0x18 lib/STM32F10x_StdPeriph_Driver/libstm32fw.a(stm32f10x_rcc.o)
                0x08006fa0                RCC_APB2PeriphClockCmd
 .text.RCC_APB1PeriphClockCmd
                0x08006fb8       0x18 lib/STM32F10x_StdPeriph_Driver/libstm32fw.a(stm32f10x_rcc.o)
                0x08006fb8                RCC_APB1PeriphClockCmd
 .text.RCC_APB2PeriphResetCmd
                0x08006fd0       0x18 lib/STM32F10x_StdPeriph_Driver/libstm32fw.a(stm32f10x_rcc.o)
                0x08006fd0                RCC_APB2PeriphResetCmd
 .text.RCC_APB1PeriphResetCmd
                0x08006fe8       0x18 lib/STM32F10x_StdPeriph_Driver/libstm32fw.a(stm32f10x_rcc.o)
                0x08006fe8                RCC_APB1PeriphResetCmd
 .text.RCC_BackupResetCmd
                0x08007000        0xc lib/STM32F10x_StdPeriph_Driver/libstm32fw.a(stm32f10x_rcc.o)
                0x08007000                RCC_BackupResetCmd
 .text.RCC_GetFlagStatus
                0x0800700c       0x28 lib/STM32F10x_StdPeriph_Driver/libstm32fw.a(stm32f10x_rcc.o)
                0x0800700c                RCC_GetFlagStatus
 .text.RTC_EnterConfigMode
                0x08007034       0x14 lib/STM32F10x_StdPeriph_Driver/libstm32fw.a(stm32f10x_rtc.o)
                0x08007034                RTC_EnterConfigMode
 .text.RTC_ExitConfigMode
                0x08007048       0x14 lib/STM32F10x_StdPeriph_Driver/libstm32fw.a(stm32f10x_rtc.o)
                0x08007048                RTC_ExitConfigMode
 .text.RTC_GetCounter
                0x0800705c       0x14 lib/STM32F10x_StdPeriph_Driver/libstm32fw.a(stm32f10x_rtc.o)
                0x0800705c                RTC_GetCounter
 .text.RTC_SetCounter
                0x08007070       0x20 lib/STM32F10x_StdPeriph_Driver/libstm32fw.a(stm32f10x_rtc.o)
                0x08007070                RTC_SetCounter
 .text.RTC_SetPrescaler
                0x08007090       0x20 lib/STM32F10x_StdPeriph_Driver/libstm32fw.a(stm32f10x_rtc.o)
                0x08007090                RTC_SetPrescaler
 .text.RTC_WaitForLastTask
                0x080070b0       0x14 lib/STM32F10x_StdPeriph_Driver/libstm32fw.a(stm32f10x_rtc.o)
                0x080070b0                RTC_WaitForLastTask
 .text.RTC_WaitForSynchro
                0x080070c4       0x24 lib/STM32F10x_StdPeriph_Driver/libstm32fw.a(stm32f10x_rtc.o)
                0x080070c4                RTC_WaitForSynchro
 .text.SPI_Init
                0x080070e8       0x3e lib/STM32F10x_StdPeriph_Driver/libstm32fw.a(stm32f10x_spi.o)
                0x080070e8                SPI_Init
 .text.SPI_Cmd  0x08007126       0x18 lib/STM32F10x_StdPeriph_Driver/libstm32fw.a(stm32f10x_spi.o)
                0x08007126                SPI_Cmd
 .text.SPI_I2S_DMACmd
                0x0800713e       0x12 lib/STM32F10x_StdPeriph_Driver/libstm32fw.a(stm32f10x_spi.o)
                0x0800713e                SPI_I2S_DMACmd
 .text.SPI_I2S_SendData
                0x08007150        0x4 lib/STM32F10x_StdPeriph_Driver/libstm32fw.a(stm32f10x_spi.o)
                0x08007150                SPI_I2S_SendData
 .text.SPI_I2S_ReceiveData
                0x08007154        0x6 lib/STM32F10x_StdPeriph_Driver/libstm32fw.a(stm32f10x_spi.o)
                0x08007154                SPI_I2S_ReceiveData
 .text.SPI_CalculateCRC
                0x0800715a       0x18 lib/STM32F10x_StdPeriph_Driver/libstm32fw.a(stm32f10x_spi.o)
                0x0800715a                SPI_CalculateCRC
 .text.SPI_I2S_GetFlagStatus
                0x08007172        0xc lib/STM32F10x_StdPeriph_Driver/libstm32fw.a(stm32f10x_spi.o)
                0x08007172                SPI_I2S_GetFlagStatus
 *fill*         0x0800717e        0x2 00
 .text.USART_Init
                0x08007180       0x88 lib/STM32F10x_StdPeriph_Driver/libstm32fw.a(stm32f10x_usart.o)
                0x08007180                USART_Init
 .text.USART_Cmd
                0x08007208       0x18 lib/STM32F10x_StdPeriph_Driver/libstm32fw.a(stm32f10x_usart.o)
                0x08007208                USART_Cmd
 .text.USART_ITConfig
                0x08007220       0x34 lib/STM32F10x_StdPeriph_Driver/libstm32fw.a(stm32f10x_usart.o)
                0x08007220                USART_ITConfig
 .text.USART_DMACmd
                0x08007254       0x12 lib/STM32F10x_StdPeriph_Driver/libstm32fw.a(stm32f10x_usart.o)
                0x08007254                USART_DMACmd
 .text.USART_SendData
                0x08007266        0x8 lib/STM32F10x_StdPeriph_Driver/libstm32fw.a(stm32f10x_usart.o)
                0x08007266                USART_SendData
 .text.USART_ReceiveData
                0x0800726e        0x8 lib/STM32F10x_StdPeriph_Driver/libstm32fw.a(stm32f10x_usart.o)
                0x0800726e                USART_ReceiveData
 .text.USART_GetFlagStatus
                0x08007276        0xc lib/STM32F10x_StdPeriph_Driver/libstm32fw.a(stm32f10x_usart.o)
                0x08007276                USART_GetFlagStatus
 .text.USART_GetITStatus
                0x08007282       0x40 lib/STM32F10x_StdPeriph_Driver/libstm32fw.a(stm32f10x_usart.o)
                0x08007282                USART_GetITStatus
 .text.USART_ClearITPendingBit
                0x080072c2       0x10 lib/STM32F10x_StdPeriph_Driver/libstm32fw.a(stm32f10x_usart.o)
                0x080072c2                USART_ClearITPendingBit
 *fill*         0x080072d2        0x2 00
 .text.Standard_GetConfiguration
                0x080072d4       0x24 lib/STM32_USB-FS-Device_Driver/libstm32usb.a(usb_core.o)
                0x080072d4                Standard_GetConfiguration
 .text.Standard_GetInterface
                0x080072f8       0x24 lib/STM32_USB-FS-Device_Driver/libstm32usb.a(usb_core.o)
                0x080072f8                Standard_GetInterface
 .text.Standard_GetStatus
                0x0800731c       0x9c lib/STM32_USB-FS-Device_Driver/libstm32usb.a(usb_core.o)
                0x0800731c                Standard_GetStatus
 .text.DataStageIn
                0x080073b8       0xa4 lib/STM32_USB-FS-Device_Driver/libstm32usb.a(usb_core.o)
 .text.Standard_SetConfiguration
                0x0800745c       0x38 lib/STM32_USB-FS-Device_Driver/libstm32usb.a(usb_core.o)
                0x0800745c                Standard_SetConfiguration
 .text.Standard_SetInterface
                0x08007494       0x48 lib/STM32_USB-FS-Device_Driver/libstm32usb.a(usb_core.o)
                0x08007494                Standard_SetInterface
 .text.Standard_ClearFeature
                0x080074dc       0xdc lib/STM32_USB-FS-Device_Driver/libstm32usb.a(usb_core.o)
                0x080074dc                Standard_ClearFeature
 .text.Standard_SetEndPointFeature
                0x080075b8       0x8c lib/STM32_USB-FS-Device_Driver/libstm32usb.a(usb_core.o)
                0x080075b8                Standard_SetEndPointFeature
 .text.Standard_SetDeviceFeature
                0x08007644       0x24 lib/STM32_USB-FS-Device_Driver/libstm32usb.a(usb_core.o)
                0x08007644                Standard_SetDeviceFeature
 .text.Standard_GetDescriptorData
                0x08007668       0x1c lib/STM32_USB-FS-Device_Driver/libstm32usb.a(usb_core.o)
                0x08007668                Standard_GetDescriptorData
 .text.Post0_Process
                0x08007684       0x40 lib/STM32_USB-FS-Device_Driver/libstm32usb.a(usb_core.o)
                0x08007684                Post0_Process
 .text.Out0_Process
                0x080076c4       0xd4 lib/STM32_USB-FS-Device_Driver/libstm32usb.a(usb_core.o)
                0x080076c4                Out0_Process
 .text.Setup0_Process
                0x08007798      0x2f8 lib/STM32_USB-FS-Device_Driver/libstm32usb.a(usb_core.o)
                0x08007798                Setup0_Process
 .text.SetDeviceAddress
                0x08007a90       0x40 lib/STM32_USB-FS-Device_Driver/libstm32usb.a(usb_core.o)
                0x08007a90                SetDeviceAddress
 .text.In0_Process
                0x08007ad0       0x60 lib/STM32_USB-FS-Device_Driver/libstm32usb.a(usb_core.o)
                0x08007ad0                In0_Process
 .text.NOP_Process
                0x08007b30        0x2 lib/STM32_USB-FS-Device_Driver/libstm32usb.a(usb_core.o)
                0x08007b30                NOP_Process
 *fill*         0x08007b32        0x2 00
 .text.USB_Init
                0x08007b34       0x38 lib/STM32_USB-FS-Device_Driver/libstm32usb.a(usb_init.o)
                0x08007b34                USB_Init
 .text.CTR_LP   0x08007b6c      0x190 lib/STM32_USB-FS-Device_Driver/libstm32usb.a(usb_int.o)
                0x08007b6c                CTR_LP
 .text.CTR_HP   0x08007cfc       0x74 lib/STM32_USB-FS-Device_Driver/libstm32usb.a(usb_int.o)
                0x08007cfc                CTR_HP
 .text.UserToPMABufferCopy
                0x08007d70       0x2e lib/STM32_USB-FS-Device_Driver/libstm32usb.a(usb_mem.o)
                0x08007d70                UserToPMABufferCopy
 .text.PMAToUserBufferCopy
                0x08007d9e       0x24 lib/STM32_USB-FS-Device_Driver/libstm32usb.a(usb_mem.o)
                0x08007d9e                PMAToUserBufferCopy
 *fill*         0x08007dc2        0x2 00
 .text.SetBTABLE
                0x08007dc4       0x10 lib/STM32_USB-FS-Device_Driver/libstm32usb.a(usb_regs.o)
                0x08007dc4                SetBTABLE
 .text.SetEPType
                0x08007dd4       0x18 lib/STM32_USB-FS-Device_Driver/libstm32usb.a(usb_regs.o)
                0x08007dd4                SetEPType
 .text.SetEPTxStatus
                0x08007dec       0x3a lib/STM32_USB-FS-Device_Driver/libstm32usb.a(usb_regs.o)
                0x08007dec                SetEPTxStatus
 .text.SetEPRxStatus
                0x08007e26       0x3a lib/STM32_USB-FS-Device_Driver/libstm32usb.a(usb_regs.o)
                0x08007e26                SetEPRxStatus
 .text.SetEPRxValid
                0x08007e60       0x22 lib/STM32_USB-FS-Device_Driver/libstm32usb.a(usb_regs.o)
                0x08007e60                SetEPRxValid
 .text.Clear_Status_Out
                0x08007e82       0x1e lib/STM32_USB-FS-Device_Driver/libstm32usb.a(usb_regs.o)
                0x08007e82                Clear_Status_Out
 .text.ClearDTOG_RX
                0x08007ea0       0x24 lib/STM32_USB-FS-Device_Driver/libstm32usb.a(usb_regs.o)
                0x08007ea0                ClearDTOG_RX
 .text.ClearDTOG_TX
                0x08007ec4       0x24 lib/STM32_USB-FS-Device_Driver/libstm32usb.a(usb_regs.o)
                0x08007ec4                ClearDTOG_TX
 .text.SetEPTxAddr
                0x08007ee8       0x20 lib/STM32_USB-FS-Device_Driver/libstm32usb.a(usb_regs.o)
                0x08007ee8                SetEPTxAddr
 .text.SetEPRxAddr
                0x08007f08       0x20 lib/STM32_USB-FS-Device_Driver/libstm32usb.a(usb_regs.o)
                0x08007f08                SetEPRxAddr
 .text.GetEPTxAddr
                0x08007f28       0x1c lib/STM32_USB-FS-Device_Driver/libstm32usb.a(usb_regs.o)
                0x08007f28                GetEPTxAddr
 .text.GetEPRxAddr
                0x08007f44       0x1c lib/STM32_USB-FS-Device_Driver/libstm32usb.a(usb_regs.o)
                0x08007f44                GetEPRxAddr
 .text.SetEPTxCount
                0x08007f60       0x1c lib/STM32_USB-FS-Device_Driver/libstm32usb.a(usb_regs.o)
                0x08007f60                SetEPTxCount
 .text.SetEPRxCount
                0x08007f7c       0x3c lib/STM32_USB-FS-Device_Driver/libstm32usb.a(usb_regs.o)
                0x08007f7c                SetEPRxCount
 .text.GetEPRxCount
                0x08007fb8       0x20 lib/STM32_USB-FS-Device_Driver/libstm32usb.a(usb_regs.o)
                0x08007fb8                GetEPRxCount
 .text.ByteSwap
                0x08007fd8        0xa lib/STM32_USB-FS-Device_Driver/libstm32usb.a(usb_regs.o)
                0x08007fd8                ByteSwap
 *fill*         0x08007fe2        0x2 00
 .text.USB_SIL_Init
                0x08007fe4       0x20 lib/STM32_USB-FS-Device_Driver/libstm32usb.a(usb_sil.o)
                0x08007fe4                USB_SIL_Init
 .text.USB_SIL_Write
                0x08008004       0x28 lib/STM32_USB-FS-Device_Driver/libstm32usb.a(usb_sil.o)
                0x08008004                USB_SIL_Write
 .text.USB_SIL_Read
                0x0800802c       0x24 lib/STM32_USB-FS-Device_Driver/libstm32usb.a(usb_sil.o)
                0x0800802c                USB_SIL_Read
 .text.memset   0x08008050      0x12c /home/laurence/ARM-GCC/bin/../lib/gcc/arm-none-eabi/4.7.4/../../../../arm-none-eabi/lib/armv7-m/libc.a(lib_a-memset.o)
                0x08008050                memset
 .text._sbrk    0x0800817c       0x34 /home/laurence/ARM-GCC/bin/../lib/gcc/arm-none-eabi/4.7.4/../../../../arm-none-eabi/lib/armv7-m/libnosys.a(sbrk.o)
                0x0800817c                _sbrk
 *(.rodata)
 .rodata        0x080081b0       0x94 /tmp/ccHPzwXt.ltrans0.ltrans.o
 .rodata        0x08008244        0xc /tmp/ccHPzwXt.ltrans2.ltrans.o
                0x08008244                DaysInMonth.5510
 .rodata        0x08008250      0x440 /tmp/ccHPzwXt.ltrans4.ltrans.o
 .rodata        0x08008690      0x10e /tmp/ccHPzwXt.ltrans5.ltrans.o
                0x08008690                LfnOfs.5429
                0x0800869e                Tbl.5089
 *(.rodata*)
 .rodata.str1.1
                0x0800879e        0x6 /tmp/ccHPzwXt.ltrans0.ltrans.o
 .rodata.MASS_DeviceDescriptor
                0x080087a4       0x12 /tmp/ccHPzwXt.ltrans0.ltrans.o
 .rodata.str1.1
                0x080087b6      0x163 /tmp/ccHPzwXt.ltrans2.ltrans.o
 .rodata.str1.1
                0x08008919       0x10 /tmp/ccHPzwXt.ltrans4.ltrans.o
 .rodata.str1.1
                0x00000000        0x9 /tmp/ccHPzwXt.ltrans5.ltrans.o
 .rodata.L3GD20_setup
                0x08008929        0x6 /tmp/ccHPzwXt.ltrans6.ltrans.o
 *fill*         0x0800892f        0x1 00
 .rodata.str1.4
                0x08008930        0x4 /home/laurence/ARM-GCC/bin/../lib/gcc/arm-none-eabi/4.7.4/../../../../arm-none-eabi/lib/armv7-m/libc.a(lib_a-impure.o)
 *(.glue_7)
 .glue_7        0x00000000        0x0 linker stubs
 *(.glue_7t)
 .glue_7t       0x00000000        0x0 linker stubs
 *(.init)
 .init          0x08008934        0x4 /home/laurence/ARM-GCC/bin/../lib/gcc/arm-none-eabi/4.7.4/armv7-m/crti.o
                0x08008934                _init
 .init          0x08008938        0x8 /home/laurence/ARM-GCC/bin/../lib/gcc/arm-none-eabi/4.7.4/armv7-m/crtn.o
 *(.fini)
 .fini          0x08008940        0x4 /home/laurence/ARM-GCC/bin/../lib/gcc/arm-none-eabi/4.7.4/armv7-m/crti.o
                0x08008940                _fini
 .fini          0x08008944        0x8 /home/laurence/ARM-GCC/bin/../lib/gcc/arm-none-eabi/4.7.4/armv7-m/crtn.o
                0x0800894c                . = ALIGN (0x4)
                0x0800894c                _etext = .
                0x0800894c                _sidata = _etext

.vfp11_veneer   0x0800894c        0x0
 .vfp11_veneer  0x00000000        0x0 linker stubs

.v4_bx          0x0800894c        0x0
 .v4_bx         0x00000000        0x0 linker stubs

.iplt           0x0800894c        0x0
 .iplt          0x00000000        0x0 /home/laurence/ARM-GCC/bin/../lib/gcc/arm-none-eabi/4.7.4/armv7-m/crtbegin.o

.rel.dyn        0x0800894c        0x0
 .rel.iplt      0x00000000        0x0 /home/laurence/ARM-GCC/bin/../lib/gcc/arm-none-eabi/4.7.4/armv7-m/crtbegin.o

.flashpatch     0x00000000        0x0
                0x00000000                . = ALIGN (0x4)
 *(.flashpatch)
                0x00000000                . = ALIGN (0x4)

.endflash       0x00000000        0x0
                0x00000000                . = ALIGN (0x4)
 *(.endflash)
                0x00000000                . = ALIGN (0x4)
                0x00000000                _e_endflash = .

.data           0x20000000      0x9cc load address 0x0800894c
                0x20000000                . = ALIGN (0x4)
                0x20000000                _sdata = .
                0x20000000                _data = .
 *(.data)
 .data          0x20000000       0x58 /tmp/ccHPzwXt.ltrans0.ltrans.o
                0x20000055                Device_Table
 .data          0x20000058       0x70 /tmp/ccHPzwXt.ltrans3.ltrans.o
                0x20000058                User_Standard_Requests
                0x2000007c                Device_Property
                0x200000ac                pEpInt_IN
 .data          0x200000c8       0x90 /tmp/ccHPzwXt.ltrans4.ltrans.o
                0x20000110                Scsi_Sense_Data
                0x2000013c                pEpInt_OUT
 .data          0x20000158        0x1 /tmp/ccHPzwXt.ltrans5.ltrans.o
                0x20000158                Stat.5704
 *fill*         0x20000159        0x3 00
 .data          0x2000015c       0x20 /tmp/ccHPzwXt.ltrans6.ltrans.o
                0x2000015c                I2C_jobs
 *(.data.*)
 .data.__malloc_av_
                0x2000017c      0x408 /home/laurence/ARM-GCC/bin/../lib/gcc/arm-none-eabi/4.7.4/../../../../arm-none-eabi/lib/armv7-m/libc.a(lib_a-mallocr.o)
                0x2000017c                __malloc_av_
 .data.__malloc_trim_threshold
                0x20000584        0x4 /home/laurence/ARM-GCC/bin/../lib/gcc/arm-none-eabi/4.7.4/../../../../arm-none-eabi/lib/armv7-m/libc.a(lib_a-mallocr.o)
                0x20000584                __malloc_trim_threshold
 .data.__malloc_sbrk_base
                0x20000588        0x4 /home/laurence/ARM-GCC/bin/../lib/gcc/arm-none-eabi/4.7.4/../../../../arm-none-eabi/lib/armv7-m/libc.a(lib_a-mallocr.o)
                0x20000588                __malloc_sbrk_base
 .data.ADCPrescTable
                0x2000058c        0x4 lib/STM32F10x_StdPeriph_Driver/libstm32fw.a(stm32f10x_rcc.o)
 .data.APBAHBPrescTable
                0x20000590       0x10 lib/STM32F10x_StdPeriph_Driver/libstm32fw.a(stm32f10x_rcc.o)
 .data.impure_data
                0x200005a0      0x428 /home/laurence/ARM-GCC/bin/../lib/gcc/arm-none-eabi/4.7.4/../../../../arm-none-eabi/lib/armv7-m/libc.a(lib_a-impure.o)
 .data._impure_ptr
                0x200009c8        0x4 /home/laurence/ARM-GCC/bin/../lib/gcc/arm-none-eabi/4.7.4/../../../../arm-none-eabi/lib/armv7-m/libc.a(lib_a-impure.o)
                0x200009c8                _impure_ptr
 *(.RAMtext)
                0x200009cc                . = ALIGN (0x4)
                0x200009cc                _edata = .
                0x08009318                _eidata = (_sidata + (_edata - _sdata))
                0x08020000                _lastdataromaddress = (ORIGIN (FLASH) + 0x20000)
                0x00000000                toobig = (_eidata > _lastdataromaddress)?!!!!!!!!! FLASH IS FULL !!!!!!!!!:0x0

.igot.plt       0x200009cc        0x0 load address 0x08009318
 .igot.plt      0x00000000        0x0 /home/laurence/ARM-GCC/bin/../lib/gcc/arm-none-eabi/4.7.4/armv7-m/crtbegin.o

.bss            0x200009d0      0xc60 load address 0x08009320
                0x200009d0                . = ALIGN (0x4)
                0x200009d0                _sbss = .
                0x200009d0                _bss = .
 *(.bss)
 .bss           0x200009d0       0xb4 /tmp/ccHPzwXt.ltrans0.ltrans.o
                0x20000a80                wIstr
 .bss           0x20000a84       0x1c /tmp/ccHPzwXt.ltrans1.ltrans.o
                0x20000a88                TransferState
                0x20000a98                Sd_Spi_Called_From_USB_MSC
 .bss           0x20000aa0      0x9c0 /tmp/ccHPzwXt.ltrans2.ltrans.o
                0x20000ec8                bootsource
                0x20000ecc                rputchar.5775
                0x20000ed0                Data_Buffer
                0x20000ed4                Millis
                0x20000ed8                Battery_Voltage
                0x20000edc                FatFs.5431
                0x20001114                FATFS_info
                0x20001134                FATFS_logfile
                0x20001358                print_string
                0x20001458                Jobs
                0x2000145c                Completed_Jobs
 .bss           0x20001460       0x34 /tmp/ccHPzwXt.ltrans3.ltrans.o
                0x20001484                Timer1.5699
 .bss           0x20001494       0x94 /tmp/ccHPzwXt.ltrans4.ltrans.o
                0x20001494                CBW
                0x200014b4                Bulk_Data_Buff
                0x200014f4                Data_Len
                0x200014f6                Bot_State
                0x200014f8                CSW
                0x20001508                SCSI_LBA
                0x2000150c                SCSI_BlkLen
                0x20001510                Mass_Block_Count
                0x20001518                Mass_Block_Size
 .bss           0x20001528        0x1 /tmp/ccHPzwXt.ltrans5.ltrans.o
                0x20001528                CardType.5705
 *fill*         0x20001529        0x3 00
 .bss           0x2000152c       0x64 /tmp/ccHPzwXt.ltrans6.ltrans.o
                0x2000152d                L3GD20_Data_Buffer
                0x20001544                AFROESC_Data_Buffer
                0x20001564                AFROESC_Throttle
                0x20001580                Silabs_spi_state
                0x20001581                Silabs_driver_state
                0x20001584                Silabs_Tx_Buffer
 .bss           0x20001590        0xc /tmp/ccHPzwXt.ltrans7.ltrans.o
 *(.bss.*)
 .bss.bIntPackSOF
                0x2000159c        0x1 /tmp/ccHPzwXt.ltrans0.ltrans.o
 .bss.file_opened
                0x2000159d        0x1 /tmp/ccHPzwXt.ltrans2.ltrans.o
 *fill*         0x2000159e        0x2 00
 .bss.bDeviceState
                0x200015a0        0x4 /tmp/ccHPzwXt.ltrans2.ltrans.o
                0x200015a0                bDeviceState
 .bss.Status    0x200015a4        0x4 /tmp/ccHPzwXt.ltrans2.ltrans.o
                0x200015a4                Status
 .bss.Max_Lun   0x200015a8        0x4 /tmp/ccHPzwXt.ltrans4.ltrans.o
                0x200015a8                Max_Lun
 .bss.Page00_Inquiry_Data
                0x200015ac        0x5 /tmp/ccHPzwXt.ltrans4.ltrans.o
 *fill*         0x200015b1        0x3 00
 .bss.__malloc_max_total_mem
                0x200015b4        0x4 /home/laurence/ARM-GCC/bin/../lib/gcc/arm-none-eabi/4.7.4/../../../../arm-none-eabi/lib/armv7-m/libc.a(lib_a-mallocr.o)
                0x200015b4                __malloc_max_total_mem
 .bss.__malloc_max_sbrked_mem
                0x200015b8        0x4 /home/laurence/ARM-GCC/bin/../lib/gcc/arm-none-eabi/4.7.4/../../../../arm-none-eabi/lib/armv7-m/libc.a(lib_a-mallocr.o)
                0x200015b8                __malloc_max_sbrked_mem
 .bss.__malloc_top_pad
                0x200015bc        0x4 /home/laurence/ARM-GCC/bin/../lib/gcc/arm-none-eabi/4.7.4/../../../../arm-none-eabi/lib/armv7-m/libc.a(lib_a-mallocr.o)
                0x200015bc                __malloc_top_pad
 .bss.__malloc_current_mallinfo
                0x200015c0       0x28 /home/laurence/ARM-GCC/bin/../lib/gcc/arm-none-eabi/4.7.4/../../../../arm-none-eabi/lib/armv7-m/libc.a(lib_a-mallocr.o)
                0x200015c0                __malloc_current_mallinfo
 .bss.Data_Mul_MaxPacketSize
                0x200015e8        0x1 lib/STM32_USB-FS-Device_Driver/libstm32usb.a(usb_core.o)
                0x200015e8                Data_Mul_MaxPacketSize
 *fill*         0x200015e9        0x3 00
 .bss.heap_end.4231
                0x200015ec        0x4 /home/laurence/ARM-GCC/bin/../lib/gcc/arm-none-eabi/4.7.4/../../../../arm-none-eabi/lib/armv7-m/libnosys.a(sbrk.o)
 *(COMMON)
 COMMON         0x200015f0        0x4 /home/laurence/ARM-GCC/bin/../lib/gcc/arm-none-eabi/4.7.4/../../../../arm-none-eabi/lib/armv7-m/libc.a(lib_a-reent.o)
                0x200015f0                errno
 COMMON         0x200015f4        0x2 lib/STM32_USB-FS-Device_Driver/libstm32usb.a(usb_core.o)
                0x200015f4                StatusInfo
 *fill*         0x200015f6        0x2 00
 COMMON         0x200015f8       0x32 lib/STM32_USB-FS-Device_Driver/libstm32usb.a(usb_init.o)
                0x200015f8                SaveState
                0x200015fc                pProperty
                0x20001600                EPindex
                0x20001604                Device_Info
                0x20001620                pUser_Standard_Requests
                0x20001624                pInformation
                0x20001628                wInterrupt_Mask
 COMMON         0x2000162a        0x4 lib/STM32_USB-FS-Device_Driver/libstm32usb.a(usb_int.o)
                0x2000162a                SaveRState
                0x2000162c                SaveTState
                0x20001630                . = ALIGN (0x4)
 *fill*         0x2000162e        0x2 00
                0x20001630                _ebss = .
                0x20001630                PROVIDE (end, _ebss)
                0x20001630                PROVIDE (_end, _ebss)

._usrstack      0x20001630     0x2000 load address 0x08009f80
                0x20001630                . = ALIGN (0x4)
                0x20001630                _susrstack = .
                0x20003630                . = (. + _Minimum_Stack_Size)
 *fill*         0x20001630     0x2000 00
                0x20003630                . = ALIGN (0x4)
                0x20003630                _eusrstack = .
                0x20005000                _lastramaddress = (ORIGIN (RAM) + 0x5000)
                0x00000000                toobig = (_eusrstack > _lastramaddress)?!!!!!!!!! RAM IS FULL !!!!!!!!!:0x0

.b1text
 *(.b1text)
 *(.b1rodata)
 *(.b1rodata*)

.eb0text
 *(.eb0text)
 *(.eb0rodata)
 *(.eb0rodata*)

.eb1text
 *(.eb1text)
 *(.eb1rodata)
 *(.eb1rodata*)

.eb2text
 *(.eb2text)
 *(.eb2rodata)
 *(.eb2rodata*)

.eb3text
 *(.eb3text)
 *(.eb3rodata)
 *(.eb3rodata*)
                0x20003630                __exidx_start = .
                0x20003630                __exidx_end = .

/DISCARD/
 libc.a(*)
 libm.a(*)
 libgcc.a(*)

.stab
 *(.stab)

.stabstr
 *(.stabstr)

.stab.excl
 *(.stab.excl)

.stab.exclstr
 *(.stab.exclstr)

.stab.index
 *(.stab.index)

.stab.indexstr
 *(.stab.indexstr)

.comment        0x00000000       0x70
 *(.comment)
 .comment       0x00000000       0x71 /tmp/ccHPzwXt.ltrans0.ltrans.o
 .comment       0x00000000       0x71 /tmp/ccHPzwXt.ltrans1.ltrans.o
 .comment       0x00000000       0x71 /tmp/ccHPzwXt.ltrans2.ltrans.o
 .comment       0x00000000       0x71 /tmp/ccHPzwXt.ltrans3.ltrans.o
 .comment       0x00000000       0x71 /tmp/ccHPzwXt.ltrans4.ltrans.o
 .comment       0x00000000       0x71 /tmp/ccHPzwXt.ltrans5.ltrans.o
 .comment       0x00000000       0x71 /tmp/ccHPzwXt.ltrans6.ltrans.o
 .comment       0x00000000       0x71 /tmp/ccHPzwXt.ltrans7.ltrans.o
 .comment       0x00000000       0x70 lib/STM32F10x_StdPeriph_Driver/libstm32fw.a(misc.o)
                                 0x71 (size before relaxing)
 .comment       0x00000000       0x71 lib/STM32F10x_StdPeriph_Driver/libstm32fw.a(stm32f10x_adc.o)
 .comment       0x00000000       0x71 lib/STM32F10x_StdPeriph_Driver/libstm32fw.a(stm32f10x_bkp.o)
 .comment       0x00000000       0x71 lib/STM32F10x_StdPeriph_Driver/libstm32fw.a(stm32f10x_dbgmcu.o)
 .comment       0x00000000       0x71 lib/STM32F10x_StdPeriph_Driver/libstm32fw.a(stm32f10x_dma.o)
 .comment       0x00000000       0x71 lib/STM32F10x_StdPeriph_Driver/libstm32fw.a(stm32f10x_exti.o)
 .comment       0x00000000       0x71 lib/STM32F10x_StdPeriph_Driver/libstm32fw.a(stm32f10x_gpio.o)
 .comment       0x00000000       0x71 lib/STM32F10x_StdPeriph_Driver/libstm32fw.a(stm32f10x_i2c.o)
 .comment       0x00000000       0x71 lib/STM32F10x_StdPeriph_Driver/libstm32fw.a(stm32f10x_iwdg.o)
 .comment       0x00000000       0x71 lib/STM32F10x_StdPeriph_Driver/libstm32fw.a(stm32f10x_pwr.o)
 .comment       0x00000000       0x71 lib/STM32F10x_StdPeriph_Driver/libstm32fw.a(stm32f10x_rcc.o)
 .comment       0x00000000       0x71 lib/STM32F10x_StdPeriph_Driver/libstm32fw.a(stm32f10x_rtc.o)
 .comment       0x00000000       0x71 lib/STM32F10x_StdPeriph_Driver/libstm32fw.a(stm32f10x_spi.o)
 .comment       0x00000000       0x71 lib/STM32F10x_StdPeriph_Driver/libstm32fw.a(stm32f10x_usart.o)
 .comment       0x00000000       0x71 lib/STM32_USB-FS-Device_Driver/libstm32usb.a(usb_core.o)
 .comment       0x00000000       0x71 lib/STM32_USB-FS-Device_Driver/libstm32usb.a(usb_init.o)
 .comment       0x00000000       0x71 lib/STM32_USB-FS-Device_Driver/libstm32usb.a(usb_int.o)
 .comment       0x00000000       0x71 lib/STM32_USB-FS-Device_Driver/libstm32usb.a(usb_mem.o)
 .comment       0x00000000       0x71 lib/STM32_USB-FS-Device_Driver/libstm32usb.a(usb_regs.o)
 .comment       0x00000000       0x71 lib/STM32_USB-FS-Device_Driver/libstm32usb.a(usb_sil.o)

.ARM.attributes
                0x00000000       0x29
 .ARM.attributes
                0x00000000       0x1d /home/laurence/ARM-GCC/bin/../lib/gcc/arm-none-eabi/4.7.4/armv7-m/crti.o
 .ARM.attributes
                0x0000001d       0x31 /tmp/ccHPzwXt.ltrans0.ltrans.o
 .ARM.attributes
                0x0000004e       0x31 /tmp/ccHPzwXt.ltrans1.ltrans.o
 .ARM.attributes
                0x0000007f       0x31 /tmp/ccHPzwXt.ltrans2.ltrans.o
 .ARM.attributes
                0x000000b0       0x31 /tmp/ccHPzwXt.ltrans3.ltrans.o
 .ARM.attributes
                0x000000e1       0x31 /tmp/ccHPzwXt.ltrans4.ltrans.o
 .ARM.attributes
                0x00000112       0x31 /tmp/ccHPzwXt.ltrans5.ltrans.o
 .ARM.attributes
                0x00000143       0x31 /tmp/ccHPzwXt.ltrans6.ltrans.o
 .ARM.attributes
                0x00000174       0x31 /tmp/ccHPzwXt.ltrans7.ltrans.o
 .ARM.attributes
                0x000001a5       0x1d /home/laurence/ARM-GCC/bin/../lib/gcc/arm-none-eabi/4.7.4/armv7-m/libgcc.a(_arm_addsubdf3.o)
 .ARM.attributes
                0x000001c2       0x1d /home/laurence/ARM-GCC/bin/../lib/gcc/arm-none-eabi/4.7.4/armv7-m/libgcc.a(_arm_muldivdf3.o)
 .ARM.attributes
                0x000001df       0x1d /home/laurence/ARM-GCC/bin/../lib/gcc/arm-none-eabi/4.7.4/armv7-m/libgcc.a(_arm_cmpdf2.o)
 .ARM.attributes
                0x000001fc       0x1d /home/laurence/ARM-GCC/bin/../lib/gcc/arm-none-eabi/4.7.4/armv7-m/libgcc.a(_arm_truncdfsf2.o)
 .ARM.attributes
                0x00000219       0x1d /home/laurence/ARM-GCC/bin/../lib/gcc/arm-none-eabi/4.7.4/armv7-m/libgcc.a(_arm_addsubsf3.o)
 .ARM.attributes
                0x00000236       0x1d /home/laurence/ARM-GCC/bin/../lib/gcc/arm-none-eabi/4.7.4/armv7-m/libgcc.a(_arm_muldivsf3.o)
 .ARM.attributes
                0x00000253       0x1d /home/laurence/ARM-GCC/bin/../lib/gcc/arm-none-eabi/4.7.4/armv7-m/libgcc.a(_arm_cmpsf2.o)
 .ARM.attributes
                0x00000270       0x1d /home/laurence/ARM-GCC/bin/../lib/gcc/arm-none-eabi/4.7.4/armv7-m/libgcc.a(_arm_fixunssfsi.o)
 .ARM.attributes
                0x0000028d       0x2d /home/laurence/ARM-GCC/bin/../lib/gcc/arm-none-eabi/4.7.4/../../../../arm-none-eabi/lib/armv7-m/libc.a(lib_a-malloc.o)
 .ARM.attributes
                0x000002ba       0x2d /home/laurence/ARM-GCC/bin/../lib/gcc/arm-none-eabi/4.7.4/../../../../arm-none-eabi/lib/armv7-m/libc.a(lib_a-mallocr.o)
 .ARM.attributes
                0x000002e7       0x2d /home/laurence/ARM-GCC/bin/../lib/gcc/arm-none-eabi/4.7.4/../../../../arm-none-eabi/lib/armv7-m/libc.a(lib_a-mlock.o)
 .ARM.attributes
                0x00000314       0x2d /home/laurence/ARM-GCC/bin/../lib/gcc/arm-none-eabi/4.7.4/../../../../arm-none-eabi/lib/armv7-m/libc.a(lib_a-sbrkr.o)
 .ARM.attributes
                0x00000341       0x2d /home/laurence/ARM-GCC/bin/../lib/gcc/arm-none-eabi/4.7.4/../../../../arm-none-eabi/lib/armv7-m/libc.a(lib_a-strlen.o)
 .ARM.attributes
                0x0000036e       0x2d /home/laurence/ARM-GCC/bin/../lib/gcc/arm-none-eabi/4.7.4/../../../../arm-none-eabi/lib/armv7-m/libc.a(lib_a-freer.o)
 .ARM.attributes
                0x0000039b       0x2d /home/laurence/ARM-GCC/bin/../lib/gcc/arm-none-eabi/4.7.4/../../../../arm-none-eabi/lib/armv7-m/libc.a(lib_a-reent.o)
 .ARM.attributes
                0x000003c8       0x21 lib/CMSIS_CM3/startup/gcc/startup_stm32f10x_md.o
 .ARM.attributes
                0x000003e9       0x33 lib/STM32F10x_StdPeriph_Driver/libstm32fw.a(misc.o)
 .ARM.attributes
                0x0000041c       0x33 lib/STM32F10x_StdPeriph_Driver/libstm32fw.a(stm32f10x_adc.o)
 .ARM.attributes
                0x0000044f       0x33 lib/STM32F10x_StdPeriph_Driver/libstm32fw.a(stm32f10x_bkp.o)
 .ARM.attributes
                0x00000482       0x33 lib/STM32F10x_StdPeriph_Driver/libstm32fw.a(stm32f10x_dbgmcu.o)
 .ARM.attributes
                0x000004b5       0x33 lib/STM32F10x_StdPeriph_Driver/libstm32fw.a(stm32f10x_dma.o)
 .ARM.attributes
                0x000004e8       0x33 lib/STM32F10x_StdPeriph_Driver/libstm32fw.a(stm32f10x_exti.o)
 .ARM.attributes
                0x0000051b       0x33 lib/STM32F10x_StdPeriph_Driver/libstm32fw.a(stm32f10x_gpio.o)
 .ARM.attributes
                0x0000054e       0x33 lib/STM32F10x_StdPeriph_Driver/libstm32fw.a(stm32f10x_i2c.o)
 .ARM.attributes
                0x00000581       0x33 lib/STM32F10x_StdPeriph_Driver/libstm32fw.a(stm32f10x_iwdg.o)
 .ARM.attributes
                0x000005b4       0x33 lib/STM32F10x_StdPeriph_Driver/libstm32fw.a(stm32f10x_pwr.o)
 .ARM.attributes
                0x000005e7       0x33 lib/STM32F10x_StdPeriph_Driver/libstm32fw.a(stm32f10x_rcc.o)
 .ARM.attributes
                0x0000061a       0x33 lib/STM32F10x_StdPeriph_Driver/libstm32fw.a(stm32f10x_rtc.o)
 .ARM.attributes
                0x0000064d       0x33 lib/STM32F10x_StdPeriph_Driver/libstm32fw.a(stm32f10x_spi.o)
 .ARM.attributes
                0x00000680       0x33 lib/STM32F10x_StdPeriph_Driver/libstm32fw.a(stm32f10x_usart.o)
 .ARM.attributes
                0x000006b3       0x33 lib/STM32_USB-FS-Device_Driver/libstm32usb.a(usb_core.o)
 .ARM.attributes
                0x000006e6       0x33 lib/STM32_USB-FS-Device_Driver/libstm32usb.a(usb_init.o)
 .ARM.attributes
                0x00000719       0x33 lib/STM32_USB-FS-Device_Driver/libstm32usb.a(usb_int.o)
 .ARM.attributes
                0x0000074c       0x33 lib/STM32_USB-FS-Device_Driver/libstm32usb.a(usb_mem.o)
 .ARM.attributes
                0x0000077f       0x33 lib/STM32_USB-FS-Device_Driver/libstm32usb.a(usb_regs.o)
 .ARM.attributes
                0x000007b2       0x33 lib/STM32_USB-FS-Device_Driver/libstm32usb.a(usb_sil.o)
 .ARM.attributes
                0x000007e5       0x2d /home/laurence/ARM-GCC/bin/../lib/gcc/arm-none-eabi/4.7.4/../../../../arm-none-eabi/lib/armv7-m/libc.a(lib_a-impure.o)
 .ARM.attributes
                0x00000812       0x2d /home/laurence/ARM-GCC/bin/../lib/gcc/arm-none-eabi/4.7.4/../../../../arm-none-eabi/lib/armv7-m/libc.a(lib_a-memset.o)
 .ARM.attributes
                0x0000083f       0x1d /home/laurence/ARM-GCC/bin/../lib/gcc/arm-none-eabi/4.7.4/armv7-m/crtn.o
 .ARM.attributes
                0x0000085c       0x2d /home/laurence/ARM-GCC/bin/../lib/gcc/arm-none-eabi/4.7.4/../../../../arm-none-eabi/lib/armv7-m/libnosys.a(sbrk.o)

.debug
 *(.debug)

.line
 *(.line)

.debug_srcinfo
 *(.debug_srcinfo)

.debug_sfnames
 *(.debug_sfnames)

.debug_aranges
 *(.debug_aranges)

.debug_pubnames
 *(.debug_pubnames)

.debug_info
 *(.debug_info .gnu.linkonce.wi.*)

.debug_abbrev
 *(.debug_abbrev)

.debug_line
 *(.debug_line)

.debug_frame    0x00000000      0x1ec
 *(.debug_frame)
 .debug_frame   0x00000000       0x30 /home/laurence/ARM-GCC/bin/../lib/gcc/arm-none-eabi/4.7.4/../../../../arm-none-eabi/lib/armv7-m/libc.a(lib_a-malloc.o)
 .debug_frame   0x00000030       0x38 /home/laurence/ARM-GCC/bin/../lib/gcc/arm-none-eabi/4.7.4/../../../../arm-none-eabi/lib/armv7-m/libc.a(lib_a-mallocr.o)
 .debug_frame   0x00000068       0x30 /home/laurence/ARM-GCC/bin/../lib/gcc/arm-none-eabi/4.7.4/../../../../arm-none-eabi/lib/armv7-m/libc.a(lib_a-mlock.o)
 .debug_frame   0x00000098       0x2c /home/laurence/ARM-GCC/bin/../lib/gcc/arm-none-eabi/4.7.4/../../../../arm-none-eabi/lib/armv7-m/libc.a(lib_a-sbrkr.o)
 .debug_frame   0x000000c4       0x20 /home/laurence/ARM-GCC/bin/../lib/gcc/arm-none-eabi/4.7.4/../../../../arm-none-eabi/lib/armv7-m/libc.a(lib_a-strlen.o)
 .debug_frame   0x000000e4       0x50 /home/laurence/ARM-GCC/bin/../lib/gcc/arm-none-eabi/4.7.4/../../../../arm-none-eabi/lib/armv7-m/libc.a(lib_a-freer.o)
 .debug_frame   0x00000134       0x6c /home/laurence/ARM-GCC/bin/../lib/gcc/arm-none-eabi/4.7.4/../../../../arm-none-eabi/lib/armv7-m/libc.a(lib_a-reent.o)
 .debug_frame   0x000001a0       0x2c /home/laurence/ARM-GCC/bin/../lib/gcc/arm-none-eabi/4.7.4/../../../../arm-none-eabi/lib/armv7-m/libc.a(lib_a-memset.o)
 .debug_frame   0x000001cc       0x20 /home/laurence/ARM-GCC/bin/../lib/gcc/arm-none-eabi/4.7.4/../../../../arm-none-eabi/lib/armv7-m/libnosys.a(sbrk.o)

.debug_str
 *(.debug_str)

.debug_loc
 *(.debug_loc)

.debug_macinfo
 *(.debug_macinfo)

.debug_weaknames
 *(.debug_weaknames)

.debug_funcnames
 *(.debug_funcnames)

.debug_typenames
 *(.debug_typenames)

.debug_varnames
 *(.debug_varnames)
OUTPUT(main.elf elf32-littlearm)

Cross Reference Table

Symbol                                            File
ADC1_2_IRQHandler                                 /tmp/ccHPzwXt.ltrans6.ltrans.o
                                                  lib/CMSIS_CM3/startup/gcc/startup_stm32f10x_md.o
ADC_AnalogWatchdogCmd                             lib/STM32F10x_StdPeriph_Driver/libstm32fw.a(stm32f10x_adc.o)
ADC_AnalogWatchdogSingleChannelConfig             lib/STM32F10x_StdPeriph_Driver/libstm32fw.a(stm32f10x_adc.o)
ADC_AnalogWatchdogThresholdsConfig                lib/STM32F10x_StdPeriph_Driver/libstm32fw.a(stm32f10x_adc.o)
ADC_AutoInjectedConvCmd                           lib/STM32F10x_StdPeriph_Driver/libstm32fw.a(stm32f10x_adc.o)
ADC_ClearFlag                                     lib/STM32F10x_StdPeriph_Driver/libstm32fw.a(stm32f10x_adc.o)
                                                  /tmp/ccHPzwXt.ltrans6.ltrans.o
ADC_ClearITPendingBit                             lib/STM32F10x_StdPeriph_Driver/libstm32fw.a(stm32f10x_adc.o)
                                                  /tmp/ccHPzwXt.ltrans6.ltrans.o
ADC_Cmd                                           lib/STM32F10x_StdPeriph_Driver/libstm32fw.a(stm32f10x_adc.o)
                                                  /tmp/ccHPzwXt.ltrans2.ltrans.o
ADC_DMACmd                                        lib/STM32F10x_StdPeriph_Driver/libstm32fw.a(stm32f10x_adc.o)
ADC_DeInit                                        lib/STM32F10x_StdPeriph_Driver/libstm32fw.a(stm32f10x_adc.o)
                                                  /tmp/ccHPzwXt.ltrans2.ltrans.o
ADC_DiscModeChannelCountConfig                    lib/STM32F10x_StdPeriph_Driver/libstm32fw.a(stm32f10x_adc.o)
ADC_DiscModeCmd                                   lib/STM32F10x_StdPeriph_Driver/libstm32fw.a(stm32f10x_adc.o)
ADC_ExternalTrigConvCmd                           lib/STM32F10x_StdPeriph_Driver/libstm32fw.a(stm32f10x_adc.o)
ADC_ExternalTrigInjectedConvCmd                   lib/STM32F10x_StdPeriph_Driver/libstm32fw.a(stm32f10x_adc.o)
ADC_ExternalTrigInjectedConvConfig                lib/STM32F10x_StdPeriph_Driver/libstm32fw.a(stm32f10x_adc.o)
                                                  /tmp/ccHPzwXt.ltrans2.ltrans.o
ADC_GetCalibrationStatus                          lib/STM32F10x_StdPeriph_Driver/libstm32fw.a(stm32f10x_adc.o)
                                                  /tmp/ccHPzwXt.ltrans2.ltrans.o
ADC_GetConversionValue                            lib/STM32F10x_StdPeriph_Driver/libstm32fw.a(stm32f10x_adc.o)
                                                  /tmp/ccHPzwXt.ltrans6.ltrans.o
ADC_GetDualModeConversionValue                    lib/STM32F10x_StdPeriph_Driver/libstm32fw.a(stm32f10x_adc.o)
ADC_GetFlagStatus                                 lib/STM32F10x_StdPeriph_Driver/libstm32fw.a(stm32f10x_adc.o)
                                                  /tmp/ccHPzwXt.ltrans6.ltrans.o
ADC_GetITStatus                                   lib/STM32F10x_StdPeriph_Driver/libstm32fw.a(stm32f10x_adc.o)
                                                  /tmp/ccHPzwXt.ltrans6.ltrans.o
ADC_GetInjectedConversionValue                    lib/STM32F10x_StdPeriph_Driver/libstm32fw.a(stm32f10x_adc.o)
                                                  /tmp/ccHPzwXt.ltrans6.ltrans.o
ADC_GetResetCalibrationStatus                     lib/STM32F10x_StdPeriph_Driver/libstm32fw.a(stm32f10x_adc.o)
                                                  /tmp/ccHPzwXt.ltrans2.ltrans.o
ADC_GetSoftwareStartConvStatus                    lib/STM32F10x_StdPeriph_Driver/libstm32fw.a(stm32f10x_adc.o)
ADC_GetSoftwareStartInjectedConvCmdStatus         lib/STM32F10x_StdPeriph_Driver/libstm32fw.a(stm32f10x_adc.o)
ADC_ITConfig                                      lib/STM32F10x_StdPeriph_Driver/libstm32fw.a(stm32f10x_adc.o)
ADC_Init                                          lib/STM32F10x_StdPeriph_Driver/libstm32fw.a(stm32f10x_adc.o)
                                                  /tmp/ccHPzwXt.ltrans2.ltrans.o
ADC_InjectedChannelConfig                         lib/STM32F10x_StdPeriph_Driver/libstm32fw.a(stm32f10x_adc.o)
                                                  /tmp/ccHPzwXt.ltrans2.ltrans.o
ADC_InjectedDiscModeCmd                           lib/STM32F10x_StdPeriph_Driver/libstm32fw.a(stm32f10x_adc.o)
ADC_InjectedSequencerLengthConfig                 lib/STM32F10x_StdPeriph_Driver/libstm32fw.a(stm32f10x_adc.o)
                                                  /tmp/ccHPzwXt.ltrans2.ltrans.o
ADC_RegularChannelConfig                          lib/STM32F10x_StdPeriph_Driver/libstm32fw.a(stm32f10x_adc.o)
                                                  /tmp/ccHPzwXt.ltrans0.ltrans.o
ADC_ResetCalibration                              lib/STM32F10x_StdPeriph_Driver/libstm32fw.a(stm32f10x_adc.o)
                                                  /tmp/ccHPzwXt.ltrans2.ltrans.o
ADC_SetInjectedOffset                             lib/STM32F10x_StdPeriph_Driver/libstm32fw.a(stm32f10x_adc.o)
ADC_SoftwareStartConvCmd                          lib/STM32F10x_StdPeriph_Driver/libstm32fw.a(stm32f10x_adc.o)
                                                  /tmp/ccHPzwXt.ltrans0.ltrans.o
ADC_SoftwareStartInjectedConvCmd                  lib/STM32F10x_StdPeriph_Driver/libstm32fw.a(stm32f10x_adc.o)
                                                  /tmp/ccHPzwXt.ltrans6.ltrans.o
ADC_StartCalibration                              lib/STM32F10x_StdPeriph_Driver/libstm32fw.a(stm32f10x_adc.o)
                                                  /tmp/ccHPzwXt.ltrans2.ltrans.o
ADC_StructInit                                    lib/STM32F10x_StdPeriph_Driver/libstm32fw.a(stm32f10x_adc.o)
ADC_TempSensorVrefintCmd                          lib/STM32F10x_StdPeriph_Driver/libstm32fw.a(stm32f10x_adc.o)