Archive member included because of file (symbol)

lib/STM32F10x_StdPeriph_Driver/libstm32fw.a(misc.o)
                              interrupts.o (symbol from plugin) (NVIC_PriorityGroupConfig)
lib/STM32F10x_StdPeriph_Driver/libstm32fw.a(stm32f10x_adc.o)
                              adc.o (symbol from plugin) (ADC_DeInit)
lib/STM32F10x_StdPeriph_Driver/libstm32fw.a(stm32f10x_bkp.o)
                              Util/fat_fs/src/rtc.o (symbol from plugin) (BKP_DeInit)
lib/STM32F10x_StdPeriph_Driver/libstm32fw.a(stm32f10x_dbgmcu.o)
                              main.o (symbol from plugin) (DBGMCU_Config)
lib/STM32F10x_StdPeriph_Driver/libstm32fw.a(stm32f10x_dma.o)
                              Silabs/si446x.o (symbol from plugin) (DMA_DeInit)
lib/STM32F10x_StdPeriph_Driver/libstm32fw.a(stm32f10x_exti.o)
                              Silabs/si446x.o (symbol from plugin) (EXTI_DeInit)
lib/STM32F10x_StdPeriph_Driver/libstm32fw.a(stm32f10x_gpio.o)
                              Silabs/si446x.o (symbol from plugin) (GPIO_Init)
lib/STM32F10x_StdPeriph_Driver/libstm32fw.a(stm32f10x_i2c.o)
                              i2c_int.o (symbol from plugin) (I2C_DeInit)
lib/STM32F10x_StdPeriph_Driver/libstm32fw.a(stm32f10x_iwdg.o)
                              watchdog.o (symbol from plugin) (IWDG_WriteAccessCmd)
lib/STM32F10x_StdPeriph_Driver/libstm32fw.a(stm32f10x_pwr.o)
                              pwr.o (symbol from plugin) (PWR_DeInit)
lib/STM32F10x_StdPeriph_Driver/libstm32fw.a(stm32f10x_rcc.o)
                              interrupts.o (symbol from plugin) (RCC_HCLKConfig)
lib/STM32F10x_StdPeriph_Driver/libstm32fw.a(stm32f10x_rtc.o)
                              Util/fat_fs/src/rtc.o (symbol from plugin) (RTC_GetCounter)
lib/STM32F10x_StdPeriph_Driver/libstm32fw.a(stm32f10x_spi.o)
                              Util/fat_fs/src/sd_spi_stm32.o (symbol from plugin) (SPI_I2S_DeInit)
lib/STM32F10x_StdPeriph_Driver/libstm32fw.a(stm32f10x_tim.o)
                              pwm.o (symbol from plugin) (TIM_TimeBaseInit)
lib/STM32F10x_StdPeriph_Driver/libstm32fw.a(stm32f10x_usart.o)
                              usart.o (symbol from plugin) (USART_DeInit)
lib/STM32_USB-FS-Device_Driver/libstm32usb.a(usb_core.o)
                              Util/USB/usb_prop.o (symbol from plugin) (Standard_GetDescriptorData)
lib/STM32_USB-FS-Device_Driver/libstm32usb.a(usb_init.o)
                              main.o (symbol from plugin) (USB_Init)
lib/STM32_USB-FS-Device_Driver/libstm32usb.a(usb_int.o)
                              Util/USB/usb_istr.o (symbol from plugin) (CTR_LP)
lib/STM32_USB-FS-Device_Driver/libstm32usb.a(usb_mem.o)
                              lib/STM32_USB-FS-Device_Driver/libstm32usb.a(usb_core.o) (UserToPMABufferCopy)
lib/STM32_USB-FS-Device_Driver/libstm32usb.a(usb_regs.o)
                              Util/USB/usb_prop.o (symbol from plugin) (SetBTABLE)
lib/STM32_USB-FS-Device_Driver/libstm32usb.a(usb_sil.o)
                              Util/USB/usb_prop.o (symbol from plugin) (USB_SIL_Init)
/home/laurence/ARM-GCC/bin/../lib/gcc/arm-none-eabi/4.7.4/../../../../arm-none-eabi/lib/armv7-m/libc.a(lib_a-__atexit.o)
                              /home/laurence/ARM-GCC/bin/../lib/gcc/arm-none-eabi/4.7.4/../../../../arm-none-eabi/lib/armv7-m/crt0.o (__register_exitproc)
/home/laurence/ARM-GCC/bin/../lib/gcc/arm-none-eabi/4.7.4/../../../../arm-none-eabi/lib/armv7-m/libc.a(lib_a-exit.o)
                              /home/laurence/ARM-GCC/bin/../lib/gcc/arm-none-eabi/4.7.4/../../../../arm-none-eabi/lib/armv7-m/crt0.o (exit)
/home/laurence/ARM-GCC/bin/../lib/gcc/arm-none-eabi/4.7.4/../../../../arm-none-eabi/lib/armv7-m/libc.a(lib_a-fini.o)
                              /home/laurence/ARM-GCC/bin/../lib/gcc/arm-none-eabi/4.7.4/../../../../arm-none-eabi/lib/armv7-m/crt0.o (__libc_fini_array)
/home/laurence/ARM-GCC/bin/../lib/gcc/arm-none-eabi/4.7.4/../../../../arm-none-eabi/lib/armv7-m/libc.a(lib_a-impure.o)
                              /home/laurence/ARM-GCC/bin/../lib/gcc/arm-none-eabi/4.7.4/../../../../arm-none-eabi/lib/armv7-m/libc.a(lib_a-__atexit.o) (_global_impure_ptr)
/home/laurence/ARM-GCC/bin/../lib/gcc/arm-none-eabi/4.7.4/../../../../arm-none-eabi/lib/armv7-m/libc.a(lib_a-init.o)
                              /home/laurence/ARM-GCC/bin/../lib/gcc/arm-none-eabi/4.7.4/../../../../arm-none-eabi/lib/armv7-m/crt0.o (__libc_init_array)
/home/laurence/ARM-GCC/bin/../lib/gcc/arm-none-eabi/4.7.4/../../../../arm-none-eabi/lib/armv7-m/libc.a(lib_a-memset.o)
                              /home/laurence/ARM-GCC/bin/../lib/gcc/arm-none-eabi/4.7.4/../../../../arm-none-eabi/lib/armv7-m/crt0.o (memset)
/home/laurence/ARM-GCC/bin/../lib/gcc/arm-none-eabi/4.7.4/../../../../arm-none-eabi/lib/armv7-m/libc.a(lib_a-__call_atexit.o)
                              /home/laurence/ARM-GCC/bin/../lib/gcc/arm-none-eabi/4.7.4/../../../../arm-none-eabi/lib/armv7-m/libc.a(lib_a-exit.o) (__call_exitprocs)
[...]
Memory Configuration

Name             Origin             Length             Attributes
RAM              0x20000000         0x00005000         xrw
FLASH            0x08000000         0x00020000         xr
FLASHB1          0x00000000         0x00000000         xr
EXTMEMB0         0x00000000         0x00000000         xr
EXTMEMB1         0x00000000         0x00000000         xr
EXTMEMB2         0x00000000         0x00000000         xr
EXTMEMB3         0x00000000         0x00000000         xr
STARTFLASH       0x00000000         0xffffffff
CRPPATCH         0x00000000         0xffffffff
FLASHPATCH       0x00000000         0xffffffff
ENDFLASH         0x00000000         0xffffffff
*default*        0x00000000         0xffffffff

Linker script and memory map

LOAD /home/laurence/ARM-GCC/bin/../lib/gcc/arm-none-eabi/4.7.4/armv7-m/crti.o
LOAD /home/laurence/ARM-GCC/bin/../lib/gcc/arm-none-eabi/4.7.4/armv7-m/crtbegin.o
LOAD /home/laurence/ARM-GCC/bin/../lib/gcc/arm-none-eabi/4.7.4/../../../../arm-none-eabi/lib/armv7-m/crt0.o
LOAD Silabs/si446x.o
LOAD /tmp/ccEojf3m.ltrans0.ltrans.o
LOAD /tmp/ccEojf3m.ltrans1.ltrans.o
LOAD /tmp/ccEojf3m.ltrans2.ltrans.o
LOAD /tmp/ccEojf3m.ltrans3.ltrans.o
LOAD /tmp/ccEojf3m.ltrans4.ltrans.o
LOAD /tmp/ccEojf3m.ltrans5.ltrans.o
LOAD /tmp/ccEojf3m.ltrans6.ltrans.o
LOAD /tmp/ccEojf3m.ltrans7.ltrans.o
LOAD /tmp/ccEojf3m.ltrans8.ltrans.o
LOAD /tmp/ccEojf3m.ltrans9.ltrans.o
LOAD /home/laurence/ARM-GCC/bin/../lib/gcc/arm-none-eabi/4.7.4/armv7-m/libgcc.a
LOAD /home/laurence/ARM-GCC/bin/../lib/gcc/arm-none-eabi/4.7.4/../../../../arm-none-eabi/lib/armv7-m/libc.a
LOAD Ublox/ubx.o
LOAD Util/USB/hw_config.o
LOAD Util/USB/mass_mal.o
LOAD Util/USB/memory.o
LOAD Util/USB/scsi_data.o
LOAD Util/USB/usb_bot.o
LOAD Util/USB/usb_desc.o
LOAD Util/USB/usb_endp.o
LOAD Util/USB/usb_istr.o
LOAD Util/USB/usb_prop.o
LOAD Util/USB/usb_pwr.o
LOAD Util/USB/usb_scsi.o
LOAD Util/buffer.o
LOAD Util/crc.o
LOAD Util/delay.o
LOAD Util/fat_fs/option/ccsbcs.o
LOAD Util/fat_fs/src/fattime.o
LOAD Util/fat_fs/src/ff.o
LOAD Util/fat_fs/src/rtc.o
LOAD Util/fat_fs/src/sd_spi_stm32.o
LOAD Util/polygon.o
LOAD Util/rprintf.o
LOAD adc.o
LOAD dma.o
LOAD gpio.o
LOAD i2c_int.o
LOAD interrupts.o
LOAD lib/CMSIS_CM3/core_cm3.o
LOAD lib/CMSIS_CM3/startup/gcc/startup_stm32f10x_md.o
LOAD lib/CMSIS_CM3/system_stm32f10x.o
LOAD main.o
LOAD pwm.o
LOAD pwr.o
LOAD usart.o
LOAD watchdog.o
LOAD lib/STM32F10x_StdPeriph_Driver/libstm32fw.a
LOAD lib/STM32_USB-FS-Device_Driver/libstm32usb.a
LOAD /home/laurence/ARM-GCC/bin/../lib/gcc/arm-none-eabi/4.7.4/../../../../arm-none-eabi/lib/armv7-m/libm.a
LOAD /home/laurence/ARM-GCC/bin/../lib/gcc/arm-none-eabi/4.7.4/../../../../arm-none-eabi/lib/armv7-m/libnosys.a
START GROUP
LOAD /home/laurence/ARM-GCC/bin/../lib/gcc/arm-none-eabi/4.7.4/armv7-m/libgcc.a
LOAD /home/laurence/ARM-GCC/bin/../lib/gcc/arm-none-eabi/4.7.4/../../../../arm-none-eabi/lib/armv7-m/libc.a
END GROUP
LOAD /home/laurence/ARM-GCC/bin/../lib/gcc/arm-none-eabi/4.7.4/armv7-m/crtend.o
LOAD /home/laurence/ARM-GCC/bin/../lib/gcc/arm-none-eabi/4.7.4/armv7-m/crtn.o
                0x00002000                __Stack_Size = 0x2000
                0x00002000                PROVIDE (_Stack_Size, __Stack_Size)
                0x20003000                __Stack_Init = (_estack - __Stack_Size)
                0x20003000                PROVIDE (_Stack_Init, __Stack_Init)
                0x00002000                _Minimum_Stack_Size = 0x2000
                0x00000000                PROVIDE (Undefined_Handler, 0x0)
                0x00000000                PROVIDE (SWI_Handler, 0x0)
                0x00000000                PROVIDE (IRQ_Handler, 0x0)
                0x00000000                PROVIDE (Prefetch_Handler, 0x0)
                0x00000000                PROVIDE (Abort_Handler, 0x0)
                0x00000000                PROVIDE (FIQ_Handler, 0x0)
                0x00000000                PROVIDE (NMIException, 0x0)
                0x00000000                PROVIDE (NMI_Handler, 0x0)
                0x00000000                PROVIDE (HardFaultException, 0x0)
                0x00000000                PROVIDE (HardFault_Handler, 0x0)
                0x00000000                PROVIDE (MemManageException, 0x0)
                0x00000000                PROVIDE (MemManage_Handler, 0x0)
                0x00000000                PROVIDE (BusFaultException, 0x0)
                0x00000000                PROVIDE (BusFault_Handler, 0x0)
                0x00000000                PROVIDE (UsageFaultException, 0x0)
                0x00000000                PROVIDE (UsageFault_Handler, 0x0)
                0x00000000                PROVIDE (SVCHandler, 0x0)
                0x00000000                PROVIDE (SVC_Handler, 0x0)
                0x00000000                PROVIDE (DebugMonitor, 0x0)
                0x00000000                PROVIDE (DebugMon_Handler, 0x0)
                0x00000000                PROVIDE (PendSVC, 0x0)
                0x00000000                PROVIDE (PendSV_Handler, 0x0)
                0x00000000                PROVIDE (SysTickHandler, 0x0)
                0x00000000                PROVIDE (SysTick_Handler, 0x0)
                0x00000000                PROVIDE (WWDG_IRQHandler, 0x0)
                0x00000000                PROVIDE (PVD_IRQHandler, 0x0)
                0x00000000                PROVIDE (TAMPER_IRQHandler, 0x0)
                0x00000000                PROVIDE (RTC_IRQHandler, 0x0)
                0x00000000                PROVIDE (FLASH_IRQHandler, 0x0)
                0x00000000                PROVIDE (RCC_IRQHandler, 0x0)
                0x00000000                PROVIDE (EXTI0_IRQHandler, 0x0)
                0x00000000                PROVIDE (EXTI1_IRQHandler, 0x0)
                0x00000000                PROVIDE (EXTI2_IRQHandler, 0x0)
                0x00000000                PROVIDE (EXTI3_IRQHandler, 0x0)
                0x00000000                PROVIDE (EXTI4_IRQHandler, 0x0)
                0x00000000                PROVIDE (DMAChannel1_IRQHandler, 0x0)
                0x00000000                PROVIDE (DMAChannel2_IRQHandler, 0x0)
                0x00000000                PROVIDE (DMAChannel3_IRQHandler, 0x0)
                0x00000000                PROVIDE (DMAChannel4_IRQHandler, 0x0)
                0x00000000                PROVIDE (DMAChannel5_IRQHandler, 0x0)
                0x00000000                PROVIDE (DMAChannel6_IRQHandler, 0x0)
                0x00000000                PROVIDE (DMAChannel7_IRQHandler, 0x0)
                0x00000000                PROVIDE (DMA1_Channel1_IRQHandler, 0x0)
                0x00000000                PROVIDE (DMA1_Channel2_IRQHandler, 0x0)
                0x00000000                PROVIDE (DMA1_Channel3_IRQHandler, 0x0)
                0x00000000                PROVIDE (DMA1_Channel4_IRQHandler, 0x0)
                0x00000000                PROVIDE (DMA1_Channel5_IRQHandler, 0x0)
                0x00000000                PROVIDE (DMA1_Channel6_IRQHandler, 0x0)
                0x00000000                PROVIDE (DMA1_Channel7_IRQHandler, 0x0)
                0x00000000                PROVIDE (ADC_IRQHandler, 0x0)
                0x00000000                PROVIDE (ADC1_2_IRQHandler, 0x0)
                0x00000000                PROVIDE (USB_HP_CAN_TX_IRQHandler, 0x0)
                0x00000000                PROVIDE (USB_HP_CAN1_TX_IRQHandler, 0x0)
                0x00000000                PROVIDE (USB_LP_CAN_RX0_IRQHandler, 0x0)
                0x00000000                PROVIDE (USB_LP_CAN1_RX0_IRQHandler, 0x0)
                0x00000000                PROVIDE (CAN_RX1_IRQHandler, 0x0)
                0x00000000                PROVIDE (CAN1_RX1_IRQHandler, 0x0)
                0x00000000                PROVIDE (CAN_SCE_IRQHandler, 0x0)
                0x00000000                PROVIDE (CAN1_SCE_IRQHandler, 0x0)
                0x00000000                PROVIDE (EXTI9_5_IRQHandler, 0x0)
                0x00000000                PROVIDE (TIM1_BRK_IRQHandler, 0x0)
                0x00000000                PROVIDE (TIM1_UP_IRQHandler, 0x0)
                0x00000000                PROVIDE (TIM1_TRG_COM_IRQHandler, 0x0)
                0x00000000                PROVIDE (TIM1_CC_IRQHandler, 0x0)
                0x00000000                PROVIDE (TIM2_IRQHandler, 0x0)
                0x00000000                PROVIDE (TIM3_IRQHandler, 0x0)
                0x00000000                PROVIDE (TIM4_IRQHandler, 0x0)
                0x00000000                PROVIDE (I2C1_EV_IRQHandler, 0x0)
                0x00000000                PROVIDE (I2C1_ER_IRQHandler, 0x0)
                0x00000000                PROVIDE (I2C2_EV_IRQHandler, 0x0)
                0x00000000                PROVIDE (I2C2_ER_IRQHandler, 0x0)
                0x00000000                PROVIDE (SPI1_IRQHandler, 0x0)
                0x00000000                PROVIDE (SPI2_IRQHandler, 0x0)
                0x00000000                PROVIDE (USART1_IRQHandler, 0x0)
                0x00000000                PROVIDE (USART2_IRQHandler, 0x0)
                0x00000000                PROVIDE (USART3_IRQHandler, 0x0)
                0x00000000                PROVIDE (EXTI15_10_IRQHandler, 0x0)
                0x00000000                PROVIDE (RTCAlarm_IRQHandler, 0x0)
                0x00000000                PROVIDE (USBWakeUp_IRQHandler, 0x0)
                0x00000000                PROVIDE (TIM8_BRK_IRQHandler, 0x0)
                0x00000000                PROVIDE (TIM8_UP_IRQHandler, 0x0)
                0x00000000                PROVIDE (TIM8_TRG_COM_IRQHandler, 0x0)
                0x00000000                PROVIDE (TIM8_CC_IRQHandler, 0x0)
                0x00000000                PROVIDE (ADC3_IRQHandler, 0x0)
                0x00000000                PROVIDE (FSMC_IRQHandler, 0x0)
                0x00000000                PROVIDE (SDIO_IRQHandler, 0x0)
                0x00000000                PROVIDE (TIM5_IRQHandler, 0x0)
                0x00000000                PROVIDE (SPI3_IRQHandler, 0x0)
                0x00000000                PROVIDE (UART4_IRQHandler, 0x0)
                0x00000000                PROVIDE (UART5_IRQHandler, 0x0)
                0x00000000                PROVIDE (TIM6_IRQHandler, 0x0)
                0x00000000                PROVIDE (TIM7_IRQHandler, 0x0)
                0x00000000                PROVIDE (DMA2_Channel1_IRQHandler, 0x0)
                0x00000000                PROVIDE (DMA2_Channel2_IRQHandler, 0x0)
                0x00000000                PROVIDE (DMA2_Channel3_IRQHandler, 0x0)
                0x00000000                PROVIDE (DMA2_Channel4_5_IRQHandler, 0x0)
                0x42000000                PERIPH_BB_BASE = 0x42000000
                0x22000000                SRAM_BB_BASE = 0x22000000
                0x20000000                SRAM_BASE = 0x20000000
                0x40000000                PERIPH_BASE = 0x40000000
                0x40022000                PROVIDE (FLASH_BASE, 0x40022000)
                0x1ffff800                PROVIDE (OB_BASE, 0x1ffff800)
                0x40000000                APB1PERIPH_BASE = PERIPH_BASE
                0x40010000                APB2PERIPH_BASE = (PERIPH_BASE + 0x10000)
                0x40020000                AHBPERIPH_BASE = (PERIPH_BASE + 0x20000)
                0x40000000                PROVIDE (TIM2, (APB1PERIPH_BASE + 0x0))
                0x40000400                PROVIDE (TIM3, (APB1PERIPH_BASE + 0x400))
                0x40000800                PROVIDE (TIM4, (APB1PERIPH_BASE + 0x800))
                0x40002800                PROVIDE (RTC, (APB1PERIPH_BASE + 0x2800))
                0x40002c00                PROVIDE (WWDG, (APB1PERIPH_BASE + 0x2c00))
                0x40003000                PROVIDE (IWDG, (APB1PERIPH_BASE + 0x3000))
                0x40003800                PROVIDE (SPI2, (APB1PERIPH_BASE + 0x3800))
                0x40004400                PROVIDE (USART2, (APB1PERIPH_BASE + 0x4400))
                0x40004800                PROVIDE (USART3, (APB1PERIPH_BASE + 0x4800))
                0x40005400                PROVIDE (I2C1, (APB1PERIPH_BASE + 0x5400))
                0x40005800                PROVIDE (I2C2, (APB1PERIPH_BASE + 0x5800))
                0x40006400                PROVIDE (CAN, (APB1PERIPH_BASE + 0x6400))
                0x40006c00                PROVIDE (BKP, (APB1PERIPH_BASE + 0x6c00))
                0x40007000                PROVIDE (PWR, (APB1PERIPH_BASE + 0x7000))
                0x40010000                PROVIDE (AFIO, (APB2PERIPH_BASE + 0x0))
                0x40010400                PROVIDE (EXTI, (APB2PERIPH_BASE + 0x400))
                0x40010800                PROVIDE (GPIOA, (APB2PERIPH_BASE + 0x800))
                0x40010c00                PROVIDE (GPIOB, (APB2PERIPH_BASE + 0xc00))
                0x40011000                PROVIDE (GPIOC, (APB2PERIPH_BASE + 0x1000))
                0x40011400                PROVIDE (GPIOD, (APB2PERIPH_BASE + 0x1400))
                0x40011800                PROVIDE (GPIOE, (APB2PERIPH_BASE + 0x1800))
                0x40012400                PROVIDE (ADC1, (APB2PERIPH_BASE + 0x2400))
                0x40012800                PROVIDE (ADC2, (APB2PERIPH_BASE + 0x2800))
                0x40012c00                PROVIDE (TIM1, (APB2PERIPH_BASE + 0x2c00))
                0x40013000                PROVIDE (SPI1, (APB2PERIPH_BASE + 0x3000))
                0x40013800                PROVIDE (USART1, (APB2PERIPH_BASE + 0x3800))
                0x40020000                PROVIDE (DMA, (AHBPERIPH_BASE + 0x0))
                0x40020008                PROVIDE (DMA_Channel1, (AHBPERIPH_BASE + 0x8))
                0x4002001c                PROVIDE (DMA_Channel2, (AHBPERIPH_BASE + 0x1c))
                0x40020030                PROVIDE (DMA_Channel3, (AHBPERIPH_BASE + 0x30))
                0x40020044                PROVIDE (DMA_Channel4, (AHBPERIPH_BASE + 0x44))
                0x40020058                PROVIDE (DMA_Channel5, (AHBPERIPH_BASE + 0x58))
                0x4002006c                PROVIDE (DMA_Channel6, (AHBPERIPH_BASE + 0x6c))
                0x40020080                PROVIDE (DMA_Channel7, (AHBPERIPH_BASE + 0x80))
                0x40021000                PROVIDE (RCC, (AHBPERIPH_BASE + 0x1000))
                0xe000e000                SCS_BASE = 0xe000e000
                0xe000e010                PROVIDE (SysTick, (SCS_BASE + 0x10))
                0xe000e100                PROVIDE (NVIC, (SCS_BASE + 0x100))
                0xe000ed00                PROVIDE (SCB, (SCS_BASE + 0xd00))
                0x20005000                PROVIDE (_estack, (ORIGIN (RAM) + 0x5000))

.isr_vector     0x08000000      0x10c
                0x08000000                . = ALIGN (0x4)
 *(.isr_vector)
 .isr_vector    0x08000000      0x10c lib/CMSIS_CM3/startup/gcc/startup_stm32f10x_md.o
                0x08000000                g_pfnVectors
                0x0800010c                . = ALIGN (0x4)

.flash_start    0x00000000        0x0
                0x00000000                . = ALIGN (0x4)
 *(.flash_start)
 *(.flash_start.*)
                0x00000000                . = ALIGN (0x4)

.crp_patch      0x00000000        0x0
                0x00000000                . = ALIGN (0x4)
 *(.crp_patch)
                0x00000000                . = ALIGN (0x4)

.flashtext      0x0800010c        0x0
                0x0800010c                . = ALIGN (0x4)
 *(.flashtext)
                0x0800010c                . = ALIGN (0x4)

.text           0x08000110     0xaa44
                0x08000110                . = ALIGN (0x4)
 *(.text)
 .text          0x08000110      0x370 /home/laurence/ARM-GCC/bin/../lib/gcc/arm-none-eabi/4.7.4/armv7-m/libgcc.a(_arm_addsubdf3.o)
                0x08000110                __aeabi_drsub
                0x08000118                __aeabi_dsub
                0x08000118                __subdf3
                0x0800011c                __adddf3
                0x0800011c                __aeabi_dadd
                0x08000394                __aeabi_ui2d
                0x08000394                __floatunsidf
                0x080003b4                __floatsidf
                0x080003b4                __aeabi_i2d
                0x080003d8                __extendsfdf2
                0x080003d8                __aeabi_f2d
                0x08000414                __aeabi_ul2d
                0x08000414                __floatundidf
                0x08000424                __floatdidf
                0x08000424                __aeabi_l2d
 .text          0x08000480      0x424 /home/laurence/ARM-GCC/bin/../lib/gcc/arm-none-eabi/4.7.4/armv7-m/libgcc.a(_arm_muldivdf3.o)
                0x08000480                __aeabi_dmul
                0x08000480                __muldf3
                0x080006d4                __aeabi_ddiv
                0x080006d4                __divdf3
 .text          0x080008a4      0x110 /home/laurence/ARM-GCC/bin/../lib/gcc/arm-none-eabi/4.7.4/armv7-m/libgcc.a(_arm_cmpdf2.o)
                0x080008a4                __gtdf2
                0x080008a4                __gedf2
                0x080008ac                __ltdf2
                0x080008ac                __ledf2
                0x080008b4                __cmpdf2
                0x080008b4                __eqdf2
                0x080008b4                __nedf2
                0x08000930                __aeabi_cdrcmple
                0x08000940                __aeabi_cdcmple
                0x08000940                __aeabi_cdcmpeq
                0x08000950                __aeabi_dcmpeq
                0x08000964                __aeabi_dcmplt
                0x08000978                __aeabi_dcmple
                0x0800098c                __aeabi_dcmpge
                0x080009a0                __aeabi_dcmpgt
 .text          0x080009b4       0x40 /home/laurence/ARM-GCC/bin/../lib/gcc/arm-none-eabi/4.7.4/armv7-m/libgcc.a(_arm_fixunsdfsi.o)
                0x080009b4                __fixunsdfsi
                0x080009b4                __aeabi_d2uiz
 .text          0x080009f4       0xa0 /home/laurence/ARM-GCC/bin/../lib/gcc/arm-none-eabi/4.7.4/armv7-m/libgcc.a(_arm_truncdfsf2.o)
                0x080009f4                __aeabi_d2f
                0x080009f4                __truncdfsf2
 .text          0x08000a94      0x21c /home/laurence/ARM-GCC/bin/../lib/gcc/arm-none-eabi/4.7.4/armv7-m/libgcc.a(_arm_addsubsf3.o)
                0x08000a94                __aeabi_frsub
                0x08000a9c                __subsf3
                0x08000a9c                __aeabi_fsub
                0x08000aa0                __aeabi_fadd
                0x08000aa0                __addsf3
                0x08000c00                __aeabi_ui2f
                0x08000c00                __floatunsisf
                0x08000c08                __aeabi_i2f
                0x08000c08                __floatsisf
                0x08000c24                __floatundisf
                0x08000c24                __aeabi_ul2f
                0x08000c34                __floatdisf
                0x08000c34                __aeabi_l2f
 .text          0x08000cb0      0x2a0 /home/laurence/ARM-GCC/bin/../lib/gcc/arm-none-eabi/4.7.4/armv7-m/libgcc.a(_arm_muldivsf3.o)
                0x08000cb0                __mulsf3
                0x08000cb0                __aeabi_fmul
                0x08000e18                __divsf3
                0x08000e18                __aeabi_fdiv
 .text          0x08000f50       0xec /home/laurence/ARM-GCC/bin/../lib/gcc/arm-none-eabi/4.7.4/armv7-m/libgcc.a(_arm_cmpsf2.o)
                0x08000f50                __gtsf2
                0x08000f50                __gesf2
                0x08000f58                __lesf2
                0x08000f58                __ltsf2
                0x08000f60                __nesf2
                0x08000f60                __eqsf2
                0x08000f60                __cmpsf2
                0x08000fc0                __aeabi_cfrcmple
                0x08000fc8                __aeabi_cfcmple
                0x08000fc8                __aeabi_cfcmpeq
                0x08000fd8                __aeabi_fcmpeq
                0x08000fec                __aeabi_fcmplt
                0x08001000                __aeabi_fcmple
                0x08001014                __aeabi_fcmpge
                0x08001028                __aeabi_fcmpgt
 .text          0x0800103c       0x40 /home/laurence/ARM-GCC/bin/../lib/gcc/arm-none-eabi/4.7.4/armv7-m/libgcc.a(_arm_fixunssfsi.o)
                0x0800103c                __aeabi_f2uiz
                0x0800103c                __fixunssfsi
 *(.text.*)
 *fill*         0x0800107c        0x4 00
 .text.startup.main
                0x08001080     0x16d0 /tmp/ccEojf3m.ltrans0.ltrans.o
                0x08001080                main
 .text.atoiRamRom.4137
                0x08002750       0x20 /tmp/ccEojf3m.ltrans1.ltrans.o
 .text.Resume_Init.4259
                0x08002770       0x30 /tmp/ccEojf3m.ltrans1.ltrans.o
 .text.Resume.4254
                0x080027a0       0x88 /tmp/ccEojf3m.ltrans1.ltrans.o
 .text.Get_Max_Lun
                0x08002828       0x18 /tmp/ccEojf3m.ltrans1.ltrans.o
                0x08002828                Get_Max_Lun
 .text.MASS_Get_Interface_Setting
                0x08002840        0xc /tmp/ccEojf3m.ltrans1.ltrans.o
                0x08002840                MASS_Get_Interface_Setting
 .text.MASS_Status_Out
                0x0800284c        0x2 /tmp/ccEojf3m.ltrans1.ltrans.o
                0x0800284c                MASS_Status_Out
 .text.MASS_Status_In
                0x0800284e        0x2 /tmp/ccEojf3m.ltrans1.ltrans.o
                0x0800284e                MASS_Status_In
 .text.Mass_Storage_SetDeviceAddress
                0x08002850        0xc /tmp/ccEojf3m.ltrans1.ltrans.o
                0x08002850                Mass_Storage_SetDeviceAddress
 .text.stm32_dma_transfer.5588.4118
                0x0800285c       0xc8 /tmp/ccEojf3m.ltrans1.ltrans.o
 .text.MASS_Reset
                0x08002924       0xe0 /tmp/ccEojf3m.ltrans1.ltrans.o
                0x08002924                MASS_Reset
 .text.Mass_Storage_SetConfiguration
                0x08002a04       0x30 /tmp/ccEojf3m.ltrans1.ltrans.o
                0x08002a04                Mass_Storage_SetConfiguration
 .text.MASS_NoData_Setup
                0x08002a34       0x4c /tmp/ccEojf3m.ltrans1.ltrans.o
                0x08002a34                MASS_NoData_Setup
 .text.MASS_GetDeviceDescriptor
                0x08002a80        0xc /tmp/ccEojf3m.ltrans1.ltrans.o
                0x08002a80                MASS_GetDeviceDescriptor
 .text.MASS_GetConfigDescriptor
                0x08002a8c        0xc /tmp/ccEojf3m.ltrans1.ltrans.o
                0x08002a8c                MASS_GetConfigDescriptor
 .text.MASS_GetStringDescriptor
                0x08002a98       0x20 /tmp/ccEojf3m.ltrans1.ltrans.o
                0x08002a98                MASS_GetStringDescriptor
 .text.Init_Timer
                0x08002ab8       0x74 /tmp/ccEojf3m.ltrans1.ltrans.o
                0x08002ab8                Init_Timer
 .text.Timer_GPIO_Enable
                0x08002b2c       0x24 /tmp/ccEojf3m.ltrans1.ltrans.o
                0x08002b2c                Timer_GPIO_Enable
 .text.Timer_GPIO_Disable
                0x08002b50       0x24 /tmp/ccEojf3m.ltrans1.ltrans.o
                0x08002b50                Timer_GPIO_Disable
 .text.shutdown
                0x08002b74       0x10 /tmp/ccEojf3m.ltrans1.ltrans.o
                0x08002b74                shutdown
 .text.I2C1_Request_Job
                0x08002b84       0x58 /tmp/ccEojf3m.ltrans1.ltrans.o
                0x08002b84                I2C1_Request_Job
 .text.rprintfChar
                0x08002bdc       0x1c /tmp/ccEojf3m.ltrans1.ltrans.o
                0x08002bdc                rprintfChar
 .text.rprintf2RamRom
                0x08002bf8      0x404 /tmp/ccEojf3m.ltrans1.ltrans.o
                0x08002bf8                rprintf2RamRom
 .text.stm32_spi_rw.5577
                0x08002ffc       0x24 /tmp/ccEojf3m.ltrans1.ltrans.o
                0x08002ffc                stm32_spi_rw.5577
 .text.rcvr_spi.5580
                0x08003020        0x6 /tmp/ccEojf3m.ltrans1.ltrans.o
                0x08003020                rcvr_spi.5580
 *fill*         0x08003026        0x2 00
 .text.release_spi
                0x08003028       0x18 /tmp/ccEojf3m.ltrans1.ltrans.o
                0x08003028                release_spi
 .text.rcvr_datablock
                0x08003040       0x54 /tmp/ccEojf3m.ltrans1.ltrans.o
                0x08003040                rcvr_datablock
 .text.xmit_datablock.part.1.5593
                0x08003094       0x2c /tmp/ccEojf3m.ltrans1.ltrans.o
                0x08003094                xmit_datablock.part.1.5593
 .text.wait_ready.5582
                0x080030c0       0x28 /tmp/ccEojf3m.ltrans1.ltrans.o
                0x080030c0                wait_ready.5582
 .text.send_cmd.5584
                0x080030e8       0x90 /tmp/ccEojf3m.ltrans1.ltrans.o
                0x080030e8                send_cmd.5584
 .text.disk_read
                0x08003178       0xa0 /tmp/ccEojf3m.ltrans1.ltrans.o
                0x08003178                disk_read
 .text.Read_Memory
                0x08003218      0x154 /tmp/ccEojf3m.ltrans1.ltrans.o
                0x08003218                Read_Memory
 .text.check_fs.5237
                0x0800336c       0x88 /tmp/ccEojf3m.ltrans1.ltrans.o
                0x0800336c                check_fs.5237
 .text.disk_timerproc
                0x080033f4       0x48 /tmp/ccEojf3m.ltrans1.ltrans.o
                0x080033f4                disk_timerproc
 .text.validate.5230
                0x0800343c       0x2c /tmp/ccEojf3m.ltrans1.ltrans.o
                0x0800343c                validate.5230
 .text.counter_to_struct.5491
                0x08003468       0xa8 /tmp/ccEojf3m.ltrans1.ltrans.o
                0x08003468                counter_to_struct.5491
 .text.isDST.5473
                0x08003510       0x2a /tmp/ccEojf3m.ltrans1.ltrans.o
                0x08003510                isDST.5473
 *fill*         0x0800353a        0x2 00
 .text.rtc_gettime
                0x0800353c       0x74 /tmp/ccEojf3m.ltrans1.ltrans.o
                0x0800353c                rtc_gettime
 .text.get_fattime
                0x080035b0       0x40 /tmp/ccEojf3m.ltrans1.ltrans.o
                0x080035b0                get_fattime
 .text.clust2sect
                0x080035f0       0x18 /tmp/ccEojf3m.ltrans1.ltrans.o
                0x080035f0                clust2sect
 .text.mem_cpy.5161
                0x08003608       0x12 /tmp/ccEojf3m.ltrans1.ltrans.o
                0x08003608                mem_cpy.5161
 *fill*         0x0800361a        0x2 00
 .text.ff_convert.part.0.5094
                0x0800361c       0x24 /tmp/ccEojf3m.ltrans1.ltrans.o
                0x0800361c                ff_convert.part.0.5094
 .text.Delay    0x08003640       0x18 /tmp/ccEojf3m.ltrans1.ltrans.o
                0x08003640                Delay
 .text.Pop_From_Buffer
                0x08003658       0x1c /tmp/ccEojf3m.ltrans1.ltrans.o
                0x08003658                Pop_From_Buffer
 .text.Add_To_Buffer
                0x08003674       0x48 /tmp/ccEojf3m.ltrans1.ltrans.o
                0x08003674                Add_To_Buffer
 .text.Bot_Abort.part.2.4580
                0x080036bc       0x18 /tmp/ccEojf3m.ltrans1.ltrans.o
                0x080036bc                Bot_Abort.part.2.4580
 .text.USB_Istr
                0x080036d4      0x118 /tmp/ccEojf3m.ltrans1.ltrans.o
                0x080036d4                USB_Istr
 .text.Set_CSW  0x080037ec       0x3c /tmp/ccEojf3m.ltrans1.ltrans.o
                0x080037ec                Set_CSW
 .text.Transfer_Data_Request
                0x08003828       0x34 /tmp/ccEojf3m.ltrans1.ltrans.o
                0x08003828                Transfer_Data_Request
 .text.IntToUnicode.4363
                0x0800385c       0x2a /tmp/ccEojf3m.ltrans1.ltrans.o
                0x0800385c                IntToUnicode.4363
 *fill*         0x08003886        0x2 00
 .text.MASS_Data_Setup.4039
                0x08003888       0x38 /tmp/ccEojf3m.ltrans2.ltrans.o
 .text.Mass_Storage_ClearFeature.4049
                0x080038c0       0x18 /tmp/ccEojf3m.ltrans2.ltrans.o
 .text.MASS_init.4117
                0x080038d8       0x70 /tmp/ccEojf3m.ltrans2.ltrans.o
 .text.__gps_send_char.4150
                0x08003948       0x1c /tmp/ccEojf3m.ltrans2.ltrans.o
 .text.__usart_send_char
                0x08003964       0x1c /tmp/ccEojf3m.ltrans2.ltrans.o
                0x08003964                __usart_send_char
 .text.__str_print_char
                0x08003980       0x2c /tmp/ccEojf3m.ltrans2.ltrans.o
                0x08003980                __str_print_char
 .text.send_string_to_silabs.constprop.34
                0x080039ac       0x24 /tmp/ccEojf3m.ltrans2.ltrans.o
                0x080039ac                send_string_to_silabs.constprop.34
 .text.si446x_spi_state_machine.constprop.32
                0x080039d0      0x1f8 /tmp/ccEojf3m.ltrans2.ltrans.o
                0x080039d0                si446x_spi_state_machine.constprop.32
 .text.si446x_state_machine
                0x08003bc8      0x1e0 /tmp/ccEojf3m.ltrans2.ltrans.o
                0x08003bc8                si446x_state_machine
 .text.Gps_Process_Byte.constprop.30
                0x08003da8      0x1c8 /tmp/ccEojf3m.ltrans2.ltrans.o
                0x08003da8                Gps_Process_Byte.constprop.30
 .text.Get_UBX_Ack.constprop.29
                0x08003f70       0xa4 /tmp/ccEojf3m.ltrans2.ltrans.o
                0x08003f70                Get_UBX_Ack.constprop.29
 .text.USART2_reconf.constprop.28
                0x08004014       0x50 /tmp/ccEojf3m.ltrans2.ltrans.o
                0x08004014                USART2_reconf.constprop.28
 .text.ReadADC1_noblock.constprop.5
                0x08004064       0x20 /tmp/ccEojf3m.ltrans2.ltrans.o
                0x08004064                ReadADC1_noblock.constprop.5
 .text.DMA_USART2_Configuration.constprop.4
                0x08004084       0x50 /tmp/ccEojf3m.ltrans2.ltrans.o
                0x08004084                DMA_USART2_Configuration.constprop.4
 .text.Bytes_In_DMA_Buffer.constprop.3
                0x080040d4       0x30 /tmp/ccEojf3m.ltrans2.ltrans.o
                0x080040d4                Bytes_In_DMA_Buffer.constprop.3
 .text.Gps_Send_Utf8
                0x08004104       0x1a /tmp/ccEojf3m.ltrans2.ltrans.o
                0x08004104                Gps_Send_Utf8
 .text.Gps_Send_Str
                0x0800411e       0x16 /tmp/ccEojf3m.ltrans2.ltrans.o
                0x0800411e                Gps_Send_Str
 .text.Usart_Send_Str
                0x08004134       0x16 /tmp/ccEojf3m.ltrans2.ltrans.o
                0x08004134                Usart_Send_Str
 *fill*         0x0800414a        0x2 00
 .text.power_on.5575
                0x0800414c       0xf0 /tmp/ccEojf3m.ltrans2.ltrans.o
                0x0800414c                power_on.5575
 .text.MAL_GetStatus
                0x0800423c       0xc4 /tmp/ccEojf3m.ltrans2.ltrans.o
                0x0800423c                MAL_GetStatus
 .text.I2C_Config
                0x08004300      0x138 /tmp/ccEojf3m.ltrans2.ltrans.o
                0x08004300                I2C_Config
 .text.EP2_OUT_Callback.4048
                0x08004438      0x310 /tmp/ccEojf3m.ltrans3.ltrans.o
 .text.dir_next.5303
                0x08004748       0xfa /tmp/ccEojf3m.ltrans3.ltrans.o
                0x08004748                dir_next.5303
 *fill*         0x08004842        0x2 00
 .text.f_write.constprop.14
                0x08004844      0x1cc /tmp/ccEojf3m.ltrans3.ltrans.o
                0x08004844                f_write.constprop.14
 .text.__fat_print_char
                0x08004a10       0x18 /tmp/ccEojf3m.ltrans3.ltrans.o
                0x08004a10                __fat_print_char
 .text.f_puts.constprop.7
                0x08004a28       0x2c /tmp/ccEojf3m.ltrans3.ltrans.o
                0x08004a28                f_puts.constprop.7
 .text.f_lseek.constprop.11
                0x08004a54      0x180 /tmp/ccEojf3m.ltrans3.ltrans.o
                0x08004a54                f_lseek.constprop.11
 .text.dir_find.part.4.5307.4134
                0x08004bd4      0x184 /tmp/ccEojf3m.ltrans4.ltrans.o
 .text.follow_path.5313.4122
                0x08004d58      0x290 /tmp/ccEojf3m.ltrans4.ltrans.o
 .text.f_open.constprop.16
                0x08004fe8      0x3b4 /tmp/ccEojf3m.ltrans4.ltrans.o
                0x08004fe8                f_open.constprop.16
 .text.f_stat.constprop.10
                0x0800539c      0x13c /tmp/ccEojf3m.ltrans4.ltrans.o
                0x0800539c                f_stat.constprop.10
 .text.SCSI_Address_Management.4157
                0x080054d8       0x74 /tmp/ccEojf3m.ltrans5.ltrans.o
 .text.disk_write
                0x0800554c       0xcc /tmp/ccEojf3m.ltrans5.ltrans.o
                0x0800554c                disk_write
 .text.SCSI_Write10_Cmd
                0x08005618      0x144 /tmp/ccEojf3m.ltrans5.ltrans.o
                0x08005618                SCSI_Write10_Cmd
 .text.move_window.5220
                0x0800575c       0x76 /tmp/ccEojf3m.ltrans5.ltrans.o
                0x0800575c                move_window.5220
 .text.put_fat  0x080057d2       0xf2 /tmp/ccEojf3m.ltrans5.ltrans.o
                0x080057d2                put_fat
 .text.get_fat  0x080058c4       0xc8 /tmp/ccEojf3m.ltrans5.ltrans.o
                0x080058c4                get_fat
 .text.remove_chain.5333
                0x0800598c       0x54 /tmp/ccEojf3m.ltrans5.ltrans.o
                0x0800598c                remove_chain.5333
 .text.create_chain.5299
                0x080059e0       0x9a /tmp/ccEojf3m.ltrans5.ltrans.o
                0x080059e0                create_chain.5299
 .text.dir_sdi.5267
                0x08005a7a       0x84 /tmp/ccEojf3m.ltrans5.ltrans.o
                0x08005a7a                dir_sdi.5267
 *fill*         0x08005afe        0x2 00
 .text.SCSI_Invalid_Cmd
                0x08005b00       0x3c /tmp/ccEojf3m.ltrans5.ltrans.o
                0x08005b00                SCSI_Invalid_Cmd
 .text.SCSI_Read10_Cmd
                0x08005b3c       0x6c /tmp/ccEojf3m.ltrans5.ltrans.o
                0x08005b3c                SCSI_Read10_Cmd
 .text.EP1_IN_Callback.4143
                0x08005ba8       0x5c /tmp/ccEojf3m.ltrans5.ltrans.o
 .text.si446x_setup
                0x08005c04      0x6b0 /tmp/ccEojf3m.ltrans6.ltrans.o
                0x08005c04                si446x_setup
 .text.disk_initialize
                0x080062b4      0x148 /tmp/ccEojf3m.ltrans6.ltrans.o
                0x080062b4                disk_initialize
 .text.chk_mounted.5241
                0x080063fc      0x314 /tmp/ccEojf3m.ltrans6.ltrans.o
                0x080063fc                chk_mounted.5241
 .text.I2C1_EV_IRQHandler
                0x08006710      0x474 /tmp/ccEojf3m.ltrans7.ltrans.o
                0x08006710                I2C1_EV_IRQHandler
 .text.EXTI15_10_IRQHandler
                0x08006b84       0x30 /tmp/ccEojf3m.ltrans7.ltrans.o
                0x08006b84                EXTI15_10_IRQHandler
 .text.DMA1_Channel4_IRQHandler
                0x08006bb4       0x30 /tmp/ccEojf3m.ltrans7.ltrans.o
                0x08006bb4                DMA1_Channel4_IRQHandler
 .text.DMA1_Channel5_IRQHandler
                0x08006be4       0x30 /tmp/ccEojf3m.ltrans7.ltrans.o
                0x08006be4                DMA1_Channel5_IRQHandler
 .text.EXTI0_IRQHandler
                0x08006c14       0x34 /tmp/ccEojf3m.ltrans7.ltrans.o
                0x08006c14                EXTI0_IRQHandler
 .text.USART3_IRQHandler
                0x08006c48       0x74 /tmp/ccEojf3m.ltrans7.ltrans.o
                0x08006c48                USART3_IRQHandler
 .text.f_sync.constprop.13
                0x08006cbc      0x184 /tmp/ccEojf3m.ltrans7.ltrans.o
                0x08006cbc                f_sync.constprop.13
 .text.f_close.constprop.12
                0x08006e40       0x14 /tmp/ccEojf3m.ltrans7.ltrans.o
                0x08006e40                f_close.constprop.12
 .text.USB_LP_CAN1_RX0_IRQHandler
                0x08006e54        0x4 /tmp/ccEojf3m.ltrans8.ltrans.o
                0x08006e54                USB_LP_CAN1_RX0_IRQHandler
 .text.USB_HP_CAN1_TX_IRQHandler
                0x08006e58        0x4 /tmp/ccEojf3m.ltrans8.ltrans.o
                0x08006e58                USB_HP_CAN1_TX_IRQHandler
 *fill*         0x08006e5c        0x4 00
 .text.SysTick_Handler
                0x08006e60      0x4d8 /tmp/ccEojf3m.ltrans8.ltrans.o
                0x08006e60                SysTick_Handler
 .text.ADC1_2_IRQHandler
                0x08007338       0x6c /tmp/ccEojf3m.ltrans8.ltrans.o
                0x08007338                ADC1_2_IRQHandler
 .text.I2C1_ER_IRQHandler
                0x080073a4       0xf4 /tmp/ccEojf3m.ltrans8.ltrans.o
                0x080073a4                I2C1_ER_IRQHandler
 .text.USART1_IRQHandler
                0x08007498       0x34 /tmp/ccEojf3m.ltrans9.ltrans.o
                0x08007498                USART1_IRQHandler
 .text.malloc   0x080074cc       0x10 /home/laurence/ARM-GCC/bin/../lib/gcc/arm-none-eabi/4.7.4/../../../../arm-none-eabi/lib/armv7-m/libc.a(lib_a-malloc.o)
                0x080074cc                malloc
 .text._malloc_r
                0x080074dc      0x530 /home/laurence/ARM-GCC/bin/../lib/gcc/arm-none-eabi/4.7.4/../../../../arm-none-eabi/lib/armv7-m/libc.a(lib_a-mallocr.o)
                0x080074dc                _malloc_r
 .text.memcpy   0x08007a0c      0x15c /home/laurence/ARM-GCC/bin/../lib/gcc/arm-none-eabi/4.7.4/../../../../arm-none-eabi/lib/armv7-m/libc.a(lib_a-memcpy.o)
                0x08007a0c                memcpy
 .text.__malloc_lock
                0x08007b68        0x4 /home/laurence/ARM-GCC/bin/../lib/gcc/arm-none-eabi/4.7.4/../../../../arm-none-eabi/lib/armv7-m/libc.a(lib_a-mlock.o)
                0x08007b68                __malloc_lock
 .text.__malloc_unlock
                0x08007b6c        0x4 /home/laurence/ARM-GCC/bin/../lib/gcc/arm-none-eabi/4.7.4/../../../../arm-none-eabi/lib/armv7-m/libc.a(lib_a-mlock.o)
                0x08007b6c                __malloc_unlock
 .text._sbrk_r  0x08007b70       0x24 /home/laurence/ARM-GCC/bin/../lib/gcc/arm-none-eabi/4.7.4/../../../../arm-none-eabi/lib/armv7-m/libc.a(lib_a-sbrkr.o)
                0x08007b70                _sbrk_r
 .text.strchr   0x08007b94       0xfc /home/laurence/ARM-GCC/bin/../lib/gcc/arm-none-eabi/4.7.4/../../../../arm-none-eabi/lib/armv7-m/libc.a(lib_a-strchr.o)
                0x08007b94                strchr
 .text.strlen   0x08007c90       0x60 /home/laurence/ARM-GCC/bin/../lib/gcc/arm-none-eabi/4.7.4/../../../../arm-none-eabi/lib/armv7-m/libc.a(lib_a-strlen.o)
                0x08007c90                strlen
 .text.strncmp  0x08007cf0      0x120 /home/laurence/ARM-GCC/bin/../lib/gcc/arm-none-eabi/4.7.4/../../../../arm-none-eabi/lib/armv7-m/libc.a(lib_a-strncmp.o)
                0x08007cf0                strncmp
 .text.strncpy  0x08007e10      0x10c /home/laurence/ARM-GCC/bin/../lib/gcc/arm-none-eabi/4.7.4/../../../../arm-none-eabi/lib/armv7-m/libc.a(lib_a-strncpy.o)
                0x08007e10                strncpy
 .text._malloc_trim_r
                0x08007f1c       0x98 /home/laurence/ARM-GCC/bin/../lib/gcc/arm-none-eabi/4.7.4/../../../../arm-none-eabi/lib/armv7-m/libc.a(lib_a-freer.o)
                0x08007f1c                _malloc_trim_r
 .text._free_r  0x08007fb4      0x194 /home/laurence/ARM-GCC/bin/../lib/gcc/arm-none-eabi/4.7.4/../../../../arm-none-eabi/lib/armv7-m/libc.a(lib_a-freer.o)
                0x08007fb4                _free_r
 .text.Reset_Handler
                0x08008148       0x48 lib/CMSIS_CM3/startup/gcc/startup_stm32f10x_md.o
                0x08008148                Reset_Handler
 .text.Default_Handler
                0x08008190        0x4 lib/CMSIS_CM3/startup/gcc/startup_stm32f10x_md.o
                0x08008190                EXTI2_IRQHandler
                0x08008190                DebugMon_Handler
                0x08008190                TIM1_CC_IRQHandler
                0x08008190                HardFault_Handler
                0x08008190                PVD_IRQHandler
                0x08008190                PendSV_Handler
                0x08008190                NMI_Handler
                0x08008190                EXTI3_IRQHandler
                0x08008190                I2C2_EV_IRQHandler
                0x08008190                UsageFault_Handler
                0x08008190                SPI1_IRQHandler
                0x08008190                TAMPER_IRQHandler
                0x08008190                RTC_IRQHandler
                0x08008190                DMA1_Channel7_IRQHandler
                0x08008190                CAN1_RX1_IRQHandler
                0x08008190                TIM4_IRQHandler
                0x08008190                DMA1_Channel6_IRQHandler
                0x08008190                TIM3_IRQHandler
                0x08008190                RCC_IRQHandler
                0x08008190                TIM1_TRG_COM_IRQHandler
                0x08008190                DMA1_Channel1_IRQHandler
                0x08008190                Default_Handler
                0x08008190                EXTI9_5_IRQHandler
                0x08008190                SPI2_IRQHandler
                0x08008190                MemManage_Handler
                0x08008190                SVC_Handler
                0x08008190                EXTI4_IRQHandler
                0x08008190                DMA1_Channel3_IRQHandler
                0x08008190                TIM1_UP_IRQHandler
                0x08008190                WWDG_IRQHandler
                0x08008190                TIM2_IRQHandler
                0x08008190                TIM1_BRK_IRQHandler
                0x08008190                EXTI1_IRQHandler
                0x08008190                RTCAlarm_IRQHandler
                0x08008190                USART2_IRQHandler
                0x08008190                I2C2_ER_IRQHandler
                0x08008190                DMA1_Channel2_IRQHandler
                0x08008190                CAN1_SCE_IRQHandler
                0x08008190                FLASH_IRQHandler
                0x08008190                BusFault_Handler
                0x08008190                USBWakeUp_IRQHandler
 .text.NVIC_PriorityGroupConfig
                0x08008194       0x14 lib/STM32F10x_StdPeriph_Driver/libstm32fw.a(misc.o)
                0x08008194                NVIC_PriorityGroupConfig
 .text.NVIC_Init
                0x080081a8       0x68 lib/STM32F10x_StdPeriph_Driver/libstm32fw.a(misc.o)
                0x080081a8                NVIC_Init
 .text.NVIC_SetVectorTable
                0x08008210       0x14 lib/STM32F10x_StdPeriph_Driver/libstm32fw.a(misc.o)
                0x08008210                NVIC_SetVectorTable
 .text.SysTick_CLKSourceConfig
                0x08008224       0x18 lib/STM32F10x_StdPeriph_Driver/libstm32fw.a(misc.o)
                0x08008224                SysTick_CLKSourceConfig
 .text.ADC_DeInit
                0x0800823c       0x5c lib/STM32F10x_StdPeriph_Driver/libstm32fw.a(stm32f10x_adc.o)
                0x0800823c                ADC_DeInit
 .text.ADC_Init
                0x08008298       0x48 lib/STM32F10x_StdPeriph_Driver/libstm32fw.a(stm32f10x_adc.o)
                0x08008298                ADC_Init
 .text.ADC_Cmd  0x080082e0       0x12 lib/STM32F10x_StdPeriph_Driver/libstm32fw.a(stm32f10x_adc.o)
                0x080082e0                ADC_Cmd
 .text.ADC_ResetCalibration
                0x080082f2        0xa lib/STM32F10x_StdPeriph_Driver/libstm32fw.a(stm32f10x_adc.o)
                0x080082f2                ADC_ResetCalibration
 .text.ADC_GetResetCalibrationStatus
                0x080082fc        0x8 lib/STM32F10x_StdPeriph_Driver/libstm32fw.a(stm32f10x_adc.o)
                0x080082fc                ADC_GetResetCalibrationStatus
 .text.ADC_StartCalibration
                0x08008304        0xa lib/STM32F10x_StdPeriph_Driver/libstm32fw.a(stm32f10x_adc.o)
                0x08008304                ADC_StartCalibration
 .text.ADC_GetCalibrationStatus
                0x0800830e        0x8 lib/STM32F10x_StdPeriph_Driver/libstm32fw.a(stm32f10x_adc.o)
                0x0800830e                ADC_GetCalibrationStatus
 .text.ADC_SoftwareStartConvCmd
                0x08008316       0x12 lib/STM32F10x_StdPeriph_Driver/libstm32fw.a(stm32f10x_adc.o)
                0x08008316                ADC_SoftwareStartConvCmd
 .text.ADC_RegularChannelConfig
                0x08008328       0x9a lib/STM32F10x_StdPeriph_Driver/libstm32fw.a(stm32f10x_adc.o)
                0x08008328                ADC_RegularChannelConfig
 .text.ADC_GetConversionValue
                0x080083c2        0x6 lib/STM32F10x_StdPeriph_Driver/libstm32fw.a(stm32f10x_adc.o)
                0x080083c2                ADC_GetConversionValue
 .text.ADC_ExternalTrigInjectedConvConfig
                0x080083c8        0xc lib/STM32F10x_StdPeriph_Driver/libstm32fw.a(stm32f10x_adc.o)
                0x080083c8                ADC_ExternalTrigInjectedConvConfig
 .text.ADC_SoftwareStartInjectedConvCmd
                0x080083d4       0x12 lib/STM32F10x_StdPeriph_Driver/libstm32fw.a(stm32f10x_adc.o)
                0x080083d4                ADC_SoftwareStartInjectedConvCmd
 .text.ADC_InjectedChannelConfig
                0x080083e6       0x60 lib/STM32F10x_StdPeriph_Driver/libstm32fw.a(stm32f10x_adc.o)
                0x080083e6                ADC_InjectedChannelConfig
 .text.ADC_InjectedSequencerLengthConfig
                0x08008446       0x10 lib/STM32F10x_StdPeriph_Driver/libstm32fw.a(stm32f10x_adc.o)
                0x08008446                ADC_InjectedSequencerLengthConfig
 .text.ADC_GetInjectedConversionValue
                0x08008456       0x1a lib/STM32F10x_StdPeriph_Driver/libstm32fw.a(stm32f10x_adc.o)
                0x08008456                ADC_GetInjectedConversionValue
 .text.ADC_GetFlagStatus
                0x08008470        0xc lib/STM32F10x_StdPeriph_Driver/libstm32fw.a(stm32f10x_adc.o)
                0x08008470                ADC_GetFlagStatus
 .text.ADC_ClearFlag
                0x0800847c        0x6 lib/STM32F10x_StdPeriph_Driver/libstm32fw.a(stm32f10x_adc.o)
                0x0800847c                ADC_ClearFlag
 .text.ADC_GetITStatus
                0x08008482       0x16 lib/STM32F10x_StdPeriph_Driver/libstm32fw.a(stm32f10x_adc.o)
                0x08008482                ADC_GetITStatus
 .text.ADC_ClearITPendingBit
                0x08008498        0x8 lib/STM32F10x_StdPeriph_Driver/libstm32fw.a(stm32f10x_adc.o)
                0x08008498                ADC_ClearITPendingBit
 .text.BKP_DeInit
                0x080084a0       0x12 lib/STM32F10x_StdPeriph_Driver/libstm32fw.a(stm32f10x_bkp.o)
                0x080084a0                BKP_DeInit
 *fill*         0x080084b2        0x2 00
 .text.BKP_RTCOutputConfig
                0x080084b4       0x18 lib/STM32F10x_StdPeriph_Driver/libstm32fw.a(stm32f10x_bkp.o)
                0x080084b4                BKP_RTCOutputConfig
 .text.BKP_SetRTCCalibrationValue
                0x080084cc       0x18 lib/STM32F10x_StdPeriph_Driver/libstm32fw.a(stm32f10x_bkp.o)
                0x080084cc                BKP_SetRTCCalibrationValue
 .text.BKP_WriteBackupRegister
                0x080084e4       0x1c lib/STM32F10x_StdPeriph_Driver/libstm32fw.a(stm32f10x_bkp.o)
                0x080084e4                BKP_WriteBackupRegister
 .text.BKP_ReadBackupRegister
                0x08008500       0x20 lib/STM32F10x_StdPeriph_Driver/libstm32fw.a(stm32f10x_bkp.o)
                0x08008500                BKP_ReadBackupRegister
 .text.DBGMCU_Config
                0x08008520       0x18 lib/STM32F10x_StdPeriph_Driver/libstm32fw.a(stm32f10x_dbgmcu.o)
                0x08008520                DBGMCU_Config
 .text.DMA_DeInit
                0x08008538       0xec lib/STM32F10x_StdPeriph_Driver/libstm32fw.a(stm32f10x_dma.o)
                0x08008538                DMA_DeInit
 .text.DMA_Init
                0x08008624       0x40 lib/STM32F10x_StdPeriph_Driver/libstm32fw.a(stm32f10x_dma.o)
                0x08008624                DMA_Init
 .text.DMA_Cmd  0x08008664       0x12 lib/STM32F10x_StdPeriph_Driver/libstm32fw.a(stm32f10x_dma.o)
                0x08008664                DMA_Cmd
 .text.DMA_ITConfig
                0x08008676       0x10 lib/STM32F10x_StdPeriph_Driver/libstm32fw.a(stm32f10x_dma.o)
                0x08008676                DMA_ITConfig
 .text.DMA_GetCurrDataCounter
                0x08008686        0x6 lib/STM32F10x_StdPeriph_Driver/libstm32fw.a(stm32f10x_dma.o)
                0x08008686                DMA_GetCurrDataCounter
 .text.DMA_GetFlagStatus
                0x0800868c       0x1c lib/STM32F10x_StdPeriph_Driver/libstm32fw.a(stm32f10x_dma.o)
                0x0800868c                DMA_GetFlagStatus
 .text.DMA_ClearFlag
                0x080086a8       0x14 lib/STM32F10x_StdPeriph_Driver/libstm32fw.a(stm32f10x_dma.o)
                0x080086a8                DMA_ClearFlag
 .text.DMA_GetITStatus
                0x080086bc       0x1c lib/STM32F10x_StdPeriph_Driver/libstm32fw.a(stm32f10x_dma.o)
                0x080086bc                DMA_GetITStatus
 .text.DMA_ClearITPendingBit
                0x080086d8       0x14 lib/STM32F10x_StdPeriph_Driver/libstm32fw.a(stm32f10x_dma.o)
                0x080086d8                DMA_ClearITPendingBit
 .text.EXTI_DeInit
                0x080086ec       0x1c lib/STM32F10x_StdPeriph_Driver/libstm32fw.a(stm32f10x_exti.o)
                0x080086ec                EXTI_DeInit
 .text.EXTI_Init
                0x08008708       0x88 lib/STM32F10x_StdPeriph_Driver/libstm32fw.a(stm32f10x_exti.o)
                0x08008708                EXTI_Init
 .text.EXTI_GenerateSWInterrupt
                0x08008790       0x10 lib/STM32F10x_StdPeriph_Driver/libstm32fw.a(stm32f10x_exti.o)
                0x08008790                EXTI_GenerateSWInterrupt
 .text.EXTI_GetITStatus
                0x080087a0       0x20 lib/STM32F10x_StdPeriph_Driver/libstm32fw.a(stm32f10x_exti.o)
                0x080087a0                EXTI_GetITStatus
 .text.EXTI_ClearITPendingBit
                0x080087c0        0xc lib/STM32F10x_StdPeriph_Driver/libstm32fw.a(stm32f10x_exti.o)
                0x080087c0                EXTI_ClearITPendingBit
 .text.GPIO_Init
                0x080087cc       0x9a lib/STM32F10x_StdPeriph_Driver/libstm32fw.a(stm32f10x_gpio.o)
                0x080087cc                GPIO_Init
 .text.GPIO_ReadInputDataBit
                0x08008866        0xc lib/STM32F10x_StdPeriph_Driver/libstm32fw.a(stm32f10x_gpio.o)
                0x08008866                GPIO_ReadInputDataBit
 .text.GPIO_SetBits
                0x08008872        0x4 lib/STM32F10x_StdPeriph_Driver/libstm32fw.a(stm32f10x_gpio.o)
                0x08008872                GPIO_SetBits
 .text.GPIO_ResetBits
                0x08008876        0x4 lib/STM32F10x_StdPeriph_Driver/libstm32fw.a(stm32f10x_gpio.o)
                0x08008876                GPIO_ResetBits
 .text.GPIO_WriteBit
                0x0800887a        0xa lib/STM32F10x_StdPeriph_Driver/libstm32fw.a(stm32f10x_gpio.o)
                0x0800887a                GPIO_WriteBit
 .text.GPIO_EXTILineConfig
                0x08008884       0x34 lib/STM32F10x_StdPeriph_Driver/libstm32fw.a(stm32f10x_gpio.o)
                0x08008884                GPIO_EXTILineConfig
 .text.I2C_DeInit
                0x080088b8       0x34 lib/STM32F10x_StdPeriph_Driver/libstm32fw.a(stm32f10x_i2c.o)
                0x080088b8                I2C_DeInit
 .text.I2C_Init
                0x080088ec       0xd4 lib/STM32F10x_StdPeriph_Driver/libstm32fw.a(stm32f10x_i2c.o)
                0x080088ec                I2C_Init
 .text.I2C_Cmd  0x080089c0       0x18 lib/STM32F10x_StdPeriph_Driver/libstm32fw.a(stm32f10x_i2c.o)
                0x080089c0                I2C_Cmd
 .text.I2C_GenerateSTART
                0x080089d8       0x18 lib/STM32F10x_StdPeriph_Driver/libstm32fw.a(stm32f10x_i2c.o)
                0x080089d8                I2C_GenerateSTART
 .text.I2C_GenerateSTOP
                0x080089f0       0x18 lib/STM32F10x_StdPeriph_Driver/libstm32fw.a(stm32f10x_i2c.o)
                0x080089f0                I2C_GenerateSTOP
 .text.I2C_AcknowledgeConfig
                0x08008a08       0x18 lib/STM32F10x_StdPeriph_Driver/libstm32fw.a(stm32f10x_i2c.o)
                0x08008a08                I2C_AcknowledgeConfig
 .text.I2C_ITConfig
                0x08008a20       0x12 lib/STM32F10x_StdPeriph_Driver/libstm32fw.a(stm32f10x_i2c.o)
                0x08008a20                I2C_ITConfig
 .text.I2C_SendData
                0x08008a32        0x4 lib/STM32F10x_StdPeriph_Driver/libstm32fw.a(stm32f10x_i2c.o)
                0x08008a32                I2C_SendData
 .text.I2C_ReceiveData
                0x08008a36        0x6 lib/STM32F10x_StdPeriph_Driver/libstm32fw.a(stm32f10x_i2c.o)
                0x08008a36                I2C_ReceiveData
 .text.I2C_Send7bitAddress
                0x08008a3c       0x10 lib/STM32F10x_StdPeriph_Driver/libstm32fw.a(stm32f10x_i2c.o)
                0x08008a3c                I2C_Send7bitAddress
 .text.I2C_SoftwareResetCmd
                0x08008a4c       0x18 lib/STM32F10x_StdPeriph_Driver/libstm32fw.a(stm32f10x_i2c.o)
                0x08008a4c                I2C_SoftwareResetCmd
 .text.IWDG_WriteAccessCmd
                0x08008a64        0xc lib/STM32F10x_StdPeriph_Driver/libstm32fw.a(stm32f10x_iwdg.o)
                0x08008a64                IWDG_WriteAccessCmd
 .text.IWDG_SetPrescaler
                0x08008a70        0xc lib/STM32F10x_StdPeriph_Driver/libstm32fw.a(stm32f10x_iwdg.o)
                0x08008a70                IWDG_SetPrescaler
 .text.IWDG_SetReload
                0x08008a7c        0xc lib/STM32F10x_StdPeriph_Driver/libstm32fw.a(stm32f10x_iwdg.o)
                0x08008a7c                IWDG_SetReload
 .text.IWDG_ReloadCounter
                0x08008a88       0x10 lib/STM32F10x_StdPeriph_Driver/libstm32fw.a(stm32f10x_iwdg.o)
                0x08008a88                IWDG_ReloadCounter
 .text.IWDG_Enable
                0x08008a98       0x10 lib/STM32F10x_StdPeriph_Driver/libstm32fw.a(stm32f10x_iwdg.o)
                0x08008a98                IWDG_Enable
 .text.PWR_DeInit
                0x08008aa8       0x1a lib/STM32F10x_StdPeriph_Driver/libstm32fw.a(stm32f10x_pwr.o)
                0x08008aa8                PWR_DeInit
 *fill*         0x08008ac2        0x2 00
 .text.PWR_BackupAccessCmd
                0x08008ac4        0xc lib/STM32F10x_StdPeriph_Driver/libstm32fw.a(stm32f10x_pwr.o)
                0x08008ac4                PWR_BackupAccessCmd
 .text.PWR_WakeUpPinCmd
                0x08008ad0        0xc lib/STM32F10x_StdPeriph_Driver/libstm32fw.a(stm32f10x_pwr.o)
                0x08008ad0                PWR_WakeUpPinCmd
 .text.PWR_EnterSTANDBYMode
                0x08008adc       0x28 lib/STM32F10x_StdPeriph_Driver/libstm32fw.a(stm32f10x_pwr.o)
                0x08008adc                PWR_EnterSTANDBYMode
 .text.RCC_HCLKConfig
                0x08008b04       0x14 lib/STM32F10x_StdPeriph_Driver/libstm32fw.a(stm32f10x_rcc.o)
                0x08008b04                RCC_HCLKConfig
 .text.RCC_USBCLKConfig
                0x08008b18        0xc lib/STM32F10x_StdPeriph_Driver/libstm32fw.a(stm32f10x_rcc.o)
                0x08008b18                RCC_USBCLKConfig
 .text.RCC_ADCCLKConfig
                0x08008b24       0x14 lib/STM32F10x_StdPeriph_Driver/libstm32fw.a(stm32f10x_rcc.o)
                0x08008b24                RCC_ADCCLKConfig
 .text.RCC_LSEConfig
                0x08008b38       0x20 lib/STM32F10x_StdPeriph_Driver/libstm32fw.a(stm32f10x_rcc.o)
                0x08008b38                RCC_LSEConfig
 .text.RCC_RTCCLKConfig
                0x08008b58       0x10 lib/STM32F10x_StdPeriph_Driver/libstm32fw.a(stm32f10x_rcc.o)
                0x08008b58                RCC_RTCCLKConfig
 .text.RCC_RTCCLKCmd
                0x08008b68        0xc lib/STM32F10x_StdPeriph_Driver/libstm32fw.a(stm32f10x_rcc.o)
                0x08008b68                RCC_RTCCLKCmd
 .text.RCC_GetClocksFreq
                0x08008b74       0x9c lib/STM32F10x_StdPeriph_Driver/libstm32fw.a(stm32f10x_rcc.o)
                0x08008b74                RCC_GetClocksFreq
 .text.RCC_AHBPeriphClockCmd
                0x08008c10       0x18 lib/STM32F10x_StdPeriph_Driver/libstm32fw.a(stm32f10x_rcc.o)
                0x08008c10                RCC_AHBPeriphClockCmd
 .text.RCC_APB2PeriphClockCmd
                0x08008c28       0x18 lib/STM32F10x_StdPeriph_Driver/libstm32fw.a(stm32f10x_rcc.o)
                0x08008c28                RCC_APB2PeriphClockCmd
 .text.RCC_APB1PeriphClockCmd
                0x08008c40       0x18 lib/STM32F10x_StdPeriph_Driver/libstm32fw.a(stm32f10x_rcc.o)
                0x08008c40                RCC_APB1PeriphClockCmd
 .text.RCC_APB2PeriphResetCmd
                0x08008c58       0x18 lib/STM32F10x_StdPeriph_Driver/libstm32fw.a(stm32f10x_rcc.o)
                0x08008c58                RCC_APB2PeriphResetCmd
 .text.RCC_APB1PeriphResetCmd
                0x08008c70       0x18 lib/STM32F10x_StdPeriph_Driver/libstm32fw.a(stm32f10x_rcc.o)
                0x08008c70                RCC_APB1PeriphResetCmd
 .text.RCC_BackupResetCmd
                0x08008c88        0xc lib/STM32F10x_StdPeriph_Driver/libstm32fw.a(stm32f10x_rcc.o)
                0x08008c88                RCC_BackupResetCmd
 .text.RCC_GetFlagStatus
                0x08008c94       0x28 lib/STM32F10x_StdPeriph_Driver/libstm32fw.a(stm32f10x_rcc.o)
                0x08008c94                RCC_GetFlagStatus
 .text.RTC_EnterConfigMode
                0x08008cbc       0x14 lib/STM32F10x_StdPeriph_Driver/libstm32fw.a(stm32f10x_rtc.o)
                0x08008cbc                RTC_EnterConfigMode
 .text.RTC_ExitConfigMode
                0x08008cd0       0x14 lib/STM32F10x_StdPeriph_Driver/libstm32fw.a(stm32f10x_rtc.o)
                0x08008cd0                RTC_ExitConfigMode
 .text.RTC_GetCounter
                0x08008ce4       0x14 lib/STM32F10x_StdPeriph_Driver/libstm32fw.a(stm32f10x_rtc.o)
                0x08008ce4                RTC_GetCounter
 .text.RTC_SetCounter
                0x08008cf8       0x20 lib/STM32F10x_StdPeriph_Driver/libstm32fw.a(stm32f10x_rtc.o)
                0x08008cf8                RTC_SetCounter
 .text.RTC_SetPrescaler
                0x08008d18       0x20 lib/STM32F10x_StdPeriph_Driver/libstm32fw.a(stm32f10x_rtc.o)
                0x08008d18                RTC_SetPrescaler
 .text.RTC_WaitForLastTask
                0x08008d38       0x14 lib/STM32F10x_StdPeriph_Driver/libstm32fw.a(stm32f10x_rtc.o)
                0x08008d38                RTC_WaitForLastTask
 .text.RTC_WaitForSynchro
                0x08008d4c       0x24 lib/STM32F10x_StdPeriph_Driver/libstm32fw.a(stm32f10x_rtc.o)
                0x08008d4c                RTC_WaitForSynchro
 .text.SPI_Init
                0x08008d70       0x3e lib/STM32F10x_StdPeriph_Driver/libstm32fw.a(stm32f10x_spi.o)
                0x08008d70                SPI_Init
 .text.SPI_Cmd  0x08008dae       0x18 lib/STM32F10x_StdPeriph_Driver/libstm32fw.a(stm32f10x_spi.o)
                0x08008dae                SPI_Cmd
 .text.SPI_I2S_DMACmd
                0x08008dc6       0x12 lib/STM32F10x_StdPeriph_Driver/libstm32fw.a(stm32f10x_spi.o)
                0x08008dc6                SPI_I2S_DMACmd
 .text.SPI_I2S_SendData
                0x08008dd8        0x4 lib/STM32F10x_StdPeriph_Driver/libstm32fw.a(stm32f10x_spi.o)
                0x08008dd8                SPI_I2S_SendData
 .text.SPI_I2S_ReceiveData
                0x08008ddc        0x6 lib/STM32F10x_StdPeriph_Driver/libstm32fw.a(stm32f10x_spi.o)
                0x08008ddc                SPI_I2S_ReceiveData
 .text.SPI_CalculateCRC
                0x08008de2       0x18 lib/STM32F10x_StdPeriph_Driver/libstm32fw.a(stm32f10x_spi.o)
                0x08008de2                SPI_CalculateCRC
 .text.SPI_I2S_GetFlagStatus
                0x08008dfa        0xc lib/STM32F10x_StdPeriph_Driver/libstm32fw.a(stm32f10x_spi.o)
                0x08008dfa                SPI_I2S_GetFlagStatus
 *fill*         0x08008e06        0x2 00
 .text.TIM_TimeBaseInit
                0x08008e08       0x3c lib/STM32F10x_StdPeriph_Driver/libstm32fw.a(stm32f10x_tim.o)
                0x08008e08                TIM_TimeBaseInit
 .text.TIM_OC1Init
                0x08008e44       0x74 lib/STM32F10x_StdPeriph_Driver/libstm32fw.a(stm32f10x_tim.o)
                0x08008e44                TIM_OC1Init
 .text.TIM_Cmd  0x08008eb8       0x18 lib/STM32F10x_StdPeriph_Driver/libstm32fw.a(stm32f10x_tim.o)
                0x08008eb8                TIM_Cmd
 .text.TIM_CtrlPWMOutputs
                0x08008ed0       0x1c lib/STM32F10x_StdPeriph_Driver/libstm32fw.a(stm32f10x_tim.o)
                0x08008ed0                TIM_CtrlPWMOutputs
 .text.TIM_ARRPreloadConfig
                0x08008eec       0x18 lib/STM32F10x_StdPeriph_Driver/libstm32fw.a(stm32f10x_tim.o)
                0x08008eec                TIM_ARRPreloadConfig
 .text.TIM_OC1PreloadConfig
                0x08008f04       0x10 lib/STM32F10x_StdPeriph_Driver/libstm32fw.a(stm32f10x_tim.o)
                0x08008f04                TIM_OC1PreloadConfig
 .text.TIM_SetCompare1
                0x08008f14        0x4 lib/STM32F10x_StdPeriph_Driver/libstm32fw.a(stm32f10x_tim.o)
                0x08008f14                TIM_SetCompare1
 .text.USART_DeInit
                0x08008f18       0x98 lib/STM32F10x_StdPeriph_Driver/libstm32fw.a(stm32f10x_usart.o)
                0x08008f18                USART_DeInit
 .text.USART_Init
                0x08008fb0       0x88 lib/STM32F10x_StdPeriph_Driver/libstm32fw.a(stm32f10x_usart.o)
                0x08008fb0                USART_Init
 .text.USART_Cmd
                0x08009038       0x18 lib/STM32F10x_StdPeriph_Driver/libstm32fw.a(stm32f10x_usart.o)
                0x08009038                USART_Cmd
 .text.USART_ITConfig
                0x08009050       0x34 lib/STM32F10x_StdPeriph_Driver/libstm32fw.a(stm32f10x_usart.o)
                0x08009050                USART_ITConfig
 .text.USART_DMACmd
                0x08009084       0x12 lib/STM32F10x_StdPeriph_Driver/libstm32fw.a(stm32f10x_usart.o)
                0x08009084                USART_DMACmd
 .text.USART_SendData
                0x08009096        0x8 lib/STM32F10x_StdPeriph_Driver/libstm32fw.a(stm32f10x_usart.o)
                0x08009096                USART_SendData
 .text.USART_ReceiveData
                0x0800909e        0x8 lib/STM32F10x_StdPeriph_Driver/libstm32fw.a(stm32f10x_usart.o)
                0x0800909e                USART_ReceiveData
 .text.USART_GetFlagStatus
                0x080090a6        0xc lib/STM32F10x_StdPeriph_Driver/libstm32fw.a(stm32f10x_usart.o)
                0x080090a6                USART_GetFlagStatus
 .text.USART_GetITStatus
                0x080090b2       0x40 lib/STM32F10x_StdPeriph_Driver/libstm32fw.a(stm32f10x_usart.o)
                0x080090b2                USART_GetITStatus
 .text.USART_ClearITPendingBit
                0x080090f2       0x10 lib/STM32F10x_StdPeriph_Driver/libstm32fw.a(stm32f10x_usart.o)
                0x080090f2                USART_ClearITPendingBit
 *fill*         0x08009102        0x2 00
 .text.Standard_GetConfiguration
                0x08009104       0x24 lib/STM32_USB-FS-Device_Driver/libstm32usb.a(usb_core.o)
                0x08009104                Standard_GetConfiguration
 .text.Standard_GetInterface
                0x08009128       0x24 lib/STM32_USB-FS-Device_Driver/libstm32usb.a(usb_core.o)
                0x08009128                Standard_GetInterface
 .text.Standard_GetStatus
                0x0800914c       0x9c lib/STM32_USB-FS-Device_Driver/libstm32usb.a(usb_core.o)
                0x0800914c                Standard_GetStatus
 .text.DataStageIn
                0x080091e8       0xa4 lib/STM32_USB-FS-Device_Driver/libstm32usb.a(usb_core.o)
 .text.Standard_SetConfiguration
                0x0800928c       0x38 lib/STM32_USB-FS-Device_Driver/libstm32usb.a(usb_core.o)
                0x0800928c                Standard_SetConfiguration
 .text.Standard_SetInterface
                0x080092c4       0x48 lib/STM32_USB-FS-Device_Driver/libstm32usb.a(usb_core.o)
                0x080092c4                Standard_SetInterface
 .text.Standard_ClearFeature
                0x0800930c       0xdc lib/STM32_USB-FS-Device_Driver/libstm32usb.a(usb_core.o)
                0x0800930c                Standard_ClearFeature
 .text.Standard_SetEndPointFeature
                0x080093e8       0x8c lib/STM32_USB-FS-Device_Driver/libstm32usb.a(usb_core.o)
                0x080093e8                Standard_SetEndPointFeature
 .text.Standard_SetDeviceFeature
                0x08009474       0x24 lib/STM32_USB-FS-Device_Driver/libstm32usb.a(usb_core.o)
                0x08009474                Standard_SetDeviceFeature
 .text.Standard_GetDescriptorData
                0x08009498       0x1c lib/STM32_USB-FS-Device_Driver/libstm32usb.a(usb_core.o)
                0x08009498                Standard_GetDescriptorData
 .text.Post0_Process
                0x080094b4       0x40 lib/STM32_USB-FS-Device_Driver/libstm32usb.a(usb_core.o)
                0x080094b4                Post0_Process
 .text.Out0_Process
                0x080094f4       0xd4 lib/STM32_USB-FS-Device_Driver/libstm32usb.a(usb_core.o)
                0x080094f4                Out0_Process
 .text.Setup0_Process
                0x080095c8      0x2f8 lib/STM32_USB-FS-Device_Driver/libstm32usb.a(usb_core.o)
                0x080095c8                Setup0_Process
 .text.SetDeviceAddress
                0x080098c0       0x40 lib/STM32_USB-FS-Device_Driver/libstm32usb.a(usb_core.o)
                0x080098c0                SetDeviceAddress
 .text.In0_Process
                0x08009900       0x60 lib/STM32_USB-FS-Device_Driver/libstm32usb.a(usb_core.o)
                0x08009900                In0_Process
 .text.NOP_Process
                0x08009960        0x2 lib/STM32_USB-FS-Device_Driver/libstm32usb.a(usb_core.o)
                0x08009960                NOP_Process
 *fill*         0x08009962        0x2 00
 .text.USB_Init
                0x08009964       0x38 lib/STM32_USB-FS-Device_Driver/libstm32usb.a(usb_init.o)
                0x08009964                USB_Init
 .text.CTR_LP   0x0800999c      0x190 lib/STM32_USB-FS-Device_Driver/libstm32usb.a(usb_int.o)
                0x0800999c                CTR_LP
 .text.CTR_HP   0x08009b2c       0x74 lib/STM32_USB-FS-Device_Driver/libstm32usb.a(usb_int.o)
                0x08009b2c                CTR_HP
 .text.UserToPMABufferCopy
                0x08009ba0       0x2e lib/STM32_USB-FS-Device_Driver/libstm32usb.a(usb_mem.o)
                0x08009ba0                UserToPMABufferCopy
 .text.PMAToUserBufferCopy
                0x08009bce       0x24 lib/STM32_USB-FS-Device_Driver/libstm32usb.a(usb_mem.o)
                0x08009bce                PMAToUserBufferCopy
 *fill*         0x08009bf2        0x2 00
 .text.SetBTABLE
                0x08009bf4       0x10 lib/STM32_USB-FS-Device_Driver/libstm32usb.a(usb_regs.o)
                0x08009bf4                SetBTABLE
 .text.SetEPType
                0x08009c04       0x18 lib/STM32_USB-FS-Device_Driver/libstm32usb.a(usb_regs.o)
                0x08009c04                SetEPType
 .text.SetEPTxStatus
                0x08009c1c       0x3a lib/STM32_USB-FS-Device_Driver/libstm32usb.a(usb_regs.o)
                0x08009c1c                SetEPTxStatus
 .text.SetEPRxStatus
                0x08009c56       0x3a lib/STM32_USB-FS-Device_Driver/libstm32usb.a(usb_regs.o)
                0x08009c56                SetEPRxStatus
 .text.SetEPRxValid
                0x08009c90       0x22 lib/STM32_USB-FS-Device_Driver/libstm32usb.a(usb_regs.o)
                0x08009c90                SetEPRxValid
 .text.Clear_Status_Out
                0x08009cb2       0x1e lib/STM32_USB-FS-Device_Driver/libstm32usb.a(usb_regs.o)
                0x08009cb2                Clear_Status_Out
 .text.ClearDTOG_RX
                0x08009cd0       0x24 lib/STM32_USB-FS-Device_Driver/libstm32usb.a(usb_regs.o)
                0x08009cd0                ClearDTOG_RX
 .text.ClearDTOG_TX
                0x08009cf4       0x24 lib/STM32_USB-FS-Device_Driver/libstm32usb.a(usb_regs.o)
                0x08009cf4                ClearDTOG_TX
 .text.SetEPTxAddr
                0x08009d18       0x20 lib/STM32_USB-FS-Device_Driver/libstm32usb.a(usb_regs.o)
                0x08009d18                SetEPTxAddr
 .text.SetEPRxAddr
                0x08009d38       0x20 lib/STM32_USB-FS-Device_Driver/libstm32usb.a(usb_regs.o)
                0x08009d38                SetEPRxAddr
 .text.GetEPTxAddr
                0x08009d58       0x1c lib/STM32_USB-FS-Device_Driver/libstm32usb.a(usb_regs.o)
                0x08009d58                GetEPTxAddr
 .text.GetEPRxAddr
                0x08009d74       0x1c lib/STM32_USB-FS-Device_Driver/libstm32usb.a(usb_regs.o)
                0x08009d74                GetEPRxAddr
 .text.SetEPTxCount
                0x08009d90       0x1c lib/STM32_USB-FS-Device_Driver/libstm32usb.a(usb_regs.o)
                0x08009d90                SetEPTxCount
 .text.SetEPRxCount
                0x08009dac       0x3c lib/STM32_USB-FS-Device_Driver/libstm32usb.a(usb_regs.o)
                0x08009dac                SetEPRxCount
 .text.GetEPRxCount
                0x08009de8       0x20 lib/STM32_USB-FS-Device_Driver/libstm32usb.a(usb_regs.o)
                0x08009de8                GetEPRxCount
 .text.ByteSwap
                0x08009e08        0xa lib/STM32_USB-FS-Device_Driver/libstm32usb.a(usb_regs.o)
                0x08009e08                ByteSwap
 *fill*         0x08009e12        0x2 00
 .text.USB_SIL_Init
                0x08009e14       0x20 lib/STM32_USB-FS-Device_Driver/libstm32usb.a(usb_sil.o)
                0x08009e14                USB_SIL_Init
 .text.USB_SIL_Write
                0x08009e34       0x28 lib/STM32_USB-FS-Device_Driver/libstm32usb.a(usb_sil.o)
                0x08009e34                USB_SIL_Write
 .text.USB_SIL_Read
                0x08009e5c       0x24 lib/STM32_USB-FS-Device_Driver/libstm32usb.a(usb_sil.o)
                0x08009e5c                USB_SIL_Read
 .text.memset   0x08009e80      0x12c /home/laurence/ARM-GCC/bin/../lib/gcc/arm-none-eabi/4.7.4/../../../../arm-none-eabi/lib/armv7-m/libc.a(lib_a-memset.o)
                0x08009e80                memset
 .text._sbrk    0x08009fac       0x34 /home/laurence/ARM-GCC/bin/../lib/gcc/arm-none-eabi/4.7.4/../../../../arm-none-eabi/lib/armv7-m/libnosys.a(sbrk.o)
                0x08009fac                _sbrk
 *(.rodata)
 .rodata        0x08009fe0       0xf0 /tmp/ccEojf3m.ltrans0.ltrans.o
                0x08009fe0                DaysInMonth.5525
 .rodata        0x0800a0d0       0x20 /tmp/ccEojf3m.ltrans1.ltrans.o
 .rodata        0x0800a0f0       0x74 /tmp/ccEojf3m.ltrans2.ltrans.o
 .rodata        0x0800a164      0x54e /tmp/ccEojf3m.ltrans4.ltrans.o
                0x0800a532                Tbl.5104
 .rodata        0x0800a6b2       0x24 /tmp/ccEojf3m.ltrans6.ltrans.o
 *(.rodata*)
 .rodata.str1.1
                0x0800a6d6      0x42d /tmp/ccEojf3m.ltrans0.ltrans.o
 .rodata.Silabs_Header
                0x0800ab03        0x5 /tmp/ccEojf3m.ltrans0.ltrans.o
 .rodata.str1.1
                0x0800ab08        0x6 /tmp/ccEojf3m.ltrans1.ltrans.o
 .rodata.MASS_DeviceDescriptor
                0x0800ab0e       0x12 /tmp/ccEojf3m.ltrans1.ltrans.o
 .rodata.str1.1
                0x0800ab20       0x10 /tmp/ccEojf3m.ltrans4.ltrans.o
                                 0x19 (size before relaxing)
 .rodata.L3GD20_setup
                0x0800ab30        0x6 /tmp/ccEojf3m.ltrans7.ltrans.o
 *fill*         0x0800ab36        0x2 00
 .rodata.str1.4
                0x0800ab38        0x4 /home/laurence/ARM-GCC/bin/../lib/gcc/arm-none-eabi/4.7.4/../../../../arm-none-eabi/lib/armv7-m/libc.a(lib_a-impure.o)
 *(.glue_7)
 .glue_7        0x00000000        0x0 linker stubs
 *(.glue_7t)
 .glue_7t       0x00000000        0x0 linker stubs
 *(.init)
 .init          0x0800ab3c        0x4 /home/laurence/ARM-GCC/bin/../lib/gcc/arm-none-eabi/4.7.4/armv7-m/crti.o
                0x0800ab3c                _init
 .init          0x0800ab40        0x8 /home/laurence/ARM-GCC/bin/../lib/gcc/arm-none-eabi/4.7.4/armv7-m/crtn.o
 *(.fini)
 .fini          0x0800ab48        0x4 /home/laurence/ARM-GCC/bin/../lib/gcc/arm-none-eabi/4.7.4/armv7-m/crti.o
                0x0800ab48                _fini
 .fini          0x0800ab4c        0x8 /home/laurence/ARM-GCC/bin/../lib/gcc/arm-none-eabi/4.7.4/armv7-m/crtn.o
                0x0800ab54                . = ALIGN (0x4)
                0x0800ab54                _etext = .
                0x0800ab54                _sidata = _etext

.vfp11_veneer   0x0800ab54        0x0
 .vfp11_veneer  0x00000000        0x0 linker stubs

.v4_bx          0x0800ab54        0x0
 .v4_bx         0x00000000        0x0 linker stubs

.iplt           0x0800ab54        0x0
 .iplt          0x00000000        0x0 /home/laurence/ARM-GCC/bin/../lib/gcc/arm-none-eabi/4.7.4/armv7-m/crtbegin.o

.rel.dyn        0x0800ab54        0x0
 .rel.iplt      0x00000000        0x0 /home/laurence/ARM-GCC/bin/../lib/gcc/arm-none-eabi/4.7.4/armv7-m/crtbegin.o

.flashpatch     0x00000000        0x0
                0x00000000                . = ALIGN (0x4)
 *(.flashpatch)
                0x00000000                . = ALIGN (0x4)

.endflash       0x00000000        0x0
                0x00000000                . = ALIGN (0x4)
 *(.endflash)
                0x00000000                . = ALIGN (0x4)
                0x00000000                _e_endflash = .

.data           0x20000000      0x9d4 load address 0x0800ab54
                0x20000000                . = ALIGN (0x4)
                0x20000000                _sdata = .
                0x20000000                _data = .
 *(.data)
 .data          0x20000000       0x18 /tmp/ccEojf3m.ltrans1.ltrans.o
                0x20000015                Device_Table
 .data          0x20000018       0x98 /tmp/ccEojf3m.ltrans2.ltrans.o
                0x20000034                String_Descriptor
                0x2000005c                User_Standard_Requests
                0x20000080                Device_Property
 .data          0x200000b0       0x90 /tmp/ccEojf3m.ltrans3.ltrans.o
                0x200000f8                Scsi_Sense_Data
                0x20000124                pEpInt_OUT
 .data          0x20000140       0x1c /tmp/ccEojf3m.ltrans5.ltrans.o
                0x20000140                pEpInt_IN
 .data          0x2000015c        0x1 /tmp/ccEojf3m.ltrans6.ltrans.o
 *fill*         0x2000015d        0x3 00
 .data          0x20000160       0x24 /tmp/ccEojf3m.ltrans7.ltrans.o
                0x20000160                I2C_jobs
                0x20000180                Stat.5719
 *(.data.*)
 .data.__malloc_av_
                0x20000184      0x408 /home/laurence/ARM-GCC/bin/../lib/gcc/arm-none-eabi/4.7.4/../../../../arm-none-eabi/lib/armv7-m/libc.a(lib_a-mallocr.o)
                0x20000184                __malloc_av_
 .data.__malloc_trim_threshold
                0x2000058c        0x4 /home/laurence/ARM-GCC/bin/../lib/gcc/arm-none-eabi/4.7.4/../../../../arm-none-eabi/lib/armv7-m/libc.a(lib_a-mallocr.o)
                0x2000058c                __malloc_trim_threshold
 .data.__malloc_sbrk_base
                0x20000590        0x4 /home/laurence/ARM-GCC/bin/../lib/gcc/arm-none-eabi/4.7.4/../../../../arm-none-eabi/lib/armv7-m/libc.a(lib_a-mallocr.o)
                0x20000590                __malloc_sbrk_base
 .data.ADCPrescTable
                0x20000594        0x4 lib/STM32F10x_StdPeriph_Driver/libstm32fw.a(stm32f10x_rcc.o)
 .data.APBAHBPrescTable
                0x20000598       0x10 lib/STM32F10x_StdPeriph_Driver/libstm32fw.a(stm32f10x_rcc.o)
 .data.impure_data
                0x200005a8      0x428 /home/laurence/ARM-GCC/bin/../lib/gcc/arm-none-eabi/4.7.4/../../../../arm-none-eabi/lib/armv7-m/libc.a(lib_a-impure.o)
 .data._impure_ptr
                0x200009d0        0x4 /home/laurence/ARM-GCC/bin/../lib/gcc/arm-none-eabi/4.7.4/../../../../arm-none-eabi/lib/armv7-m/libc.a(lib_a-impure.o)
                0x200009d0                _impure_ptr
 *(.RAMtext)
                0x200009d4                . = ALIGN (0x4)
                0x200009d4                _edata = .
                0x0800b528                _eidata = (_sidata + (_edata - _sdata))
                0x08020000                _lastdataromaddress = (ORIGIN (FLASH) + 0x20000)
                0x00000000                toobig = (_eidata > _lastdataromaddress)?!!!!!!!!! FLASH IS FULL !!!!!!!!!:0x0

.igot.plt       0x200009d4        0x0 load address 0x0800b528
 .igot.plt      0x00000000        0x0 /home/laurence/ARM-GCC/bin/../lib/gcc/arm-none-eabi/4.7.4/armv7-m/crtbegin.o

.bss            0x200009d8      0xcc4 load address 0x0800b530
                0x200009d8                . = ALIGN (0x4)
                0x200009d8                _sbss = .
                0x200009d8                _bss = .
 *(.bss)
 .bss           0x200009d8      0xa38 /tmp/ccEojf3m.ltrans0.ltrans.o
                0x20000e00                bootsource
                0x20000e04                Gps_Buffer
                0x20000e10                rputchar.5801
                0x20000e14                Data_Buffer
                0x20000e18                Millis
                0x20000e1c                Battery_Voltage
                0x20000e20                FatFs.5446
                0x20001058                FATFS_info
                0x20001078                FATFS_logfile
                0x2000129c                print_string
                0x2000139c                Jobs
                0x200013a0                Completed_Jobs
                0x200013a4                Gps
                0x200013d8                Silabs_Rx_Buffer
                0x200013e4                CTS_Low.4223
                0x200013e8                Gyro_XY_Rate
                0x200013ec                Gyro_Z_Rate
                0x200013f0                Ind_Voltage
                0x200013f4                Auto_volt
                0x200013f8                Ignition_Selftest
                0x200013fa                AutoSequence
                0x200013fc                System_state_Global
                0x20001400                Aux_Voltage
                0x20001404                Gyro_Temperature
                0x20001408                Auto_spin
                0x2000140c                Shutdown_System
 .bss           0x20001410       0xb4 /tmp/ccEojf3m.ltrans1.ltrans.o
                0x200014c0                wIstr
 .bss           0x200014c4       0x38 /tmp/ccEojf3m.ltrans2.ltrans.o
 .bss           0x200014fc       0x98 /tmp/ccEojf3m.ltrans3.ltrans.o
                0x200014fc                CBW
                0x2000151c                Bulk_Data_Buff
                0x2000155c                Data_Len
                0x2000155e                Bot_State
                0x20001560                CSW
                0x20001570                SCSI_LBA
                0x20001574                SCSI_BlkLen
                0x20001578                Mass_Block_Count
                0x20001580                Mass_Block_Size
 .bss           0x20001594       0x18 /tmp/ccEojf3m.ltrans5.ltrans.o
                0x20001598                TransferState
                0x200015a8                Sd_Spi_Called_From_USB_MSC
 .bss           0x200015ac        0xc /tmp/ccEojf3m.ltrans6.ltrans.o
                0x200015ac                Channel_rx
                0x200015b0                Timer1.5714
 .bss           0x200015b8       0x18 /tmp/ccEojf3m.ltrans7.ltrans.o
                0x200015bb                Silabs_spi_state
                0x200015bc                Silabs_driver_state
                0x200015c0                Silabs_Tx_Buffer
                0x200015cc                CardType.5720
 .bss           0x200015d0       0x28 /tmp/ccEojf3m.ltrans8.ltrans.o
                0x200015d1                L3GD20_Data_Buffer
                0x200015d9                AFROESC_Data_Buffer
                0x200015ec                AFROESC_Throttle
                0x200015f7                job
 .bss           0x200015f8        0xc /tmp/ccEojf3m.ltrans9.ltrans.o
                0x200015f8                Usart1_rx_buff
 *(.bss.*)
 .bss.file_opened
                0x20001604        0x1 /tmp/ccEojf3m.ltrans0.ltrans.o
 *fill*         0x20001605        0x3 00
 .bss.bDeviceState
                0x20001608        0x4 /tmp/ccEojf3m.ltrans0.ltrans.o
                0x20001608                bDeviceState
 .bss.Status    0x2000160c        0x4 /tmp/ccEojf3m.ltrans0.ltrans.o
                0x2000160c                Status
 .bss.bIntPackSOF
                0x20001610        0x1 /tmp/ccEojf3m.ltrans1.ltrans.o
 *fill*         0x20001611        0x3 00
 .bss.Max_Lun   0x20001614        0x4 /tmp/ccEojf3m.ltrans3.ltrans.o
                0x20001614                Max_Lun
 .bss.Page00_Inquiry_Data
                0x20001618        0x5 /tmp/ccEojf3m.ltrans3.ltrans.o
 *fill*         0x2000161d        0x3 00
 .bss.__malloc_max_total_mem
                0x20001620        0x4 /home/laurence/ARM-GCC/bin/../lib/gcc/arm-none-eabi/4.7.4/../../../../arm-none-eabi/lib/armv7-m/libc.a(lib_a-mallocr.o)
                0x20001620                __malloc_max_total_mem
 .bss.__malloc_max_sbrked_mem
                0x20001624        0x4 /home/laurence/ARM-GCC/bin/../lib/gcc/arm-none-eabi/4.7.4/../../../../arm-none-eabi/lib/armv7-m/libc.a(lib_a-mallocr.o)
                0x20001624                __malloc_max_sbrked_mem
 .bss.__malloc_top_pad
                0x20001628        0x4 /home/laurence/ARM-GCC/bin/../lib/gcc/arm-none-eabi/4.7.4/../../../../arm-none-eabi/lib/armv7-m/libc.a(lib_a-mallocr.o)
                0x20001628                __malloc_top_pad
 .bss.__malloc_current_mallinfo
                0x2000162c       0x28 /home/laurence/ARM-GCC/bin/../lib/gcc/arm-none-eabi/4.7.4/../../../../arm-none-eabi/lib/armv7-m/libc.a(lib_a-mallocr.o)
                0x2000162c                __malloc_current_mallinfo
 .bss.Data_Mul_MaxPacketSize
                0x20001654        0x1 lib/STM32_USB-FS-Device_Driver/libstm32usb.a(usb_core.o)
                0x20001654                Data_Mul_MaxPacketSize
 *fill*         0x20001655        0x3 00
 .bss.heap_end.4231
                0x20001658        0x4 /home/laurence/ARM-GCC/bin/../lib/gcc/arm-none-eabi/4.7.4/../../../../arm-none-eabi/lib/armv7-m/libnosys.a(sbrk.o)
 *(COMMON)
 COMMON         0x2000165c        0x4 /home/laurence/ARM-GCC/bin/../lib/gcc/arm-none-eabi/4.7.4/../../../../arm-none-eabi/lib/armv7-m/libc.a(lib_a-reent.o)
                0x2000165c                errno
 COMMON         0x20001660        0x2 lib/STM32_USB-FS-Device_Driver/libstm32usb.a(usb_core.o)
                0x20001660                StatusInfo
 *fill*         0x20001662        0x2 00
 COMMON         0x20001664       0x32 lib/STM32_USB-FS-Device_Driver/libstm32usb.a(usb_init.o)
                0x20001664                SaveState
                0x20001668                pProperty
                0x2000166c                EPindex
                0x20001670                Device_Info
                0x2000168c                pUser_Standard_Requests
                0x20001690                pInformation
                0x20001694                wInterrupt_Mask
 COMMON         0x20001696        0x4 lib/STM32_USB-FS-Device_Driver/libstm32usb.a(usb_int.o)
                0x20001696                SaveRState
                0x20001698                SaveTState
                0x2000169c                . = ALIGN (0x4)
 *fill*         0x2000169a        0x2 00
                0x2000169c                _ebss = .
                0x2000169c                PROVIDE (end, _ebss)
                0x2000169c                PROVIDE (_end, _ebss)

._usrstack      0x2000169c     0x2000 load address 0x0800c1f4
                0x2000169c                . = ALIGN (0x4)
                0x2000169c                _susrstack = .
                0x2000369c                . = (. + _Minimum_Stack_Size)
 *fill*         0x2000169c     0x2000 00
                0x2000369c                . = ALIGN (0x4)
                0x2000369c                _eusrstack = .
                0x20005000                _lastramaddress = (ORIGIN (RAM) + 0x5000)
                0x00000000                toobig = (_eusrstack > _lastramaddress)?!!!!!!!!! RAM IS FULL !!!!!!!!!:0x0

.b1text
 *(.b1text)
 *(.b1rodata)
 *(.b1rodata*)

.eb0text
 *(.eb0text)
 *(.eb0rodata)
 *(.eb0rodata*)

.eb1text
 *(.eb1text)
 *(.eb1rodata)
 *(.eb1rodata*)

.eb2text
 *(.eb2text)
 *(.eb2rodata)
 *(.eb2rodata*)

.eb3text
 *(.eb3text)
 *(.eb3rodata)
 *(.eb3rodata*)
                0x2000369c                __exidx_start = .
                0x2000369c                __exidx_end = .

/DISCARD/
 libc.a(*)
 libm.a(*)
 libgcc.a(*)

.stab
 *(.stab)

.stabstr
 *(.stabstr)

.stab.excl
 *(.stab.excl)

.stab.exclstr
 *(.stab.exclstr)

.stab.index
 *(.stab.index)

.stab.indexstr
 *(.stab.indexstr)

.comment        0x00000000       0x70
 *(.comment)
 .comment       0x00000000       0x71 /tmp/ccEojf3m.ltrans0.ltrans.o
 .comment       0x00000000       0x71 /tmp/ccEojf3m.ltrans1.ltrans.o
 .comment       0x00000000       0x71 /tmp/ccEojf3m.ltrans2.ltrans.o
 .comment       0x00000000       0x71 /tmp/ccEojf3m.ltrans3.ltrans.o
 .comment       0x00000000       0x71 /tmp/ccEojf3m.ltrans4.ltrans.o
 .comment       0x00000000       0x71 /tmp/ccEojf3m.ltrans5.ltrans.o
 .comment       0x00000000       0x71 /tmp/ccEojf3m.ltrans6.ltrans.o
 .comment       0x00000000       0x71 /tmp/ccEojf3m.ltrans7.ltrans.o
 .comment       0x00000000       0x71 /tmp/ccEojf3m.ltrans8.ltrans.o
 .comment       0x00000000       0x71 /tmp/ccEojf3m.ltrans9.ltrans.o
 .comment       0x00000000       0x70 lib/STM32F10x_StdPeriph_Driver/libstm32fw.a(misc.o)
                                 0x71 (size before relaxing)
 .comment       0x00000000       0x71 lib/STM32F10x_StdPeriph_Driver/libstm32fw.a(stm32f10x_adc.o)
 .comment       0x00000000       0x71 lib/STM32F10x_StdPeriph_Driver/libstm32fw.a(stm32f10x_bkp.o)
 .comment       0x00000000       0x71 lib/STM32F10x_StdPeriph_Driver/libstm32fw.a(stm32f10x_dbgmcu.o)
 .comment       0x00000000       0x71 lib/STM32F10x_StdPeriph_Driver/libstm32fw.a(stm32f10x_dma.o)
 .comment       0x00000000       0x71 lib/STM32F10x_StdPeriph_Driver/libstm32fw.a(stm32f10x_exti.o)
 .comment       0x00000000       0x71 lib/STM32F10x_StdPeriph_Driver/libstm32fw.a(stm32f10x_gpio.o)
 .comment       0x00000000       0x71 lib/STM32F10x_StdPeriph_Driver/libstm32fw.a(stm32f10x_i2c.o)
 .comment       0x00000000       0x71 lib/STM32F10x_StdPeriph_Driver/libstm32fw.a(stm32f10x_iwdg.o)
 .comment       0x00000000       0x71 lib/STM32F10x_StdPeriph_Driver/libstm32fw.a(stm32f10x_pwr.o)
 .comment       0x00000000       0x71 lib/STM32F10x_StdPeriph_Driver/libstm32fw.a(stm32f10x_rcc.o)
 .comment       0x00000000       0x71 lib/STM32F10x_StdPeriph_Driver/libstm32fw.a(stm32f10x_rtc.o)
 .comment       0x00000000       0x71 lib/STM32F10x_StdPeriph_Driver/libstm32fw.a(stm32f10x_spi.o)
 .comment       0x00000000       0x71 lib/STM32F10x_StdPeriph_Driver/libstm32fw.a(stm32f10x_tim.o)
 .comment       0x00000000       0x71 lib/STM32F10x_StdPeriph_Driver/libstm32fw.a(stm32f10x_usart.o)
 .comment       0x00000000       0x71 lib/STM32_USB-FS-Device_Driver/libstm32usb.a(usb_core.o)
 .comment       0x00000000       0x71 lib/STM32_USB-FS-Device_Driver/libstm32usb.a(usb_init.o)
 .comment       0x00000000       0x71 lib/STM32_USB-FS-Device_Driver/libstm32usb.a(usb_int.o)
 .comment       0x00000000       0x71 lib/STM32_USB-FS-Device_Driver/libstm32usb.a(usb_mem.o)
 .comment       0x00000000       0x71 lib/STM32_USB-FS-Device_Driver/libstm32usb.a(usb_regs.o)
 .comment       0x00000000       0x71 lib/STM32_USB-FS-Device_Driver/libstm32usb.a(usb_sil.o)

.ARM.attributes
                0x00000000       0x29
 .ARM.attributes
                0x00000000       0x1d /home/laurence/ARM-GCC/bin/../lib/gcc/arm-none-eabi/4.7.4/armv7-m/crti.o
 .ARM.attributes
                0x0000001d       0x31 /tmp/ccEojf3m.ltrans0.ltrans.o
 .ARM.attributes
                0x0000004e       0x31 /tmp/ccEojf3m.ltrans1.ltrans.o
 .ARM.attributes
                0x0000007f       0x31 /tmp/ccEojf3m.ltrans2.ltrans.o
 .ARM.attributes
                0x000000b0       0x31 /tmp/ccEojf3m.ltrans3.ltrans.o
 .ARM.attributes
                0x000000e1       0x31 /tmp/ccEojf3m.ltrans4.ltrans.o
 .ARM.attributes
                0x00000112       0x31 /tmp/ccEojf3m.ltrans5.ltrans.o
 .ARM.attributes
                0x00000143       0x31 /tmp/ccEojf3m.ltrans6.ltrans.o
 .ARM.attributes
                0x00000174       0x31 /tmp/ccEojf3m.ltrans7.ltrans.o
 .ARM.attributes
                0x000001a5       0x31 /tmp/ccEojf3m.ltrans8.ltrans.o
 .ARM.attributes
                0x000001d6       0x31 /tmp/ccEojf3m.ltrans9.ltrans.o
 .ARM.attributes
                0x00000207       0x1d /home/laurence/ARM-GCC/bin/../lib/gcc/arm-none-eabi/4.7.4/armv7-m/libgcc.a(_arm_addsubdf3.o)
 .ARM.attributes
                0x00000224       0x1d /home/laurence/ARM-GCC/bin/../lib/gcc/arm-none-eabi/4.7.4/armv7-m/libgcc.a(_arm_muldivdf3.o)
 .ARM.attributes
                0x00000241       0x1d /home/laurence/ARM-GCC/bin/../lib/gcc/arm-none-eabi/4.7.4/armv7-m/libgcc.a(_arm_cmpdf2.o)
 .ARM.attributes
                0x0000025e       0x1d /home/laurence/ARM-GCC/bin/../lib/gcc/arm-none-eabi/4.7.4/armv7-m/libgcc.a(_arm_fixunsdfsi.o)
 .ARM.attributes
                0x0000027b       0x1d /home/laurence/ARM-GCC/bin/../lib/gcc/arm-none-eabi/4.7.4/armv7-m/libgcc.a(_arm_truncdfsf2.o)
 .ARM.attributes
                0x00000298       0x1d /home/laurence/ARM-GCC/bin/../lib/gcc/arm-none-eabi/4.7.4/armv7-m/libgcc.a(_arm_addsubsf3.o)
 .ARM.attributes
                0x000002b5       0x1d /home/laurence/ARM-GCC/bin/../lib/gcc/arm-none-eabi/4.7.4/armv7-m/libgcc.a(_arm_muldivsf3.o)
 .ARM.attributes
                0x000002d2       0x1d /home/laurence/ARM-GCC/bin/../lib/gcc/arm-none-eabi/4.7.4/armv7-m/libgcc.a(_arm_cmpsf2.o)
 .ARM.attributes
                0x000002ef       0x1d /home/laurence/ARM-GCC/bin/../lib/gcc/arm-none-eabi/4.7.4/armv7-m/libgcc.a(_arm_fixunssfsi.o)
 .ARM.attributes
                0x0000030c       0x2d /home/laurence/ARM-GCC/bin/../lib/gcc/arm-none-eabi/4.7.4/../../../../arm-none-eabi/lib/armv7-m/libc.a(lib_a-malloc.o)
 .ARM.attributes
                0x00000339       0x2d /home/laurence/ARM-GCC/bin/../lib/gcc/arm-none-eabi/4.7.4/../../../../arm-none-eabi/lib/armv7-m/libc.a(lib_a-mallocr.o)
 .ARM.attributes
                0x00000366       0x2d /home/laurence/ARM-GCC/bin/../lib/gcc/arm-none-eabi/4.7.4/../../../../arm-none-eabi/lib/armv7-m/libc.a(lib_a-memcpy.o)
 .ARM.attributes
                0x00000393       0x2d /home/laurence/ARM-GCC/bin/../lib/gcc/arm-none-eabi/4.7.4/../../../../arm-none-eabi/lib/armv7-m/libc.a(lib_a-mlock.o)
 .ARM.attributes
                0x000003c0       0x2d /home/laurence/ARM-GCC/bin/../lib/gcc/arm-none-eabi/4.7.4/../../../../arm-none-eabi/lib/armv7-m/libc.a(lib_a-sbrkr.o)
 .ARM.attributes
                0x000003ed       0x2d /home/laurence/ARM-GCC/bin/../lib/gcc/arm-none-eabi/4.7.4/../../../../arm-none-eabi/lib/armv7-m/libc.a(lib_a-strchr.o)
 .ARM.attributes
                0x0000041a       0x2d /home/laurence/ARM-GCC/bin/../lib/gcc/arm-none-eabi/4.7.4/../../../../arm-none-eabi/lib/armv7-m/libc.a(lib_a-strlen.o)
 .ARM.attributes
                0x00000447       0x2d /home/laurence/ARM-GCC/bin/../lib/gcc/arm-none-eabi/4.7.4/../../../../arm-none-eabi/lib/armv7-m/libc.a(lib_a-strncmp.o)
 .ARM.attributes
                0x00000474       0x2d /home/laurence/ARM-GCC/bin/../lib/gcc/arm-none-eabi/4.7.4/../../../../arm-none-eabi/lib/armv7-m/libc.a(lib_a-strncpy.o)
 .ARM.attributes
                0x000004a1       0x2d /home/laurence/ARM-GCC/bin/../lib/gcc/arm-none-eabi/4.7.4/../../../../arm-none-eabi/lib/armv7-m/libc.a(lib_a-freer.o)
 .ARM.attributes
                0x000004ce       0x2d /home/laurence/ARM-GCC/bin/../lib/gcc/arm-none-eabi/4.7.4/../../../../arm-none-eabi/lib/armv7-m/libc.a(lib_a-reent.o)
 .ARM.attributes
                0x000004fb       0x21 lib/CMSIS_CM3/startup/gcc/startup_stm32f10x_md.o
 .ARM.attributes
                0x0000051c       0x33 lib/STM32F10x_StdPeriph_Driver/libstm32fw.a(misc.o)
 .ARM.attributes
                0x0000054f       0x33 lib/STM32F10x_StdPeriph_Driver/libstm32fw.a(stm32f10x_adc.o)
 .ARM.attributes
                0x00000582       0x33 lib/STM32F10x_StdPeriph_Driver/libstm32fw.a(stm32f10x_bkp.o)
 .ARM.attributes
                0x000005b5       0x33 lib/STM32F10x_StdPeriph_Driver/libstm32fw.a(stm32f10x_dbgmcu.o)
 .ARM.attributes
                0x000005e8       0x33 lib/STM32F10x_StdPeriph_Driver/libstm32fw.a(stm32f10x_dma.o)
 .ARM.attributes
                0x0000061b       0x33 lib/STM32F10x_StdPeriph_Driver/libstm32fw.a(stm32f10x_exti.o)
 .ARM.attributes
                0x0000064e       0x33 lib/STM32F10x_StdPeriph_Driver/libstm32fw.a(stm32f10x_gpio.o)
 .ARM.attributes
                0x00000681       0x33 lib/STM32F10x_StdPeriph_Driver/libstm32fw.a(stm32f10x_i2c.o)
 .ARM.attributes
                0x000006b4       0x33 lib/STM32F10x_StdPeriph_Driver/libstm32fw.a(stm32f10x_iwdg.o)
 .ARM.attributes
                0x000006e7       0x33 lib/STM32F10x_StdPeriph_Driver/libstm32fw.a(stm32f10x_pwr.o)
 .ARM.attributes
                0x0000071a       0x33 lib/STM32F10x_StdPeriph_Driver/libstm32fw.a(stm32f10x_rcc.o)
 .ARM.attributes
                0x0000074d       0x33 lib/STM32F10x_StdPeriph_Driver/libstm32fw.a(stm32f10x_rtc.o)
 .ARM.attributes
                0x00000780       0x33 lib/STM32F10x_StdPeriph_Driver/libstm32fw.a(stm32f10x_spi.o)
 .ARM.attributes
                0x000007b3       0x33 lib/STM32F10x_StdPeriph_Driver/libstm32fw.a(stm32f10x_tim.o)
 .ARM.attributes
                0x000007e6       0x33 lib/STM32F10x_StdPeriph_Driver/libstm32fw.a(stm32f10x_usart.o)
 .ARM.attributes
                0x00000819       0x33 lib/STM32_USB-FS-Device_Driver/libstm32usb.a(usb_core.o)
 .ARM.attributes
                0x0000084c       0x33 lib/STM32_USB-FS-Device_Driver/libstm32usb.a(usb_init.o)
 .ARM.attributes
                0x0000087f       0x33 lib/STM32_USB-FS-Device_Driver/libstm32usb.a(usb_int.o)
 .ARM.attributes