Archive member included because of file (symbol)

lib/STM32F10x_StdPeriph_Driver/libstm32fw.a(misc.o)
                              interrupts.o (symbol from plugin) (NVIC_PriorityGroupConfig)
lib/STM32F10x_StdPeriph_Driver/libstm32fw.a(stm32f10x_adc.o)
                              adc.o (symbol from plugin) (ADC_DeInit)
lib/STM32F10x_StdPeriph_Driver/libstm32fw.a(stm32f10x_bkp.o)
                              Util/fat_fs/src/rtc.o (symbol from plugin) (BKP_DeInit)
lib/STM32F10x_StdPeriph_Driver/libstm32fw.a(stm32f10x_dbgmcu.o)
                              main.o (symbol from plugin) (DBGMCU_Config)
lib/STM32F10x_StdPeriph_Driver/libstm32fw.a(stm32f10x_dma.o)
                              Silabs/si446x.o (symbol from plugin) (DMA_DeInit)
lib/STM32F10x_StdPeriph_Driver/libstm32fw.a(stm32f10x_exti.o)
                              Silabs/si446x.o (symbol from plugin) (EXTI_DeInit)
lib/STM32F10x_StdPeriph_Driver/libstm32fw.a(stm32f10x_gpio.o)
                              Silabs/si446x.o (symbol from plugin) (GPIO_Init)
lib/STM32F10x_StdPeriph_Driver/libstm32fw.a(stm32f10x_i2c.o)
                              i2c_int.o (symbol from plugin) (I2C_DeInit)
lib/STM32F10x_StdPeriph_Driver/libstm32fw.a(stm32f10x_iwdg.o)
                              watchdog.o (symbol from plugin) (IWDG_WriteAccessCmd)
lib/STM32F10x_StdPeriph_Driver/libstm32fw.a(stm32f10x_pwr.o)
                              pwr.o (symbol from plugin) (PWR_DeInit)
lib/STM32F10x_StdPeriph_Driver/libstm32fw.a(stm32f10x_rcc.o)
                              interrupts.o (symbol from plugin) (RCC_HCLKConfig)
lib/STM32F10x_StdPeriph_Driver/libstm32fw.a(stm32f10x_rtc.o)
                              Util/fat_fs/src/rtc.o (symbol from plugin) (RTC_GetCounter)
lib/STM32F10x_StdPeriph_Driver/libstm32fw.a(stm32f10x_spi.o)
                              Util/fat_fs/src/sd_spi_stm32.o (symbol from plugin) (SPI_I2S_DeInit)
lib/STM32F10x_StdPeriph_Driver/libstm32fw.a(stm32f10x_tim.o)
                              pwm.o (symbol from plugin) (TIM_TimeBaseInit)
lib/STM32F10x_StdPeriph_Driver/libstm32fw.a(stm32f10x_usart.o)
                              usart.o (symbol from plugin) (USART_DeInit)
lib/STM32_USB-FS-Device_Driver/libstm32usb.a(usb_core.o)
                              Util/USB/usb_prop.o (symbol from plugin) (Standard_GetDescriptorData)
lib/STM32_USB-FS-Device_Driver/libstm32usb.a(usb_init.o)
                              main.o (symbol from plugin) (USB_Init)
lib/STM32_USB-FS-Device_Driver/libstm32usb.a(usb_int.o)
                              Util/USB/usb_istr.o (symbol from plugin) (CTR_LP)
lib/STM32_USB-FS-Device_Driver/libstm32usb.a(usb_mem.o)
                              lib/STM32_USB-FS-Device_Driver/libstm32usb.a(usb_core.o) (UserToPMABufferCopy)
lib/STM32_USB-FS-Device_Driver/libstm32usb.a(usb_regs.o)
                              Util/USB/usb_prop.o (symbol from plugin) (SetBTABLE)
lib/STM32_USB-FS-Device_Driver/libstm32usb.a(usb_sil.o)
                              Util/USB/usb_prop.o (symbol from plugin) (USB_SIL_Init)
/home/laurence/ARM-GCC/bin/../lib/gcc/arm-none-eabi/4.7.4/../../../../arm-none-eabi/lib/armv7-m/libc.a(lib_a-__atexit.o)
                              /home/laurence/ARM-GCC/bin/../lib/gcc/arm-none-eabi/4.7.4/../../../../arm-none-eabi/lib/armv7-m/crt0.o (__register_exitproc)
/home/laurence/ARM-GCC/bin/../lib/gcc/arm-none-eabi/4.7.4/../../../../arm-none-eabi/lib/armv7-m/libc.a(lib_a-exit.o)
                              /home/laurence/ARM-GCC/bin/../lib/gcc/arm-none-eabi/4.7.4/../../../../arm-none-eabi/lib/armv7-m/crt0.o (exit)
/home/laurence/ARM-GCC/bin/../lib/gcc/arm-none-eabi/4.7.4/../../../../arm-none-eabi/lib/armv7-m/libc.a(lib_a-fini.o)
                              /home/laurence/ARM-GCC/bin/../lib/gcc/arm-none-eabi/4.7.4/../../../../arm-none-eabi/lib/armv7-m/crt0.o (__libc_fini_array)
/home/laurence/ARM-GCC/bin/../lib/gcc/arm-none-eabi/4.7.4/../../../../arm-none-eabi/lib/armv7-m/libc.a(lib_a-impure.o)
                              /home/laurence/ARM-GCC/bin/../lib/gcc/arm-none-eabi/4.7.4/../../../../arm-none-eabi/lib/armv7-m/libc.a(lib_a-__atexit.o) (_global_impure_ptr)
/home/laurence/ARM-GCC/bin/../lib/gcc/arm-none-eabi/4.7.4/../../../../arm-none-eabi/lib/armv7-m/libc.a(lib_a-init.o)
                              /home/laurence/ARM-GCC/bin/../lib/gcc/arm-none-eabi/4.7.4/../../../../arm-none-eabi/lib/armv7-m/crt0.o (__libc_init_array)
/home/laurence/ARM-GCC/bin/../lib/gcc/arm-none-eabi/4.7.4/../../../../arm-none-eabi/lib/armv7-m/libc.a(lib_a-memset.o)
                              /home/laurence/ARM-GCC/bin/../lib/gcc/arm-none-eabi/4.7.4/../../../../arm-none-eabi/lib/armv7-m/crt0.o (memset)
/home/laurence/ARM-GCC/bin/../lib/gcc/arm-none-eabi/4.7.4/../../../../arm-none-eabi/lib/armv7-m/libc.a(lib_a-__call_atexit.o)
                              /home/laurence/ARM-GCC/bin/../lib/gcc/arm-none-eabi/4.7.4/../../../../arm-none-eabi/lib/armv7-m/libc.a(lib_a-exit.o) (__call_exitprocs)
[...]
Memory Configuration

Name             Origin             Length             Attributes
RAM              0x20000000         0x00005000         xrw
FLASH            0x08000000         0x00020000         xr
FLASHB1          0x00000000         0x00000000         xr
EXTMEMB0         0x00000000         0x00000000         xr
EXTMEMB1         0x00000000         0x00000000         xr
EXTMEMB2         0x00000000         0x00000000         xr
EXTMEMB3         0x00000000         0x00000000         xr
STARTFLASH       0x00000000         0xffffffff
CRPPATCH         0x00000000         0xffffffff
FLASHPATCH       0x00000000         0xffffffff
ENDFLASH         0x00000000         0xffffffff
*default*        0x00000000         0xffffffff

Linker script and memory map

LOAD /home/laurence/ARM-GCC/bin/../lib/gcc/arm-none-eabi/4.7.4/armv7-m/crti.o
LOAD /home/laurence/ARM-GCC/bin/../lib/gcc/arm-none-eabi/4.7.4/armv7-m/crtbegin.o
LOAD /home/laurence/ARM-GCC/bin/../lib/gcc/arm-none-eabi/4.7.4/../../../../arm-none-eabi/lib/armv7-m/crt0.o
LOAD Silabs/si446x.o
LOAD /tmp/cc5KQI1a.ltrans0.ltrans.o
LOAD /tmp/cc5KQI1a.ltrans1.ltrans.o
LOAD /tmp/cc5KQI1a.ltrans2.ltrans.o
LOAD /tmp/cc5KQI1a.ltrans3.ltrans.o
LOAD /tmp/cc5KQI1a.ltrans4.ltrans.o
LOAD /tmp/cc5KQI1a.ltrans5.ltrans.o
LOAD /tmp/cc5KQI1a.ltrans6.ltrans.o
LOAD /tmp/cc5KQI1a.ltrans7.ltrans.o
LOAD /tmp/cc5KQI1a.ltrans8.ltrans.o
LOAD /tmp/cc5KQI1a.ltrans9.ltrans.o
LOAD /tmp/cc5KQI1a.ltrans10.ltrans.o
LOAD /home/laurence/ARM-GCC/bin/../lib/gcc/arm-none-eabi/4.7.4/armv7-m/libgcc.a
LOAD /home/laurence/ARM-GCC/bin/../lib/gcc/arm-none-eabi/4.7.4/../../../../arm-none-eabi/lib/armv7-m/libc.a
LOAD Ublox/ubx.o
LOAD Util/USB/hw_config.o
LOAD Util/USB/mass_mal.o
LOAD Util/USB/memory.o
LOAD Util/USB/scsi_data.o
LOAD Util/USB/usb_bot.o
LOAD Util/USB/usb_desc.o
LOAD Util/USB/usb_endp.o
LOAD Util/USB/usb_istr.o
LOAD Util/USB/usb_prop.o
LOAD Util/USB/usb_pwr.o
LOAD Util/USB/usb_scsi.o
LOAD Util/buffer.o
LOAD Util/crc.o
LOAD Util/delay.o
LOAD Util/fat_fs/option/ccsbcs.o
LOAD Util/fat_fs/src/fattime.o
LOAD Util/fat_fs/src/ff.o
LOAD Util/fat_fs/src/rtc.o
LOAD Util/fat_fs/src/sd_spi_stm32.o
LOAD Util/polygon.o
LOAD Util/rprintf.o
LOAD Util/wave.o
LOAD adc.o
LOAD dma.o
LOAD gpio.o
LOAD i2c_int.o
LOAD interrupts.o
LOAD lib/CMSIS_CM3/core_cm3.o
LOAD lib/CMSIS_CM3/startup/gcc/startup_stm32f10x_md.o
LOAD lib/CMSIS_CM3/system_stm32f10x.o
LOAD main.o
LOAD pwm.o
LOAD pwr.o
LOAD usart.o
LOAD watchdog.o
LOAD lib/STM32F10x_StdPeriph_Driver/libstm32fw.a
LOAD lib/STM32_USB-FS-Device_Driver/libstm32usb.a
LOAD /home/laurence/ARM-GCC/bin/../lib/gcc/arm-none-eabi/4.7.4/../../../../arm-none-eabi/lib/armv7-m/libm.a
LOAD /home/laurence/ARM-GCC/bin/../lib/gcc/arm-none-eabi/4.7.4/../../../../arm-none-eabi/lib/armv7-m/libnosys.a
START GROUP
LOAD /home/laurence/ARM-GCC/bin/../lib/gcc/arm-none-eabi/4.7.4/armv7-m/libgcc.a
LOAD /home/laurence/ARM-GCC/bin/../lib/gcc/arm-none-eabi/4.7.4/../../../../arm-none-eabi/lib/armv7-m/libc.a
END GROUP
LOAD /home/laurence/ARM-GCC/bin/../lib/gcc/arm-none-eabi/4.7.4/armv7-m/crtend.o
LOAD /home/laurence/ARM-GCC/bin/../lib/gcc/arm-none-eabi/4.7.4/armv7-m/crtn.o
                0x00002000                __Stack_Size = 0x2000
                0x00002000                PROVIDE (_Stack_Size, __Stack_Size)
                0x20003000                __Stack_Init = (_estack - __Stack_Size)
                0x20003000                PROVIDE (_Stack_Init, __Stack_Init)
                0x00002000                _Minimum_Stack_Size = 0x2000
                0x00000000                PROVIDE (Undefined_Handler, 0x0)
                0x00000000                PROVIDE (SWI_Handler, 0x0)
                0x00000000                PROVIDE (IRQ_Handler, 0x0)
                0x00000000                PROVIDE (Prefetch_Handler, 0x0)
                0x00000000                PROVIDE (Abort_Handler, 0x0)
                0x00000000                PROVIDE (FIQ_Handler, 0x0)
                0x00000000                PROVIDE (NMIException, 0x0)
                0x00000000                PROVIDE (NMI_Handler, 0x0)
                0x00000000                PROVIDE (HardFaultException, 0x0)
                0x00000000                PROVIDE (HardFault_Handler, 0x0)
                0x00000000                PROVIDE (MemManageException, 0x0)
                0x00000000                PROVIDE (MemManage_Handler, 0x0)
                0x00000000                PROVIDE (BusFaultException, 0x0)
                0x00000000                PROVIDE (BusFault_Handler, 0x0)
                0x00000000                PROVIDE (UsageFaultException, 0x0)
                0x00000000                PROVIDE (UsageFault_Handler, 0x0)
                0x00000000                PROVIDE (SVCHandler, 0x0)
                0x00000000                PROVIDE (SVC_Handler, 0x0)
                0x00000000                PROVIDE (DebugMonitor, 0x0)
                0x00000000                PROVIDE (DebugMon_Handler, 0x0)
                0x00000000                PROVIDE (PendSVC, 0x0)
                0x00000000                PROVIDE (PendSV_Handler, 0x0)
                0x00000000                PROVIDE (SysTickHandler, 0x0)
                0x00000000                PROVIDE (SysTick_Handler, 0x0)
                0x00000000                PROVIDE (WWDG_IRQHandler, 0x0)
                0x00000000                PROVIDE (PVD_IRQHandler, 0x0)
                0x00000000                PROVIDE (TAMPER_IRQHandler, 0x0)
                0x00000000                PROVIDE (RTC_IRQHandler, 0x0)
                0x00000000                PROVIDE (FLASH_IRQHandler, 0x0)
                0x00000000                PROVIDE (RCC_IRQHandler, 0x0)
                0x00000000                PROVIDE (EXTI0_IRQHandler, 0x0)
                0x00000000                PROVIDE (EXTI1_IRQHandler, 0x0)
                0x00000000                PROVIDE (EXTI2_IRQHandler, 0x0)
                0x00000000                PROVIDE (EXTI3_IRQHandler, 0x0)
                0x00000000                PROVIDE (EXTI4_IRQHandler, 0x0)
                0x00000000                PROVIDE (DMAChannel1_IRQHandler, 0x0)
                0x00000000                PROVIDE (DMAChannel2_IRQHandler, 0x0)
                0x00000000                PROVIDE (DMAChannel3_IRQHandler, 0x0)
                0x00000000                PROVIDE (DMAChannel4_IRQHandler, 0x0)
                0x00000000                PROVIDE (DMAChannel5_IRQHandler, 0x0)
                0x00000000                PROVIDE (DMAChannel6_IRQHandler, 0x0)
                0x00000000                PROVIDE (DMAChannel7_IRQHandler, 0x0)
                0x00000000                PROVIDE (DMA1_Channel1_IRQHandler, 0x0)
                0x00000000                PROVIDE (DMA1_Channel2_IRQHandler, 0x0)
                0x00000000                PROVIDE (DMA1_Channel3_IRQHandler, 0x0)
                0x00000000                PROVIDE (DMA1_Channel4_IRQHandler, 0x0)
                0x00000000                PROVIDE (DMA1_Channel5_IRQHandler, 0x0)
                0x00000000                PROVIDE (DMA1_Channel6_IRQHandler, 0x0)
                0x00000000                PROVIDE (DMA1_Channel7_IRQHandler, 0x0)
                0x00000000                PROVIDE (ADC_IRQHandler, 0x0)
                0x00000000                PROVIDE (ADC1_2_IRQHandler, 0x0)
                0x00000000                PROVIDE (USB_HP_CAN_TX_IRQHandler, 0x0)
                0x00000000                PROVIDE (USB_HP_CAN1_TX_IRQHandler, 0x0)
                0x00000000                PROVIDE (USB_LP_CAN_RX0_IRQHandler, 0x0)
                0x00000000                PROVIDE (USB_LP_CAN1_RX0_IRQHandler, 0x0)
                0x00000000                PROVIDE (CAN_RX1_IRQHandler, 0x0)
                0x00000000                PROVIDE (CAN1_RX1_IRQHandler, 0x0)
                0x00000000                PROVIDE (CAN_SCE_IRQHandler, 0x0)
                0x00000000                PROVIDE (CAN1_SCE_IRQHandler, 0x0)
                0x00000000                PROVIDE (EXTI9_5_IRQHandler, 0x0)
                0x00000000                PROVIDE (TIM1_BRK_IRQHandler, 0x0)
                0x00000000                PROVIDE (TIM1_UP_IRQHandler, 0x0)
                0x00000000                PROVIDE (TIM1_TRG_COM_IRQHandler, 0x0)
                0x00000000                PROVIDE (TIM1_CC_IRQHandler, 0x0)
                0x00000000                PROVIDE (TIM2_IRQHandler, 0x0)
                0x00000000                PROVIDE (TIM3_IRQHandler, 0x0)
                0x00000000                PROVIDE (TIM4_IRQHandler, 0x0)
                0x00000000                PROVIDE (I2C1_EV_IRQHandler, 0x0)
                0x00000000                PROVIDE (I2C1_ER_IRQHandler, 0x0)
                0x00000000                PROVIDE (I2C2_EV_IRQHandler, 0x0)
                0x00000000                PROVIDE (I2C2_ER_IRQHandler, 0x0)
                0x00000000                PROVIDE (SPI1_IRQHandler, 0x0)
                0x00000000                PROVIDE (SPI2_IRQHandler, 0x0)
                0x00000000                PROVIDE (USART1_IRQHandler, 0x0)
                0x00000000                PROVIDE (USART2_IRQHandler, 0x0)
                0x00000000                PROVIDE (USART3_IRQHandler, 0x0)
                0x00000000                PROVIDE (EXTI15_10_IRQHandler, 0x0)
                0x00000000                PROVIDE (RTCAlarm_IRQHandler, 0x0)
                0x00000000                PROVIDE (USBWakeUp_IRQHandler, 0x0)
                0x00000000                PROVIDE (TIM8_BRK_IRQHandler, 0x0)
                0x00000000                PROVIDE (TIM8_UP_IRQHandler, 0x0)
                0x00000000                PROVIDE (TIM8_TRG_COM_IRQHandler, 0x0)
                0x00000000                PROVIDE (TIM8_CC_IRQHandler, 0x0)
                0x00000000                PROVIDE (ADC3_IRQHandler, 0x0)
                0x00000000                PROVIDE (FSMC_IRQHandler, 0x0)
                0x00000000                PROVIDE (SDIO_IRQHandler, 0x0)
                0x00000000                PROVIDE (TIM5_IRQHandler, 0x0)
                0x00000000                PROVIDE (SPI3_IRQHandler, 0x0)
                0x00000000                PROVIDE (UART4_IRQHandler, 0x0)
                0x00000000                PROVIDE (UART5_IRQHandler, 0x0)
                0x00000000                PROVIDE (TIM6_IRQHandler, 0x0)
                0x00000000                PROVIDE (TIM7_IRQHandler, 0x0)
                0x00000000                PROVIDE (DMA2_Channel1_IRQHandler, 0x0)
                0x00000000                PROVIDE (DMA2_Channel2_IRQHandler, 0x0)
                0x00000000                PROVIDE (DMA2_Channel3_IRQHandler, 0x0)
                0x00000000                PROVIDE (DMA2_Channel4_5_IRQHandler, 0x0)
                0x42000000                PERIPH_BB_BASE = 0x42000000
                0x22000000                SRAM_BB_BASE = 0x22000000
                0x20000000                SRAM_BASE = 0x20000000
                0x40000000                PERIPH_BASE = 0x40000000
                0x40022000                PROVIDE (FLASH_BASE, 0x40022000)
                0x1ffff800                PROVIDE (OB_BASE, 0x1ffff800)
                0x40000000                APB1PERIPH_BASE = PERIPH_BASE
                0x40010000                APB2PERIPH_BASE = (PERIPH_BASE + 0x10000)
                0x40020000                AHBPERIPH_BASE = (PERIPH_BASE + 0x20000)
                0x40000000                PROVIDE (TIM2, (APB1PERIPH_BASE + 0x0))
                0x40000400                PROVIDE (TIM3, (APB1PERIPH_BASE + 0x400))
                0x40000800                PROVIDE (TIM4, (APB1PERIPH_BASE + 0x800))
                0x40002800                PROVIDE (RTC, (APB1PERIPH_BASE + 0x2800))
                0x40002c00                PROVIDE (WWDG, (APB1PERIPH_BASE + 0x2c00))
                0x40003000                PROVIDE (IWDG, (APB1PERIPH_BASE + 0x3000))
                0x40003800                PROVIDE (SPI2, (APB1PERIPH_BASE + 0x3800))
                0x40004400                PROVIDE (USART2, (APB1PERIPH_BASE + 0x4400))
                0x40004800                PROVIDE (USART3, (APB1PERIPH_BASE + 0x4800))
                0x40005400                PROVIDE (I2C1, (APB1PERIPH_BASE + 0x5400))
                0x40005800                PROVIDE (I2C2, (APB1PERIPH_BASE + 0x5800))
                0x40006400                PROVIDE (CAN, (APB1PERIPH_BASE + 0x6400))
                0x40006c00                PROVIDE (BKP, (APB1PERIPH_BASE + 0x6c00))
                0x40007000                PROVIDE (PWR, (APB1PERIPH_BASE + 0x7000))
                0x40010000                PROVIDE (AFIO, (APB2PERIPH_BASE + 0x0))
                0x40010400                PROVIDE (EXTI, (APB2PERIPH_BASE + 0x400))
                0x40010800                PROVIDE (GPIOA, (APB2PERIPH_BASE + 0x800))
                0x40010c00                PROVIDE (GPIOB, (APB2PERIPH_BASE + 0xc00))
                0x40011000                PROVIDE (GPIOC, (APB2PERIPH_BASE + 0x1000))
                0x40011400                PROVIDE (GPIOD, (APB2PERIPH_BASE + 0x1400))
                0x40011800                PROVIDE (GPIOE, (APB2PERIPH_BASE + 0x1800))
                0x40012400                PROVIDE (ADC1, (APB2PERIPH_BASE + 0x2400))
                0x40012800                PROVIDE (ADC2, (APB2PERIPH_BASE + 0x2800))
                0x40012c00                PROVIDE (TIM1, (APB2PERIPH_BASE + 0x2c00))
                0x40013000                PROVIDE (SPI1, (APB2PERIPH_BASE + 0x3000))
                0x40013800                PROVIDE (USART1, (APB2PERIPH_BASE + 0x3800))
                0x40020000                PROVIDE (DMA, (AHBPERIPH_BASE + 0x0))
                0x40020008                PROVIDE (DMA_Channel1, (AHBPERIPH_BASE + 0x8))
                0x4002001c                PROVIDE (DMA_Channel2, (AHBPERIPH_BASE + 0x1c))
                0x40020030                PROVIDE (DMA_Channel3, (AHBPERIPH_BASE + 0x30))
                0x40020044                PROVIDE (DMA_Channel4, (AHBPERIPH_BASE + 0x44))
                0x40020058                PROVIDE (DMA_Channel5, (AHBPERIPH_BASE + 0x58))
                0x4002006c                PROVIDE (DMA_Channel6, (AHBPERIPH_BASE + 0x6c))
                0x40020080                PROVIDE (DMA_Channel7, (AHBPERIPH_BASE + 0x80))
                0x40021000                PROVIDE (RCC, (AHBPERIPH_BASE + 0x1000))
                0xe000e000                SCS_BASE = 0xe000e000
                0xe000e010                PROVIDE (SysTick, (SCS_BASE + 0x10))
                0xe000e100                PROVIDE (NVIC, (SCS_BASE + 0x100))
                0xe000ed00                PROVIDE (SCB, (SCS_BASE + 0xd00))
                0x20005000                PROVIDE (_estack, (ORIGIN (RAM) + 0x5000))

.isr_vector     0x08000000      0x10c
                0x08000000                . = ALIGN (0x4)
 *(.isr_vector)
 .isr_vector    0x08000000      0x10c lib/CMSIS_CM3/startup/gcc/startup_stm32f10x_md.o
                0x08000000                g_pfnVectors
                0x0800010c                . = ALIGN (0x4)

.flash_start    0x00000000        0x0
                0x00000000                . = ALIGN (0x4)
 *(.flash_start)
 *(.flash_start.*)
                0x00000000                . = ALIGN (0x4)

.crp_patch      0x00000000        0x0
                0x00000000                . = ALIGN (0x4)
 *(.crp_patch)
                0x00000000                . = ALIGN (0x4)

.flashtext      0x0800010c        0x0
                0x0800010c                . = ALIGN (0x4)
 *(.flashtext)
                0x0800010c                . = ALIGN (0x4)

.text           0x08000110     0xb8cc
                0x08000110                . = ALIGN (0x4)
 *(.text)
 .text          0x08000110      0x370 /home/laurence/ARM-GCC/bin/../lib/gcc/arm-none-eabi/4.7.4/armv7-m/libgcc.a(_arm_addsubdf3.o)
                0x08000110                __aeabi_drsub
                0x08000118                __aeabi_dsub
                0x08000118                __subdf3
                0x0800011c                __adddf3
                0x0800011c                __aeabi_dadd
                0x08000394                __aeabi_ui2d
                0x08000394                __floatunsidf
                0x080003b4                __floatsidf
                0x080003b4                __aeabi_i2d
                0x080003d8                __extendsfdf2
                0x080003d8                __aeabi_f2d
                0x08000414                __aeabi_ul2d
                0x08000414                __floatundidf
                0x08000424                __floatdidf
                0x08000424                __aeabi_l2d
 .text          0x08000480      0x424 /home/laurence/ARM-GCC/bin/../lib/gcc/arm-none-eabi/4.7.4/armv7-m/libgcc.a(_arm_muldivdf3.o)
                0x08000480                __aeabi_dmul
                0x08000480                __muldf3
                0x080006d4                __aeabi_ddiv
                0x080006d4                __divdf3
 .text          0x080008a4      0x110 /home/laurence/ARM-GCC/bin/../lib/gcc/arm-none-eabi/4.7.4/armv7-m/libgcc.a(_arm_cmpdf2.o)
                0x080008a4                __gtdf2
                0x080008a4                __gedf2
                0x080008ac                __ltdf2
                0x080008ac                __ledf2
                0x080008b4                __cmpdf2
                0x080008b4                __eqdf2
                0x080008b4                __nedf2
                0x08000930                __aeabi_cdrcmple
                0x08000940                __aeabi_cdcmple
                0x08000940                __aeabi_cdcmpeq
                0x08000950                __aeabi_dcmpeq
                0x08000964                __aeabi_dcmplt
                0x08000978                __aeabi_dcmple
                0x0800098c                __aeabi_dcmpge
                0x080009a0                __aeabi_dcmpgt
 .text          0x080009b4       0x40 /home/laurence/ARM-GCC/bin/../lib/gcc/arm-none-eabi/4.7.4/armv7-m/libgcc.a(_arm_fixunsdfsi.o)
                0x080009b4                __fixunsdfsi
                0x080009b4                __aeabi_d2uiz
 .text          0x080009f4       0xa0 /home/laurence/ARM-GCC/bin/../lib/gcc/arm-none-eabi/4.7.4/armv7-m/libgcc.a(_arm_truncdfsf2.o)
                0x080009f4                __aeabi_d2f
                0x080009f4                __truncdfsf2
 .text          0x08000a94      0x21c /home/laurence/ARM-GCC/bin/../lib/gcc/arm-none-eabi/4.7.4/armv7-m/libgcc.a(_arm_addsubsf3.o)
                0x08000a94                __aeabi_frsub
                0x08000a9c                __subsf3
                0x08000a9c                __aeabi_fsub
                0x08000aa0                __aeabi_fadd
                0x08000aa0                __addsf3
                0x08000c00                __aeabi_ui2f
                0x08000c00                __floatunsisf
                0x08000c08                __aeabi_i2f
                0x08000c08                __floatsisf
                0x08000c24                __floatundisf
                0x08000c24                __aeabi_ul2f
                0x08000c34                __floatdisf
                0x08000c34                __aeabi_l2f
 .text          0x08000cb0      0x2a0 /home/laurence/ARM-GCC/bin/../lib/gcc/arm-none-eabi/4.7.4/armv7-m/libgcc.a(_arm_muldivsf3.o)
                0x08000cb0                __mulsf3
                0x08000cb0                __aeabi_fmul
                0x08000e18                __divsf3
                0x08000e18                __aeabi_fdiv
 .text          0x08000f50       0xec /home/laurence/ARM-GCC/bin/../lib/gcc/arm-none-eabi/4.7.4/armv7-m/libgcc.a(_arm_cmpsf2.o)
                0x08000f50                __gtsf2
                0x08000f50                __gesf2
                0x08000f58                __lesf2
                0x08000f58                __ltsf2
                0x08000f60                __nesf2
                0x08000f60                __eqsf2
                0x08000f60                __cmpsf2
                0x08000fc0                __aeabi_cfrcmple
                0x08000fc8                __aeabi_cfcmple
                0x08000fc8                __aeabi_cfcmpeq
                0x08000fd8                __aeabi_fcmpeq
                0x08000fec                __aeabi_fcmplt
                0x08001000                __aeabi_fcmple
                0x08001014                __aeabi_fcmpge
                0x08001028                __aeabi_fcmpgt
 .text          0x0800103c       0x40 /home/laurence/ARM-GCC/bin/../lib/gcc/arm-none-eabi/4.7.4/armv7-m/libgcc.a(_arm_fixunssfsi.o)
                0x0800103c                __aeabi_f2uiz
                0x0800103c                __fixunssfsi
 *(.text.*)
 *fill*         0x0800107c        0x4 00
 .text.startup.main
                0x08001080     0x1a38 /tmp/cc5KQI1a.ltrans0.ltrans.o
                0x08001080                main
 .text.atoiRamRom.4137
                0x08002ab8       0x20 /tmp/cc5KQI1a.ltrans1.ltrans.o
 .text.Resume_Init.4262
                0x08002ad8       0x30 /tmp/cc5KQI1a.ltrans1.ltrans.o
 .text.Get_Max_Lun
                0x08002b08       0x18 /tmp/cc5KQI1a.ltrans1.ltrans.o
                0x08002b08                Get_Max_Lun
 .text.MASS_Get_Interface_Setting
                0x08002b20        0xc /tmp/cc5KQI1a.ltrans1.ltrans.o
                0x08002b20                MASS_Get_Interface_Setting
 .text.MASS_Status_Out
                0x08002b2c        0x2 /tmp/cc5KQI1a.ltrans1.ltrans.o
                0x08002b2c                MASS_Status_Out
 .text.MASS_Status_In
                0x08002b2e        0x2 /tmp/cc5KQI1a.ltrans1.ltrans.o
                0x08002b2e                MASS_Status_In
 .text.Mass_Storage_SetDeviceAddress
                0x08002b30        0xc /tmp/cc5KQI1a.ltrans1.ltrans.o
                0x08002b30                Mass_Storage_SetDeviceAddress
 .text.stm32_dma_transfer.5672.4117
                0x08002b3c       0xcc /tmp/cc5KQI1a.ltrans1.ltrans.o
 .text.MASS_Reset
                0x08002c08       0xe0 /tmp/cc5KQI1a.ltrans1.ltrans.o
                0x08002c08                MASS_Reset
 .text.Mass_Storage_SetConfiguration
                0x08002ce8       0x30 /tmp/cc5KQI1a.ltrans1.ltrans.o
                0x08002ce8                Mass_Storage_SetConfiguration
 .text.MASS_NoData_Setup
                0x08002d18       0x4c /tmp/cc5KQI1a.ltrans1.ltrans.o
                0x08002d18                MASS_NoData_Setup
 .text.MASS_GetDeviceDescriptor
                0x08002d64        0xc /tmp/cc5KQI1a.ltrans1.ltrans.o
                0x08002d64                MASS_GetDeviceDescriptor
 .text.MASS_GetConfigDescriptor
                0x08002d70        0xc /tmp/cc5KQI1a.ltrans1.ltrans.o
                0x08002d70                MASS_GetConfigDescriptor
 .text.MASS_GetStringDescriptor
                0x08002d7c       0x20 /tmp/cc5KQI1a.ltrans1.ltrans.o
                0x08002d7c                MASS_GetStringDescriptor
 .text.Timer_GPIO_Enable
                0x08002d9c       0x24 /tmp/cc5KQI1a.ltrans1.ltrans.o
                0x08002d9c                Timer_GPIO_Enable
 .text.Timer_GPIO_Disable
                0x08002dc0       0x24 /tmp/cc5KQI1a.ltrans1.ltrans.o
                0x08002dc0                Timer_GPIO_Disable
 .text.shutdown
                0x08002de4       0x10 /tmp/cc5KQI1a.ltrans1.ltrans.o
                0x08002de4                shutdown
 .text.NVIC_SystemReset.6729
                0x08002df4       0x20 /tmp/cc5KQI1a.ltrans1.ltrans.o
                0x08002df4                NVIC_SystemReset.6729
 .text.I2C1_Request_Job
                0x08002e14       0x58 /tmp/cc5KQI1a.ltrans1.ltrans.o
                0x08002e14                I2C1_Request_Job
 .text.rprintfChar
                0x08002e6c       0x1c /tmp/cc5KQI1a.ltrans1.ltrans.o
                0x08002e6c                rprintfChar
 .text.rprintf2RamRom
                0x08002e88      0x404 /tmp/cc5KQI1a.ltrans1.ltrans.o
                0x08002e88                rprintf2RamRom
 .text.stm32_spi_rw.5661
                0x0800328c       0x24 /tmp/cc5KQI1a.ltrans1.ltrans.o
                0x0800328c                stm32_spi_rw.5661
 .text.rcvr_spi.5664
                0x080032b0        0x6 /tmp/cc5KQI1a.ltrans1.ltrans.o
                0x080032b0                rcvr_spi.5664
 *fill*         0x080032b6        0x2 00
 .text.release_spi
                0x080032b8       0x18 /tmp/cc5KQI1a.ltrans1.ltrans.o
                0x080032b8                release_spi
 .text.rcvr_datablock
                0x080032d0       0x54 /tmp/cc5KQI1a.ltrans1.ltrans.o
                0x080032d0                rcvr_datablock
 .text.xmit_datablock.part.1.5677
                0x08003324       0x2c /tmp/cc5KQI1a.ltrans1.ltrans.o
                0x08003324                xmit_datablock.part.1.5677
 .text.wait_ready.5666
                0x08003350       0x24 /tmp/cc5KQI1a.ltrans1.ltrans.o
                0x08003350                wait_ready.5666
 .text.send_cmd.5668
                0x08003374       0xbc /tmp/cc5KQI1a.ltrans1.ltrans.o
                0x08003374                send_cmd.5668
 .text.disk_read
                0x08003430       0xa0 /tmp/cc5KQI1a.ltrans1.ltrans.o
                0x08003430                disk_read
 .text.Read_Memory
                0x080034d0      0x154 /tmp/cc5KQI1a.ltrans1.ltrans.o
                0x080034d0                Read_Memory
 .text.check_fs.5321
                0x08003624       0x88 /tmp/cc5KQI1a.ltrans1.ltrans.o
                0x08003624                check_fs.5321
 .text.validate.5314
                0x080036ac       0x2c /tmp/cc5KQI1a.ltrans1.ltrans.o
                0x080036ac                validate.5314
 .text.counter_to_struct.5575
                0x080036d8       0xa8 /tmp/cc5KQI1a.ltrans1.ltrans.o
                0x080036d8                counter_to_struct.5575
 .text.isDST.5557
                0x08003780       0x2a /tmp/cc5KQI1a.ltrans1.ltrans.o
                0x08003780                isDST.5557
 *fill*         0x080037aa        0x2 00
 .text.rtc_gettime
                0x080037ac       0x74 /tmp/cc5KQI1a.ltrans1.ltrans.o
                0x080037ac                rtc_gettime
 .text.get_fattime
                0x08003820       0x40 /tmp/cc5KQI1a.ltrans1.ltrans.o
                0x08003820                get_fattime
 .text.clust2sect
                0x08003860       0x18 /tmp/cc5KQI1a.ltrans1.ltrans.o
                0x08003860                clust2sect
 .text.mem_cpy.5245
                0x08003878       0x12 /tmp/cc5KQI1a.ltrans1.ltrans.o
                0x08003878                mem_cpy.5245
 *fill*         0x0800388a        0x2 00
 .text.ff_convert.part.0.5178
                0x0800388c       0x24 /tmp/cc5KQI1a.ltrans1.ltrans.o
                0x0800388c                ff_convert.part.0.5178
 .text.Delay    0x080038b0       0x1a /tmp/cc5KQI1a.ltrans1.ltrans.o
                0x080038b0                Delay
 .text.Pop_From_Buffer
                0x080038ca       0x1c /tmp/cc5KQI1a.ltrans1.ltrans.o
                0x080038ca                Pop_From_Buffer
 .text.Add_To_Byte_Buffer
                0x080038e6       0x46 /tmp/cc5KQI1a.ltrans1.ltrans.o
                0x080038e6                Add_To_Byte_Buffer
 .text.Add_To_Buffer
                0x0800392c       0x48 /tmp/cc5KQI1a.ltrans1.ltrans.o
                0x0800392c                Add_To_Buffer
 .text.Bot_Abort.part.2.4620
                0x08003974       0x18 /tmp/cc5KQI1a.ltrans1.ltrans.o
                0x08003974                Bot_Abort.part.2.4620
 .text.Resume   0x0800398c       0xa4 /tmp/cc5KQI1a.ltrans1.ltrans.o
                0x0800398c                Resume
 .text.Set_CSW  0x08003a30       0x3c /tmp/cc5KQI1a.ltrans1.ltrans.o
                0x08003a30                Set_CSW
 .text.Transfer_Data_Request
                0x08003a6c       0x34 /tmp/cc5KQI1a.ltrans1.ltrans.o
                0x08003a6c                Transfer_Data_Request
 .text.IntToUnicode.4402
                0x08003aa0       0x2a /tmp/cc5KQI1a.ltrans1.ltrans.o
                0x08003aa0                IntToUnicode.4402
 *fill*         0x08003aca        0x2 00
 .text.Mass_Storage_ClearFeature.4058
                0x08003acc       0x18 /tmp/cc5KQI1a.ltrans2.ltrans.o
 .text.MASS_init
                0x08003ae4       0x70 /tmp/cc5KQI1a.ltrans2.ltrans.o
                0x08003ae4                MASS_init
 .text.__gps_send_char.4119
                0x08003b54       0x1c /tmp/cc5KQI1a.ltrans2.ltrans.o
 .text.__usart_send_char
                0x08003b70       0x1c /tmp/cc5KQI1a.ltrans2.ltrans.o
                0x08003b70                __usart_send_char
 .text.__str_print_char
                0x08003b8c       0x2c /tmp/cc5KQI1a.ltrans2.ltrans.o
                0x08003b8c                __str_print_char
 .text.send_string_to_silabs.constprop.34
                0x08003bb8       0x24 /tmp/cc5KQI1a.ltrans2.ltrans.o
                0x08003bb8                send_string_to_silabs.constprop.34
 .text.si446x_spi_state_machine.constprop.32
                0x08003bdc      0x2a0 /tmp/cc5KQI1a.ltrans2.ltrans.o
                0x08003bdc                si446x_spi_state_machine.constprop.32
 .text.si446x_state_machine
                0x08003e7c      0x214 /tmp/cc5KQI1a.ltrans2.ltrans.o
                0x08003e7c                si446x_state_machine
 .text.Gps_Process_Byte.constprop.29
                0x08004090      0x1c8 /tmp/cc5KQI1a.ltrans2.ltrans.o
                0x08004090                Gps_Process_Byte.constprop.29
 .text.Pop_From_Dma_Buffer.constprop.28
                0x08004258       0x24 /tmp/cc5KQI1a.ltrans2.ltrans.o
                0x08004258                Pop_From_Dma_Buffer.constprop.28
 .text.Get_UBX_Ack.constprop.27
                0x0800427c       0xa0 /tmp/cc5KQI1a.ltrans2.ltrans.o
                0x0800427c                Get_UBX_Ack.constprop.27
 .text.Gps_Send_Utf8
                0x0800431c       0x1a /tmp/cc5KQI1a.ltrans2.ltrans.o
                0x0800431c                Gps_Send_Utf8
 .text.Gps_Send_Str
                0x08004336       0x16 /tmp/cc5KQI1a.ltrans2.ltrans.o
                0x08004336                Gps_Send_Str
 .text.Usart_Send_Str
                0x0800434c       0x16 /tmp/cc5KQI1a.ltrans2.ltrans.o
                0x0800434c                Usart_Send_Str
 *fill*         0x08004362        0x2 00
 .text.power_on.5659
                0x08004364       0xfc /tmp/cc5KQI1a.ltrans2.ltrans.o
                0x08004364                power_on.5659
 .text.MAL_GetStatus
                0x08004460       0xc4 /tmp/cc5KQI1a.ltrans2.ltrans.o
                0x08004460                MAL_GetStatus
 .text.I2C_Config
                0x08004524      0x138 /tmp/cc5KQI1a.ltrans2.ltrans.o
                0x08004524                I2C_Config
 .text.EP2_OUT_Callback.4009
                0x0800465c      0x310 /tmp/cc5KQI1a.ltrans3.ltrans.o
 .text.dir_next.5387
                0x0800496c       0xfa /tmp/cc5KQI1a.ltrans3.ltrans.o
                0x0800496c                dir_next.5387
 *fill*         0x08004a66        0x2 00
 .text.disk_initialize
                0x08004a68      0x164 /tmp/cc5KQI1a.ltrans3.ltrans.o
                0x08004a68                disk_initialize
 .text.chk_mounted.5325
                0x08004bcc      0x318 /tmp/cc5KQI1a.ltrans3.ltrans.o
                0x08004bcc                chk_mounted.5325
 .text.put_fat.4144
                0x08004ee4       0xf2 /tmp/cc5KQI1a.ltrans4.ltrans.o
 *fill*         0x08004fd6        0x2 00
 .text.unlikely.f_read.constprop.12
                0x08004fd8      0x19c /tmp/cc5KQI1a.ltrans4.ltrans.o
                0x08004fd8                f_read.constprop.12
 .text.SCSI_Write10_Cmd
                0x08005174      0x144 /tmp/cc5KQI1a.ltrans4.ltrans.o
                0x08005174                SCSI_Write10_Cmd
 .text.remove_chain.5417
                0x080052b8       0x54 /tmp/cc5KQI1a.ltrans4.ltrans.o
                0x080052b8                remove_chain.5417
 .text.f_truncate
                0x0800530c       0x92 /tmp/cc5KQI1a.ltrans4.ltrans.o
                0x0800530c                f_truncate
 .text.create_chain.5383
                0x0800539e       0x9a /tmp/cc5KQI1a.ltrans4.ltrans.o
                0x0800539e                create_chain.5383
 .text.f_lseek  0x08005438      0x140 /tmp/cc5KQI1a.ltrans4.ltrans.o
                0x08005438                f_lseek
 .text.f_write  0x08005578      0x19a /tmp/cc5KQI1a.ltrans4.ltrans.o
                0x08005578                f_write
 *fill*         0x08005712        0x2 00
 .text.f_puts.constprop.9
                0x08005714       0x34 /tmp/cc5KQI1a.ltrans4.ltrans.o
                0x08005714                f_puts.constprop.9
 .text.__fat_print_char
                0x08005748       0x1c /tmp/cc5KQI1a.ltrans4.ltrans.o
                0x08005748                __fat_print_char
 .text.dir_sdi.5351
                0x08005764       0x84 /tmp/cc5KQI1a.ltrans4.ltrans.o
                0x08005764                dir_sdi.5351
 .text.MASS_Data_Setup
                0x080057e8       0x38 /tmp/cc5KQI1a.ltrans5.ltrans.o
                0x080057e8                MASS_Data_Setup
 .text.si446x_setup
                0x08005820      0xaa4 /tmp/cc5KQI1a.ltrans5.ltrans.o
                0x08005820                si446x_setup
 .text.USART2_reconf.constprop.26
                0x080062c4       0x50 /tmp/cc5KQI1a.ltrans5.ltrans.o
                0x080062c4                USART2_reconf.constprop.26
 .text.dir_find.part.4.5391.4133
                0x08006314      0x184 /tmp/cc5KQI1a.ltrans6.ltrans.o
 .text.follow_path.5397.4121
                0x08006498      0x290 /tmp/cc5KQI1a.ltrans6.ltrans.o
 .text.f_open   0x08006728      0x3d0 /tmp/cc5KQI1a.ltrans6.ltrans.o
                0x08006728                f_open
 .text.f_stat.constprop.11
                0x08006af8      0x13c /tmp/cc5KQI1a.ltrans6.ltrans.o
                0x08006af8                f_stat.constprop.11
 .text.I2C1_EV_IRQHandler
                0x08006c34      0x474 /tmp/cc5KQI1a.ltrans7.ltrans.o
                0x08006c34                I2C1_EV_IRQHandler
 .text.EXTI15_10_IRQHandler
                0x080070a8       0x38 /tmp/cc5KQI1a.ltrans7.ltrans.o
                0x080070a8                EXTI15_10_IRQHandler
 .text.DMA1_Channel2_IRQHandler
                0x080070e0       0x40 /tmp/cc5KQI1a.ltrans7.ltrans.o
                0x080070e0                DMA1_Channel2_IRQHandler
 .text.EXTI0_IRQHandler
                0x08007120       0x34 /tmp/cc5KQI1a.ltrans7.ltrans.o
                0x08007120                EXTI0_IRQHandler
 .text.USART3_IRQHandler
                0x08007154       0x74 /tmp/cc5KQI1a.ltrans7.ltrans.o
                0x08007154                USART3_IRQHandler
 .text.f_sync   0x080071c8      0x180 /tmp/cc5KQI1a.ltrans7.ltrans.o
                0x080071c8                f_sync
 .text.file_preallocation_control.part.1.6734
                0x08007348       0x26 /tmp/cc5KQI1a.ltrans7.ltrans.o
                0x08007348                file_preallocation_control.part.1.6734
 .text.f_close  0x0800736e        0xe /tmp/cc5KQI1a.ltrans7.ltrans.o
                0x0800736e                f_close
 .text.shutdown_filesystem
                0x0800737c       0xf4 /tmp/cc5KQI1a.ltrans7.ltrans.o
                0x0800737c                shutdown_filesystem
 .text.disk_write
                0x08007470       0xcc /tmp/cc5KQI1a.ltrans8.ltrans.o
                0x08007470                disk_write
 .text.move_window.5304
                0x0800753c       0x76 /tmp/cc5KQI1a.ltrans8.ltrans.o
                0x0800753c                move_window.5304
 .text.get_fat  0x080075b2       0xc8 /tmp/cc5KQI1a.ltrans8.ltrans.o
                0x080075b2                get_fat
 *fill*         0x0800767a        0x2 00
 .text.detect_sensors
                0x0800767c       0x80 /tmp/cc5KQI1a.ltrans8.ltrans.o
                0x0800767c                detect_sensors
 .text.SCSI_Invalid_Cmd
                0x080076fc       0x3c /tmp/cc5KQI1a.ltrans8.ltrans.o
                0x080076fc                SCSI_Invalid_Cmd
 .text.SCSI_Address_Management
                0x08007738       0x74 /tmp/cc5KQI1a.ltrans8.ltrans.o
                0x08007738                SCSI_Address_Management
 .text.SCSI_Read10_Cmd
                0x080077ac       0x6c /tmp/cc5KQI1a.ltrans8.ltrans.o
                0x080077ac                SCSI_Read10_Cmd
 .text.EP1_IN_Callback.4098
                0x08007818       0x5c /tmp/cc5KQI1a.ltrans8.ltrans.o
 .text.USB_LP_CAN1_RX0_IRQHandler
                0x08007874      0x108 /tmp/cc5KQI1a.ltrans9.ltrans.o
                0x08007874                USB_LP_CAN1_RX0_IRQHandler
 .text.USB_HP_CAN1_TX_IRQHandler
                0x0800797c        0x4 /tmp/cc5KQI1a.ltrans9.ltrans.o
                0x0800797c                USB_HP_CAN1_TX_IRQHandler
 .text.SysTick_Handler
                0x08007980      0x578 /tmp/cc5KQI1a.ltrans9.ltrans.o
                0x08007980                SysTick_Handler
 .text.ADC1_2_IRQHandler
                0x08007ef8       0x6c /tmp/cc5KQI1a.ltrans9.ltrans.o
                0x08007ef8                ADC1_2_IRQHandler
 .text.I2C1_ER_IRQHandler
                0x08007f64       0xf0 /tmp/cc5KQI1a.ltrans9.ltrans.o
                0x08007f64                I2C1_ER_IRQHandler
 .text.USART1_IRQHandler
                0x08008054       0x34 /tmp/cc5KQI1a.ltrans10.ltrans.o
                0x08008054                USART1_IRQHandler
 .text.malloc   0x08008088       0x10 /home/laurence/ARM-GCC/bin/../lib/gcc/arm-none-eabi/4.7.4/../../../../arm-none-eabi/lib/armv7-m/libc.a(lib_a-malloc.o)
                0x08008088                malloc
 .text._malloc_r
                0x08008098      0x530 /home/laurence/ARM-GCC/bin/../lib/gcc/arm-none-eabi/4.7.4/../../../../arm-none-eabi/lib/armv7-m/libc.a(lib_a-mallocr.o)
                0x08008098                _malloc_r
 .text.memcmp   0x080085c8       0xb8 /home/laurence/ARM-GCC/bin/../lib/gcc/arm-none-eabi/4.7.4/../../../../arm-none-eabi/lib/armv7-m/libc.a(lib_a-memcmp.o)
                0x080085c8                memcmp
 .text.memcpy   0x08008680      0x15c /home/laurence/ARM-GCC/bin/../lib/gcc/arm-none-eabi/4.7.4/../../../../arm-none-eabi/lib/armv7-m/libc.a(lib_a-memcpy.o)
                0x08008680                memcpy
 .text.__malloc_lock
                0x080087dc        0x4 /home/laurence/ARM-GCC/bin/../lib/gcc/arm-none-eabi/4.7.4/../../../../arm-none-eabi/lib/armv7-m/libc.a(lib_a-mlock.o)
                0x080087dc                __malloc_lock
 .text.__malloc_unlock
                0x080087e0        0x4 /home/laurence/ARM-GCC/bin/../lib/gcc/arm-none-eabi/4.7.4/../../../../arm-none-eabi/lib/armv7-m/libc.a(lib_a-mlock.o)
                0x080087e0                __malloc_unlock
 .text._sbrk_r  0x080087e4       0x24 /home/laurence/ARM-GCC/bin/../lib/gcc/arm-none-eabi/4.7.4/../../../../arm-none-eabi/lib/armv7-m/libc.a(lib_a-sbrkr.o)
                0x080087e4                _sbrk_r
 .text.strcat   0x08008808       0x4c /home/laurence/ARM-GCC/bin/../lib/gcc/arm-none-eabi/4.7.4/../../../../arm-none-eabi/lib/armv7-m/libc.a(lib_a-strcat.o)
                0x08008808                strcat
 .text.strchr   0x08008854       0xfc /home/laurence/ARM-GCC/bin/../lib/gcc/arm-none-eabi/4.7.4/../../../../arm-none-eabi/lib/armv7-m/libc.a(lib_a-strchr.o)
                0x08008854                strchr
 .text.strcpy   0x08008950       0xbc /home/laurence/ARM-GCC/bin/../lib/gcc/arm-none-eabi/4.7.4/../../../../arm-none-eabi/lib/armv7-m/libc.a(lib_a-strcpy.o)
                0x08008950                strcpy
 .text.strlen   0x08008a0c       0x60 /home/laurence/ARM-GCC/bin/../lib/gcc/arm-none-eabi/4.7.4/../../../../arm-none-eabi/lib/armv7-m/libc.a(lib_a-strlen.o)
                0x08008a0c                strlen
 .text.strncmp  0x08008a6c      0x120 /home/laurence/ARM-GCC/bin/../lib/gcc/arm-none-eabi/4.7.4/../../../../arm-none-eabi/lib/armv7-m/libc.a(lib_a-strncmp.o)
                0x08008a6c                strncmp
 .text.strncpy  0x08008b8c      0x10c /home/laurence/ARM-GCC/bin/../lib/gcc/arm-none-eabi/4.7.4/../../../../arm-none-eabi/lib/armv7-m/libc.a(lib_a-strncpy.o)
                0x08008b8c                strncpy
 .text._malloc_trim_r
                0x08008c98       0x98 /home/laurence/ARM-GCC/bin/../lib/gcc/arm-none-eabi/4.7.4/../../../../arm-none-eabi/lib/armv7-m/libc.a(lib_a-freer.o)
                0x08008c98                _malloc_trim_r
 .text._free_r  0x08008d30      0x194 /home/laurence/ARM-GCC/bin/../lib/gcc/arm-none-eabi/4.7.4/../../../../arm-none-eabi/lib/armv7-m/libc.a(lib_a-freer.o)
                0x08008d30                _free_r
 .text.Reset_Handler
                0x08008ec4       0x48 lib/CMSIS_CM3/startup/gcc/startup_stm32f10x_md.o
                0x08008ec4                Reset_Handler
 .text.Default_Handler
                0x08008f0c        0x4 lib/CMSIS_CM3/startup/gcc/startup_stm32f10x_md.o
                0x08008f0c                EXTI2_IRQHandler
                0x08008f0c                DebugMon_Handler
                0x08008f0c                TIM1_CC_IRQHandler
                0x08008f0c                HardFault_Handler
                0x08008f0c                PVD_IRQHandler
                0x08008f0c                PendSV_Handler
                0x08008f0c                NMI_Handler
                0x08008f0c                EXTI3_IRQHandler
                0x08008f0c                I2C2_EV_IRQHandler
                0x08008f0c                UsageFault_Handler
                0x08008f0c                SPI1_IRQHandler
                0x08008f0c                TAMPER_IRQHandler
                0x08008f0c                DMA1_Channel4_IRQHandler
                0x08008f0c                RTC_IRQHandler
                0x08008f0c                DMA1_Channel7_IRQHandler
                0x08008f0c                CAN1_RX1_IRQHandler
                0x08008f0c                TIM4_IRQHandler
                0x08008f0c                DMA1_Channel6_IRQHandler
                0x08008f0c                TIM3_IRQHandler
                0x08008f0c                RCC_IRQHandler
                0x08008f0c                TIM1_TRG_COM_IRQHandler
                0x08008f0c                DMA1_Channel1_IRQHandler
                0x08008f0c                Default_Handler
                0x08008f0c                EXTI9_5_IRQHandler
                0x08008f0c                SPI2_IRQHandler
                0x08008f0c                MemManage_Handler
                0x08008f0c                SVC_Handler
                0x08008f0c                DMA1_Channel5_IRQHandler
                0x08008f0c                EXTI4_IRQHandler
                0x08008f0c                DMA1_Channel3_IRQHandler
                0x08008f0c                TIM1_UP_IRQHandler
                0x08008f0c                WWDG_IRQHandler
                0x08008f0c                TIM2_IRQHandler
                0x08008f0c                TIM1_BRK_IRQHandler
                0x08008f0c                EXTI1_IRQHandler
                0x08008f0c                RTCAlarm_IRQHandler
                0x08008f0c                USART2_IRQHandler
                0x08008f0c                I2C2_ER_IRQHandler
                0x08008f0c                CAN1_SCE_IRQHandler
                0x08008f0c                FLASH_IRQHandler
                0x08008f0c                BusFault_Handler
                0x08008f0c                USBWakeUp_IRQHandler
 .text.NVIC_PriorityGroupConfig
                0x08008f10       0x14 lib/STM32F10x_StdPeriph_Driver/libstm32fw.a(misc.o)
                0x08008f10                NVIC_PriorityGroupConfig
 .text.NVIC_Init
                0x08008f24       0x68 lib/STM32F10x_StdPeriph_Driver/libstm32fw.a(misc.o)
                0x08008f24                NVIC_Init
 .text.NVIC_SetVectorTable
                0x08008f8c       0x14 lib/STM32F10x_StdPeriph_Driver/libstm32fw.a(misc.o)
                0x08008f8c                NVIC_SetVectorTable
 .text.SysTick_CLKSourceConfig
                0x08008fa0       0x18 lib/STM32F10x_StdPeriph_Driver/libstm32fw.a(misc.o)
                0x08008fa0                SysTick_CLKSourceConfig
 .text.ADC_DeInit
                0x08008fb8       0x5c lib/STM32F10x_StdPeriph_Driver/libstm32fw.a(stm32f10x_adc.o)
                0x08008fb8                ADC_DeInit
 .text.ADC_Init
                0x08009014       0x48 lib/STM32F10x_StdPeriph_Driver/libstm32fw.a(stm32f10x_adc.o)
                0x08009014                ADC_Init
 .text.ADC_Cmd  0x0800905c       0x12 lib/STM32F10x_StdPeriph_Driver/libstm32fw.a(stm32f10x_adc.o)
                0x0800905c                ADC_Cmd
 .text.ADC_ResetCalibration
                0x0800906e        0xa lib/STM32F10x_StdPeriph_Driver/libstm32fw.a(stm32f10x_adc.o)
                0x0800906e                ADC_ResetCalibration
 .text.ADC_GetResetCalibrationStatus
                0x08009078        0x8 lib/STM32F10x_StdPeriph_Driver/libstm32fw.a(stm32f10x_adc.o)
                0x08009078                ADC_GetResetCalibrationStatus
 .text.ADC_StartCalibration
                0x08009080        0xa lib/STM32F10x_StdPeriph_Driver/libstm32fw.a(stm32f10x_adc.o)
                0x08009080                ADC_StartCalibration
 .text.ADC_GetCalibrationStatus
                0x0800908a        0x8 lib/STM32F10x_StdPeriph_Driver/libstm32fw.a(stm32f10x_adc.o)
                0x0800908a                ADC_GetCalibrationStatus
 .text.ADC_SoftwareStartConvCmd
                0x08009092       0x12 lib/STM32F10x_StdPeriph_Driver/libstm32fw.a(stm32f10x_adc.o)
                0x08009092                ADC_SoftwareStartConvCmd
 .text.ADC_RegularChannelConfig
                0x080090a4       0x9a lib/STM32F10x_StdPeriph_Driver/libstm32fw.a(stm32f10x_adc.o)
                0x080090a4                ADC_RegularChannelConfig
 .text.ADC_GetConversionValue
                0x0800913e        0x6 lib/STM32F10x_StdPeriph_Driver/libstm32fw.a(stm32f10x_adc.o)
                0x0800913e                ADC_GetConversionValue
 .text.ADC_ExternalTrigInjectedConvConfig
                0x08009144        0xc lib/STM32F10x_StdPeriph_Driver/libstm32fw.a(stm32f10x_adc.o)
                0x08009144                ADC_ExternalTrigInjectedConvConfig
 .text.ADC_SoftwareStartInjectedConvCmd
                0x08009150       0x12 lib/STM32F10x_StdPeriph_Driver/libstm32fw.a(stm32f10x_adc.o)
                0x08009150                ADC_SoftwareStartInjectedConvCmd
 .text.ADC_InjectedChannelConfig
                0x08009162       0x60 lib/STM32F10x_StdPeriph_Driver/libstm32fw.a(stm32f10x_adc.o)
                0x08009162                ADC_InjectedChannelConfig
 .text.ADC_InjectedSequencerLengthConfig
                0x080091c2       0x10 lib/STM32F10x_StdPeriph_Driver/libstm32fw.a(stm32f10x_adc.o)
                0x080091c2                ADC_InjectedSequencerLengthConfig
 .text.ADC_GetInjectedConversionValue
                0x080091d2       0x1a lib/STM32F10x_StdPeriph_Driver/libstm32fw.a(stm32f10x_adc.o)
                0x080091d2                ADC_GetInjectedConversionValue
 .text.ADC_GetFlagStatus
                0x080091ec        0xc lib/STM32F10x_StdPeriph_Driver/libstm32fw.a(stm32f10x_adc.o)
                0x080091ec                ADC_GetFlagStatus
 .text.ADC_ClearFlag
                0x080091f8        0x6 lib/STM32F10x_StdPeriph_Driver/libstm32fw.a(stm32f10x_adc.o)
                0x080091f8                ADC_ClearFlag
 .text.ADC_GetITStatus
                0x080091fe       0x16 lib/STM32F10x_StdPeriph_Driver/libstm32fw.a(stm32f10x_adc.o)
                0x080091fe                ADC_GetITStatus
 .text.ADC_ClearITPendingBit
                0x08009214        0x8 lib/STM32F10x_StdPeriph_Driver/libstm32fw.a(stm32f10x_adc.o)
                0x08009214                ADC_ClearITPendingBit
 .text.BKP_DeInit
                0x0800921c       0x12 lib/STM32F10x_StdPeriph_Driver/libstm32fw.a(stm32f10x_bkp.o)
                0x0800921c                BKP_DeInit
 *fill*         0x0800922e        0x2 00
 .text.BKP_RTCOutputConfig
                0x08009230       0x18 lib/STM32F10x_StdPeriph_Driver/libstm32fw.a(stm32f10x_bkp.o)
                0x08009230                BKP_RTCOutputConfig
 .text.BKP_SetRTCCalibrationValue
                0x08009248       0x18 lib/STM32F10x_StdPeriph_Driver/libstm32fw.a(stm32f10x_bkp.o)
                0x08009248                BKP_SetRTCCalibrationValue
 .text.BKP_WriteBackupRegister
                0x08009260       0x1c lib/STM32F10x_StdPeriph_Driver/libstm32fw.a(stm32f10x_bkp.o)
                0x08009260                BKP_WriteBackupRegister
 .text.BKP_ReadBackupRegister
                0x0800927c       0x20 lib/STM32F10x_StdPeriph_Driver/libstm32fw.a(stm32f10x_bkp.o)
                0x0800927c                BKP_ReadBackupRegister
 .text.DBGMCU_Config
                0x0800929c       0x18 lib/STM32F10x_StdPeriph_Driver/libstm32fw.a(stm32f10x_dbgmcu.o)
                0x0800929c                DBGMCU_Config
 .text.DMA_DeInit
                0x080092b4       0xec lib/STM32F10x_StdPeriph_Driver/libstm32fw.a(stm32f10x_dma.o)
                0x080092b4                DMA_DeInit
 .text.DMA_Init
                0x080093a0       0x40 lib/STM32F10x_StdPeriph_Driver/libstm32fw.a(stm32f10x_dma.o)
                0x080093a0                DMA_Init
 .text.DMA_Cmd  0x080093e0       0x12 lib/STM32F10x_StdPeriph_Driver/libstm32fw.a(stm32f10x_dma.o)
                0x080093e0                DMA_Cmd
 .text.DMA_ITConfig
                0x080093f2       0x10 lib/STM32F10x_StdPeriph_Driver/libstm32fw.a(stm32f10x_dma.o)
                0x080093f2                DMA_ITConfig
 .text.DMA_GetCurrDataCounter
                0x08009402        0x6 lib/STM32F10x_StdPeriph_Driver/libstm32fw.a(stm32f10x_dma.o)
                0x08009402                DMA_GetCurrDataCounter
 .text.DMA_GetFlagStatus
                0x08009408       0x1c lib/STM32F10x_StdPeriph_Driver/libstm32fw.a(stm32f10x_dma.o)
                0x08009408                DMA_GetFlagStatus
 .text.DMA_ClearFlag
                0x08009424       0x14 lib/STM32F10x_StdPeriph_Driver/libstm32fw.a(stm32f10x_dma.o)
                0x08009424                DMA_ClearFlag
 .text.DMA_GetITStatus
                0x08009438       0x1c lib/STM32F10x_StdPeriph_Driver/libstm32fw.a(stm32f10x_dma.o)
                0x08009438                DMA_GetITStatus
 .text.DMA_ClearITPendingBit
                0x08009454       0x14 lib/STM32F10x_StdPeriph_Driver/libstm32fw.a(stm32f10x_dma.o)
                0x08009454                DMA_ClearITPendingBit
 .text.EXTI_DeInit
                0x08009468       0x1c lib/STM32F10x_StdPeriph_Driver/libstm32fw.a(stm32f10x_exti.o)
                0x08009468                EXTI_DeInit
 .text.EXTI_Init
                0x08009484       0x88 lib/STM32F10x_StdPeriph_Driver/libstm32fw.a(stm32f10x_exti.o)
                0x08009484                EXTI_Init
 .text.EXTI_GenerateSWInterrupt
                0x0800950c       0x10 lib/STM32F10x_StdPeriph_Driver/libstm32fw.a(stm32f10x_exti.o)
                0x0800950c                EXTI_GenerateSWInterrupt
 .text.EXTI_GetITStatus
                0x0800951c       0x20 lib/STM32F10x_StdPeriph_Driver/libstm32fw.a(stm32f10x_exti.o)
                0x0800951c                EXTI_GetITStatus
 .text.EXTI_ClearITPendingBit
                0x0800953c        0xc lib/STM32F10x_StdPeriph_Driver/libstm32fw.a(stm32f10x_exti.o)
                0x0800953c                EXTI_ClearITPendingBit
 .text.GPIO_Init
                0x08009548       0x9a lib/STM32F10x_StdPeriph_Driver/libstm32fw.a(stm32f10x_gpio.o)
                0x08009548                GPIO_Init
 .text.GPIO_ReadInputDataBit
                0x080095e2        0xc lib/STM32F10x_StdPeriph_Driver/libstm32fw.a(stm32f10x_gpio.o)
                0x080095e2                GPIO_ReadInputDataBit
 .text.GPIO_SetBits
                0x080095ee        0x4 lib/STM32F10x_StdPeriph_Driver/libstm32fw.a(stm32f10x_gpio.o)
                0x080095ee                GPIO_SetBits
 .text.GPIO_ResetBits
                0x080095f2        0x4 lib/STM32F10x_StdPeriph_Driver/libstm32fw.a(stm32f10x_gpio.o)
                0x080095f2                GPIO_ResetBits
 .text.GPIO_WriteBit
                0x080095f6        0xa lib/STM32F10x_StdPeriph_Driver/libstm32fw.a(stm32f10x_gpio.o)
                0x080095f6                GPIO_WriteBit
 .text.GPIO_PinRemapConfig
                0x08009600       0x58 lib/STM32F10x_StdPeriph_Driver/libstm32fw.a(stm32f10x_gpio.o)
                0x08009600                GPIO_PinRemapConfig
 .text.GPIO_EXTILineConfig
                0x08009658       0x34 lib/STM32F10x_StdPeriph_Driver/libstm32fw.a(stm32f10x_gpio.o)
                0x08009658                GPIO_EXTILineConfig
 .text.I2C_DeInit
                0x0800968c       0x34 lib/STM32F10x_StdPeriph_Driver/libstm32fw.a(stm32f10x_i2c.o)
                0x0800968c                I2C_DeInit
 .text.I2C_Init
                0x080096c0       0xd4 lib/STM32F10x_StdPeriph_Driver/libstm32fw.a(stm32f10x_i2c.o)
                0x080096c0                I2C_Init
 .text.I2C_Cmd  0x08009794       0x18 lib/STM32F10x_StdPeriph_Driver/libstm32fw.a(stm32f10x_i2c.o)
                0x08009794                I2C_Cmd
 .text.I2C_GenerateSTART
                0x080097ac       0x18 lib/STM32F10x_StdPeriph_Driver/libstm32fw.a(stm32f10x_i2c.o)
                0x080097ac                I2C_GenerateSTART
 .text.I2C_GenerateSTOP
                0x080097c4       0x18 lib/STM32F10x_StdPeriph_Driver/libstm32fw.a(stm32f10x_i2c.o)
                0x080097c4                I2C_GenerateSTOP
 .text.I2C_AcknowledgeConfig
                0x080097dc       0x18 lib/STM32F10x_StdPeriph_Driver/libstm32fw.a(stm32f10x_i2c.o)
                0x080097dc                I2C_AcknowledgeConfig
 .text.I2C_ITConfig
                0x080097f4       0x12 lib/STM32F10x_StdPeriph_Driver/libstm32fw.a(stm32f10x_i2c.o)
                0x080097f4                I2C_ITConfig
 .text.I2C_SendData
                0x08009806        0x4 lib/STM32F10x_StdPeriph_Driver/libstm32fw.a(stm32f10x_i2c.o)
                0x08009806                I2C_SendData
 .text.I2C_ReceiveData
                0x0800980a        0x6 lib/STM32F10x_StdPeriph_Driver/libstm32fw.a(stm32f10x_i2c.o)
                0x0800980a                I2C_ReceiveData
 .text.I2C_Send7bitAddress
                0x08009810       0x10 lib/STM32F10x_StdPeriph_Driver/libstm32fw.a(stm32f10x_i2c.o)
                0x08009810                I2C_Send7bitAddress
 .text.I2C_SoftwareResetCmd
                0x08009820       0x18 lib/STM32F10x_StdPeriph_Driver/libstm32fw.a(stm32f10x_i2c.o)
                0x08009820                I2C_SoftwareResetCmd
 .text.IWDG_WriteAccessCmd
                0x08009838        0xc lib/STM32F10x_StdPeriph_Driver/libstm32fw.a(stm32f10x_iwdg.o)
                0x08009838                IWDG_WriteAccessCmd
 .text.IWDG_SetPrescaler
                0x08009844        0xc lib/STM32F10x_StdPeriph_Driver/libstm32fw.a(stm32f10x_iwdg.o)
                0x08009844                IWDG_SetPrescaler
 .text.IWDG_SetReload
                0x08009850        0xc lib/STM32F10x_StdPeriph_Driver/libstm32fw.a(stm32f10x_iwdg.o)
                0x08009850                IWDG_SetReload
 .text.IWDG_ReloadCounter
                0x0800985c       0x10 lib/STM32F10x_StdPeriph_Driver/libstm32fw.a(stm32f10x_iwdg.o)
                0x0800985c                IWDG_ReloadCounter
 .text.IWDG_Enable
                0x0800986c       0x10 lib/STM32F10x_StdPeriph_Driver/libstm32fw.a(stm32f10x_iwdg.o)
                0x0800986c                IWDG_Enable
 .text.PWR_DeInit
                0x0800987c       0x1a lib/STM32F10x_StdPeriph_Driver/libstm32fw.a(stm32f10x_pwr.o)
                0x0800987c                PWR_DeInit
 *fill*         0x08009896        0x2 00
 .text.PWR_BackupAccessCmd
                0x08009898        0xc lib/STM32F10x_StdPeriph_Driver/libstm32fw.a(stm32f10x_pwr.o)
                0x08009898                PWR_BackupAccessCmd
 .text.PWR_WakeUpPinCmd
                0x080098a4        0xc lib/STM32F10x_StdPeriph_Driver/libstm32fw.a(stm32f10x_pwr.o)
                0x080098a4                PWR_WakeUpPinCmd
 .text.PWR_EnterSTANDBYMode
                0x080098b0       0x28 lib/STM32F10x_StdPeriph_Driver/libstm32fw.a(stm32f10x_pwr.o)
                0x080098b0                PWR_EnterSTANDBYMode
 .text.RCC_HCLKConfig
                0x080098d8       0x14 lib/STM32F10x_StdPeriph_Driver/libstm32fw.a(stm32f10x_rcc.o)
                0x080098d8                RCC_HCLKConfig
 .text.RCC_USBCLKConfig
                0x080098ec        0xc lib/STM32F10x_StdPeriph_Driver/libstm32fw.a(stm32f10x_rcc.o)
                0x080098ec                RCC_USBCLKConfig
 .text.RCC_ADCCLKConfig
                0x080098f8       0x14 lib/STM32F10x_StdPeriph_Driver/libstm32fw.a(stm32f10x_rcc.o)
                0x080098f8                RCC_ADCCLKConfig
 .text.RCC_LSEConfig
                0x0800990c       0x20 lib/STM32F10x_StdPeriph_Driver/libstm32fw.a(stm32f10x_rcc.o)
                0x0800990c                RCC_LSEConfig
 .text.RCC_RTCCLKConfig
                0x0800992c       0x10 lib/STM32F10x_StdPeriph_Driver/libstm32fw.a(stm32f10x_rcc.o)
                0x0800992c                RCC_RTCCLKConfig
 .text.RCC_RTCCLKCmd
                0x0800993c        0xc lib/STM32F10x_StdPeriph_Driver/libstm32fw.a(stm32f10x_rcc.o)
                0x0800993c                RCC_RTCCLKCmd
 .text.RCC_GetClocksFreq
                0x08009948       0x9c lib/STM32F10x_StdPeriph_Driver/libstm32fw.a(stm32f10x_rcc.o)
                0x08009948                RCC_GetClocksFreq
 .text.RCC_AHBPeriphClockCmd
                0x080099e4       0x18 lib/STM32F10x_StdPeriph_Driver/libstm32fw.a(stm32f10x_rcc.o)
                0x080099e4                RCC_AHBPeriphClockCmd
 .text.RCC_APB2PeriphClockCmd
                0x080099fc       0x18 lib/STM32F10x_StdPeriph_Driver/libstm32fw.a(stm32f10x_rcc.o)
                0x080099fc                RCC_APB2PeriphClockCmd
 .text.RCC_APB1PeriphClockCmd
                0x08009a14       0x18 lib/STM32F10x_StdPeriph_Driver/libstm32fw.a(stm32f10x_rcc.o)
                0x08009a14                RCC_APB1PeriphClockCmd
 .text.RCC_APB2PeriphResetCmd
                0x08009a2c       0x18 lib/STM32F10x_StdPeriph_Driver/libstm32fw.a(stm32f10x_rcc.o)
                0x08009a2c                RCC_APB2PeriphResetCmd
 .text.RCC_APB1PeriphResetCmd
                0x08009a44       0x18 lib/STM32F10x_StdPeriph_Driver/libstm32fw.a(stm32f10x_rcc.o)
                0x08009a44                RCC_APB1PeriphResetCmd
 .text.RCC_BackupResetCmd
                0x08009a5c        0xc lib/STM32F10x_StdPeriph_Driver/libstm32fw.a(stm32f10x_rcc.o)
                0x08009a5c                RCC_BackupResetCmd
 .text.RCC_GetFlagStatus
                0x08009a68       0x28 lib/STM32F10x_StdPeriph_Driver/libstm32fw.a(stm32f10x_rcc.o)
                0x08009a68                RCC_GetFlagStatus
 .text.RTC_EnterConfigMode
                0x08009a90       0x14 lib/STM32F10x_StdPeriph_Driver/libstm32fw.a(stm32f10x_rtc.o)
                0x08009a90                RTC_EnterConfigMode
 .text.RTC_ExitConfigMode
                0x08009aa4       0x14 lib/STM32F10x_StdPeriph_Driver/libstm32fw.a(stm32f10x_rtc.o)
                0x08009aa4                RTC_ExitConfigMode
 .text.RTC_GetCounter
                0x08009ab8       0x14 lib/STM32F10x_StdPeriph_Driver/libstm32fw.a(stm32f10x_rtc.o)
                0x08009ab8                RTC_GetCounter
 .text.RTC_SetCounter
                0x08009acc       0x20 lib/STM32F10x_StdPeriph_Driver/libstm32fw.a(stm32f10x_rtc.o)
                0x08009acc                RTC_SetCounter
 .text.RTC_SetPrescaler
                0x08009aec       0x20 lib/STM32F10x_StdPeriph_Driver/libstm32fw.a(stm32f10x_rtc.o)
                0x08009aec                RTC_SetPrescaler
 .text.RTC_WaitForLastTask
                0x08009b0c       0x14 lib/STM32F10x_StdPeriph_Driver/libstm32fw.a(stm32f10x_rtc.o)
                0x08009b0c                RTC_WaitForLastTask
 .text.RTC_WaitForSynchro
                0x08009b20       0x24 lib/STM32F10x_StdPeriph_Driver/libstm32fw.a(stm32f10x_rtc.o)
                0x08009b20                RTC_WaitForSynchro
 .text.SPI_Init
                0x08009b44       0x3e lib/STM32F10x_StdPeriph_Driver/libstm32fw.a(stm32f10x_spi.o)
                0x08009b44                SPI_Init
 .text.SPI_Cmd  0x08009b82       0x18 lib/STM32F10x_StdPeriph_Driver/libstm32fw.a(stm32f10x_spi.o)
                0x08009b82                SPI_Cmd
 .text.SPI_I2S_DMACmd
                0x08009b9a       0x12 lib/STM32F10x_StdPeriph_Driver/libstm32fw.a(stm32f10x_spi.o)
                0x08009b9a                SPI_I2S_DMACmd
 .text.SPI_I2S_SendData
                0x08009bac        0x4 lib/STM32F10x_StdPeriph_Driver/libstm32fw.a(stm32f10x_spi.o)
                0x08009bac                SPI_I2S_SendData
 .text.SPI_I2S_ReceiveData
                0x08009bb0        0x6 lib/STM32F10x_StdPeriph_Driver/libstm32fw.a(stm32f10x_spi.o)
                0x08009bb0                SPI_I2S_ReceiveData
 .text.SPI_CalculateCRC
                0x08009bb6       0x18 lib/STM32F10x_StdPeriph_Driver/libstm32fw.a(stm32f10x_spi.o)
                0x08009bb6                SPI_CalculateCRC
 .text.SPI_I2S_GetFlagStatus
                0x08009bce        0xc lib/STM32F10x_StdPeriph_Driver/libstm32fw.a(stm32f10x_spi.o)
                0x08009bce                SPI_I2S_GetFlagStatus
 *fill*         0x08009bda        0x2 00
 .text.TIM_TimeBaseInit
                0x08009bdc       0x3c lib/STM32F10x_StdPeriph_Driver/libstm32fw.a(stm32f10x_tim.o)
                0x08009bdc                TIM_TimeBaseInit
 .text.TIM_OC1Init
                0x08009c18       0x74 lib/STM32F10x_StdPeriph_Driver/libstm32fw.a(stm32f10x_tim.o)
                0x08009c18                TIM_OC1Init
 .text.TIM_Cmd  0x08009c8c       0x18 lib/STM32F10x_StdPeriph_Driver/libstm32fw.a(stm32f10x_tim.o)
                0x08009c8c                TIM_Cmd
 .text.TIM_CtrlPWMOutputs
                0x08009ca4       0x1c lib/STM32F10x_StdPeriph_Driver/libstm32fw.a(stm32f10x_tim.o)
                0x08009ca4                TIM_CtrlPWMOutputs
 .text.TIM_ARRPreloadConfig
                0x08009cc0       0x18 lib/STM32F10x_StdPeriph_Driver/libstm32fw.a(stm32f10x_tim.o)
                0x08009cc0                TIM_ARRPreloadConfig
 .text.TIM_OC1PreloadConfig
                0x08009cd8       0x10 lib/STM32F10x_StdPeriph_Driver/libstm32fw.a(stm32f10x_tim.o)
                0x08009cd8                TIM_OC1PreloadConfig
 .text.TIM_SetCompare1
                0x08009ce8        0x4 lib/STM32F10x_StdPeriph_Driver/libstm32fw.a(stm32f10x_tim.o)
                0x08009ce8                TIM_SetCompare1
 .text.USART_DeInit
                0x08009cec       0x98 lib/STM32F10x_StdPeriph_Driver/libstm32fw.a(stm32f10x_usart.o)
                0x08009cec                USART_DeInit
 .text.USART_Init
                0x08009d84       0x88 lib/STM32F10x_StdPeriph_Driver/libstm32fw.a(stm32f10x_usart.o)
                0x08009d84                USART_Init
 .text.USART_Cmd
                0x08009e0c       0x18 lib/STM32F10x_StdPeriph_Driver/libstm32fw.a(stm32f10x_usart.o)
                0x08009e0c                USART_Cmd
 .text.USART_ITConfig
                0x08009e24       0x34 lib/STM32F10x_StdPeriph_Driver/libstm32fw.a(stm32f10x_usart.o)
                0x08009e24                USART_ITConfig
 .text.USART_DMACmd
                0x08009e58       0x12 lib/STM32F10x_StdPeriph_Driver/libstm32fw.a(stm32f10x_usart.o)
                0x08009e58                USART_DMACmd
 .text.USART_SendData
                0x08009e6a        0x8 lib/STM32F10x_StdPeriph_Driver/libstm32fw.a(stm32f10x_usart.o)
                0x08009e6a                USART_SendData
 .text.USART_ReceiveData
                0x08009e72        0x8 lib/STM32F10x_StdPeriph_Driver/libstm32fw.a(stm32f10x_usart.o)
                0x08009e72                USART_ReceiveData
 .text.USART_GetFlagStatus
                0x08009e7a        0xc lib/STM32F10x_StdPeriph_Driver/libstm32fw.a(stm32f10x_usart.o)
                0x08009e7a                USART_GetFlagStatus
 .text.USART_GetITStatus
                0x08009e86       0x40 lib/STM32F10x_StdPeriph_Driver/libstm32fw.a(stm32f10x_usart.o)
                0x08009e86                USART_GetITStatus
 .text.USART_ClearITPendingBit
                0x08009ec6       0x10 lib/STM32F10x_StdPeriph_Driver/libstm32fw.a(stm32f10x_usart.o)
                0x08009ec6                USART_ClearITPendingBit
 *fill*         0x08009ed6        0x2 00
 .text.Standard_GetConfiguration
                0x08009ed8       0x24 lib/STM32_USB-FS-Device_Driver/libstm32usb.a(usb_core.o)
                0x08009ed8                Standard_GetConfiguration
 .text.Standard_GetInterface
                0x08009efc       0x24 lib/STM32_USB-FS-Device_Driver/libstm32usb.a(usb_core.o)
                0x08009efc                Standard_GetInterface
 .text.Standard_GetStatus
                0x08009f20       0x9c lib/STM32_USB-FS-Device_Driver/libstm32usb.a(usb_core.o)
                0x08009f20                Standard_GetStatus
 .text.DataStageIn
                0x08009fbc       0xa4 lib/STM32_USB-FS-Device_Driver/libstm32usb.a(usb_core.o)
 .text.Standard_SetConfiguration
                0x0800a060       0x38 lib/STM32_USB-FS-Device_Driver/libstm32usb.a(usb_core.o)
                0x0800a060                Standard_SetConfiguration
 .text.Standard_SetInterface
                0x0800a098       0x48 lib/STM32_USB-FS-Device_Driver/libstm32usb.a(usb_core.o)
                0x0800a098                Standard_SetInterface
 .text.Standard_ClearFeature
                0x0800a0e0       0xdc lib/STM32_USB-FS-Device_Driver/libstm32usb.a(usb_core.o)
                0x0800a0e0                Standard_ClearFeature
 .text.Standard_SetEndPointFeature
                0x0800a1bc       0x8c lib/STM32_USB-FS-Device_Driver/libstm32usb.a(usb_core.o)
                0x0800a1bc                Standard_SetEndPointFeature
 .text.Standard_SetDeviceFeature
                0x0800a248       0x24 lib/STM32_USB-FS-Device_Driver/libstm32usb.a(usb_core.o)
                0x0800a248                Standard_SetDeviceFeature
 .text.Standard_GetDescriptorData
                0x0800a26c       0x1c lib/STM32_USB-FS-Device_Driver/libstm32usb.a(usb_core.o)
                0x0800a26c                Standard_GetDescriptorData
 .text.Post0_Process
                0x0800a288       0x40 lib/STM32_USB-FS-Device_Driver/libstm32usb.a(usb_core.o)
                0x0800a288                Post0_Process
 .text.Out0_Process
                0x0800a2c8       0xd4 lib/STM32_USB-FS-Device_Driver/libstm32usb.a(usb_core.o)
                0x0800a2c8                Out0_Process
 .text.Setup0_Process
                0x0800a39c      0x2f8 lib/STM32_USB-FS-Device_Driver/libstm32usb.a(usb_core.o)
                0x0800a39c                Setup0_Process
 .text.SetDeviceAddress
                0x0800a694       0x40 lib/STM32_USB-FS-Device_Driver/libstm32usb.a(usb_core.o)
                0x0800a694                SetDeviceAddress
 .text.In0_Process
                0x0800a6d4       0x60 lib/STM32_USB-FS-Device_Driver/libstm32usb.a(usb_core.o)
                0x0800a6d4                In0_Process
 .text.NOP_Process
                0x0800a734        0x2 lib/STM32_USB-FS-Device_Driver/libstm32usb.a(usb_core.o)
                0x0800a734                NOP_Process
 *fill*         0x0800a736        0x2 00
 .text.USB_Init
                0x0800a738       0x38 lib/STM32_USB-FS-Device_Driver/libstm32usb.a(usb_init.o)
                0x0800a738                USB_Init
 .text.CTR_LP   0x0800a770      0x190 lib/STM32_USB-FS-Device_Driver/libstm32usb.a(usb_int.o)
                0x0800a770                CTR_LP
 .text.CTR_HP   0x0800a900       0x74 lib/STM32_USB-FS-Device_Driver/libstm32usb.a(usb_int.o)
                0x0800a900                CTR_HP
 .text.UserToPMABufferCopy
                0x0800a974       0x2e lib/STM32_USB-FS-Device_Driver/libstm32usb.a(usb_mem.o)
                0x0800a974                UserToPMABufferCopy
 .text.PMAToUserBufferCopy
                0x0800a9a2       0x24 lib/STM32_USB-FS-Device_Driver/libstm32usb.a(usb_mem.o)
                0x0800a9a2                PMAToUserBufferCopy
 *fill*         0x0800a9c6        0x2 00
 .text.SetBTABLE
                0x0800a9c8       0x10 lib/STM32_USB-FS-Device_Driver/libstm32usb.a(usb_regs.o)
                0x0800a9c8                SetBTABLE
 .text.SetEPType
                0x0800a9d8       0x18 lib/STM32_USB-FS-Device_Driver/libstm32usb.a(usb_regs.o)
                0x0800a9d8                SetEPType
 .text.SetEPTxStatus
                0x0800a9f0       0x3a lib/STM32_USB-FS-Device_Driver/libstm32usb.a(usb_regs.o)
                0x0800a9f0                SetEPTxStatus
 .text.SetEPRxStatus
                0x0800aa2a       0x3a lib/STM32_USB-FS-Device_Driver/libstm32usb.a(usb_regs.o)
                0x0800aa2a                SetEPRxStatus
 .text.SetEPRxValid
                0x0800aa64       0x22 lib/STM32_USB-FS-Device_Driver/libstm32usb.a(usb_regs.o)
                0x0800aa64                SetEPRxValid
 .text.Clear_Status_Out
                0x0800aa86       0x1e lib/STM32_USB-FS-Device_Driver/libstm32usb.a(usb_regs.o)
                0x0800aa86                Clear_Status_Out
 .text.ClearDTOG_RX
                0x0800aaa4       0x24 lib/STM32_USB-FS-Device_Driver/libstm32usb.a(usb_regs.o)
                0x0800aaa4                ClearDTOG_RX
 .text.ClearDTOG_TX
                0x0800aac8       0x24 lib/STM32_USB-FS-Device_Driver/libstm32usb.a(usb_regs.o)
                0x0800aac8                ClearDTOG_TX
 .text.SetEPTxAddr
                0x0800aaec       0x20 lib/STM32_USB-FS-Device_Driver/libstm32usb.a(usb_regs.o)
                0x0800aaec                SetEPTxAddr
 .text.SetEPRxAddr
                0x0800ab0c       0x20 lib/STM32_USB-FS-Device_Driver/libstm32usb.a(usb_regs.o)
                0x0800ab0c                SetEPRxAddr
 .text.GetEPTxAddr
                0x0800ab2c       0x1c lib/STM32_USB-FS-Device_Driver/libstm32usb.a(usb_regs.o)
                0x0800ab2c                GetEPTxAddr
 .text.GetEPRxAddr
                0x0800ab48       0x1c lib/STM32_USB-FS-Device_Driver/libstm32usb.a(usb_regs.o)
                0x0800ab48                GetEPRxAddr
 .text.SetEPTxCount
                0x0800ab64       0x1c lib/STM32_USB-FS-Device_Driver/libstm32usb.a(usb_regs.o)
                0x0800ab64                SetEPTxCount
 .text.SetEPRxCount
                0x0800ab80       0x3c lib/STM32_USB-FS-Device_Driver/libstm32usb.a(usb_regs.o)
                0x0800ab80                SetEPRxCount
 .text.GetEPRxCount
                0x0800abbc       0x20 lib/STM32_USB-FS-Device_Driver/libstm32usb.a(usb_regs.o)
                0x0800abbc                GetEPRxCount
 .text.ByteSwap
                0x0800abdc        0xa lib/STM32_USB-FS-Device_Driver/libstm32usb.a(usb_regs.o)
                0x0800abdc                ByteSwap
 *fill*         0x0800abe6        0x2 00
 .text.USB_SIL_Init
                0x0800abe8       0x20 lib/STM32_USB-FS-Device_Driver/libstm32usb.a(usb_sil.o)
                0x0800abe8                USB_SIL_Init
 .text.USB_SIL_Write
                0x0800ac08       0x28 lib/STM32_USB-FS-Device_Driver/libstm32usb.a(usb_sil.o)
                0x0800ac08                USB_SIL_Write
 .text.USB_SIL_Read
                0x0800ac30       0x24 lib/STM32_USB-FS-Device_Driver/libstm32usb.a(usb_sil.o)
                0x0800ac30                USB_SIL_Read
 .text.memset   0x0800ac54      0x12c /home/laurence/ARM-GCC/bin/../lib/gcc/arm-none-eabi/4.7.4/../../../../arm-none-eabi/lib/armv7-m/libc.a(lib_a-memset.o)
                0x0800ac54                memset
 .text._sbrk    0x0800ad80       0x34 /home/laurence/ARM-GCC/bin/../lib/gcc/arm-none-eabi/4.7.4/../../../../arm-none-eabi/lib/armv7-m/libnosys.a(sbrk.o)
                0x0800ad80                _sbrk
 *(.rodata)
 .rodata        0x0800adb4       0xf4 /tmp/cc5KQI1a.ltrans0.ltrans.o
                0x0800adb4                DaysInMonth.5609
 .rodata        0x0800aea8       0x20 /tmp/cc5KQI1a.ltrans1.ltrans.o
 .rodata        0x0800aec8       0x74 /tmp/cc5KQI1a.ltrans2.ltrans.o
 .rodata        0x0800af3c       0x9c /tmp/cc5KQI1a.ltrans5.ltrans.o
 .rodata        0x0800afd8      0x54e /tmp/cc5KQI1a.ltrans6.ltrans.o
                0x0800b3a6                Tbl.5188
 *(.rodata*)
 .rodata.str1.1
                0x0800b526      0x423 /tmp/cc5KQI1a.ltrans0.ltrans.o
 .rodata.str1.1
                0x0800b949        0x6 /tmp/cc5KQI1a.ltrans1.ltrans.o
 .rodata.MASS_DeviceDescriptor
                0x0800b94f       0x12 /tmp/cc5KQI1a.ltrans1.ltrans.o
 .rodata.str1.1
                0x0800b961       0x10 /tmp/cc5KQI1a.ltrans6.ltrans.o
                                 0x19 (size before relaxing)
 .rodata.str1.1
                0x0800b971       0x47 /tmp/cc5KQI1a.ltrans7.ltrans.o
 .rodata.L3GD20_setup
                0x0800b9b8        0x6 /tmp/cc5KQI1a.ltrans7.ltrans.o
 *fill*         0x0800b9be        0x2 00
 .rodata.str1.4
                0x0800b9c0        0x4 /home/laurence/ARM-GCC/bin/../lib/gcc/arm-none-eabi/4.7.4/../../../../arm-none-eabi/lib/armv7-m/libc.a(lib_a-impure.o)
 *(.glue_7)
 .glue_7        0x00000000        0x0 linker stubs
 *(.glue_7t)
 .glue_7t       0x00000000        0x0 linker stubs
 *(.init)
 .init          0x0800b9c4        0x4 /home/laurence/ARM-GCC/bin/../lib/gcc/arm-none-eabi/4.7.4/armv7-m/crti.o
                0x0800b9c4                _init
 .init          0x0800b9c8        0x8 /home/laurence/ARM-GCC/bin/../lib/gcc/arm-none-eabi/4.7.4/armv7-m/crtn.o
 *(.fini)
 .fini          0x0800b9d0        0x4 /home/laurence/ARM-GCC/bin/../lib/gcc/arm-none-eabi/4.7.4/armv7-m/crti.o
                0x0800b9d0                _fini
 .fini          0x0800b9d4        0x8 /home/laurence/ARM-GCC/bin/../lib/gcc/arm-none-eabi/4.7.4/armv7-m/crtn.o
                0x0800b9dc                . = ALIGN (0x4)
                0x0800b9dc                _etext = .
                0x0800b9dc                _sidata = _etext

.vfp11_veneer   0x0800b9dc        0x0
 .vfp11_veneer  0x00000000        0x0 linker stubs

.v4_bx          0x0800b9dc        0x0
 .v4_bx         0x00000000        0x0 linker stubs

.iplt           0x0800b9dc        0x0
 .iplt          0x00000000        0x0 /home/laurence/ARM-GCC/bin/../lib/gcc/arm-none-eabi/4.7.4/armv7-m/crtbegin.o

.rel.dyn        0x0800b9dc        0x0
 .rel.iplt      0x00000000        0x0 /home/laurence/ARM-GCC/bin/../lib/gcc/arm-none-eabi/4.7.4/armv7-m/crtbegin.o

.flashpatch     0x00000000        0x0
                0x00000000                . = ALIGN (0x4)
 *(.flashpatch)
                0x00000000                . = ALIGN (0x4)

.endflash       0x00000000        0x0
                0x00000000                . = ALIGN (0x4)
 *(.endflash)
                0x00000000                . = ALIGN (0x4)
                0x00000000                _e_endflash = .

.data           0x20000000      0x9d4 load address 0x0800b9dc
                0x20000000                . = ALIGN (0x4)
                0x20000000                _sdata = .
                0x20000000                _data = .
 *(.data)
 .data          0x20000000       0x18 /tmp/cc5KQI1a.ltrans1.ltrans.o
                0x20000014                Device_Table
 .data          0x20000018       0x68 /tmp/cc5KQI1a.ltrans2.ltrans.o
                0x20000034                String_Descriptor
                0x2000005c                User_Standard_Requests
 .data          0x20000080       0x90 /tmp/cc5KQI1a.ltrans3.ltrans.o
                0x200000c8                Scsi_Sense_Data
                0x200000f4                pEpInt_OUT
 .data          0x20000110        0x2 /tmp/cc5KQI1a.ltrans5.ltrans.o
 *fill*         0x20000112        0x2 00
 .data          0x20000114       0x20 /tmp/cc5KQI1a.ltrans7.ltrans.o
                0x20000114                I2C_jobs
 .data          0x20000134       0x1c /tmp/cc5KQI1a.ltrans8.ltrans.o
                0x20000134                pEpInt_IN
 .data          0x20000150       0x34 /tmp/cc5KQI1a.ltrans9.ltrans.o
                0x20000150                Device_Property
                0x20000181                Stat.5804
 *(.data.*)
 .data.__malloc_av_
                0x20000184      0x408 /home/laurence/ARM-GCC/bin/../lib/gcc/arm-none-eabi/4.7.4/../../../../arm-none-eabi/lib/armv7-m/libc.a(lib_a-mallocr.o)
                0x20000184                __malloc_av_
 .data.__malloc_trim_threshold
                0x2000058c        0x4 /home/laurence/ARM-GCC/bin/../lib/gcc/arm-none-eabi/4.7.4/../../../../arm-none-eabi/lib/armv7-m/libc.a(lib_a-mallocr.o)
                0x2000058c                __malloc_trim_threshold
 .data.__malloc_sbrk_base
                0x20000590        0x4 /home/laurence/ARM-GCC/bin/../lib/gcc/arm-none-eabi/4.7.4/../../../../arm-none-eabi/lib/armv7-m/libc.a(lib_a-mallocr.o)
                0x20000590                __malloc_sbrk_base
 .data.ADCPrescTable
                0x20000594        0x4 lib/STM32F10x_StdPeriph_Driver/libstm32fw.a(stm32f10x_rcc.o)
 .data.APBAHBPrescTable
                0x20000598       0x10 lib/STM32F10x_StdPeriph_Driver/libstm32fw.a(stm32f10x_rcc.o)
 .data.impure_data
                0x200005a8      0x428 /home/laurence/ARM-GCC/bin/../lib/gcc/arm-none-eabi/4.7.4/../../../../arm-none-eabi/lib/armv7-m/libc.a(lib_a-impure.o)
 .data._impure_ptr
                0x200009d0        0x4 /home/laurence/ARM-GCC/bin/../lib/gcc/arm-none-eabi/4.7.4/../../../../arm-none-eabi/lib/armv7-m/libc.a(lib_a-impure.o)
                0x200009d0                _impure_ptr
 *(.RAMtext)
                0x200009d4                . = ALIGN (0x4)
                0x200009d4                _edata = .
                0x0800c3b0                _eidata = (_sidata + (_edata - _sdata))
                0x08020000                _lastdataromaddress = (ORIGIN (FLASH) + 0x20000)
                0x00000000                toobig = (_eidata > _lastdataromaddress)?!!!!!!!!! FLASH IS FULL !!!!!!!!!:0x0

.igot.plt       0x200009d4        0x0 load address 0x0800c3b0
 .igot.plt      0x00000000        0x0 /home/laurence/ARM-GCC/bin/../lib/gcc/arm-none-eabi/4.7.4/armv7-m/crtbegin.o

.bss            0x200009d8      0xf18 load address 0x0800c3b8
                0x200009d8                . = ALIGN (0x4)
                0x200009d8                _sbss = .
                0x200009d8                _bss = .
 *(.bss)
 .bss           0x200009d8      0xca0 /tmp/cc5KQI1a.ltrans0.ltrans.o
                0x20000e00                bootsource
                0x20000e04                Gps_Buffer
                0x20000e10                rputchar.5887
                0x20000e14                Data_Buffer
                0x20000e18                Millis
                0x20000e1c                Battery_Voltage
                0x20000e20                FatFs.5530
                0x20001058                FATFS_logfile
                0x2000127c                FATFS_info
                0x2000129c                print_string
                0x2000139c                FATFS_wavfile_gyro
                0x200015c0                Silabs_driver_state
                0x200015dc                Gps
                0x20001610                Silabs_Rx_Buffer
                0x2000161c                CTS_Low.4231
                0x20001620                Gyro_XY_Rate
                0x20001624                Gyro_Z_Rate
                0x20001628                Ind_Voltage
                0x2000162c                Auto_volt
                0x20001630                Ignition_Selftest
                0x20001632                AutoSequence
                0x20001634                Gyro_x_buffer
                0x20001640                Gyro_y_buffer
                0x2000164c                Gyro_z_buffer
                0x2000165a                I2C1error
                0x2000165c                L3GD20_Data_Buffer
                0x20001664                System_state_Global
                0x20001668                Aux_Voltage
                0x2000166c                Gyro_Temperature
                0x20001670                Auto_spin
                0x20001674                Shutdown_System
 .bss           0x20001678       0x90 /tmp/cc5KQI1a.ltrans1.ltrans.o
 .bss           0x20001708       0x3c /tmp/cc5KQI1a.ltrans2.ltrans.o
 .bss           0x20001744       0x98 /tmp/cc5KQI1a.ltrans3.ltrans.o
                0x20001744                CBW
                0x20001764                Bulk_Data_Buff
                0x200017a4                Data_Len
                0x200017a6                Bot_State
                0x200017a8                CSW
                0x200017b8                SCSI_LBA
                0x200017bc                SCSI_BlkLen
                0x200017c0                Mass_Block_Count
                0x200017c8                Mass_Block_Size
 .bss           0x200017dc       0x1c /tmp/cc5KQI1a.ltrans4.ltrans.o
                0x200017e0                TransferState
                0x200017f0                Sd_Spi_Called_From_USB_MSC
 .bss           0x200017f8        0x1 /tmp/cc5KQI1a.ltrans5.ltrans.o
                0x200017f8                Channel_rx
 *fill*         0x200017f9        0x3 00
 .bss           0x200017fc       0x14 /tmp/cc5KQI1a.ltrans7.ltrans.o
                0x200017ff                Silabs_spi_state
                0x20001800                Silabs_Tx_Buffer
                0x2000180c                CardType.5805
 .bss           0x20001810       0x3c /tmp/cc5KQI1a.ltrans9.ltrans.o
                0x20001810                wIstr
                0x20001814                Timer1.5799
                0x20001818                Timer2.5800
                0x20001824                Completed_Jobs
                0x20001828                AFROESC_Data_Buffer
                0x2000183c                AFROESC_Throttle
                0x20001845                job
                0x20001848                Jobs
 .bss           0x2000184c        0xc /tmp/cc5KQI1a.ltrans10.ltrans.o
                0x2000184c                Usart1_rx_buff
 *(.bss.*)
 .bss.file_opened
                0x20001858        0x1 /tmp/cc5KQI1a.ltrans0.ltrans.o
 *fill*         0x20001859        0x3 00
 .bss.bDeviceState
                0x2000185c        0x4 /tmp/cc5KQI1a.ltrans0.ltrans.o
                0x2000185c                bDeviceState
 .bss.Status    0x20001860        0x4 /tmp/cc5KQI1a.ltrans0.ltrans.o
                0x20001860                Status
 .bss.Last_RSSI
                0x20001864        0x1 /tmp/cc5KQI1a.ltrans0.ltrans.o
                0x20001864                Last_RSSI
 *fill*         0x20001865        0x3 00
 .bss.Max_Lun   0x20001868        0x4 /tmp/cc5KQI1a.ltrans3.ltrans.o
                0x20001868                Max_Lun
 .bss.Page00_Inquiry_Data
                0x2000186c        0x5 /tmp/cc5KQI1a.ltrans3.ltrans.o
 .bss.bIntPackSOF
                0x20001871        0x1 /tmp/cc5KQI1a.ltrans9.ltrans.o
 *fill*         0x20001872        0x2 00
 .bss.__malloc_max_total_mem
                0x20001874        0x4 /home/laurence/ARM-GCC/bin/../lib/gcc/arm-none-eabi/4.7.4/../../../../arm-none-eabi/lib/armv7-m/libc.a(lib_a-mallocr.o)
                0x20001874                __malloc_max_total_mem
 .bss.__malloc_max_sbrked_mem
                0x20001878        0x4 /home/laurence/ARM-GCC/bin/../lib/gcc/arm-none-eabi/4.7.4/../../../../arm-none-eabi/lib/armv7-m/libc.a(lib_a-mallocr.o)
                0x20001878                __malloc_max_sbrked_mem
 .bss.__malloc_top_pad
                0x2000187c        0x4 /home/laurence/ARM-GCC/bin/../lib/gcc/arm-none-eabi/4.7.4/../../../../arm-none-eabi/lib/armv7-m/libc.a(lib_a-mallocr.o)
                0x2000187c                __malloc_top_pad
 .bss.__malloc_current_mallinfo
                0x20001880       0x28 /home/laurence/ARM-GCC/bin/../lib/gcc/arm-none-eabi/4.7.4/../../../../arm-none-eabi/lib/armv7-m/libc.a(lib_a-mallocr.o)
                0x20001880                __malloc_current_mallinfo
 .bss.Data_Mul_MaxPacketSize
                0x200018a8        0x1 lib/STM32_USB-FS-Device_Driver/libstm32usb.a(usb_core.o)
                0x200018a8                Data_Mul_MaxPacketSize
 *fill*         0x200018a9        0x3 00
 .bss.heap_end.4231
                0x200018ac        0x4 /home/laurence/ARM-GCC/bin/../lib/gcc/arm-none-eabi/4.7.4/../../../../arm-none-eabi/lib/armv7-m/libnosys.a(sbrk.o)
 *(COMMON)
 COMMON         0x200018b0        0x4 /home/laurence/ARM-GCC/bin/../lib/gcc/arm-none-eabi/4.7.4/../../../../arm-none-eabi/lib/armv7-m/libc.a(lib_a-reent.o)
                0x200018b0                errno
 COMMON         0x200018b4        0x2 lib/STM32_USB-FS-Device_Driver/libstm32usb.a(usb_core.o)
                0x200018b4                StatusInfo
 *fill*         0x200018b6        0x2 00
 COMMON         0x200018b8       0x32 lib/STM32_USB-FS-Device_Driver/libstm32usb.a(usb_init.o)
                0x200018b8                SaveState
                0x200018bc                pProperty
                0x200018c0                EPindex
                0x200018c4                Device_Info
                0x200018e0                pUser_Standard_Requests
                0x200018e4                pInformation
                0x200018e8                wInterrupt_Mask
 COMMON         0x200018ea        0x4 lib/STM32_USB-FS-Device_Driver/libstm32usb.a(usb_int.o)
                0x200018ea                SaveRState
                0x200018ec                SaveTState
                0x200018f0                . = ALIGN (0x4)
 *fill*         0x200018ee        0x2 00
                0x200018f0                _ebss = .
                0x200018f0                PROVIDE (end, _ebss)
                0x200018f0                PROVIDE (_end, _ebss)

._usrstack      0x200018f0     0x2000 load address 0x0800d2d0
                0x200018f0                . = ALIGN (0x4)
                0x200018f0                _susrstack = .
                0x200038f0                . = (. + _Minimum_Stack_Size)
 *fill*         0x200018f0     0x2000 00
                0x200038f0                . = ALIGN (0x4)
                0x200038f0                _eusrstack = .
                0x20005000                _lastramaddress = (ORIGIN (RAM) + 0x5000)
                0x00000000                toobig = (_eusrstack > _lastramaddress)?!!!!!!!!! RAM IS FULL !!!!!!!!!:0x0

.b1text
 *(.b1text)
 *(.b1rodata)
 *(.b1rodata*)

.eb0text
 *(.eb0text)
 *(.eb0rodata)
 *(.eb0rodata*)

.eb1text
 *(.eb1text)
 *(.eb1rodata)
 *(.eb1rodata*)

.eb2text
 *(.eb2text)
 *(.eb2rodata)
 *(.eb2rodata*)

.eb3text
 *(.eb3text)
 *(.eb3rodata)
 *(.eb3rodata*)
                0x200038f0                __exidx_start = .
                0x200038f0                __exidx_end = .

/DISCARD/
 libc.a(*)
 libm.a(*)
 libgcc.a(*)

.stab
 *(.stab)

.stabstr
 *(.stabstr)

.stab.excl
 *(.stab.excl)

.stab.exclstr
 *(.stab.exclstr)

.stab.index
 *(.stab.index)

.stab.indexstr
 *(.stab.indexstr)

.comment        0x00000000       0x70
 *(.comment)
 .comment       0x00000000       0x71 /tmp/cc5KQI1a.ltrans0.ltrans.o
 .comment       0x00000000       0x71 /tmp/cc5KQI1a.ltrans1.ltrans.o
 .comment       0x00000000       0x71 /tmp/cc5KQI1a.ltrans2.ltrans.o
 .comment       0x00000000       0x71 /tmp/cc5KQI1a.ltrans3.ltrans.o
 .comment       0x00000000       0x71 /tmp/cc5KQI1a.ltrans4.ltrans.o
 .comment       0x00000000       0x71 /tmp/cc5KQI1a.ltrans5.ltrans.o
 .comment       0x00000000       0x71 /tmp/cc5KQI1a.ltrans6.ltrans.o
 .comment       0x00000000       0x71 /tmp/cc5KQI1a.ltrans7.ltrans.o
 .comment       0x00000000       0x71 /tmp/cc5KQI1a.ltrans8.ltrans.o
 .comment       0x00000000       0x71 /tmp/cc5KQI1a.ltrans9.ltrans.o
 .comment       0x00000000       0x71 /tmp/cc5KQI1a.ltrans10.ltrans.o
 .comment       0x00000000       0x70 lib/STM32F10x_StdPeriph_Driver/libstm32fw.a(misc.o)
                                 0x71 (size before relaxing)
 .comment       0x00000000       0x71 lib/STM32F10x_StdPeriph_Driver/libstm32fw.a(stm32f10x_adc.o)
 .comment       0x00000000       0x71 lib/STM32F10x_StdPeriph_Driver/libstm32fw.a(stm32f10x_bkp.o)
 .comment       0x00000000       0x71 lib/STM32F10x_StdPeriph_Driver/libstm32fw.a(stm32f10x_dbgmcu.o)
 .comment       0x00000000       0x71 lib/STM32F10x_StdPeriph_Driver/libstm32fw.a(stm32f10x_dma.o)
 .comment       0x00000000       0x71 lib/STM32F10x_StdPeriph_Driver/libstm32fw.a(stm32f10x_exti.o)
 .comment       0x00000000       0x71 lib/STM32F10x_StdPeriph_Driver/libstm32fw.a(stm32f10x_gpio.o)
 .comment       0x00000000       0x71 lib/STM32F10x_StdPeriph_Driver/libstm32fw.a(stm32f10x_i2c.o)
 .comment       0x00000000       0x71 lib/STM32F10x_StdPeriph_Driver/libstm32fw.a(stm32f10x_iwdg.o)
 .comment       0x00000000       0x71 lib/STM32F10x_StdPeriph_Driver/libstm32fw.a(stm32f10x_pwr.o)
 .comment       0x00000000       0x71 lib/STM32F10x_StdPeriph_Driver/libstm32fw.a(stm32f10x_rcc.o)
 .comment       0x00000000       0x71 lib/STM32F10x_StdPeriph_Driver/libstm32fw.a(stm32f10x_rtc.o)
 .comment       0x00000000       0x71 lib/STM32F10x_StdPeriph_Driver/libstm32fw.a(stm32f10x_spi.o)
 .comment       0x00000000       0x71 lib/STM32F10x_StdPeriph_Driver/libstm32fw.a(stm32f10x_tim.o)
 .comment       0x00000000       0x71 lib/STM32F10x_StdPeriph_Driver/libstm32fw.a(stm32f10x_usart.o)
 .comment       0x00000000       0x71 lib/STM32_USB-FS-Device_Driver/libstm32usb.a(usb_core.o)
 .comment       0x00000000       0x71 lib/STM32_USB-FS-Device_Driver/libstm32usb.a(usb_init.o)
 .comment       0x00000000       0x71 lib/STM32_USB-FS-Device_Driver/libstm32usb.a(usb_int.o)
 .comment       0x00000000       0x71 lib/STM32_USB-FS-Device_Driver/libstm32usb.a(usb_mem.o)
 .comment       0x00000000       0x71 lib/STM32_USB-FS-Device_Driver/libstm32usb.a(usb_regs.o)
 .comment       0x00000000       0x71 lib/STM32_USB-FS-Device_Driver/libstm32usb.a(usb_sil.o)

.ARM.attributes
                0x00000000       0x29
 .ARM.attributes
                0x00000000       0x1d /home/laurence/ARM-GCC/bin/../lib/gcc/arm-none-eabi/4.7.4/armv7-m/crti.o
 .ARM.attributes
                0x0000001d       0x31 /tmp/cc5KQI1a.ltrans0.ltrans.o
 .ARM.attributes
                0x0000004e       0x31 /tmp/cc5KQI1a.ltrans1.ltrans.o
 .ARM.attributes
                0x0000007f       0x31 /tmp/cc5KQI1a.ltrans2.ltrans.o
 .ARM.attributes
                0x000000b0       0x31 /tmp/cc5KQI1a.ltrans3.ltrans.o
 .ARM.attributes
                0x000000e1       0x31 /tmp/cc5KQI1a.ltrans4.ltrans.o
 .ARM.attributes
                0x00000112       0x31 /tmp/cc5KQI1a.ltrans5.ltrans.o
 .ARM.attributes
                0x00000143       0x31 /tmp/cc5KQI1a.ltrans6.ltrans.o
 .ARM.attributes
                0x00000174       0x31 /tmp/cc5KQI1a.ltrans7.ltrans.o
 .ARM.attributes
                0x000001a5       0x31 /tmp/cc5KQI1a.ltrans8.ltrans.o
 .ARM.attributes
                0x000001d6       0x31 /tmp/cc5KQI1a.ltrans9.ltrans.o
 .ARM.attributes
                0x00000207       0x31 /tmp/cc5KQI1a.ltrans10.ltrans.o
 .ARM.attributes
                0x00000238       0x1d /home/laurence/ARM-GCC/bin/../lib/gcc/arm-none-eabi/4.7.4/armv7-m/libgcc.a(_arm_addsubdf3.o)
 .ARM.attributes
                0x00000255       0x1d /home/laurence/ARM-GCC/bin/../lib/gcc/arm-none-eabi/4.7.4/armv7-m/libgcc.a(_arm_muldivdf3.o)
 .ARM.attributes
                0x00000272       0x1d /home/laurence/ARM-GCC/bin/../lib/gcc/arm-none-eabi/4.7.4/armv7-m/libgcc.a(_arm_cmpdf2.o)
 .ARM.attributes
                0x0000028f       0x1d /home/laurence/ARM-GCC/bin/../lib/gcc/arm-none-eabi/4.7.4/armv7-m/libgcc.a(_arm_fixunsdfsi.o)
 .ARM.attributes
                0x000002ac       0x1d /home/laurence/ARM-GCC/bin/../lib/gcc/arm-none-eabi/4.7.4/armv7-m/libgcc.a(_arm_truncdfsf2.o)
 .ARM.attributes
                0x000002c9       0x1d /home/laurence/ARM-GCC/bin/../lib/gcc/arm-none-eabi/4.7.4/armv7-m/libgcc.a(_arm_addsubsf3.o)
 .ARM.attributes
                0x000002e6       0x1d /home/laurence/ARM-GCC/bin/../lib/gcc/arm-none-eabi/4.7.4/armv7-m/libgcc.a(_arm_muldivsf3.o)
 .ARM.attributes
                0x00000303       0x1d /home/laurence/ARM-GCC/bin/../lib/gcc/arm-none-eabi/4.7.4/armv7-m/libgcc.a(_arm_cmpsf2.o)
 .ARM.attributes
                0x00000320       0x1d /home/laurence/ARM-GCC/bin/../lib/gcc/arm-none-eabi/4.7.4/armv7-m/libgcc.a(_arm_fixunssfsi.o)
 .ARM.attributes
                0x0000033d       0x2d /home/laurence/ARM-GCC/bin/../lib/gcc/arm-none-eabi/4.7.4/../../../../arm-none-eabi/lib/armv7-m/libc.a(lib_a-malloc.o)
 .ARM.attributes
                0x0000036a       0x2d /home/laurence/ARM-GCC/bin/../lib/gcc/arm-none-eabi/4.7.4/../../../../arm-none-eabi/lib/armv7-m/libc.a(lib_a-mallocr.o)
 .ARM.attributes
                0x00000397       0x2d /home/laurence/ARM-GCC/bin/../lib/gcc/arm-none-eabi/4.7.4/../../../../arm-none-eabi/lib/armv7-m/libc.a(lib_a-memcmp.o)
 .ARM.attributes
                0x000003c4       0x2d /home/laurence/ARM-GCC/bin/../lib/gcc/arm-none-eabi/4.7.4/../../../../arm-none-eabi/lib/armv7-m/libc.a(lib_a-memcpy.o)
 .ARM.attributes
                0x000003f1       0x2d /home/laurence/ARM-GCC/bin/../lib/gcc/arm-none-eabi/4.7.4/../../../../arm-none-eabi/lib/armv7-m/libc.a(lib_a-mlock.o)
 .ARM.attributes
                0x0000041e       0x2d /home/laurence/ARM-GCC/bin/../lib/gcc/arm-none-eabi/4.7.4/../../../../arm-none-eabi/lib/armv7-m/libc.a(lib_a-sbrkr.o)
 .ARM.attributes
                0x0000044b       0x2d /home/laurence/ARM-GCC/bin/../lib/gcc/arm-none-eabi/4.7.4/../../../../arm-none-eabi/lib/armv7-m/libc.a(lib_a-strcat.o)
 .ARM.attributes
                0x00000478       0x2d /home/laurence/ARM-GCC/bin/../lib/gcc/arm-none-eabi/4.7.4/../../../../arm-none-eabi/lib/armv7-m/libc.a(lib_a-strchr.o)
 .ARM.attributes
                0x000004a5       0x2d /home/laurence/ARM-GCC/bin/../lib/gcc/arm-none-eabi/4.7.4/../../../../arm-none-eabi/lib/armv7-m/libc.a(lib_a-strcpy.o)
 .ARM.attributes
                0x000004d2       0x2d /home/laurence/ARM-GCC/bin/../lib/gcc/arm-none-eabi/4.7.4/../../../../arm-none-eabi/lib/armv7-m/libc.a(lib_a-strlen.o)
 .ARM.attributes
                0x000004ff       0x2d /home/laurence/ARM-GCC/bin/../lib/gcc/arm-none-eabi/4.7.4/../../../../arm-none-eabi/lib/armv7-m/libc.a(lib_a-strncmp.o)
 .ARM.attributes
                0x0000052c       0x2d /home/laurence/ARM-GCC/bin/../lib/gcc/arm-none-eabi/4.7.4/../../../../arm-none-eabi/lib/armv7-m/libc.a(lib_a-strncpy.o)
 .ARM.attributes
                0x00000559       0x2d /home/laurence/ARM-GCC/bin/../lib/gcc/arm-none-eabi/4.7.4/../../../../arm-none-eabi/lib/armv7-m/libc.a(lib_a-freer.o)
 .ARM.attributes