Archive member included because of file (symbol)

lib/STM32F10x_StdPeriph_Driver/libstm32fw.a(misc.o)
                              interrupts.o (symbol from plugin) (NVIC_PriorityGroupConfig)
lib/STM32F10x_StdPeriph_Driver/libstm32fw.a(stm32f10x_adc.o)
                              adc.o (symbol from plugin) (ADC_DeInit)
lib/STM32F10x_StdPeriph_Driver/libstm32fw.a(stm32f10x_bkp.o)
                              Util/fat_fs/src/rtc.o (symbol from plugin) (BKP_DeInit)
lib/STM32F10x_StdPeriph_Driver/libstm32fw.a(stm32f10x_dbgmcu.o)
                              main.o (symbol from plugin) (DBGMCU_Config)
lib/STM32F10x_StdPeriph_Driver/libstm32fw.a(stm32f10x_dma.o)
                              Silabs/si446x.o (symbol from plugin) (DMA_DeInit)
lib/STM32F10x_StdPeriph_Driver/libstm32fw.a(stm32f10x_exti.o)
                              Silabs/si446x.o (symbol from plugin) (EXTI_DeInit)
lib/STM32F10x_StdPeriph_Driver/libstm32fw.a(stm32f10x_gpio.o)
                              Silabs/si446x.o (symbol from plugin) (GPIO_Init)
lib/STM32F10x_StdPeriph_Driver/libstm32fw.a(stm32f10x_i2c.o)
                              i2c_int.o (symbol from plugin) (I2C_DeInit)
lib/STM32F10x_StdPeriph_Driver/libstm32fw.a(stm32f10x_iwdg.o)
                              watchdog.o (symbol from plugin) (IWDG_WriteAccessCmd)
lib/STM32F10x_StdPeriph_Driver/libstm32fw.a(stm32f10x_pwr.o)
                              pwr.o (symbol from plugin) (PWR_DeInit)
lib/STM32F10x_StdPeriph_Driver/libstm32fw.a(stm32f10x_rcc.o)
                              interrupts.o (symbol from plugin) (RCC_HCLKConfig)
lib/STM32F10x_StdPeriph_Driver/libstm32fw.a(stm32f10x_rtc.o)
                              Util/fat_fs/src/rtc.o (symbol from plugin) (RTC_GetCounter)
lib/STM32F10x_StdPeriph_Driver/libstm32fw.a(stm32f10x_spi.o)
                              Util/fat_fs/src/sd_spi_stm32.o (symbol from plugin) (SPI_I2S_DeInit)
lib/STM32F10x_StdPeriph_Driver/libstm32fw.a(stm32f10x_tim.o)
                              pwm.o (symbol from plugin) (TIM_TimeBaseInit)
lib/STM32F10x_StdPeriph_Driver/libstm32fw.a(stm32f10x_usart.o)
                              usart.o (symbol from plugin) (USART_DeInit)
lib/STM32_USB-FS-Device_Driver/libstm32usb.a(usb_core.o)
                              Util/USB/usb_prop.o (symbol from plugin) (Standard_GetDescriptorData)
lib/STM32_USB-FS-Device_Driver/libstm32usb.a(usb_init.o)
                              main.o (symbol from plugin) (USB_Init)
lib/STM32_USB-FS-Device_Driver/libstm32usb.a(usb_int.o)
                              Util/USB/usb_istr.o (symbol from plugin) (CTR_LP)
lib/STM32_USB-FS-Device_Driver/libstm32usb.a(usb_mem.o)
                              lib/STM32_USB-FS-Device_Driver/libstm32usb.a(usb_core.o) (UserToPMABufferCopy)
lib/STM32_USB-FS-Device_Driver/libstm32usb.a(usb_regs.o)
                              Util/USB/usb_prop.o (symbol from plugin) (SetBTABLE)
lib/STM32_USB-FS-Device_Driver/libstm32usb.a(usb_sil.o)
                              Util/USB/usb_prop.o (symbol from plugin) (USB_SIL_Init)
/home/laurence/ARM-GCC/gcc-arm-none-eabi-4_9-2014q4/bin/../lib/gcc/arm-none-eabi/4.9.3/../../../../arm-none-eabi/lib/armv7-m/libg.a(lib_a-exit.o)
                              /home/laurence/ARM-GCC/gcc-arm-none-eabi-4_9-2014q4/bin/../lib/gcc/arm-none-eabi/4.9.3/../../../../arm-none-eabi/lib/armv7-m/crt0.o (exit)
/home/laurence/ARM-GCC/gcc-arm-none-eabi-4_9-2014q4/bin/../lib/gcc/arm-none-eabi/4.9.3/../../../../arm-none-eabi/lib/armv7-m/libg.a(lib_a-impure.o)
                              /home/laurence/ARM-GCC/gcc-arm-none-eabi-4_9-2014q4/bin/../lib/gcc/arm-none-eabi/4.9.3/../../../../arm-none-eabi/lib/armv7-m/libg.a(lib_a-exit.o) (_global_impure_ptr)
/home/laurence/ARM-GCC/gcc-arm-none-eabi-4_9-2014q4/bin/../lib/gcc/arm-none-eabi/4.9.3/../../../../arm-none-eabi/lib/armv7-m/libg.a(lib_a-init.o)
                              /home/laurence/ARM-GCC/gcc-arm-none-eabi-4_9-2014q4/bin/../lib/gcc/arm-none-eabi/4.9.3/../../../../arm-none-eabi/lib/armv7-m/crt0.o (__libc_init_array)
/home/laurence/ARM-GCC/gcc-arm-none-eabi-4_9-2014q4/bin/../lib/gcc/arm-none-eabi/4.9.3/../../../../arm-none-eabi/lib/armv7-m/libg.a(lib_a-memset.o)
                              /home/laurence/ARM-GCC/gcc-arm-none-eabi-4_9-2014q4/bin/../lib/gcc/arm-none-eabi/4.9.3/../../../../arm-none-eabi/lib/armv7-m/crt0.o (memset)
/home/laurence/ARM-GCC/gcc-arm-none-eabi-4_9-2014q4/bin/../lib/gcc/arm-none-eabi/4.9.3/../../../../arm-none-eabi/lib/armv7-m/libg.a(lib_a-__call_atexit.o)
                              /home/laurence/ARM-GCC/gcc-arm-none-eabi-4_9-2014q4/bin/../lib/gcc/arm-none-eabi/4.9.3/../../../../arm-none-eabi/lib/armv7-m/libg.a(lib_a-exit.o) (__call_exitprocs)
/home/laurence/ARM-GCC/gcc-arm-none-eabi-4_9-2014q4/bin/../lib/gcc/arm-none-eabi/4.9.3/../../../../arm-none-eabi/lib/armv7-m/libg.a(lib_a-atexit.o)
[...]
Memory Configuration

Name             Origin             Length             Attributes
RAM              0x20000000         0x00005000         xrw
FLASH            0x08000000         0x00020000         xr
FLASHB1          0x00000000         0x00000000         xr
EXTMEMB0         0x00000000         0x00000000         xr
EXTMEMB1         0x00000000         0x00000000         xr
EXTMEMB2         0x00000000         0x00000000         xr
EXTMEMB3         0x00000000         0x00000000         xr
STARTFLASH       0x00000000         0xffffffff
CRPPATCH         0x00000000         0xffffffff
FLASHPATCH       0x00000000         0xffffffff
ENDFLASH         0x00000000         0xffffffff
*default*        0x00000000         0xffffffff

Linker script and memory map

LOAD /home/laurence/ARM-GCC/gcc-arm-none-eabi-4_9-2014q4/bin/../lib/gcc/arm-none-eabi/4.9.3/armv7-m/crti.o
LOAD /home/laurence/ARM-GCC/gcc-arm-none-eabi-4_9-2014q4/bin/../lib/gcc/arm-none-eabi/4.9.3/armv7-m/crtbegin.o
LOAD /home/laurence/ARM-GCC/gcc-arm-none-eabi-4_9-2014q4/bin/../lib/gcc/arm-none-eabi/4.9.3/../../../../arm-none-eabi/lib/armv7-m/crt0.o
LOAD Silabs/si446x.o
LOAD /tmp/ccEuzbdR.ltrans0.ltrans.o
LOAD /tmp/ccEuzbdR.ltrans1.ltrans.o
LOAD /tmp/ccEuzbdR.ltrans2.ltrans.o
LOAD /tmp/ccEuzbdR.ltrans3.ltrans.o
LOAD /tmp/ccEuzbdR.ltrans4.ltrans.o
LOAD /tmp/ccEuzbdR.ltrans5.ltrans.o
LOAD /tmp/ccEuzbdR.ltrans6.ltrans.o
LOAD /tmp/ccEuzbdR.ltrans7.ltrans.o
LOAD /tmp/ccEuzbdR.ltrans8.ltrans.o
LOAD /home/laurence/ARM-GCC/gcc-arm-none-eabi-4_9-2014q4/bin/../lib/gcc/arm-none-eabi/4.9.3/armv7-m/libgcc.a
LOAD /home/laurence/ARM-GCC/gcc-arm-none-eabi-4_9-2014q4/bin/../lib/gcc/arm-none-eabi/4.9.3/../../../../arm-none-eabi/lib/armv7-m/libg.a
LOAD /home/laurence/ARM-GCC/gcc-arm-none-eabi-4_9-2014q4/bin/../lib/gcc/arm-none-eabi/4.9.3/../../../../arm-none-eabi/lib/armv7-m/libc.a
LOAD Ublox/ubx.o
LOAD Util/USB/hw_config.o
LOAD Util/USB/mass_mal.o
LOAD Util/USB/memory.o
LOAD Util/USB/scsi_data.o
LOAD Util/USB/usb_bot.o
LOAD Util/USB/usb_desc.o
LOAD Util/USB/usb_endp.o
LOAD Util/USB/usb_istr.o
LOAD Util/USB/usb_prop.o
LOAD Util/USB/usb_pwr.o
LOAD Util/USB/usb_scsi.o
LOAD Util/buffer.o
LOAD Util/crc.o
LOAD Util/delay.o
LOAD Util/fat_fs/option/ccsbcs.o
LOAD Util/fat_fs/src/fattime.o
LOAD Util/fat_fs/src/ff.o
LOAD Util/fat_fs/src/rtc.o
LOAD Util/fat_fs/src/sd_spi_stm32.o
LOAD Util/polygon.o
LOAD Util/rprintf.o
LOAD Util/wave.o
LOAD adc.o
LOAD dma.o
LOAD gpio.o
LOAD i2c_int.o
LOAD interrupts.o
LOAD lib/CMSIS_CM3/core_cm3.o
LOAD lib/CMSIS_CM3/startup/gcc/startup_stm32f10x_md.o
LOAD lib/CMSIS_CM3/system_stm32f10x.o
LOAD main.o
LOAD pwm.o
LOAD pwr.o
LOAD usart.o
LOAD watchdog.o
LOAD lib/STM32F10x_StdPeriph_Driver/libstm32fw.a
LOAD lib/STM32_USB-FS-Device_Driver/libstm32usb.a
LOAD /home/laurence/ARM-GCC/gcc-arm-none-eabi-4_9-2014q4/bin/../lib/gcc/arm-none-eabi/4.9.3/../../../../arm-none-eabi/lib/armv7-m/libm.a
LOAD /home/laurence/ARM-GCC/gcc-arm-none-eabi-4_9-2014q4/bin/../lib/gcc/arm-none-eabi/4.9.3/../../../../arm-none-eabi/lib/armv7-m/libnosys.a
START GROUP
LOAD /home/laurence/ARM-GCC/gcc-arm-none-eabi-4_9-2014q4/bin/../lib/gcc/arm-none-eabi/4.9.3/armv7-m/libgcc.a
LOAD /home/laurence/ARM-GCC/gcc-arm-none-eabi-4_9-2014q4/bin/../lib/gcc/arm-none-eabi/4.9.3/../../../../arm-none-eabi/lib/armv7-m/libg.a
LOAD /home/laurence/ARM-GCC/gcc-arm-none-eabi-4_9-2014q4/bin/../lib/gcc/arm-none-eabi/4.9.3/../../../../arm-none-eabi/lib/armv7-m/libc.a
END GROUP
LOAD /home/laurence/ARM-GCC/gcc-arm-none-eabi-4_9-2014q4/bin/../lib/gcc/arm-none-eabi/4.9.3/armv7-m/crtend.o
LOAD /home/laurence/ARM-GCC/gcc-arm-none-eabi-4_9-2014q4/bin/../lib/gcc/arm-none-eabi/4.9.3/armv7-m/crtn.o
                0x00002000                __Stack_Size = 0x2000
                0x00002000                PROVIDE (_Stack_Size, __Stack_Size)
                0x20003000                __Stack_Init = (_estack - __Stack_Size)
                0x20003000                PROVIDE (_Stack_Init, __Stack_Init)
                0x00002000                _Minimum_Stack_Size = 0x2000
                0x00000000                PROVIDE (Undefined_Handler, 0x0)
                0x00000000                PROVIDE (SWI_Handler, 0x0)
                0x00000000                PROVIDE (IRQ_Handler, 0x0)
                0x00000000                PROVIDE (Prefetch_Handler, 0x0)
                0x00000000                PROVIDE (Abort_Handler, 0x0)
                0x00000000                PROVIDE (FIQ_Handler, 0x0)
                0x00000000                PROVIDE (NMIException, 0x0)
                0x00000000                PROVIDE (NMI_Handler, 0x0)
                0x00000000                PROVIDE (HardFaultException, 0x0)
                0x00000000                PROVIDE (HardFault_Handler, 0x0)
                0x00000000                PROVIDE (MemManageException, 0x0)
                0x00000000                PROVIDE (MemManage_Handler, 0x0)
                0x00000000                PROVIDE (BusFaultException, 0x0)
                0x00000000                PROVIDE (BusFault_Handler, 0x0)
                0x00000000                PROVIDE (UsageFaultException, 0x0)
                0x00000000                PROVIDE (UsageFault_Handler, 0x0)
                0x00000000                PROVIDE (SVCHandler, 0x0)
                0x00000000                PROVIDE (SVC_Handler, 0x0)
                0x00000000                PROVIDE (DebugMonitor, 0x0)
                0x00000000                PROVIDE (DebugMon_Handler, 0x0)
                0x00000000                PROVIDE (PendSVC, 0x0)
                0x00000000                PROVIDE (PendSV_Handler, 0x0)
                0x00000000                PROVIDE (SysTickHandler, 0x0)
                0x00000000                PROVIDE (SysTick_Handler, 0x0)
                0x00000000                PROVIDE (WWDG_IRQHandler, 0x0)
                0x00000000                PROVIDE (PVD_IRQHandler, 0x0)
                0x00000000                PROVIDE (TAMPER_IRQHandler, 0x0)
                0x00000000                PROVIDE (RTC_IRQHandler, 0x0)
                0x00000000                PROVIDE (FLASH_IRQHandler, 0x0)
                0x00000000                PROVIDE (RCC_IRQHandler, 0x0)
                0x00000000                PROVIDE (EXTI0_IRQHandler, 0x0)
                0x00000000                PROVIDE (EXTI1_IRQHandler, 0x0)
                0x00000000                PROVIDE (EXTI2_IRQHandler, 0x0)
                0x00000000                PROVIDE (EXTI3_IRQHandler, 0x0)
                0x00000000                PROVIDE (EXTI4_IRQHandler, 0x0)
                0x00000000                PROVIDE (DMAChannel1_IRQHandler, 0x0)
                0x00000000                PROVIDE (DMAChannel2_IRQHandler, 0x0)
                0x00000000                PROVIDE (DMAChannel3_IRQHandler, 0x0)
                0x00000000                PROVIDE (DMAChannel4_IRQHandler, 0x0)
                0x00000000                PROVIDE (DMAChannel5_IRQHandler, 0x0)
                0x00000000                PROVIDE (DMAChannel6_IRQHandler, 0x0)
                0x00000000                PROVIDE (DMAChannel7_IRQHandler, 0x0)
                0x00000000                PROVIDE (DMA1_Channel1_IRQHandler, 0x0)
                0x00000000                PROVIDE (DMA1_Channel2_IRQHandler, 0x0)
                0x00000000                PROVIDE (DMA1_Channel3_IRQHandler, 0x0)
                0x00000000                PROVIDE (DMA1_Channel4_IRQHandler, 0x0)
                0x00000000                PROVIDE (DMA1_Channel5_IRQHandler, 0x0)
                0x00000000                PROVIDE (DMA1_Channel6_IRQHandler, 0x0)
                0x00000000                PROVIDE (DMA1_Channel7_IRQHandler, 0x0)
                0x00000000                PROVIDE (ADC_IRQHandler, 0x0)
                0x00000000                PROVIDE (ADC1_2_IRQHandler, 0x0)
                0x00000000                PROVIDE (USB_HP_CAN_TX_IRQHandler, 0x0)
                0x00000000                PROVIDE (USB_HP_CAN1_TX_IRQHandler, 0x0)
                0x00000000                PROVIDE (USB_LP_CAN_RX0_IRQHandler, 0x0)
                0x00000000                PROVIDE (USB_LP_CAN1_RX0_IRQHandler, 0x0)
                0x00000000                PROVIDE (CAN_RX1_IRQHandler, 0x0)
                0x00000000                PROVIDE (CAN1_RX1_IRQHandler, 0x0)
                0x00000000                PROVIDE (CAN_SCE_IRQHandler, 0x0)
                0x00000000                PROVIDE (CAN1_SCE_IRQHandler, 0x0)
                0x00000000                PROVIDE (EXTI9_5_IRQHandler, 0x0)
                0x00000000                PROVIDE (TIM1_BRK_IRQHandler, 0x0)
                0x00000000                PROVIDE (TIM1_UP_IRQHandler, 0x0)
                0x00000000                PROVIDE (TIM1_TRG_COM_IRQHandler, 0x0)
                0x00000000                PROVIDE (TIM1_CC_IRQHandler, 0x0)
                0x00000000                PROVIDE (TIM2_IRQHandler, 0x0)
                0x00000000                PROVIDE (TIM3_IRQHandler, 0x0)
                0x00000000                PROVIDE (TIM4_IRQHandler, 0x0)
                0x00000000                PROVIDE (I2C1_EV_IRQHandler, 0x0)
                0x00000000                PROVIDE (I2C1_ER_IRQHandler, 0x0)
                0x00000000                PROVIDE (I2C2_EV_IRQHandler, 0x0)
                0x00000000                PROVIDE (I2C2_ER_IRQHandler, 0x0)
                0x00000000                PROVIDE (SPI1_IRQHandler, 0x0)
                0x00000000                PROVIDE (SPI2_IRQHandler, 0x0)
                0x00000000                PROVIDE (USART1_IRQHandler, 0x0)
                0x00000000                PROVIDE (USART2_IRQHandler, 0x0)
                0x00000000                PROVIDE (USART3_IRQHandler, 0x0)
                0x00000000                PROVIDE (EXTI15_10_IRQHandler, 0x0)
                0x00000000                PROVIDE (RTCAlarm_IRQHandler, 0x0)
                0x00000000                PROVIDE (USBWakeUp_IRQHandler, 0x0)
                0x00000000                PROVIDE (TIM8_BRK_IRQHandler, 0x0)
                0x00000000                PROVIDE (TIM8_UP_IRQHandler, 0x0)
                0x00000000                PROVIDE (TIM8_TRG_COM_IRQHandler, 0x0)
                0x00000000                PROVIDE (TIM8_CC_IRQHandler, 0x0)
                0x00000000                PROVIDE (ADC3_IRQHandler, 0x0)
                0x00000000                PROVIDE (FSMC_IRQHandler, 0x0)
                0x00000000                PROVIDE (SDIO_IRQHandler, 0x0)
                0x00000000                PROVIDE (TIM5_IRQHandler, 0x0)
                0x00000000                PROVIDE (SPI3_IRQHandler, 0x0)
                0x00000000                PROVIDE (UART4_IRQHandler, 0x0)
                0x00000000                PROVIDE (UART5_IRQHandler, 0x0)
                0x00000000                PROVIDE (TIM6_IRQHandler, 0x0)
                0x00000000                PROVIDE (TIM7_IRQHandler, 0x0)
                0x00000000                PROVIDE (DMA2_Channel1_IRQHandler, 0x0)
                0x00000000                PROVIDE (DMA2_Channel2_IRQHandler, 0x0)
                0x00000000                PROVIDE (DMA2_Channel3_IRQHandler, 0x0)
                0x00000000                PROVIDE (DMA2_Channel4_5_IRQHandler, 0x0)
                0x42000000                PERIPH_BB_BASE = 0x42000000
                0x22000000                SRAM_BB_BASE = 0x22000000
                0x20000000                SRAM_BASE = 0x20000000
                0x40000000                PERIPH_BASE = 0x40000000
                0x40022000                PROVIDE (FLASH_BASE, 0x40022000)
                0x1ffff800                PROVIDE (OB_BASE, 0x1ffff800)
                0x40000000                APB1PERIPH_BASE = PERIPH_BASE
                0x40010000                APB2PERIPH_BASE = (PERIPH_BASE + 0x10000)
                0x40020000                AHBPERIPH_BASE = (PERIPH_BASE + 0x20000)
                0x40000000                PROVIDE (TIM2, (APB1PERIPH_BASE + 0x0))
                0x40000400                PROVIDE (TIM3, (APB1PERIPH_BASE + 0x400))
                0x40000800                PROVIDE (TIM4, (APB1PERIPH_BASE + 0x800))
                0x40002800                PROVIDE (RTC, (APB1PERIPH_BASE + 0x2800))
                0x40002c00                PROVIDE (WWDG, (APB1PERIPH_BASE + 0x2c00))
                0x40003000                PROVIDE (IWDG, (APB1PERIPH_BASE + 0x3000))
                0x40003800                PROVIDE (SPI2, (APB1PERIPH_BASE + 0x3800))
                0x40004400                PROVIDE (USART2, (APB1PERIPH_BASE + 0x4400))
                0x40004800                PROVIDE (USART3, (APB1PERIPH_BASE + 0x4800))
                0x40005400                PROVIDE (I2C1, (APB1PERIPH_BASE + 0x5400))
                0x40005800                PROVIDE (I2C2, (APB1PERIPH_BASE + 0x5800))
                0x40006400                PROVIDE (CAN, (APB1PERIPH_BASE + 0x6400))
                0x40006c00                PROVIDE (BKP, (APB1PERIPH_BASE + 0x6c00))
                0x40007000                PROVIDE (PWR, (APB1PERIPH_BASE + 0x7000))
                0x40010000                PROVIDE (AFIO, (APB2PERIPH_BASE + 0x0))
                0x40010400                PROVIDE (EXTI, (APB2PERIPH_BASE + 0x400))
                0x40010800                PROVIDE (GPIOA, (APB2PERIPH_BASE + 0x800))
                0x40010c00                PROVIDE (GPIOB, (APB2PERIPH_BASE + 0xc00))
                0x40011000                PROVIDE (GPIOC, (APB2PERIPH_BASE + 0x1000))
                0x40011400                PROVIDE (GPIOD, (APB2PERIPH_BASE + 0x1400))
                0x40011800                PROVIDE (GPIOE, (APB2PERIPH_BASE + 0x1800))
                0x40012400                PROVIDE (ADC1, (APB2PERIPH_BASE + 0x2400))
                0x40012800                PROVIDE (ADC2, (APB2PERIPH_BASE + 0x2800))
                0x40012c00                PROVIDE (TIM1, (APB2PERIPH_BASE + 0x2c00))
                0x40013000                PROVIDE (SPI1, (APB2PERIPH_BASE + 0x3000))
                0x40013800                PROVIDE (USART1, (APB2PERIPH_BASE + 0x3800))
                0x40020000                PROVIDE (DMA, (AHBPERIPH_BASE + 0x0))
                0x40020008                PROVIDE (DMA_Channel1, (AHBPERIPH_BASE + 0x8))
                0x4002001c                PROVIDE (DMA_Channel2, (AHBPERIPH_BASE + 0x1c))
                0x40020030                PROVIDE (DMA_Channel3, (AHBPERIPH_BASE + 0x30))
                0x40020044                PROVIDE (DMA_Channel4, (AHBPERIPH_BASE + 0x44))
                0x40020058                PROVIDE (DMA_Channel5, (AHBPERIPH_BASE + 0x58))
                0x4002006c                PROVIDE (DMA_Channel6, (AHBPERIPH_BASE + 0x6c))
                0x40020080                PROVIDE (DMA_Channel7, (AHBPERIPH_BASE + 0x80))
                0x40021000                PROVIDE (RCC, (AHBPERIPH_BASE + 0x1000))
                0xe000e000                SCS_BASE = 0xe000e000
                0xe000e010                PROVIDE (SysTick, (SCS_BASE + 0x10))
                0xe000e100                PROVIDE (NVIC, (SCS_BASE + 0x100))
                0xe000ed00                PROVIDE (SCB, (SCS_BASE + 0xd00))
                0x20005000                PROVIDE (_estack, (ORIGIN (RAM) + 0x5000))

.isr_vector     0x08000000      0x10c
                0x08000000                . = ALIGN (0x4)
 *(.isr_vector)
 .isr_vector    0x08000000      0x10c lib/CMSIS_CM3/startup/gcc/startup_stm32f10x_md.o
                0x08000000                g_pfnVectors
                0x0800010c                . = ALIGN (0x4)

.flash_start    0x00000000        0x0
                0x00000000                . = ALIGN (0x4)
 *(.flash_start)
 *(.flash_start.*)
                0x00000000                . = ALIGN (0x4)

.crp_patch      0x00000000        0x0
                0x00000000                . = ALIGN (0x4)
 *(.crp_patch)
                0x00000000                . = ALIGN (0x4)

.flashtext      0x0800010c        0x0
                0x0800010c                . = ALIGN (0x4)
 *(.flashtext)
                0x0800010c                . = ALIGN (0x4)

.text           0x08000110     0xc748
                0x08000110                . = ALIGN (0x4)
 *(.text)
 .text          0x08000110      0x370 /home/laurence/ARM-GCC/gcc-arm-none-eabi-4_9-2014q4/bin/../lib/gcc/arm-none-eabi/4.9.3/armv7-m/libgcc.a(_arm_addsubdf3.o)
                0x08000110                __aeabi_drsub
                0x08000118                __aeabi_dsub
                0x08000118                __subdf3
                0x0800011c                __adddf3
                0x0800011c                __aeabi_dadd
                0x08000394                __aeabi_ui2d
                0x08000394                __floatunsidf
                0x080003b4                __floatsidf
                0x080003b4                __aeabi_i2d
                0x080003d8                __extendsfdf2
                0x080003d8                __aeabi_f2d
                0x08000414                __aeabi_ul2d
                0x08000414                __floatundidf
                0x08000424                __floatdidf
                0x08000424                __aeabi_l2d
 .text          0x08000480      0x424 /home/laurence/ARM-GCC/gcc-arm-none-eabi-4_9-2014q4/bin/../lib/gcc/arm-none-eabi/4.9.3/armv7-m/libgcc.a(_arm_muldivdf3.o)
                0x08000480                __aeabi_dmul
                0x08000480                __muldf3
                0x080006d4                __aeabi_ddiv
                0x080006d4                __divdf3
 .text          0x080008a4      0x110 /home/laurence/ARM-GCC/gcc-arm-none-eabi-4_9-2014q4/bin/../lib/gcc/arm-none-eabi/4.9.3/armv7-m/libgcc.a(_arm_cmpdf2.o)
                0x080008a4                __gtdf2
                0x080008a4                __gedf2
                0x080008ac                __ltdf2
                0x080008ac                __ledf2
                0x080008b4                __cmpdf2
                0x080008b4                __eqdf2
                0x080008b4                __nedf2
                0x08000930                __aeabi_cdrcmple
                0x08000940                __aeabi_cdcmple
                0x08000940                __aeabi_cdcmpeq
                0x08000950                __aeabi_dcmpeq
                0x08000964                __aeabi_dcmplt
                0x08000978                __aeabi_dcmple
                0x0800098c                __aeabi_dcmpge
                0x080009a0                __aeabi_dcmpgt
 .text          0x080009b4       0x40 /home/laurence/ARM-GCC/gcc-arm-none-eabi-4_9-2014q4/bin/../lib/gcc/arm-none-eabi/4.9.3/armv7-m/libgcc.a(_arm_fixunsdfsi.o)
                0x080009b4                __fixunsdfsi
                0x080009b4                __aeabi_d2uiz
 .text          0x080009f4       0xa0 /home/laurence/ARM-GCC/gcc-arm-none-eabi-4_9-2014q4/bin/../lib/gcc/arm-none-eabi/4.9.3/armv7-m/libgcc.a(_arm_truncdfsf2.o)
                0x080009f4                __aeabi_d2f
                0x080009f4                __truncdfsf2
 .text          0x08000a94      0x21c /home/laurence/ARM-GCC/gcc-arm-none-eabi-4_9-2014q4/bin/../lib/gcc/arm-none-eabi/4.9.3/armv7-m/libgcc.a(_arm_addsubsf3.o)
                0x08000a94                __aeabi_frsub
                0x08000a9c                __subsf3
                0x08000a9c                __aeabi_fsub
                0x08000aa0                __aeabi_fadd
                0x08000aa0                __addsf3
                0x08000c00                __aeabi_ui2f
                0x08000c00                __floatunsisf
                0x08000c08                __aeabi_i2f
                0x08000c08                __floatsisf
                0x08000c24                __floatundisf
                0x08000c24                __aeabi_ul2f
                0x08000c34                __floatdisf
                0x08000c34                __aeabi_l2f
 .text          0x08000cb0      0x2a0 /home/laurence/ARM-GCC/gcc-arm-none-eabi-4_9-2014q4/bin/../lib/gcc/arm-none-eabi/4.9.3/armv7-m/libgcc.a(_arm_muldivsf3.o)
                0x08000cb0                __mulsf3
                0x08000cb0                __aeabi_fmul
                0x08000e18                __divsf3
                0x08000e18                __aeabi_fdiv
 .text          0x08000f50       0xec /home/laurence/ARM-GCC/gcc-arm-none-eabi-4_9-2014q4/bin/../lib/gcc/arm-none-eabi/4.9.3/armv7-m/libgcc.a(_arm_cmpsf2.o)
                0x08000f50                __gtsf2
                0x08000f50                __gesf2
                0x08000f58                __lesf2
                0x08000f58                __ltsf2
                0x08000f60                __nesf2
                0x08000f60                __eqsf2
                0x08000f60                __cmpsf2
                0x08000fc0                __aeabi_cfrcmple
                0x08000fc8                __aeabi_cfcmple
                0x08000fc8                __aeabi_cfcmpeq
                0x08000fd8                __aeabi_fcmpeq
                0x08000fec                __aeabi_fcmplt
                0x08001000                __aeabi_fcmple
                0x08001014                __aeabi_fcmpge
                0x08001028                __aeabi_fcmpgt
 .text          0x0800103c       0x40 /home/laurence/ARM-GCC/gcc-arm-none-eabi-4_9-2014q4/bin/../lib/gcc/arm-none-eabi/4.9.3/armv7-m/libgcc.a(_arm_fixunssfsi.o)
                0x0800103c                __aeabi_f2uiz
                0x0800103c                __fixunssfsi
 .text          0x0800107c       0xec /home/laurence/ARM-GCC/gcc-arm-none-eabi-4_9-2014q4/bin/../lib/gcc/arm-none-eabi/4.9.3/../../../../arm-none-eabi/lib/armv7-m/libg.a(lib_a-memcpy.o)
                0x0800107c                memcpy
 *(.text.*)
 .text.si446x_spi_state_machine
                0x08001168      0x2d4 /tmp/ccEuzbdR.ltrans0.ltrans.o
 .text.si446x_busy_wait_send_receive
                0x0800143c       0xfc /tmp/ccEuzbdR.ltrans0.ltrans.o
 .text.si446x_set_modem
                0x08001538      0x260 /tmp/ccEuzbdR.ltrans0.ltrans.o
 .text.si446x_set_deviation_channel_bps
                0x08001798      0x118 /tmp/ccEuzbdR.ltrans0.ltrans.o
 .text.si446x_set_frequency
                0x080018b0      0x174 /tmp/ccEuzbdR.ltrans0.ltrans.o
 .text.si446x_state_machine
                0x08001a24      0x598 /tmp/ccEuzbdR.ltrans0.ltrans.o
 .text.Gps_Process_Byte
                0x08001fbc      0x210 /tmp/ccEuzbdR.ltrans0.ltrans.o
                0x08001fbc                Gps_Process_Byte
 .text.EXTI15_10_IRQHandler
                0x080021cc       0x48 /tmp/ccEuzbdR.ltrans0.ltrans.o
                0x080021cc                EXTI15_10_IRQHandler
 .text.DMA1_Channel2_IRQHandler
                0x08002214       0x50 /tmp/ccEuzbdR.ltrans0.ltrans.o
                0x08002214                DMA1_Channel2_IRQHandler
 .text.USART3_IRQHandler
                0x08002264       0x90 /tmp/ccEuzbdR.ltrans0.ltrans.o
                0x08002264                USART3_IRQHandler
 .text.EXTI0_IRQHandler
                0x080022f4       0x44 /tmp/ccEuzbdR.ltrans0.ltrans.o
                0x080022f4                EXTI0_IRQHandler
 .text.si446x_setup
                0x08002338      0x430 /tmp/ccEuzbdR.ltrans0.ltrans.o
                0x08002338                si446x_setup
 .text.silabs_cts_jammed
                0x08002768       0x28 /tmp/ccEuzbdR.ltrans0.ltrans.o
                0x08002768                silabs_cts_jammed
 .text.get_from_silabs_buffer
                0x08002790       0x20 /tmp/ccEuzbdR.ltrans0.ltrans.o
                0x08002790                get_from_silabs_buffer
 .text.send_string_to_silabs
                0x080027b0       0x40 /tmp/ccEuzbdR.ltrans0.ltrans.o
                0x080027b0                send_string_to_silabs
 .text.rStrLen  0x080027f0       0x14 /tmp/ccEuzbdR.ltrans1.ltrans.o
 .text.Isdigit  0x08002804       0x10 /tmp/ccEuzbdR.ltrans1.ltrans.o
 .text.atoiRamRom
                0x08002814       0x2c /tmp/ccEuzbdR.ltrans1.ltrans.o
 .text.xmit_datablock
                0x08002840       0x4c /tmp/ccEuzbdR.ltrans1.ltrans.o
 .text.power_off_
                0x0800288c       0x6c /tmp/ccEuzbdR.ltrans1.ltrans.o
 .text.ReadADC1_noblock
                0x080028f8       0x20 /tmp/ccEuzbdR.ltrans1.ltrans.o
                0x080028f8                ReadADC1_noblock
 .text.ADC_Configuration
                0x08002918       0xf8 /tmp/ccEuzbdR.ltrans1.ltrans.o
                0x08002918                ADC_Configuration
 .text.wave_terminate
                0x08002a10       0x78 /tmp/ccEuzbdR.ltrans1.ltrans.o
                0x08002a10                wave_terminate
 .text.write_wave_samples
                0x08002a88       0x78 /tmp/ccEuzbdR.ltrans1.ltrans.o
                0x08002a88                write_wave_samples
 .text.write_wave_header
                0x08002b00       0xd4 /tmp/ccEuzbdR.ltrans1.ltrans.o
                0x08002b00                write_wave_header
 .text.rprintfChar
                0x08002bd4       0x20 /tmp/ccEuzbdR.ltrans1.ltrans.o
                0x08002bd4                rprintfChar
 .text.rprintfFloat
                0x08002bf4       0xc8 /tmp/ccEuzbdR.ltrans1.ltrans.o
 .text.rprintf2RamRom
                0x08002cbc      0x360 /tmp/ccEuzbdR.ltrans1.ltrans.o
                0x08002cbc                rprintf2RamRom
 .text.rprintfInit
                0x0800301c        0xc /tmp/ccEuzbdR.ltrans1.ltrans.o
                0x0800301c                rprintfInit
 .text.pointinpoly
                0x08003028       0x54 /tmp/ccEuzbdR.ltrans1.ltrans.o
                0x08003028                pointinpoly
 .text.disk_timerproc
                0x0800307c       0x50 /tmp/ccEuzbdR.ltrans1.ltrans.o
                0x0800307c                disk_timerproc
 .text.disk_status
                0x080030cc       0x14 /tmp/ccEuzbdR.ltrans1.ltrans.o
                0x080030cc                disk_status
 .text.send_cmd.lto_priv.10
                0x080030e0       0xd4 /tmp/ccEuzbdR.ltrans1.ltrans.o
                0x080030e0                send_cmd.lto_priv.10
 .text.disk_write
                0x080031b4       0xb0 /tmp/ccEuzbdR.ltrans1.ltrans.o
                0x080031b4                disk_write
 .text.disk_initialize
                0x08003264      0x164 /tmp/ccEuzbdR.ltrans1.ltrans.o
                0x08003264                disk_initialize
 .text.rcvr_datablock
                0x080033c8       0x60 /tmp/ccEuzbdR.ltrans1.ltrans.o
                0x080033c8                rcvr_datablock
 .text.disk_ioctl
                0x08003428      0x2b0 /tmp/ccEuzbdR.ltrans1.ltrans.o
                0x08003428                disk_ioctl
 .text.disk_read
                0x080036d8       0xac /tmp/ccEuzbdR.ltrans1.ltrans.o
                0x080036d8                disk_read
 .text.ff_wtoupper
                0x08003784       0x24 /tmp/ccEuzbdR.ltrans2.ltrans.o
 .text.crc_xmodem_update
                0x080037a8       0x28 /tmp/ccEuzbdR.ltrans2.ltrans.o
 .text.sum_sfn.lto_priv.25
                0x080037d0       0x1c /tmp/ccEuzbdR.ltrans2.ltrans.o
                0x080037d0                sum_sfn.lto_priv.25
 .text.fit_lfn.lto_priv.24
                0x080037ec       0x64 /tmp/ccEuzbdR.ltrans2.ltrans.o
                0x080037ec                fit_lfn.lto_priv.24
 .text.cmp_lfn.lto_priv.27
                0x08003850       0x9c /tmp/ccEuzbdR.ltrans2.ltrans.o
                0x08003850                cmp_lfn.lto_priv.27
 .text.clust2sect
                0x080038ec       0x18 /tmp/ccEuzbdR.ltrans2.ltrans.o
                0x080038ec                clust2sect
 .text.move_window.lto_priv.18
                0x08003904       0x7c /tmp/ccEuzbdR.ltrans2.ltrans.o
                0x08003904                move_window.lto_priv.18
 .text.put_fat  0x08003980      0x108 /tmp/ccEuzbdR.ltrans2.ltrans.o
                0x08003980                put_fat
 .text.get_fat  0x08003a88       0xe8 /tmp/ccEuzbdR.ltrans2.ltrans.o
                0x08003a88                get_fat
 .text.dir_sdi.lto_priv.20
                0x08003b70       0x94 /tmp/ccEuzbdR.ltrans2.ltrans.o
                0x08003b70                dir_sdi.lto_priv.20
 .text.create_chain.lto_priv.16
                0x08003c04       0xac /tmp/ccEuzbdR.ltrans2.ltrans.o
                0x08003c04                create_chain.lto_priv.16
 .text.remove_chain.lto_priv.11
                0x08003cb0       0x64 /tmp/ccEuzbdR.ltrans2.ltrans.o
                0x08003cb0                remove_chain.lto_priv.11
 .text.chk_chr.lto_priv.21
                0x08003d14       0x10 /tmp/ccEuzbdR.ltrans2.ltrans.o
                0x08003d14                chk_chr.lto_priv.21
 .text.mem_cmp.lto_priv.26
                0x08003d24       0x24 /tmp/ccEuzbdR.ltrans2.ltrans.o
                0x08003d24                mem_cmp.lto_priv.26
 .text.mem_set.lto_priv.22
                0x08003d48       0x10 /tmp/ccEuzbdR.ltrans2.ltrans.o
                0x08003d48                mem_set.lto_priv.22
 .text.dir_next.lto_priv.23
                0x08003d58      0x124 /tmp/ccEuzbdR.ltrans2.ltrans.o
                0x08003d58                dir_next.lto_priv.23
 .text.sync.lto_priv.17
                0x08003e7c       0xb8 /tmp/ccEuzbdR.ltrans2.ltrans.o
                0x08003e7c                sync.lto_priv.17
 .text.mem_cpy.lto_priv.19
                0x08003f34       0x14 /tmp/ccEuzbdR.ltrans2.ltrans.o
                0x08003f34                mem_cpy.lto_priv.19
 .text.gen_numname
                0x08003f48       0x88 /tmp/ccEuzbdR.ltrans2.ltrans.o
                0x08003f48                gen_numname
 .text.get_fattime
                0x08003fd0       0x44 /tmp/ccEuzbdR.ltrans2.ltrans.o
                0x08003fd0                get_fattime
 .text.ff_convert
                0x08004014       0x40 /tmp/ccEuzbdR.ltrans2.ltrans.o
                0x08004014                ff_convert
 .text.Delay    0x08004054       0x20 /tmp/ccEuzbdR.ltrans2.ltrans.o
                0x08004054                Delay
 .text.string_CRC16_checksum
                0x08004074       0x28 /tmp/ccEuzbdR.ltrans2.ltrans.o
                0x08004074                string_CRC16_checksum
 .text.Init_Dma_Buffer
                0x0800409c       0x14 /tmp/ccEuzbdR.ltrans2.ltrans.o
                0x0800409c                Init_Dma_Buffer
 .text.Init_Byte_Buffer
                0x080040b0       0x14 /tmp/ccEuzbdR.ltrans2.ltrans.o
                0x080040b0                Init_Byte_Buffer
 .text.Init_Buffer
                0x080040c4       0x14 /tmp/ccEuzbdR.ltrans2.ltrans.o
                0x080040c4                Init_Buffer
 .text.Bytes_In_DMA_Buffer
                0x080040d8       0x24 /tmp/ccEuzbdR.ltrans2.ltrans.o
                0x080040d8                Bytes_In_DMA_Buffer
 .text.Empty_Dma_Buffer
                0x080040fc        0xc /tmp/ccEuzbdR.ltrans2.ltrans.o
                0x080040fc                Empty_Dma_Buffer
 .text.Pop_From_Dma_Buffer
                0x08004108       0x28 /tmp/ccEuzbdR.ltrans2.ltrans.o
                0x08004108                Pop_From_Dma_Buffer
 .text.Pop_From_Byte_Buffer
                0x08004130       0x28 /tmp/ccEuzbdR.ltrans2.ltrans.o
                0x08004130                Pop_From_Byte_Buffer
 .text.Pop_From_Buffer
                0x08004158       0x2c /tmp/ccEuzbdR.ltrans2.ltrans.o
                0x08004158                Pop_From_Buffer
 .text.Get_From_Byte_Buffer
                0x08004184       0x40 /tmp/ccEuzbdR.ltrans2.ltrans.o
                0x08004184                Get_From_Byte_Buffer
 .text.Add_To_Byte_Buffer
                0x080041c4       0x4c /tmp/ccEuzbdR.ltrans2.ltrans.o
                0x080041c4                Add_To_Byte_Buffer
 .text.Add_To_Buffer
                0x08004210       0x50 /tmp/ccEuzbdR.ltrans2.ltrans.o
                0x08004210                Add_To_Buffer
 .text.SCSI_Format_Cmd
                0x08004260       0x14 /tmp/ccEuzbdR.ltrans2.ltrans.o
                0x08004260                SCSI_Format_Cmd
 .text.SCSI_Start_Stop_Unit_Cmd
                0x08004274        0xc /tmp/ccEuzbdR.ltrans2.ltrans.o
                0x08004274                SCSI_Start_Stop_Unit_Cmd
 .text.Set_Scsi_Sense_Data
                0x08004280        0xc /tmp/ccEuzbdR.ltrans2.ltrans.o
                0x08004280                Set_Scsi_Sense_Data
 .text.SCSI_Address_Management
                0x0800428c       0x7c /tmp/ccEuzbdR.ltrans2.ltrans.o
 .text.SCSI_Invalid_Cmd
                0x08004308       0x44 /tmp/ccEuzbdR.ltrans2.ltrans.o
                0x08004308                SCSI_Invalid_Cmd
 .text.SCSI_TestUnitReady_Cmd
                0x0800434c       0x34 /tmp/ccEuzbdR.ltrans2.ltrans.o
                0x0800434c                SCSI_TestUnitReady_Cmd
 .text.SCSI_Verify10_Cmd
                0x08004380       0x3c /tmp/ccEuzbdR.ltrans2.ltrans.o
                0x08004380                SCSI_Verify10_Cmd
 .text.SCSI_Write10_Cmd
                0x080043bc       0x68 /tmp/ccEuzbdR.ltrans2.ltrans.o
                0x080043bc                SCSI_Write10_Cmd
 .text.SCSI_Read10_Cmd
                0x08004424       0x68 /tmp/ccEuzbdR.ltrans2.ltrans.o
                0x08004424                SCSI_Read10_Cmd
 .text.SCSI_RequestSense_Cmd
                0x0800448c       0x1c /tmp/ccEuzbdR.ltrans2.ltrans.o
                0x0800448c                SCSI_RequestSense_Cmd
 .text.SCSI_ModeSense10_Cmd
                0x080044a8       0x10 /tmp/ccEuzbdR.ltrans2.ltrans.o
                0x080044a8                SCSI_ModeSense10_Cmd
 .text.SCSI_ModeSense6_Cmd
                0x080044b8       0x10 /tmp/ccEuzbdR.ltrans2.ltrans.o
                0x080044b8                SCSI_ModeSense6_Cmd
 .text.Get_Max_Lun
                0x080044c8       0x18 /tmp/ccEuzbdR.ltrans3.ltrans.o
 .text.MASS_Get_Interface_Setting
                0x080044e0       0x10 /tmp/ccEuzbdR.ltrans3.ltrans.o
 .text.MASS_Data_Setup
                0x080044f0       0x4c /tmp/ccEuzbdR.ltrans3.ltrans.o
 .text.MASS_Status_Out
                0x0800453c        0x4 /tmp/ccEuzbdR.ltrans3.ltrans.o
 .text.MASS_Status_In
                0x08004540        0x4 /tmp/ccEuzbdR.ltrans3.ltrans.o
 .text.Mass_Storage_SetDeviceAddress
                0x08004544        0xc /tmp/ccEuzbdR.ltrans3.ltrans.o
 .text.IntToUnicode
                0x08004550       0x30 /tmp/ccEuzbdR.ltrans3.ltrans.o
 .text.Get_SerialNum
                0x08004580       0x38 /tmp/ccEuzbdR.ltrans3.ltrans.o
 .text.PowerOn  0x080045b8       0x28 /tmp/ccEuzbdR.ltrans3.ltrans.o
 .text.Leave_LowPowerMode
                0x080045e0       0x20 /tmp/ccEuzbdR.ltrans3.ltrans.o
 .text.Resume_Init
                0x08004600       0x20 /tmp/ccEuzbdR.ltrans3.ltrans.o
 .text.Resume   0x08004620       0xac /tmp/ccEuzbdR.ltrans3.ltrans.o
 .text.Enter_LowPowerMode
                0x080046cc        0xc /tmp/ccEuzbdR.ltrans3.ltrans.o
 .text.Suspend  0x080046d8       0x24 /tmp/ccEuzbdR.ltrans3.ltrans.o
 .text.MASS_GetStringDescriptor
                0x080046fc       0x24 /tmp/ccEuzbdR.ltrans3.ltrans.o
 .text.MASS_GetConfigDescriptor
                0x08004720       0x10 /tmp/ccEuzbdR.ltrans3.ltrans.o
 .text.MASS_GetDeviceDescriptor
                0x08004730       0x10 /tmp/ccEuzbdR.ltrans3.ltrans.o
 .text.MASS_NoData_Setup
                0x08004740       0x58 /tmp/ccEuzbdR.ltrans3.ltrans.o
 .text.Mass_Storage_SetConfiguration
                0x08004798       0x30 /tmp/ccEuzbdR.ltrans3.ltrans.o
 .text.MASS_Reset
                0x080047c8       0xe0 /tmp/ccEuzbdR.ltrans3.ltrans.o
 .text.MASS_init
                0x080048a8       0x24 /tmp/ccEuzbdR.ltrans3.ltrans.o
 .text.MAL_Read
                0x080048cc       0x2c /tmp/ccEuzbdR.ltrans3.ltrans.o
 .text.MAL_Write
                0x080048f8       0x34 /tmp/ccEuzbdR.ltrans3.ltrans.o
 .text.MAL_Init
                0x0800492c       0x4c /tmp/ccEuzbdR.ltrans3.ltrans.o
 .text.MAL_Config
                0x08004978        0xc /tmp/ccEuzbdR.ltrans3.ltrans.o
 .text.Get_UBX_Ack
                0x08004984       0xac /tmp/ccEuzbdR.ltrans3.ltrans.o
 .text.USB_Istr
                0x08004a30       0xe0 /tmp/ccEuzbdR.ltrans3.ltrans.o
                0x08004a30                USB_Istr
 .text.Bot_Abort
                0x08004b10       0x38 /tmp/ccEuzbdR.ltrans3.ltrans.o
                0x08004b10                Bot_Abort
 .text.Mass_Storage_ClearFeature
                0x08004b48       0x1c /tmp/ccEuzbdR.ltrans3.ltrans.o
 .text.Set_CSW  0x08004b64       0x38 /tmp/ccEuzbdR.ltrans3.ltrans.o
                0x08004b64                Set_CSW
 .text.Mass_Storage_In
                0x08004b9c       0x60 /tmp/ccEuzbdR.ltrans3.ltrans.o
 .text.EP1_IN_Callback
                0x08004bfc        0x8 /tmp/ccEuzbdR.ltrans3.ltrans.o
 .text.Transfer_Data_Request
                0x08004c04       0x34 /tmp/ccEuzbdR.ltrans3.ltrans.o
                0x08004c04                Transfer_Data_Request
 .text.SCSI_Inquiry_Cmd
                0x08004c38       0x40 /tmp/ccEuzbdR.ltrans3.ltrans.o
 .text.Write_Memory
                0x08004c78       0xcc /tmp/ccEuzbdR.ltrans3.ltrans.o
                0x08004c78                Write_Memory
 .text.Read_Memory
                0x08004d44      0x110 /tmp/ccEuzbdR.ltrans3.ltrans.o
                0x08004d44                Read_Memory
 .text.MAL_GetStatus
                0x08004e54       0x48 /tmp/ccEuzbdR.ltrans3.ltrans.o
                0x08004e54                MAL_GetStatus
 .text.SCSI_ReadCapacity10_Cmd
                0x08004e9c       0x88 /tmp/ccEuzbdR.ltrans3.ltrans.o
 .text.SCSI_ReadFormatCapacity_Cmd
                0x08004f24       0x7c /tmp/ccEuzbdR.ltrans3.ltrans.o
 .text.CBW_Decode
                0x08004fa0      0x268 /tmp/ccEuzbdR.ltrans3.ltrans.o
 .text.Mass_Storage_Out
                0x08005208       0x80 /tmp/ccEuzbdR.ltrans3.ltrans.o
 .text.EP2_OUT_Callback
                0x08005288        0x8 /tmp/ccEuzbdR.ltrans3.ltrans.o
 .text.USB_Interrupts_Config
                0x08005290       0x3c /tmp/ccEuzbdR.ltrans3.ltrans.o
                0x08005290                USB_Interrupts_Config
 .text.Set_USBClock
                0x080052cc       0x14 /tmp/ccEuzbdR.ltrans3.ltrans.o
                0x080052cc                Set_USBClock
 .text.Set_System
                0x080052e0        0x8 /tmp/ccEuzbdR.ltrans3.ltrans.o
                0x080052e0                Set_System
 .text.Config_Gps
                0x080052e8       0xd0 /tmp/ccEuzbdR.ltrans3.ltrans.o
                0x080052e8                Config_Gps
 .text.NVIC_SystemReset
                0x080053b8       0x1c /tmp/ccEuzbdR.ltrans4.ltrans.o
 *fill*         0x080053d4        0x4 
 .text.main     0x080053d8     0x1010 /tmp/ccEuzbdR.ltrans4.ltrans.o
                0x080053d8                main
 .text.SetSysClockTo48.lto_priv.0
                0x080063e8       0xcc /tmp/ccEuzbdR.ltrans4.ltrans.o
                0x080063e8                SetSysClockTo48.lto_priv.0
 .text.Realign_Axes
                0x080064b4       0x18 /tmp/ccEuzbdR.ltrans5.ltrans.o
 .text.I2C1_Setup_Job
                0x080064cc       0x14 /tmp/ccEuzbdR.ltrans5.ltrans.o
 .text.SetSysClock
                0x080064e0        0x8 /tmp/ccEuzbdR.ltrans5.ltrans.o
 .text.get_wkup
                0x080064e8       0x10 /tmp/ccEuzbdR.ltrans5.ltrans.o
 .text.SystemInit
                0x080064f8       0x44 /tmp/ccEuzbdR.ltrans5.ltrans.o
                0x080064f8                SystemInit
 .text.__REVSH  0x0800653c        0x4 /tmp/ccEuzbdR.ltrans5.ltrans.o
                0x0800653c                __REVSH
 .text.USB_LP_CAN1_RX0_IRQHandler
                0x08006540        0x8 /tmp/ccEuzbdR.ltrans5.ltrans.o
                0x08006540                USB_LP_CAN1_RX0_IRQHandler
 .text.USB_HP_CAN1_TX_IRQHandler
                0x08006548        0x8 /tmp/ccEuzbdR.ltrans5.ltrans.o
                0x08006548                USB_HP_CAN1_TX_IRQHandler
 .text.ADC1_2_IRQHandler
                0x08006550       0x70 /tmp/ccEuzbdR.ltrans5.ltrans.o
                0x08006550                ADC1_2_IRQHandler
 .text.SysTick_Configuration
                0x080065c0       0x28 /tmp/ccEuzbdR.ltrans5.ltrans.o
                0x080065c0                SysTick_Configuration
 .text.ISR_Config
                0x080065e8       0x94 /tmp/ccEuzbdR.ltrans5.ltrans.o
                0x080065e8                ISR_Config
 .text.I2C_Config
                0x0800667c      0x14c /tmp/ccEuzbdR.ltrans5.ltrans.o
                0x0800667c                I2C_Config
 .text.I2C1_Request_Job
                0x080067c8       0x58 /tmp/ccEuzbdR.ltrans5.ltrans.o
                0x080067c8                I2C1_Request_Job
 .text.SysTick_Handler
                0x08006820      0x570 /tmp/ccEuzbdR.ltrans5.ltrans.o
                0x08006820                SysTick_Handler
 .text.I2C1_ER_IRQHandler
                0x08006d90      0x110 /tmp/ccEuzbdR.ltrans5.ltrans.o
                0x08006d90                I2C1_ER_IRQHandler
 .text.I2C1_EV_IRQHandler
                0x08006ea0      0x5ac /tmp/ccEuzbdR.ltrans5.ltrans.o
                0x08006ea0                I2C1_EV_IRQHandler
 .text.test_cutdown
                0x0800744c       0x58 /tmp/ccEuzbdR.ltrans5.ltrans.o
                0x0800744c                test_cutdown
 .text.setup_gpio
                0x080074a4      0x178 /tmp/ccEuzbdR.ltrans5.ltrans.o
                0x080074a4                setup_gpio
 .text.DMA_USART2_Configuration
                0x0800761c       0x58 /tmp/ccEuzbdR.ltrans5.ltrans.o
                0x0800761c                DMA_USART2_Configuration
 .text.struct_to_counter
                0x08007674       0xac /tmp/ccEuzbdR.ltrans6.ltrans.o
 .text.counter_to_struct
                0x08007720       0xdc /tmp/ccEuzbdR.ltrans6.ltrans.o
 .text.isDST    0x080077fc       0x38 /tmp/ccEuzbdR.ltrans6.ltrans.o
 .text.adjustDST
                0x08007834       0x64 /tmp/ccEuzbdR.ltrans6.ltrans.o
 .text.my_RTC_SetCounter
                0x08007898       0x20 /tmp/ccEuzbdR.ltrans6.ltrans.o
 .text.power_on.lto_priv.4
                0x080078b8      0x104 /tmp/ccEuzbdR.ltrans6.ltrans.o
                0x080078b8                power_on.lto_priv.4
 .text.stop_cmd
                0x080079bc        0xc /tmp/ccEuzbdR.ltrans6.ltrans.o
                0x080079bc                stop_cmd
 .text.wrapup_transaction
                0x080079c8       0x2c /tmp/ccEuzbdR.ltrans6.ltrans.o
                0x080079c8                wrapup_transaction
 .text.stm32_dma_transfer.lto_priv.7
                0x080079f4       0xdc /tmp/ccEuzbdR.ltrans6.ltrans.o
                0x080079f4                stm32_dma_transfer.lto_priv.7
 .text.stm32_spi_rw.lto_priv.6
                0x08007ad0       0x24 /tmp/ccEuzbdR.ltrans6.ltrans.o
                0x08007ad0                stm32_spi_rw.lto_priv.6
 .text.rcvr_spi.lto_priv.1
                0x08007af4        0xc /tmp/ccEuzbdR.ltrans6.ltrans.o
                0x08007af4                rcvr_spi.lto_priv.1
 .text.release_spi
                0x08007b00       0x18 /tmp/ccEuzbdR.ltrans6.ltrans.o
                0x08007b00                release_spi
 .text.wait_ready.lto_priv.2
                0x08007b18       0x24 /tmp/ccEuzbdR.ltrans6.ltrans.o
                0x08007b18                wait_ready.lto_priv.2
 .text.chk_power.lto_priv.3
                0x08007b3c        0x4 /tmp/ccEuzbdR.ltrans6.ltrans.o
                0x08007b3c                chk_power.lto_priv.3
 .text.interface_speed.lto_priv.5
                0x08007b40       0x2c /tmp/ccEuzbdR.ltrans6.ltrans.o
                0x08007b40                interface_speed.lto_priv.5
 .text.rtc_init
                0x08007b6c       0xa4 /tmp/ccEuzbdR.ltrans6.ltrans.o
                0x08007b6c                rtc_init
 .text.rtc_settime
                0x08007c10       0x28 /tmp/ccEuzbdR.ltrans6.ltrans.o
                0x08007c10                rtc_settime
 .text.rtc_gettime
                0x08007c38       0x24 /tmp/ccEuzbdR.ltrans6.ltrans.o
                0x08007c38                rtc_gettime
 .text.f_truncate
                0x08007c5c       0x98 /tmp/ccEuzbdR.ltrans6.ltrans.o
                0x08007c5c                f_truncate
 .text.f_stat   0x08007cf4       0x44 /tmp/ccEuzbdR.ltrans6.ltrans.o
                0x08007cf4                f_stat
 .text.f_lseek  0x08007d38      0x18c /tmp/ccEuzbdR.ltrans6.ltrans.o
                0x08007d38                f_lseek
 .text.f_sync   0x08007ec4       0xac /tmp/ccEuzbdR.ltrans6.ltrans.o
                0x08007ec4                f_sync
 .text.f_close  0x08007f70       0x14 /tmp/ccEuzbdR.ltrans6.ltrans.o
                0x08007f70                f_close
 .text.f_write  0x08007f84      0x1dc /tmp/ccEuzbdR.ltrans6.ltrans.o
                0x08007f84                f_write
 .text.f_putc   0x08008160       0x2c /tmp/ccEuzbdR.ltrans6.ltrans.o
 .text.f_puts   0x0800818c       0x24 /tmp/ccEuzbdR.ltrans6.ltrans.o
                0x0800818c                f_puts
 .text.f_read   0x080081b0      0x1a8 /tmp/ccEuzbdR.ltrans6.ltrans.o
                0x080081b0                f_read
 .text.check_fs
                0x08008358       0x90 /tmp/ccEuzbdR.ltrans7.ltrans.o
 .text.create_name
                0x080083e8      0x214 /tmp/ccEuzbdR.ltrans7.ltrans.o
 .text.dir_find
                0x080085fc       0xd0 /tmp/ccEuzbdR.ltrans7.ltrans.o
 .text.dir_register
                0x080086cc      0x168 /tmp/ccEuzbdR.ltrans7.ltrans.o
 .text.f_mount  0x08008834       0x28 /tmp/ccEuzbdR.ltrans7.ltrans.o
                0x08008834                f_mount
 .text.validate.lto_priv.12
                0x0800885c       0x30 /tmp/ccEuzbdR.ltrans7.ltrans.o
                0x0800885c                validate.lto_priv.12
 .text.chk_mounted.lto_priv.15
                0x0800888c      0x348 /tmp/ccEuzbdR.ltrans7.ltrans.o
                0x0800888c                chk_mounted.lto_priv.15
 .text.follow_path.lto_priv.14
                0x08008bd4       0x8c /tmp/ccEuzbdR.ltrans7.ltrans.o
                0x08008bd4                follow_path.lto_priv.14
 .text.f_open   0x08008c60      0x15c /tmp/ccEuzbdR.ltrans7.ltrans.o
                0x08008c60                f_open
 .text.get_fileinfo.lto_priv.13
                0x08008dbc       0xf8 /tmp/ccEuzbdR.ltrans7.ltrans.o
                0x08008dbc                get_fileinfo.lto_priv.13
 .text.Default_Usart_Config
                0x08008eb4       0x10 /tmp/ccEuzbdR.ltrans8.ltrans.o
 .text.__gps_send_char
                0x08008ec4       0x1c /tmp/ccEuzbdR.ltrans8.ltrans.o
 .text.__usart_send_char
                0x08008ee0       0x1c /tmp/ccEuzbdR.ltrans8.ltrans.o
                0x08008ee0                __usart_send_char
 .text.Timer_RCC_Configuration
                0x08008efc       0x10 /tmp/ccEuzbdR.ltrans8.ltrans.o
 .text.__fat_print_char
                0x08008f0c       0x24 /tmp/ccEuzbdR.ltrans8.ltrans.o
                0x08008f0c                __fat_print_char
 .text.__str_print_char
                0x08008f30       0x40 /tmp/ccEuzbdR.ltrans8.ltrans.o
                0x08008f30                __str_print_char
 .text.Watchdog_Config
                0x08008f70       0x30 /tmp/ccEuzbdR.ltrans8.ltrans.o
                0x08008f70                Watchdog_Config
 .text.USART1_IRQHandler
                0x08008fa0       0x30 /tmp/ccEuzbdR.ltrans8.ltrans.o
                0x08008fa0                USART1_IRQHandler
 .text.Gps_Send_Str
                0x08008fd0       0x18 /tmp/ccEuzbdR.ltrans8.ltrans.o
                0x08008fd0                Gps_Send_Str
 .text.Gps_Send_Utf8
                0x08008fe8       0x1c /tmp/ccEuzbdR.ltrans8.ltrans.o
                0x08008fe8                Gps_Send_Utf8
 .text.Usart_Send_Str
                0x08009004       0x18 /tmp/ccEuzbdR.ltrans8.ltrans.o
                0x08009004                Usart_Send_Str
 .text.USART2_reconf
                0x0800901c       0x44 /tmp/ccEuzbdR.ltrans8.ltrans.o
                0x0800901c                USART2_reconf
 .text.Usarts_Init
                0x08009060       0xe0 /tmp/ccEuzbdR.ltrans8.ltrans.o
                0x08009060                Usarts_Init
 .text.shutdown_filesystem
                0x08009140       0xa8 /tmp/ccEuzbdR.ltrans8.ltrans.o
                0x08009140                shutdown_filesystem
 .text.disable_pin
                0x080091e8        0xc /tmp/ccEuzbdR.ltrans8.ltrans.o
                0x080091e8                disable_pin
 .text.shutdown
                0x080091f4       0x10 /tmp/ccEuzbdR.ltrans8.ltrans.o
                0x080091f4                shutdown
 .text.setuppwr
                0x08009204       0x14 /tmp/ccEuzbdR.ltrans8.ltrans.o
                0x08009204                setuppwr
 .text.PWM_Set  0x08009218       0x3c /tmp/ccEuzbdR.ltrans8.ltrans.o
                0x08009218                PWM_Set
 .text.Timer_GPIO_Disable
                0x08009254       0x2c /tmp/ccEuzbdR.ltrans8.ltrans.o
                0x08009254                Timer_GPIO_Disable
 .text.Timer_GPIO_Enable
                0x08009280       0x2c /tmp/ccEuzbdR.ltrans8.ltrans.o
                0x08009280                Timer_GPIO_Enable
 .text.Init_Timer
                0x080092ac       0x80 /tmp/ccEuzbdR.ltrans8.ltrans.o
                0x080092ac                Init_Timer
 .text.file_preallocation_control
                0x0800932c       0x34 /tmp/ccEuzbdR.ltrans8.ltrans.o
                0x0800932c                file_preallocation_control
 .text.detect_sensors
                0x08009360       0x74 /tmp/ccEuzbdR.ltrans8.ltrans.o
                0x08009360                detect_sensors
 .text.malloc   0x080093d4       0x10 /home/laurence/ARM-GCC/gcc-arm-none-eabi-4_9-2014q4/bin/../lib/gcc/arm-none-eabi/4.9.3/../../../../arm-none-eabi/lib/armv7-m/libg.a(lib_a-malloc.o)
                0x080093d4                malloc
 .text._malloc_r
                0x080093e4      0x504 /home/laurence/ARM-GCC/gcc-arm-none-eabi-4_9-2014q4/bin/../lib/gcc/arm-none-eabi/4.9.3/../../../../arm-none-eabi/lib/armv7-m/libg.a(lib_a-mallocr.o)
                0x080093e4                _malloc_r
 .text.memcmp   0x080098e8       0x64 /home/laurence/ARM-GCC/gcc-arm-none-eabi-4_9-2014q4/bin/../lib/gcc/arm-none-eabi/4.9.3/../../../../arm-none-eabi/lib/armv7-m/libg.a(lib_a-memcmp.o)
                0x080098e8                memcmp
 .text.__malloc_lock
                0x0800994c        0x4 /home/laurence/ARM-GCC/gcc-arm-none-eabi-4_9-2014q4/bin/../lib/gcc/arm-none-eabi/4.9.3/../../../../arm-none-eabi/lib/armv7-m/libg.a(lib_a-mlock.o)
                0x0800994c                __malloc_lock
 .text.__malloc_unlock
                0x08009950        0x4 /home/laurence/ARM-GCC/gcc-arm-none-eabi-4_9-2014q4/bin/../lib/gcc/arm-none-eabi/4.9.3/../../../../arm-none-eabi/lib/armv7-m/libg.a(lib_a-mlock.o)
                0x08009950                __malloc_unlock
 .text._sbrk_r  0x08009954       0x24 /home/laurence/ARM-GCC/gcc-arm-none-eabi-4_9-2014q4/bin/../lib/gcc/arm-none-eabi/4.9.3/../../../../arm-none-eabi/lib/armv7-m/libg.a(lib_a-sbrkr.o)
                0x08009954                _sbrk_r
 .text.strchr   0x08009978       0xcc /home/laurence/ARM-GCC/gcc-arm-none-eabi-4_9-2014q4/bin/../lib/gcc/arm-none-eabi/4.9.3/../../../../arm-none-eabi/lib/armv7-m/libg.a(lib_a-strchr.o)
                0x08009978                strchr
 .text.strlen   0x08009a44       0x5c /home/laurence/ARM-GCC/gcc-arm-none-eabi-4_9-2014q4/bin/../lib/gcc/arm-none-eabi/4.9.3/../../../../arm-none-eabi/lib/armv7-m/libg.a(lib_a-strlen.o)
                0x08009a44                strlen
 .text.strncmp  0x08009aa0       0x94 /home/laurence/ARM-GCC/gcc-arm-none-eabi-4_9-2014q4/bin/../lib/gcc/arm-none-eabi/4.9.3/../../../../arm-none-eabi/lib/armv7-m/libg.a(lib_a-strncmp.o)
                0x08009aa0                strncmp
 .text.strncpy  0x08009b34       0x68 /home/laurence/ARM-GCC/gcc-arm-none-eabi-4_9-2014q4/bin/../lib/gcc/arm-none-eabi/4.9.3/../../../../arm-none-eabi/lib/armv7-m/libg.a(lib_a-strncpy.o)
                0x08009b34                strncpy
 .text._malloc_trim_r
                0x08009b9c       0x9c /home/laurence/ARM-GCC/gcc-arm-none-eabi-4_9-2014q4/bin/../lib/gcc/arm-none-eabi/4.9.3/../../../../arm-none-eabi/lib/armv7-m/libg.a(lib_a-freer.o)
                0x08009b9c                _malloc_trim_r
 .text._free_r  0x08009c38      0x1b0 /home/laurence/ARM-GCC/gcc-arm-none-eabi-4_9-2014q4/bin/../lib/gcc/arm-none-eabi/4.9.3/../../../../arm-none-eabi/lib/armv7-m/libg.a(lib_a-freer.o)
                0x08009c38                _free_r
 .text.Reset_Handler
                0x08009de8       0x40 lib/CMSIS_CM3/startup/gcc/startup_stm32f10x_md.o
                0x08009de8                Reset_Handler
 .text.Default_Handler
                0x08009e28        0x2 lib/CMSIS_CM3/startup/gcc/startup_stm32f10x_md.o
                0x08009e28                EXTI2_IRQHandler
                0x08009e28                DebugMon_Handler
                0x08009e28                TIM1_CC_IRQHandler
                0x08009e28                HardFault_Handler
                0x08009e28                PVD_IRQHandler
                0x08009e28                PendSV_Handler
                0x08009e28                NMI_Handler
                0x08009e28                EXTI3_IRQHandler
                0x08009e28                I2C2_EV_IRQHandler
                0x08009e28                UsageFault_Handler
                0x08009e28                SPI1_IRQHandler
                0x08009e28                TAMPER_IRQHandler
                0x08009e28                DMA1_Channel4_IRQHandler
                0x08009e28                RTC_IRQHandler
                0x08009e28                DMA1_Channel7_IRQHandler
                0x08009e28                CAN1_RX1_IRQHandler
                0x08009e28                TIM4_IRQHandler
                0x08009e28                DMA1_Channel6_IRQHandler
                0x08009e28                TIM3_IRQHandler
                0x08009e28                RCC_IRQHandler
                0x08009e28                TIM1_TRG_COM_IRQHandler
                0x08009e28                DMA1_Channel1_IRQHandler
                0x08009e28                Default_Handler
                0x08009e28                EXTI9_5_IRQHandler
                0x08009e28                SPI2_IRQHandler
                0x08009e28                MemManage_Handler
                0x08009e28                SVC_Handler
                0x08009e28                DMA1_Channel5_IRQHandler
                0x08009e28                EXTI4_IRQHandler
                0x08009e28                DMA1_Channel3_IRQHandler
                0x08009e28                TIM1_UP_IRQHandler
                0x08009e28                WWDG_IRQHandler
                0x08009e28                TIM2_IRQHandler
                0x08009e28                TIM1_BRK_IRQHandler
                0x08009e28                EXTI1_IRQHandler
                0x08009e28                RTCAlarm_IRQHandler
                0x08009e28                USART2_IRQHandler
                0x08009e28                I2C2_ER_IRQHandler
                0x08009e28                CAN1_SCE_IRQHandler
                0x08009e28                FLASH_IRQHandler
                0x08009e28                BusFault_Handler
                0x08009e28                USBWakeUp_IRQHandler
 *fill*         0x08009e2a        0x2 
 .text.NVIC_PriorityGroupConfig
                0x08009e2c       0x14 lib/STM32F10x_StdPeriph_Driver/libstm32fw.a(misc.o)
                0x08009e2c                NVIC_PriorityGroupConfig
 .text.NVIC_Init
                0x08009e40       0x6c lib/STM32F10x_StdPeriph_Driver/libstm32fw.a(misc.o)
                0x08009e40                NVIC_Init
 .text.NVIC_SetVectorTable
                0x08009eac       0x14 lib/STM32F10x_StdPeriph_Driver/libstm32fw.a(misc.o)
                0x08009eac                NVIC_SetVectorTable
 .text.SysTick_CLKSourceConfig
                0x08009ec0       0x18 lib/STM32F10x_StdPeriph_Driver/libstm32fw.a(misc.o)
                0x08009ec0                SysTick_CLKSourceConfig
 .text.ADC_DeInit
                0x08009ed8       0x5c lib/STM32F10x_StdPeriph_Driver/libstm32fw.a(stm32f10x_adc.o)
                0x08009ed8                ADC_DeInit
 .text.ADC_Init
                0x08009f34       0x48 lib/STM32F10x_StdPeriph_Driver/libstm32fw.a(stm32f10x_adc.o)
                0x08009f34                ADC_Init
 .text.ADC_Cmd  0x08009f7c       0x12 lib/STM32F10x_StdPeriph_Driver/libstm32fw.a(stm32f10x_adc.o)
                0x08009f7c                ADC_Cmd
 .text.ADC_ResetCalibration
                0x08009f8e        0xa lib/STM32F10x_StdPeriph_Driver/libstm32fw.a(stm32f10x_adc.o)
                0x08009f8e                ADC_ResetCalibration
 .text.ADC_GetResetCalibrationStatus
                0x08009f98        0x8 lib/STM32F10x_StdPeriph_Driver/libstm32fw.a(stm32f10x_adc.o)
                0x08009f98                ADC_GetResetCalibrationStatus
 .text.ADC_StartCalibration
                0x08009fa0        0xa lib/STM32F10x_StdPeriph_Driver/libstm32fw.a(stm32f10x_adc.o)
                0x08009fa0                ADC_StartCalibration
 .text.ADC_GetCalibrationStatus
                0x08009faa        0x8 lib/STM32F10x_StdPeriph_Driver/libstm32fw.a(stm32f10x_adc.o)
                0x08009faa                ADC_GetCalibrationStatus
 .text.ADC_SoftwareStartConvCmd
                0x08009fb2       0x12 lib/STM32F10x_StdPeriph_Driver/libstm32fw.a(stm32f10x_adc.o)
                0x08009fb2                ADC_SoftwareStartConvCmd
 .text.ADC_RegularChannelConfig
                0x08009fc4       0x84 lib/STM32F10x_StdPeriph_Driver/libstm32fw.a(stm32f10x_adc.o)
                0x08009fc4                ADC_RegularChannelConfig
 .text.ADC_GetConversionValue
                0x0800a048        0x6 lib/STM32F10x_StdPeriph_Driver/libstm32fw.a(stm32f10x_adc.o)
                0x0800a048                ADC_GetConversionValue
 .text.ADC_ExternalTrigInjectedConvConfig
                0x0800a04e        0xc lib/STM32F10x_StdPeriph_Driver/libstm32fw.a(stm32f10x_adc.o)
                0x0800a04e                ADC_ExternalTrigInjectedConvConfig
 .text.ADC_SoftwareStartInjectedConvCmd
                0x0800a05a       0x12 lib/STM32F10x_StdPeriph_Driver/libstm32fw.a(stm32f10x_adc.o)
                0x0800a05a                ADC_SoftwareStartInjectedConvCmd
 .text.ADC_InjectedChannelConfig
                0x0800a06c       0x54 lib/STM32F10x_StdPeriph_Driver/libstm32fw.a(stm32f10x_adc.o)
                0x0800a06c                ADC_InjectedChannelConfig
 .text.ADC_InjectedSequencerLengthConfig
                0x0800a0c0       0x10 lib/STM32F10x_StdPeriph_Driver/libstm32fw.a(stm32f10x_adc.o)
                0x0800a0c0                ADC_InjectedSequencerLengthConfig
 .text.ADC_GetInjectedConversionValue
                0x0800a0d0       0x1a lib/STM32F10x_StdPeriph_Driver/libstm32fw.a(stm32f10x_adc.o)
                0x0800a0d0                ADC_GetInjectedConversionValue
 .text.ADC_GetFlagStatus
                0x0800a0ea        0xc lib/STM32F10x_StdPeriph_Driver/libstm32fw.a(stm32f10x_adc.o)
                0x0800a0ea                ADC_GetFlagStatus
 .text.ADC_ClearFlag
                0x0800a0f6        0x6 lib/STM32F10x_StdPeriph_Driver/libstm32fw.a(stm32f10x_adc.o)
                0x0800a0f6                ADC_ClearFlag
 .text.ADC_GetITStatus
                0x0800a0fc       0x16 lib/STM32F10x_StdPeriph_Driver/libstm32fw.a(stm32f10x_adc.o)
                0x0800a0fc                ADC_GetITStatus
 .text.ADC_ClearITPendingBit
                0x0800a112        0x8 lib/STM32F10x_StdPeriph_Driver/libstm32fw.a(stm32f10x_adc.o)
                0x0800a112                ADC_ClearITPendingBit
 .text.BKP_DeInit
                0x0800a11a       0x12 lib/STM32F10x_StdPeriph_Driver/libstm32fw.a(stm32f10x_bkp.o)
                0x0800a11a                BKP_DeInit
 .text.BKP_RTCOutputConfig
                0x0800a12c       0x18 lib/STM32F10x_StdPeriph_Driver/libstm32fw.a(stm32f10x_bkp.o)
                0x0800a12c                BKP_RTCOutputConfig
 .text.BKP_SetRTCCalibrationValue
                0x0800a144       0x18 lib/STM32F10x_StdPeriph_Driver/libstm32fw.a(stm32f10x_bkp.o)
                0x0800a144                BKP_SetRTCCalibrationValue
 .text.BKP_WriteBackupRegister
                0x0800a15c       0x1c lib/STM32F10x_StdPeriph_Driver/libstm32fw.a(stm32f10x_bkp.o)
                0x0800a15c                BKP_WriteBackupRegister
 .text.BKP_ReadBackupRegister
                0x0800a178       0x20 lib/STM32F10x_StdPeriph_Driver/libstm32fw.a(stm32f10x_bkp.o)
                0x0800a178                BKP_ReadBackupRegister
 .text.DBGMCU_Config
                0x0800a198       0x18 lib/STM32F10x_StdPeriph_Driver/libstm32fw.a(stm32f10x_dbgmcu.o)
                0x0800a198                DBGMCU_Config
 .text.DMA_DeInit
                0x0800a1b0       0xf0 lib/STM32F10x_StdPeriph_Driver/libstm32fw.a(stm32f10x_dma.o)
                0x0800a1b0                DMA_DeInit
 .text.DMA_Init
                0x0800a2a0       0x3c lib/STM32F10x_StdPeriph_Driver/libstm32fw.a(stm32f10x_dma.o)
                0x0800a2a0                DMA_Init
 .text.DMA_Cmd  0x0800a2dc       0x12 lib/STM32F10x_StdPeriph_Driver/libstm32fw.a(stm32f10x_dma.o)
                0x0800a2dc                DMA_Cmd
 .text.DMA_ITConfig
                0x0800a2ee       0x10 lib/STM32F10x_StdPeriph_Driver/libstm32fw.a(stm32f10x_dma.o)
                0x0800a2ee                DMA_ITConfig
 .text.DMA_GetCurrDataCounter
                0x0800a2fe        0x6 lib/STM32F10x_StdPeriph_Driver/libstm32fw.a(stm32f10x_dma.o)
                0x0800a2fe                DMA_GetCurrDataCounter
 .text.DMA_GetFlagStatus
                0x0800a304       0x1c lib/STM32F10x_StdPeriph_Driver/libstm32fw.a(stm32f10x_dma.o)
                0x0800a304                DMA_GetFlagStatus
 .text.DMA_ClearFlag
                0x0800a320       0x14 lib/STM32F10x_StdPeriph_Driver/libstm32fw.a(stm32f10x_dma.o)
                0x0800a320                DMA_ClearFlag
 .text.DMA_GetITStatus
                0x0800a334       0x1c lib/STM32F10x_StdPeriph_Driver/libstm32fw.a(stm32f10x_dma.o)
                0x0800a334                DMA_GetITStatus
 .text.DMA_ClearITPendingBit
                0x0800a350       0x14 lib/STM32F10x_StdPeriph_Driver/libstm32fw.a(stm32f10x_dma.o)
                0x0800a350                DMA_ClearITPendingBit
 .text.EXTI_DeInit
                0x0800a364       0x1c lib/STM32F10x_StdPeriph_Driver/libstm32fw.a(stm32f10x_exti.o)
                0x0800a364                EXTI_DeInit
 .text.EXTI_Init
                0x0800a380       0x88 lib/STM32F10x_StdPeriph_Driver/libstm32fw.a(stm32f10x_exti.o)
                0x0800a380                EXTI_Init
 .text.EXTI_GetITStatus
                0x0800a408       0x1c lib/STM32F10x_StdPeriph_Driver/libstm32fw.a(stm32f10x_exti.o)
                0x0800a408                EXTI_GetITStatus
 .text.EXTI_ClearITPendingBit
                0x0800a424        0xc lib/STM32F10x_StdPeriph_Driver/libstm32fw.a(stm32f10x_exti.o)
                0x0800a424                EXTI_ClearITPendingBit
 .text.GPIO_Init
                0x0800a430       0x90 lib/STM32F10x_StdPeriph_Driver/libstm32fw.a(stm32f10x_gpio.o)
                0x0800a430                GPIO_Init
 .text.GPIO_ReadInputDataBit
                0x0800a4c0        0xc lib/STM32F10x_StdPeriph_Driver/libstm32fw.a(stm32f10x_gpio.o)
                0x0800a4c0                GPIO_ReadInputDataBit
 .text.GPIO_SetBits
                0x0800a4cc        0x4 lib/STM32F10x_StdPeriph_Driver/libstm32fw.a(stm32f10x_gpio.o)
                0x0800a4cc                GPIO_SetBits
 .text.GPIO_ResetBits
                0x0800a4d0        0x4 lib/STM32F10x_StdPeriph_Driver/libstm32fw.a(stm32f10x_gpio.o)
                0x0800a4d0                GPIO_ResetBits
 .text.GPIO_WriteBit
                0x0800a4d4        0xa lib/STM32F10x_StdPeriph_Driver/libstm32fw.a(stm32f10x_gpio.o)
                0x0800a4d4                GPIO_WriteBit
 *fill*         0x0800a4de        0x2 
 .text.GPIO_PinRemapConfig
                0x0800a4e0       0x54 lib/STM32F10x_StdPeriph_Driver/libstm32fw.a(stm32f10x_gpio.o)
                0x0800a4e0                GPIO_PinRemapConfig
 .text.GPIO_EXTILineConfig
                0x0800a534       0x2a lib/STM32F10x_StdPeriph_Driver/libstm32fw.a(stm32f10x_gpio.o)
                0x0800a534                GPIO_EXTILineConfig
 *fill*         0x0800a55e        0x2 
 .text.I2C_DeInit
                0x0800a560       0x34 lib/STM32F10x_StdPeriph_Driver/libstm32fw.a(stm32f10x_i2c.o)
                0x0800a560                I2C_DeInit
 .text.I2C_Init
                0x0800a594       0xd4 lib/STM32F10x_StdPeriph_Driver/libstm32fw.a(stm32f10x_i2c.o)
                0x0800a594                I2C_Init
 .text.I2C_Cmd  0x0800a668       0x18 lib/STM32F10x_StdPeriph_Driver/libstm32fw.a(stm32f10x_i2c.o)
                0x0800a668                I2C_Cmd
 .text.I2C_GenerateSTART
                0x0800a680       0x18 lib/STM32F10x_StdPeriph_Driver/libstm32fw.a(stm32f10x_i2c.o)
                0x0800a680                I2C_GenerateSTART
 .text.I2C_GenerateSTOP
                0x0800a698       0x18 lib/STM32F10x_StdPeriph_Driver/libstm32fw.a(stm32f10x_i2c.o)
                0x0800a698                I2C_GenerateSTOP
 .text.I2C_AcknowledgeConfig
                0x0800a6b0       0x18 lib/STM32F10x_StdPeriph_Driver/libstm32fw.a(stm32f10x_i2c.o)
                0x0800a6b0                I2C_AcknowledgeConfig
 .text.I2C_ITConfig
                0x0800a6c8       0x12 lib/STM32F10x_StdPeriph_Driver/libstm32fw.a(stm32f10x_i2c.o)
                0x0800a6c8                I2C_ITConfig
 .text.I2C_SendData
                0x0800a6da        0x4 lib/STM32F10x_StdPeriph_Driver/libstm32fw.a(stm32f10x_i2c.o)
                0x0800a6da                I2C_SendData
 .text.I2C_ReceiveData
                0x0800a6de        0x6 lib/STM32F10x_StdPeriph_Driver/libstm32fw.a(stm32f10x_i2c.o)
                0x0800a6de                I2C_ReceiveData
 .text.I2C_Send7bitAddress
                0x0800a6e4       0x12 lib/STM32F10x_StdPeriph_Driver/libstm32fw.a(stm32f10x_i2c.o)
                0x0800a6e4                I2C_Send7bitAddress
 .text.I2C_SoftwareResetCmd
                0x0800a6f6       0x18 lib/STM32F10x_StdPeriph_Driver/libstm32fw.a(stm32f10x_i2c.o)
                0x0800a6f6                I2C_SoftwareResetCmd
 *fill*         0x0800a70e        0x2 
 .text.IWDG_WriteAccessCmd
                0x0800a710        0xc lib/STM32F10x_StdPeriph_Driver/libstm32fw.a(stm32f10x_iwdg.o)
                0x0800a710                IWDG_WriteAccessCmd
 .text.IWDG_SetPrescaler
                0x0800a71c        0xc lib/STM32F10x_StdPeriph_Driver/libstm32fw.a(stm32f10x_iwdg.o)
                0x0800a71c                IWDG_SetPrescaler
 .text.IWDG_SetReload
                0x0800a728        0xc lib/STM32F10x_StdPeriph_Driver/libstm32fw.a(stm32f10x_iwdg.o)
                0x0800a728                IWDG_SetReload
 .text.IWDG_ReloadCounter
                0x0800a734       0x10 lib/STM32F10x_StdPeriph_Driver/libstm32fw.a(stm32f10x_iwdg.o)
                0x0800a734                IWDG_ReloadCounter
 .text.IWDG_Enable
                0x0800a744       0x10 lib/STM32F10x_StdPeriph_Driver/libstm32fw.a(stm32f10x_iwdg.o)
                0x0800a744                IWDG_Enable
 .text.PWR_DeInit
                0x0800a754       0x1a lib/STM32F10x_StdPeriph_Driver/libstm32fw.a(stm32f10x_pwr.o)
                0x0800a754                PWR_DeInit
 *fill*         0x0800a76e        0x2 
 .text.PWR_BackupAccessCmd
                0x0800a770        0xc lib/STM32F10x_StdPeriph_Driver/libstm32fw.a(stm32f10x_pwr.o)
                0x0800a770                PWR_BackupAccessCmd
 .text.PWR_WakeUpPinCmd
                0x0800a77c        0xc lib/STM32F10x_StdPeriph_Driver/libstm32fw.a(stm32f10x_pwr.o)
                0x0800a77c                PWR_WakeUpPinCmd
 .text.PWR_EnterSTANDBYMode
                0x0800a788       0x28 lib/STM32F10x_StdPeriph_Driver/libstm32fw.a(stm32f10x_pwr.o)
                0x0800a788                PWR_EnterSTANDBYMode
 .text.RCC_HCLKConfig
                0x0800a7b0       0x14 lib/STM32F10x_StdPeriph_Driver/libstm32fw.a(stm32f10x_rcc.o)
                0x0800a7b0                RCC_HCLKConfig
 .text.RCC_USBCLKConfig
                0x0800a7c4        0xc lib/STM32F10x_StdPeriph_Driver/libstm32fw.a(stm32f10x_rcc.o)
                0x0800a7c4                RCC_USBCLKConfig
 .text.RCC_ADCCLKConfig
                0x0800a7d0       0x14 lib/STM32F10x_StdPeriph_Driver/libstm32fw.a(stm32f10x_rcc.o)
                0x0800a7d0                RCC_ADCCLKConfig
 .text.RCC_LSEConfig
                0x0800a7e4       0x20 lib/STM32F10x_StdPeriph_Driver/libstm32fw.a(stm32f10x_rcc.o)
                0x0800a7e4                RCC_LSEConfig
 .text.RCC_RTCCLKConfig
                0x0800a804       0x10 lib/STM32F10x_StdPeriph_Driver/libstm32fw.a(stm32f10x_rcc.o)
                0x0800a804                RCC_RTCCLKConfig
 .text.RCC_RTCCLKCmd
                0x0800a814        0xc lib/STM32F10x_StdPeriph_Driver/libstm32fw.a(stm32f10x_rcc.o)
                0x0800a814                RCC_RTCCLKCmd
 .text.RCC_GetClocksFreq
                0x0800a820       0x94 lib/STM32F10x_StdPeriph_Driver/libstm32fw.a(stm32f10x_rcc.o)
                0x0800a820                RCC_GetClocksFreq
 .text.RCC_AHBPeriphClockCmd
                0x0800a8b4       0x18 lib/STM32F10x_StdPeriph_Driver/libstm32fw.a(stm32f10x_rcc.o)
                0x0800a8b4                RCC_AHBPeriphClockCmd
 .text.RCC_APB2PeriphClockCmd
                0x0800a8cc       0x18 lib/STM32F10x_StdPeriph_Driver/libstm32fw.a(stm32f10x_rcc.o)
                0x0800a8cc                RCC_APB2PeriphClockCmd
 .text.RCC_APB1PeriphClockCmd
                0x0800a8e4       0x18 lib/STM32F10x_StdPeriph_Driver/libstm32fw.a(stm32f10x_rcc.o)
                0x0800a8e4                RCC_APB1PeriphClockCmd
 .text.RCC_APB2PeriphResetCmd
                0x0800a8fc       0x18 lib/STM32F10x_StdPeriph_Driver/libstm32fw.a(stm32f10x_rcc.o)
                0x0800a8fc                RCC_APB2PeriphResetCmd
 .text.RCC_APB1PeriphResetCmd
                0x0800a914       0x18 lib/STM32F10x_StdPeriph_Driver/libstm32fw.a(stm32f10x_rcc.o)
                0x0800a914                RCC_APB1PeriphResetCmd
 .text.RCC_BackupResetCmd
                0x0800a92c        0xc lib/STM32F10x_StdPeriph_Driver/libstm32fw.a(stm32f10x_rcc.o)
                0x0800a92c                RCC_BackupResetCmd
 .text.RCC_GetFlagStatus
                0x0800a938       0x28 lib/STM32F10x_StdPeriph_Driver/libstm32fw.a(stm32f10x_rcc.o)
                0x0800a938                RCC_GetFlagStatus
 .text.RTC_EnterConfigMode
                0x0800a960       0x14 lib/STM32F10x_StdPeriph_Driver/libstm32fw.a(stm32f10x_rtc.o)
                0x0800a960                RTC_EnterConfigMode
 .text.RTC_ExitConfigMode
                0x0800a974       0x14 lib/STM32F10x_StdPeriph_Driver/libstm32fw.a(stm32f10x_rtc.o)
                0x0800a974                RTC_ExitConfigMode
 .text.RTC_GetCounter
                0x0800a988       0x14 lib/STM32F10x_StdPeriph_Driver/libstm32fw.a(stm32f10x_rtc.o)
                0x0800a988                RTC_GetCounter
 .text.RTC_SetCounter
                0x0800a99c       0x20 lib/STM32F10x_StdPeriph_Driver/libstm32fw.a(stm32f10x_rtc.o)
                0x0800a99c                RTC_SetCounter
 .text.RTC_SetPrescaler
                0x0800a9bc       0x20 lib/STM32F10x_StdPeriph_Driver/libstm32fw.a(stm32f10x_rtc.o)
                0x0800a9bc                RTC_SetPrescaler
 .text.RTC_WaitForLastTask
                0x0800a9dc       0x10 lib/STM32F10x_StdPeriph_Driver/libstm32fw.a(stm32f10x_rtc.o)
                0x0800a9dc                RTC_WaitForLastTask
 .text.RTC_WaitForSynchro
                0x0800a9ec       0x1c lib/STM32F10x_StdPeriph_Driver/libstm32fw.a(stm32f10x_rtc.o)
                0x0800a9ec                RTC_WaitForSynchro
 .text.SPI_I2S_DeInit
                0x0800aa08       0x64 lib/STM32F10x_StdPeriph_Driver/libstm32fw.a(stm32f10x_spi.o)
                0x0800aa08                SPI_I2S_DeInit
 .text.SPI_Init
                0x0800aa6c       0x3e lib/STM32F10x_StdPeriph_Driver/libstm32fw.a(stm32f10x_spi.o)
                0x0800aa6c                SPI_Init
 .text.SPI_Cmd  0x0800aaaa       0x18 lib/STM32F10x_StdPeriph_Driver/libstm32fw.a(stm32f10x_spi.o)
                0x0800aaaa                SPI_Cmd
 .text.SPI_I2S_DMACmd
                0x0800aac2       0x12 lib/STM32F10x_StdPeriph_Driver/libstm32fw.a(stm32f10x_spi.o)
                0x0800aac2                SPI_I2S_DMACmd
 .text.SPI_I2S_SendData
                0x0800aad4        0x4 lib/STM32F10x_StdPeriph_Driver/libstm32fw.a(stm32f10x_spi.o)
                0x0800aad4                SPI_I2S_SendData
 .text.SPI_I2S_ReceiveData
                0x0800aad8        0x6 lib/STM32F10x_StdPeriph_Driver/libstm32fw.a(stm32f10x_spi.o)
                0x0800aad8                SPI_I2S_ReceiveData
 .text.SPI_CalculateCRC
                0x0800aade       0x18 lib/STM32F10x_StdPeriph_Driver/libstm32fw.a(stm32f10x_spi.o)
                0x0800aade                SPI_CalculateCRC
 .text.SPI_I2S_GetFlagStatus
                0x0800aaf6        0xc lib/STM32F10x_StdPeriph_Driver/libstm32fw.a(stm32f10x_spi.o)
                0x0800aaf6                SPI_I2S_GetFlagStatus
 *fill*         0x0800ab02        0x2 
 .text.TIM_TimeBaseInit
                0x0800ab04       0x3c lib/STM32F10x_StdPeriph_Driver/libstm32fw.a(stm32f10x_tim.o)
                0x0800ab04                TIM_TimeBaseInit
 .text.TIM_OC1Init
                0x0800ab40       0x74 lib/STM32F10x_StdPeriph_Driver/libstm32fw.a(stm32f10x_tim.o)
                0x0800ab40                TIM_OC1Init
 .text.TIM_Cmd  0x0800abb4       0x18 lib/STM32F10x_StdPeriph_Driver/libstm32fw.a(stm32f10x_tim.o)
                0x0800abb4                TIM_Cmd
 .text.TIM_CtrlPWMOutputs
                0x0800abcc       0x1c lib/STM32F10x_StdPeriph_Driver/libstm32fw.a(stm32f10x_tim.o)
                0x0800abcc                TIM_CtrlPWMOutputs
 .text.TIM_ARRPreloadConfig
                0x0800abe8       0x18 lib/STM32F10x_StdPeriph_Driver/libstm32fw.a(stm32f10x_tim.o)
                0x0800abe8                TIM_ARRPreloadConfig
 .text.TIM_OC1PreloadConfig
                0x0800ac00       0x10 lib/STM32F10x_StdPeriph_Driver/libstm32fw.a(stm32f10x_tim.o)
                0x0800ac00                TIM_OC1PreloadConfig
 .text.TIM_SetCompare1
                0x0800ac10        0x4 lib/STM32F10x_StdPeriph_Driver/libstm32fw.a(stm32f10x_tim.o)
                0x0800ac10                TIM_SetCompare1
 .text.USART_DeInit
                0x0800ac14       0x98 lib/STM32F10x_StdPeriph_Driver/libstm32fw.a(stm32f10x_usart.o)
                0x0800ac14                USART_DeInit
 .text.USART_Init
                0x0800acac       0x88 lib/STM32F10x_StdPeriph_Driver/libstm32fw.a(stm32f10x_usart.o)
                0x0800acac                USART_Init
 .text.USART_Cmd
                0x0800ad34       0x18 lib/STM32F10x_StdPeriph_Driver/libstm32fw.a(stm32f10x_usart.o)
                0x0800ad34                USART_Cmd
 .text.USART_ITConfig
                0x0800ad4c       0x32 lib/STM32F10x_StdPeriph_Driver/libstm32fw.a(stm32f10x_usart.o)
                0x0800ad4c                USART_ITConfig
 .text.USART_DMACmd
                0x0800ad7e       0x12 lib/STM32F10x_StdPeriph_Driver/libstm32fw.a(stm32f10x_usart.o)
                0x0800ad7e                USART_DMACmd
 .text.USART_SendData
                0x0800ad90        0x8 lib/STM32F10x_StdPeriph_Driver/libstm32fw.a(stm32f10x_usart.o)
                0x0800ad90                USART_SendData
 .text.USART_ReceiveData
                0x0800ad98        0x8 lib/STM32F10x_StdPeriph_Driver/libstm32fw.a(stm32f10x_usart.o)
                0x0800ad98                USART_ReceiveData
 .text.USART_GetFlagStatus
                0x0800ada0        0xc lib/STM32F10x_StdPeriph_Driver/libstm32fw.a(stm32f10x_usart.o)
                0x0800ada0                USART_GetFlagStatus
 .text.USART_GetITStatus
                0x0800adac       0x3e lib/STM32F10x_StdPeriph_Driver/libstm32fw.a(stm32f10x_usart.o)
                0x0800adac                USART_GetITStatus
 .text.USART_ClearITPendingBit
                0x0800adea        0xe lib/STM32F10x_StdPeriph_Driver/libstm32fw.a(stm32f10x_usart.o)
                0x0800adea                USART_ClearITPendingBit
 .text.Standard_GetConfiguration
                0x0800adf8       0x24 lib/STM32_USB-FS-Device_Driver/libstm32usb.a(usb_core.o)
                0x0800adf8                Standard_GetConfiguration
 .text.Standard_GetInterface
                0x0800ae1c       0x24 lib/STM32_USB-FS-Device_Driver/libstm32usb.a(usb_core.o)
                0x0800ae1c                Standard_GetInterface
 .text.Standard_GetStatus
                0x0800ae40       0x90 lib/STM32_USB-FS-Device_Driver/libstm32usb.a(usb_core.o)
                0x0800ae40                Standard_GetStatus
 .text.DataStageIn
                0x0800aed0       0xac lib/STM32_USB-FS-Device_Driver/libstm32usb.a(usb_core.o)
 .text.Standard_SetConfiguration
                0x0800af7c       0x38 lib/STM32_USB-FS-Device_Driver/libstm32usb.a(usb_core.o)
                0x0800af7c                Standard_SetConfiguration
 .text.Standard_SetInterface
                0x0800afb4       0x48 lib/STM32_USB-FS-Device_Driver/libstm32usb.a(usb_core.o)
                0x0800afb4                Standard_SetInterface
 .text.Standard_ClearFeature
                0x0800affc       0xd8 lib/STM32_USB-FS-Device_Driver/libstm32usb.a(usb_core.o)
                0x0800affc                Standard_ClearFeature
 .text.Standard_SetEndPointFeature
                0x0800b0d4       0x8c lib/STM32_USB-FS-Device_Driver/libstm32usb.a(usb_core.o)
                0x0800b0d4                Standard_SetEndPointFeature
 .text.Standard_SetDeviceFeature
                0x0800b160       0x24 lib/STM32_USB-FS-Device_Driver/libstm32usb.a(usb_core.o)
                0x0800b160                Standard_SetDeviceFeature
 .text.Standard_GetDescriptorData
                0x0800b184       0x1c lib/STM32_USB-FS-Device_Driver/libstm32usb.a(usb_core.o)
                0x0800b184                Standard_GetDescriptorData
 .text.Post0_Process
                0x0800b1a0       0x44 lib/STM32_USB-FS-Device_Driver/libstm32usb.a(usb_core.o)
                0x0800b1a0                Post0_Process
 .text.Setup0_Process
                0x0800b1e4      0x2dc lib/STM32_USB-FS-Device_Driver/libstm32usb.a(usb_core.o)
                0x0800b1e4                Setup0_Process
 .text.Out0_Process
                0x0800b4c0       0xcc lib/STM32_USB-FS-Device_Driver/libstm32usb.a(usb_core.o)
                0x0800b4c0                Out0_Process
 .text.SetDeviceAddress
                0x0800b58c       0x40 lib/STM32_USB-FS-Device_Driver/libstm32usb.a(usb_core.o)
                0x0800b58c                SetDeviceAddress
 .text.In0_Process
                0x0800b5cc       0x5c lib/STM32_USB-FS-Device_Driver/libstm32usb.a(usb_core.o)
                0x0800b5cc                In0_Process
 .text.NOP_Process
                0x0800b628        0x2 lib/STM32_USB-FS-Device_Driver/libstm32usb.a(usb_core.o)
                0x0800b628                NOP_Process
 *fill*         0x0800b62a        0x2 
 .text.USB_Init
                0x0800b62c       0x34 lib/STM32_USB-FS-Device_Driver/libstm32usb.a(usb_init.o)
                0x0800b62c                USB_Init
 .text.CTR_LP   0x0800b660      0x170 lib/STM32_USB-FS-Device_Driver/libstm32usb.a(usb_int.o)
                0x0800b660                CTR_LP
 .text.CTR_HP   0x0800b7d0       0x74 lib/STM32_USB-FS-Device_Driver/libstm32usb.a(usb_int.o)
                0x0800b7d0                CTR_HP
 .text.UserToPMABufferCopy
                0x0800b844       0x30 lib/STM32_USB-FS-Device_Driver/libstm32usb.a(usb_mem.o)
                0x0800b844                UserToPMABufferCopy
 .text.PMAToUserBufferCopy
                0x0800b874       0x24 lib/STM32_USB-FS-Device_Driver/libstm32usb.a(usb_mem.o)
                0x0800b874                PMAToUserBufferCopy
 .text.SetBTABLE
                0x0800b898       0x10 lib/STM32_USB-FS-Device_Driver/libstm32usb.a(usb_regs.o)
                0x0800b898                SetBTABLE
 .text.SetEPType
                0x0800b8a8       0x1c lib/STM32_USB-FS-Device_Driver/libstm32usb.a(usb_regs.o)
                0x0800b8a8                SetEPType
 .text.SetEPTxStatus
                0x0800b8c4       0x32 lib/STM32_USB-FS-Device_Driver/libstm32usb.a(usb_regs.o)
                0x0800b8c4                SetEPTxStatus
 .text.SetEPRxStatus
                0x0800b8f6       0x32 lib/STM32_USB-FS-Device_Driver/libstm32usb.a(usb_regs.o)
                0x0800b8f6                SetEPRxStatus
 .text.SetEPRxValid
                0x0800b928       0x26 lib/STM32_USB-FS-Device_Driver/libstm32usb.a(usb_regs.o)
                0x0800b928                SetEPRxValid
 .text.Clear_Status_Out
                0x0800b94e       0x20 lib/STM32_USB-FS-Device_Driver/libstm32usb.a(usb_regs.o)
                0x0800b94e                Clear_Status_Out
 .text.ClearDTOG_RX
                0x0800b96e       0x26 lib/STM32_USB-FS-Device_Driver/libstm32usb.a(usb_regs.o)
                0x0800b96e                ClearDTOG_RX
 .text.ClearDTOG_TX
                0x0800b994       0x26 lib/STM32_USB-FS-Device_Driver/libstm32usb.a(usb_regs.o)
                0x0800b994                ClearDTOG_TX
 *fill*         0x0800b9ba        0x2 
 .text.SetEPTxAddr
                0x0800b9bc       0x20 lib/STM32_USB-FS-Device_Driver/libstm32usb.a(usb_regs.o)
                0x0800b9bc                SetEPTxAddr
 .text.SetEPRxAddr
                0x0800b9dc       0x20 lib/STM32_USB-FS-Device_Driver/libstm32usb.a(usb_regs.o)
                0x0800b9dc                SetEPRxAddr
 .text.GetEPTxAddr
                0x0800b9fc       0x20 lib/STM32_USB-FS-Device_Driver/libstm32usb.a(usb_regs.o)
                0x0800b9fc                GetEPTxAddr
 .text.GetEPRxAddr
                0x0800ba1c       0x20 lib/STM32_USB-FS-Device_Driver/libstm32usb.a(usb_regs.o)
                0x0800ba1c                GetEPRxAddr
 .text.SetEPTxCount
                0x0800ba3c       0x1c lib/STM32_USB-FS-Device_Driver/libstm32usb.a(usb_regs.o)
                0x0800ba3c                SetEPTxCount
 .text.SetEPRxCount
                0x0800ba58       0x40 lib/STM32_USB-FS-Device_Driver/libstm32usb.a(usb_regs.o)
                0x0800ba58                SetEPRxCount
 .text.GetEPRxCount
                0x0800ba98       0x20 lib/STM32_USB-FS-Device_Driver/libstm32usb.a(usb_regs.o)
                0x0800ba98                GetEPRxCount
 .text.ByteSwap
                0x0800bab8        0xa lib/STM32_USB-FS-Device_Driver/libstm32usb.a(usb_regs.o)
                0x0800bab8                ByteSwap
 *fill*         0x0800bac2        0x2 
 .text.USB_SIL_Init
                0x0800bac4       0x20 lib/STM32_USB-FS-Device_Driver/libstm32usb.a(usb_sil.o)
                0x0800bac4                USB_SIL_Init
 .text.USB_SIL_Write
                0x0800bae4       0x28 lib/STM32_USB-FS-Device_Driver/libstm32usb.a(usb_sil.o)
                0x0800bae4                USB_SIL_Write
 .text.USB_SIL_Read
                0x0800bb0c       0x24 lib/STM32_USB-FS-Device_Driver/libstm32usb.a(usb_sil.o)
                0x0800bb0c                USB_SIL_Read
 .text.memset   0x0800bb30       0x9c /home/laurence/ARM-GCC/gcc-arm-none-eabi-4_9-2014q4/bin/../lib/gcc/arm-none-eabi/4.9.3/../../../../arm-none-eabi/lib/armv7-m/libg.a(lib_a-memset.o)
                0x0800bb30                memset
 .text._sbrk    0x0800bbcc       0x1c /home/laurence/ARM-GCC/gcc-arm-none-eabi-4_9-2014q4/bin/../lib/gcc/arm-none-eabi/4.9.3/../../../../arm-none-eabi/lib/armv7-m/libnosys.a(sbrk.o)
                0x0800bbcc                _sbrk
 *(.rodata)
 .rodata        0x0800bbe8       0xc8 /tmp/ccEuzbdR.ltrans0.ltrans.o
 .rodata        0x0800bcb0      0x4d0 /tmp/ccEuzbdR.ltrans2.ltrans.o
 .rodata        0x0800c180      0x11c /tmp/ccEuzbdR.ltrans3.ltrans.o
 .rodata        0x0800c29c       0x50 /tmp/ccEuzbdR.ltrans4.ltrans.o
 .rodata        0x0800c2ec        0xc /tmp/ccEuzbdR.ltrans6.ltrans.o
 .rodata        0x0800c2f8       0x80 /tmp/ccEuzbdR.ltrans7.ltrans.o
 *(.rodata*)
 .rodata.str1.4
                0x0800c378        0x6 /tmp/ccEuzbdR.ltrans1.ltrans.o
                                  0x8 (size before relaxing)
 *fill*         0x0800c37e        0x2 
 .rodata.MASS_DeviceDescriptor
                0x0800c380       0x14 /tmp/ccEuzbdR.ltrans3.ltrans.o
 .rodata.str1.4
                0x0800c394      0x117 /tmp/ccEuzbdR.ltrans3.ltrans.o
                                0x118 (size before relaxing)
 *fill*         0x0800c4ab        0x1 
 .rodata.str1.4
                0x0800c4ac      0x325 /tmp/ccEuzbdR.ltrans4.ltrans.o
                                0x32c (size before relaxing)
 *fill*         0x0800c7d1        0x3 
 .rodata.L3GD20_setup
                0x0800c7d4        0x8 /tmp/ccEuzbdR.ltrans5.ltrans.o
 .rodata.str1.4
                0x0800c7dc       0x13 /tmp/ccEuzbdR.ltrans7.ltrans.o
                                 0x14 (size before relaxing)
 *fill*         0x0800c7ef        0x1 
 .rodata.str1.4
                0x0800c7f0       0x4c /tmp/ccEuzbdR.ltrans8.ltrans.o
 .rodata.str1.4
                0x0800c83c        0x2 /home/laurence/ARM-GCC/gcc-arm-none-eabi-4_9-2014q4/bin/../lib/gcc/arm-none-eabi/4.9.3/../../../../arm-none-eabi/lib/armv7-m/libg.a(lib_a-impure.o)
                                  0x4 (size before relaxing)
 *(.glue_7)
 .glue_7        0x00000000        0x0 linker stubs
 *(.glue_7t)
 .glue_7t       0x00000000        0x0 linker stubs
 *(.init)
 *fill*         0x0800c83e        0x2 
 .init          0x0800c840        0x4 /home/laurence/ARM-GCC/gcc-arm-none-eabi-4_9-2014q4/bin/../lib/gcc/arm-none-eabi/4.9.3/armv7-m/crti.o
                0x0800c840                _init
 .init          0x0800c844        0x8 /home/laurence/ARM-GCC/gcc-arm-none-eabi-4_9-2014q4/bin/../lib/gcc/arm-none-eabi/4.9.3/armv7-m/crtn.o
 *(.fini)
 .fini          0x0800c84c        0x4 /home/laurence/ARM-GCC/gcc-arm-none-eabi-4_9-2014q4/bin/../lib/gcc/arm-none-eabi/4.9.3/armv7-m/crti.o
                0x0800c84c                _fini
 .fini          0x0800c850        0x8 /home/laurence/ARM-GCC/gcc-arm-none-eabi-4_9-2014q4/bin/../lib/gcc/arm-none-eabi/4.9.3/armv7-m/crtn.o
                0x0800c858                . = ALIGN (0x4)
                0x0800c858                _etext = .
                0x0800c858                _sidata = _etext

.vfp11_veneer   0x0800c858        0x0
 .vfp11_veneer  0x00000000        0x0 linker stubs

.v4_bx          0x0800c858        0x0
 .v4_bx         0x00000000        0x0 linker stubs

.iplt           0x0800c858        0x0
 .iplt          0x00000000        0x0 /home/laurence/ARM-GCC/gcc-arm-none-eabi-4_9-2014q4/bin/../lib/gcc/arm-none-eabi/4.9.3/armv7-m/crtbegin.o

.rel.dyn        0x0800c858        0x0
 .rel.iplt      0x00000000        0x0 /home/laurence/ARM-GCC/gcc-arm-none-eabi-4_9-2014q4/bin/../lib/gcc/arm-none-eabi/4.9.3/armv7-m/crtbegin.o

.flashpatch     0x00000000        0x0
                0x00000000                . = ALIGN (0x4)
 *(.flashpatch)
                0x00000000                . = ALIGN (0x4)

.endflash       0x00000000        0x0
                0x00000000                . = ALIGN (0x4)
 *(.endflash)
                0x00000000                . = ALIGN (0x4)
                0x00000000                _e_endflash = .

.data           0x20000000      0x9dc load address 0x0800c858
                0x20000000                . = ALIGN (0x4)
                0x20000000                _sdata = .
                0x20000000                _data = .
 *(.data)
 .data          0x20000000        0x8 /tmp/ccEuzbdR.ltrans0.ltrans.o
                0x20000004                Device_Table
 .data          0x20000008        0x1 /tmp/ccEuzbdR.ltrans1.ltrans.o
 *fill*         0x20000009        0x3 
 .data          0x2000000c       0x20 /tmp/ccEuzbdR.ltrans2.ltrans.o
 .data          0x2000002c      0x138 /tmp/ccEuzbdR.ltrans3.ltrans.o
                0x20000080                Device_Property
                0x20000108                pEpInt_IN
                0x20000124                pEpInt_OUT
                0x20000140                User_Standard_Requests
 .data          0x20000164       0x20 /tmp/ccEuzbdR.ltrans5.ltrans.o
 .data          0x20000184        0x4 /tmp/ccEuzbdR.ltrans6.ltrans.o
 *(.data.*)
 .data.__malloc_av_
                0x20000188      0x408 /home/laurence/ARM-GCC/gcc-arm-none-eabi-4_9-2014q4/bin/../lib/gcc/arm-none-eabi/4.9.3/../../../../arm-none-eabi/lib/armv7-m/libg.a(lib_a-mallocr.o)
                0x20000188                __malloc_av_
 .data.__malloc_trim_threshold
                0x20000590        0x4 /home/laurence/ARM-GCC/gcc-arm-none-eabi-4_9-2014q4/bin/../lib/gcc/arm-none-eabi/4.9.3/../../../../arm-none-eabi/lib/armv7-m/libg.a(lib_a-mallocr.o)
                0x20000590                __malloc_trim_threshold
 .data.__malloc_sbrk_base
                0x20000594        0x4 /home/laurence/ARM-GCC/gcc-arm-none-eabi-4_9-2014q4/bin/../lib/gcc/arm-none-eabi/4.9.3/../../../../arm-none-eabi/lib/armv7-m/libg.a(lib_a-mallocr.o)
                0x20000594                __malloc_sbrk_base
 .data.ADCPrescTable
                0x20000598        0x4 lib/STM32F10x_StdPeriph_Driver/libstm32fw.a(stm32f10x_rcc.o)
 .data.APBAHBPrescTable
                0x2000059c       0x10 lib/STM32F10x_StdPeriph_Driver/libstm32fw.a(stm32f10x_rcc.o)
 *fill*         0x200005ac        0x4 
 .data.impure_data
                0x200005b0      0x428 /home/laurence/ARM-GCC/gcc-arm-none-eabi-4_9-2014q4/bin/../lib/gcc/arm-none-eabi/4.9.3/../../../../arm-none-eabi/lib/armv7-m/libg.a(lib_a-impure.o)
 .data._impure_ptr
                0x200009d8        0x4 /home/laurence/ARM-GCC/gcc-arm-none-eabi-4_9-2014q4/bin/../lib/gcc/arm-none-eabi/4.9.3/../../../../arm-none-eabi/lib/armv7-m/libg.a(lib_a-impure.o)
                0x200009d8                _impure_ptr
 *(.RAMtext)
                0x200009dc                . = ALIGN (0x4)
                0x200009dc                _edata = .
                0x0800d234                _eidata = (_sidata + (_edata - _sdata))
                0x08020000                _lastdataromaddress = (ORIGIN (FLASH) + 0x20000)
                0x00000000                toobig = (_eidata > _lastdataromaddress)?!!!!!!!!! FLASH IS FULL !!!!!!!!!:0x0

.igot.plt       0x200009dc        0x0 load address 0x0800d234
 .igot.plt      0x00000000        0x0 /home/laurence/ARM-GCC/gcc-arm-none-eabi-4_9-2014q4/bin/../lib/gcc/arm-none-eabi/4.9.3/armv7-m/crtbegin.o

.bss            0x200009e0      0xf68 load address 0x0800d238
                0x200009e0                . = ALIGN (0x4)
                0x200009e0                _sbss = .
                0x200009e0                _bss = .
 *(.bss)
 .bss           0x200009e0       0x9c /tmp/ccEuzbdR.ltrans0.ltrans.o
 .bss           0x20000a7c       0x94 /tmp/ccEuzbdR.ltrans1.ltrans.o
                0x20000b00                Timer1.lto_priv.8
                0x20000b04                Timer2.lto_priv.9
                0x20000b0d                Sd_Spi_Called_From_USB_MSC
 .bss           0x20000b10       0x34 /tmp/ccEuzbdR.ltrans2.ltrans.o
                0x20000b10                Mass_Block_Count
                0x20000b18                CBW
                0x20000b38                Mass_Block_Size
                0x20000b40                Bot_State
 .bss           0x20000b44       0x98 /tmp/ccEuzbdR.ltrans3.ltrans.o
                0x20000b4c                wIstr
 *fill*         0x20000bdc        0x4 
 .bss           0x20000be0      0x6f0 /tmp/ccEuzbdR.ltrans4.ltrans.o
                0x20001008                bootsource
                0x2000100c                Battery_Voltage
                0x20001264                Silabs_driver_state
                0x2000129b                System_state_Global
                0x2000129c                Shutdown_System
                0x200012a0                Gyro_XY_Rate
                0x200012a4                Gyro_Z_Rate
                0x200012a8                Ind_Voltage
                0x200012ac                Auto_volt
                0x200012b0                Ignition_Selftest
                0x200012b2                AutoSequence
                0x200012b8                I2C1error
                0x200012bc                L3GD20_Data_Buffer
                0x200012c4                Aux_Voltage
                0x200012c8                Gyro_Temperature
                0x200012cc                Auto_spin
 .bss           0x200012d0       0x28 /tmp/ccEuzbdR.ltrans5.ltrans.o
 .bss           0x200012f8        0x8 /tmp/ccEuzbdR.ltrans7.ltrans.o
 .bss           0x20001300      0x5b0 /tmp/ccEuzbdR.ltrans8.ltrans.o
                0x20001300                FATFS_logfile
                0x20001528                print_string
                0x20001628                Usart1_rx_buff
                0x20001634                Gps_Buffer
                0x20001640                FATFS_wavfile_gyro
                0x20001880                Millis
                0x20001884                Jobs
                0x20001888                Completed_Jobs
                0x2000188c                Gyro_x_buffer
                0x20001898                Gyro_y_buffer
                0x200018a4                Gyro_z_buffer
 *(.bss.*)
 .bss.bIntPackSOF
                0x200018b0        0x1 /tmp/ccEuzbdR.ltrans3.ltrans.o
 *fill*         0x200018b1        0x3 
 .bss.Status    0x200018b4        0x4 /tmp/ccEuzbdR.ltrans3.ltrans.o
 .bss.Max_Lun   0x200018b8        0x4 /tmp/ccEuzbdR.ltrans3.ltrans.o
 .bss.Page00_Inquiry_Data
                0x200018bc        0x8 /tmp/ccEuzbdR.ltrans3.ltrans.o
 .bss.bDeviceState
                0x200018c4        0x4 /tmp/ccEuzbdR.ltrans4.ltrans.o
                0x200018c4                bDeviceState
 .bss.file_opened
                0x200018c8        0x1 /tmp/ccEuzbdR.ltrans4.ltrans.o
 .bss.Last_RSSI
                0x200018c9        0x1 /tmp/ccEuzbdR.ltrans4.ltrans.o
                0x200018c9                Last_RSSI
 *fill*         0x200018ca        0x2 
 .bss.__malloc_max_total_mem
                0x200018cc        0x4 /home/laurence/ARM-GCC/gcc-arm-none-eabi-4_9-2014q4/bin/../lib/gcc/arm-none-eabi/4.9.3/../../../../arm-none-eabi/lib/armv7-m/libg.a(lib_a-mallocr.o)
                0x200018cc                __malloc_max_total_mem
 .bss.__malloc_max_sbrked_mem
                0x200018d0        0x4 /home/laurence/ARM-GCC/gcc-arm-none-eabi-4_9-2014q4/bin/../lib/gcc/arm-none-eabi/4.9.3/../../../../arm-none-eabi/lib/armv7-m/libg.a(lib_a-mallocr.o)
                0x200018d0                __malloc_max_sbrked_mem
 .bss.__malloc_top_pad