Archive member included because of file (symbol)

lib/STM32F10x_StdPeriph_Driver/libstm32fw.a(misc.o)
                              interrupts.o (symbol from plugin) (NVIC_PriorityGroupConfig)
lib/STM32F10x_StdPeriph_Driver/libstm32fw.a(stm32f10x_adc.o)
                              adc.o (symbol from plugin) (ADC_DeInit)
lib/STM32F10x_StdPeriph_Driver/libstm32fw.a(stm32f10x_bkp.o)
                              Util/fat_fs/src/rtc.o (symbol from plugin) (BKP_DeInit)
lib/STM32F10x_StdPeriph_Driver/libstm32fw.a(stm32f10x_dbgmcu.o)
                              main.o (symbol from plugin) (DBGMCU_Config)
lib/STM32F10x_StdPeriph_Driver/libstm32fw.a(stm32f10x_dma.o)
                              Silabs/si446x.o (symbol from plugin) (DMA_DeInit)
lib/STM32F10x_StdPeriph_Driver/libstm32fw.a(stm32f10x_exti.o)
                              Silabs/si446x.o (symbol from plugin) (EXTI_DeInit)
lib/STM32F10x_StdPeriph_Driver/libstm32fw.a(stm32f10x_gpio.o)
                              Silabs/si446x.o (symbol from plugin) (GPIO_Init)
lib/STM32F10x_StdPeriph_Driver/libstm32fw.a(stm32f10x_i2c.o)
                              i2c_int.o (symbol from plugin) (I2C_DeInit)
lib/STM32F10x_StdPeriph_Driver/libstm32fw.a(stm32f10x_iwdg.o)
                              watchdog.o (symbol from plugin) (IWDG_WriteAccessCmd)
lib/STM32F10x_StdPeriph_Driver/libstm32fw.a(stm32f10x_pwr.o)
                              pwr.o (symbol from plugin) (PWR_DeInit)
lib/STM32F10x_StdPeriph_Driver/libstm32fw.a(stm32f10x_rcc.o)
                              interrupts.o (symbol from plugin) (RCC_HCLKConfig)
lib/STM32F10x_StdPeriph_Driver/libstm32fw.a(stm32f10x_rtc.o)
                              Util/fat_fs/src/rtc.o (symbol from plugin) (RTC_GetCounter)
lib/STM32F10x_StdPeriph_Driver/libstm32fw.a(stm32f10x_spi.o)
                              Util/fat_fs/src/sd_spi_stm32.o (symbol from plugin) (SPI_I2S_DeInit)
lib/STM32F10x_StdPeriph_Driver/libstm32fw.a(stm32f10x_tim.o)
                              pwm.o (symbol from plugin) (TIM_TimeBaseInit)
lib/STM32F10x_StdPeriph_Driver/libstm32fw.a(stm32f10x_usart.o)
                              usart.o (symbol from plugin) (USART_DeInit)
lib/STM32_USB-FS-Device_Driver/libstm32usb.a(usb_core.o)
                              Util/USB/usb_prop.o (symbol from plugin) (Standard_GetDescriptorData)
lib/STM32_USB-FS-Device_Driver/libstm32usb.a(usb_init.o)
                              main.o (symbol from plugin) (USB_Init)
lib/STM32_USB-FS-Device_Driver/libstm32usb.a(usb_int.o)
                              Util/USB/usb_istr.o (symbol from plugin) (CTR_LP)
lib/STM32_USB-FS-Device_Driver/libstm32usb.a(usb_mem.o)
                              lib/STM32_USB-FS-Device_Driver/libstm32usb.a(usb_core.o) (UserToPMABufferCopy)
lib/STM32_USB-FS-Device_Driver/libstm32usb.a(usb_regs.o)
                              Util/USB/usb_prop.o (symbol from plugin) (SetBTABLE)
lib/STM32_USB-FS-Device_Driver/libstm32usb.a(usb_sil.o)
                              Util/USB/usb_prop.o (symbol from plugin) (USB_SIL_Init)
/home/laurence/ARM-GCC/bin/../lib/gcc/arm-none-eabi/4.7.4/../../../../arm-none-eabi/lib/armv7-m/libc.a(lib_a-__atexit.o)
                              /home/laurence/ARM-GCC/bin/../lib/gcc/arm-none-eabi/4.7.4/../../../../arm-none-eabi/lib/armv7-m/crt0.o (__register_exitproc)
/home/laurence/ARM-GCC/bin/../lib/gcc/arm-none-eabi/4.7.4/../../../../arm-none-eabi/lib/armv7-m/libc.a(lib_a-exit.o)
                              /home/laurence/ARM-GCC/bin/../lib/gcc/arm-none-eabi/4.7.4/../../../../arm-none-eabi/lib/armv7-m/crt0.o (exit)
/home/laurence/ARM-GCC/bin/../lib/gcc/arm-none-eabi/4.7.4/../../../../arm-none-eabi/lib/armv7-m/libc.a(lib_a-fini.o)
                              /home/laurence/ARM-GCC/bin/../lib/gcc/arm-none-eabi/4.7.4/../../../../arm-none-eabi/lib/armv7-m/crt0.o (__libc_fini_array)
/home/laurence/ARM-GCC/bin/../lib/gcc/arm-none-eabi/4.7.4/../../../../arm-none-eabi/lib/armv7-m/libc.a(lib_a-impure.o)
                              /home/laurence/ARM-GCC/bin/../lib/gcc/arm-none-eabi/4.7.4/../../../../arm-none-eabi/lib/armv7-m/libc.a(lib_a-__atexit.o) (_global_impure_ptr)
/home/laurence/ARM-GCC/bin/../lib/gcc/arm-none-eabi/4.7.4/../../../../arm-none-eabi/lib/armv7-m/libc.a(lib_a-init.o)
                              /home/laurence/ARM-GCC/bin/../lib/gcc/arm-none-eabi/4.7.4/../../../../arm-none-eabi/lib/armv7-m/crt0.o (__libc_init_array)
/home/laurence/ARM-GCC/bin/../lib/gcc/arm-none-eabi/4.7.4/../../../../arm-none-eabi/lib/armv7-m/libc.a(lib_a-memset.o)
                              /home/laurence/ARM-GCC/bin/../lib/gcc/arm-none-eabi/4.7.4/../../../../arm-none-eabi/lib/armv7-m/crt0.o (memset)
/home/laurence/ARM-GCC/bin/../lib/gcc/arm-none-eabi/4.7.4/../../../../arm-none-eabi/lib/armv7-m/libc.a(lib_a-__call_atexit.o)
                              /home/laurence/ARM-GCC/bin/../lib/gcc/arm-none-eabi/4.7.4/../../../../arm-none-eabi/lib/armv7-m/libc.a(lib_a-exit.o) (__call_exitprocs)
[...]
Memory Configuration

Name             Origin             Length             Attributes
RAM              0x20000000         0x00005000         xrw
FLASH            0x08000000         0x00020000         xr
FLASHB1          0x00000000         0x00000000         xr
EXTMEMB0         0x00000000         0x00000000         xr
EXTMEMB1         0x00000000         0x00000000         xr
EXTMEMB2         0x00000000         0x00000000         xr
EXTMEMB3         0x00000000         0x00000000         xr
STARTFLASH       0x00000000         0xffffffff
CRPPATCH         0x00000000         0xffffffff
FLASHPATCH       0x00000000         0xffffffff
ENDFLASH         0x00000000         0xffffffff
*default*        0x00000000         0xffffffff

Linker script and memory map

LOAD /home/laurence/ARM-GCC/bin/../lib/gcc/arm-none-eabi/4.7.4/armv7-m/crti.o
LOAD /home/laurence/ARM-GCC/bin/../lib/gcc/arm-none-eabi/4.7.4/armv7-m/crtbegin.o
LOAD /home/laurence/ARM-GCC/bin/../lib/gcc/arm-none-eabi/4.7.4/../../../../arm-none-eabi/lib/armv7-m/crt0.o
LOAD Silabs/si446x.o
LOAD /tmp/ccZU6Yqk.ltrans0.ltrans.o
LOAD /tmp/ccZU6Yqk.ltrans1.ltrans.o
LOAD /tmp/ccZU6Yqk.ltrans2.ltrans.o
LOAD /tmp/ccZU6Yqk.ltrans3.ltrans.o
LOAD /tmp/ccZU6Yqk.ltrans4.ltrans.o
LOAD /tmp/ccZU6Yqk.ltrans5.ltrans.o
LOAD /tmp/ccZU6Yqk.ltrans6.ltrans.o
LOAD /tmp/ccZU6Yqk.ltrans7.ltrans.o
LOAD /tmp/ccZU6Yqk.ltrans8.ltrans.o
LOAD /tmp/ccZU6Yqk.ltrans9.ltrans.o
LOAD /home/laurence/ARM-GCC/bin/../lib/gcc/arm-none-eabi/4.7.4/armv7-m/libgcc.a
LOAD /home/laurence/ARM-GCC/bin/../lib/gcc/arm-none-eabi/4.7.4/../../../../arm-none-eabi/lib/armv7-m/libc.a
LOAD Ublox/ubx.o
LOAD Util/USB/hw_config.o
LOAD Util/USB/mass_mal.o
LOAD Util/USB/memory.o
LOAD Util/USB/scsi_data.o
LOAD Util/USB/usb_bot.o
LOAD Util/USB/usb_desc.o
LOAD Util/USB/usb_endp.o
LOAD Util/USB/usb_istr.o
LOAD Util/USB/usb_prop.o
LOAD Util/USB/usb_pwr.o
LOAD Util/USB/usb_scsi.o
LOAD Util/buffer.o
LOAD Util/crc.o
LOAD Util/delay.o
LOAD Util/fat_fs/option/ccsbcs.o
LOAD Util/fat_fs/src/fattime.o
LOAD Util/fat_fs/src/ff.o
LOAD Util/fat_fs/src/rtc.o
LOAD Util/fat_fs/src/sd_spi_stm32.o
LOAD Util/polygon.o
LOAD Util/rprintf.o
LOAD Util/wave.o
LOAD adc.o
LOAD dma.o
LOAD gpio.o
LOAD i2c_int.o
LOAD interrupts.o
LOAD lib/CMSIS_CM3/core_cm3.o
LOAD lib/CMSIS_CM3/startup/gcc/startup_stm32f10x_md.o
LOAD lib/CMSIS_CM3/system_stm32f10x.o
LOAD main.o
LOAD pwm.o
LOAD pwr.o
LOAD usart.o
LOAD watchdog.o
LOAD lib/STM32F10x_StdPeriph_Driver/libstm32fw.a
LOAD lib/STM32_USB-FS-Device_Driver/libstm32usb.a
LOAD /home/laurence/ARM-GCC/bin/../lib/gcc/arm-none-eabi/4.7.4/../../../../arm-none-eabi/lib/armv7-m/libm.a
LOAD /home/laurence/ARM-GCC/bin/../lib/gcc/arm-none-eabi/4.7.4/../../../../arm-none-eabi/lib/armv7-m/libnosys.a
START GROUP
LOAD /home/laurence/ARM-GCC/bin/../lib/gcc/arm-none-eabi/4.7.4/armv7-m/libgcc.a
LOAD /home/laurence/ARM-GCC/bin/../lib/gcc/arm-none-eabi/4.7.4/../../../../arm-none-eabi/lib/armv7-m/libc.a
END GROUP
LOAD /home/laurence/ARM-GCC/bin/../lib/gcc/arm-none-eabi/4.7.4/armv7-m/crtend.o
LOAD /home/laurence/ARM-GCC/bin/../lib/gcc/arm-none-eabi/4.7.4/armv7-m/crtn.o
                0x00002000                __Stack_Size = 0x2000
                0x00002000                PROVIDE (_Stack_Size, __Stack_Size)
                0x20003000                __Stack_Init = (_estack - __Stack_Size)
                0x20003000                PROVIDE (_Stack_Init, __Stack_Init)
                0x00002000                _Minimum_Stack_Size = 0x2000
                0x00000000                PROVIDE (Undefined_Handler, 0x0)
                0x00000000                PROVIDE (SWI_Handler, 0x0)
                0x00000000                PROVIDE (IRQ_Handler, 0x0)
                0x00000000                PROVIDE (Prefetch_Handler, 0x0)
                0x00000000                PROVIDE (Abort_Handler, 0x0)
                0x00000000                PROVIDE (FIQ_Handler, 0x0)
                0x00000000                PROVIDE (NMIException, 0x0)
                0x00000000                PROVIDE (NMI_Handler, 0x0)
                0x00000000                PROVIDE (HardFaultException, 0x0)
                0x00000000                PROVIDE (HardFault_Handler, 0x0)
                0x00000000                PROVIDE (MemManageException, 0x0)
                0x00000000                PROVIDE (MemManage_Handler, 0x0)
                0x00000000                PROVIDE (BusFaultException, 0x0)
                0x00000000                PROVIDE (BusFault_Handler, 0x0)
                0x00000000                PROVIDE (UsageFaultException, 0x0)
                0x00000000                PROVIDE (UsageFault_Handler, 0x0)
                0x00000000                PROVIDE (SVCHandler, 0x0)
                0x00000000                PROVIDE (SVC_Handler, 0x0)
                0x00000000                PROVIDE (DebugMonitor, 0x0)
                0x00000000                PROVIDE (DebugMon_Handler, 0x0)
                0x00000000                PROVIDE (PendSVC, 0x0)
                0x00000000                PROVIDE (PendSV_Handler, 0x0)
                0x00000000                PROVIDE (SysTickHandler, 0x0)
                0x00000000                PROVIDE (SysTick_Handler, 0x0)
                0x00000000                PROVIDE (WWDG_IRQHandler, 0x0)
                0x00000000                PROVIDE (PVD_IRQHandler, 0x0)
                0x00000000                PROVIDE (TAMPER_IRQHandler, 0x0)
                0x00000000                PROVIDE (RTC_IRQHandler, 0x0)
                0x00000000                PROVIDE (FLASH_IRQHandler, 0x0)
                0x00000000                PROVIDE (RCC_IRQHandler, 0x0)
                0x00000000                PROVIDE (EXTI0_IRQHandler, 0x0)
                0x00000000                PROVIDE (EXTI1_IRQHandler, 0x0)
                0x00000000                PROVIDE (EXTI2_IRQHandler, 0x0)
                0x00000000                PROVIDE (EXTI3_IRQHandler, 0x0)
                0x00000000                PROVIDE (EXTI4_IRQHandler, 0x0)
                0x00000000                PROVIDE (DMAChannel1_IRQHandler, 0x0)
                0x00000000                PROVIDE (DMAChannel2_IRQHandler, 0x0)
                0x00000000                PROVIDE (DMAChannel3_IRQHandler, 0x0)
                0x00000000                PROVIDE (DMAChannel4_IRQHandler, 0x0)
                0x00000000                PROVIDE (DMAChannel5_IRQHandler, 0x0)
                0x00000000                PROVIDE (DMAChannel6_IRQHandler, 0x0)
                0x00000000                PROVIDE (DMAChannel7_IRQHandler, 0x0)
                0x00000000                PROVIDE (DMA1_Channel1_IRQHandler, 0x0)
                0x00000000                PROVIDE (DMA1_Channel2_IRQHandler, 0x0)
                0x00000000                PROVIDE (DMA1_Channel3_IRQHandler, 0x0)
                0x00000000                PROVIDE (DMA1_Channel4_IRQHandler, 0x0)
                0x00000000                PROVIDE (DMA1_Channel5_IRQHandler, 0x0)
                0x00000000                PROVIDE (DMA1_Channel6_IRQHandler, 0x0)
                0x00000000                PROVIDE (DMA1_Channel7_IRQHandler, 0x0)
                0x00000000                PROVIDE (ADC_IRQHandler, 0x0)
                0x00000000                PROVIDE (ADC1_2_IRQHandler, 0x0)
                0x00000000                PROVIDE (USB_HP_CAN_TX_IRQHandler, 0x0)
                0x00000000                PROVIDE (USB_HP_CAN1_TX_IRQHandler, 0x0)
                0x00000000                PROVIDE (USB_LP_CAN_RX0_IRQHandler, 0x0)
                0x00000000                PROVIDE (USB_LP_CAN1_RX0_IRQHandler, 0x0)
                0x00000000                PROVIDE (CAN_RX1_IRQHandler, 0x0)
                0x00000000                PROVIDE (CAN1_RX1_IRQHandler, 0x0)
                0x00000000                PROVIDE (CAN_SCE_IRQHandler, 0x0)
                0x00000000                PROVIDE (CAN1_SCE_IRQHandler, 0x0)
                0x00000000                PROVIDE (EXTI9_5_IRQHandler, 0x0)
                0x00000000                PROVIDE (TIM1_BRK_IRQHandler, 0x0)
                0x00000000                PROVIDE (TIM1_UP_IRQHandler, 0x0)
                0x00000000                PROVIDE (TIM1_TRG_COM_IRQHandler, 0x0)
                0x00000000                PROVIDE (TIM1_CC_IRQHandler, 0x0)
                0x00000000                PROVIDE (TIM2_IRQHandler, 0x0)
                0x00000000                PROVIDE (TIM3_IRQHandler, 0x0)
                0x00000000                PROVIDE (TIM4_IRQHandler, 0x0)
                0x00000000                PROVIDE (I2C1_EV_IRQHandler, 0x0)
                0x00000000                PROVIDE (I2C1_ER_IRQHandler, 0x0)
                0x00000000                PROVIDE (I2C2_EV_IRQHandler, 0x0)
                0x00000000                PROVIDE (I2C2_ER_IRQHandler, 0x0)
                0x00000000                PROVIDE (SPI1_IRQHandler, 0x0)
                0x00000000                PROVIDE (SPI2_IRQHandler, 0x0)
                0x00000000                PROVIDE (USART1_IRQHandler, 0x0)
                0x00000000                PROVIDE (USART2_IRQHandler, 0x0)
                0x00000000                PROVIDE (USART3_IRQHandler, 0x0)
                0x00000000                PROVIDE (EXTI15_10_IRQHandler, 0x0)
                0x00000000                PROVIDE (RTCAlarm_IRQHandler, 0x0)
                0x00000000                PROVIDE (USBWakeUp_IRQHandler, 0x0)
                0x00000000                PROVIDE (TIM8_BRK_IRQHandler, 0x0)
                0x00000000                PROVIDE (TIM8_UP_IRQHandler, 0x0)
                0x00000000                PROVIDE (TIM8_TRG_COM_IRQHandler, 0x0)
                0x00000000                PROVIDE (TIM8_CC_IRQHandler, 0x0)
                0x00000000                PROVIDE (ADC3_IRQHandler, 0x0)
                0x00000000                PROVIDE (FSMC_IRQHandler, 0x0)
                0x00000000                PROVIDE (SDIO_IRQHandler, 0x0)
                0x00000000                PROVIDE (TIM5_IRQHandler, 0x0)
                0x00000000                PROVIDE (SPI3_IRQHandler, 0x0)
                0x00000000                PROVIDE (UART4_IRQHandler, 0x0)
                0x00000000                PROVIDE (UART5_IRQHandler, 0x0)
                0x00000000                PROVIDE (TIM6_IRQHandler, 0x0)
                0x00000000                PROVIDE (TIM7_IRQHandler, 0x0)
                0x00000000                PROVIDE (DMA2_Channel1_IRQHandler, 0x0)
                0x00000000                PROVIDE (DMA2_Channel2_IRQHandler, 0x0)
                0x00000000                PROVIDE (DMA2_Channel3_IRQHandler, 0x0)
                0x00000000                PROVIDE (DMA2_Channel4_5_IRQHandler, 0x0)
                0x42000000                PERIPH_BB_BASE = 0x42000000
                0x22000000                SRAM_BB_BASE = 0x22000000
                0x20000000                SRAM_BASE = 0x20000000
                0x40000000                PERIPH_BASE = 0x40000000
                0x40022000                PROVIDE (FLASH_BASE, 0x40022000)
                0x1ffff800                PROVIDE (OB_BASE, 0x1ffff800)
                0x40000000                APB1PERIPH_BASE = PERIPH_BASE
                0x40010000                APB2PERIPH_BASE = (PERIPH_BASE + 0x10000)
                0x40020000                AHBPERIPH_BASE = (PERIPH_BASE + 0x20000)
                0x40000000                PROVIDE (TIM2, (APB1PERIPH_BASE + 0x0))
                0x40000400                PROVIDE (TIM3, (APB1PERIPH_BASE + 0x400))
                0x40000800                PROVIDE (TIM4, (APB1PERIPH_BASE + 0x800))
                0x40002800                PROVIDE (RTC, (APB1PERIPH_BASE + 0x2800))
                0x40002c00                PROVIDE (WWDG, (APB1PERIPH_BASE + 0x2c00))
                0x40003000                PROVIDE (IWDG, (APB1PERIPH_BASE + 0x3000))
                0x40003800                PROVIDE (SPI2, (APB1PERIPH_BASE + 0x3800))
                0x40004400                PROVIDE (USART2, (APB1PERIPH_BASE + 0x4400))
                0x40004800                PROVIDE (USART3, (APB1PERIPH_BASE + 0x4800))
                0x40005400                PROVIDE (I2C1, (APB1PERIPH_BASE + 0x5400))
                0x40005800                PROVIDE (I2C2, (APB1PERIPH_BASE + 0x5800))
                0x40006400                PROVIDE (CAN, (APB1PERIPH_BASE + 0x6400))
                0x40006c00                PROVIDE (BKP, (APB1PERIPH_BASE + 0x6c00))
                0x40007000                PROVIDE (PWR, (APB1PERIPH_BASE + 0x7000))
                0x40010000                PROVIDE (AFIO, (APB2PERIPH_BASE + 0x0))
                0x40010400                PROVIDE (EXTI, (APB2PERIPH_BASE + 0x400))
                0x40010800                PROVIDE (GPIOA, (APB2PERIPH_BASE + 0x800))
                0x40010c00                PROVIDE (GPIOB, (APB2PERIPH_BASE + 0xc00))
                0x40011000                PROVIDE (GPIOC, (APB2PERIPH_BASE + 0x1000))
                0x40011400                PROVIDE (GPIOD, (APB2PERIPH_BASE + 0x1400))
                0x40011800                PROVIDE (GPIOE, (APB2PERIPH_BASE + 0x1800))
                0x40012400                PROVIDE (ADC1, (APB2PERIPH_BASE + 0x2400))
                0x40012800                PROVIDE (ADC2, (APB2PERIPH_BASE + 0x2800))
                0x40012c00                PROVIDE (TIM1, (APB2PERIPH_BASE + 0x2c00))
                0x40013000                PROVIDE (SPI1, (APB2PERIPH_BASE + 0x3000))
                0x40013800                PROVIDE (USART1, (APB2PERIPH_BASE + 0x3800))
                0x40020000                PROVIDE (DMA, (AHBPERIPH_BASE + 0x0))
                0x40020008                PROVIDE (DMA_Channel1, (AHBPERIPH_BASE + 0x8))
                0x4002001c                PROVIDE (DMA_Channel2, (AHBPERIPH_BASE + 0x1c))
                0x40020030                PROVIDE (DMA_Channel3, (AHBPERIPH_BASE + 0x30))
                0x40020044                PROVIDE (DMA_Channel4, (AHBPERIPH_BASE + 0x44))
                0x40020058                PROVIDE (DMA_Channel5, (AHBPERIPH_BASE + 0x58))
                0x4002006c                PROVIDE (DMA_Channel6, (AHBPERIPH_BASE + 0x6c))
                0x40020080                PROVIDE (DMA_Channel7, (AHBPERIPH_BASE + 0x80))
                0x40021000                PROVIDE (RCC, (AHBPERIPH_BASE + 0x1000))
                0xe000e000                SCS_BASE = 0xe000e000
                0xe000e010                PROVIDE (SysTick, (SCS_BASE + 0x10))
                0xe000e100                PROVIDE (NVIC, (SCS_BASE + 0x100))
                0xe000ed00                PROVIDE (SCB, (SCS_BASE + 0xd00))
                0x20005000                PROVIDE (_estack, (ORIGIN (RAM) + 0x5000))

.isr_vector     0x08000000      0x10c
                0x08000000                . = ALIGN (0x4)
 *(.isr_vector)
 .isr_vector    0x08000000      0x10c lib/CMSIS_CM3/startup/gcc/startup_stm32f10x_md.o
                0x08000000                g_pfnVectors
                0x0800010c                . = ALIGN (0x4)

.flash_start    0x00000000        0x0
                0x00000000                . = ALIGN (0x4)
 *(.flash_start)
 *(.flash_start.*)
                0x00000000                . = ALIGN (0x4)

.crp_patch      0x00000000        0x0
                0x00000000                . = ALIGN (0x4)
 *(.crp_patch)
                0x00000000                . = ALIGN (0x4)

.flashtext      0x0800010c        0x0
                0x0800010c                . = ALIGN (0x4)
 *(.flashtext)
                0x0800010c                . = ALIGN (0x4)

.text           0x08000110     0xbbe8
                0x08000110                . = ALIGN (0x4)
 *(.text)
 .text          0x08000110      0x370 /home/laurence/ARM-GCC/bin/../lib/gcc/arm-none-eabi/4.7.4/armv7-m/libgcc.a(_arm_addsubdf3.o)
                0x08000110                __aeabi_drsub
                0x08000118                __aeabi_dsub
                0x08000118                __subdf3
                0x0800011c                __adddf3
                0x0800011c                __aeabi_dadd
                0x08000394                __aeabi_ui2d
                0x08000394                __floatunsidf
                0x080003b4                __floatsidf
                0x080003b4                __aeabi_i2d
                0x080003d8                __extendsfdf2
                0x080003d8                __aeabi_f2d
                0x08000414                __aeabi_ul2d
                0x08000414                __floatundidf
                0x08000424                __floatdidf
                0x08000424                __aeabi_l2d
 .text          0x08000480      0x424 /home/laurence/ARM-GCC/bin/../lib/gcc/arm-none-eabi/4.7.4/armv7-m/libgcc.a(_arm_muldivdf3.o)
                0x08000480                __aeabi_dmul
                0x08000480                __muldf3
                0x080006d4                __aeabi_ddiv
                0x080006d4                __divdf3
 .text          0x080008a4      0x110 /home/laurence/ARM-GCC/bin/../lib/gcc/arm-none-eabi/4.7.4/armv7-m/libgcc.a(_arm_cmpdf2.o)
                0x080008a4                __gtdf2
                0x080008a4                __gedf2
                0x080008ac                __ltdf2
                0x080008ac                __ledf2
                0x080008b4                __cmpdf2
                0x080008b4                __eqdf2
                0x080008b4                __nedf2
                0x08000930                __aeabi_cdrcmple
                0x08000940                __aeabi_cdcmple
                0x08000940                __aeabi_cdcmpeq
                0x08000950                __aeabi_dcmpeq
                0x08000964                __aeabi_dcmplt
                0x08000978                __aeabi_dcmple
                0x0800098c                __aeabi_dcmpge
                0x080009a0                __aeabi_dcmpgt
 .text          0x080009b4       0x40 /home/laurence/ARM-GCC/bin/../lib/gcc/arm-none-eabi/4.7.4/armv7-m/libgcc.a(_arm_fixunsdfsi.o)
                0x080009b4                __fixunsdfsi
                0x080009b4                __aeabi_d2uiz
 .text          0x080009f4       0xa0 /home/laurence/ARM-GCC/bin/../lib/gcc/arm-none-eabi/4.7.4/armv7-m/libgcc.a(_arm_truncdfsf2.o)
                0x080009f4                __aeabi_d2f
                0x080009f4                __truncdfsf2
 .text          0x08000a94      0x21c /home/laurence/ARM-GCC/bin/../lib/gcc/arm-none-eabi/4.7.4/armv7-m/libgcc.a(_arm_addsubsf3.o)
                0x08000a94                __aeabi_frsub
                0x08000a9c                __subsf3
                0x08000a9c                __aeabi_fsub
                0x08000aa0                __aeabi_fadd
                0x08000aa0                __addsf3
                0x08000c00                __aeabi_ui2f
                0x08000c00                __floatunsisf
                0x08000c08                __aeabi_i2f
                0x08000c08                __floatsisf
                0x08000c24                __floatundisf
                0x08000c24                __aeabi_ul2f
                0x08000c34                __floatdisf
                0x08000c34                __aeabi_l2f
 .text          0x08000cb0      0x2a0 /home/laurence/ARM-GCC/bin/../lib/gcc/arm-none-eabi/4.7.4/armv7-m/libgcc.a(_arm_muldivsf3.o)
                0x08000cb0                __mulsf3
                0x08000cb0                __aeabi_fmul
                0x08000e18                __divsf3
                0x08000e18                __aeabi_fdiv
 .text          0x08000f50       0xec /home/laurence/ARM-GCC/bin/../lib/gcc/arm-none-eabi/4.7.4/armv7-m/libgcc.a(_arm_cmpsf2.o)
                0x08000f50                __gtsf2
                0x08000f50                __gesf2
                0x08000f58                __lesf2
                0x08000f58                __ltsf2
                0x08000f60                __nesf2
                0x08000f60                __eqsf2
                0x08000f60                __cmpsf2
                0x08000fc0                __aeabi_cfrcmple
                0x08000fc8                __aeabi_cfcmple
                0x08000fc8                __aeabi_cfcmpeq
                0x08000fd8                __aeabi_fcmpeq
                0x08000fec                __aeabi_fcmplt
                0x08001000                __aeabi_fcmple
                0x08001014                __aeabi_fcmpge
                0x08001028                __aeabi_fcmpgt
 .text          0x0800103c       0x40 /home/laurence/ARM-GCC/bin/../lib/gcc/arm-none-eabi/4.7.4/armv7-m/libgcc.a(_arm_fixunssfsi.o)
                0x0800103c                __aeabi_f2uiz
                0x0800103c                __fixunssfsi
 *(.text.*)
 *fill*         0x0800107c        0x4 00
 .text.startup.main
                0x08001080     0x1cd0 /tmp/ccZU6Yqk.ltrans0.ltrans.o
                0x08001080                main
 .text.atoiRamRom.4165
                0x08002d50       0x20 /tmp/ccZU6Yqk.ltrans1.ltrans.o
 .text.Resume_Init.4277
                0x08002d70       0x30 /tmp/ccZU6Yqk.ltrans1.ltrans.o
 .text.Get_Max_Lun
                0x08002da0       0x18 /tmp/ccZU6Yqk.ltrans1.ltrans.o
                0x08002da0                Get_Max_Lun
 .text.MASS_Get_Interface_Setting
                0x08002db8        0xc /tmp/ccZU6Yqk.ltrans1.ltrans.o
                0x08002db8                MASS_Get_Interface_Setting
 .text.MASS_Status_Out
                0x08002dc4        0x2 /tmp/ccZU6Yqk.ltrans1.ltrans.o
                0x08002dc4                MASS_Status_Out
 .text.MASS_Status_In
                0x08002dc6        0x2 /tmp/ccZU6Yqk.ltrans1.ltrans.o
                0x08002dc6                MASS_Status_In
 .text.Mass_Storage_SetDeviceAddress
                0x08002dc8        0xc /tmp/ccZU6Yqk.ltrans1.ltrans.o
                0x08002dc8                Mass_Storage_SetDeviceAddress
 .text.__usart_send_char
                0x08002dd4       0x1c /tmp/ccZU6Yqk.ltrans1.ltrans.o
                0x08002dd4                __usart_send_char
 .text.__str_print_char
                0x08002df0       0x2c /tmp/ccZU6Yqk.ltrans1.ltrans.o
                0x08002df0                __str_print_char
 .text.stm32_dma_transfer.5713.4147
                0x08002e1c       0xcc /tmp/ccZU6Yqk.ltrans1.ltrans.o
 .text.MASS_Reset
                0x08002ee8       0xe0 /tmp/ccZU6Yqk.ltrans1.ltrans.o
                0x08002ee8                MASS_Reset
 .text.Mass_Storage_SetConfiguration
                0x08002fc8       0x30 /tmp/ccZU6Yqk.ltrans1.ltrans.o
                0x08002fc8                Mass_Storage_SetConfiguration
 .text.MASS_NoData_Setup
                0x08002ff8       0x4c /tmp/ccZU6Yqk.ltrans1.ltrans.o
                0x08002ff8                MASS_NoData_Setup
 .text.MASS_GetDeviceDescriptor
                0x08003044        0xc /tmp/ccZU6Yqk.ltrans1.ltrans.o
                0x08003044                MASS_GetDeviceDescriptor
 .text.MASS_GetConfigDescriptor
                0x08003050        0xc /tmp/ccZU6Yqk.ltrans1.ltrans.o
                0x08003050                MASS_GetConfigDescriptor
 .text.MASS_GetStringDescriptor
                0x0800305c       0x20 /tmp/ccZU6Yqk.ltrans1.ltrans.o
                0x0800305c                MASS_GetStringDescriptor
 .text.__gps_send_char
                0x0800307c       0x1c /tmp/ccZU6Yqk.ltrans1.ltrans.o
                0x0800307c                __gps_send_char
 .text.Usart_Send_Str
                0x08003098       0x16 /tmp/ccZU6Yqk.ltrans1.ltrans.o
                0x08003098                Usart_Send_Str
 *fill*         0x080030ae        0x2 00
 .text.power_on.5700
                0x080030b0       0xfc /tmp/ccZU6Yqk.ltrans1.ltrans.o
                0x080030b0                power_on.5700
 .text.Timer_GPIO_Enable
                0x080031ac       0x24 /tmp/ccZU6Yqk.ltrans1.ltrans.o
                0x080031ac                Timer_GPIO_Enable
 .text.Timer_GPIO_Disable
                0x080031d0       0x24 /tmp/ccZU6Yqk.ltrans1.ltrans.o
                0x080031d0                Timer_GPIO_Disable
 .text.shutdown
                0x080031f4       0x10 /tmp/ccZU6Yqk.ltrans1.ltrans.o
                0x080031f4                shutdown
 .text.si446x_busy_wait_send_receive
                0x08003204      0x100 /tmp/ccZU6Yqk.ltrans1.ltrans.o
                0x08003204                si446x_busy_wait_send_receive
 .text.NVIC_SystemReset.6774
                0x08003304       0x20 /tmp/ccZU6Yqk.ltrans1.ltrans.o
                0x08003304                NVIC_SystemReset.6774
 .text.I2C1_Request_Job
                0x08003324       0x78 /tmp/ccZU6Yqk.ltrans1.ltrans.o
                0x08003324                I2C1_Request_Job
 .text.rprintfChar
                0x0800339c       0x1c /tmp/ccZU6Yqk.ltrans1.ltrans.o
                0x0800339c                rprintfChar
 .text.rprintf2RamRom
                0x080033b8      0x404 /tmp/ccZU6Yqk.ltrans1.ltrans.o
                0x080033b8                rprintf2RamRom
 .text.stm32_spi_rw.5702
                0x080037bc       0x24 /tmp/ccZU6Yqk.ltrans1.ltrans.o
                0x080037bc                stm32_spi_rw.5702
 .text.rcvr_spi.5705
                0x080037e0        0x6 /tmp/ccZU6Yqk.ltrans1.ltrans.o
                0x080037e0                rcvr_spi.5705
 *fill*         0x080037e6        0x2 00
 .text.release_spi
                0x080037e8       0x18 /tmp/ccZU6Yqk.ltrans1.ltrans.o
                0x080037e8                release_spi
 .text.rcvr_datablock
                0x08003800       0x54 /tmp/ccZU6Yqk.ltrans1.ltrans.o
                0x08003800                rcvr_datablock
 .text.xmit_datablock.part.1.5718
                0x08003854       0x2c /tmp/ccZU6Yqk.ltrans1.ltrans.o
                0x08003854                xmit_datablock.part.1.5718
 .text.wait_ready.5707
                0x08003880       0x24 /tmp/ccZU6Yqk.ltrans1.ltrans.o
                0x08003880                wait_ready.5707
 .text.send_cmd.5709
                0x080038a4       0xbc /tmp/ccZU6Yqk.ltrans1.ltrans.o
                0x080038a4                send_cmd.5709
 .text.disk_read
                0x08003960       0xa0 /tmp/ccZU6Yqk.ltrans1.ltrans.o
                0x08003960                disk_read
 .text.Read_Memory
                0x08003a00      0x154 /tmp/ccZU6Yqk.ltrans1.ltrans.o
                0x08003a00                Read_Memory
 .text.check_fs.5362
                0x08003b54       0x88 /tmp/ccZU6Yqk.ltrans1.ltrans.o
                0x08003b54                check_fs.5362
 .text.counter_to_struct.5616
                0x08003bdc       0xa8 /tmp/ccZU6Yqk.ltrans1.ltrans.o
                0x08003bdc                counter_to_struct.5616
 .text.isDST.5598
                0x08003c84       0x2a /tmp/ccZU6Yqk.ltrans1.ltrans.o
                0x08003c84                isDST.5598
 *fill*         0x08003cae        0x2 00
 .text.rtc_gettime
                0x08003cb0       0x74 /tmp/ccZU6Yqk.ltrans1.ltrans.o
                0x08003cb0                rtc_gettime
 .text.get_fattime
                0x08003d24       0x40 /tmp/ccZU6Yqk.ltrans1.ltrans.o
                0x08003d24                get_fattime
 .text.clust2sect
                0x08003d64       0x18 /tmp/ccZU6Yqk.ltrans1.ltrans.o
                0x08003d64                clust2sect
 .text.mem_cpy.5286
                0x08003d7c       0x12 /tmp/ccZU6Yqk.ltrans1.ltrans.o
                0x08003d7c                mem_cpy.5286
 *fill*         0x08003d8e        0x2 00
 .text.ff_convert.part.0.5219
                0x08003d90       0x24 /tmp/ccZU6Yqk.ltrans1.ltrans.o
                0x08003d90                ff_convert.part.0.5219
 .text.Delay    0x08003db4       0x1a /tmp/ccZU6Yqk.ltrans1.ltrans.o
                0x08003db4                Delay
 *fill*         0x08003dce        0x2 00
 .text.I2C_Config
                0x08003dd0      0x138 /tmp/ccZU6Yqk.ltrans1.ltrans.o
                0x08003dd0                I2C_Config
 .text.test_cutdown
                0x08003f08       0x5c /tmp/ccZU6Yqk.ltrans1.ltrans.o
                0x08003f08                test_cutdown
 .text.Pop_From_Buffer
                0x08003f64       0x26 /tmp/ccZU6Yqk.ltrans1.ltrans.o
                0x08003f64                Pop_From_Buffer
 .text.Add_To_Byte_Buffer
                0x08003f8a       0x46 /tmp/ccZU6Yqk.ltrans1.ltrans.o
                0x08003f8a                Add_To_Byte_Buffer
 .text.Add_To_Buffer
                0x08003fd0       0x48 /tmp/ccZU6Yqk.ltrans1.ltrans.o
                0x08003fd0                Add_To_Buffer
 .text.Bot_Abort.part.2.4661
                0x08004018       0x18 /tmp/ccZU6Yqk.ltrans1.ltrans.o
                0x08004018                Bot_Abort.part.2.4661
 .text.Resume   0x08004030       0xa4 /tmp/ccZU6Yqk.ltrans1.ltrans.o
                0x08004030                Resume
 .text.Set_CSW  0x080040d4       0x3c /tmp/ccZU6Yqk.ltrans1.ltrans.o
                0x080040d4                Set_CSW
 .text.Transfer_Data_Request
                0x08004110       0x34 /tmp/ccZU6Yqk.ltrans1.ltrans.o
                0x08004110                Transfer_Data_Request
 .text.IntToUnicode.4443
                0x08004144       0x2a /tmp/ccZU6Yqk.ltrans1.ltrans.o
                0x08004144                IntToUnicode.4443
 *fill*         0x0800416e        0x2 00
 .text.EP2_OUT_Callback.4048
                0x08004170      0x310 /tmp/ccZU6Yqk.ltrans2.ltrans.o
 .text.disk_initialize
                0x08004480      0x164 /tmp/ccZU6Yqk.ltrans2.ltrans.o
                0x08004480                disk_initialize
 .text.chk_mounted.5366
                0x080045e4      0x318 /tmp/ccZU6Yqk.ltrans2.ltrans.o
                0x080045e4                chk_mounted.5366
 .text.unlikely.f_read.constprop.12
                0x080048fc      0x19c /tmp/ccZU6Yqk.ltrans2.ltrans.o
                0x080048fc                f_read.constprop.12
 .text.disk_write
                0x08004a98       0xcc /tmp/ccZU6Yqk.ltrans3.ltrans.o
                0x08004a98                disk_write
 .text.move_window.5345
                0x08004b64       0x76 /tmp/ccZU6Yqk.ltrans3.ltrans.o
                0x08004b64                move_window.5345
 .text.get_fat  0x08004bda       0xc8 /tmp/ccZU6Yqk.ltrans3.ltrans.o
                0x08004bda                get_fat
 *fill*         0x08004ca2        0x2 00
 .text.SCSI_Invalid_Cmd
                0x08004ca4       0x3c /tmp/ccZU6Yqk.ltrans3.ltrans.o
                0x08004ca4                SCSI_Invalid_Cmd
 .text.SCSI_Address_Management
                0x08004ce0       0x74 /tmp/ccZU6Yqk.ltrans3.ltrans.o
                0x08004ce0                SCSI_Address_Management
 .text.SCSI_Read10_Cmd
                0x08004d54       0x6c /tmp/ccZU6Yqk.ltrans3.ltrans.o
                0x08004d54                SCSI_Read10_Cmd
 .text.EP1_IN_Callback.4078
                0x08004dc0       0x5c /tmp/ccZU6Yqk.ltrans3.ltrans.o
 .text.si446x_setup
                0x08004e1c      0x890 /tmp/ccZU6Yqk.ltrans3.ltrans.o
                0x08004e1c                si446x_setup
 .text.MASS_Data_Setup
                0x080056ac       0x38 /tmp/ccZU6Yqk.ltrans4.ltrans.o
                0x080056ac                MASS_Data_Setup
 .text.Mass_Storage_ClearFeature.4106
                0x080056e4       0x18 /tmp/ccZU6Yqk.ltrans4.ltrans.o
 .text.MASS_init
                0x080056fc       0x70 /tmp/ccZU6Yqk.ltrans4.ltrans.o
                0x080056fc                MASS_init
 .text.validate.5355
                0x0800576c       0x2c /tmp/ccZU6Yqk.ltrans4.ltrans.o
                0x0800576c                validate.5355
 .text.MAL_GetStatus
                0x08005798       0xc4 /tmp/ccZU6Yqk.ltrans4.ltrans.o
                0x08005798                MAL_GetStatus
 .text.send_string_to_silabs.constprop.33
                0x0800585c       0x38 /tmp/ccZU6Yqk.ltrans4.ltrans.o
                0x0800585c                send_string_to_silabs.constprop.33
 .text.si446x_spi_state_machine.constprop.30
                0x08005894      0x2a4 /tmp/ccZU6Yqk.ltrans4.ltrans.o
                0x08005894                si446x_spi_state_machine.constprop.30
 .text.si446x_state_machine
                0x08005b38      0x378 /tmp/ccZU6Yqk.ltrans4.ltrans.o
                0x08005b38                si446x_state_machine
 .text.Gps_Process_Byte.constprop.29
                0x08005eb0      0x1d8 /tmp/ccZU6Yqk.ltrans4.ltrans.o
                0x08005eb0                Gps_Process_Byte.constprop.29
 .text.Pop_From_Dma_Buffer.constprop.28
                0x08006088       0x28 /tmp/ccZU6Yqk.ltrans4.ltrans.o
                0x08006088                Pop_From_Dma_Buffer.constprop.28
 .text.Get_UBX_Ack.constprop.27
                0x080060b0       0xa0 /tmp/ccZU6Yqk.ltrans4.ltrans.o
                0x080060b0                Get_UBX_Ack.constprop.27
 .text.USART2_reconf.constprop.26
                0x08006150       0x50 /tmp/ccZU6Yqk.ltrans4.ltrans.o
                0x08006150                USART2_reconf.constprop.26
 .text.Gps_Send_Utf8
                0x080061a0       0x1a /tmp/ccZU6Yqk.ltrans4.ltrans.o
                0x080061a0                Gps_Send_Utf8
 .text.Gps_Send_Str
                0x080061ba       0x16 /tmp/ccZU6Yqk.ltrans4.ltrans.o
                0x080061ba                Gps_Send_Str
 .text.I2C1_EV_IRQHandler
                0x080061d0      0x4a0 /tmp/ccZU6Yqk.ltrans5.ltrans.o
                0x080061d0                I2C1_EV_IRQHandler
 .text.EXTI15_10_IRQHandler
                0x08006670       0x38 /tmp/ccZU6Yqk.ltrans5.ltrans.o
                0x08006670                EXTI15_10_IRQHandler
 .text.DMA1_Channel2_IRQHandler
                0x080066a8       0x4c /tmp/ccZU6Yqk.ltrans5.ltrans.o
                0x080066a8                DMA1_Channel2_IRQHandler
 .text.EXTI0_IRQHandler
                0x080066f4       0x40 /tmp/ccZU6Yqk.ltrans5.ltrans.o
                0x080066f4                EXTI0_IRQHandler
 .text.USART3_IRQHandler
                0x08006734       0x98 /tmp/ccZU6Yqk.ltrans5.ltrans.o
                0x08006734                USART3_IRQHandler
 .text.f_sync   0x080067cc      0x180 /tmp/ccZU6Yqk.ltrans5.ltrans.o
                0x080067cc                f_sync
 .text.file_preallocation_control.part.1.6779
                0x0800694c       0x26 /tmp/ccZU6Yqk.ltrans5.ltrans.o
                0x0800694c                file_preallocation_control.part.1.6779
 .text.f_close  0x08006972        0xe /tmp/ccZU6Yqk.ltrans5.ltrans.o
                0x08006972                f_close
 .text.shutdown_filesystem
                0x08006980      0x130 /tmp/ccZU6Yqk.ltrans5.ltrans.o
                0x08006980                shutdown_filesystem
 .text.dir_next.5428.4131
                0x08006ab0       0xfa /tmp/ccZU6Yqk.ltrans6.ltrans.o
 *fill*         0x08006baa        0x2 00
 .text.dir_find.part.4.5432.4115
                0x08006bac      0x184 /tmp/ccZU6Yqk.ltrans6.ltrans.o
 .text.follow_path.5438
                0x08006d30      0x294 /tmp/ccZU6Yqk.ltrans6.ltrans.o
                0x08006d30                follow_path.5438
 .text.f_open   0x08006fc4      0x3d0 /tmp/ccZU6Yqk.ltrans6.ltrans.o
                0x08006fc4                f_open
 .text.detect_sensors
                0x08007394       0x80 /tmp/ccZU6Yqk.ltrans6.ltrans.o
                0x08007394                detect_sensors
 .text.put_fat.4130
                0x08007414       0xf2 /tmp/ccZU6Yqk.ltrans7.ltrans.o
 *fill*         0x08007506        0x2 00
 .text.SCSI_Write10_Cmd
                0x08007508      0x144 /tmp/ccZU6Yqk.ltrans7.ltrans.o
                0x08007508                SCSI_Write10_Cmd
 .text.remove_chain.5458
                0x0800764c       0x54 /tmp/ccZU6Yqk.ltrans7.ltrans.o
                0x0800764c                remove_chain.5458
 .text.f_truncate
                0x080076a0       0x92 /tmp/ccZU6Yqk.ltrans7.ltrans.o
                0x080076a0                f_truncate
 .text.create_chain.5424
                0x08007732       0x9a /tmp/ccZU6Yqk.ltrans7.ltrans.o
                0x08007732                create_chain.5424
 .text.f_lseek  0x080077cc      0x140 /tmp/ccZU6Yqk.ltrans7.ltrans.o
                0x080077cc                f_lseek
 .text.f_write  0x0800790c      0x19a /tmp/ccZU6Yqk.ltrans7.ltrans.o
                0x0800790c                f_write
 *fill*         0x08007aa6        0x2 00
 .text.f_puts.constprop.9
                0x08007aa8       0x34 /tmp/ccZU6Yqk.ltrans7.ltrans.o
                0x08007aa8                f_puts.constprop.9
 .text.__fat_print_char
                0x08007adc       0x1c /tmp/ccZU6Yqk.ltrans7.ltrans.o
                0x08007adc                __fat_print_char
 .text.dir_sdi.5392
                0x08007af8       0x84 /tmp/ccZU6Yqk.ltrans7.ltrans.o
                0x08007af8                dir_sdi.5392
 .text.USB_LP_CAN1_RX0_IRQHandler
                0x08007b7c      0x108 /tmp/ccZU6Yqk.ltrans8.ltrans.o
                0x08007b7c                USB_LP_CAN1_RX0_IRQHandler
 .text.USB_HP_CAN1_TX_IRQHandler
                0x08007c84        0x4 /tmp/ccZU6Yqk.ltrans8.ltrans.o
                0x08007c84                USB_HP_CAN1_TX_IRQHandler
 .text.SysTick_Handler
                0x08007c88      0x568 /tmp/ccZU6Yqk.ltrans8.ltrans.o
                0x08007c88                SysTick_Handler
 .text.ADC1_2_IRQHandler
                0x080081f0       0x6c /tmp/ccZU6Yqk.ltrans8.ltrans.o
                0x080081f0                ADC1_2_IRQHandler
 .text.I2C1_ER_IRQHandler
                0x0800825c       0xf0 /tmp/ccZU6Yqk.ltrans8.ltrans.o
                0x0800825c                I2C1_ER_IRQHandler
 .text.USART1_IRQHandler
                0x0800834c       0x34 /tmp/ccZU6Yqk.ltrans9.ltrans.o
                0x0800834c                USART1_IRQHandler
 .text.malloc   0x08008380       0x10 /home/laurence/ARM-GCC/bin/../lib/gcc/arm-none-eabi/4.7.4/../../../../arm-none-eabi/lib/armv7-m/libc.a(lib_a-malloc.o)
                0x08008380                malloc
 .text._malloc_r
                0x08008390      0x530 /home/laurence/ARM-GCC/bin/../lib/gcc/arm-none-eabi/4.7.4/../../../../arm-none-eabi/lib/armv7-m/libc.a(lib_a-mallocr.o)
                0x08008390                _malloc_r
 .text.memcmp   0x080088c0       0xb8 /home/laurence/ARM-GCC/bin/../lib/gcc/arm-none-eabi/4.7.4/../../../../arm-none-eabi/lib/armv7-m/libc.a(lib_a-memcmp.o)
                0x080088c0                memcmp
 .text.memcpy   0x08008978      0x15c /home/laurence/ARM-GCC/bin/../lib/gcc/arm-none-eabi/4.7.4/../../../../arm-none-eabi/lib/armv7-m/libc.a(lib_a-memcpy.o)
                0x08008978                memcpy
 .text.__malloc_lock
                0x08008ad4        0x4 /home/laurence/ARM-GCC/bin/../lib/gcc/arm-none-eabi/4.7.4/../../../../arm-none-eabi/lib/armv7-m/libc.a(lib_a-mlock.o)
                0x08008ad4                __malloc_lock
 .text.__malloc_unlock
                0x08008ad8        0x4 /home/laurence/ARM-GCC/bin/../lib/gcc/arm-none-eabi/4.7.4/../../../../arm-none-eabi/lib/armv7-m/libc.a(lib_a-mlock.o)
                0x08008ad8                __malloc_unlock
 .text._sbrk_r  0x08008adc       0x24 /home/laurence/ARM-GCC/bin/../lib/gcc/arm-none-eabi/4.7.4/../../../../arm-none-eabi/lib/armv7-m/libc.a(lib_a-sbrkr.o)
                0x08008adc                _sbrk_r
 .text.strcat   0x08008b00       0x4c /home/laurence/ARM-GCC/bin/../lib/gcc/arm-none-eabi/4.7.4/../../../../arm-none-eabi/lib/armv7-m/libc.a(lib_a-strcat.o)
                0x08008b00                strcat
 .text.strchr   0x08008b4c       0xfc /home/laurence/ARM-GCC/bin/../lib/gcc/arm-none-eabi/4.7.4/../../../../arm-none-eabi/lib/armv7-m/libc.a(lib_a-strchr.o)
                0x08008b4c                strchr
 .text.strcpy   0x08008c48       0xbc /home/laurence/ARM-GCC/bin/../lib/gcc/arm-none-eabi/4.7.4/../../../../arm-none-eabi/lib/armv7-m/libc.a(lib_a-strcpy.o)
                0x08008c48                strcpy
 .text.strlen   0x08008d04       0x60 /home/laurence/ARM-GCC/bin/../lib/gcc/arm-none-eabi/4.7.4/../../../../arm-none-eabi/lib/armv7-m/libc.a(lib_a-strlen.o)
                0x08008d04                strlen
 .text.strncmp  0x08008d64      0x120 /home/laurence/ARM-GCC/bin/../lib/gcc/arm-none-eabi/4.7.4/../../../../arm-none-eabi/lib/armv7-m/libc.a(lib_a-strncmp.o)
                0x08008d64                strncmp
 .text.strncpy  0x08008e84      0x10c /home/laurence/ARM-GCC/bin/../lib/gcc/arm-none-eabi/4.7.4/../../../../arm-none-eabi/lib/armv7-m/libc.a(lib_a-strncpy.o)
                0x08008e84                strncpy
 .text._malloc_trim_r
                0x08008f90       0x98 /home/laurence/ARM-GCC/bin/../lib/gcc/arm-none-eabi/4.7.4/../../../../arm-none-eabi/lib/armv7-m/libc.a(lib_a-freer.o)
                0x08008f90                _malloc_trim_r
 .text._free_r  0x08009028      0x194 /home/laurence/ARM-GCC/bin/../lib/gcc/arm-none-eabi/4.7.4/../../../../arm-none-eabi/lib/armv7-m/libc.a(lib_a-freer.o)
                0x08009028                _free_r
 .text.Reset_Handler
                0x080091bc       0x48 lib/CMSIS_CM3/startup/gcc/startup_stm32f10x_md.o
                0x080091bc                Reset_Handler
 .text.Default_Handler
                0x08009204        0x4 lib/CMSIS_CM3/startup/gcc/startup_stm32f10x_md.o
                0x08009204                EXTI2_IRQHandler
                0x08009204                DebugMon_Handler
                0x08009204                TIM1_CC_IRQHandler
                0x08009204                HardFault_Handler
                0x08009204                PVD_IRQHandler
                0x08009204                PendSV_Handler
                0x08009204                NMI_Handler
                0x08009204                EXTI3_IRQHandler
                0x08009204                I2C2_EV_IRQHandler
                0x08009204                UsageFault_Handler
                0x08009204                SPI1_IRQHandler
                0x08009204                TAMPER_IRQHandler
                0x08009204                DMA1_Channel4_IRQHandler
                0x08009204                RTC_IRQHandler
                0x08009204                DMA1_Channel7_IRQHandler
                0x08009204                CAN1_RX1_IRQHandler
                0x08009204                TIM4_IRQHandler
                0x08009204                DMA1_Channel6_IRQHandler
                0x08009204                TIM3_IRQHandler
                0x08009204                RCC_IRQHandler
                0x08009204                TIM1_TRG_COM_IRQHandler
                0x08009204                DMA1_Channel1_IRQHandler
                0x08009204                Default_Handler
                0x08009204                EXTI9_5_IRQHandler
                0x08009204                SPI2_IRQHandler
                0x08009204                MemManage_Handler
                0x08009204                SVC_Handler
                0x08009204                DMA1_Channel5_IRQHandler
                0x08009204                EXTI4_IRQHandler
                0x08009204                DMA1_Channel3_IRQHandler
                0x08009204                TIM1_UP_IRQHandler
                0x08009204                WWDG_IRQHandler
                0x08009204                TIM2_IRQHandler
                0x08009204                TIM1_BRK_IRQHandler
                0x08009204                EXTI1_IRQHandler
                0x08009204                RTCAlarm_IRQHandler
                0x08009204                USART2_IRQHandler
                0x08009204                I2C2_ER_IRQHandler
                0x08009204                CAN1_SCE_IRQHandler
                0x08009204                FLASH_IRQHandler
                0x08009204                BusFault_Handler
                0x08009204                USBWakeUp_IRQHandler
 .text.NVIC_PriorityGroupConfig
                0x08009208       0x14 lib/STM32F10x_StdPeriph_Driver/libstm32fw.a(misc.o)
                0x08009208                NVIC_PriorityGroupConfig
 .text.NVIC_Init
                0x0800921c       0x68 lib/STM32F10x_StdPeriph_Driver/libstm32fw.a(misc.o)
                0x0800921c                NVIC_Init
 .text.NVIC_SetVectorTable
                0x08009284       0x14 lib/STM32F10x_StdPeriph_Driver/libstm32fw.a(misc.o)
                0x08009284                NVIC_SetVectorTable
 .text.SysTick_CLKSourceConfig
                0x08009298       0x18 lib/STM32F10x_StdPeriph_Driver/libstm32fw.a(misc.o)
                0x08009298                SysTick_CLKSourceConfig
 .text.ADC_DeInit
                0x080092b0       0x5c lib/STM32F10x_StdPeriph_Driver/libstm32fw.a(stm32f10x_adc.o)
                0x080092b0                ADC_DeInit
 .text.ADC_Init
                0x0800930c       0x48 lib/STM32F10x_StdPeriph_Driver/libstm32fw.a(stm32f10x_adc.o)
                0x0800930c                ADC_Init
 .text.ADC_Cmd  0x08009354       0x12 lib/STM32F10x_StdPeriph_Driver/libstm32fw.a(stm32f10x_adc.o)
                0x08009354                ADC_Cmd
 .text.ADC_ResetCalibration
                0x08009366        0xa lib/STM32F10x_StdPeriph_Driver/libstm32fw.a(stm32f10x_adc.o)
                0x08009366                ADC_ResetCalibration
 .text.ADC_GetResetCalibrationStatus
                0x08009370        0x8 lib/STM32F10x_StdPeriph_Driver/libstm32fw.a(stm32f10x_adc.o)
                0x08009370                ADC_GetResetCalibrationStatus
 .text.ADC_StartCalibration
                0x08009378        0xa lib/STM32F10x_StdPeriph_Driver/libstm32fw.a(stm32f10x_adc.o)
                0x08009378                ADC_StartCalibration
 .text.ADC_GetCalibrationStatus
                0x08009382        0x8 lib/STM32F10x_StdPeriph_Driver/libstm32fw.a(stm32f10x_adc.o)
                0x08009382                ADC_GetCalibrationStatus
 .text.ADC_SoftwareStartConvCmd
                0x0800938a       0x12 lib/STM32F10x_StdPeriph_Driver/libstm32fw.a(stm32f10x_adc.o)
                0x0800938a                ADC_SoftwareStartConvCmd
 .text.ADC_RegularChannelConfig
                0x0800939c       0x9a lib/STM32F10x_StdPeriph_Driver/libstm32fw.a(stm32f10x_adc.o)
                0x0800939c                ADC_RegularChannelConfig
 .text.ADC_GetConversionValue
                0x08009436        0x6 lib/STM32F10x_StdPeriph_Driver/libstm32fw.a(stm32f10x_adc.o)
                0x08009436                ADC_GetConversionValue
 .text.ADC_ExternalTrigInjectedConvConfig
                0x0800943c        0xc lib/STM32F10x_StdPeriph_Driver/libstm32fw.a(stm32f10x_adc.o)
                0x0800943c                ADC_ExternalTrigInjectedConvConfig
 .text.ADC_SoftwareStartInjectedConvCmd
                0x08009448       0x12 lib/STM32F10x_StdPeriph_Driver/libstm32fw.a(stm32f10x_adc.o)
                0x08009448                ADC_SoftwareStartInjectedConvCmd
 .text.ADC_InjectedChannelConfig
                0x0800945a       0x60 lib/STM32F10x_StdPeriph_Driver/libstm32fw.a(stm32f10x_adc.o)
                0x0800945a                ADC_InjectedChannelConfig
 .text.ADC_InjectedSequencerLengthConfig
                0x080094ba       0x10 lib/STM32F10x_StdPeriph_Driver/libstm32fw.a(stm32f10x_adc.o)
                0x080094ba                ADC_InjectedSequencerLengthConfig
 .text.ADC_GetInjectedConversionValue
                0x080094ca       0x1a lib/STM32F10x_StdPeriph_Driver/libstm32fw.a(stm32f10x_adc.o)
                0x080094ca                ADC_GetInjectedConversionValue
 .text.ADC_GetFlagStatus
                0x080094e4        0xc lib/STM32F10x_StdPeriph_Driver/libstm32fw.a(stm32f10x_adc.o)
                0x080094e4                ADC_GetFlagStatus
 .text.ADC_ClearFlag
                0x080094f0        0x6 lib/STM32F10x_StdPeriph_Driver/libstm32fw.a(stm32f10x_adc.o)
                0x080094f0                ADC_ClearFlag
 .text.ADC_GetITStatus
                0x080094f6       0x16 lib/STM32F10x_StdPeriph_Driver/libstm32fw.a(stm32f10x_adc.o)
                0x080094f6                ADC_GetITStatus
 .text.ADC_ClearITPendingBit
                0x0800950c        0x8 lib/STM32F10x_StdPeriph_Driver/libstm32fw.a(stm32f10x_adc.o)
                0x0800950c                ADC_ClearITPendingBit
 .text.BKP_DeInit
                0x08009514       0x12 lib/STM32F10x_StdPeriph_Driver/libstm32fw.a(stm32f10x_bkp.o)
                0x08009514                BKP_DeInit
 *fill*         0x08009526        0x2 00
 .text.BKP_RTCOutputConfig
                0x08009528       0x18 lib/STM32F10x_StdPeriph_Driver/libstm32fw.a(stm32f10x_bkp.o)
                0x08009528                BKP_RTCOutputConfig
 .text.BKP_SetRTCCalibrationValue
                0x08009540       0x18 lib/STM32F10x_StdPeriph_Driver/libstm32fw.a(stm32f10x_bkp.o)
                0x08009540                BKP_SetRTCCalibrationValue
 .text.BKP_WriteBackupRegister
                0x08009558       0x1c lib/STM32F10x_StdPeriph_Driver/libstm32fw.a(stm32f10x_bkp.o)
                0x08009558                BKP_WriteBackupRegister
 .text.BKP_ReadBackupRegister
                0x08009574       0x20 lib/STM32F10x_StdPeriph_Driver/libstm32fw.a(stm32f10x_bkp.o)
                0x08009574                BKP_ReadBackupRegister
 .text.DBGMCU_Config
                0x08009594       0x18 lib/STM32F10x_StdPeriph_Driver/libstm32fw.a(stm32f10x_dbgmcu.o)
                0x08009594                DBGMCU_Config
 .text.DMA_DeInit
                0x080095ac       0xec lib/STM32F10x_StdPeriph_Driver/libstm32fw.a(stm32f10x_dma.o)
                0x080095ac                DMA_DeInit
 .text.DMA_Init
                0x08009698       0x40 lib/STM32F10x_StdPeriph_Driver/libstm32fw.a(stm32f10x_dma.o)
                0x08009698                DMA_Init
 .text.DMA_Cmd  0x080096d8       0x12 lib/STM32F10x_StdPeriph_Driver/libstm32fw.a(stm32f10x_dma.o)
                0x080096d8                DMA_Cmd
 .text.DMA_ITConfig
                0x080096ea       0x10 lib/STM32F10x_StdPeriph_Driver/libstm32fw.a(stm32f10x_dma.o)
                0x080096ea                DMA_ITConfig
 .text.DMA_GetCurrDataCounter
                0x080096fa        0x6 lib/STM32F10x_StdPeriph_Driver/libstm32fw.a(stm32f10x_dma.o)
                0x080096fa                DMA_GetCurrDataCounter
 .text.DMA_GetFlagStatus
                0x08009700       0x1c lib/STM32F10x_StdPeriph_Driver/libstm32fw.a(stm32f10x_dma.o)
                0x08009700                DMA_GetFlagStatus
 .text.DMA_ClearFlag
                0x0800971c       0x14 lib/STM32F10x_StdPeriph_Driver/libstm32fw.a(stm32f10x_dma.o)
                0x0800971c                DMA_ClearFlag
 .text.DMA_GetITStatus
                0x08009730       0x1c lib/STM32F10x_StdPeriph_Driver/libstm32fw.a(stm32f10x_dma.o)
                0x08009730                DMA_GetITStatus
 .text.DMA_ClearITPendingBit
                0x0800974c       0x14 lib/STM32F10x_StdPeriph_Driver/libstm32fw.a(stm32f10x_dma.o)
                0x0800974c                DMA_ClearITPendingBit
 .text.EXTI_DeInit
                0x08009760       0x1c lib/STM32F10x_StdPeriph_Driver/libstm32fw.a(stm32f10x_exti.o)
                0x08009760                EXTI_DeInit
 .text.EXTI_Init
                0x0800977c       0x88 lib/STM32F10x_StdPeriph_Driver/libstm32fw.a(stm32f10x_exti.o)
                0x0800977c                EXTI_Init
 .text.EXTI_GetITStatus
                0x08009804       0x20 lib/STM32F10x_StdPeriph_Driver/libstm32fw.a(stm32f10x_exti.o)
                0x08009804                EXTI_GetITStatus
 .text.EXTI_ClearITPendingBit
                0x08009824        0xc lib/STM32F10x_StdPeriph_Driver/libstm32fw.a(stm32f10x_exti.o)
                0x08009824                EXTI_ClearITPendingBit
 .text.GPIO_Init
                0x08009830       0x9a lib/STM32F10x_StdPeriph_Driver/libstm32fw.a(stm32f10x_gpio.o)
                0x08009830                GPIO_Init
 .text.GPIO_ReadInputDataBit
                0x080098ca        0xc lib/STM32F10x_StdPeriph_Driver/libstm32fw.a(stm32f10x_gpio.o)
                0x080098ca                GPIO_ReadInputDataBit
 .text.GPIO_SetBits
                0x080098d6        0x4 lib/STM32F10x_StdPeriph_Driver/libstm32fw.a(stm32f10x_gpio.o)
                0x080098d6                GPIO_SetBits
 .text.GPIO_ResetBits
                0x080098da        0x4 lib/STM32F10x_StdPeriph_Driver/libstm32fw.a(stm32f10x_gpio.o)
                0x080098da                GPIO_ResetBits
 .text.GPIO_WriteBit
                0x080098de        0xa lib/STM32F10x_StdPeriph_Driver/libstm32fw.a(stm32f10x_gpio.o)
                0x080098de                GPIO_WriteBit
 .text.GPIO_PinRemapConfig
                0x080098e8       0x58 lib/STM32F10x_StdPeriph_Driver/libstm32fw.a(stm32f10x_gpio.o)
                0x080098e8                GPIO_PinRemapConfig
 .text.GPIO_EXTILineConfig
                0x08009940       0x34 lib/STM32F10x_StdPeriph_Driver/libstm32fw.a(stm32f10x_gpio.o)
                0x08009940                GPIO_EXTILineConfig
 .text.I2C_DeInit
                0x08009974       0x34 lib/STM32F10x_StdPeriph_Driver/libstm32fw.a(stm32f10x_i2c.o)
                0x08009974                I2C_DeInit
 .text.I2C_Init
                0x080099a8       0xd4 lib/STM32F10x_StdPeriph_Driver/libstm32fw.a(stm32f10x_i2c.o)
                0x080099a8                I2C_Init
 .text.I2C_Cmd  0x08009a7c       0x18 lib/STM32F10x_StdPeriph_Driver/libstm32fw.a(stm32f10x_i2c.o)
                0x08009a7c                I2C_Cmd
 .text.I2C_GenerateSTART
                0x08009a94       0x18 lib/STM32F10x_StdPeriph_Driver/libstm32fw.a(stm32f10x_i2c.o)
                0x08009a94                I2C_GenerateSTART
 .text.I2C_GenerateSTOP
                0x08009aac       0x18 lib/STM32F10x_StdPeriph_Driver/libstm32fw.a(stm32f10x_i2c.o)
                0x08009aac                I2C_GenerateSTOP
 .text.I2C_AcknowledgeConfig
                0x08009ac4       0x18 lib/STM32F10x_StdPeriph_Driver/libstm32fw.a(stm32f10x_i2c.o)
                0x08009ac4                I2C_AcknowledgeConfig
 .text.I2C_ITConfig
                0x08009adc       0x12 lib/STM32F10x_StdPeriph_Driver/libstm32fw.a(stm32f10x_i2c.o)
                0x08009adc                I2C_ITConfig
 .text.I2C_SendData
                0x08009aee        0x4 lib/STM32F10x_StdPeriph_Driver/libstm32fw.a(stm32f10x_i2c.o)
                0x08009aee                I2C_SendData
 .text.I2C_ReceiveData
                0x08009af2        0x6 lib/STM32F10x_StdPeriph_Driver/libstm32fw.a(stm32f10x_i2c.o)
                0x08009af2                I2C_ReceiveData
 .text.I2C_Send7bitAddress
                0x08009af8       0x10 lib/STM32F10x_StdPeriph_Driver/libstm32fw.a(stm32f10x_i2c.o)
                0x08009af8                I2C_Send7bitAddress
 .text.I2C_SoftwareResetCmd
                0x08009b08       0x18 lib/STM32F10x_StdPeriph_Driver/libstm32fw.a(stm32f10x_i2c.o)
                0x08009b08                I2C_SoftwareResetCmd
 .text.IWDG_WriteAccessCmd
                0x08009b20        0xc lib/STM32F10x_StdPeriph_Driver/libstm32fw.a(stm32f10x_iwdg.o)
                0x08009b20                IWDG_WriteAccessCmd
 .text.IWDG_SetPrescaler
                0x08009b2c        0xc lib/STM32F10x_StdPeriph_Driver/libstm32fw.a(stm32f10x_iwdg.o)
                0x08009b2c                IWDG_SetPrescaler
 .text.IWDG_SetReload
                0x08009b38        0xc lib/STM32F10x_StdPeriph_Driver/libstm32fw.a(stm32f10x_iwdg.o)
                0x08009b38                IWDG_SetReload
 .text.IWDG_ReloadCounter
                0x08009b44       0x10 lib/STM32F10x_StdPeriph_Driver/libstm32fw.a(stm32f10x_iwdg.o)
                0x08009b44                IWDG_ReloadCounter
 .text.IWDG_Enable
                0x08009b54       0x10 lib/STM32F10x_StdPeriph_Driver/libstm32fw.a(stm32f10x_iwdg.o)
                0x08009b54                IWDG_Enable
 .text.PWR_DeInit
                0x08009b64       0x1a lib/STM32F10x_StdPeriph_Driver/libstm32fw.a(stm32f10x_pwr.o)
                0x08009b64                PWR_DeInit
 *fill*         0x08009b7e        0x2 00
 .text.PWR_BackupAccessCmd
                0x08009b80        0xc lib/STM32F10x_StdPeriph_Driver/libstm32fw.a(stm32f10x_pwr.o)
                0x08009b80                PWR_BackupAccessCmd
 .text.PWR_WakeUpPinCmd
                0x08009b8c        0xc lib/STM32F10x_StdPeriph_Driver/libstm32fw.a(stm32f10x_pwr.o)
                0x08009b8c                PWR_WakeUpPinCmd
 .text.PWR_EnterSTANDBYMode
                0x08009b98       0x28 lib/STM32F10x_StdPeriph_Driver/libstm32fw.a(stm32f10x_pwr.o)
                0x08009b98                PWR_EnterSTANDBYMode
 .text.RCC_HCLKConfig
                0x08009bc0       0x14 lib/STM32F10x_StdPeriph_Driver/libstm32fw.a(stm32f10x_rcc.o)
                0x08009bc0                RCC_HCLKConfig
 .text.RCC_USBCLKConfig
                0x08009bd4        0xc lib/STM32F10x_StdPeriph_Driver/libstm32fw.a(stm32f10x_rcc.o)
                0x08009bd4                RCC_USBCLKConfig
 .text.RCC_ADCCLKConfig
                0x08009be0       0x14 lib/STM32F10x_StdPeriph_Driver/libstm32fw.a(stm32f10x_rcc.o)
                0x08009be0                RCC_ADCCLKConfig
 .text.RCC_LSEConfig
                0x08009bf4       0x20 lib/STM32F10x_StdPeriph_Driver/libstm32fw.a(stm32f10x_rcc.o)
                0x08009bf4                RCC_LSEConfig
 .text.RCC_RTCCLKConfig
                0x08009c14       0x10 lib/STM32F10x_StdPeriph_Driver/libstm32fw.a(stm32f10x_rcc.o)
                0x08009c14                RCC_RTCCLKConfig
 .text.RCC_RTCCLKCmd
                0x08009c24        0xc lib/STM32F10x_StdPeriph_Driver/libstm32fw.a(stm32f10x_rcc.o)
                0x08009c24                RCC_RTCCLKCmd
 .text.RCC_GetClocksFreq
                0x08009c30       0x9c lib/STM32F10x_StdPeriph_Driver/libstm32fw.a(stm32f10x_rcc.o)
                0x08009c30                RCC_GetClocksFreq
 .text.RCC_AHBPeriphClockCmd
                0x08009ccc       0x18 lib/STM32F10x_StdPeriph_Driver/libstm32fw.a(stm32f10x_rcc.o)
                0x08009ccc                RCC_AHBPeriphClockCmd
 .text.RCC_APB2PeriphClockCmd
                0x08009ce4       0x18 lib/STM32F10x_StdPeriph_Driver/libstm32fw.a(stm32f10x_rcc.o)
                0x08009ce4                RCC_APB2PeriphClockCmd
 .text.RCC_APB1PeriphClockCmd
                0x08009cfc       0x18 lib/STM32F10x_StdPeriph_Driver/libstm32fw.a(stm32f10x_rcc.o)
                0x08009cfc                RCC_APB1PeriphClockCmd
 .text.RCC_APB2PeriphResetCmd
                0x08009d14       0x18 lib/STM32F10x_StdPeriph_Driver/libstm32fw.a(stm32f10x_rcc.o)
                0x08009d14                RCC_APB2PeriphResetCmd
 .text.RCC_APB1PeriphResetCmd
                0x08009d2c       0x18 lib/STM32F10x_StdPeriph_Driver/libstm32fw.a(stm32f10x_rcc.o)
                0x08009d2c                RCC_APB1PeriphResetCmd
 .text.RCC_BackupResetCmd
                0x08009d44        0xc lib/STM32F10x_StdPeriph_Driver/libstm32fw.a(stm32f10x_rcc.o)
                0x08009d44                RCC_BackupResetCmd
 .text.RCC_GetFlagStatus
                0x08009d50       0x28 lib/STM32F10x_StdPeriph_Driver/libstm32fw.a(stm32f10x_rcc.o)
                0x08009d50                RCC_GetFlagStatus
 .text.RTC_EnterConfigMode
                0x08009d78       0x14 lib/STM32F10x_StdPeriph_Driver/libstm32fw.a(stm32f10x_rtc.o)
                0x08009d78                RTC_EnterConfigMode
 .text.RTC_ExitConfigMode
                0x08009d8c       0x14 lib/STM32F10x_StdPeriph_Driver/libstm32fw.a(stm32f10x_rtc.o)
                0x08009d8c                RTC_ExitConfigMode
 .text.RTC_GetCounter
                0x08009da0       0x14 lib/STM32F10x_StdPeriph_Driver/libstm32fw.a(stm32f10x_rtc.o)
                0x08009da0                RTC_GetCounter
 .text.RTC_SetCounter
                0x08009db4       0x20 lib/STM32F10x_StdPeriph_Driver/libstm32fw.a(stm32f10x_rtc.o)
                0x08009db4                RTC_SetCounter
 .text.RTC_SetPrescaler
                0x08009dd4       0x20 lib/STM32F10x_StdPeriph_Driver/libstm32fw.a(stm32f10x_rtc.o)
                0x08009dd4                RTC_SetPrescaler
 .text.RTC_WaitForLastTask
                0x08009df4       0x14 lib/STM32F10x_StdPeriph_Driver/libstm32fw.a(stm32f10x_rtc.o)
                0x08009df4                RTC_WaitForLastTask
 .text.RTC_WaitForSynchro
                0x08009e08       0x24 lib/STM32F10x_StdPeriph_Driver/libstm32fw.a(stm32f10x_rtc.o)
                0x08009e08                RTC_WaitForSynchro
 .text.SPI_Init
                0x08009e2c       0x3e lib/STM32F10x_StdPeriph_Driver/libstm32fw.a(stm32f10x_spi.o)
                0x08009e2c                SPI_Init
 .text.SPI_Cmd  0x08009e6a       0x18 lib/STM32F10x_StdPeriph_Driver/libstm32fw.a(stm32f10x_spi.o)
                0x08009e6a                SPI_Cmd
 .text.SPI_I2S_DMACmd
                0x08009e82       0x12 lib/STM32F10x_StdPeriph_Driver/libstm32fw.a(stm32f10x_spi.o)
                0x08009e82                SPI_I2S_DMACmd
 .text.SPI_I2S_SendData
                0x08009e94        0x4 lib/STM32F10x_StdPeriph_Driver/libstm32fw.a(stm32f10x_spi.o)
                0x08009e94                SPI_I2S_SendData
 .text.SPI_I2S_ReceiveData
                0x08009e98        0x6 lib/STM32F10x_StdPeriph_Driver/libstm32fw.a(stm32f10x_spi.o)
                0x08009e98                SPI_I2S_ReceiveData
 .text.SPI_CalculateCRC
                0x08009e9e       0x18 lib/STM32F10x_StdPeriph_Driver/libstm32fw.a(stm32f10x_spi.o)
                0x08009e9e                SPI_CalculateCRC
 .text.SPI_I2S_GetFlagStatus
                0x08009eb6        0xc lib/STM32F10x_StdPeriph_Driver/libstm32fw.a(stm32f10x_spi.o)
                0x08009eb6                SPI_I2S_GetFlagStatus
 *fill*         0x08009ec2        0x2 00
 .text.TIM_TimeBaseInit
                0x08009ec4       0x3c lib/STM32F10x_StdPeriph_Driver/libstm32fw.a(stm32f10x_tim.o)
                0x08009ec4                TIM_TimeBaseInit
 .text.TIM_OC1Init
                0x08009f00       0x74 lib/STM32F10x_StdPeriph_Driver/libstm32fw.a(stm32f10x_tim.o)
                0x08009f00                TIM_OC1Init
 .text.TIM_Cmd  0x08009f74       0x18 lib/STM32F10x_StdPeriph_Driver/libstm32fw.a(stm32f10x_tim.o)
                0x08009f74                TIM_Cmd
 .text.TIM_CtrlPWMOutputs
                0x08009f8c       0x1c lib/STM32F10x_StdPeriph_Driver/libstm32fw.a(stm32f10x_tim.o)
                0x08009f8c                TIM_CtrlPWMOutputs
 .text.TIM_ARRPreloadConfig
                0x08009fa8       0x18 lib/STM32F10x_StdPeriph_Driver/libstm32fw.a(stm32f10x_tim.o)
                0x08009fa8                TIM_ARRPreloadConfig
 .text.TIM_OC1PreloadConfig
                0x08009fc0       0x10 lib/STM32F10x_StdPeriph_Driver/libstm32fw.a(stm32f10x_tim.o)
                0x08009fc0                TIM_OC1PreloadConfig
 .text.TIM_SetCompare1
                0x08009fd0        0x4 lib/STM32F10x_StdPeriph_Driver/libstm32fw.a(stm32f10x_tim.o)
                0x08009fd0                TIM_SetCompare1
 .text.USART_DeInit
                0x08009fd4       0x98 lib/STM32F10x_StdPeriph_Driver/libstm32fw.a(stm32f10x_usart.o)
                0x08009fd4                USART_DeInit
 .text.USART_Init
                0x0800a06c       0x88 lib/STM32F10x_StdPeriph_Driver/libstm32fw.a(stm32f10x_usart.o)
                0x0800a06c                USART_Init
 .text.USART_Cmd
                0x0800a0f4       0x18 lib/STM32F10x_StdPeriph_Driver/libstm32fw.a(stm32f10x_usart.o)
                0x0800a0f4                USART_Cmd
 .text.USART_ITConfig
                0x0800a10c       0x34 lib/STM32F10x_StdPeriph_Driver/libstm32fw.a(stm32f10x_usart.o)
                0x0800a10c                USART_ITConfig
 .text.USART_DMACmd
                0x0800a140       0x12 lib/STM32F10x_StdPeriph_Driver/libstm32fw.a(stm32f10x_usart.o)
                0x0800a140                USART_DMACmd
 .text.USART_SendData
                0x0800a152        0x8 lib/STM32F10x_StdPeriph_Driver/libstm32fw.a(stm32f10x_usart.o)
                0x0800a152                USART_SendData
 .text.USART_ReceiveData
                0x0800a15a        0x8 lib/STM32F10x_StdPeriph_Driver/libstm32fw.a(stm32f10x_usart.o)
                0x0800a15a                USART_ReceiveData
 .text.USART_GetFlagStatus
                0x0800a162        0xc lib/STM32F10x_StdPeriph_Driver/libstm32fw.a(stm32f10x_usart.o)
                0x0800a162                USART_GetFlagStatus
 .text.USART_GetITStatus
                0x0800a16e       0x40 lib/STM32F10x_StdPeriph_Driver/libstm32fw.a(stm32f10x_usart.o)
                0x0800a16e                USART_GetITStatus
 .text.USART_ClearITPendingBit
                0x0800a1ae       0x10 lib/STM32F10x_StdPeriph_Driver/libstm32fw.a(stm32f10x_usart.o)
                0x0800a1ae                USART_ClearITPendingBit
 *fill*         0x0800a1be        0x2 00
 .text.Standard_GetConfiguration
                0x0800a1c0       0x24 lib/STM32_USB-FS-Device_Driver/libstm32usb.a(usb_core.o)
                0x0800a1c0                Standard_GetConfiguration
 .text.Standard_GetInterface
                0x0800a1e4       0x24 lib/STM32_USB-FS-Device_Driver/libstm32usb.a(usb_core.o)
                0x0800a1e4                Standard_GetInterface
 .text.Standard_GetStatus
                0x0800a208       0x9c lib/STM32_USB-FS-Device_Driver/libstm32usb.a(usb_core.o)
                0x0800a208                Standard_GetStatus
 .text.DataStageIn
                0x0800a2a4       0xa4 lib/STM32_USB-FS-Device_Driver/libstm32usb.a(usb_core.o)
 .text.Standard_SetConfiguration
                0x0800a348       0x38 lib/STM32_USB-FS-Device_Driver/libstm32usb.a(usb_core.o)
                0x0800a348                Standard_SetConfiguration
 .text.Standard_SetInterface
                0x0800a380       0x48 lib/STM32_USB-FS-Device_Driver/libstm32usb.a(usb_core.o)
                0x0800a380                Standard_SetInterface
 .text.Standard_ClearFeature
                0x0800a3c8       0xdc lib/STM32_USB-FS-Device_Driver/libstm32usb.a(usb_core.o)
                0x0800a3c8                Standard_ClearFeature
 .text.Standard_SetEndPointFeature
                0x0800a4a4       0x8c lib/STM32_USB-FS-Device_Driver/libstm32usb.a(usb_core.o)
                0x0800a4a4                Standard_SetEndPointFeature
 .text.Standard_SetDeviceFeature
                0x0800a530       0x24 lib/STM32_USB-FS-Device_Driver/libstm32usb.a(usb_core.o)
                0x0800a530                Standard_SetDeviceFeature
 .text.Standard_GetDescriptorData
                0x0800a554       0x1c lib/STM32_USB-FS-Device_Driver/libstm32usb.a(usb_core.o)
                0x0800a554                Standard_GetDescriptorData
 .text.Post0_Process
                0x0800a570       0x40 lib/STM32_USB-FS-Device_Driver/libstm32usb.a(usb_core.o)
                0x0800a570                Post0_Process
 .text.Out0_Process
                0x0800a5b0       0xd4 lib/STM32_USB-FS-Device_Driver/libstm32usb.a(usb_core.o)
                0x0800a5b0                Out0_Process
 .text.Setup0_Process
                0x0800a684      0x2f8 lib/STM32_USB-FS-Device_Driver/libstm32usb.a(usb_core.o)
                0x0800a684                Setup0_Process
 .text.SetDeviceAddress
                0x0800a97c       0x40 lib/STM32_USB-FS-Device_Driver/libstm32usb.a(usb_core.o)
                0x0800a97c                SetDeviceAddress
 .text.In0_Process
                0x0800a9bc       0x60 lib/STM32_USB-FS-Device_Driver/libstm32usb.a(usb_core.o)
                0x0800a9bc                In0_Process
 .text.NOP_Process
                0x0800aa1c        0x2 lib/STM32_USB-FS-Device_Driver/libstm32usb.a(usb_core.o)
                0x0800aa1c                NOP_Process
 *fill*         0x0800aa1e        0x2 00
 .text.USB_Init
                0x0800aa20       0x38 lib/STM32_USB-FS-Device_Driver/libstm32usb.a(usb_init.o)
                0x0800aa20                USB_Init
 .text.CTR_LP   0x0800aa58      0x190 lib/STM32_USB-FS-Device_Driver/libstm32usb.a(usb_int.o)
                0x0800aa58                CTR_LP
 .text.CTR_HP   0x0800abe8       0x74 lib/STM32_USB-FS-Device_Driver/libstm32usb.a(usb_int.o)
                0x0800abe8                CTR_HP
 .text.UserToPMABufferCopy
                0x0800ac5c       0x2e lib/STM32_USB-FS-Device_Driver/libstm32usb.a(usb_mem.o)
                0x0800ac5c                UserToPMABufferCopy
 .text.PMAToUserBufferCopy
                0x0800ac8a       0x24 lib/STM32_USB-FS-Device_Driver/libstm32usb.a(usb_mem.o)
                0x0800ac8a                PMAToUserBufferCopy
 *fill*         0x0800acae        0x2 00
 .text.SetBTABLE
                0x0800acb0       0x10 lib/STM32_USB-FS-Device_Driver/libstm32usb.a(usb_regs.o)
                0x0800acb0                SetBTABLE
 .text.SetEPType
                0x0800acc0       0x18 lib/STM32_USB-FS-Device_Driver/libstm32usb.a(usb_regs.o)
                0x0800acc0                SetEPType
 .text.SetEPTxStatus
                0x0800acd8       0x3a lib/STM32_USB-FS-Device_Driver/libstm32usb.a(usb_regs.o)
                0x0800acd8                SetEPTxStatus
 .text.SetEPRxStatus
                0x0800ad12       0x3a lib/STM32_USB-FS-Device_Driver/libstm32usb.a(usb_regs.o)
                0x0800ad12                SetEPRxStatus
 .text.SetEPRxValid
                0x0800ad4c       0x22 lib/STM32_USB-FS-Device_Driver/libstm32usb.a(usb_regs.o)
                0x0800ad4c                SetEPRxValid
 .text.Clear_Status_Out
                0x0800ad6e       0x1e lib/STM32_USB-FS-Device_Driver/libstm32usb.a(usb_regs.o)
                0x0800ad6e                Clear_Status_Out
 .text.ClearDTOG_RX
                0x0800ad8c       0x24 lib/STM32_USB-FS-Device_Driver/libstm32usb.a(usb_regs.o)
                0x0800ad8c                ClearDTOG_RX
 .text.ClearDTOG_TX
                0x0800adb0       0x24 lib/STM32_USB-FS-Device_Driver/libstm32usb.a(usb_regs.o)
                0x0800adb0                ClearDTOG_TX
 .text.SetEPTxAddr
                0x0800add4       0x20 lib/STM32_USB-FS-Device_Driver/libstm32usb.a(usb_regs.o)
                0x0800add4                SetEPTxAddr
 .text.SetEPRxAddr
                0x0800adf4       0x20 lib/STM32_USB-FS-Device_Driver/libstm32usb.a(usb_regs.o)
                0x0800adf4                SetEPRxAddr
 .text.GetEPTxAddr
                0x0800ae14       0x1c lib/STM32_USB-FS-Device_Driver/libstm32usb.a(usb_regs.o)
                0x0800ae14                GetEPTxAddr
 .text.GetEPRxAddr
                0x0800ae30       0x1c lib/STM32_USB-FS-Device_Driver/libstm32usb.a(usb_regs.o)
                0x0800ae30                GetEPRxAddr
 .text.SetEPTxCount
                0x0800ae4c       0x1c lib/STM32_USB-FS-Device_Driver/libstm32usb.a(usb_regs.o)
                0x0800ae4c                SetEPTxCount
 .text.SetEPRxCount
                0x0800ae68       0x3c lib/STM32_USB-FS-Device_Driver/libstm32usb.a(usb_regs.o)
                0x0800ae68                SetEPRxCount
 .text.GetEPRxCount
                0x0800aea4       0x20 lib/STM32_USB-FS-Device_Driver/libstm32usb.a(usb_regs.o)
                0x0800aea4                GetEPRxCount
 .text.ByteSwap
                0x0800aec4        0xa lib/STM32_USB-FS-Device_Driver/libstm32usb.a(usb_regs.o)
                0x0800aec4                ByteSwap
 *fill*         0x0800aece        0x2 00
 .text.USB_SIL_Init
                0x0800aed0       0x20 lib/STM32_USB-FS-Device_Driver/libstm32usb.a(usb_sil.o)
                0x0800aed0                USB_SIL_Init
 .text.USB_SIL_Write
                0x0800aef0       0x28 lib/STM32_USB-FS-Device_Driver/libstm32usb.a(usb_sil.o)
                0x0800aef0                USB_SIL_Write
 .text.USB_SIL_Read
                0x0800af18       0x24 lib/STM32_USB-FS-Device_Driver/libstm32usb.a(usb_sil.o)
                0x0800af18                USB_SIL_Read
 .text.memset   0x0800af3c      0x12c /home/laurence/ARM-GCC/bin/../lib/gcc/arm-none-eabi/4.7.4/../../../../arm-none-eabi/lib/armv7-m/libc.a(lib_a-memset.o)
                0x0800af3c                memset
 .text._sbrk    0x0800b068       0x34 /home/laurence/ARM-GCC/bin/../lib/gcc/arm-none-eabi/4.7.4/../../../../arm-none-eabi/lib/armv7-m/libnosys.a(sbrk.o)
                0x0800b068                _sbrk
 *(.rodata)
 .rodata        0x0800b09c      0x1d0 /tmp/ccZU6Yqk.ltrans0.ltrans.o
                0x0800b09c                DaysInMonth.5650
                0x0800b16c                Tbl.5229
 .rodata        0x0800b26c       0x20 /tmp/ccZU6Yqk.ltrans1.ltrans.o
 .rodata        0x0800b28c       0xb5 /tmp/ccZU6Yqk.ltrans3.ltrans.o
 .rodata        0x0800b341       0x80 /tmp/ccZU6Yqk.ltrans4.ltrans.o
 *fill*         0x0800b3c1        0x1 00
 .rodata        0x0800b3c2      0x44e /tmp/ccZU6Yqk.ltrans6.ltrans.o
 *(.rodata*)
 .rodata.str1.1
                0x0800b810      0x429 /tmp/ccZU6Yqk.ltrans0.ltrans.o
 .rodata.str1.1
                0x0800bc39        0x6 /tmp/ccZU6Yqk.ltrans1.ltrans.o
 .rodata.MASS_DeviceDescriptor
                0x0800bc3f       0x12 /tmp/ccZU6Yqk.ltrans1.ltrans.o
 .rodata.str1.1
                0x0800bc51       0x73 /tmp/ccZU6Yqk.ltrans5.ltrans.o
 .rodata.L3GD20_setup
                0x0800bcc4        0x5 /tmp/ccZU6Yqk.ltrans5.ltrans.o
 .rodata.str1.1
                0x0800bcc9       0x10 /tmp/ccZU6Yqk.ltrans6.ltrans.o
 *fill*         0x0800bcd9        0x3 00
 .rodata.str1.4
                0x0800bcdc        0x4 /home/laurence/ARM-GCC/bin/../lib/gcc/arm-none-eabi/4.7.4/../../../../arm-none-eabi/lib/armv7-m/libc.a(lib_a-impure.o)
 *(.glue_7)
 .glue_7        0x00000000        0x0 linker stubs
 *(.glue_7t)
 .glue_7t       0x00000000        0x0 linker stubs
 *(.init)
 .init          0x0800bce0        0x4 /home/laurence/ARM-GCC/bin/../lib/gcc/arm-none-eabi/4.7.4/armv7-m/crti.o
                0x0800bce0                _init
 .init          0x0800bce4        0x8 /home/laurence/ARM-GCC/bin/../lib/gcc/arm-none-eabi/4.7.4/armv7-m/crtn.o
 *(.fini)
 .fini          0x0800bcec        0x4 /home/laurence/ARM-GCC/bin/../lib/gcc/arm-none-eabi/4.7.4/armv7-m/crti.o
                0x0800bcec                _fini
 .fini          0x0800bcf0        0x8 /home/laurence/ARM-GCC/bin/../lib/gcc/arm-none-eabi/4.7.4/armv7-m/crtn.o
                0x0800bcf8                . = ALIGN (0x4)
                0x0800bcf8                _etext = .
                0x0800bcf8                _sidata = _etext

.vfp11_veneer   0x0800bcf8        0x0
 .vfp11_veneer  0x00000000        0x0 linker stubs

.v4_bx          0x0800bcf8        0x0
 .v4_bx         0x00000000        0x0 linker stubs

.iplt           0x0800bcf8        0x0
 .iplt          0x00000000        0x0 /home/laurence/ARM-GCC/bin/../lib/gcc/arm-none-eabi/4.7.4/armv7-m/crtbegin.o

.rel.dyn        0x0800bcf8        0x0
 .rel.iplt      0x00000000        0x0 /home/laurence/ARM-GCC/bin/../lib/gcc/arm-none-eabi/4.7.4/armv7-m/crtbegin.o

.flashpatch     0x00000000        0x0
                0x00000000                . = ALIGN (0x4)
 *(.flashpatch)
                0x00000000                . = ALIGN (0x4)

.endflash       0x00000000        0x0
                0x00000000                . = ALIGN (0x4)
 *(.endflash)
                0x00000000                . = ALIGN (0x4)
                0x00000000                _e_endflash = .

.data           0x20000000      0x9dc load address 0x0800bcf8
                0x20000000                . = ALIGN (0x4)
                0x20000000                _sdata = .
                0x20000000                _data = .
 *(.data)
 .data          0x20000000        0x5 /tmp/ccZU6Yqk.ltrans0.ltrans.o
                0x20000000                Silabs_Header
 *fill*         0x20000005        0x3 00
 .data          0x20000008       0x18 /tmp/ccZU6Yqk.ltrans1.ltrans.o
                0x2000001c                Device_Table
 .data          0x20000020       0x90 /tmp/ccZU6Yqk.ltrans2.ltrans.o
                0x20000068                Scsi_Sense_Data
                0x20000094                pEpInt_OUT
 .data          0x200000b0       0x20 /tmp/ccZU6Yqk.ltrans3.ltrans.o
                0x200000b4                pEpInt_IN
 .data          0x200000d0       0x68 /tmp/ccZU6Yqk.ltrans4.ltrans.o
                0x200000ec                String_Descriptor
                0x20000114                User_Standard_Requests
 .data          0x20000138       0x20 /tmp/ccZU6Yqk.ltrans5.ltrans.o
                0x20000138                I2C_jobs
 .data          0x20000158       0x34 /tmp/ccZU6Yqk.ltrans8.ltrans.o
                0x20000158                Device_Property
                0x20000189                Stat.5845
 *(.data.*)
 .data.__malloc_av_
                0x2000018c      0x408 /home/laurence/ARM-GCC/bin/../lib/gcc/arm-none-eabi/4.7.4/../../../../arm-none-eabi/lib/armv7-m/libc.a(lib_a-mallocr.o)
                0x2000018c                __malloc_av_
 .data.__malloc_trim_threshold
                0x20000594        0x4 /home/laurence/ARM-GCC/bin/../lib/gcc/arm-none-eabi/4.7.4/../../../../arm-none-eabi/lib/armv7-m/libc.a(lib_a-mallocr.o)
                0x20000594                __malloc_trim_threshold
 .data.__malloc_sbrk_base
                0x20000598        0x4 /home/laurence/ARM-GCC/bin/../lib/gcc/arm-none-eabi/4.7.4/../../../../arm-none-eabi/lib/armv7-m/libc.a(lib_a-mallocr.o)
                0x20000598                __malloc_sbrk_base
 .data.ADCPrescTable
                0x2000059c        0x4 lib/STM32F10x_StdPeriph_Driver/libstm32fw.a(stm32f10x_rcc.o)
 .data.APBAHBPrescTable
                0x200005a0       0x10 lib/STM32F10x_StdPeriph_Driver/libstm32fw.a(stm32f10x_rcc.o)
 .data.impure_data
                0x200005b0      0x428 /home/laurence/ARM-GCC/bin/../lib/gcc/arm-none-eabi/4.7.4/../../../../arm-none-eabi/lib/armv7-m/libc.a(lib_a-impure.o)
 .data._impure_ptr
                0x200009d8        0x4 /home/laurence/ARM-GCC/bin/../lib/gcc/arm-none-eabi/4.7.4/../../../../arm-none-eabi/lib/armv7-m/libc.a(lib_a-impure.o)
                0x200009d8                _impure_ptr
 *(.RAMtext)
                0x200009dc                . = ALIGN (0x4)
                0x200009dc                _edata = .
                0x0800c6d4                _eidata = (_sidata + (_edata - _sdata))
                0x08020000                _lastdataromaddress = (ORIGIN (FLASH) + 0x20000)
                0x00000000                toobig = (_eidata > _lastdataromaddress)?!!!!!!!!! FLASH IS FULL !!!!!!!!!:0x0

.igot.plt       0x200009dc        0x0 load address 0x0800c6d4
 .igot.plt      0x00000000        0x0 /home/laurence/ARM-GCC/bin/../lib/gcc/arm-none-eabi/4.7.4/armv7-m/crtbegin.o

.bss            0x200009e0      0xf5c load address 0x0800c6d8
                0x200009e0                . = ALIGN (0x4)
                0x200009e0                _sbss = .
                0x200009e0                _bss = .
 *(.bss)
 .bss           0x200009e0      0xca0 /tmp/ccZU6Yqk.ltrans0.ltrans.o
                0x20000e28                bootsource
                0x20000e2c                Gps_Buffer
                0x20000e38                rputchar.5928
                0x20000e3c                Data_Buffer
                0x20000e40                Millis
                0x20000e44                Battery_Voltage
                0x20000e48                FatFs.5571
                0x20001080                FATFS_logfile
                0x200012a4                print_string
                0x200013a4                FATFS_wavfile_gyro
                0x200015c8                Silabs_driver_state
                0x200015e4                Gps
                0x20001617                System_state_Global
                0x20001618                Shutdown_System
                0x2000161c                Silabs_Rx_Buffer
                0x20001628                CTS_Low.4243
                0x2000162c                Gyro_XY_Rate
                0x20001630                Gyro_Z_Rate
                0x20001634                Auto_volt
                0x20001638                Ind_Voltage
                0x2000163c                Ignition_Selftest
                0x2000163e                AutoSequence
                0x20001640                Gyro_x_buffer
                0x2000164c                Gyro_y_buffer
                0x20001658                Gyro_z_buffer
                0x20001666                I2C1error
                0x20001668                L3GD20_Data_Buffer
                0x20001670                Aux_Voltage
                0x20001674                Gyro_Temperature
                0x20001678                Auto_spin
 .bss           0x20001680       0x90 /tmp/ccZU6Yqk.ltrans1.ltrans.o
 .bss           0x20001710       0x98 /tmp/ccZU6Yqk.ltrans2.ltrans.o
                0x20001710                CBW
                0x20001730                Bulk_Data_Buff
                0x20001770                Data_Len
                0x20001772                Bot_State
                0x20001774                CSW
                0x20001784                SCSI_LBA
                0x20001788                SCSI_BlkLen
                0x2000178c                Mass_Block_Count
                0x20001794                Mass_Block_Size
 .bss           0x200017a8        0x8 /tmp/ccZU6Yqk.ltrans3.ltrans.o
                0x200017ac                Channel_rx
 .bss           0x200017b0       0x80 /tmp/ccZU6Yqk.ltrans4.ltrans.o
 .bss           0x20001830       0x14 /tmp/ccZU6Yqk.ltrans5.ltrans.o
                0x20001833                Silabs_spi_state
                0x20001834                Silabs_Tx_Buffer
                0x20001840                CardType.5846
 .bss           0x20001844       0x1c /tmp/ccZU6Yqk.ltrans7.ltrans.o
                0x20001848                TransferState
                0x20001858                Sd_Spi_Called_From_USB_MSC
 .bss           0x20001860       0x38 /tmp/ccZU6Yqk.ltrans8.ltrans.o
                0x20001860                wIstr
                0x20001864                Timer1.5840
                0x20001868                Timer2.5841
                0x20001874                Completed_Jobs
                0x20001878                AFROESC_Data_Buffer
                0x20001888                AFROESC_Throttle
                0x20001891                job
                0x20001894                Jobs
 .bss           0x20001898        0xc /tmp/ccZU6Yqk.ltrans9.ltrans.o
                0x20001898                Usart1_rx_buff
 *(.bss.*)
 .bss.file_opened
                0x200018a4        0x1 /tmp/ccZU6Yqk.ltrans0.ltrans.o
 *fill*         0x200018a5        0x3 00
 .bss.bDeviceState
                0x200018a8        0x4 /tmp/ccZU6Yqk.ltrans0.ltrans.o
                0x200018a8                bDeviceState
 .bss.Status    0x200018ac        0x4 /tmp/ccZU6Yqk.ltrans0.ltrans.o
                0x200018ac                Status
 .bss.Last_RSSI
                0x200018b0        0x1 /tmp/ccZU6Yqk.ltrans0.ltrans.o
                0x200018b0                Last_RSSI
 *fill*         0x200018b1        0x3 00
 .bss.Max_Lun   0x200018b4        0x4 /tmp/ccZU6Yqk.ltrans2.ltrans.o
                0x200018b4                Max_Lun
 .bss.Page00_Inquiry_Data
                0x200018b8        0x5 /tmp/ccZU6Yqk.ltrans2.ltrans.o
 .bss.bIntPackSOF
                0x200018bd        0x1 /tmp/ccZU6Yqk.ltrans8.ltrans.o
 *fill*         0x200018be        0x2 00
 .bss.__malloc_max_total_mem
                0x200018c0        0x4 /home/laurence/ARM-GCC/bin/../lib/gcc/arm-none-eabi/4.7.4/../../../../arm-none-eabi/lib/armv7-m/libc.a(lib_a-mallocr.o)
                0x200018c0                __malloc_max_total_mem
 .bss.__malloc_max_sbrked_mem
                0x200018c4        0x4 /home/laurence/ARM-GCC/bin/../lib/gcc/arm-none-eabi/4.7.4/../../../../arm-none-eabi/lib/armv7-m/libc.a(lib_a-mallocr.o)
                0x200018c4                __malloc_max_sbrked_mem
 .bss.__malloc_top_pad
                0x200018c8        0x4 /home/laurence/ARM-GCC/bin/../lib/gcc/arm-none-eabi/4.7.4/../../../../arm-none-eabi/lib/armv7-m/libc.a(lib_a-mallocr.o)
                0x200018c8                __malloc_top_pad
 .bss.__malloc_current_mallinfo
                0x200018cc       0x28 /home/laurence/ARM-GCC/bin/../lib/gcc/arm-none-eabi/4.7.4/../../../../arm-none-eabi/lib/armv7-m/libc.a(lib_a-mallocr.o)
                0x200018cc                __malloc_current_mallinfo
 .bss.Data_Mul_MaxPacketSize
                0x200018f4        0x1 lib/STM32_USB-FS-Device_Driver/libstm32usb.a(usb_core.o)
                0x200018f4                Data_Mul_MaxPacketSize
 *fill*         0x200018f5        0x3 00
 .bss.heap_end.4231
                0x200018f8        0x4 /home/laurence/ARM-GCC/bin/../lib/gcc/arm-none-eabi/4.7.4/../../../../arm-none-eabi/lib/armv7-m/libnosys.a(sbrk.o)
 *(COMMON)
 COMMON         0x200018fc        0x4 /home/laurence/ARM-GCC/bin/../lib/gcc/arm-none-eabi/4.7.4/../../../../arm-none-eabi/lib/armv7-m/libc.a(lib_a-reent.o)
                0x200018fc                errno
 COMMON         0x20001900        0x2 lib/STM32_USB-FS-Device_Driver/libstm32usb.a(usb_core.o)
                0x20001900                StatusInfo
 *fill*         0x20001902        0x2 00
 COMMON         0x20001904       0x32 lib/STM32_USB-FS-Device_Driver/libstm32usb.a(usb_init.o)
                0x20001904                SaveState
                0x20001908                pProperty
                0x2000190c                EPindex
                0x20001910                Device_Info
                0x2000192c                pUser_Standard_Requests
                0x20001930                pInformation
                0x20001934                wInterrupt_Mask
 COMMON         0x20001936        0x4 lib/STM32_USB-FS-Device_Driver/libstm32usb.a(usb_int.o)
                0x20001936                SaveRState
                0x20001938                SaveTState
                0x2000193c                . = ALIGN (0x4)
 *fill*         0x2000193a        0x2 00
                0x2000193c                _ebss = .
                0x2000193c                PROVIDE (end, _ebss)
                0x2000193c                PROVIDE (_end, _ebss)

._usrstack      0x2000193c     0x2000 load address 0x0800d634
                0x2000193c                . = ALIGN (0x4)
                0x2000193c                _susrstack = .
                0x2000393c                . = (. + _Minimum_Stack_Size)
 *fill*         0x2000193c     0x2000 00
                0x2000393c                . = ALIGN (0x4)
                0x2000393c                _eusrstack = .
                0x20005000                _lastramaddress = (ORIGIN (RAM) + 0x5000)
                0x00000000                toobig = (_eusrstack > _lastramaddress)?!!!!!!!!! RAM IS FULL !!!!!!!!!:0x0

.b1text
 *(.b1text)
 *(.b1rodata)
 *(.b1rodata*)

.eb0text
 *(.eb0text)
 *(.eb0rodata)
 *(.eb0rodata*)

.eb1text
 *(.eb1text)
 *(.eb1rodata)
 *(.eb1rodata*)

.eb2text
 *(.eb2text)
 *(.eb2rodata)
 *(.eb2rodata*)

.eb3text
 *(.eb3text)
 *(.eb3rodata)
 *(.eb3rodata*)
                0x2000393c                __exidx_start = .
                0x2000393c                __exidx_end = .

/DISCARD/
 libc.a(*)
 libm.a(*)
 libgcc.a(*)

.stab
 *(.stab)

.stabstr
 *(.stabstr)

.stab.excl
 *(.stab.excl)

.stab.exclstr
 *(.stab.exclstr)

.stab.index
 *(.stab.index)

.stab.indexstr
 *(.stab.indexstr)

.comment        0x00000000       0x70
 *(.comment)
 .comment       0x00000000       0x71 /tmp/ccZU6Yqk.ltrans0.ltrans.o
 .comment       0x00000000       0x71 /tmp/ccZU6Yqk.ltrans1.ltrans.o
 .comment       0x00000000       0x71 /tmp/ccZU6Yqk.ltrans2.ltrans.o
 .comment       0x00000000       0x71 /tmp/ccZU6Yqk.ltrans3.ltrans.o
 .comment       0x00000000       0x71 /tmp/ccZU6Yqk.ltrans4.ltrans.o
 .comment       0x00000000       0x71 /tmp/ccZU6Yqk.ltrans5.ltrans.o
 .comment       0x00000000       0x71 /tmp/ccZU6Yqk.ltrans6.ltrans.o
 .comment       0x00000000       0x71 /tmp/ccZU6Yqk.ltrans7.ltrans.o
 .comment       0x00000000       0x71 /tmp/ccZU6Yqk.ltrans8.ltrans.o
 .comment       0x00000000       0x71 /tmp/ccZU6Yqk.ltrans9.ltrans.o
 .comment       0x00000000       0x70 lib/STM32F10x_StdPeriph_Driver/libstm32fw.a(misc.o)
                                 0x71 (size before relaxing)
 .comment       0x00000000       0x71 lib/STM32F10x_StdPeriph_Driver/libstm32fw.a(stm32f10x_adc.o)
 .comment       0x00000000       0x71 lib/STM32F10x_StdPeriph_Driver/libstm32fw.a(stm32f10x_bkp.o)
 .comment       0x00000000       0x71 lib/STM32F10x_StdPeriph_Driver/libstm32fw.a(stm32f10x_dbgmcu.o)
 .comment       0x00000000       0x71 lib/STM32F10x_StdPeriph_Driver/libstm32fw.a(stm32f10x_dma.o)
 .comment       0x00000000       0x71 lib/STM32F10x_StdPeriph_Driver/libstm32fw.a(stm32f10x_exti.o)
 .comment       0x00000000       0x71 lib/STM32F10x_StdPeriph_Driver/libstm32fw.a(stm32f10x_gpio.o)
 .comment       0x00000000       0x71 lib/STM32F10x_StdPeriph_Driver/libstm32fw.a(stm32f10x_i2c.o)
 .comment       0x00000000       0x71 lib/STM32F10x_StdPeriph_Driver/libstm32fw.a(stm32f10x_iwdg.o)
 .comment       0x00000000       0x71 lib/STM32F10x_StdPeriph_Driver/libstm32fw.a(stm32f10x_pwr.o)
 .comment       0x00000000       0x71 lib/STM32F10x_StdPeriph_Driver/libstm32fw.a(stm32f10x_rcc.o)
 .comment       0x00000000       0x71 lib/STM32F10x_StdPeriph_Driver/libstm32fw.a(stm32f10x_rtc.o)
 .comment       0x00000000       0x71 lib/STM32F10x_StdPeriph_Driver/libstm32fw.a(stm32f10x_spi.o)
 .comment       0x00000000       0x71 lib/STM32F10x_StdPeriph_Driver/libstm32fw.a(stm32f10x_tim.o)
 .comment       0x00000000       0x71 lib/STM32F10x_StdPeriph_Driver/libstm32fw.a(stm32f10x_usart.o)
 .comment       0x00000000       0x71 lib/STM32_USB-FS-Device_Driver/libstm32usb.a(usb_core.o)
 .comment       0x00000000       0x71 lib/STM32_USB-FS-Device_Driver/libstm32usb.a(usb_init.o)
 .comment       0x00000000       0x71 lib/STM32_USB-FS-Device_Driver/libstm32usb.a(usb_int.o)
 .comment       0x00000000       0x71 lib/STM32_USB-FS-Device_Driver/libstm32usb.a(usb_mem.o)
 .comment       0x00000000       0x71 lib/STM32_USB-FS-Device_Driver/libstm32usb.a(usb_regs.o)
 .comment       0x00000000       0x71 lib/STM32_USB-FS-Device_Driver/libstm32usb.a(usb_sil.o)

.ARM.attributes
                0x00000000       0x29
 .ARM.attributes
                0x00000000       0x1d /home/laurence/ARM-GCC/bin/../lib/gcc/arm-none-eabi/4.7.4/armv7-m/crti.o
 .ARM.attributes
                0x0000001d       0x31 /tmp/ccZU6Yqk.ltrans0.ltrans.o
 .ARM.attributes
                0x0000004e       0x31 /tmp/ccZU6Yqk.ltrans1.ltrans.o
 .ARM.attributes
                0x0000007f       0x31 /tmp/ccZU6Yqk.ltrans2.ltrans.o
 .ARM.attributes
                0x000000b0       0x31 /tmp/ccZU6Yqk.ltrans3.ltrans.o
 .ARM.attributes
                0x000000e1       0x31 /tmp/ccZU6Yqk.ltrans4.ltrans.o
 .ARM.attributes
                0x00000112       0x31 /tmp/ccZU6Yqk.ltrans5.ltrans.o
 .ARM.attributes
                0x00000143       0x31 /tmp/ccZU6Yqk.ltrans6.ltrans.o
 .ARM.attributes
                0x00000174       0x31 /tmp/ccZU6Yqk.ltrans7.ltrans.o
 .ARM.attributes
                0x000001a5       0x31 /tmp/ccZU6Yqk.ltrans8.ltrans.o
 .ARM.attributes
                0x000001d6       0x31 /tmp/ccZU6Yqk.ltrans9.ltrans.o
 .ARM.attributes
                0x00000207       0x1d /home/laurence/ARM-GCC/bin/../lib/gcc/arm-none-eabi/4.7.4/armv7-m/libgcc.a(_arm_addsubdf3.o)
 .ARM.attributes
                0x00000224       0x1d /home/laurence/ARM-GCC/bin/../lib/gcc/arm-none-eabi/4.7.4/armv7-m/libgcc.a(_arm_muldivdf3.o)
 .ARM.attributes
                0x00000241       0x1d /home/laurence/ARM-GCC/bin/../lib/gcc/arm-none-eabi/4.7.4/armv7-m/libgcc.a(_arm_cmpdf2.o)
 .ARM.attributes
                0x0000025e       0x1d /home/laurence/ARM-GCC/bin/../lib/gcc/arm-none-eabi/4.7.4/armv7-m/libgcc.a(_arm_fixunsdfsi.o)
 .ARM.attributes
                0x0000027b       0x1d /home/laurence/ARM-GCC/bin/../lib/gcc/arm-none-eabi/4.7.4/armv7-m/libgcc.a(_arm_truncdfsf2.o)
 .ARM.attributes
                0x00000298       0x1d /home/laurence/ARM-GCC/bin/../lib/gcc/arm-none-eabi/4.7.4/armv7-m/libgcc.a(_arm_addsubsf3.o)
 .ARM.attributes
                0x000002b5       0x1d /home/laurence/ARM-GCC/bin/../lib/gcc/arm-none-eabi/4.7.4/armv7-m/libgcc.a(_arm_muldivsf3.o)
 .ARM.attributes
                0x000002d2       0x1d /home/laurence/ARM-GCC/bin/../lib/gcc/arm-none-eabi/4.7.4/armv7-m/libgcc.a(_arm_cmpsf2.o)
 .ARM.attributes
                0x000002ef       0x1d /home/laurence/ARM-GCC/bin/../lib/gcc/arm-none-eabi/4.7.4/armv7-m/libgcc.a(_arm_fixunssfsi.o)
 .ARM.attributes
                0x0000030c       0x2d /home/laurence/ARM-GCC/bin/../lib/gcc/arm-none-eabi/4.7.4/../../../../arm-none-eabi/lib/armv7-m/libc.a(lib_a-malloc.o)
 .ARM.attributes
                0x00000339       0x2d /home/laurence/ARM-GCC/bin/../lib/gcc/arm-none-eabi/4.7.4/../../../../arm-none-eabi/lib/armv7-m/libc.a(lib_a-mallocr.o)
 .ARM.attributes
                0x00000366       0x2d /home/laurence/ARM-GCC/bin/../lib/gcc/arm-none-eabi/4.7.4/../../../../arm-none-eabi/lib/armv7-m/libc.a(lib_a-memcmp.o)
 .ARM.attributes
                0x00000393       0x2d /home/laurence/ARM-GCC/bin/../lib/gcc/arm-none-eabi/4.7.4/../../../../arm-none-eabi/lib/armv7-m/libc.a(lib_a-memcpy.o)
 .ARM.attributes
                0x000003c0       0x2d /home/laurence/ARM-GCC/bin/../lib/gcc/arm-none-eabi/4.7.4/../../../../arm-none-eabi/lib/armv7-m/libc.a(lib_a-mlock.o)
 .ARM.attributes
                0x000003ed       0x2d /home/laurence/ARM-GCC/bin/../lib/gcc/arm-none-eabi/4.7.4/../../../../arm-none-eabi/lib/armv7-m/libc.a(lib_a-sbrkr.o)
 .ARM.attributes
                0x0000041a       0x2d /home/laurence/ARM-GCC/bin/../lib/gcc/arm-none-eabi/4.7.4/../../../../arm-none-eabi/lib/armv7-m/libc.a(lib_a-strcat.o)
 .ARM.attributes
                0x00000447       0x2d /home/laurence/ARM-GCC/bin/../lib/gcc/arm-none-eabi/4.7.4/../../../../arm-none-eabi/lib/armv7-m/libc.a(lib_a-strchr.o)
 .ARM.attributes
                0x00000474       0x2d /home/laurence/ARM-GCC/bin/../lib/gcc/arm-none-eabi/4.7.4/../../../../arm-none-eabi/lib/armv7-m/libc.a(lib_a-strcpy.o)
 .ARM.attributes
                0x000004a1       0x2d /home/laurence/ARM-GCC/bin/../lib/gcc/arm-none-eabi/4.7.4/../../../../arm-none-eabi/lib/armv7-m/libc.a(lib_a-strlen.o)
 .ARM.attributes
                0x000004ce       0x2d /home/laurence/ARM-GCC/bin/../lib/gcc/arm-none-eabi/4.7.4/../../../../arm-none-eabi/lib/armv7-m/libc.a(lib_a-strncmp.o)
 .ARM.attributes
                0x000004fb       0x2d /home/laurence/ARM-GCC/bin/../lib/gcc/arm-none-eabi/4.7.4/../../../../arm-none-eabi/lib/armv7-m/libc.a(lib_a-strncpy.o)
 .ARM.attributes
                0x00000528       0x2d /home/laurence/ARM-GCC/bin/../lib/gcc/arm-none-eabi/4.7.4/../../../../arm-none-eabi/lib/armv7-m/libc.a(lib_a-freer.o)
 .ARM.attributes
                0x00000555       0x2d /home/laurence/ARM-GCC/bin/../lib/gcc/arm-none-eabi/4.7.4/../../../../arm-none-eabi/lib/armv7-m/libc.a(lib_a-reent.o)
 .ARM.attributes