Archive member included because of file (symbol)

lib/STM32F10x_StdPeriph_Driver/libstm32fw.a(misc.o)
                              interrupts.o (symbol from plugin) (NVIC_PriorityGroupConfig)
lib/STM32F10x_StdPeriph_Driver/libstm32fw.a(stm32f10x_adc.o)
                              adc.o (symbol from plugin) (ADC_DeInit)
lib/STM32F10x_StdPeriph_Driver/libstm32fw.a(stm32f10x_bkp.o)
                              Util/fat_fs/src/rtc.o (symbol from plugin) (BKP_DeInit)
lib/STM32F10x_StdPeriph_Driver/libstm32fw.a(stm32f10x_dbgmcu.o)
                              main.o (symbol from plugin) (DBGMCU_Config)
lib/STM32F10x_StdPeriph_Driver/libstm32fw.a(stm32f10x_dma.o)
                              Silabs/si446x.o (symbol from plugin) (DMA_DeInit)
lib/STM32F10x_StdPeriph_Driver/libstm32fw.a(stm32f10x_exti.o)
                              Silabs/si446x.o (symbol from plugin) (EXTI_DeInit)
lib/STM32F10x_StdPeriph_Driver/libstm32fw.a(stm32f10x_gpio.o)
                              Silabs/si446x.o (symbol from plugin) (GPIO_Init)
lib/STM32F10x_StdPeriph_Driver/libstm32fw.a(stm32f10x_i2c.o)
                              i2c_int.o (symbol from plugin) (I2C_DeInit)
lib/STM32F10x_StdPeriph_Driver/libstm32fw.a(stm32f10x_iwdg.o)
                              watchdog.o (symbol from plugin) (IWDG_WriteAccessCmd)
lib/STM32F10x_StdPeriph_Driver/libstm32fw.a(stm32f10x_pwr.o)
                              pwr.o (symbol from plugin) (PWR_DeInit)
lib/STM32F10x_StdPeriph_Driver/libstm32fw.a(stm32f10x_rcc.o)
                              interrupts.o (symbol from plugin) (RCC_HCLKConfig)
lib/STM32F10x_StdPeriph_Driver/libstm32fw.a(stm32f10x_rtc.o)
                              Util/fat_fs/src/rtc.o (symbol from plugin) (RTC_GetCounter)
lib/STM32F10x_StdPeriph_Driver/libstm32fw.a(stm32f10x_spi.o)
                              Util/fat_fs/src/sd_spi_stm32.o (symbol from plugin) (SPI_I2S_DeInit)
lib/STM32F10x_StdPeriph_Driver/libstm32fw.a(stm32f10x_tim.o)
                              pwm.o (symbol from plugin) (TIM_TimeBaseInit)
lib/STM32F10x_StdPeriph_Driver/libstm32fw.a(stm32f10x_usart.o)
                              usart.o (symbol from plugin) (USART_DeInit)
lib/STM32_USB-FS-Device_Driver/libstm32usb.a(usb_core.o)
                              Util/USB/usb_prop.o (symbol from plugin) (Standard_GetDescriptorData)
lib/STM32_USB-FS-Device_Driver/libstm32usb.a(usb_init.o)
                              main.o (symbol from plugin) (USB_Init)
lib/STM32_USB-FS-Device_Driver/libstm32usb.a(usb_int.o)
                              Util/USB/usb_istr.o (symbol from plugin) (CTR_LP)
lib/STM32_USB-FS-Device_Driver/libstm32usb.a(usb_mem.o)
                              lib/STM32_USB-FS-Device_Driver/libstm32usb.a(usb_core.o) (UserToPMABufferCopy)
lib/STM32_USB-FS-Device_Driver/libstm32usb.a(usb_regs.o)
                              Util/USB/usb_prop.o (symbol from plugin) (SetBTABLE)
lib/STM32_USB-FS-Device_Driver/libstm32usb.a(usb_sil.o)
                              Util/USB/usb_prop.o (symbol from plugin) (USB_SIL_Init)
/home/laurence/ARM-GCC/bin/../lib/gcc/arm-none-eabi/4.7.4/../../../../arm-none-eabi/lib/armv7-m/libc.a(lib_a-__atexit.o)
                              /home/laurence/ARM-GCC/bin/../lib/gcc/arm-none-eabi/4.7.4/../../../../arm-none-eabi/lib/armv7-m/crt0.o (__register_exitproc)
/home/laurence/ARM-GCC/bin/../lib/gcc/arm-none-eabi/4.7.4/../../../../arm-none-eabi/lib/armv7-m/libc.a(lib_a-exit.o)
                              /home/laurence/ARM-GCC/bin/../lib/gcc/arm-none-eabi/4.7.4/../../../../arm-none-eabi/lib/armv7-m/crt0.o (exit)
/home/laurence/ARM-GCC/bin/../lib/gcc/arm-none-eabi/4.7.4/../../../../arm-none-eabi/lib/armv7-m/libc.a(lib_a-fini.o)
                              /home/laurence/ARM-GCC/bin/../lib/gcc/arm-none-eabi/4.7.4/../../../../arm-none-eabi/lib/armv7-m/crt0.o (__libc_fini_array)
/home/laurence/ARM-GCC/bin/../lib/gcc/arm-none-eabi/4.7.4/../../../../arm-none-eabi/lib/armv7-m/libc.a(lib_a-impure.o)
                              /home/laurence/ARM-GCC/bin/../lib/gcc/arm-none-eabi/4.7.4/../../../../arm-none-eabi/lib/armv7-m/libc.a(lib_a-__atexit.o) (_global_impure_ptr)
/home/laurence/ARM-GCC/bin/../lib/gcc/arm-none-eabi/4.7.4/../../../../arm-none-eabi/lib/armv7-m/libc.a(lib_a-init.o)
                              /home/laurence/ARM-GCC/bin/../lib/gcc/arm-none-eabi/4.7.4/../../../../arm-none-eabi/lib/armv7-m/crt0.o (__libc_init_array)
/home/laurence/ARM-GCC/bin/../lib/gcc/arm-none-eabi/4.7.4/../../../../arm-none-eabi/lib/armv7-m/libc.a(lib_a-memset.o)
                              /home/laurence/ARM-GCC/bin/../lib/gcc/arm-none-eabi/4.7.4/../../../../arm-none-eabi/lib/armv7-m/crt0.o (memset)
/home/laurence/ARM-GCC/bin/../lib/gcc/arm-none-eabi/4.7.4/../../../../arm-none-eabi/lib/armv7-m/libc.a(lib_a-__call_atexit.o)
                              /home/laurence/ARM-GCC/bin/../lib/gcc/arm-none-eabi/4.7.4/../../../../arm-none-eabi/lib/armv7-m/libc.a(lib_a-exit.o) (__call_exitprocs)
[...]
Memory Configuration

Name             Origin             Length             Attributes
RAM              0x20000000         0x00005000         xrw
FLASH            0x08000000         0x00020000         xr
FLASHB1          0x00000000         0x00000000         xr
EXTMEMB0         0x00000000         0x00000000         xr
EXTMEMB1         0x00000000         0x00000000         xr
EXTMEMB2         0x00000000         0x00000000         xr
EXTMEMB3         0x00000000         0x00000000         xr
STARTFLASH       0x00000000         0xffffffff
CRPPATCH         0x00000000         0xffffffff
FLASHPATCH       0x00000000         0xffffffff
ENDFLASH         0x00000000         0xffffffff
*default*        0x00000000         0xffffffff

Linker script and memory map

LOAD /home/laurence/ARM-GCC/bin/../lib/gcc/arm-none-eabi/4.7.4/armv7-m/crti.o
LOAD /home/laurence/ARM-GCC/bin/../lib/gcc/arm-none-eabi/4.7.4/armv7-m/crtbegin.o
LOAD /home/laurence/ARM-GCC/bin/../lib/gcc/arm-none-eabi/4.7.4/../../../../arm-none-eabi/lib/armv7-m/crt0.o
LOAD Silabs/si446x.o
LOAD /tmp/ccZFJcLy.ltrans0.ltrans.o
LOAD /tmp/ccZFJcLy.ltrans1.ltrans.o
LOAD /tmp/ccZFJcLy.ltrans2.ltrans.o
LOAD /tmp/ccZFJcLy.ltrans3.ltrans.o
LOAD /tmp/ccZFJcLy.ltrans4.ltrans.o
LOAD /tmp/ccZFJcLy.ltrans5.ltrans.o
LOAD /tmp/ccZFJcLy.ltrans6.ltrans.o
LOAD /tmp/ccZFJcLy.ltrans7.ltrans.o
LOAD /tmp/ccZFJcLy.ltrans8.ltrans.o
LOAD /tmp/ccZFJcLy.ltrans9.ltrans.o
LOAD /home/laurence/ARM-GCC/bin/../lib/gcc/arm-none-eabi/4.7.4/armv7-m/libgcc.a
LOAD /home/laurence/ARM-GCC/bin/../lib/gcc/arm-none-eabi/4.7.4/../../../../arm-none-eabi/lib/armv7-m/libc.a
LOAD Ublox/ubx.o
LOAD Util/USB/hw_config.o
LOAD Util/USB/mass_mal.o
LOAD Util/USB/memory.o
LOAD Util/USB/scsi_data.o
LOAD Util/USB/usb_bot.o
LOAD Util/USB/usb_desc.o
LOAD Util/USB/usb_endp.o
LOAD Util/USB/usb_istr.o
LOAD Util/USB/usb_prop.o
LOAD Util/USB/usb_pwr.o
LOAD Util/USB/usb_scsi.o
LOAD Util/buffer.o
LOAD Util/crc.o
LOAD Util/delay.o
LOAD Util/fat_fs/option/ccsbcs.o
LOAD Util/fat_fs/src/fattime.o
LOAD Util/fat_fs/src/ff.o
LOAD Util/fat_fs/src/rtc.o
LOAD Util/fat_fs/src/sd_spi_stm32.o
LOAD Util/polygon.o
LOAD Util/rprintf.o
LOAD Util/wave.o
LOAD adc.o
LOAD dma.o
LOAD gpio.o
LOAD i2c_int.o
LOAD interrupts.o
LOAD lib/CMSIS_CM3/core_cm3.o
LOAD lib/CMSIS_CM3/startup/gcc/startup_stm32f10x_md.o
LOAD lib/CMSIS_CM3/system_stm32f10x.o
LOAD main.o
LOAD pwm.o
LOAD pwr.o
LOAD usart.o
LOAD watchdog.o
LOAD lib/STM32F10x_StdPeriph_Driver/libstm32fw.a
LOAD lib/STM32_USB-FS-Device_Driver/libstm32usb.a
LOAD /home/laurence/ARM-GCC/bin/../lib/gcc/arm-none-eabi/4.7.4/../../../../arm-none-eabi/lib/armv7-m/libm.a
LOAD /home/laurence/ARM-GCC/bin/../lib/gcc/arm-none-eabi/4.7.4/../../../../arm-none-eabi/lib/armv7-m/libnosys.a
START GROUP
LOAD /home/laurence/ARM-GCC/bin/../lib/gcc/arm-none-eabi/4.7.4/armv7-m/libgcc.a
LOAD /home/laurence/ARM-GCC/bin/../lib/gcc/arm-none-eabi/4.7.4/../../../../arm-none-eabi/lib/armv7-m/libc.a
END GROUP
LOAD /home/laurence/ARM-GCC/bin/../lib/gcc/arm-none-eabi/4.7.4/armv7-m/crtend.o
LOAD /home/laurence/ARM-GCC/bin/../lib/gcc/arm-none-eabi/4.7.4/armv7-m/crtn.o
                0x00002000                __Stack_Size = 0x2000
                0x00002000                PROVIDE (_Stack_Size, __Stack_Size)
                0x20003000                __Stack_Init = (_estack - __Stack_Size)
                0x20003000                PROVIDE (_Stack_Init, __Stack_Init)
                0x00002000                _Minimum_Stack_Size = 0x2000
                0x00000000                PROVIDE (Undefined_Handler, 0x0)
                0x00000000                PROVIDE (SWI_Handler, 0x0)
                0x00000000                PROVIDE (IRQ_Handler, 0x0)
                0x00000000                PROVIDE (Prefetch_Handler, 0x0)
                0x00000000                PROVIDE (Abort_Handler, 0x0)
                0x00000000                PROVIDE (FIQ_Handler, 0x0)
                0x00000000                PROVIDE (NMIException, 0x0)
                0x00000000                PROVIDE (NMI_Handler, 0x0)
                0x00000000                PROVIDE (HardFaultException, 0x0)
                0x00000000                PROVIDE (HardFault_Handler, 0x0)
                0x00000000                PROVIDE (MemManageException, 0x0)
                0x00000000                PROVIDE (MemManage_Handler, 0x0)
                0x00000000                PROVIDE (BusFaultException, 0x0)
                0x00000000                PROVIDE (BusFault_Handler, 0x0)
                0x00000000                PROVIDE (UsageFaultException, 0x0)
                0x00000000                PROVIDE (UsageFault_Handler, 0x0)
                0x00000000                PROVIDE (SVCHandler, 0x0)
                0x00000000                PROVIDE (SVC_Handler, 0x0)
                0x00000000                PROVIDE (DebugMonitor, 0x0)
                0x00000000                PROVIDE (DebugMon_Handler, 0x0)
                0x00000000                PROVIDE (PendSVC, 0x0)
                0x00000000                PROVIDE (PendSV_Handler, 0x0)
                0x00000000                PROVIDE (SysTickHandler, 0x0)
                0x00000000                PROVIDE (SysTick_Handler, 0x0)
                0x00000000                PROVIDE (WWDG_IRQHandler, 0x0)
                0x00000000                PROVIDE (PVD_IRQHandler, 0x0)
                0x00000000                PROVIDE (TAMPER_IRQHandler, 0x0)
                0x00000000                PROVIDE (RTC_IRQHandler, 0x0)
                0x00000000                PROVIDE (FLASH_IRQHandler, 0x0)
                0x00000000                PROVIDE (RCC_IRQHandler, 0x0)
                0x00000000                PROVIDE (EXTI0_IRQHandler, 0x0)
                0x00000000                PROVIDE (EXTI1_IRQHandler, 0x0)
                0x00000000                PROVIDE (EXTI2_IRQHandler, 0x0)
                0x00000000                PROVIDE (EXTI3_IRQHandler, 0x0)
                0x00000000                PROVIDE (EXTI4_IRQHandler, 0x0)
                0x00000000                PROVIDE (DMAChannel1_IRQHandler, 0x0)
                0x00000000                PROVIDE (DMAChannel2_IRQHandler, 0x0)
                0x00000000                PROVIDE (DMAChannel3_IRQHandler, 0x0)
                0x00000000                PROVIDE (DMAChannel4_IRQHandler, 0x0)
                0x00000000                PROVIDE (DMAChannel5_IRQHandler, 0x0)
                0x00000000                PROVIDE (DMAChannel6_IRQHandler, 0x0)
                0x00000000                PROVIDE (DMAChannel7_IRQHandler, 0x0)
                0x00000000                PROVIDE (DMA1_Channel1_IRQHandler, 0x0)
                0x00000000                PROVIDE (DMA1_Channel2_IRQHandler, 0x0)
                0x00000000                PROVIDE (DMA1_Channel3_IRQHandler, 0x0)
                0x00000000                PROVIDE (DMA1_Channel4_IRQHandler, 0x0)
                0x00000000                PROVIDE (DMA1_Channel5_IRQHandler, 0x0)
                0x00000000                PROVIDE (DMA1_Channel6_IRQHandler, 0x0)
                0x00000000                PROVIDE (DMA1_Channel7_IRQHandler, 0x0)
                0x00000000                PROVIDE (ADC_IRQHandler, 0x0)
                0x00000000                PROVIDE (ADC1_2_IRQHandler, 0x0)
                0x00000000                PROVIDE (USB_HP_CAN_TX_IRQHandler, 0x0)
                0x00000000                PROVIDE (USB_HP_CAN1_TX_IRQHandler, 0x0)
                0x00000000                PROVIDE (USB_LP_CAN_RX0_IRQHandler, 0x0)
                0x00000000                PROVIDE (USB_LP_CAN1_RX0_IRQHandler, 0x0)
                0x00000000                PROVIDE (CAN_RX1_IRQHandler, 0x0)
                0x00000000                PROVIDE (CAN1_RX1_IRQHandler, 0x0)
                0x00000000                PROVIDE (CAN_SCE_IRQHandler, 0x0)
                0x00000000                PROVIDE (CAN1_SCE_IRQHandler, 0x0)
                0x00000000                PROVIDE (EXTI9_5_IRQHandler, 0x0)
                0x00000000                PROVIDE (TIM1_BRK_IRQHandler, 0x0)
                0x00000000                PROVIDE (TIM1_UP_IRQHandler, 0x0)
                0x00000000                PROVIDE (TIM1_TRG_COM_IRQHandler, 0x0)
                0x00000000                PROVIDE (TIM1_CC_IRQHandler, 0x0)
                0x00000000                PROVIDE (TIM2_IRQHandler, 0x0)
                0x00000000                PROVIDE (TIM3_IRQHandler, 0x0)
                0x00000000                PROVIDE (TIM4_IRQHandler, 0x0)
                0x00000000                PROVIDE (I2C1_EV_IRQHandler, 0x0)
                0x00000000                PROVIDE (I2C1_ER_IRQHandler, 0x0)
                0x00000000                PROVIDE (I2C2_EV_IRQHandler, 0x0)
                0x00000000                PROVIDE (I2C2_ER_IRQHandler, 0x0)
                0x00000000                PROVIDE (SPI1_IRQHandler, 0x0)
                0x00000000                PROVIDE (SPI2_IRQHandler, 0x0)
                0x00000000                PROVIDE (USART1_IRQHandler, 0x0)
                0x00000000                PROVIDE (USART2_IRQHandler, 0x0)
                0x00000000                PROVIDE (USART3_IRQHandler, 0x0)
                0x00000000                PROVIDE (EXTI15_10_IRQHandler, 0x0)
                0x00000000                PROVIDE (RTCAlarm_IRQHandler, 0x0)
                0x00000000                PROVIDE (USBWakeUp_IRQHandler, 0x0)
                0x00000000                PROVIDE (TIM8_BRK_IRQHandler, 0x0)
                0x00000000                PROVIDE (TIM8_UP_IRQHandler, 0x0)
                0x00000000                PROVIDE (TIM8_TRG_COM_IRQHandler, 0x0)
                0x00000000                PROVIDE (TIM8_CC_IRQHandler, 0x0)
                0x00000000                PROVIDE (ADC3_IRQHandler, 0x0)
                0x00000000                PROVIDE (FSMC_IRQHandler, 0x0)
                0x00000000                PROVIDE (SDIO_IRQHandler, 0x0)
                0x00000000                PROVIDE (TIM5_IRQHandler, 0x0)
                0x00000000                PROVIDE (SPI3_IRQHandler, 0x0)
                0x00000000                PROVIDE (UART4_IRQHandler, 0x0)
                0x00000000                PROVIDE (UART5_IRQHandler, 0x0)
                0x00000000                PROVIDE (TIM6_IRQHandler, 0x0)
                0x00000000                PROVIDE (TIM7_IRQHandler, 0x0)
                0x00000000                PROVIDE (DMA2_Channel1_IRQHandler, 0x0)
                0x00000000                PROVIDE (DMA2_Channel2_IRQHandler, 0x0)
                0x00000000                PROVIDE (DMA2_Channel3_IRQHandler, 0x0)
                0x00000000                PROVIDE (DMA2_Channel4_5_IRQHandler, 0x0)
                0x42000000                PERIPH_BB_BASE = 0x42000000
                0x22000000                SRAM_BB_BASE = 0x22000000
                0x20000000                SRAM_BASE = 0x20000000
                0x40000000                PERIPH_BASE = 0x40000000
                0x40022000                PROVIDE (FLASH_BASE, 0x40022000)
                0x1ffff800                PROVIDE (OB_BASE, 0x1ffff800)
                0x40000000                APB1PERIPH_BASE = PERIPH_BASE
                0x40010000                APB2PERIPH_BASE = (PERIPH_BASE + 0x10000)
                0x40020000                AHBPERIPH_BASE = (PERIPH_BASE + 0x20000)
                0x40000000                PROVIDE (TIM2, (APB1PERIPH_BASE + 0x0))
                0x40000400                PROVIDE (TIM3, (APB1PERIPH_BASE + 0x400))
                0x40000800                PROVIDE (TIM4, (APB1PERIPH_BASE + 0x800))
                0x40002800                PROVIDE (RTC, (APB1PERIPH_BASE + 0x2800))
                0x40002c00                PROVIDE (WWDG, (APB1PERIPH_BASE + 0x2c00))
                0x40003000                PROVIDE (IWDG, (APB1PERIPH_BASE + 0x3000))
                0x40003800                PROVIDE (SPI2, (APB1PERIPH_BASE + 0x3800))
                0x40004400                PROVIDE (USART2, (APB1PERIPH_BASE + 0x4400))
                0x40004800                PROVIDE (USART3, (APB1PERIPH_BASE + 0x4800))
                0x40005400                PROVIDE (I2C1, (APB1PERIPH_BASE + 0x5400))
                0x40005800                PROVIDE (I2C2, (APB1PERIPH_BASE + 0x5800))
                0x40006400                PROVIDE (CAN, (APB1PERIPH_BASE + 0x6400))
                0x40006c00                PROVIDE (BKP, (APB1PERIPH_BASE + 0x6c00))
                0x40007000                PROVIDE (PWR, (APB1PERIPH_BASE + 0x7000))
                0x40010000                PROVIDE (AFIO, (APB2PERIPH_BASE + 0x0))
                0x40010400                PROVIDE (EXTI, (APB2PERIPH_BASE + 0x400))
                0x40010800                PROVIDE (GPIOA, (APB2PERIPH_BASE + 0x800))
                0x40010c00                PROVIDE (GPIOB, (APB2PERIPH_BASE + 0xc00))
                0x40011000                PROVIDE (GPIOC, (APB2PERIPH_BASE + 0x1000))
                0x40011400                PROVIDE (GPIOD, (APB2PERIPH_BASE + 0x1400))
                0x40011800                PROVIDE (GPIOE, (APB2PERIPH_BASE + 0x1800))
                0x40012400                PROVIDE (ADC1, (APB2PERIPH_BASE + 0x2400))
                0x40012800                PROVIDE (ADC2, (APB2PERIPH_BASE + 0x2800))
                0x40012c00                PROVIDE (TIM1, (APB2PERIPH_BASE + 0x2c00))
                0x40013000                PROVIDE (SPI1, (APB2PERIPH_BASE + 0x3000))
                0x40013800                PROVIDE (USART1, (APB2PERIPH_BASE + 0x3800))
                0x40020000                PROVIDE (DMA, (AHBPERIPH_BASE + 0x0))
                0x40020008                PROVIDE (DMA_Channel1, (AHBPERIPH_BASE + 0x8))
                0x4002001c                PROVIDE (DMA_Channel2, (AHBPERIPH_BASE + 0x1c))
                0x40020030                PROVIDE (DMA_Channel3, (AHBPERIPH_BASE + 0x30))
                0x40020044                PROVIDE (DMA_Channel4, (AHBPERIPH_BASE + 0x44))
                0x40020058                PROVIDE (DMA_Channel5, (AHBPERIPH_BASE + 0x58))
                0x4002006c                PROVIDE (DMA_Channel6, (AHBPERIPH_BASE + 0x6c))
                0x40020080                PROVIDE (DMA_Channel7, (AHBPERIPH_BASE + 0x80))
                0x40021000                PROVIDE (RCC, (AHBPERIPH_BASE + 0x1000))
                0xe000e000                SCS_BASE = 0xe000e000
                0xe000e010                PROVIDE (SysTick, (SCS_BASE + 0x10))
                0xe000e100                PROVIDE (NVIC, (SCS_BASE + 0x100))
                0xe000ed00                PROVIDE (SCB, (SCS_BASE + 0xd00))
                0x20005000                PROVIDE (_estack, (ORIGIN (RAM) + 0x5000))

.isr_vector     0x08000000      0x10c
                0x08000000                . = ALIGN (0x4)
 *(.isr_vector)
 .isr_vector    0x08000000      0x10c lib/CMSIS_CM3/startup/gcc/startup_stm32f10x_md.o
                0x08000000                g_pfnVectors
                0x0800010c                . = ALIGN (0x4)

.flash_start    0x00000000        0x0
                0x00000000                . = ALIGN (0x4)
 *(.flash_start)
 *(.flash_start.*)
                0x00000000                . = ALIGN (0x4)

.crp_patch      0x00000000        0x0
                0x00000000                . = ALIGN (0x4)
 *(.crp_patch)
                0x00000000                . = ALIGN (0x4)

.flashtext      0x0800010c        0x0
                0x0800010c                . = ALIGN (0x4)
 *(.flashtext)
                0x0800010c                . = ALIGN (0x4)

.text           0x08000110     0xb8e4
                0x08000110                . = ALIGN (0x4)
 *(.text)
 .text          0x08000110      0x370 /home/laurence/ARM-GCC/bin/../lib/gcc/arm-none-eabi/4.7.4/armv7-m/libgcc.a(_arm_addsubdf3.o)
                0x08000110                __aeabi_drsub
                0x08000118                __aeabi_dsub
                0x08000118                __subdf3
                0x0800011c                __adddf3
                0x0800011c                __aeabi_dadd
                0x08000394                __aeabi_ui2d
                0x08000394                __floatunsidf
                0x080003b4                __floatsidf
                0x080003b4                __aeabi_i2d
                0x080003d8                __extendsfdf2
                0x080003d8                __aeabi_f2d
                0x08000414                __aeabi_ul2d
                0x08000414                __floatundidf
                0x08000424                __floatdidf
                0x08000424                __aeabi_l2d
 .text          0x08000480      0x424 /home/laurence/ARM-GCC/bin/../lib/gcc/arm-none-eabi/4.7.4/armv7-m/libgcc.a(_arm_muldivdf3.o)
                0x08000480                __aeabi_dmul
                0x08000480                __muldf3
                0x080006d4                __aeabi_ddiv
                0x080006d4                __divdf3
 .text          0x080008a4      0x110 /home/laurence/ARM-GCC/bin/../lib/gcc/arm-none-eabi/4.7.4/armv7-m/libgcc.a(_arm_cmpdf2.o)
                0x080008a4                __gtdf2
                0x080008a4                __gedf2
                0x080008ac                __ltdf2
                0x080008ac                __ledf2
                0x080008b4                __cmpdf2
                0x080008b4                __eqdf2
                0x080008b4                __nedf2
                0x08000930                __aeabi_cdrcmple
                0x08000940                __aeabi_cdcmple
                0x08000940                __aeabi_cdcmpeq
                0x08000950                __aeabi_dcmpeq
                0x08000964                __aeabi_dcmplt
                0x08000978                __aeabi_dcmple
                0x0800098c                __aeabi_dcmpge
                0x080009a0                __aeabi_dcmpgt
 .text          0x080009b4       0x40 /home/laurence/ARM-GCC/bin/../lib/gcc/arm-none-eabi/4.7.4/armv7-m/libgcc.a(_arm_fixunsdfsi.o)
                0x080009b4                __fixunsdfsi
                0x080009b4                __aeabi_d2uiz
 .text          0x080009f4       0xa0 /home/laurence/ARM-GCC/bin/../lib/gcc/arm-none-eabi/4.7.4/armv7-m/libgcc.a(_arm_truncdfsf2.o)
                0x080009f4                __aeabi_d2f
                0x080009f4                __truncdfsf2
 .text          0x08000a94      0x21c /home/laurence/ARM-GCC/bin/../lib/gcc/arm-none-eabi/4.7.4/armv7-m/libgcc.a(_arm_addsubsf3.o)
                0x08000a94                __aeabi_frsub
                0x08000a9c                __subsf3
                0x08000a9c                __aeabi_fsub
                0x08000aa0                __aeabi_fadd
                0x08000aa0                __addsf3
                0x08000c00                __aeabi_ui2f
                0x08000c00                __floatunsisf
                0x08000c08                __aeabi_i2f
                0x08000c08                __floatsisf
                0x08000c24                __floatundisf
                0x08000c24                __aeabi_ul2f
                0x08000c34                __floatdisf
                0x08000c34                __aeabi_l2f
 .text          0x08000cb0      0x2a0 /home/laurence/ARM-GCC/bin/../lib/gcc/arm-none-eabi/4.7.4/armv7-m/libgcc.a(_arm_muldivsf3.o)
                0x08000cb0                __mulsf3
                0x08000cb0                __aeabi_fmul
                0x08000e18                __divsf3
                0x08000e18                __aeabi_fdiv
 .text          0x08000f50       0xec /home/laurence/ARM-GCC/bin/../lib/gcc/arm-none-eabi/4.7.4/armv7-m/libgcc.a(_arm_cmpsf2.o)
                0x08000f50                __gtsf2
                0x08000f50                __gesf2
                0x08000f58                __lesf2
                0x08000f58                __ltsf2
                0x08000f60                __nesf2
                0x08000f60                __eqsf2
                0x08000f60                __cmpsf2
                0x08000fc0                __aeabi_cfrcmple
                0x08000fc8                __aeabi_cfcmple
                0x08000fc8                __aeabi_cfcmpeq
                0x08000fd8                __aeabi_fcmpeq
                0x08000fec                __aeabi_fcmplt
                0x08001000                __aeabi_fcmple
                0x08001014                __aeabi_fcmpge
                0x08001028                __aeabi_fcmpgt
 .text          0x0800103c       0x40 /home/laurence/ARM-GCC/bin/../lib/gcc/arm-none-eabi/4.7.4/armv7-m/libgcc.a(_arm_fixunssfsi.o)
                0x0800103c                __aeabi_f2uiz
                0x0800103c                __fixunssfsi
 *(.text.*)
 *fill*         0x0800107c        0x4 00
 .text.startup.main
                0x08001080     0x1a00 /tmp/ccZFJcLy.ltrans0.ltrans.o
                0x08001080                main
 .text.atoiRamRom.4074
                0x08002a80       0x20 /tmp/ccZFJcLy.ltrans1.ltrans.o
 .text.Resume_Init.4223
                0x08002aa0       0x30 /tmp/ccZFJcLy.ltrans1.ltrans.o
 .text.Get_Max_Lun
                0x08002ad0       0x18 /tmp/ccZFJcLy.ltrans1.ltrans.o
                0x08002ad0                Get_Max_Lun
 .text.MASS_Get_Interface_Setting
                0x08002ae8        0xc /tmp/ccZFJcLy.ltrans1.ltrans.o
                0x08002ae8                MASS_Get_Interface_Setting
 .text.MASS_Status_Out
                0x08002af4        0x2 /tmp/ccZFJcLy.ltrans1.ltrans.o
                0x08002af4                MASS_Status_Out
 .text.MASS_Status_In
                0x08002af6        0x2 /tmp/ccZFJcLy.ltrans1.ltrans.o
                0x08002af6                MASS_Status_In
 .text.Mass_Storage_SetDeviceAddress
                0x08002af8        0xc /tmp/ccZFJcLy.ltrans1.ltrans.o
                0x08002af8                Mass_Storage_SetDeviceAddress
 .text.stm32_dma_transfer.5670.4054
                0x08002b04       0xcc /tmp/ccZFJcLy.ltrans1.ltrans.o
 .text.MASS_Reset
                0x08002bd0       0xe0 /tmp/ccZFJcLy.ltrans1.ltrans.o
                0x08002bd0                MASS_Reset
 .text.Mass_Storage_SetConfiguration
                0x08002cb0       0x30 /tmp/ccZFJcLy.ltrans1.ltrans.o
                0x08002cb0                Mass_Storage_SetConfiguration
 .text.MASS_NoData_Setup
                0x08002ce0       0x4c /tmp/ccZFJcLy.ltrans1.ltrans.o
                0x08002ce0                MASS_NoData_Setup
 .text.MASS_GetDeviceDescriptor
                0x08002d2c        0xc /tmp/ccZFJcLy.ltrans1.ltrans.o
                0x08002d2c                MASS_GetDeviceDescriptor
 .text.MASS_GetConfigDescriptor
                0x08002d38        0xc /tmp/ccZFJcLy.ltrans1.ltrans.o
                0x08002d38                MASS_GetConfigDescriptor
 .text.MASS_GetStringDescriptor
                0x08002d44       0x20 /tmp/ccZFJcLy.ltrans1.ltrans.o
                0x08002d44                MASS_GetStringDescriptor
 .text.I2C1_Request_Job
                0x08002d64       0x58 /tmp/ccZFJcLy.ltrans1.ltrans.o
                0x08002d64                I2C1_Request_Job
 .text.rprintfChar
                0x08002dbc       0x1c /tmp/ccZFJcLy.ltrans1.ltrans.o
                0x08002dbc                rprintfChar
 .text.rprintf2RamRom
                0x08002dd8      0x404 /tmp/ccZFJcLy.ltrans1.ltrans.o
                0x08002dd8                rprintf2RamRom
 .text.stm32_spi_rw.5659
                0x080031dc       0x24 /tmp/ccZFJcLy.ltrans1.ltrans.o
                0x080031dc                stm32_spi_rw.5659
 .text.rcvr_spi.5662
                0x08003200        0x6 /tmp/ccZFJcLy.ltrans1.ltrans.o
                0x08003200                rcvr_spi.5662
 *fill*         0x08003206        0x2 00
 .text.release_spi
                0x08003208       0x18 /tmp/ccZFJcLy.ltrans1.ltrans.o
                0x08003208                release_spi
 .text.rcvr_datablock
                0x08003220       0x54 /tmp/ccZFJcLy.ltrans1.ltrans.o
                0x08003220                rcvr_datablock
 .text.xmit_datablock.part.1.5675
                0x08003274       0x2c /tmp/ccZFJcLy.ltrans1.ltrans.o
                0x08003274                xmit_datablock.part.1.5675
 .text.wait_ready.5664
                0x080032a0       0x24 /tmp/ccZFJcLy.ltrans1.ltrans.o
                0x080032a0                wait_ready.5664
 .text.send_cmd.5666
                0x080032c4       0xbc /tmp/ccZFJcLy.ltrans1.ltrans.o
                0x080032c4                send_cmd.5666
 .text.disk_read
                0x08003380       0xa0 /tmp/ccZFJcLy.ltrans1.ltrans.o
                0x08003380                disk_read
 .text.validate.5312
                0x08003420       0x2c /tmp/ccZFJcLy.ltrans1.ltrans.o
                0x08003420                validate.5312
 .text.counter_to_struct.5573
                0x0800344c       0xa8 /tmp/ccZFJcLy.ltrans1.ltrans.o
                0x0800344c                counter_to_struct.5573
 .text.isDST.5555
                0x080034f4       0x2a /tmp/ccZFJcLy.ltrans1.ltrans.o
                0x080034f4                isDST.5555
 *fill*         0x0800351e        0x2 00
 .text.rtc_gettime
                0x08003520       0x74 /tmp/ccZFJcLy.ltrans1.ltrans.o
                0x08003520                rtc_gettime
 .text.get_fattime
                0x08003594       0x40 /tmp/ccZFJcLy.ltrans1.ltrans.o
                0x08003594                get_fattime
 .text.clust2sect
                0x080035d4       0x18 /tmp/ccZFJcLy.ltrans1.ltrans.o
                0x080035d4                clust2sect
 .text.mem_cpy.5243
                0x080035ec       0x12 /tmp/ccZFJcLy.ltrans1.ltrans.o
                0x080035ec                mem_cpy.5243
 *fill*         0x080035fe        0x2 00
 .text.ff_convert.part.0.5176
                0x08003600       0x24 /tmp/ccZFJcLy.ltrans1.ltrans.o
                0x08003600                ff_convert.part.0.5176
 .text.Delay    0x08003624       0x1a /tmp/ccZFJcLy.ltrans1.ltrans.o
                0x08003624                Delay
 .text.Pop_From_Buffer
                0x0800363e       0x1c /tmp/ccZFJcLy.ltrans1.ltrans.o
                0x0800363e                Pop_From_Buffer
 .text.Add_To_Byte_Buffer
                0x0800365a       0x46 /tmp/ccZFJcLy.ltrans1.ltrans.o
                0x0800365a                Add_To_Byte_Buffer
 .text.Add_To_Buffer
                0x080036a0       0x48 /tmp/ccZFJcLy.ltrans1.ltrans.o
                0x080036a0                Add_To_Buffer
 .text.Bot_Abort.part.2.4618
                0x080036e8       0x18 /tmp/ccZFJcLy.ltrans1.ltrans.o
                0x080036e8                Bot_Abort.part.2.4618
 .text.Resume   0x08003700       0xa4 /tmp/ccZFJcLy.ltrans1.ltrans.o
                0x08003700                Resume
 .text.Set_CSW  0x080037a4       0x3c /tmp/ccZFJcLy.ltrans1.ltrans.o
                0x080037a4                Set_CSW
 .text.Transfer_Data_Request
                0x080037e0       0x34 /tmp/ccZFJcLy.ltrans1.ltrans.o
                0x080037e0                Transfer_Data_Request
 .text.IntToUnicode.4400
                0x08003814       0x2a /tmp/ccZFJcLy.ltrans1.ltrans.o
                0x08003814                IntToUnicode.4400
 *fill*         0x0800383e        0x2 00
 .text.Mass_Storage_ClearFeature.4039
                0x08003840       0x18 /tmp/ccZFJcLy.ltrans2.ltrans.o
 .text.MASS_init
                0x08003858       0x70 /tmp/ccZFJcLy.ltrans2.ltrans.o
                0x08003858                MASS_init
 .text.__gps_send_char.4120
                0x080038c8       0x1c /tmp/ccZFJcLy.ltrans2.ltrans.o
 .text.__usart_send_char
                0x080038e4       0x1c /tmp/ccZFJcLy.ltrans2.ltrans.o
                0x080038e4                __usart_send_char
 .text.__str_print_char
                0x08003900       0x2c /tmp/ccZFJcLy.ltrans2.ltrans.o
                0x08003900                __str_print_char
 .text.send_string_to_silabs.constprop.34
                0x0800392c       0x24 /tmp/ccZFJcLy.ltrans2.ltrans.o
                0x0800392c                send_string_to_silabs.constprop.34
 .text.si446x_spi_state_machine.constprop.32
                0x08003950      0x2a0 /tmp/ccZFJcLy.ltrans2.ltrans.o
                0x08003950                si446x_spi_state_machine.constprop.32
 .text.si446x_state_machine
                0x08003bf0      0x214 /tmp/ccZFJcLy.ltrans2.ltrans.o
                0x08003bf0                si446x_state_machine
 .text.Gps_Process_Byte.constprop.29
                0x08003e04      0x1c8 /tmp/ccZFJcLy.ltrans2.ltrans.o
                0x08003e04                Gps_Process_Byte.constprop.29
 .text.Pop_From_Dma_Buffer.constprop.28
                0x08003fcc       0x24 /tmp/ccZFJcLy.ltrans2.ltrans.o
                0x08003fcc                Pop_From_Dma_Buffer.constprop.28
 .text.Get_UBX_Ack.constprop.27
                0x08003ff0       0xa0 /tmp/ccZFJcLy.ltrans2.ltrans.o
                0x08003ff0                Get_UBX_Ack.constprop.27
 .text.USART2_reconf.constprop.26
                0x08004090       0x50 /tmp/ccZFJcLy.ltrans2.ltrans.o
                0x08004090                USART2_reconf.constprop.26
 .text.Bytes_In_DMA_Buffer.constprop.20
                0x080040e0       0x24 /tmp/ccZFJcLy.ltrans2.ltrans.o
                0x080040e0                Bytes_In_DMA_Buffer.constprop.20
 .text.Gps_Send_Utf8
                0x08004104       0x1a /tmp/ccZFJcLy.ltrans2.ltrans.o
                0x08004104                Gps_Send_Utf8
 .text.Gps_Send_Str
                0x0800411e       0x16 /tmp/ccZFJcLy.ltrans2.ltrans.o
                0x0800411e                Gps_Send_Str
 .text.Usart_Send_Str
                0x08004134       0x16 /tmp/ccZFJcLy.ltrans2.ltrans.o
                0x08004134                Usart_Send_Str
 *fill*         0x0800414a        0x2 00
 .text.power_on.5657
                0x0800414c       0xfc /tmp/ccZFJcLy.ltrans2.ltrans.o
                0x0800414c                power_on.5657
 .text.I2C_Config
                0x08004248      0x138 /tmp/ccZFJcLy.ltrans2.ltrans.o
                0x08004248                I2C_Config
 .text.Timer_GPIO_Enable
                0x08004380       0x24 /tmp/ccZFJcLy.ltrans2.ltrans.o
                0x08004380                Timer_GPIO_Enable
 .text.Timer_GPIO_Disable
                0x080043a4       0x24 /tmp/ccZFJcLy.ltrans2.ltrans.o
                0x080043a4                Timer_GPIO_Disable
 .text.shutdown
                0x080043c8       0x10 /tmp/ccZFJcLy.ltrans2.ltrans.o
                0x080043c8                shutdown
 .text.NVIC_SystemReset.6730
                0x080043d8       0x20 /tmp/ccZFJcLy.ltrans2.ltrans.o
                0x080043d8                NVIC_SystemReset.6730
 .text.Read_Memory
                0x080043f8      0x138 /tmp/ccZFJcLy.ltrans2.ltrans.o
                0x080043f8                Read_Memory
 .text.check_fs.5319
                0x08004530       0x88 /tmp/ccZFJcLy.ltrans2.ltrans.o
                0x08004530                check_fs.5319
 .text.MASS_Data_Setup
                0x080045b8       0x38 /tmp/ccZFJcLy.ltrans3.ltrans.o
                0x080045b8                MASS_Data_Setup
 .text.si446x_setup
                0x080045f0      0xab4 /tmp/ccZFJcLy.ltrans3.ltrans.o
                0x080045f0                si446x_setup
 .text.MAL_GetStatus
                0x080050a4       0xc4 /tmp/ccZFJcLy.ltrans3.ltrans.o
                0x080050a4                MAL_GetStatus
 .text.follow_path.5395.4139
                0x08005168      0x290 /tmp/ccZFJcLy.ltrans4.ltrans.o
 .text.f_sync   0x080053f8      0x180 /tmp/ccZFJcLy.ltrans4.ltrans.o
                0x080053f8                f_sync
 .text.f_open   0x08005578      0x3d0 /tmp/ccZFJcLy.ltrans4.ltrans.o
                0x08005578                f_open
 .text.unlikely.f_stat.constprop.11
                0x08005948      0x13c /tmp/ccZFJcLy.ltrans4.ltrans.o
                0x08005948                f_stat.constprop.11
 .text.EP2_OUT_Callback.4079
                0x08005a84      0x310 /tmp/ccZFJcLy.ltrans5.ltrans.o
 .text.dir_next.5385
                0x08005d94       0xfa /tmp/ccZFJcLy.ltrans5.ltrans.o
                0x08005d94                dir_next.5385
 *fill*         0x08005e8e        0x2 00
 .text.dir_find.part.4.5389
                0x08005e90      0x180 /tmp/ccZFJcLy.ltrans5.ltrans.o
                0x08005e90                dir_find.part.4.5389
 .text.chk_mounted.5323
                0x08006010      0x318 /tmp/ccZFJcLy.ltrans5.ltrans.o
                0x08006010                chk_mounted.5323
 .text.put_fat.4155
                0x08006328       0xf2 /tmp/ccZFJcLy.ltrans6.ltrans.o
 *fill*         0x0800641a        0x2 00
 .text.disk_initialize
                0x0800641c      0x164 /tmp/ccZFJcLy.ltrans6.ltrans.o
                0x0800641c                disk_initialize
 .text.unlikely.f_read.constprop.12
                0x08006580      0x19c /tmp/ccZFJcLy.ltrans6.ltrans.o
                0x08006580                f_read.constprop.12
 .text.SCSI_Write10_Cmd
                0x0800671c      0x144 /tmp/ccZFJcLy.ltrans6.ltrans.o
                0x0800671c                SCSI_Write10_Cmd
 .text.remove_chain.5415
                0x08006860       0x54 /tmp/ccZFJcLy.ltrans6.ltrans.o
                0x08006860                remove_chain.5415
 .text.f_truncate
                0x080068b4       0x92 /tmp/ccZFJcLy.ltrans6.ltrans.o
                0x080068b4                f_truncate
 .text.create_chain.5381
                0x08006946       0x9a /tmp/ccZFJcLy.ltrans6.ltrans.o
                0x08006946                create_chain.5381
 .text.f_lseek  0x080069e0      0x140 /tmp/ccZFJcLy.ltrans6.ltrans.o
                0x080069e0                f_lseek
 .text.f_write  0x08006b20      0x19a /tmp/ccZFJcLy.ltrans6.ltrans.o
                0x08006b20                f_write
 *fill*         0x08006cba        0x2 00
 .text.f_puts.constprop.9
                0x08006cbc       0x34 /tmp/ccZFJcLy.ltrans6.ltrans.o
                0x08006cbc                f_puts.constprop.9
 .text.__fat_print_char
                0x08006cf0       0x1c /tmp/ccZFJcLy.ltrans6.ltrans.o
                0x08006cf0                __fat_print_char
 .text.dir_sdi.5349
                0x08006d0c       0x84 /tmp/ccZFJcLy.ltrans6.ltrans.o
                0x08006d0c                dir_sdi.5349
 .text.USB_LP_CAN1_RX0_IRQHandler
                0x08006d90      0x108 /tmp/ccZFJcLy.ltrans7.ltrans.o
                0x08006d90                USB_LP_CAN1_RX0_IRQHandler
 .text.USB_HP_CAN1_TX_IRQHandler
                0x08006e98        0x4 /tmp/ccZFJcLy.ltrans7.ltrans.o
                0x08006e98                USB_HP_CAN1_TX_IRQHandler
 *fill*         0x08006e9c        0x4 00
 .text.SysTick_Handler
                0x08006ea0      0x578 /tmp/ccZFJcLy.ltrans7.ltrans.o
                0x08006ea0                SysTick_Handler
 .text.ADC1_2_IRQHandler
                0x08007418       0x6c /tmp/ccZFJcLy.ltrans7.ltrans.o
                0x08007418                ADC1_2_IRQHandler
 .text.I2C1_ER_IRQHandler
                0x08007484       0xf0 /tmp/ccZFJcLy.ltrans7.ltrans.o
                0x08007484                I2C1_ER_IRQHandler
 .text.I2C1_EV_IRQHandler
                0x08007574      0x4f0 /tmp/ccZFJcLy.ltrans7.ltrans.o
                0x08007574                I2C1_EV_IRQHandler
 .text.EXTI15_10_IRQHandler
                0x08007a64       0x40 /tmp/ccZFJcLy.ltrans7.ltrans.o
                0x08007a64                EXTI15_10_IRQHandler
 .text.DMA1_Channel2_IRQHandler
                0x08007aa4       0x40 /tmp/ccZFJcLy.ltrans7.ltrans.o
                0x08007aa4                DMA1_Channel2_IRQHandler
 .text.EXTI0_IRQHandler
                0x08007ae4       0x34 /tmp/ccZFJcLy.ltrans7.ltrans.o
                0x08007ae4                EXTI0_IRQHandler
 .text.USART3_IRQHandler
                0x08007b18       0x7c /tmp/ccZFJcLy.ltrans7.ltrans.o
                0x08007b18                USART3_IRQHandler
 .text.file_preallocation_control.part.1.6735
                0x08007b94       0x26 /tmp/ccZFJcLy.ltrans7.ltrans.o
                0x08007b94                file_preallocation_control.part.1.6735
 .text.f_close  0x08007bba        0xe /tmp/ccZFJcLy.ltrans7.ltrans.o
                0x08007bba                f_close
 .text.shutdown_filesystem
                0x08007bc8       0xf4 /tmp/ccZFJcLy.ltrans7.ltrans.o
                0x08007bc8                shutdown_filesystem
 .text.disk_write
                0x08007cbc       0xcc /tmp/ccZFJcLy.ltrans8.ltrans.o
                0x08007cbc                disk_write
 .text.move_window.5302
                0x08007d88       0x76 /tmp/ccZFJcLy.ltrans8.ltrans.o
                0x08007d88                move_window.5302
 .text.get_fat  0x08007dfe       0xc8 /tmp/ccZFJcLy.ltrans8.ltrans.o
                0x08007dfe                get_fat
 *fill*         0x08007ec6        0x2 00
 .text.detect_sensors
                0x08007ec8       0x80 /tmp/ccZFJcLy.ltrans8.ltrans.o
                0x08007ec8                detect_sensors
 .text.SCSI_Invalid_Cmd
                0x08007f48       0x3c /tmp/ccZFJcLy.ltrans8.ltrans.o
                0x08007f48                SCSI_Invalid_Cmd
 .text.SCSI_Address_Management
                0x08007f84       0x74 /tmp/ccZFJcLy.ltrans8.ltrans.o
                0x08007f84                SCSI_Address_Management
 .text.SCSI_Read10_Cmd
                0x08007ff8       0x6c /tmp/ccZFJcLy.ltrans8.ltrans.o
                0x08007ff8                SCSI_Read10_Cmd
 .text.EP1_IN_Callback.4098
                0x08008064       0x5c /tmp/ccZFJcLy.ltrans8.ltrans.o
 .text.USART1_IRQHandler
                0x080080c0       0x34 /tmp/ccZFJcLy.ltrans9.ltrans.o
                0x080080c0                USART1_IRQHandler
 .text.malloc   0x080080f4       0x10 /home/laurence/ARM-GCC/bin/../lib/gcc/arm-none-eabi/4.7.4/../../../../arm-none-eabi/lib/armv7-m/libc.a(lib_a-malloc.o)
                0x080080f4                malloc
 .text._malloc_r
                0x08008104      0x530 /home/laurence/ARM-GCC/bin/../lib/gcc/arm-none-eabi/4.7.4/../../../../arm-none-eabi/lib/armv7-m/libc.a(lib_a-mallocr.o)
                0x08008104                _malloc_r
 .text.memcmp   0x08008634       0xb8 /home/laurence/ARM-GCC/bin/../lib/gcc/arm-none-eabi/4.7.4/../../../../arm-none-eabi/lib/armv7-m/libc.a(lib_a-memcmp.o)
                0x08008634                memcmp
 .text.memcpy   0x080086ec      0x15c /home/laurence/ARM-GCC/bin/../lib/gcc/arm-none-eabi/4.7.4/../../../../arm-none-eabi/lib/armv7-m/libc.a(lib_a-memcpy.o)
                0x080086ec                memcpy
 .text.__malloc_lock
                0x08008848        0x4 /home/laurence/ARM-GCC/bin/../lib/gcc/arm-none-eabi/4.7.4/../../../../arm-none-eabi/lib/armv7-m/libc.a(lib_a-mlock.o)
                0x08008848                __malloc_lock
 .text.__malloc_unlock
                0x0800884c        0x4 /home/laurence/ARM-GCC/bin/../lib/gcc/arm-none-eabi/4.7.4/../../../../arm-none-eabi/lib/armv7-m/libc.a(lib_a-mlock.o)
                0x0800884c                __malloc_unlock
 .text._sbrk_r  0x08008850       0x24 /home/laurence/ARM-GCC/bin/../lib/gcc/arm-none-eabi/4.7.4/../../../../arm-none-eabi/lib/armv7-m/libc.a(lib_a-sbrkr.o)
                0x08008850                _sbrk_r
 .text.strcat   0x08008874       0x4c /home/laurence/ARM-GCC/bin/../lib/gcc/arm-none-eabi/4.7.4/../../../../arm-none-eabi/lib/armv7-m/libc.a(lib_a-strcat.o)
                0x08008874                strcat
 .text.strchr   0x080088c0       0xfc /home/laurence/ARM-GCC/bin/../lib/gcc/arm-none-eabi/4.7.4/../../../../arm-none-eabi/lib/armv7-m/libc.a(lib_a-strchr.o)
                0x080088c0                strchr
 .text.strcpy   0x080089bc       0xbc /home/laurence/ARM-GCC/bin/../lib/gcc/arm-none-eabi/4.7.4/../../../../arm-none-eabi/lib/armv7-m/libc.a(lib_a-strcpy.o)
                0x080089bc                strcpy
 .text.strlen   0x08008a78       0x60 /home/laurence/ARM-GCC/bin/../lib/gcc/arm-none-eabi/4.7.4/../../../../arm-none-eabi/lib/armv7-m/libc.a(lib_a-strlen.o)
                0x08008a78                strlen
 .text.strncmp  0x08008ad8      0x120 /home/laurence/ARM-GCC/bin/../lib/gcc/arm-none-eabi/4.7.4/../../../../arm-none-eabi/lib/armv7-m/libc.a(lib_a-strncmp.o)
                0x08008ad8                strncmp
 .text.strncpy  0x08008bf8      0x10c /home/laurence/ARM-GCC/bin/../lib/gcc/arm-none-eabi/4.7.4/../../../../arm-none-eabi/lib/armv7-m/libc.a(lib_a-strncpy.o)
                0x08008bf8                strncpy
 .text._malloc_trim_r
                0x08008d04       0x98 /home/laurence/ARM-GCC/bin/../lib/gcc/arm-none-eabi/4.7.4/../../../../arm-none-eabi/lib/armv7-m/libc.a(lib_a-freer.o)
                0x08008d04                _malloc_trim_r
 .text._free_r  0x08008d9c      0x194 /home/laurence/ARM-GCC/bin/../lib/gcc/arm-none-eabi/4.7.4/../../../../arm-none-eabi/lib/armv7-m/libc.a(lib_a-freer.o)
                0x08008d9c                _free_r
 .text.Reset_Handler
                0x08008f30       0x48 lib/CMSIS_CM3/startup/gcc/startup_stm32f10x_md.o
                0x08008f30                Reset_Handler
 .text.Default_Handler
                0x08008f78        0x4 lib/CMSIS_CM3/startup/gcc/startup_stm32f10x_md.o
                0x08008f78                EXTI2_IRQHandler
                0x08008f78                DebugMon_Handler
                0x08008f78                TIM1_CC_IRQHandler
                0x08008f78                HardFault_Handler
                0x08008f78                PVD_IRQHandler
                0x08008f78                PendSV_Handler
                0x08008f78                NMI_Handler
                0x08008f78                EXTI3_IRQHandler
                0x08008f78                I2C2_EV_IRQHandler
                0x08008f78                UsageFault_Handler
                0x08008f78                SPI1_IRQHandler
                0x08008f78                TAMPER_IRQHandler
                0x08008f78                DMA1_Channel4_IRQHandler
                0x08008f78                RTC_IRQHandler
                0x08008f78                DMA1_Channel7_IRQHandler
                0x08008f78                CAN1_RX1_IRQHandler
                0x08008f78                TIM4_IRQHandler
                0x08008f78                DMA1_Channel6_IRQHandler
                0x08008f78                TIM3_IRQHandler
                0x08008f78                RCC_IRQHandler
                0x08008f78                TIM1_TRG_COM_IRQHandler
                0x08008f78                DMA1_Channel1_IRQHandler
                0x08008f78                Default_Handler
                0x08008f78                EXTI9_5_IRQHandler
                0x08008f78                SPI2_IRQHandler
                0x08008f78                MemManage_Handler
                0x08008f78                SVC_Handler
                0x08008f78                DMA1_Channel5_IRQHandler
                0x08008f78                EXTI4_IRQHandler
                0x08008f78                DMA1_Channel3_IRQHandler
                0x08008f78                TIM1_UP_IRQHandler
                0x08008f78                WWDG_IRQHandler
                0x08008f78                TIM2_IRQHandler
                0x08008f78                TIM1_BRK_IRQHandler
                0x08008f78                EXTI1_IRQHandler
                0x08008f78                RTCAlarm_IRQHandler
                0x08008f78                USART2_IRQHandler
                0x08008f78                I2C2_ER_IRQHandler
                0x08008f78                CAN1_SCE_IRQHandler
                0x08008f78                FLASH_IRQHandler
                0x08008f78                BusFault_Handler
                0x08008f78                USBWakeUp_IRQHandler
 .text.NVIC_PriorityGroupConfig
                0x08008f7c       0x14 lib/STM32F10x_StdPeriph_Driver/libstm32fw.a(misc.o)
                0x08008f7c                NVIC_PriorityGroupConfig
 .text.NVIC_Init
                0x08008f90       0x68 lib/STM32F10x_StdPeriph_Driver/libstm32fw.a(misc.o)
                0x08008f90                NVIC_Init
 .text.NVIC_SetVectorTable
                0x08008ff8       0x14 lib/STM32F10x_StdPeriph_Driver/libstm32fw.a(misc.o)
                0x08008ff8                NVIC_SetVectorTable
 .text.SysTick_CLKSourceConfig
                0x0800900c       0x18 lib/STM32F10x_StdPeriph_Driver/libstm32fw.a(misc.o)
                0x0800900c                SysTick_CLKSourceConfig
 .text.ADC_DeInit
                0x08009024       0x5c lib/STM32F10x_StdPeriph_Driver/libstm32fw.a(stm32f10x_adc.o)
                0x08009024                ADC_DeInit
 .text.ADC_Init
                0x08009080       0x48 lib/STM32F10x_StdPeriph_Driver/libstm32fw.a(stm32f10x_adc.o)
                0x08009080                ADC_Init
 .text.ADC_Cmd  0x080090c8       0x12 lib/STM32F10x_StdPeriph_Driver/libstm32fw.a(stm32f10x_adc.o)
                0x080090c8                ADC_Cmd
 .text.ADC_ResetCalibration
                0x080090da        0xa lib/STM32F10x_StdPeriph_Driver/libstm32fw.a(stm32f10x_adc.o)
                0x080090da                ADC_ResetCalibration
 .text.ADC_GetResetCalibrationStatus
                0x080090e4        0x8 lib/STM32F10x_StdPeriph_Driver/libstm32fw.a(stm32f10x_adc.o)
                0x080090e4                ADC_GetResetCalibrationStatus
 .text.ADC_StartCalibration
                0x080090ec        0xa lib/STM32F10x_StdPeriph_Driver/libstm32fw.a(stm32f10x_adc.o)
                0x080090ec                ADC_StartCalibration
 .text.ADC_GetCalibrationStatus
                0x080090f6        0x8 lib/STM32F10x_StdPeriph_Driver/libstm32fw.a(stm32f10x_adc.o)
                0x080090f6                ADC_GetCalibrationStatus
 .text.ADC_SoftwareStartConvCmd
                0x080090fe       0x12 lib/STM32F10x_StdPeriph_Driver/libstm32fw.a(stm32f10x_adc.o)
                0x080090fe                ADC_SoftwareStartConvCmd
 .text.ADC_RegularChannelConfig
                0x08009110       0x9a lib/STM32F10x_StdPeriph_Driver/libstm32fw.a(stm32f10x_adc.o)
                0x08009110                ADC_RegularChannelConfig
 .text.ADC_GetConversionValue
                0x080091aa        0x6 lib/STM32F10x_StdPeriph_Driver/libstm32fw.a(stm32f10x_adc.o)
                0x080091aa                ADC_GetConversionValue
 .text.ADC_ExternalTrigInjectedConvConfig
                0x080091b0        0xc lib/STM32F10x_StdPeriph_Driver/libstm32fw.a(stm32f10x_adc.o)
                0x080091b0                ADC_ExternalTrigInjectedConvConfig
 .text.ADC_SoftwareStartInjectedConvCmd
                0x080091bc       0x12 lib/STM32F10x_StdPeriph_Driver/libstm32fw.a(stm32f10x_adc.o)
                0x080091bc                ADC_SoftwareStartInjectedConvCmd
 .text.ADC_InjectedChannelConfig
                0x080091ce       0x60 lib/STM32F10x_StdPeriph_Driver/libstm32fw.a(stm32f10x_adc.o)
                0x080091ce                ADC_InjectedChannelConfig
 .text.ADC_InjectedSequencerLengthConfig
                0x0800922e       0x10 lib/STM32F10x_StdPeriph_Driver/libstm32fw.a(stm32f10x_adc.o)
                0x0800922e                ADC_InjectedSequencerLengthConfig
 .text.ADC_GetInjectedConversionValue
                0x0800923e       0x1a lib/STM32F10x_StdPeriph_Driver/libstm32fw.a(stm32f10x_adc.o)
                0x0800923e                ADC_GetInjectedConversionValue
 .text.ADC_GetFlagStatus
                0x08009258        0xc lib/STM32F10x_StdPeriph_Driver/libstm32fw.a(stm32f10x_adc.o)
                0x08009258                ADC_GetFlagStatus
 .text.ADC_ClearFlag
                0x08009264        0x6 lib/STM32F10x_StdPeriph_Driver/libstm32fw.a(stm32f10x_adc.o)
                0x08009264                ADC_ClearFlag
 .text.ADC_GetITStatus
                0x0800926a       0x16 lib/STM32F10x_StdPeriph_Driver/libstm32fw.a(stm32f10x_adc.o)
                0x0800926a                ADC_GetITStatus
 .text.ADC_ClearITPendingBit
                0x08009280        0x8 lib/STM32F10x_StdPeriph_Driver/libstm32fw.a(stm32f10x_adc.o)
                0x08009280                ADC_ClearITPendingBit
 .text.BKP_DeInit
                0x08009288       0x12 lib/STM32F10x_StdPeriph_Driver/libstm32fw.a(stm32f10x_bkp.o)
                0x08009288                BKP_DeInit
 *fill*         0x0800929a        0x2 00
 .text.BKP_RTCOutputConfig
                0x0800929c       0x18 lib/STM32F10x_StdPeriph_Driver/libstm32fw.a(stm32f10x_bkp.o)
                0x0800929c                BKP_RTCOutputConfig
 .text.BKP_SetRTCCalibrationValue
                0x080092b4       0x18 lib/STM32F10x_StdPeriph_Driver/libstm32fw.a(stm32f10x_bkp.o)
                0x080092b4                BKP_SetRTCCalibrationValue
 .text.BKP_WriteBackupRegister
                0x080092cc       0x1c lib/STM32F10x_StdPeriph_Driver/libstm32fw.a(stm32f10x_bkp.o)
                0x080092cc                BKP_WriteBackupRegister
 .text.BKP_ReadBackupRegister
                0x080092e8       0x20 lib/STM32F10x_StdPeriph_Driver/libstm32fw.a(stm32f10x_bkp.o)
                0x080092e8                BKP_ReadBackupRegister
 .text.DBGMCU_Config
                0x08009308       0x18 lib/STM32F10x_StdPeriph_Driver/libstm32fw.a(stm32f10x_dbgmcu.o)
                0x08009308                DBGMCU_Config
 .text.DMA_DeInit
                0x08009320       0xec lib/STM32F10x_StdPeriph_Driver/libstm32fw.a(stm32f10x_dma.o)
                0x08009320                DMA_DeInit
 .text.DMA_Init
                0x0800940c       0x40 lib/STM32F10x_StdPeriph_Driver/libstm32fw.a(stm32f10x_dma.o)
                0x0800940c                DMA_Init
 .text.DMA_Cmd  0x0800944c       0x12 lib/STM32F10x_StdPeriph_Driver/libstm32fw.a(stm32f10x_dma.o)
                0x0800944c                DMA_Cmd
 .text.DMA_ITConfig
                0x0800945e       0x10 lib/STM32F10x_StdPeriph_Driver/libstm32fw.a(stm32f10x_dma.o)
                0x0800945e                DMA_ITConfig
 .text.DMA_GetCurrDataCounter
                0x0800946e        0x6 lib/STM32F10x_StdPeriph_Driver/libstm32fw.a(stm32f10x_dma.o)
                0x0800946e                DMA_GetCurrDataCounter
 .text.DMA_GetFlagStatus
                0x08009474       0x1c lib/STM32F10x_StdPeriph_Driver/libstm32fw.a(stm32f10x_dma.o)
                0x08009474                DMA_GetFlagStatus
 .text.DMA_ClearFlag
                0x08009490       0x14 lib/STM32F10x_StdPeriph_Driver/libstm32fw.a(stm32f10x_dma.o)
                0x08009490                DMA_ClearFlag
 .text.DMA_GetITStatus
                0x080094a4       0x1c lib/STM32F10x_StdPeriph_Driver/libstm32fw.a(stm32f10x_dma.o)
                0x080094a4                DMA_GetITStatus
 .text.DMA_ClearITPendingBit
                0x080094c0       0x14 lib/STM32F10x_StdPeriph_Driver/libstm32fw.a(stm32f10x_dma.o)
                0x080094c0                DMA_ClearITPendingBit
 .text.EXTI_DeInit
                0x080094d4       0x1c lib/STM32F10x_StdPeriph_Driver/libstm32fw.a(stm32f10x_exti.o)
                0x080094d4                EXTI_DeInit
 .text.EXTI_Init
                0x080094f0       0x88 lib/STM32F10x_StdPeriph_Driver/libstm32fw.a(stm32f10x_exti.o)
                0x080094f0                EXTI_Init
 .text.EXTI_GenerateSWInterrupt
                0x08009578       0x10 lib/STM32F10x_StdPeriph_Driver/libstm32fw.a(stm32f10x_exti.o)
                0x08009578                EXTI_GenerateSWInterrupt
 .text.EXTI_GetITStatus
                0x08009588       0x20 lib/STM32F10x_StdPeriph_Driver/libstm32fw.a(stm32f10x_exti.o)
                0x08009588                EXTI_GetITStatus
 .text.EXTI_ClearITPendingBit
                0x080095a8        0xc lib/STM32F10x_StdPeriph_Driver/libstm32fw.a(stm32f10x_exti.o)
                0x080095a8                EXTI_ClearITPendingBit
 .text.GPIO_Init
                0x080095b4       0x9a lib/STM32F10x_StdPeriph_Driver/libstm32fw.a(stm32f10x_gpio.o)
                0x080095b4                GPIO_Init
 .text.GPIO_ReadInputDataBit
                0x0800964e        0xc lib/STM32F10x_StdPeriph_Driver/libstm32fw.a(stm32f10x_gpio.o)
                0x0800964e                GPIO_ReadInputDataBit
 .text.GPIO_SetBits
                0x0800965a        0x4 lib/STM32F10x_StdPeriph_Driver/libstm32fw.a(stm32f10x_gpio.o)
                0x0800965a                GPIO_SetBits
 .text.GPIO_ResetBits
                0x0800965e        0x4 lib/STM32F10x_StdPeriph_Driver/libstm32fw.a(stm32f10x_gpio.o)
                0x0800965e                GPIO_ResetBits
 .text.GPIO_WriteBit
                0x08009662        0xa lib/STM32F10x_StdPeriph_Driver/libstm32fw.a(stm32f10x_gpio.o)
                0x08009662                GPIO_WriteBit
 .text.GPIO_PinRemapConfig
                0x0800966c       0x58 lib/STM32F10x_StdPeriph_Driver/libstm32fw.a(stm32f10x_gpio.o)
                0x0800966c                GPIO_PinRemapConfig
 .text.GPIO_EXTILineConfig
                0x080096c4       0x34 lib/STM32F10x_StdPeriph_Driver/libstm32fw.a(stm32f10x_gpio.o)
                0x080096c4                GPIO_EXTILineConfig
 .text.I2C_DeInit
                0x080096f8       0x34 lib/STM32F10x_StdPeriph_Driver/libstm32fw.a(stm32f10x_i2c.o)
                0x080096f8                I2C_DeInit
 .text.I2C_Init
                0x0800972c       0xd4 lib/STM32F10x_StdPeriph_Driver/libstm32fw.a(stm32f10x_i2c.o)
                0x0800972c                I2C_Init
 .text.I2C_Cmd  0x08009800       0x18 lib/STM32F10x_StdPeriph_Driver/libstm32fw.a(stm32f10x_i2c.o)
                0x08009800                I2C_Cmd
 .text.I2C_GenerateSTART
                0x08009818       0x18 lib/STM32F10x_StdPeriph_Driver/libstm32fw.a(stm32f10x_i2c.o)
                0x08009818                I2C_GenerateSTART
 .text.I2C_GenerateSTOP
                0x08009830       0x18 lib/STM32F10x_StdPeriph_Driver/libstm32fw.a(stm32f10x_i2c.o)
                0x08009830                I2C_GenerateSTOP
 .text.I2C_AcknowledgeConfig
                0x08009848       0x18 lib/STM32F10x_StdPeriph_Driver/libstm32fw.a(stm32f10x_i2c.o)
                0x08009848                I2C_AcknowledgeConfig
 .text.I2C_ITConfig
                0x08009860       0x12 lib/STM32F10x_StdPeriph_Driver/libstm32fw.a(stm32f10x_i2c.o)
                0x08009860                I2C_ITConfig
 .text.I2C_SendData
                0x08009872        0x4 lib/STM32F10x_StdPeriph_Driver/libstm32fw.a(stm32f10x_i2c.o)
                0x08009872                I2C_SendData
 .text.I2C_ReceiveData
                0x08009876        0x6 lib/STM32F10x_StdPeriph_Driver/libstm32fw.a(stm32f10x_i2c.o)
                0x08009876                I2C_ReceiveData
 .text.I2C_Send7bitAddress
                0x0800987c       0x10 lib/STM32F10x_StdPeriph_Driver/libstm32fw.a(stm32f10x_i2c.o)
                0x0800987c                I2C_Send7bitAddress
 .text.I2C_SoftwareResetCmd
                0x0800988c       0x18 lib/STM32F10x_StdPeriph_Driver/libstm32fw.a(stm32f10x_i2c.o)
                0x0800988c                I2C_SoftwareResetCmd
 .text.IWDG_WriteAccessCmd
                0x080098a4        0xc lib/STM32F10x_StdPeriph_Driver/libstm32fw.a(stm32f10x_iwdg.o)
                0x080098a4                IWDG_WriteAccessCmd
 .text.IWDG_SetPrescaler
                0x080098b0        0xc lib/STM32F10x_StdPeriph_Driver/libstm32fw.a(stm32f10x_iwdg.o)
                0x080098b0                IWDG_SetPrescaler
 .text.IWDG_SetReload
                0x080098bc        0xc lib/STM32F10x_StdPeriph_Driver/libstm32fw.a(stm32f10x_iwdg.o)
                0x080098bc                IWDG_SetReload
 .text.IWDG_ReloadCounter
                0x080098c8       0x10 lib/STM32F10x_StdPeriph_Driver/libstm32fw.a(stm32f10x_iwdg.o)
                0x080098c8                IWDG_ReloadCounter
 .text.IWDG_Enable
                0x080098d8       0x10 lib/STM32F10x_StdPeriph_Driver/libstm32fw.a(stm32f10x_iwdg.o)
                0x080098d8                IWDG_Enable
 .text.PWR_DeInit
                0x080098e8       0x1a lib/STM32F10x_StdPeriph_Driver/libstm32fw.a(stm32f10x_pwr.o)
                0x080098e8                PWR_DeInit
 *fill*         0x08009902        0x2 00
 .text.PWR_BackupAccessCmd
                0x08009904        0xc lib/STM32F10x_StdPeriph_Driver/libstm32fw.a(stm32f10x_pwr.o)
                0x08009904                PWR_BackupAccessCmd
 .text.PWR_WakeUpPinCmd
                0x08009910        0xc lib/STM32F10x_StdPeriph_Driver/libstm32fw.a(stm32f10x_pwr.o)
                0x08009910                PWR_WakeUpPinCmd
 .text.PWR_EnterSTANDBYMode
                0x0800991c       0x28 lib/STM32F10x_StdPeriph_Driver/libstm32fw.a(stm32f10x_pwr.o)
                0x0800991c                PWR_EnterSTANDBYMode
 .text.RCC_HCLKConfig
                0x08009944       0x14 lib/STM32F10x_StdPeriph_Driver/libstm32fw.a(stm32f10x_rcc.o)
                0x08009944                RCC_HCLKConfig
 .text.RCC_USBCLKConfig
                0x08009958        0xc lib/STM32F10x_StdPeriph_Driver/libstm32fw.a(stm32f10x_rcc.o)
                0x08009958                RCC_USBCLKConfig
 .text.RCC_ADCCLKConfig
                0x08009964       0x14 lib/STM32F10x_StdPeriph_Driver/libstm32fw.a(stm32f10x_rcc.o)
                0x08009964                RCC_ADCCLKConfig
 .text.RCC_LSEConfig
                0x08009978       0x20 lib/STM32F10x_StdPeriph_Driver/libstm32fw.a(stm32f10x_rcc.o)
                0x08009978                RCC_LSEConfig
 .text.RCC_RTCCLKConfig
                0x08009998       0x10 lib/STM32F10x_StdPeriph_Driver/libstm32fw.a(stm32f10x_rcc.o)
                0x08009998                RCC_RTCCLKConfig
 .text.RCC_RTCCLKCmd
                0x080099a8        0xc lib/STM32F10x_StdPeriph_Driver/libstm32fw.a(stm32f10x_rcc.o)
                0x080099a8                RCC_RTCCLKCmd
 .text.RCC_GetClocksFreq
                0x080099b4       0x9c lib/STM32F10x_StdPeriph_Driver/libstm32fw.a(stm32f10x_rcc.o)
                0x080099b4                RCC_GetClocksFreq
 .text.RCC_AHBPeriphClockCmd
                0x08009a50       0x18 lib/STM32F10x_StdPeriph_Driver/libstm32fw.a(stm32f10x_rcc.o)
                0x08009a50                RCC_AHBPeriphClockCmd
 .text.RCC_APB2PeriphClockCmd
                0x08009a68       0x18 lib/STM32F10x_StdPeriph_Driver/libstm32fw.a(stm32f10x_rcc.o)
                0x08009a68                RCC_APB2PeriphClockCmd
 .text.RCC_APB1PeriphClockCmd
                0x08009a80       0x18 lib/STM32F10x_StdPeriph_Driver/libstm32fw.a(stm32f10x_rcc.o)
                0x08009a80                RCC_APB1PeriphClockCmd
 .text.RCC_APB2PeriphResetCmd
                0x08009a98       0x18 lib/STM32F10x_StdPeriph_Driver/libstm32fw.a(stm32f10x_rcc.o)
                0x08009a98                RCC_APB2PeriphResetCmd
 .text.RCC_APB1PeriphResetCmd
                0x08009ab0       0x18 lib/STM32F10x_StdPeriph_Driver/libstm32fw.a(stm32f10x_rcc.o)
                0x08009ab0                RCC_APB1PeriphResetCmd
 .text.RCC_BackupResetCmd
                0x08009ac8        0xc lib/STM32F10x_StdPeriph_Driver/libstm32fw.a(stm32f10x_rcc.o)
                0x08009ac8                RCC_BackupResetCmd
 .text.RCC_GetFlagStatus
                0x08009ad4       0x28 lib/STM32F10x_StdPeriph_Driver/libstm32fw.a(stm32f10x_rcc.o)
                0x08009ad4                RCC_GetFlagStatus
 .text.RTC_EnterConfigMode
                0x08009afc       0x14 lib/STM32F10x_StdPeriph_Driver/libstm32fw.a(stm32f10x_rtc.o)
                0x08009afc                RTC_EnterConfigMode
 .text.RTC_ExitConfigMode
                0x08009b10       0x14 lib/STM32F10x_StdPeriph_Driver/libstm32fw.a(stm32f10x_rtc.o)
                0x08009b10                RTC_ExitConfigMode
 .text.RTC_GetCounter
                0x08009b24       0x14 lib/STM32F10x_StdPeriph_Driver/libstm32fw.a(stm32f10x_rtc.o)
                0x08009b24                RTC_GetCounter
 .text.RTC_SetCounter
                0x08009b38       0x20 lib/STM32F10x_StdPeriph_Driver/libstm32fw.a(stm32f10x_rtc.o)
                0x08009b38                RTC_SetCounter
 .text.RTC_SetPrescaler
                0x08009b58       0x20 lib/STM32F10x_StdPeriph_Driver/libstm32fw.a(stm32f10x_rtc.o)
                0x08009b58                RTC_SetPrescaler
 .text.RTC_WaitForLastTask
                0x08009b78       0x14 lib/STM32F10x_StdPeriph_Driver/libstm32fw.a(stm32f10x_rtc.o)
                0x08009b78                RTC_WaitForLastTask
 .text.RTC_WaitForSynchro
                0x08009b8c       0x24 lib/STM32F10x_StdPeriph_Driver/libstm32fw.a(stm32f10x_rtc.o)
                0x08009b8c                RTC_WaitForSynchro
 .text.SPI_Init
                0x08009bb0       0x3e lib/STM32F10x_StdPeriph_Driver/libstm32fw.a(stm32f10x_spi.o)
                0x08009bb0                SPI_Init
 .text.SPI_Cmd  0x08009bee       0x18 lib/STM32F10x_StdPeriph_Driver/libstm32fw.a(stm32f10x_spi.o)
                0x08009bee                SPI_Cmd
 .text.SPI_I2S_DMACmd
                0x08009c06       0x12 lib/STM32F10x_StdPeriph_Driver/libstm32fw.a(stm32f10x_spi.o)
                0x08009c06                SPI_I2S_DMACmd
 .text.SPI_I2S_SendData
                0x08009c18        0x4 lib/STM32F10x_StdPeriph_Driver/libstm32fw.a(stm32f10x_spi.o)
                0x08009c18                SPI_I2S_SendData
 .text.SPI_I2S_ReceiveData
                0x08009c1c        0x6 lib/STM32F10x_StdPeriph_Driver/libstm32fw.a(stm32f10x_spi.o)
                0x08009c1c                SPI_I2S_ReceiveData
 .text.SPI_CalculateCRC
                0x08009c22       0x18 lib/STM32F10x_StdPeriph_Driver/libstm32fw.a(stm32f10x_spi.o)
                0x08009c22                SPI_CalculateCRC
 .text.SPI_I2S_GetFlagStatus
                0x08009c3a        0xc lib/STM32F10x_StdPeriph_Driver/libstm32fw.a(stm32f10x_spi.o)
                0x08009c3a                SPI_I2S_GetFlagStatus
 *fill*         0x08009c46        0x2 00
 .text.TIM_TimeBaseInit
                0x08009c48       0x3c lib/STM32F10x_StdPeriph_Driver/libstm32fw.a(stm32f10x_tim.o)
                0x08009c48                TIM_TimeBaseInit
 .text.TIM_OC1Init
                0x08009c84       0x74 lib/STM32F10x_StdPeriph_Driver/libstm32fw.a(stm32f10x_tim.o)
                0x08009c84                TIM_OC1Init
 .text.TIM_Cmd  0x08009cf8       0x18 lib/STM32F10x_StdPeriph_Driver/libstm32fw.a(stm32f10x_tim.o)
                0x08009cf8                TIM_Cmd
 .text.TIM_CtrlPWMOutputs
                0x08009d10       0x1c lib/STM32F10x_StdPeriph_Driver/libstm32fw.a(stm32f10x_tim.o)
                0x08009d10                TIM_CtrlPWMOutputs
 .text.TIM_ARRPreloadConfig
                0x08009d2c       0x18 lib/STM32F10x_StdPeriph_Driver/libstm32fw.a(stm32f10x_tim.o)
                0x08009d2c                TIM_ARRPreloadConfig
 .text.TIM_OC1PreloadConfig
                0x08009d44       0x10 lib/STM32F10x_StdPeriph_Driver/libstm32fw.a(stm32f10x_tim.o)
                0x08009d44                TIM_OC1PreloadConfig
 .text.TIM_SetCompare1
                0x08009d54        0x4 lib/STM32F10x_StdPeriph_Driver/libstm32fw.a(stm32f10x_tim.o)
                0x08009d54                TIM_SetCompare1
 .text.USART_DeInit
                0x08009d58       0x98 lib/STM32F10x_StdPeriph_Driver/libstm32fw.a(stm32f10x_usart.o)
                0x08009d58                USART_DeInit
 .text.USART_Init
                0x08009df0       0x88 lib/STM32F10x_StdPeriph_Driver/libstm32fw.a(stm32f10x_usart.o)
                0x08009df0                USART_Init
 .text.USART_Cmd
                0x08009e78       0x18 lib/STM32F10x_StdPeriph_Driver/libstm32fw.a(stm32f10x_usart.o)
                0x08009e78                USART_Cmd
 .text.USART_ITConfig
                0x08009e90       0x34 lib/STM32F10x_StdPeriph_Driver/libstm32fw.a(stm32f10x_usart.o)
                0x08009e90                USART_ITConfig
 .text.USART_DMACmd
                0x08009ec4       0x12 lib/STM32F10x_StdPeriph_Driver/libstm32fw.a(stm32f10x_usart.o)
                0x08009ec4                USART_DMACmd
 .text.USART_SendData
                0x08009ed6        0x8 lib/STM32F10x_StdPeriph_Driver/libstm32fw.a(stm32f10x_usart.o)
                0x08009ed6                USART_SendData
 .text.USART_ReceiveData
                0x08009ede        0x8 lib/STM32F10x_StdPeriph_Driver/libstm32fw.a(stm32f10x_usart.o)
                0x08009ede                USART_ReceiveData
 .text.USART_GetFlagStatus
                0x08009ee6        0xc lib/STM32F10x_StdPeriph_Driver/libstm32fw.a(stm32f10x_usart.o)
                0x08009ee6                USART_GetFlagStatus
 .text.USART_GetITStatus
                0x08009ef2       0x40 lib/STM32F10x_StdPeriph_Driver/libstm32fw.a(stm32f10x_usart.o)
                0x08009ef2                USART_GetITStatus
 .text.USART_ClearITPendingBit
                0x08009f32       0x10 lib/STM32F10x_StdPeriph_Driver/libstm32fw.a(stm32f10x_usart.o)
                0x08009f32                USART_ClearITPendingBit
 *fill*         0x08009f42        0x2 00
 .text.Standard_GetConfiguration
                0x08009f44       0x24 lib/STM32_USB-FS-Device_Driver/libstm32usb.a(usb_core.o)
                0x08009f44                Standard_GetConfiguration
 .text.Standard_GetInterface
                0x08009f68       0x24 lib/STM32_USB-FS-Device_Driver/libstm32usb.a(usb_core.o)
                0x08009f68                Standard_GetInterface
 .text.Standard_GetStatus
                0x08009f8c       0x9c lib/STM32_USB-FS-Device_Driver/libstm32usb.a(usb_core.o)
                0x08009f8c                Standard_GetStatus
 .text.DataStageIn
                0x0800a028       0xa4 lib/STM32_USB-FS-Device_Driver/libstm32usb.a(usb_core.o)
 .text.Standard_SetConfiguration
                0x0800a0cc       0x38 lib/STM32_USB-FS-Device_Driver/libstm32usb.a(usb_core.o)
                0x0800a0cc                Standard_SetConfiguration
 .text.Standard_SetInterface
                0x0800a104       0x48 lib/STM32_USB-FS-Device_Driver/libstm32usb.a(usb_core.o)
                0x0800a104                Standard_SetInterface
 .text.Standard_ClearFeature
                0x0800a14c       0xdc lib/STM32_USB-FS-Device_Driver/libstm32usb.a(usb_core.o)
                0x0800a14c                Standard_ClearFeature
 .text.Standard_SetEndPointFeature
                0x0800a228       0x8c lib/STM32_USB-FS-Device_Driver/libstm32usb.a(usb_core.o)
                0x0800a228                Standard_SetEndPointFeature
 .text.Standard_SetDeviceFeature
                0x0800a2b4       0x24 lib/STM32_USB-FS-Device_Driver/libstm32usb.a(usb_core.o)
                0x0800a2b4                Standard_SetDeviceFeature
 .text.Standard_GetDescriptorData
                0x0800a2d8       0x1c lib/STM32_USB-FS-Device_Driver/libstm32usb.a(usb_core.o)
                0x0800a2d8                Standard_GetDescriptorData
 .text.Post0_Process
                0x0800a2f4       0x40 lib/STM32_USB-FS-Device_Driver/libstm32usb.a(usb_core.o)
                0x0800a2f4                Post0_Process
 .text.Out0_Process
                0x0800a334       0xd4 lib/STM32_USB-FS-Device_Driver/libstm32usb.a(usb_core.o)
                0x0800a334                Out0_Process
 .text.Setup0_Process
                0x0800a408      0x2f8 lib/STM32_USB-FS-Device_Driver/libstm32usb.a(usb_core.o)
                0x0800a408                Setup0_Process
 .text.SetDeviceAddress
                0x0800a700       0x40 lib/STM32_USB-FS-Device_Driver/libstm32usb.a(usb_core.o)
                0x0800a700                SetDeviceAddress
 .text.In0_Process
                0x0800a740       0x60 lib/STM32_USB-FS-Device_Driver/libstm32usb.a(usb_core.o)
                0x0800a740                In0_Process
 .text.NOP_Process
                0x0800a7a0        0x2 lib/STM32_USB-FS-Device_Driver/libstm32usb.a(usb_core.o)
                0x0800a7a0                NOP_Process
 *fill*         0x0800a7a2        0x2 00
 .text.USB_Init
                0x0800a7a4       0x38 lib/STM32_USB-FS-Device_Driver/libstm32usb.a(usb_init.o)
                0x0800a7a4                USB_Init
 .text.CTR_LP   0x0800a7dc      0x190 lib/STM32_USB-FS-Device_Driver/libstm32usb.a(usb_int.o)
                0x0800a7dc                CTR_LP
 .text.CTR_HP   0x0800a96c       0x74 lib/STM32_USB-FS-Device_Driver/libstm32usb.a(usb_int.o)
                0x0800a96c                CTR_HP
 .text.UserToPMABufferCopy
                0x0800a9e0       0x2e lib/STM32_USB-FS-Device_Driver/libstm32usb.a(usb_mem.o)
                0x0800a9e0                UserToPMABufferCopy
 .text.PMAToUserBufferCopy
                0x0800aa0e       0x24 lib/STM32_USB-FS-Device_Driver/libstm32usb.a(usb_mem.o)
                0x0800aa0e                PMAToUserBufferCopy
 *fill*         0x0800aa32        0x2 00
 .text.SetBTABLE
                0x0800aa34       0x10 lib/STM32_USB-FS-Device_Driver/libstm32usb.a(usb_regs.o)
                0x0800aa34                SetBTABLE
 .text.SetEPType
                0x0800aa44       0x18 lib/STM32_USB-FS-Device_Driver/libstm32usb.a(usb_regs.o)
                0x0800aa44                SetEPType
 .text.SetEPTxStatus
                0x0800aa5c       0x3a lib/STM32_USB-FS-Device_Driver/libstm32usb.a(usb_regs.o)
                0x0800aa5c                SetEPTxStatus
 .text.SetEPRxStatus
                0x0800aa96       0x3a lib/STM32_USB-FS-Device_Driver/libstm32usb.a(usb_regs.o)
                0x0800aa96                SetEPRxStatus
 .text.SetEPRxValid
                0x0800aad0       0x22 lib/STM32_USB-FS-Device_Driver/libstm32usb.a(usb_regs.o)
                0x0800aad0                SetEPRxValid
 .text.Clear_Status_Out
                0x0800aaf2       0x1e lib/STM32_USB-FS-Device_Driver/libstm32usb.a(usb_regs.o)
                0x0800aaf2                Clear_Status_Out
 .text.ClearDTOG_RX
                0x0800ab10       0x24 lib/STM32_USB-FS-Device_Driver/libstm32usb.a(usb_regs.o)
                0x0800ab10                ClearDTOG_RX
 .text.ClearDTOG_TX
                0x0800ab34       0x24 lib/STM32_USB-FS-Device_Driver/libstm32usb.a(usb_regs.o)
                0x0800ab34                ClearDTOG_TX
 .text.SetEPTxAddr
                0x0800ab58       0x20 lib/STM32_USB-FS-Device_Driver/libstm32usb.a(usb_regs.o)
                0x0800ab58                SetEPTxAddr
 .text.SetEPRxAddr
                0x0800ab78       0x20 lib/STM32_USB-FS-Device_Driver/libstm32usb.a(usb_regs.o)
                0x0800ab78                SetEPRxAddr
 .text.GetEPTxAddr
                0x0800ab98       0x1c lib/STM32_USB-FS-Device_Driver/libstm32usb.a(usb_regs.o)
                0x0800ab98                GetEPTxAddr
 .text.GetEPRxAddr
                0x0800abb4       0x1c lib/STM32_USB-FS-Device_Driver/libstm32usb.a(usb_regs.o)
                0x0800abb4                GetEPRxAddr
 .text.SetEPTxCount
                0x0800abd0       0x1c lib/STM32_USB-FS-Device_Driver/libstm32usb.a(usb_regs.o)
                0x0800abd0                SetEPTxCount
 .text.SetEPRxCount
                0x0800abec       0x3c lib/STM32_USB-FS-Device_Driver/libstm32usb.a(usb_regs.o)
                0x0800abec                SetEPRxCount
 .text.GetEPRxCount
                0x0800ac28       0x20 lib/STM32_USB-FS-Device_Driver/libstm32usb.a(usb_regs.o)
                0x0800ac28                GetEPRxCount
 .text.ByteSwap
                0x0800ac48        0xa lib/STM32_USB-FS-Device_Driver/libstm32usb.a(usb_regs.o)
                0x0800ac48                ByteSwap
 *fill*         0x0800ac52        0x2 00
 .text.USB_SIL_Init
                0x0800ac54       0x20 lib/STM32_USB-FS-Device_Driver/libstm32usb.a(usb_sil.o)
                0x0800ac54                USB_SIL_Init
 .text.USB_SIL_Write
                0x0800ac74       0x28 lib/STM32_USB-FS-Device_Driver/libstm32usb.a(usb_sil.o)
                0x0800ac74                USB_SIL_Write
 .text.USB_SIL_Read
                0x0800ac9c       0x24 lib/STM32_USB-FS-Device_Driver/libstm32usb.a(usb_sil.o)
                0x0800ac9c                USB_SIL_Read
 .text.memset   0x0800acc0      0x12c /home/laurence/ARM-GCC/bin/../lib/gcc/arm-none-eabi/4.7.4/../../../../arm-none-eabi/lib/armv7-m/libc.a(lib_a-memset.o)
                0x0800acc0                memset
 .text._sbrk    0x0800adec       0x34 /home/laurence/ARM-GCC/bin/../lib/gcc/arm-none-eabi/4.7.4/../../../../arm-none-eabi/lib/armv7-m/libnosys.a(sbrk.o)
                0x0800adec                _sbrk
 *(.rodata)
 .rodata        0x0800ae20       0xd4 /tmp/ccZFJcLy.ltrans0.ltrans.o
                0x0800ae20                DaysInMonth.5607
 .rodata        0x0800aef4       0x20 /tmp/ccZFJcLy.ltrans1.ltrans.o
 .rodata        0x0800af14       0x74 /tmp/ccZFJcLy.ltrans2.ltrans.o
 .rodata        0x0800af88       0x9c /tmp/ccZFJcLy.ltrans3.ltrans.o
 .rodata        0x0800b024      0x18e /tmp/ccZFJcLy.ltrans4.ltrans.o
                0x0800b024                Tbl.5186
                0x0800b1a4                LfnOfs.5526
 .rodata        0x0800b1b2      0x3c0 /tmp/ccZFJcLy.ltrans5.ltrans.o
 *(.rodata*)
 .rodata.str1.1
                0x0800b572      0x3ef /tmp/ccZFJcLy.ltrans0.ltrans.o
 .rodata.str1.1
                0x0800b961        0x6 /tmp/ccZFJcLy.ltrans1.ltrans.o
 .rodata.MASS_DeviceDescriptor
                0x0800b967       0x12 /tmp/ccZFJcLy.ltrans1.ltrans.o
 .rodata.str1.1
                0x0800b979       0x10 /tmp/ccZFJcLy.ltrans4.ltrans.o
                                 0x19 (size before relaxing)
 .rodata.str1.1
                0x0800b989       0x47 /tmp/ccZFJcLy.ltrans7.ltrans.o
 .rodata.L3GD20_setup
                0x0800b9d0        0x6 /tmp/ccZFJcLy.ltrans7.ltrans.o
 *fill*         0x0800b9d6        0x2 00
 .rodata.str1.4
                0x0800b9d8        0x4 /home/laurence/ARM-GCC/bin/../lib/gcc/arm-none-eabi/4.7.4/../../../../arm-none-eabi/lib/armv7-m/libc.a(lib_a-impure.o)
 *(.glue_7)
 .glue_7        0x00000000        0x0 linker stubs
 *(.glue_7t)
 .glue_7t       0x00000000        0x0 linker stubs
 *(.init)
 .init          0x0800b9dc        0x4 /home/laurence/ARM-GCC/bin/../lib/gcc/arm-none-eabi/4.7.4/armv7-m/crti.o
                0x0800b9dc                _init
 .init          0x0800b9e0        0x8 /home/laurence/ARM-GCC/bin/../lib/gcc/arm-none-eabi/4.7.4/armv7-m/crtn.o
 *(.fini)
 .fini          0x0800b9e8        0x4 /home/laurence/ARM-GCC/bin/../lib/gcc/arm-none-eabi/4.7.4/armv7-m/crti.o
                0x0800b9e8                _fini
 .fini          0x0800b9ec        0x8 /home/laurence/ARM-GCC/bin/../lib/gcc/arm-none-eabi/4.7.4/armv7-m/crtn.o
                0x0800b9f4                . = ALIGN (0x4)
                0x0800b9f4                _etext = .
                0x0800b9f4                _sidata = _etext

.vfp11_veneer   0x0800b9f4        0x0
 .vfp11_veneer  0x00000000        0x0 linker stubs

.v4_bx          0x0800b9f4        0x0
 .v4_bx         0x00000000        0x0 linker stubs

.iplt           0x0800b9f4        0x0
 .iplt          0x00000000        0x0 /home/laurence/ARM-GCC/bin/../lib/gcc/arm-none-eabi/4.7.4/armv7-m/crtbegin.o

.rel.dyn        0x0800b9f4        0x0
 .rel.iplt      0x00000000        0x0 /home/laurence/ARM-GCC/bin/../lib/gcc/arm-none-eabi/4.7.4/armv7-m/crtbegin.o

.flashpatch     0x00000000        0x0
                0x00000000                . = ALIGN (0x4)
 *(.flashpatch)
                0x00000000                . = ALIGN (0x4)

.endflash       0x00000000        0x0
                0x00000000                . = ALIGN (0x4)
 *(.endflash)
                0x00000000                . = ALIGN (0x4)
                0x00000000                _e_endflash = .

.data           0x20000000      0x9d4 load address 0x0800b9f4
                0x20000000                . = ALIGN (0x4)
                0x20000000                _sdata = .
                0x20000000                _data = .
 *(.data)
 .data          0x20000000       0x18 /tmp/ccZFJcLy.ltrans1.ltrans.o
                0x20000014                Device_Table
 .data          0x20000018       0x68 /tmp/ccZFJcLy.ltrans2.ltrans.o
                0x20000034                String_Descriptor
                0x2000005c                User_Standard_Requests
 .data          0x20000080        0x2 /tmp/ccZFJcLy.ltrans3.ltrans.o
 *fill*         0x20000082        0x2 00
 .data          0x20000084       0x90 /tmp/ccZFJcLy.ltrans5.ltrans.o
                0x200000cc                Scsi_Sense_Data
                0x200000f8                pEpInt_OUT
 .data          0x20000114       0x54 /tmp/ccZFJcLy.ltrans7.ltrans.o
                0x20000114                Device_Property
                0x20000145                Stat.5802
                0x20000148                I2C_jobs
 .data          0x20000168       0x1c /tmp/ccZFJcLy.ltrans8.ltrans.o
                0x20000168                pEpInt_IN
 *(.data.*)
 .data.__malloc_av_
                0x20000184      0x408 /home/laurence/ARM-GCC/bin/../lib/gcc/arm-none-eabi/4.7.4/../../../../arm-none-eabi/lib/armv7-m/libc.a(lib_a-mallocr.o)
                0x20000184                __malloc_av_
 .data.__malloc_trim_threshold
                0x2000058c        0x4 /home/laurence/ARM-GCC/bin/../lib/gcc/arm-none-eabi/4.7.4/../../../../arm-none-eabi/lib/armv7-m/libc.a(lib_a-mallocr.o)
                0x2000058c                __malloc_trim_threshold
 .data.__malloc_sbrk_base
                0x20000590        0x4 /home/laurence/ARM-GCC/bin/../lib/gcc/arm-none-eabi/4.7.4/../../../../arm-none-eabi/lib/armv7-m/libc.a(lib_a-mallocr.o)
                0x20000590                __malloc_sbrk_base
 .data.ADCPrescTable
                0x20000594        0x4 lib/STM32F10x_StdPeriph_Driver/libstm32fw.a(stm32f10x_rcc.o)
 .data.APBAHBPrescTable
                0x20000598       0x10 lib/STM32F10x_StdPeriph_Driver/libstm32fw.a(stm32f10x_rcc.o)
 .data.impure_data
                0x200005a8      0x428 /home/laurence/ARM-GCC/bin/../lib/gcc/arm-none-eabi/4.7.4/../../../../arm-none-eabi/lib/armv7-m/libc.a(lib_a-impure.o)
 .data._impure_ptr
                0x200009d0        0x4 /home/laurence/ARM-GCC/bin/../lib/gcc/arm-none-eabi/4.7.4/../../../../arm-none-eabi/lib/armv7-m/libc.a(lib_a-impure.o)
                0x200009d0                _impure_ptr
 *(.RAMtext)
                0x200009d4                . = ALIGN (0x4)
                0x200009d4                _edata = .
                0x0800c3c8                _eidata = (_sidata + (_edata - _sdata))
                0x08020000                _lastdataromaddress = (ORIGIN (FLASH) + 0x20000)
                0x00000000                toobig = (_eidata > _lastdataromaddress)?!!!!!!!!! FLASH IS FULL !!!!!!!!!:0x0

.igot.plt       0x200009d4        0x0 load address 0x0800c3c8
 .igot.plt      0x00000000        0x0 /home/laurence/ARM-GCC/bin/../lib/gcc/arm-none-eabi/4.7.4/armv7-m/crtbegin.o

.bss            0x200009d8      0xf18 load address 0x0800c3d0
                0x200009d8                . = ALIGN (0x4)
                0x200009d8                _sbss = .
                0x200009d8                _bss = .
 *(.bss)
 .bss           0x200009d8      0xca0 /tmp/ccZFJcLy.ltrans0.ltrans.o
                0x20000e00                bootsource
                0x20000e04                Gps_Buffer
                0x20000e10                rputchar.5885
                0x20000e14                Data_Buffer
                0x20000e18                Millis
                0x20000e1c                Battery_Voltage
                0x20000e20                FatFs.5528
                0x20001058                FATFS_logfile
                0x2000127c                FATFS_info
                0x2000129c                print_string
                0x2000139c                FATFS_wavfile_gyro
                0x200015c0                Silabs_driver_state
                0x200015dc                Gps
                0x2000160f                System_state_Global
                0x20001610                Silabs_Rx_Buffer
                0x2000161c                Shutdown_System
                0x20001620                CTS_Low.4231
                0x20001624                Gyro_XY_Rate
                0x20001628                Gyro_Z_Rate
                0x2000162c                Ind_Voltage
                0x20001630                Auto_volt
                0x20001634                Ignition_Selftest
                0x20001636                AutoSequence
                0x20001638                Gyro_x_buffer
                0x20001644                Gyro_y_buffer
                0x20001650                Gyro_z_buffer
                0x2000165e                I2C1error
                0x20001660                L3GD20_Data_Buffer
                0x20001668                Aux_Voltage
                0x2000166c                Gyro_Temperature
                0x20001670                Auto_spin
 .bss           0x20001678       0x82 /tmp/ccZFJcLy.ltrans1.ltrans.o
 *fill*         0x200016fa        0x2 00
 .bss           0x200016fc       0x40 /tmp/ccZFJcLy.ltrans2.ltrans.o
 .bss           0x2000173c        0xc /tmp/ccZFJcLy.ltrans3.ltrans.o
                0x2000173c                Channel_rx
 .bss           0x20001748        0x1 /tmp/ccZFJcLy.ltrans4.ltrans.o
                0x20001748                CardType.5803
 *fill*         0x20001749        0x3 00
 .bss           0x2000174c       0x98 /tmp/ccZFJcLy.ltrans5.ltrans.o
                0x2000174c                CBW
                0x2000176c                Bulk_Data_Buff
                0x200017ac                Data_Len
                0x200017ae                Bot_State
                0x200017b0                CSW
                0x200017c0                SCSI_LBA
                0x200017c4                SCSI_BlkLen
                0x200017c8                Mass_Block_Count
                0x200017d0                Mass_Block_Size
 .bss           0x200017e4       0x1c /tmp/ccZFJcLy.ltrans6.ltrans.o
                0x200017e8                TransferState
                0x200017f8                Sd_Spi_Called_From_USB_MSC
 .bss           0x20001800       0x4c /tmp/ccZFJcLy.ltrans7.ltrans.o
                0x20001800                wIstr
                0x20001804                Timer1.5797
                0x20001808                Timer2.5798
                0x20001814                Completed_Jobs
                0x20001818                AFROESC_Data_Buffer
                0x2000182c                AFROESC_Throttle
                0x20001838                Jobs
                0x2000183f                Silabs_spi_state
                0x20001840                Silabs_Tx_Buffer
 .bss           0x2000184c        0xc /tmp/ccZFJcLy.ltrans9.ltrans.o
                0x2000184c                Usart1_rx_buff
 *(.bss.*)
 .bss.file_opened
                0x20001858        0x1 /tmp/ccZFJcLy.ltrans0.ltrans.o
 *fill*         0x20001859        0x3 00
 .bss.bDeviceState
                0x2000185c        0x4 /tmp/ccZFJcLy.ltrans0.ltrans.o
                0x2000185c                bDeviceState
 .bss.Status    0x20001860        0x4 /tmp/ccZFJcLy.ltrans0.ltrans.o
                0x20001860                Status
 .bss.Last_RSSI
                0x20001864        0x1 /tmp/ccZFJcLy.ltrans0.ltrans.o
                0x20001864                Last_RSSI
 *fill*         0x20001865        0x3 00
 .bss.Max_Lun   0x20001868        0x4 /tmp/ccZFJcLy.ltrans5.ltrans.o
                0x20001868                Max_Lun
 .bss.Page00_Inquiry_Data
                0x2000186c        0x5 /tmp/ccZFJcLy.ltrans5.ltrans.o
 .bss.bIntPackSOF
                0x20001871        0x1 /tmp/ccZFJcLy.ltrans7.ltrans.o
 *fill*         0x20001872        0x2 00
 .bss.__malloc_max_total_mem
                0x20001874        0x4 /home/laurence/ARM-GCC/bin/../lib/gcc/arm-none-eabi/4.7.4/../../../../arm-none-eabi/lib/armv7-m/libc.a(lib_a-mallocr.o)
                0x20001874                __malloc_max_total_mem
 .bss.__malloc_max_sbrked_mem
                0x20001878        0x4 /home/laurence/ARM-GCC/bin/../lib/gcc/arm-none-eabi/4.7.4/../../../../arm-none-eabi/lib/armv7-m/libc.a(lib_a-mallocr.o)
                0x20001878                __malloc_max_sbrked_mem
 .bss.__malloc_top_pad
                0x2000187c        0x4 /home/laurence/ARM-GCC/bin/../lib/gcc/arm-none-eabi/4.7.4/../../../../arm-none-eabi/lib/armv7-m/libc.a(lib_a-mallocr.o)
                0x2000187c                __malloc_top_pad
 .bss.__malloc_current_mallinfo
                0x20001880       0x28 /home/laurence/ARM-GCC/bin/../lib/gcc/arm-none-eabi/4.7.4/../../../../arm-none-eabi/lib/armv7-m/libc.a(lib_a-mallocr.o)
                0x20001880                __malloc_current_mallinfo
 .bss.Data_Mul_MaxPacketSize
                0x200018a8        0x1 lib/STM32_USB-FS-Device_Driver/libstm32usb.a(usb_core.o)
                0x200018a8                Data_Mul_MaxPacketSize
 *fill*         0x200018a9        0x3 00
 .bss.heap_end.4231
                0x200018ac        0x4 /home/laurence/ARM-GCC/bin/../lib/gcc/arm-none-eabi/4.7.4/../../../../arm-none-eabi/lib/armv7-m/libnosys.a(sbrk.o)
 *(COMMON)
 COMMON         0x200018b0        0x4 /home/laurence/ARM-GCC/bin/../lib/gcc/arm-none-eabi/4.7.4/../../../../arm-none-eabi/lib/armv7-m/libc.a(lib_a-reent.o)
                0x200018b0                errno
 COMMON         0x200018b4        0x2 lib/STM32_USB-FS-Device_Driver/libstm32usb.a(usb_core.o)
                0x200018b4                StatusInfo
 *fill*         0x200018b6        0x2 00
 COMMON         0x200018b8       0x32 lib/STM32_USB-FS-Device_Driver/libstm32usb.a(usb_init.o)
                0x200018b8                SaveState
                0x200018bc                pProperty
                0x200018c0                EPindex
                0x200018c4                Device_Info
                0x200018e0                pUser_Standard_Requests
                0x200018e4                pInformation
                0x200018e8                wInterrupt_Mask
 COMMON         0x200018ea        0x4 lib/STM32_USB-FS-Device_Driver/libstm32usb.a(usb_int.o)
                0x200018ea                SaveRState
                0x200018ec                SaveTState
                0x200018f0                . = ALIGN (0x4)
 *fill*         0x200018ee        0x2 00
                0x200018f0                _ebss = .
                0x200018f0                PROVIDE (end, _ebss)
                0x200018f0                PROVIDE (_end, _ebss)

._usrstack      0x200018f0     0x2000 load address 0x0800d2e8
                0x200018f0                . = ALIGN (0x4)
                0x200018f0                _susrstack = .
                0x200038f0                . = (. + _Minimum_Stack_Size)
 *fill*         0x200018f0     0x2000 00
                0x200038f0                . = ALIGN (0x4)
                0x200038f0                _eusrstack = .
                0x20005000                _lastramaddress = (ORIGIN (RAM) + 0x5000)
                0x00000000                toobig = (_eusrstack > _lastramaddress)?!!!!!!!!! RAM IS FULL !!!!!!!!!:0x0

.b1text
 *(.b1text)
 *(.b1rodata)
 *(.b1rodata*)

.eb0text
 *(.eb0text)
 *(.eb0rodata)
 *(.eb0rodata*)

.eb1text
 *(.eb1text)
 *(.eb1rodata)
 *(.eb1rodata*)

.eb2text
 *(.eb2text)
 *(.eb2rodata)
 *(.eb2rodata*)

.eb3text
 *(.eb3text)
 *(.eb3rodata)
 *(.eb3rodata*)
                0x200038f0                __exidx_start = .
                0x200038f0                __exidx_end = .

/DISCARD/
 libc.a(*)
 libm.a(*)
 libgcc.a(*)

.stab
 *(.stab)

.stabstr
 *(.stabstr)

.stab.excl
 *(.stab.excl)

.stab.exclstr
 *(.stab.exclstr)

.stab.index
 *(.stab.index)

.stab.indexstr
 *(.stab.indexstr)

.comment        0x00000000       0x70
 *(.comment)
 .comment       0x00000000       0x71 /tmp/ccZFJcLy.ltrans0.ltrans.o
 .comment       0x00000000       0x71 /tmp/ccZFJcLy.ltrans1.ltrans.o
 .comment       0x00000000       0x71 /tmp/ccZFJcLy.ltrans2.ltrans.o
 .comment       0x00000000       0x71 /tmp/ccZFJcLy.ltrans3.ltrans.o
 .comment       0x00000000       0x71 /tmp/ccZFJcLy.ltrans4.ltrans.o
 .comment       0x00000000       0x71 /tmp/ccZFJcLy.ltrans5.ltrans.o
 .comment       0x00000000       0x71 /tmp/ccZFJcLy.ltrans6.ltrans.o
 .comment       0x00000000       0x71 /tmp/ccZFJcLy.ltrans7.ltrans.o
 .comment       0x00000000       0x71 /tmp/ccZFJcLy.ltrans8.ltrans.o
 .comment       0x00000000       0x71 /tmp/ccZFJcLy.ltrans9.ltrans.o
 .comment       0x00000000       0x70 lib/STM32F10x_StdPeriph_Driver/libstm32fw.a(misc.o)
                                 0x71 (size before relaxing)
 .comment       0x00000000       0x71 lib/STM32F10x_StdPeriph_Driver/libstm32fw.a(stm32f10x_adc.o)
 .comment       0x00000000       0x71 lib/STM32F10x_StdPeriph_Driver/libstm32fw.a(stm32f10x_bkp.o)
 .comment       0x00000000       0x71 lib/STM32F10x_StdPeriph_Driver/libstm32fw.a(stm32f10x_dbgmcu.o)
 .comment       0x00000000       0x71 lib/STM32F10x_StdPeriph_Driver/libstm32fw.a(stm32f10x_dma.o)
 .comment       0x00000000       0x71 lib/STM32F10x_StdPeriph_Driver/libstm32fw.a(stm32f10x_exti.o)
 .comment       0x00000000       0x71 lib/STM32F10x_StdPeriph_Driver/libstm32fw.a(stm32f10x_gpio.o)
 .comment       0x00000000       0x71 lib/STM32F10x_StdPeriph_Driver/libstm32fw.a(stm32f10x_i2c.o)
 .comment       0x00000000       0x71 lib/STM32F10x_StdPeriph_Driver/libstm32fw.a(stm32f10x_iwdg.o)
 .comment       0x00000000       0x71 lib/STM32F10x_StdPeriph_Driver/libstm32fw.a(stm32f10x_pwr.o)
 .comment       0x00000000       0x71 lib/STM32F10x_StdPeriph_Driver/libstm32fw.a(stm32f10x_rcc.o)
 .comment       0x00000000       0x71 lib/STM32F10x_StdPeriph_Driver/libstm32fw.a(stm32f10x_rtc.o)
 .comment       0x00000000       0x71 lib/STM32F10x_StdPeriph_Driver/libstm32fw.a(stm32f10x_spi.o)
 .comment       0x00000000       0x71 lib/STM32F10x_StdPeriph_Driver/libstm32fw.a(stm32f10x_tim.o)
 .comment       0x00000000       0x71 lib/STM32F10x_StdPeriph_Driver/libstm32fw.a(stm32f10x_usart.o)
 .comment       0x00000000       0x71 lib/STM32_USB-FS-Device_Driver/libstm32usb.a(usb_core.o)
 .comment       0x00000000       0x71 lib/STM32_USB-FS-Device_Driver/libstm32usb.a(usb_init.o)
 .comment       0x00000000       0x71 lib/STM32_USB-FS-Device_Driver/libstm32usb.a(usb_int.o)
 .comment       0x00000000       0x71 lib/STM32_USB-FS-Device_Driver/libstm32usb.a(usb_mem.o)
 .comment       0x00000000       0x71 lib/STM32_USB-FS-Device_Driver/libstm32usb.a(usb_regs.o)
 .comment       0x00000000       0x71 lib/STM32_USB-FS-Device_Driver/libstm32usb.a(usb_sil.o)

.ARM.attributes
                0x00000000       0x29
 .ARM.attributes
                0x00000000       0x1d /home/laurence/ARM-GCC/bin/../lib/gcc/arm-none-eabi/4.7.4/armv7-m/crti.o
 .ARM.attributes
                0x0000001d       0x31 /tmp/ccZFJcLy.ltrans0.ltrans.o
 .ARM.attributes
                0x0000004e       0x31 /tmp/ccZFJcLy.ltrans1.ltrans.o
 .ARM.attributes
                0x0000007f       0x31 /tmp/ccZFJcLy.ltrans2.ltrans.o
 .ARM.attributes
                0x000000b0       0x31 /tmp/ccZFJcLy.ltrans3.ltrans.o
 .ARM.attributes
                0x000000e1       0x31 /tmp/ccZFJcLy.ltrans4.ltrans.o
 .ARM.attributes
                0x00000112       0x31 /tmp/ccZFJcLy.ltrans5.ltrans.o
 .ARM.attributes
                0x00000143       0x31 /tmp/ccZFJcLy.ltrans6.ltrans.o
 .ARM.attributes
                0x00000174       0x31 /tmp/ccZFJcLy.ltrans7.ltrans.o
 .ARM.attributes
                0x000001a5       0x31 /tmp/ccZFJcLy.ltrans8.ltrans.o
 .ARM.attributes
                0x000001d6       0x31 /tmp/ccZFJcLy.ltrans9.ltrans.o
 .ARM.attributes
                0x00000207       0x1d /home/laurence/ARM-GCC/bin/../lib/gcc/arm-none-eabi/4.7.4/armv7-m/libgcc.a(_arm_addsubdf3.o)
 .ARM.attributes
                0x00000224       0x1d /home/laurence/ARM-GCC/bin/../lib/gcc/arm-none-eabi/4.7.4/armv7-m/libgcc.a(_arm_muldivdf3.o)
 .ARM.attributes
                0x00000241       0x1d /home/laurence/ARM-GCC/bin/../lib/gcc/arm-none-eabi/4.7.4/armv7-m/libgcc.a(_arm_cmpdf2.o)
 .ARM.attributes
                0x0000025e       0x1d /home/laurence/ARM-GCC/bin/../lib/gcc/arm-none-eabi/4.7.4/armv7-m/libgcc.a(_arm_fixunsdfsi.o)
 .ARM.attributes
                0x0000027b       0x1d /home/laurence/ARM-GCC/bin/../lib/gcc/arm-none-eabi/4.7.4/armv7-m/libgcc.a(_arm_truncdfsf2.o)
 .ARM.attributes
                0x00000298       0x1d /home/laurence/ARM-GCC/bin/../lib/gcc/arm-none-eabi/4.7.4/armv7-m/libgcc.a(_arm_addsubsf3.o)
 .ARM.attributes
                0x000002b5       0x1d /home/laurence/ARM-GCC/bin/../lib/gcc/arm-none-eabi/4.7.4/armv7-m/libgcc.a(_arm_muldivsf3.o)
 .ARM.attributes
                0x000002d2       0x1d /home/laurence/ARM-GCC/bin/../lib/gcc/arm-none-eabi/4.7.4/armv7-m/libgcc.a(_arm_cmpsf2.o)
 .ARM.attributes
                0x000002ef       0x1d /home/laurence/ARM-GCC/bin/../lib/gcc/arm-none-eabi/4.7.4/armv7-m/libgcc.a(_arm_fixunssfsi.o)
 .ARM.attributes
                0x0000030c       0x2d /home/laurence/ARM-GCC/bin/../lib/gcc/arm-none-eabi/4.7.4/../../../../arm-none-eabi/lib/armv7-m/libc.a(lib_a-malloc.o)
 .ARM.attributes
                0x00000339       0x2d /home/laurence/ARM-GCC/bin/../lib/gcc/arm-none-eabi/4.7.4/../../../../arm-none-eabi/lib/armv7-m/libc.a(lib_a-mallocr.o)
 .ARM.attributes
                0x00000366       0x2d /home/laurence/ARM-GCC/bin/../lib/gcc/arm-none-eabi/4.7.4/../../../../arm-none-eabi/lib/armv7-m/libc.a(lib_a-memcmp.o)
 .ARM.attributes
                0x00000393       0x2d /home/laurence/ARM-GCC/bin/../lib/gcc/arm-none-eabi/4.7.4/../../../../arm-none-eabi/lib/armv7-m/libc.a(lib_a-memcpy.o)
 .ARM.attributes
                0x000003c0       0x2d /home/laurence/ARM-GCC/bin/../lib/gcc/arm-none-eabi/4.7.4/../../../../arm-none-eabi/lib/armv7-m/libc.a(lib_a-mlock.o)
 .ARM.attributes
                0x000003ed       0x2d /home/laurence/ARM-GCC/bin/../lib/gcc/arm-none-eabi/4.7.4/../../../../arm-none-eabi/lib/armv7-m/libc.a(lib_a-sbrkr.o)
 .ARM.attributes
                0x0000041a       0x2d /home/laurence/ARM-GCC/bin/../lib/gcc/arm-none-eabi/4.7.4/../../../../arm-none-eabi/lib/armv7-m/libc.a(lib_a-strcat.o)
 .ARM.attributes
                0x00000447       0x2d /home/laurence/ARM-GCC/bin/../lib/gcc/arm-none-eabi/4.7.4/../../../../arm-none-eabi/lib/armv7-m/libc.a(lib_a-strchr.o)
 .ARM.attributes
                0x00000474       0x2d /home/laurence/ARM-GCC/bin/../lib/gcc/arm-none-eabi/4.7.4/../../../../arm-none-eabi/lib/armv7-m/libc.a(lib_a-strcpy.o)
 .ARM.attributes
                0x000004a1       0x2d /home/laurence/ARM-GCC/bin/../lib/gcc/arm-none-eabi/4.7.4/../../../../arm-none-eabi/lib/armv7-m/libc.a(lib_a-strlen.o)
 .ARM.attributes
                0x000004ce       0x2d /home/laurence/ARM-GCC/bin/../lib/gcc/arm-none-eabi/4.7.4/../../../../arm-none-eabi/lib/armv7-m/libc.a(lib_a-strncmp.o)
 .ARM.attributes
                0x000004fb       0x2d /home/laurence/ARM-GCC/bin/../lib/gcc/arm-none-eabi/4.7.4/../../../../arm-none-eabi/lib/armv7-m/libc.a(lib_a-strncpy.o)
 .ARM.attributes