Archive member included because of file (symbol)

lib/STM32F10x_StdPeriph_Driver/libstm32fw.a(misc.o)
                              interrupts.o (symbol from plugin) (NVIC_PriorityGroupConfig)
lib/STM32F10x_StdPeriph_Driver/libstm32fw.a(stm32f10x_adc.o)
                              adc.o (symbol from plugin) (ADC_DeInit)
lib/STM32F10x_StdPeriph_Driver/libstm32fw.a(stm32f10x_bkp.o)
                              Util/fat_fs/src/rtc.o (symbol from plugin) (BKP_DeInit)
lib/STM32F10x_StdPeriph_Driver/libstm32fw.a(stm32f10x_dbgmcu.o)
                              main.o (symbol from plugin) (DBGMCU_Config)
lib/STM32F10x_StdPeriph_Driver/libstm32fw.a(stm32f10x_dma.o)
                              Silabs/si446x.o (symbol from plugin) (DMA_DeInit)
lib/STM32F10x_StdPeriph_Driver/libstm32fw.a(stm32f10x_exti.o)
                              Silabs/si446x.o (symbol from plugin) (EXTI_DeInit)
lib/STM32F10x_StdPeriph_Driver/libstm32fw.a(stm32f10x_gpio.o)
                              Silabs/si446x.o (symbol from plugin) (GPIO_Init)
lib/STM32F10x_StdPeriph_Driver/libstm32fw.a(stm32f10x_i2c.o)
                              i2c_int.o (symbol from plugin) (I2C_DeInit)
lib/STM32F10x_StdPeriph_Driver/libstm32fw.a(stm32f10x_iwdg.o)
                              watchdog.o (symbol from plugin) (IWDG_WriteAccessCmd)
lib/STM32F10x_StdPeriph_Driver/libstm32fw.a(stm32f10x_pwr.o)
                              pwr.o (symbol from plugin) (PWR_DeInit)
lib/STM32F10x_StdPeriph_Driver/libstm32fw.a(stm32f10x_rcc.o)
                              interrupts.o (symbol from plugin) (RCC_HCLKConfig)
lib/STM32F10x_StdPeriph_Driver/libstm32fw.a(stm32f10x_rtc.o)
                              Util/fat_fs/src/rtc.o (symbol from plugin) (RTC_GetCounter)
lib/STM32F10x_StdPeriph_Driver/libstm32fw.a(stm32f10x_spi.o)
                              Util/fat_fs/src/sd_spi_stm32.o (symbol from plugin) (SPI_I2S_DeInit)
lib/STM32F10x_StdPeriph_Driver/libstm32fw.a(stm32f10x_tim.o)
                              pwm.o (symbol from plugin) (TIM_DeInit)
lib/STM32F10x_StdPeriph_Driver/libstm32fw.a(stm32f10x_usart.o)
                              usart.o (symbol from plugin) (USART_DeInit)
lib/STM32_USB-FS-Device_Driver/libstm32usb.a(usb_core.o)
                              Util/USB/usb_prop.o (symbol from plugin) (Standard_GetDescriptorData)
lib/STM32_USB-FS-Device_Driver/libstm32usb.a(usb_init.o)
                              main.o (symbol from plugin) (USB_Init)
lib/STM32_USB-FS-Device_Driver/libstm32usb.a(usb_int.o)
                              Util/USB/usb_istr.o (symbol from plugin) (CTR_LP)
lib/STM32_USB-FS-Device_Driver/libstm32usb.a(usb_mem.o)
                              lib/STM32_USB-FS-Device_Driver/libstm32usb.a(usb_core.o) (UserToPMABufferCopy)
lib/STM32_USB-FS-Device_Driver/libstm32usb.a(usb_regs.o)
                              Util/USB/usb_prop.o (symbol from plugin) (SetBTABLE)
lib/STM32_USB-FS-Device_Driver/libstm32usb.a(usb_sil.o)
                              Util/USB/usb_prop.o (symbol from plugin) (USB_SIL_Init)
/home/laurence/ARM-GCC/gcc-arm-none-eabi-4_9-2014q4/bin/../lib/gcc/arm-none-eabi/4.9.3/../../../../arm-none-eabi/lib/armv7-m/libg.a(lib_a-exit.o)
                              /home/laurence/ARM-GCC/gcc-arm-none-eabi-4_9-2014q4/bin/../lib/gcc/arm-none-eabi/4.9.3/../../../../arm-none-eabi/lib/armv7-m/crt0.o (exit)
/home/laurence/ARM-GCC/gcc-arm-none-eabi-4_9-2014q4/bin/../lib/gcc/arm-none-eabi/4.9.3/../../../../arm-none-eabi/lib/armv7-m/libg.a(lib_a-impure.o)
                              /home/laurence/ARM-GCC/gcc-arm-none-eabi-4_9-2014q4/bin/../lib/gcc/arm-none-eabi/4.9.3/../../../../arm-none-eabi/lib/armv7-m/libg.a(lib_a-exit.o) (_global_impure_ptr)
/home/laurence/ARM-GCC/gcc-arm-none-eabi-4_9-2014q4/bin/../lib/gcc/arm-none-eabi/4.9.3/../../../../arm-none-eabi/lib/armv7-m/libg.a(lib_a-init.o)
                              /home/laurence/ARM-GCC/gcc-arm-none-eabi-4_9-2014q4/bin/../lib/gcc/arm-none-eabi/4.9.3/../../../../arm-none-eabi/lib/armv7-m/crt0.o (__libc_init_array)
/home/laurence/ARM-GCC/gcc-arm-none-eabi-4_9-2014q4/bin/../lib/gcc/arm-none-eabi/4.9.3/../../../../arm-none-eabi/lib/armv7-m/libg.a(lib_a-memset.o)
                              /home/laurence/ARM-GCC/gcc-arm-none-eabi-4_9-2014q4/bin/../lib/gcc/arm-none-eabi/4.9.3/../../../../arm-none-eabi/lib/armv7-m/crt0.o (memset)
/home/laurence/ARM-GCC/gcc-arm-none-eabi-4_9-2014q4/bin/../lib/gcc/arm-none-eabi/4.9.3/../../../../arm-none-eabi/lib/armv7-m/libg.a(lib_a-__call_atexit.o)
                              /home/laurence/ARM-GCC/gcc-arm-none-eabi-4_9-2014q4/bin/../lib/gcc/arm-none-eabi/4.9.3/../../../../arm-none-eabi/lib/armv7-m/libg.a(lib_a-exit.o) (__call_exitprocs)
/home/laurence/ARM-GCC/gcc-arm-none-eabi-4_9-2014q4/bin/../lib/gcc/arm-none-eabi/4.9.3/../../../../arm-none-eabi/lib/armv7-m/libg.a(lib_a-atexit.o)
[...]
Memory Configuration

Name             Origin             Length             Attributes
RAM              0x20000000         0x00005000         xrw
FLASH            0x08000000         0x00020000         xr
FLASHB1          0x00000000         0x00000000         xr
EXTMEMB0         0x00000000         0x00000000         xr
EXTMEMB1         0x00000000         0x00000000         xr
EXTMEMB2         0x00000000         0x00000000         xr
EXTMEMB3         0x00000000         0x00000000         xr
STARTFLASH       0x00000000         0xffffffff
CRPPATCH         0x00000000         0xffffffff
FLASHPATCH       0x00000000         0xffffffff
ENDFLASH         0x00000000         0xffffffff
*default*        0x00000000         0xffffffff

Linker script and memory map

LOAD /home/laurence/ARM-GCC/gcc-arm-none-eabi-4_9-2014q4/bin/../lib/gcc/arm-none-eabi/4.9.3/armv7-m/crti.o
LOAD /home/laurence/ARM-GCC/gcc-arm-none-eabi-4_9-2014q4/bin/../lib/gcc/arm-none-eabi/4.9.3/armv7-m/crtbegin.o
LOAD /home/laurence/ARM-GCC/gcc-arm-none-eabi-4_9-2014q4/bin/../lib/gcc/arm-none-eabi/4.9.3/../../../../arm-none-eabi/lib/armv7-m/crt0.o
LOAD Silabs/si446x.o
LOAD /tmp/ccawwenH.ltrans0.ltrans.o
LOAD /tmp/ccawwenH.ltrans1.ltrans.o
LOAD /tmp/ccawwenH.ltrans2.ltrans.o
LOAD /tmp/ccawwenH.ltrans3.ltrans.o
LOAD /tmp/ccawwenH.ltrans4.ltrans.o
LOAD /tmp/ccawwenH.ltrans5.ltrans.o
LOAD /tmp/ccawwenH.ltrans6.ltrans.o
LOAD /tmp/ccawwenH.ltrans7.ltrans.o
LOAD /tmp/ccawwenH.ltrans8.ltrans.o
LOAD /home/laurence/ARM-GCC/gcc-arm-none-eabi-4_9-2014q4/bin/../lib/gcc/arm-none-eabi/4.9.3/armv7-m/libgcc.a
LOAD /home/laurence/ARM-GCC/gcc-arm-none-eabi-4_9-2014q4/bin/../lib/gcc/arm-none-eabi/4.9.3/../../../../arm-none-eabi/lib/armv7-m/libg.a
LOAD /home/laurence/ARM-GCC/gcc-arm-none-eabi-4_9-2014q4/bin/../lib/gcc/arm-none-eabi/4.9.3/../../../../arm-none-eabi/lib/armv7-m/libc.a
LOAD Ublox/ubx.o
LOAD Util/USB/hw_config.o
LOAD Util/USB/mass_mal.o
LOAD Util/USB/memory.o
LOAD Util/USB/scsi_data.o
LOAD Util/USB/usb_bot.o
LOAD Util/USB/usb_desc.o
LOAD Util/USB/usb_endp.o
LOAD Util/USB/usb_istr.o
LOAD Util/USB/usb_prop.o
LOAD Util/USB/usb_pwr.o
LOAD Util/USB/usb_scsi.o
LOAD Util/buffer.o
LOAD Util/crc.o
LOAD Util/delay.o
LOAD Util/fat_fs/option/ccsbcs.o
LOAD Util/fat_fs/src/fattime.o
LOAD Util/fat_fs/src/ff.o
LOAD Util/fat_fs/src/rtc.o
LOAD Util/fat_fs/src/sd_spi_stm32.o
LOAD Util/polygon.o
LOAD Util/rprintf.o
LOAD Util/wave.o
LOAD adc.o
LOAD dma.o
LOAD gpio.o
LOAD i2c_int.o
LOAD interrupts.o
LOAD lib/CMSIS_CM3/core_cm3.o
LOAD lib/CMSIS_CM3/startup/gcc/startup_stm32f10x_md.o
LOAD lib/CMSIS_CM3/system_stm32f10x.o
LOAD main.o
LOAD pwm.o
LOAD pwr.o
LOAD usart.o
LOAD watchdog.o
LOAD lib/STM32F10x_StdPeriph_Driver/libstm32fw.a
LOAD lib/STM32_USB-FS-Device_Driver/libstm32usb.a
LOAD /home/laurence/ARM-GCC/gcc-arm-none-eabi-4_9-2014q4/bin/../lib/gcc/arm-none-eabi/4.9.3/../../../../arm-none-eabi/lib/armv7-m/libm.a
LOAD /home/laurence/ARM-GCC/gcc-arm-none-eabi-4_9-2014q4/bin/../lib/gcc/arm-none-eabi/4.9.3/../../../../arm-none-eabi/lib/armv7-m/libnosys.a
START GROUP
LOAD /home/laurence/ARM-GCC/gcc-arm-none-eabi-4_9-2014q4/bin/../lib/gcc/arm-none-eabi/4.9.3/armv7-m/libgcc.a
LOAD /home/laurence/ARM-GCC/gcc-arm-none-eabi-4_9-2014q4/bin/../lib/gcc/arm-none-eabi/4.9.3/../../../../arm-none-eabi/lib/armv7-m/libg.a
LOAD /home/laurence/ARM-GCC/gcc-arm-none-eabi-4_9-2014q4/bin/../lib/gcc/arm-none-eabi/4.9.3/../../../../arm-none-eabi/lib/armv7-m/libc.a
END GROUP
LOAD /home/laurence/ARM-GCC/gcc-arm-none-eabi-4_9-2014q4/bin/../lib/gcc/arm-none-eabi/4.9.3/armv7-m/crtend.o
LOAD /home/laurence/ARM-GCC/gcc-arm-none-eabi-4_9-2014q4/bin/../lib/gcc/arm-none-eabi/4.9.3/armv7-m/crtn.o
                0x00002000                __Stack_Size = 0x2000
                0x00002000                PROVIDE (_Stack_Size, __Stack_Size)
                0x20003000                __Stack_Init = (_estack - __Stack_Size)
                0x20003000                PROVIDE (_Stack_Init, __Stack_Init)
                0x00002000                _Minimum_Stack_Size = 0x2000
                0x00000000                PROVIDE (Undefined_Handler, 0x0)
                0x00000000                PROVIDE (SWI_Handler, 0x0)
                0x00000000                PROVIDE (IRQ_Handler, 0x0)
                0x00000000                PROVIDE (Prefetch_Handler, 0x0)
                0x00000000                PROVIDE (Abort_Handler, 0x0)
                0x00000000                PROVIDE (FIQ_Handler, 0x0)
                0x00000000                PROVIDE (NMIException, 0x0)
                0x00000000                PROVIDE (NMI_Handler, 0x0)
                0x00000000                PROVIDE (HardFaultException, 0x0)
                0x00000000                PROVIDE (HardFault_Handler, 0x0)
                0x00000000                PROVIDE (MemManageException, 0x0)
                0x00000000                PROVIDE (MemManage_Handler, 0x0)
                0x00000000                PROVIDE (BusFaultException, 0x0)
                0x00000000                PROVIDE (BusFault_Handler, 0x0)
                0x00000000                PROVIDE (UsageFaultException, 0x0)
                0x00000000                PROVIDE (UsageFault_Handler, 0x0)
                0x00000000                PROVIDE (SVCHandler, 0x0)
                0x00000000                PROVIDE (SVC_Handler, 0x0)
                0x00000000                PROVIDE (DebugMonitor, 0x0)
                0x00000000                PROVIDE (DebugMon_Handler, 0x0)
                0x00000000                PROVIDE (PendSVC, 0x0)
                0x00000000                PROVIDE (PendSV_Handler, 0x0)
                0x00000000                PROVIDE (SysTickHandler, 0x0)
                0x00000000                PROVIDE (SysTick_Handler, 0x0)
                0x00000000                PROVIDE (WWDG_IRQHandler, 0x0)
                0x00000000                PROVIDE (PVD_IRQHandler, 0x0)
                0x00000000                PROVIDE (TAMPER_IRQHandler, 0x0)
                0x00000000                PROVIDE (RTC_IRQHandler, 0x0)
                0x00000000                PROVIDE (FLASH_IRQHandler, 0x0)
                0x00000000                PROVIDE (RCC_IRQHandler, 0x0)
                0x00000000                PROVIDE (EXTI0_IRQHandler, 0x0)
                0x00000000                PROVIDE (EXTI1_IRQHandler, 0x0)
                0x00000000                PROVIDE (EXTI2_IRQHandler, 0x0)
                0x00000000                PROVIDE (EXTI3_IRQHandler, 0x0)
                0x00000000                PROVIDE (EXTI4_IRQHandler, 0x0)
                0x00000000                PROVIDE (DMAChannel1_IRQHandler, 0x0)
                0x00000000                PROVIDE (DMAChannel2_IRQHandler, 0x0)
                0x00000000                PROVIDE (DMAChannel3_IRQHandler, 0x0)
                0x00000000                PROVIDE (DMAChannel4_IRQHandler, 0x0)
                0x00000000                PROVIDE (DMAChannel5_IRQHandler, 0x0)
                0x00000000                PROVIDE (DMAChannel6_IRQHandler, 0x0)
                0x00000000                PROVIDE (DMAChannel7_IRQHandler, 0x0)
                0x00000000                PROVIDE (DMA1_Channel1_IRQHandler, 0x0)
                0x00000000                PROVIDE (DMA1_Channel2_IRQHandler, 0x0)
                0x00000000                PROVIDE (DMA1_Channel3_IRQHandler, 0x0)
                0x00000000                PROVIDE (DMA1_Channel4_IRQHandler, 0x0)
                0x00000000                PROVIDE (DMA1_Channel5_IRQHandler, 0x0)
                0x00000000                PROVIDE (DMA1_Channel6_IRQHandler, 0x0)
                0x00000000                PROVIDE (DMA1_Channel7_IRQHandler, 0x0)
                0x00000000                PROVIDE (ADC_IRQHandler, 0x0)
                0x00000000                PROVIDE (ADC1_2_IRQHandler, 0x0)
                0x00000000                PROVIDE (USB_HP_CAN_TX_IRQHandler, 0x0)
                0x00000000                PROVIDE (USB_HP_CAN1_TX_IRQHandler, 0x0)
                0x00000000                PROVIDE (USB_LP_CAN_RX0_IRQHandler, 0x0)
                0x00000000                PROVIDE (USB_LP_CAN1_RX0_IRQHandler, 0x0)
                0x00000000                PROVIDE (CAN_RX1_IRQHandler, 0x0)
                0x00000000                PROVIDE (CAN1_RX1_IRQHandler, 0x0)
                0x00000000                PROVIDE (CAN_SCE_IRQHandler, 0x0)
                0x00000000                PROVIDE (CAN1_SCE_IRQHandler, 0x0)
                0x00000000                PROVIDE (EXTI9_5_IRQHandler, 0x0)
                0x00000000                PROVIDE (TIM1_BRK_IRQHandler, 0x0)
                0x00000000                PROVIDE (TIM1_UP_IRQHandler, 0x0)
                0x00000000                PROVIDE (TIM1_TRG_COM_IRQHandler, 0x0)
                0x00000000                PROVIDE (TIM1_CC_IRQHandler, 0x0)
                0x00000000                PROVIDE (TIM2_IRQHandler, 0x0)
                0x00000000                PROVIDE (TIM3_IRQHandler, 0x0)
                0x00000000                PROVIDE (TIM4_IRQHandler, 0x0)
                0x00000000                PROVIDE (I2C1_EV_IRQHandler, 0x0)
                0x00000000                PROVIDE (I2C1_ER_IRQHandler, 0x0)
                0x00000000                PROVIDE (I2C2_EV_IRQHandler, 0x0)
                0x00000000                PROVIDE (I2C2_ER_IRQHandler, 0x0)
                0x00000000                PROVIDE (SPI1_IRQHandler, 0x0)
                0x00000000                PROVIDE (SPI2_IRQHandler, 0x0)
                0x00000000                PROVIDE (USART1_IRQHandler, 0x0)
                0x00000000                PROVIDE (USART2_IRQHandler, 0x0)
                0x00000000                PROVIDE (USART3_IRQHandler, 0x0)
                0x00000000                PROVIDE (EXTI15_10_IRQHandler, 0x0)
                0x00000000                PROVIDE (RTCAlarm_IRQHandler, 0x0)
                0x00000000                PROVIDE (USBWakeUp_IRQHandler, 0x0)
                0x00000000                PROVIDE (TIM8_BRK_IRQHandler, 0x0)
                0x00000000                PROVIDE (TIM8_UP_IRQHandler, 0x0)
                0x00000000                PROVIDE (TIM8_TRG_COM_IRQHandler, 0x0)
                0x00000000                PROVIDE (TIM8_CC_IRQHandler, 0x0)
                0x00000000                PROVIDE (ADC3_IRQHandler, 0x0)
                0x00000000                PROVIDE (FSMC_IRQHandler, 0x0)
                0x00000000                PROVIDE (SDIO_IRQHandler, 0x0)
                0x00000000                PROVIDE (TIM5_IRQHandler, 0x0)
                0x00000000                PROVIDE (SPI3_IRQHandler, 0x0)
                0x00000000                PROVIDE (UART4_IRQHandler, 0x0)
                0x00000000                PROVIDE (UART5_IRQHandler, 0x0)
                0x00000000                PROVIDE (TIM6_IRQHandler, 0x0)
                0x00000000                PROVIDE (TIM7_IRQHandler, 0x0)
                0x00000000                PROVIDE (DMA2_Channel1_IRQHandler, 0x0)
                0x00000000                PROVIDE (DMA2_Channel2_IRQHandler, 0x0)
                0x00000000                PROVIDE (DMA2_Channel3_IRQHandler, 0x0)
                0x00000000                PROVIDE (DMA2_Channel4_5_IRQHandler, 0x0)
                0x42000000                PERIPH_BB_BASE = 0x42000000
                0x22000000                SRAM_BB_BASE = 0x22000000
                0x20000000                SRAM_BASE = 0x20000000
                0x40000000                PERIPH_BASE = 0x40000000
                0x40022000                PROVIDE (FLASH_BASE, 0x40022000)
                0x1ffff800                PROVIDE (OB_BASE, 0x1ffff800)
                0x40000000                APB1PERIPH_BASE = PERIPH_BASE
                0x40010000                APB2PERIPH_BASE = (PERIPH_BASE + 0x10000)
                0x40020000                AHBPERIPH_BASE = (PERIPH_BASE + 0x20000)
                0x40000000                PROVIDE (TIM2, (APB1PERIPH_BASE + 0x0))
                0x40000400                PROVIDE (TIM3, (APB1PERIPH_BASE + 0x400))
                0x40000800                PROVIDE (TIM4, (APB1PERIPH_BASE + 0x800))
                0x40002800                PROVIDE (RTC, (APB1PERIPH_BASE + 0x2800))
                0x40002c00                PROVIDE (WWDG, (APB1PERIPH_BASE + 0x2c00))
                0x40003000                PROVIDE (IWDG, (APB1PERIPH_BASE + 0x3000))
                0x40003800                PROVIDE (SPI2, (APB1PERIPH_BASE + 0x3800))
                0x40004400                PROVIDE (USART2, (APB1PERIPH_BASE + 0x4400))
                0x40004800                PROVIDE (USART3, (APB1PERIPH_BASE + 0x4800))
                0x40005400                PROVIDE (I2C1, (APB1PERIPH_BASE + 0x5400))
                0x40005800                PROVIDE (I2C2, (APB1PERIPH_BASE + 0x5800))
                0x40006400                PROVIDE (CAN, (APB1PERIPH_BASE + 0x6400))
                0x40006c00                PROVIDE (BKP, (APB1PERIPH_BASE + 0x6c00))
                0x40007000                PROVIDE (PWR, (APB1PERIPH_BASE + 0x7000))
                0x40010000                PROVIDE (AFIO, (APB2PERIPH_BASE + 0x0))
                0x40010400                PROVIDE (EXTI, (APB2PERIPH_BASE + 0x400))
                0x40010800                PROVIDE (GPIOA, (APB2PERIPH_BASE + 0x800))
                0x40010c00                PROVIDE (GPIOB, (APB2PERIPH_BASE + 0xc00))
                0x40011000                PROVIDE (GPIOC, (APB2PERIPH_BASE + 0x1000))
                0x40011400                PROVIDE (GPIOD, (APB2PERIPH_BASE + 0x1400))
                0x40011800                PROVIDE (GPIOE, (APB2PERIPH_BASE + 0x1800))
                0x40012400                PROVIDE (ADC1, (APB2PERIPH_BASE + 0x2400))
                0x40012800                PROVIDE (ADC2, (APB2PERIPH_BASE + 0x2800))
                0x40012c00                PROVIDE (TIM1, (APB2PERIPH_BASE + 0x2c00))
                0x40013000                PROVIDE (SPI1, (APB2PERIPH_BASE + 0x3000))
                0x40013800                PROVIDE (USART1, (APB2PERIPH_BASE + 0x3800))
                0x40020000                PROVIDE (DMA, (AHBPERIPH_BASE + 0x0))
                0x40020008                PROVIDE (DMA_Channel1, (AHBPERIPH_BASE + 0x8))
                0x4002001c                PROVIDE (DMA_Channel2, (AHBPERIPH_BASE + 0x1c))
                0x40020030                PROVIDE (DMA_Channel3, (AHBPERIPH_BASE + 0x30))
                0x40020044                PROVIDE (DMA_Channel4, (AHBPERIPH_BASE + 0x44))
                0x40020058                PROVIDE (DMA_Channel5, (AHBPERIPH_BASE + 0x58))
                0x4002006c                PROVIDE (DMA_Channel6, (AHBPERIPH_BASE + 0x6c))
                0x40020080                PROVIDE (DMA_Channel7, (AHBPERIPH_BASE + 0x80))
                0x40021000                PROVIDE (RCC, (AHBPERIPH_BASE + 0x1000))
                0xe000e000                SCS_BASE = 0xe000e000
                0xe000e010                PROVIDE (SysTick, (SCS_BASE + 0x10))
                0xe000e100                PROVIDE (NVIC, (SCS_BASE + 0x100))
                0xe000ed00                PROVIDE (SCB, (SCS_BASE + 0xd00))
                0x20005000                PROVIDE (_estack, (ORIGIN (RAM) + 0x5000))

.isr_vector     0x08000000      0x10c
                0x08000000                . = ALIGN (0x4)
 *(.isr_vector)
 .isr_vector    0x08000000      0x10c lib/CMSIS_CM3/startup/gcc/startup_stm32f10x_md.o
                0x08000000                g_pfnVectors
                0x0800010c                . = ALIGN (0x4)

.flash_start    0x00000000        0x0
                0x00000000                . = ALIGN (0x4)
 *(.flash_start)
 *(.flash_start.*)
                0x00000000                . = ALIGN (0x4)

.crp_patch      0x00000000        0x0
                0x00000000                . = ALIGN (0x4)
 *(.crp_patch)
                0x00000000                . = ALIGN (0x4)

.flashtext      0x0800010c        0x0
                0x0800010c                . = ALIGN (0x4)
 *(.flashtext)
                0x0800010c                . = ALIGN (0x4)

.text           0x08000110     0xca60
                0x08000110                . = ALIGN (0x4)
 *(.text)
 .text          0x08000110      0x370 /home/laurence/ARM-GCC/gcc-arm-none-eabi-4_9-2014q4/bin/../lib/gcc/arm-none-eabi/4.9.3/armv7-m/libgcc.a(_arm_addsubdf3.o)
                0x08000110                __aeabi_drsub
                0x08000118                __aeabi_dsub
                0x08000118                __subdf3
                0x0800011c                __adddf3
                0x0800011c                __aeabi_dadd
                0x08000394                __aeabi_ui2d
                0x08000394                __floatunsidf
                0x080003b4                __floatsidf
                0x080003b4                __aeabi_i2d
                0x080003d8                __extendsfdf2
                0x080003d8                __aeabi_f2d
                0x08000414                __aeabi_ul2d
                0x08000414                __floatundidf
                0x08000424                __floatdidf
                0x08000424                __aeabi_l2d
 .text          0x08000480      0x424 /home/laurence/ARM-GCC/gcc-arm-none-eabi-4_9-2014q4/bin/../lib/gcc/arm-none-eabi/4.9.3/armv7-m/libgcc.a(_arm_muldivdf3.o)
                0x08000480                __aeabi_dmul
                0x08000480                __muldf3
                0x080006d4                __aeabi_ddiv
                0x080006d4                __divdf3
 .text          0x080008a4      0x110 /home/laurence/ARM-GCC/gcc-arm-none-eabi-4_9-2014q4/bin/../lib/gcc/arm-none-eabi/4.9.3/armv7-m/libgcc.a(_arm_cmpdf2.o)
                0x080008a4                __gtdf2
                0x080008a4                __gedf2
                0x080008ac                __ltdf2
                0x080008ac                __ledf2
                0x080008b4                __cmpdf2
                0x080008b4                __eqdf2
                0x080008b4                __nedf2
                0x08000930                __aeabi_cdrcmple
                0x08000940                __aeabi_cdcmple
                0x08000940                __aeabi_cdcmpeq
                0x08000950                __aeabi_dcmpeq
                0x08000964                __aeabi_dcmplt
                0x08000978                __aeabi_dcmple
                0x0800098c                __aeabi_dcmpge
                0x080009a0                __aeabi_dcmpgt
 .text          0x080009b4       0x40 /home/laurence/ARM-GCC/gcc-arm-none-eabi-4_9-2014q4/bin/../lib/gcc/arm-none-eabi/4.9.3/armv7-m/libgcc.a(_arm_fixunsdfsi.o)
                0x080009b4                __fixunsdfsi
                0x080009b4                __aeabi_d2uiz
 .text          0x080009f4       0xa0 /home/laurence/ARM-GCC/gcc-arm-none-eabi-4_9-2014q4/bin/../lib/gcc/arm-none-eabi/4.9.3/armv7-m/libgcc.a(_arm_truncdfsf2.o)
                0x080009f4                __aeabi_d2f
                0x080009f4                __truncdfsf2
 .text          0x08000a94      0x21c /home/laurence/ARM-GCC/gcc-arm-none-eabi-4_9-2014q4/bin/../lib/gcc/arm-none-eabi/4.9.3/armv7-m/libgcc.a(_arm_addsubsf3.o)
                0x08000a94                __aeabi_frsub
                0x08000a9c                __subsf3
                0x08000a9c                __aeabi_fsub
                0x08000aa0                __aeabi_fadd
                0x08000aa0                __addsf3
                0x08000c00                __aeabi_ui2f
                0x08000c00                __floatunsisf
                0x08000c08                __aeabi_i2f
                0x08000c08                __floatsisf
                0x08000c24                __floatundisf
                0x08000c24                __aeabi_ul2f
                0x08000c34                __floatdisf
                0x08000c34                __aeabi_l2f
 .text          0x08000cb0      0x2a0 /home/laurence/ARM-GCC/gcc-arm-none-eabi-4_9-2014q4/bin/../lib/gcc/arm-none-eabi/4.9.3/armv7-m/libgcc.a(_arm_muldivsf3.o)
                0x08000cb0                __mulsf3
                0x08000cb0                __aeabi_fmul
                0x08000e18                __divsf3
                0x08000e18                __aeabi_fdiv
 .text          0x08000f50       0xec /home/laurence/ARM-GCC/gcc-arm-none-eabi-4_9-2014q4/bin/../lib/gcc/arm-none-eabi/4.9.3/armv7-m/libgcc.a(_arm_cmpsf2.o)
                0x08000f50                __gtsf2
                0x08000f50                __gesf2
                0x08000f58                __lesf2
                0x08000f58                __ltsf2
                0x08000f60                __nesf2
                0x08000f60                __eqsf2
                0x08000f60                __cmpsf2
                0x08000fc0                __aeabi_cfrcmple
                0x08000fc8                __aeabi_cfcmple
                0x08000fc8                __aeabi_cfcmpeq
                0x08000fd8                __aeabi_fcmpeq
                0x08000fec                __aeabi_fcmplt
                0x08001000                __aeabi_fcmple
                0x08001014                __aeabi_fcmpge
                0x08001028                __aeabi_fcmpgt
 .text          0x0800103c       0x40 /home/laurence/ARM-GCC/gcc-arm-none-eabi-4_9-2014q4/bin/../lib/gcc/arm-none-eabi/4.9.3/armv7-m/libgcc.a(_arm_fixunssfsi.o)
                0x0800103c                __aeabi_f2uiz
                0x0800103c                __fixunssfsi
 .text          0x0800107c       0xec /home/laurence/ARM-GCC/gcc-arm-none-eabi-4_9-2014q4/bin/../lib/gcc/arm-none-eabi/4.9.3/../../../../arm-none-eabi/lib/armv7-m/libg.a(lib_a-memcpy.o)
                0x0800107c                memcpy
 *(.text.*)
 .text.si446x_spi_state_machine
                0x08001168      0x2d4 /tmp/ccawwenH.ltrans0.ltrans.o
 .text.si446x_busy_wait_send_receive
                0x0800143c       0xfc /tmp/ccawwenH.ltrans0.ltrans.o
 .text.si446x_set_modem
                0x08001538      0x29c /tmp/ccawwenH.ltrans0.ltrans.o
 .text.si446x_set_deviation_channel_bps
                0x080017d4      0x118 /tmp/ccawwenH.ltrans0.ltrans.o
 .text.si446x_set_frequency
                0x080018ec      0x174 /tmp/ccawwenH.ltrans0.ltrans.o
 .text.si446x_state_machine
                0x08001a60      0x4d4 /tmp/ccawwenH.ltrans0.ltrans.o
 .text.Gps_Process_Byte
                0x08001f34      0x210 /tmp/ccawwenH.ltrans0.ltrans.o
                0x08001f34                Gps_Process_Byte
 .text.EXTI15_10_IRQHandler
                0x08002144       0x48 /tmp/ccawwenH.ltrans0.ltrans.o
                0x08002144                EXTI15_10_IRQHandler
 .text.DMA1_Channel2_IRQHandler
                0x0800218c       0x50 /tmp/ccawwenH.ltrans0.ltrans.o
                0x0800218c                DMA1_Channel2_IRQHandler
 .text.USART3_IRQHandler
                0x080021dc       0x90 /tmp/ccawwenH.ltrans0.ltrans.o
                0x080021dc                USART3_IRQHandler
 .text.EXTI0_IRQHandler
                0x0800226c       0x44 /tmp/ccawwenH.ltrans0.ltrans.o
                0x0800226c                EXTI0_IRQHandler
 .text.si446x_setup
                0x080022b0      0x458 /tmp/ccawwenH.ltrans0.ltrans.o
                0x080022b0                si446x_setup
 .text.silabs_cts_jammed
                0x08002708       0x28 /tmp/ccawwenH.ltrans0.ltrans.o
                0x08002708                silabs_cts_jammed
 .text.get_from_silabs_buffer
                0x08002730       0x20 /tmp/ccawwenH.ltrans0.ltrans.o
                0x08002730                get_from_silabs_buffer
 .text.send_string_to_silabs
                0x08002750       0x40 /tmp/ccawwenH.ltrans0.ltrans.o
                0x08002750                send_string_to_silabs
 .text.SetSysClockTo48
                0x08002790       0xcc /tmp/ccawwenH.ltrans1.ltrans.o
 .text.SetSysClock
                0x0800285c        0x8 /tmp/ccawwenH.ltrans1.ltrans.o
 .text.Realign_Axes
                0x08002864       0x18 /tmp/ccawwenH.ltrans1.ltrans.o
 .text.I2C1_Setup_Job
                0x0800287c       0x14 /tmp/ccawwenH.ltrans1.ltrans.o
 .text.get_wkup
                0x08002890       0x10 /tmp/ccawwenH.ltrans1.ltrans.o
 .text.NVIC_SystemReset.lto_priv.0
                0x080028a0       0x1c /tmp/ccawwenH.ltrans1.ltrans.o
                0x080028a0                NVIC_SystemReset.lto_priv.0
 .text.SystemInit
                0x080028bc       0x44 /tmp/ccawwenH.ltrans1.ltrans.o
                0x080028bc                SystemInit
 .text.__REVSH  0x08002900        0x4 /tmp/ccawwenH.ltrans1.ltrans.o
                0x08002900                __REVSH
 .text.USB_LP_CAN1_RX0_IRQHandler
                0x08002904        0x8 /tmp/ccawwenH.ltrans1.ltrans.o
                0x08002904                USB_LP_CAN1_RX0_IRQHandler
 .text.USB_HP_CAN1_TX_IRQHandler
                0x0800290c        0x8 /tmp/ccawwenH.ltrans1.ltrans.o
                0x0800290c                USB_HP_CAN1_TX_IRQHandler
 .text.ADC1_2_IRQHandler
                0x08002914       0x70 /tmp/ccawwenH.ltrans1.ltrans.o
                0x08002914                ADC1_2_IRQHandler
 .text.SysTick_Configuration
                0x08002984       0x28 /tmp/ccawwenH.ltrans1.ltrans.o
                0x08002984                SysTick_Configuration
 .text.ISR_Config
                0x080029ac       0x94 /tmp/ccawwenH.ltrans1.ltrans.o
                0x080029ac                ISR_Config
 .text.I2C_Config
                0x08002a40      0x14c /tmp/ccawwenH.ltrans1.ltrans.o
                0x08002a40                I2C_Config
 .text.I2C1_Request_Job
                0x08002b8c       0x78 /tmp/ccawwenH.ltrans1.ltrans.o
                0x08002b8c                I2C1_Request_Job
 *fill*         0x08002c04        0x4 
 .text.SysTick_Handler
                0x08002c08      0x560 /tmp/ccawwenH.ltrans1.ltrans.o
                0x08002c08                SysTick_Handler
 .text.I2C1_ER_IRQHandler
                0x08003168      0x110 /tmp/ccawwenH.ltrans1.ltrans.o
                0x08003168                I2C1_ER_IRQHandler
 .text.I2C1_EV_IRQHandler
                0x08003278      0x5e0 /tmp/ccawwenH.ltrans1.ltrans.o
                0x08003278                I2C1_EV_IRQHandler
 .text.test_cutdown
                0x08003858       0x60 /tmp/ccawwenH.ltrans1.ltrans.o
                0x08003858                test_cutdown
 .text.setup_gpio
                0x080038b8      0x188 /tmp/ccawwenH.ltrans1.ltrans.o
                0x080038b8                setup_gpio
 .text.rStrLen  0x08003a40       0x14 /tmp/ccawwenH.ltrans2.ltrans.o
 .text.Isdigit  0x08003a54       0x10 /tmp/ccawwenH.ltrans2.ltrans.o
 .text.atoiRamRom
                0x08003a64       0x2c /tmp/ccawwenH.ltrans2.ltrans.o
 .text.xmit_datablock
                0x08003a90       0x4c /tmp/ccawwenH.ltrans2.ltrans.o
 .text.DMA_USART2_Configuration
                0x08003adc       0x58 /tmp/ccawwenH.ltrans2.ltrans.o
                0x08003adc                DMA_USART2_Configuration
 .text.ReadADC1_noblock
                0x08003b34       0x20 /tmp/ccawwenH.ltrans2.ltrans.o
                0x08003b34                ReadADC1_noblock
 .text.ADC_Configuration
                0x08003b54       0xf8 /tmp/ccawwenH.ltrans2.ltrans.o
                0x08003b54                ADC_Configuration
 .text.wave_terminate
                0x08003c4c       0x78 /tmp/ccawwenH.ltrans2.ltrans.o
                0x08003c4c                wave_terminate
 .text.write_wave_samples
                0x08003cc4       0x78 /tmp/ccawwenH.ltrans2.ltrans.o
                0x08003cc4                write_wave_samples
 .text.write_wave_header
                0x08003d3c       0xd4 /tmp/ccawwenH.ltrans2.ltrans.o
                0x08003d3c                write_wave_header
 .text.rprintfChar
                0x08003e10       0x20 /tmp/ccawwenH.ltrans2.ltrans.o
                0x08003e10                rprintfChar
 .text.rprintfFloat
                0x08003e30       0xc8 /tmp/ccawwenH.ltrans2.ltrans.o
 .text.rprintf2RamRom
                0x08003ef8      0x360 /tmp/ccawwenH.ltrans2.ltrans.o
                0x08003ef8                rprintf2RamRom
 .text.rprintfInit
                0x08004258        0xc /tmp/ccawwenH.ltrans2.ltrans.o
                0x08004258                rprintfInit
 .text.pointinpoly
                0x08004264       0x54 /tmp/ccawwenH.ltrans2.ltrans.o
                0x08004264                pointinpoly
 .text.disk_timerproc
                0x080042b8       0x50 /tmp/ccawwenH.ltrans2.ltrans.o
                0x080042b8                disk_timerproc
 .text.disk_status
                0x08004308       0x14 /tmp/ccawwenH.ltrans2.ltrans.o
                0x08004308                disk_status
 .text.send_cmd.lto_priv.12
                0x0800431c       0xd4 /tmp/ccawwenH.ltrans2.ltrans.o
                0x0800431c                send_cmd.lto_priv.12
 .text.disk_write
                0x080043f0       0xb0 /tmp/ccawwenH.ltrans2.ltrans.o
                0x080043f0                disk_write
 .text.disk_initialize
                0x080044a0      0x164 /tmp/ccawwenH.ltrans2.ltrans.o
                0x080044a0                disk_initialize
 .text.rcvr_datablock
                0x08004604       0x60 /tmp/ccawwenH.ltrans2.ltrans.o
                0x08004604                rcvr_datablock
 .text.disk_ioctl
                0x08004664      0x2b0 /tmp/ccawwenH.ltrans2.ltrans.o
                0x08004664                disk_ioctl
 .text.disk_read
                0x08004914       0xac /tmp/ccawwenH.ltrans2.ltrans.o
                0x08004914                disk_read
 .text.ff_wtoupper
                0x080049c0       0x24 /tmp/ccawwenH.ltrans3.ltrans.o
 .text.crc_xmodem_update
                0x080049e4       0x28 /tmp/ccawwenH.ltrans3.ltrans.o
 .text.sum_sfn.lto_priv.27
                0x08004a0c       0x1c /tmp/ccawwenH.ltrans3.ltrans.o
                0x08004a0c                sum_sfn.lto_priv.27
 .text.fit_lfn.lto_priv.26
                0x08004a28       0x64 /tmp/ccawwenH.ltrans3.ltrans.o
                0x08004a28                fit_lfn.lto_priv.26
 .text.cmp_lfn.lto_priv.29
                0x08004a8c       0x9c /tmp/ccawwenH.ltrans3.ltrans.o
                0x08004a8c                cmp_lfn.lto_priv.29
 .text.clust2sect
                0x08004b28       0x18 /tmp/ccawwenH.ltrans3.ltrans.o
                0x08004b28                clust2sect
 .text.move_window.lto_priv.20
                0x08004b40       0x7c /tmp/ccawwenH.ltrans3.ltrans.o
                0x08004b40                move_window.lto_priv.20
 .text.put_fat  0x08004bbc      0x108 /tmp/ccawwenH.ltrans3.ltrans.o
                0x08004bbc                put_fat
 .text.get_fat  0x08004cc4       0xe8 /tmp/ccawwenH.ltrans3.ltrans.o
                0x08004cc4                get_fat
 .text.dir_sdi.lto_priv.22
                0x08004dac       0x94 /tmp/ccawwenH.ltrans3.ltrans.o
                0x08004dac                dir_sdi.lto_priv.22
 .text.create_chain.lto_priv.18
                0x08004e40       0xac /tmp/ccawwenH.ltrans3.ltrans.o
                0x08004e40                create_chain.lto_priv.18
 .text.remove_chain.lto_priv.13
                0x08004eec       0x64 /tmp/ccawwenH.ltrans3.ltrans.o
                0x08004eec                remove_chain.lto_priv.13
 .text.chk_chr.lto_priv.23
                0x08004f50       0x10 /tmp/ccawwenH.ltrans3.ltrans.o
                0x08004f50                chk_chr.lto_priv.23
 .text.mem_cmp.lto_priv.28
                0x08004f60       0x24 /tmp/ccawwenH.ltrans3.ltrans.o
                0x08004f60                mem_cmp.lto_priv.28
 .text.mem_set.lto_priv.24
                0x08004f84       0x10 /tmp/ccawwenH.ltrans3.ltrans.o
                0x08004f84                mem_set.lto_priv.24
 .text.dir_next.lto_priv.25
                0x08004f94      0x124 /tmp/ccawwenH.ltrans3.ltrans.o
                0x08004f94                dir_next.lto_priv.25
 .text.sync.lto_priv.19
                0x080050b8       0xb8 /tmp/ccawwenH.ltrans3.ltrans.o
                0x080050b8                sync.lto_priv.19
 .text.mem_cpy.lto_priv.21
                0x08005170       0x14 /tmp/ccawwenH.ltrans3.ltrans.o
                0x08005170                mem_cpy.lto_priv.21
 .text.gen_numname
                0x08005184       0x88 /tmp/ccawwenH.ltrans3.ltrans.o
                0x08005184                gen_numname
 .text.get_fattime
                0x0800520c       0x44 /tmp/ccawwenH.ltrans3.ltrans.o
                0x0800520c                get_fattime
 .text.ff_convert
                0x08005250       0x40 /tmp/ccawwenH.ltrans3.ltrans.o
                0x08005250                ff_convert
 .text.Delay    0x08005290       0x20 /tmp/ccawwenH.ltrans3.ltrans.o
                0x08005290                Delay
 .text.string_CRC16_checksum
                0x080052b0       0x28 /tmp/ccawwenH.ltrans3.ltrans.o
                0x080052b0                string_CRC16_checksum
 .text.Init_Dma_Buffer
                0x080052d8       0x14 /tmp/ccawwenH.ltrans3.ltrans.o
                0x080052d8                Init_Dma_Buffer
 .text.Init_Byte_Buffer
                0x080052ec       0x14 /tmp/ccawwenH.ltrans3.ltrans.o
                0x080052ec                Init_Byte_Buffer
 .text.Init_Buffer
                0x08005300       0x14 /tmp/ccawwenH.ltrans3.ltrans.o
                0x08005300                Init_Buffer
 .text.Bytes_In_DMA_Buffer
                0x08005314       0x24 /tmp/ccawwenH.ltrans3.ltrans.o
                0x08005314                Bytes_In_DMA_Buffer
 .text.Empty_Dma_Buffer
                0x08005338        0xc /tmp/ccawwenH.ltrans3.ltrans.o
                0x08005338                Empty_Dma_Buffer
 .text.Pop_From_Dma_Buffer
                0x08005344       0x28 /tmp/ccawwenH.ltrans3.ltrans.o
                0x08005344                Pop_From_Dma_Buffer
 .text.Pop_From_Byte_Buffer
                0x0800536c       0x28 /tmp/ccawwenH.ltrans3.ltrans.o
                0x0800536c                Pop_From_Byte_Buffer
 .text.Pop_From_Buffer
                0x08005394       0x2c /tmp/ccawwenH.ltrans3.ltrans.o
                0x08005394                Pop_From_Buffer
 .text.Get_From_Byte_Buffer
                0x080053c0       0x40 /tmp/ccawwenH.ltrans3.ltrans.o
                0x080053c0                Get_From_Byte_Buffer
 .text.Add_To_Byte_Buffer
                0x08005400       0x4c /tmp/ccawwenH.ltrans3.ltrans.o
                0x08005400                Add_To_Byte_Buffer
 .text.Add_To_Buffer
                0x0800544c       0x50 /tmp/ccawwenH.ltrans3.ltrans.o
                0x0800544c                Add_To_Buffer
 .text.SCSI_Format_Cmd
                0x0800549c       0x14 /tmp/ccawwenH.ltrans3.ltrans.o
                0x0800549c                SCSI_Format_Cmd
 .text.SCSI_Start_Stop_Unit_Cmd
                0x080054b0        0xc /tmp/ccawwenH.ltrans3.ltrans.o
                0x080054b0                SCSI_Start_Stop_Unit_Cmd
 .text.Set_Scsi_Sense_Data
                0x080054bc        0xc /tmp/ccawwenH.ltrans3.ltrans.o
                0x080054bc                Set_Scsi_Sense_Data
 .text.SCSI_Address_Management
                0x080054c8       0x7c /tmp/ccawwenH.ltrans3.ltrans.o
 .text.SCSI_Invalid_Cmd
                0x08005544       0x44 /tmp/ccawwenH.ltrans3.ltrans.o
                0x08005544                SCSI_Invalid_Cmd
 .text.SCSI_TestUnitReady_Cmd
                0x08005588       0x34 /tmp/ccawwenH.ltrans3.ltrans.o
                0x08005588                SCSI_TestUnitReady_Cmd
 .text.SCSI_Verify10_Cmd
                0x080055bc       0x3c /tmp/ccawwenH.ltrans3.ltrans.o
                0x080055bc                SCSI_Verify10_Cmd
 .text.SCSI_Write10_Cmd
                0x080055f8       0x68 /tmp/ccawwenH.ltrans3.ltrans.o
                0x080055f8                SCSI_Write10_Cmd
 .text.SCSI_Read10_Cmd
                0x08005660       0x68 /tmp/ccawwenH.ltrans3.ltrans.o
                0x08005660                SCSI_Read10_Cmd
 .text.SCSI_RequestSense_Cmd
                0x080056c8       0x1c /tmp/ccawwenH.ltrans3.ltrans.o
                0x080056c8                SCSI_RequestSense_Cmd
 .text.SCSI_ModeSense10_Cmd
                0x080056e4       0x10 /tmp/ccawwenH.ltrans3.ltrans.o
                0x080056e4                SCSI_ModeSense10_Cmd
 .text.SCSI_ModeSense6_Cmd
                0x080056f4       0x10 /tmp/ccawwenH.ltrans3.ltrans.o
                0x080056f4                SCSI_ModeSense6_Cmd
 *fill*         0x08005704        0x4 
 .text.main     0x08005708     0x1188 /tmp/ccawwenH.ltrans4.ltrans.o
                0x08005708                main
 .text.Get_Max_Lun
                0x08006890       0x18 /tmp/ccawwenH.ltrans5.ltrans.o
 .text.MASS_Get_Interface_Setting
                0x080068a8       0x10 /tmp/ccawwenH.ltrans5.ltrans.o
 .text.MASS_Data_Setup
                0x080068b8       0x4c /tmp/ccawwenH.ltrans5.ltrans.o
 .text.MASS_Status_Out
                0x08006904        0x4 /tmp/ccawwenH.ltrans5.ltrans.o
 .text.MASS_Status_In
                0x08006908        0x4 /tmp/ccawwenH.ltrans5.ltrans.o
 .text.Mass_Storage_SetDeviceAddress
                0x0800690c        0xc /tmp/ccawwenH.ltrans5.ltrans.o
 .text.IntToUnicode
                0x08006918       0x30 /tmp/ccawwenH.ltrans5.ltrans.o
 .text.Get_SerialNum
                0x08006948       0x38 /tmp/ccawwenH.ltrans5.ltrans.o
 .text.PowerOn  0x08006980       0x28 /tmp/ccawwenH.ltrans5.ltrans.o
 .text.Leave_LowPowerMode
                0x080069a8       0x20 /tmp/ccawwenH.ltrans5.ltrans.o
 .text.Resume_Init
                0x080069c8       0x20 /tmp/ccawwenH.ltrans5.ltrans.o
 .text.Resume   0x080069e8       0xac /tmp/ccawwenH.ltrans5.ltrans.o
 .text.Enter_LowPowerMode
                0x08006a94        0xc /tmp/ccawwenH.ltrans5.ltrans.o
 .text.Suspend  0x08006aa0       0x24 /tmp/ccawwenH.ltrans5.ltrans.o
 .text.MASS_GetStringDescriptor
                0x08006ac4       0x24 /tmp/ccawwenH.ltrans5.ltrans.o
 .text.MASS_GetConfigDescriptor
                0x08006ae8       0x10 /tmp/ccawwenH.ltrans5.ltrans.o
 .text.MASS_GetDeviceDescriptor
                0x08006af8       0x10 /tmp/ccawwenH.ltrans5.ltrans.o
 .text.MASS_NoData_Setup
                0x08006b08       0x58 /tmp/ccawwenH.ltrans5.ltrans.o
 .text.Mass_Storage_SetConfiguration
                0x08006b60       0x30 /tmp/ccawwenH.ltrans5.ltrans.o
 .text.MASS_Reset
                0x08006b90       0xe0 /tmp/ccawwenH.ltrans5.ltrans.o
 .text.MASS_init
                0x08006c70       0x24 /tmp/ccawwenH.ltrans5.ltrans.o
 .text.MAL_Read
                0x08006c94       0x2c /tmp/ccawwenH.ltrans5.ltrans.o
 .text.MAL_Write
                0x08006cc0       0x34 /tmp/ccawwenH.ltrans5.ltrans.o
 .text.MAL_Init
                0x08006cf4       0x4c /tmp/ccawwenH.ltrans5.ltrans.o
 .text.MAL_Config
                0x08006d40        0xc /tmp/ccawwenH.ltrans5.ltrans.o
 .text.Get_UBX_Ack
                0x08006d4c       0xac /tmp/ccawwenH.ltrans5.ltrans.o
 .text.USB_Istr
                0x08006df8       0xe0 /tmp/ccawwenH.ltrans5.ltrans.o
                0x08006df8                USB_Istr
 .text.Bot_Abort
                0x08006ed8       0x38 /tmp/ccawwenH.ltrans5.ltrans.o
                0x08006ed8                Bot_Abort
 .text.Mass_Storage_ClearFeature
                0x08006f10       0x1c /tmp/ccawwenH.ltrans5.ltrans.o
 .text.Set_CSW  0x08006f2c       0x38 /tmp/ccawwenH.ltrans5.ltrans.o
                0x08006f2c                Set_CSW
 .text.Mass_Storage_In
                0x08006f64       0x60 /tmp/ccawwenH.ltrans5.ltrans.o
 .text.EP1_IN_Callback
                0x08006fc4        0x8 /tmp/ccawwenH.ltrans5.ltrans.o
 .text.Transfer_Data_Request
                0x08006fcc       0x34 /tmp/ccawwenH.ltrans5.ltrans.o
                0x08006fcc                Transfer_Data_Request
 .text.SCSI_Inquiry_Cmd
                0x08007000       0x40 /tmp/ccawwenH.ltrans5.ltrans.o
 .text.Write_Memory
                0x08007040       0xcc /tmp/ccawwenH.ltrans5.ltrans.o
                0x08007040                Write_Memory
 .text.Read_Memory
                0x0800710c      0x110 /tmp/ccawwenH.ltrans5.ltrans.o
                0x0800710c                Read_Memory
 .text.MAL_GetStatus
                0x0800721c       0x48 /tmp/ccawwenH.ltrans5.ltrans.o
                0x0800721c                MAL_GetStatus
 .text.SCSI_ReadCapacity10_Cmd
                0x08007264       0x88 /tmp/ccawwenH.ltrans5.ltrans.o
 .text.SCSI_ReadFormatCapacity_Cmd
                0x080072ec       0x7c /tmp/ccawwenH.ltrans5.ltrans.o
 .text.CBW_Decode
                0x08007368      0x268 /tmp/ccawwenH.ltrans5.ltrans.o
 .text.Mass_Storage_Out
                0x080075d0       0x80 /tmp/ccawwenH.ltrans5.ltrans.o
 .text.EP2_OUT_Callback
                0x08007650        0x8 /tmp/ccawwenH.ltrans5.ltrans.o
 .text.USB_Interrupts_Config
                0x08007658       0x3c /tmp/ccawwenH.ltrans5.ltrans.o
                0x08007658                USB_Interrupts_Config
 .text.Set_USBClock
                0x08007694       0x14 /tmp/ccawwenH.ltrans5.ltrans.o
                0x08007694                Set_USBClock
 .text.Set_System
                0x080076a8        0x8 /tmp/ccawwenH.ltrans5.ltrans.o
                0x080076a8                Set_System
 .text.Config_Gps
                0x080076b0       0xd0 /tmp/ccawwenH.ltrans5.ltrans.o
                0x080076b0                Config_Gps
 .text.struct_to_counter
                0x08007780       0xac /tmp/ccawwenH.ltrans6.ltrans.o
 .text.counter_to_struct
                0x0800782c       0xdc /tmp/ccawwenH.ltrans6.ltrans.o
 .text.isDST    0x08007908       0x38 /tmp/ccawwenH.ltrans6.ltrans.o
 .text.adjustDST
                0x08007940       0x64 /tmp/ccawwenH.ltrans6.ltrans.o
 .text.my_RTC_SetCounter
                0x080079a4       0x20 /tmp/ccawwenH.ltrans6.ltrans.o
 .text.power_on.lto_priv.4
                0x080079c4      0x104 /tmp/ccawwenH.ltrans6.ltrans.o
                0x080079c4                power_on.lto_priv.4
 .text.stop_cmd
                0x08007ac8        0xc /tmp/ccawwenH.ltrans6.ltrans.o
                0x08007ac8                stop_cmd
 .text.wrapup_transaction
                0x08007ad4       0x2c /tmp/ccawwenH.ltrans6.ltrans.o
                0x08007ad4                wrapup_transaction
 .text.stm32_dma_transfer.lto_priv.8
                0x08007b00       0xdc /tmp/ccawwenH.ltrans6.ltrans.o
                0x08007b00                stm32_dma_transfer.lto_priv.8
 .text.stm32_spi_rw.lto_priv.7
                0x08007bdc       0x24 /tmp/ccawwenH.ltrans6.ltrans.o
                0x08007bdc                stm32_spi_rw.lto_priv.7
 .text.rcvr_spi.lto_priv.1
                0x08007c00        0xc /tmp/ccawwenH.ltrans6.ltrans.o
                0x08007c00                rcvr_spi.lto_priv.1
 .text.release_spi
                0x08007c0c       0x18 /tmp/ccawwenH.ltrans6.ltrans.o
                0x08007c0c                release_spi
 .text.wait_ready.lto_priv.2
                0x08007c24       0x24 /tmp/ccawwenH.ltrans6.ltrans.o
                0x08007c24                wait_ready.lto_priv.2
 .text.power_off_.lto_priv.5
                0x08007c48       0x6c /tmp/ccawwenH.ltrans6.ltrans.o
                0x08007c48                power_off_.lto_priv.5
 .text.chk_power.lto_priv.3
                0x08007cb4        0x4 /tmp/ccawwenH.ltrans6.ltrans.o
                0x08007cb4                chk_power.lto_priv.3
 .text.interface_speed.lto_priv.6
                0x08007cb8       0x2c /tmp/ccawwenH.ltrans6.ltrans.o
                0x08007cb8                interface_speed.lto_priv.6
 .text.rtc_init
                0x08007ce4       0xa4 /tmp/ccawwenH.ltrans6.ltrans.o
                0x08007ce4                rtc_init
 .text.rtc_settime
                0x08007d88       0x28 /tmp/ccawwenH.ltrans6.ltrans.o
                0x08007d88                rtc_settime
 .text.rtc_gettime
                0x08007db0       0x24 /tmp/ccawwenH.ltrans6.ltrans.o
                0x08007db0                rtc_gettime
 .text.f_truncate
                0x08007dd4       0x98 /tmp/ccawwenH.ltrans6.ltrans.o
                0x08007dd4                f_truncate
 .text.f_stat   0x08007e6c       0x44 /tmp/ccawwenH.ltrans6.ltrans.o
                0x08007e6c                f_stat
 .text.f_lseek  0x08007eb0      0x18c /tmp/ccawwenH.ltrans6.ltrans.o
                0x08007eb0                f_lseek
 .text.f_sync   0x0800803c       0xac /tmp/ccawwenH.ltrans6.ltrans.o
                0x0800803c                f_sync
 .text.f_close  0x080080e8       0x14 /tmp/ccawwenH.ltrans6.ltrans.o
                0x080080e8                f_close
 .text.f_write  0x080080fc      0x1dc /tmp/ccawwenH.ltrans6.ltrans.o
                0x080080fc                f_write
 .text.f_putc   0x080082d8       0x2c /tmp/ccawwenH.ltrans6.ltrans.o
 .text.f_puts   0x08008304       0x24 /tmp/ccawwenH.ltrans6.ltrans.o
                0x08008304                f_puts
 .text.f_read   0x08008328      0x1a8 /tmp/ccawwenH.ltrans6.ltrans.o
                0x08008328                f_read
 .text.check_fs
                0x080084d0       0x90 /tmp/ccawwenH.ltrans7.ltrans.o
 .text.create_name
                0x08008560      0x214 /tmp/ccawwenH.ltrans7.ltrans.o
 .text.dir_find
                0x08008774       0xd0 /tmp/ccawwenH.ltrans7.ltrans.o
 .text.dir_register
                0x08008844      0x168 /tmp/ccawwenH.ltrans7.ltrans.o
 .text.f_mount  0x080089ac       0x28 /tmp/ccawwenH.ltrans7.ltrans.o
                0x080089ac                f_mount
 .text.validate.lto_priv.14
                0x080089d4       0x30 /tmp/ccawwenH.ltrans7.ltrans.o
                0x080089d4                validate.lto_priv.14
 .text.chk_mounted.lto_priv.17
                0x08008a04      0x348 /tmp/ccawwenH.ltrans7.ltrans.o
                0x08008a04                chk_mounted.lto_priv.17
 .text.follow_path.lto_priv.16
                0x08008d4c       0x8c /tmp/ccawwenH.ltrans7.ltrans.o
                0x08008d4c                follow_path.lto_priv.16
 .text.f_open   0x08008dd8      0x15c /tmp/ccawwenH.ltrans7.ltrans.o
                0x08008dd8                f_open
 .text.get_fileinfo.lto_priv.15
                0x08008f34       0xf8 /tmp/ccawwenH.ltrans7.ltrans.o
                0x08008f34                get_fileinfo.lto_priv.15
 .text.Default_Usart_Config
                0x0800902c       0x10 /tmp/ccawwenH.ltrans8.ltrans.o
 .text.__gps_send_char
                0x0800903c       0x1c /tmp/ccawwenH.ltrans8.ltrans.o
 .text.__usart_send_char
                0x08009058       0x1c /tmp/ccawwenH.ltrans8.ltrans.o
                0x08009058                __usart_send_char
 .text.Timer_RCC_Configuration
                0x08009074       0x10 /tmp/ccawwenH.ltrans8.ltrans.o
 .text.__fat_print_char
                0x08009084       0x24 /tmp/ccawwenH.ltrans8.ltrans.o
                0x08009084                __fat_print_char
 .text.__str_print_char
                0x080090a8       0x40 /tmp/ccawwenH.ltrans8.ltrans.o
                0x080090a8                __str_print_char
 .text.Watchdog_Config
                0x080090e8       0x30 /tmp/ccawwenH.ltrans8.ltrans.o
                0x080090e8                Watchdog_Config
 .text.USART1_IRQHandler
                0x08009118       0x30 /tmp/ccawwenH.ltrans8.ltrans.o
                0x08009118                USART1_IRQHandler
 .text.Gps_Send_Str
                0x08009148       0x18 /tmp/ccawwenH.ltrans8.ltrans.o
                0x08009148                Gps_Send_Str
 .text.Gps_Send_Utf8
                0x08009160       0x1c /tmp/ccawwenH.ltrans8.ltrans.o
                0x08009160                Gps_Send_Utf8
 .text.Usart_Send_Str
                0x0800917c       0x18 /tmp/ccawwenH.ltrans8.ltrans.o
                0x0800917c                Usart_Send_Str
 .text.USART2_reconf
                0x08009194       0x44 /tmp/ccawwenH.ltrans8.ltrans.o
                0x08009194                USART2_reconf
 .text.Usarts_Init
                0x080091d8       0xe0 /tmp/ccawwenH.ltrans8.ltrans.o
                0x080091d8                Usarts_Init
 .text.shutdown_filesystem
                0x080092b8       0xd4 /tmp/ccawwenH.ltrans8.ltrans.o
                0x080092b8                shutdown_filesystem
 .text.disable_pin
                0x0800938c        0xc /tmp/ccawwenH.ltrans8.ltrans.o
                0x0800938c                disable_pin
 .text.shutdown
                0x08009398       0x10 /tmp/ccawwenH.ltrans8.ltrans.o
                0x08009398                shutdown
 .text.setuppwr
                0x080093a8       0x14 /tmp/ccawwenH.ltrans8.ltrans.o
                0x080093a8                setuppwr
 .text.PWM_Set  0x080093bc       0x3c /tmp/ccawwenH.ltrans8.ltrans.o
                0x080093bc                PWM_Set
 .text.Timer_GPIO_Disable
                0x080093f8       0x2c /tmp/ccawwenH.ltrans8.ltrans.o
                0x080093f8                Timer_GPIO_Disable
 .text.Timer_GPIO_Enable
                0x08009424       0x2c /tmp/ccawwenH.ltrans8.ltrans.o
                0x08009424                Timer_GPIO_Enable
 .text.Init_Timer
                0x08009450       0x80 /tmp/ccawwenH.ltrans8.ltrans.o
                0x08009450                Init_Timer
 .text.file_preallocation_control
                0x080094d0       0x34 /tmp/ccawwenH.ltrans8.ltrans.o
                0x080094d0                file_preallocation_control
 .text.detect_sensors
                0x08009504       0x74 /tmp/ccawwenH.ltrans8.ltrans.o
                0x08009504                detect_sensors
 .text.malloc   0x08009578       0x10 /home/laurence/ARM-GCC/gcc-arm-none-eabi-4_9-2014q4/bin/../lib/gcc/arm-none-eabi/4.9.3/../../../../arm-none-eabi/lib/armv7-m/libg.a(lib_a-malloc.o)
                0x08009578                malloc
 .text._malloc_r
                0x08009588      0x504 /home/laurence/ARM-GCC/gcc-arm-none-eabi-4_9-2014q4/bin/../lib/gcc/arm-none-eabi/4.9.3/../../../../arm-none-eabi/lib/armv7-m/libg.a(lib_a-mallocr.o)
                0x08009588                _malloc_r
 .text.memcmp   0x08009a8c       0x64 /home/laurence/ARM-GCC/gcc-arm-none-eabi-4_9-2014q4/bin/../lib/gcc/arm-none-eabi/4.9.3/../../../../arm-none-eabi/lib/armv7-m/libg.a(lib_a-memcmp.o)
                0x08009a8c                memcmp
 .text.__malloc_lock
                0x08009af0        0x4 /home/laurence/ARM-GCC/gcc-arm-none-eabi-4_9-2014q4/bin/../lib/gcc/arm-none-eabi/4.9.3/../../../../arm-none-eabi/lib/armv7-m/libg.a(lib_a-mlock.o)
                0x08009af0                __malloc_lock
 .text.__malloc_unlock
                0x08009af4        0x4 /home/laurence/ARM-GCC/gcc-arm-none-eabi-4_9-2014q4/bin/../lib/gcc/arm-none-eabi/4.9.3/../../../../arm-none-eabi/lib/armv7-m/libg.a(lib_a-mlock.o)
                0x08009af4                __malloc_unlock
 .text._sbrk_r  0x08009af8       0x24 /home/laurence/ARM-GCC/gcc-arm-none-eabi-4_9-2014q4/bin/../lib/gcc/arm-none-eabi/4.9.3/../../../../arm-none-eabi/lib/armv7-m/libg.a(lib_a-sbrkr.o)
                0x08009af8                _sbrk_r
 .text.strchr   0x08009b1c       0xcc /home/laurence/ARM-GCC/gcc-arm-none-eabi-4_9-2014q4/bin/../lib/gcc/arm-none-eabi/4.9.3/../../../../arm-none-eabi/lib/armv7-m/libg.a(lib_a-strchr.o)
                0x08009b1c                strchr
 .text.strlen   0x08009be8       0x5c /home/laurence/ARM-GCC/gcc-arm-none-eabi-4_9-2014q4/bin/../lib/gcc/arm-none-eabi/4.9.3/../../../../arm-none-eabi/lib/armv7-m/libg.a(lib_a-strlen.o)
                0x08009be8                strlen
 .text.strncmp  0x08009c44       0x94 /home/laurence/ARM-GCC/gcc-arm-none-eabi-4_9-2014q4/bin/../lib/gcc/arm-none-eabi/4.9.3/../../../../arm-none-eabi/lib/armv7-m/libg.a(lib_a-strncmp.o)
                0x08009c44                strncmp
 .text.strncpy  0x08009cd8       0x68 /home/laurence/ARM-GCC/gcc-arm-none-eabi-4_9-2014q4/bin/../lib/gcc/arm-none-eabi/4.9.3/../../../../arm-none-eabi/lib/armv7-m/libg.a(lib_a-strncpy.o)
                0x08009cd8                strncpy
 .text._malloc_trim_r
                0x08009d40       0x9c /home/laurence/ARM-GCC/gcc-arm-none-eabi-4_9-2014q4/bin/../lib/gcc/arm-none-eabi/4.9.3/../../../../arm-none-eabi/lib/armv7-m/libg.a(lib_a-freer.o)
                0x08009d40                _malloc_trim_r
 .text._free_r  0x08009ddc      0x1b0 /home/laurence/ARM-GCC/gcc-arm-none-eabi-4_9-2014q4/bin/../lib/gcc/arm-none-eabi/4.9.3/../../../../arm-none-eabi/lib/armv7-m/libg.a(lib_a-freer.o)
                0x08009ddc                _free_r
 .text.Reset_Handler
                0x08009f8c       0x40 lib/CMSIS_CM3/startup/gcc/startup_stm32f10x_md.o
                0x08009f8c                Reset_Handler
 .text.Default_Handler
                0x08009fcc        0x2 lib/CMSIS_CM3/startup/gcc/startup_stm32f10x_md.o
                0x08009fcc                EXTI2_IRQHandler
                0x08009fcc                DebugMon_Handler
                0x08009fcc                TIM1_CC_IRQHandler
                0x08009fcc                HardFault_Handler
                0x08009fcc                PVD_IRQHandler
                0x08009fcc                PendSV_Handler
                0x08009fcc                NMI_Handler
                0x08009fcc                EXTI3_IRQHandler
                0x08009fcc                I2C2_EV_IRQHandler
                0x08009fcc                UsageFault_Handler
                0x08009fcc                SPI1_IRQHandler
                0x08009fcc                TAMPER_IRQHandler
                0x08009fcc                DMA1_Channel4_IRQHandler
                0x08009fcc                RTC_IRQHandler
                0x08009fcc                DMA1_Channel7_IRQHandler
                0x08009fcc                CAN1_RX1_IRQHandler
                0x08009fcc                TIM4_IRQHandler
                0x08009fcc                DMA1_Channel6_IRQHandler
                0x08009fcc                TIM3_IRQHandler
                0x08009fcc                RCC_IRQHandler
                0x08009fcc                TIM1_TRG_COM_IRQHandler
                0x08009fcc                DMA1_Channel1_IRQHandler
                0x08009fcc                Default_Handler
                0x08009fcc                EXTI9_5_IRQHandler
                0x08009fcc                SPI2_IRQHandler
                0x08009fcc                MemManage_Handler
                0x08009fcc                SVC_Handler
                0x08009fcc                DMA1_Channel5_IRQHandler
                0x08009fcc                EXTI4_IRQHandler
                0x08009fcc                DMA1_Channel3_IRQHandler
                0x08009fcc                TIM1_UP_IRQHandler
                0x08009fcc                WWDG_IRQHandler
                0x08009fcc                TIM2_IRQHandler
                0x08009fcc                TIM1_BRK_IRQHandler
                0x08009fcc                EXTI1_IRQHandler
                0x08009fcc                RTCAlarm_IRQHandler
                0x08009fcc                USART2_IRQHandler
                0x08009fcc                I2C2_ER_IRQHandler
                0x08009fcc                CAN1_SCE_IRQHandler
                0x08009fcc                FLASH_IRQHandler
                0x08009fcc                BusFault_Handler
                0x08009fcc                USBWakeUp_IRQHandler
 *fill*         0x08009fce        0x2 
 .text.NVIC_PriorityGroupConfig
                0x08009fd0       0x14 lib/STM32F10x_StdPeriph_Driver/libstm32fw.a(misc.o)
                0x08009fd0                NVIC_PriorityGroupConfig
 .text.NVIC_Init
                0x08009fe4       0x6c lib/STM32F10x_StdPeriph_Driver/libstm32fw.a(misc.o)
                0x08009fe4                NVIC_Init
 .text.NVIC_SetVectorTable
                0x0800a050       0x14 lib/STM32F10x_StdPeriph_Driver/libstm32fw.a(misc.o)
                0x0800a050                NVIC_SetVectorTable
 .text.SysTick_CLKSourceConfig
                0x0800a064       0x18 lib/STM32F10x_StdPeriph_Driver/libstm32fw.a(misc.o)
                0x0800a064                SysTick_CLKSourceConfig
 .text.ADC_DeInit
                0x0800a07c       0x5c lib/STM32F10x_StdPeriph_Driver/libstm32fw.a(stm32f10x_adc.o)
                0x0800a07c                ADC_DeInit
 .text.ADC_Init
                0x0800a0d8       0x48 lib/STM32F10x_StdPeriph_Driver/libstm32fw.a(stm32f10x_adc.o)
                0x0800a0d8                ADC_Init
 .text.ADC_Cmd  0x0800a120       0x12 lib/STM32F10x_StdPeriph_Driver/libstm32fw.a(stm32f10x_adc.o)
                0x0800a120                ADC_Cmd
 .text.ADC_ResetCalibration
                0x0800a132        0xa lib/STM32F10x_StdPeriph_Driver/libstm32fw.a(stm32f10x_adc.o)
                0x0800a132                ADC_ResetCalibration
 .text.ADC_GetResetCalibrationStatus
                0x0800a13c        0x8 lib/STM32F10x_StdPeriph_Driver/libstm32fw.a(stm32f10x_adc.o)
                0x0800a13c                ADC_GetResetCalibrationStatus
 .text.ADC_StartCalibration
                0x0800a144        0xa lib/STM32F10x_StdPeriph_Driver/libstm32fw.a(stm32f10x_adc.o)
                0x0800a144                ADC_StartCalibration
 .text.ADC_GetCalibrationStatus
                0x0800a14e        0x8 lib/STM32F10x_StdPeriph_Driver/libstm32fw.a(stm32f10x_adc.o)
                0x0800a14e                ADC_GetCalibrationStatus
 .text.ADC_SoftwareStartConvCmd
                0x0800a156       0x12 lib/STM32F10x_StdPeriph_Driver/libstm32fw.a(stm32f10x_adc.o)
                0x0800a156                ADC_SoftwareStartConvCmd
 .text.ADC_RegularChannelConfig
                0x0800a168       0x84 lib/STM32F10x_StdPeriph_Driver/libstm32fw.a(stm32f10x_adc.o)
                0x0800a168                ADC_RegularChannelConfig
 .text.ADC_GetConversionValue
                0x0800a1ec        0x6 lib/STM32F10x_StdPeriph_Driver/libstm32fw.a(stm32f10x_adc.o)
                0x0800a1ec                ADC_GetConversionValue
 .text.ADC_ExternalTrigInjectedConvConfig
                0x0800a1f2        0xc lib/STM32F10x_StdPeriph_Driver/libstm32fw.a(stm32f10x_adc.o)
                0x0800a1f2                ADC_ExternalTrigInjectedConvConfig
 .text.ADC_SoftwareStartInjectedConvCmd
                0x0800a1fe       0x12 lib/STM32F10x_StdPeriph_Driver/libstm32fw.a(stm32f10x_adc.o)
                0x0800a1fe                ADC_SoftwareStartInjectedConvCmd
 .text.ADC_InjectedChannelConfig
                0x0800a210       0x54 lib/STM32F10x_StdPeriph_Driver/libstm32fw.a(stm32f10x_adc.o)
                0x0800a210                ADC_InjectedChannelConfig
 .text.ADC_InjectedSequencerLengthConfig
                0x0800a264       0x10 lib/STM32F10x_StdPeriph_Driver/libstm32fw.a(stm32f10x_adc.o)
                0x0800a264                ADC_InjectedSequencerLengthConfig
 .text.ADC_GetInjectedConversionValue
                0x0800a274       0x1a lib/STM32F10x_StdPeriph_Driver/libstm32fw.a(stm32f10x_adc.o)
                0x0800a274                ADC_GetInjectedConversionValue
 .text.ADC_GetFlagStatus
                0x0800a28e        0xc lib/STM32F10x_StdPeriph_Driver/libstm32fw.a(stm32f10x_adc.o)
                0x0800a28e                ADC_GetFlagStatus
 .text.ADC_ClearFlag
                0x0800a29a        0x6 lib/STM32F10x_StdPeriph_Driver/libstm32fw.a(stm32f10x_adc.o)
                0x0800a29a                ADC_ClearFlag
 .text.ADC_GetITStatus
                0x0800a2a0       0x16 lib/STM32F10x_StdPeriph_Driver/libstm32fw.a(stm32f10x_adc.o)
                0x0800a2a0                ADC_GetITStatus
 .text.ADC_ClearITPendingBit
                0x0800a2b6        0x8 lib/STM32F10x_StdPeriph_Driver/libstm32fw.a(stm32f10x_adc.o)
                0x0800a2b6                ADC_ClearITPendingBit
 .text.BKP_DeInit
                0x0800a2be       0x12 lib/STM32F10x_StdPeriph_Driver/libstm32fw.a(stm32f10x_bkp.o)
                0x0800a2be                BKP_DeInit
 .text.BKP_RTCOutputConfig
                0x0800a2d0       0x18 lib/STM32F10x_StdPeriph_Driver/libstm32fw.a(stm32f10x_bkp.o)
                0x0800a2d0                BKP_RTCOutputConfig
 .text.BKP_SetRTCCalibrationValue
                0x0800a2e8       0x18 lib/STM32F10x_StdPeriph_Driver/libstm32fw.a(stm32f10x_bkp.o)
                0x0800a2e8                BKP_SetRTCCalibrationValue
 .text.BKP_WriteBackupRegister
                0x0800a300       0x1c lib/STM32F10x_StdPeriph_Driver/libstm32fw.a(stm32f10x_bkp.o)
                0x0800a300                BKP_WriteBackupRegister
 .text.BKP_ReadBackupRegister
                0x0800a31c       0x20 lib/STM32F10x_StdPeriph_Driver/libstm32fw.a(stm32f10x_bkp.o)
                0x0800a31c                BKP_ReadBackupRegister
 .text.DBGMCU_Config
                0x0800a33c       0x18 lib/STM32F10x_StdPeriph_Driver/libstm32fw.a(stm32f10x_dbgmcu.o)
                0x0800a33c                DBGMCU_Config
 .text.DMA_DeInit
                0x0800a354       0xf0 lib/STM32F10x_StdPeriph_Driver/libstm32fw.a(stm32f10x_dma.o)
                0x0800a354                DMA_DeInit
 .text.DMA_Init
                0x0800a444       0x3c lib/STM32F10x_StdPeriph_Driver/libstm32fw.a(stm32f10x_dma.o)
                0x0800a444                DMA_Init
 .text.DMA_Cmd  0x0800a480       0x12 lib/STM32F10x_StdPeriph_Driver/libstm32fw.a(stm32f10x_dma.o)
                0x0800a480                DMA_Cmd
 .text.DMA_ITConfig
                0x0800a492       0x10 lib/STM32F10x_StdPeriph_Driver/libstm32fw.a(stm32f10x_dma.o)
                0x0800a492                DMA_ITConfig
 .text.DMA_GetCurrDataCounter
                0x0800a4a2        0x6 lib/STM32F10x_StdPeriph_Driver/libstm32fw.a(stm32f10x_dma.o)
                0x0800a4a2                DMA_GetCurrDataCounter
 .text.DMA_GetFlagStatus
                0x0800a4a8       0x1c lib/STM32F10x_StdPeriph_Driver/libstm32fw.a(stm32f10x_dma.o)
                0x0800a4a8                DMA_GetFlagStatus
 .text.DMA_ClearFlag
                0x0800a4c4       0x14 lib/STM32F10x_StdPeriph_Driver/libstm32fw.a(stm32f10x_dma.o)
                0x0800a4c4                DMA_ClearFlag
 .text.DMA_GetITStatus
                0x0800a4d8       0x1c lib/STM32F10x_StdPeriph_Driver/libstm32fw.a(stm32f10x_dma.o)
                0x0800a4d8                DMA_GetITStatus
 .text.DMA_ClearITPendingBit
                0x0800a4f4       0x14 lib/STM32F10x_StdPeriph_Driver/libstm32fw.a(stm32f10x_dma.o)
                0x0800a4f4                DMA_ClearITPendingBit
 .text.EXTI_DeInit
                0x0800a508       0x1c lib/STM32F10x_StdPeriph_Driver/libstm32fw.a(stm32f10x_exti.o)
                0x0800a508                EXTI_DeInit
 .text.EXTI_Init
                0x0800a524       0x88 lib/STM32F10x_StdPeriph_Driver/libstm32fw.a(stm32f10x_exti.o)
                0x0800a524                EXTI_Init
 .text.EXTI_GetITStatus
                0x0800a5ac       0x1c lib/STM32F10x_StdPeriph_Driver/libstm32fw.a(stm32f10x_exti.o)
                0x0800a5ac                EXTI_GetITStatus
 .text.EXTI_ClearITPendingBit
                0x0800a5c8        0xc lib/STM32F10x_StdPeriph_Driver/libstm32fw.a(stm32f10x_exti.o)
                0x0800a5c8                EXTI_ClearITPendingBit
 .text.GPIO_Init
                0x0800a5d4       0x90 lib/STM32F10x_StdPeriph_Driver/libstm32fw.a(stm32f10x_gpio.o)
                0x0800a5d4                GPIO_Init
 .text.GPIO_StructInit
                0x0800a664       0x10 lib/STM32F10x_StdPeriph_Driver/libstm32fw.a(stm32f10x_gpio.o)
                0x0800a664                GPIO_StructInit
 .text.GPIO_ReadInputDataBit
                0x0800a674        0xc lib/STM32F10x_StdPeriph_Driver/libstm32fw.a(stm32f10x_gpio.o)
                0x0800a674                GPIO_ReadInputDataBit
 .text.GPIO_SetBits
                0x0800a680        0x4 lib/STM32F10x_StdPeriph_Driver/libstm32fw.a(stm32f10x_gpio.o)
                0x0800a680                GPIO_SetBits
 .text.GPIO_ResetBits
                0x0800a684        0x4 lib/STM32F10x_StdPeriph_Driver/libstm32fw.a(stm32f10x_gpio.o)
                0x0800a684                GPIO_ResetBits
 .text.GPIO_WriteBit
                0x0800a688        0xa lib/STM32F10x_StdPeriph_Driver/libstm32fw.a(stm32f10x_gpio.o)
                0x0800a688                GPIO_WriteBit
 *fill*         0x0800a692        0x2 
 .text.GPIO_PinRemapConfig
                0x0800a694       0x54 lib/STM32F10x_StdPeriph_Driver/libstm32fw.a(stm32f10x_gpio.o)
                0x0800a694                GPIO_PinRemapConfig
 .text.GPIO_EXTILineConfig
                0x0800a6e8       0x2a lib/STM32F10x_StdPeriph_Driver/libstm32fw.a(stm32f10x_gpio.o)
                0x0800a6e8                GPIO_EXTILineConfig
 *fill*         0x0800a712        0x2 
 .text.I2C_DeInit
                0x0800a714       0x34 lib/STM32F10x_StdPeriph_Driver/libstm32fw.a(stm32f10x_i2c.o)
                0x0800a714                I2C_DeInit
 .text.I2C_Init
                0x0800a748       0xd4 lib/STM32F10x_StdPeriph_Driver/libstm32fw.a(stm32f10x_i2c.o)
                0x0800a748                I2C_Init
 .text.I2C_Cmd  0x0800a81c       0x18 lib/STM32F10x_StdPeriph_Driver/libstm32fw.a(stm32f10x_i2c.o)
                0x0800a81c                I2C_Cmd
 .text.I2C_GenerateSTART
                0x0800a834       0x18 lib/STM32F10x_StdPeriph_Driver/libstm32fw.a(stm32f10x_i2c.o)
                0x0800a834                I2C_GenerateSTART
 .text.I2C_GenerateSTOP
                0x0800a84c       0x18 lib/STM32F10x_StdPeriph_Driver/libstm32fw.a(stm32f10x_i2c.o)
                0x0800a84c                I2C_GenerateSTOP
 .text.I2C_AcknowledgeConfig
                0x0800a864       0x18 lib/STM32F10x_StdPeriph_Driver/libstm32fw.a(stm32f10x_i2c.o)
                0x0800a864                I2C_AcknowledgeConfig
 .text.I2C_ITConfig
                0x0800a87c       0x12 lib/STM32F10x_StdPeriph_Driver/libstm32fw.a(stm32f10x_i2c.o)
                0x0800a87c                I2C_ITConfig
 .text.I2C_SendData
                0x0800a88e        0x4 lib/STM32F10x_StdPeriph_Driver/libstm32fw.a(stm32f10x_i2c.o)
                0x0800a88e                I2C_SendData
 .text.I2C_ReceiveData
                0x0800a892        0x6 lib/STM32F10x_StdPeriph_Driver/libstm32fw.a(stm32f10x_i2c.o)
                0x0800a892                I2C_ReceiveData
 .text.I2C_Send7bitAddress
                0x0800a898       0x12 lib/STM32F10x_StdPeriph_Driver/libstm32fw.a(stm32f10x_i2c.o)
                0x0800a898                I2C_Send7bitAddress
 .text.I2C_SoftwareResetCmd
                0x0800a8aa       0x18 lib/STM32F10x_StdPeriph_Driver/libstm32fw.a(stm32f10x_i2c.o)
                0x0800a8aa                I2C_SoftwareResetCmd
 *fill*         0x0800a8c2        0x2 
 .text.IWDG_WriteAccessCmd
                0x0800a8c4        0xc lib/STM32F10x_StdPeriph_Driver/libstm32fw.a(stm32f10x_iwdg.o)
                0x0800a8c4                IWDG_WriteAccessCmd
 .text.IWDG_SetPrescaler
                0x0800a8d0        0xc lib/STM32F10x_StdPeriph_Driver/libstm32fw.a(stm32f10x_iwdg.o)
                0x0800a8d0                IWDG_SetPrescaler
 .text.IWDG_SetReload
                0x0800a8dc        0xc lib/STM32F10x_StdPeriph_Driver/libstm32fw.a(stm32f10x_iwdg.o)
                0x0800a8dc                IWDG_SetReload
 .text.IWDG_ReloadCounter
                0x0800a8e8       0x10 lib/STM32F10x_StdPeriph_Driver/libstm32fw.a(stm32f10x_iwdg.o)
                0x0800a8e8                IWDG_ReloadCounter
 .text.IWDG_Enable
                0x0800a8f8       0x10 lib/STM32F10x_StdPeriph_Driver/libstm32fw.a(stm32f10x_iwdg.o)
                0x0800a8f8                IWDG_Enable
 .text.PWR_DeInit
                0x0800a908       0x1a lib/STM32F10x_StdPeriph_Driver/libstm32fw.a(stm32f10x_pwr.o)
                0x0800a908                PWR_DeInit
 *fill*         0x0800a922        0x2 
 .text.PWR_BackupAccessCmd
                0x0800a924        0xc lib/STM32F10x_StdPeriph_Driver/libstm32fw.a(stm32f10x_pwr.o)
                0x0800a924                PWR_BackupAccessCmd
 .text.PWR_WakeUpPinCmd
                0x0800a930        0xc lib/STM32F10x_StdPeriph_Driver/libstm32fw.a(stm32f10x_pwr.o)
                0x0800a930                PWR_WakeUpPinCmd
 .text.PWR_EnterSTANDBYMode
                0x0800a93c       0x28 lib/STM32F10x_StdPeriph_Driver/libstm32fw.a(stm32f10x_pwr.o)
                0x0800a93c                PWR_EnterSTANDBYMode
 .text.RCC_HCLKConfig
                0x0800a964       0x14 lib/STM32F10x_StdPeriph_Driver/libstm32fw.a(stm32f10x_rcc.o)
                0x0800a964                RCC_HCLKConfig
 .text.RCC_USBCLKConfig
                0x0800a978        0xc lib/STM32F10x_StdPeriph_Driver/libstm32fw.a(stm32f10x_rcc.o)
                0x0800a978                RCC_USBCLKConfig
 .text.RCC_ADCCLKConfig
                0x0800a984       0x14 lib/STM32F10x_StdPeriph_Driver/libstm32fw.a(stm32f10x_rcc.o)
                0x0800a984                RCC_ADCCLKConfig
 .text.RCC_LSEConfig
                0x0800a998       0x20 lib/STM32F10x_StdPeriph_Driver/libstm32fw.a(stm32f10x_rcc.o)
                0x0800a998                RCC_LSEConfig
 .text.RCC_RTCCLKConfig
                0x0800a9b8       0x10 lib/STM32F10x_StdPeriph_Driver/libstm32fw.a(stm32f10x_rcc.o)
                0x0800a9b8                RCC_RTCCLKConfig
 .text.RCC_RTCCLKCmd
                0x0800a9c8        0xc lib/STM32F10x_StdPeriph_Driver/libstm32fw.a(stm32f10x_rcc.o)
                0x0800a9c8                RCC_RTCCLKCmd
 .text.RCC_GetClocksFreq
                0x0800a9d4       0x94 lib/STM32F10x_StdPeriph_Driver/libstm32fw.a(stm32f10x_rcc.o)
                0x0800a9d4                RCC_GetClocksFreq
 .text.RCC_AHBPeriphClockCmd
                0x0800aa68       0x18 lib/STM32F10x_StdPeriph_Driver/libstm32fw.a(stm32f10x_rcc.o)
                0x0800aa68                RCC_AHBPeriphClockCmd
 .text.RCC_APB2PeriphClockCmd
                0x0800aa80       0x18 lib/STM32F10x_StdPeriph_Driver/libstm32fw.a(stm32f10x_rcc.o)
                0x0800aa80                RCC_APB2PeriphClockCmd
 .text.RCC_APB1PeriphClockCmd
                0x0800aa98       0x18 lib/STM32F10x_StdPeriph_Driver/libstm32fw.a(stm32f10x_rcc.o)
                0x0800aa98                RCC_APB1PeriphClockCmd
 .text.RCC_APB2PeriphResetCmd
                0x0800aab0       0x18 lib/STM32F10x_StdPeriph_Driver/libstm32fw.a(stm32f10x_rcc.o)
                0x0800aab0                RCC_APB2PeriphResetCmd
 .text.RCC_APB1PeriphResetCmd
                0x0800aac8       0x18 lib/STM32F10x_StdPeriph_Driver/libstm32fw.a(stm32f10x_rcc.o)
                0x0800aac8                RCC_APB1PeriphResetCmd
 .text.RCC_BackupResetCmd
                0x0800aae0        0xc lib/STM32F10x_StdPeriph_Driver/libstm32fw.a(stm32f10x_rcc.o)
                0x0800aae0                RCC_BackupResetCmd
 .text.RCC_GetFlagStatus
                0x0800aaec       0x28 lib/STM32F10x_StdPeriph_Driver/libstm32fw.a(stm32f10x_rcc.o)
                0x0800aaec                RCC_GetFlagStatus
 .text.RTC_EnterConfigMode
                0x0800ab14       0x14 lib/STM32F10x_StdPeriph_Driver/libstm32fw.a(stm32f10x_rtc.o)
                0x0800ab14                RTC_EnterConfigMode
 .text.RTC_ExitConfigMode
                0x0800ab28       0x14 lib/STM32F10x_StdPeriph_Driver/libstm32fw.a(stm32f10x_rtc.o)
                0x0800ab28                RTC_ExitConfigMode
 .text.RTC_GetCounter
                0x0800ab3c       0x14 lib/STM32F10x_StdPeriph_Driver/libstm32fw.a(stm32f10x_rtc.o)
                0x0800ab3c                RTC_GetCounter
 .text.RTC_SetCounter
                0x0800ab50       0x20 lib/STM32F10x_StdPeriph_Driver/libstm32fw.a(stm32f10x_rtc.o)
                0x0800ab50                RTC_SetCounter
 .text.RTC_SetPrescaler
                0x0800ab70       0x20 lib/STM32F10x_StdPeriph_Driver/libstm32fw.a(stm32f10x_rtc.o)
                0x0800ab70                RTC_SetPrescaler
 .text.RTC_WaitForLastTask
                0x0800ab90       0x10 lib/STM32F10x_StdPeriph_Driver/libstm32fw.a(stm32f10x_rtc.o)
                0x0800ab90                RTC_WaitForLastTask
 .text.RTC_WaitForSynchro
                0x0800aba0       0x1c lib/STM32F10x_StdPeriph_Driver/libstm32fw.a(stm32f10x_rtc.o)
                0x0800aba0                RTC_WaitForSynchro
 .text.SPI_I2S_DeInit
                0x0800abbc       0x64 lib/STM32F10x_StdPeriph_Driver/libstm32fw.a(stm32f10x_spi.o)
                0x0800abbc                SPI_I2S_DeInit
 .text.SPI_Init
                0x0800ac20       0x3e lib/STM32F10x_StdPeriph_Driver/libstm32fw.a(stm32f10x_spi.o)
                0x0800ac20                SPI_Init
 .text.SPI_StructInit
                0x0800ac5e       0x18 lib/STM32F10x_StdPeriph_Driver/libstm32fw.a(stm32f10x_spi.o)
                0x0800ac5e                SPI_StructInit
 .text.SPI_Cmd  0x0800ac76       0x18 lib/STM32F10x_StdPeriph_Driver/libstm32fw.a(stm32f10x_spi.o)
                0x0800ac76                SPI_Cmd
 .text.SPI_I2S_DMACmd
                0x0800ac8e       0x12 lib/STM32F10x_StdPeriph_Driver/libstm32fw.a(stm32f10x_spi.o)
                0x0800ac8e                SPI_I2S_DMACmd
 .text.SPI_I2S_SendData
                0x0800aca0        0x4 lib/STM32F10x_StdPeriph_Driver/libstm32fw.a(stm32f10x_spi.o)
                0x0800aca0                SPI_I2S_SendData
 .text.SPI_I2S_ReceiveData
                0x0800aca4        0x6 lib/STM32F10x_StdPeriph_Driver/libstm32fw.a(stm32f10x_spi.o)
                0x0800aca4                SPI_I2S_ReceiveData
 .text.SPI_CalculateCRC
                0x0800acaa       0x18 lib/STM32F10x_StdPeriph_Driver/libstm32fw.a(stm32f10x_spi.o)
                0x0800acaa                SPI_CalculateCRC
 .text.SPI_I2S_GetFlagStatus
                0x0800acc2        0xc lib/STM32F10x_StdPeriph_Driver/libstm32fw.a(stm32f10x_spi.o)
                0x0800acc2                SPI_I2S_GetFlagStatus
 *fill*         0x0800acce        0x2 
 .text.TIM_DeInit
                0x0800acd0       0xc8 lib/STM32F10x_StdPeriph_Driver/libstm32fw.a(stm32f10x_tim.o)
                0x0800acd0                TIM_DeInit
 .text.TIM_TimeBaseInit
                0x0800ad98       0x3c lib/STM32F10x_StdPeriph_Driver/libstm32fw.a(stm32f10x_tim.o)
                0x0800ad98                TIM_TimeBaseInit
 .text.TIM_OC1Init
                0x0800add4       0x74 lib/STM32F10x_StdPeriph_Driver/libstm32fw.a(stm32f10x_tim.o)
                0x0800add4                TIM_OC1Init
 .text.TIM_Cmd  0x0800ae48       0x18 lib/STM32F10x_StdPeriph_Driver/libstm32fw.a(stm32f10x_tim.o)
                0x0800ae48                TIM_Cmd
 .text.TIM_CtrlPWMOutputs
                0x0800ae60       0x1c lib/STM32F10x_StdPeriph_Driver/libstm32fw.a(stm32f10x_tim.o)
                0x0800ae60                TIM_CtrlPWMOutputs
 .text.TIM_ARRPreloadConfig
                0x0800ae7c       0x18 lib/STM32F10x_StdPeriph_Driver/libstm32fw.a(stm32f10x_tim.o)
                0x0800ae7c                TIM_ARRPreloadConfig
 .text.TIM_OC1PreloadConfig
                0x0800ae94       0x10 lib/STM32F10x_StdPeriph_Driver/libstm32fw.a(stm32f10x_tim.o)
                0x0800ae94                TIM_OC1PreloadConfig
 .text.TIM_SetCompare1
                0x0800aea4        0x4 lib/STM32F10x_StdPeriph_Driver/libstm32fw.a(stm32f10x_tim.o)
                0x0800aea4                TIM_SetCompare1
 .text.USART_DeInit
                0x0800aea8       0x98 lib/STM32F10x_StdPeriph_Driver/libstm32fw.a(stm32f10x_usart.o)
                0x0800aea8                USART_DeInit
 .text.USART_Init
                0x0800af40       0x88 lib/STM32F10x_StdPeriph_Driver/libstm32fw.a(stm32f10x_usart.o)
                0x0800af40                USART_Init
 .text.USART_Cmd
                0x0800afc8       0x18 lib/STM32F10x_StdPeriph_Driver/libstm32fw.a(stm32f10x_usart.o)
                0x0800afc8                USART_Cmd
 .text.USART_ITConfig
                0x0800afe0       0x32 lib/STM32F10x_StdPeriph_Driver/libstm32fw.a(stm32f10x_usart.o)
                0x0800afe0                USART_ITConfig
 .text.USART_DMACmd
                0x0800b012       0x12 lib/STM32F10x_StdPeriph_Driver/libstm32fw.a(stm32f10x_usart.o)
                0x0800b012                USART_DMACmd
 .text.USART_SendData
                0x0800b024        0x8 lib/STM32F10x_StdPeriph_Driver/libstm32fw.a(stm32f10x_usart.o)
                0x0800b024                USART_SendData
 .text.USART_ReceiveData
                0x0800b02c        0x8 lib/STM32F10x_StdPeriph_Driver/libstm32fw.a(stm32f10x_usart.o)
                0x0800b02c                USART_ReceiveData
 .text.USART_GetFlagStatus
                0x0800b034        0xc lib/STM32F10x_StdPeriph_Driver/libstm32fw.a(stm32f10x_usart.o)
                0x0800b034                USART_GetFlagStatus
 .text.USART_GetITStatus
                0x0800b040       0x3e lib/STM32F10x_StdPeriph_Driver/libstm32fw.a(stm32f10x_usart.o)
                0x0800b040                USART_GetITStatus
 .text.USART_ClearITPendingBit
                0x0800b07e        0xe lib/STM32F10x_StdPeriph_Driver/libstm32fw.a(stm32f10x_usart.o)
                0x0800b07e                USART_ClearITPendingBit
 .text.Standard_GetConfiguration
                0x0800b08c       0x24 lib/STM32_USB-FS-Device_Driver/libstm32usb.a(usb_core.o)
                0x0800b08c                Standard_GetConfiguration
 .text.Standard_GetInterface
                0x0800b0b0       0x24 lib/STM32_USB-FS-Device_Driver/libstm32usb.a(usb_core.o)
                0x0800b0b0                Standard_GetInterface
 .text.Standard_GetStatus
                0x0800b0d4       0x90 lib/STM32_USB-FS-Device_Driver/libstm32usb.a(usb_core.o)
                0x0800b0d4                Standard_GetStatus
 .text.DataStageIn
                0x0800b164       0xac lib/STM32_USB-FS-Device_Driver/libstm32usb.a(usb_core.o)
 .text.Standard_SetConfiguration
                0x0800b210       0x38 lib/STM32_USB-FS-Device_Driver/libstm32usb.a(usb_core.o)
                0x0800b210                Standard_SetConfiguration
 .text.Standard_SetInterface
                0x0800b248       0x48 lib/STM32_USB-FS-Device_Driver/libstm32usb.a(usb_core.o)
                0x0800b248                Standard_SetInterface
 .text.Standard_ClearFeature
                0x0800b290       0xd8 lib/STM32_USB-FS-Device_Driver/libstm32usb.a(usb_core.o)
                0x0800b290                Standard_ClearFeature
 .text.Standard_SetEndPointFeature
                0x0800b368       0x8c lib/STM32_USB-FS-Device_Driver/libstm32usb.a(usb_core.o)
                0x0800b368                Standard_SetEndPointFeature
 .text.Standard_SetDeviceFeature
                0x0800b3f4       0x24 lib/STM32_USB-FS-Device_Driver/libstm32usb.a(usb_core.o)
                0x0800b3f4                Standard_SetDeviceFeature
 .text.Standard_GetDescriptorData
                0x0800b418       0x1c lib/STM32_USB-FS-Device_Driver/libstm32usb.a(usb_core.o)
                0x0800b418                Standard_GetDescriptorData
 .text.Post0_Process
                0x0800b434       0x44 lib/STM32_USB-FS-Device_Driver/libstm32usb.a(usb_core.o)
                0x0800b434                Post0_Process
 .text.Setup0_Process
                0x0800b478      0x2dc lib/STM32_USB-FS-Device_Driver/libstm32usb.a(usb_core.o)
                0x0800b478                Setup0_Process
 .text.Out0_Process
                0x0800b754       0xcc lib/STM32_USB-FS-Device_Driver/libstm32usb.a(usb_core.o)
                0x0800b754                Out0_Process
 .text.SetDeviceAddress
                0x0800b820       0x40 lib/STM32_USB-FS-Device_Driver/libstm32usb.a(usb_core.o)
                0x0800b820                SetDeviceAddress
 .text.In0_Process
                0x0800b860       0x5c lib/STM32_USB-FS-Device_Driver/libstm32usb.a(usb_core.o)
                0x0800b860                In0_Process
 .text.NOP_Process
                0x0800b8bc        0x2 lib/STM32_USB-FS-Device_Driver/libstm32usb.a(usb_core.o)
                0x0800b8bc                NOP_Process
 *fill*         0x0800b8be        0x2 
 .text.USB_Init
                0x0800b8c0       0x34 lib/STM32_USB-FS-Device_Driver/libstm32usb.a(usb_init.o)
                0x0800b8c0                USB_Init
 .text.CTR_LP   0x0800b8f4      0x170 lib/STM32_USB-FS-Device_Driver/libstm32usb.a(usb_int.o)
                0x0800b8f4                CTR_LP
 .text.CTR_HP   0x0800ba64       0x74 lib/STM32_USB-FS-Device_Driver/libstm32usb.a(usb_int.o)
                0x0800ba64                CTR_HP
 .text.UserToPMABufferCopy
                0x0800bad8       0x30 lib/STM32_USB-FS-Device_Driver/libstm32usb.a(usb_mem.o)
                0x0800bad8                UserToPMABufferCopy
 .text.PMAToUserBufferCopy
                0x0800bb08       0x24 lib/STM32_USB-FS-Device_Driver/libstm32usb.a(usb_mem.o)
                0x0800bb08                PMAToUserBufferCopy
 .text.SetBTABLE
                0x0800bb2c       0x10 lib/STM32_USB-FS-Device_Driver/libstm32usb.a(usb_regs.o)
                0x0800bb2c                SetBTABLE
 .text.SetEPType
                0x0800bb3c       0x1c lib/STM32_USB-FS-Device_Driver/libstm32usb.a(usb_regs.o)
                0x0800bb3c                SetEPType
 .text.SetEPTxStatus
                0x0800bb58       0x32 lib/STM32_USB-FS-Device_Driver/libstm32usb.a(usb_regs.o)
                0x0800bb58                SetEPTxStatus
 .text.SetEPRxStatus
                0x0800bb8a       0x32 lib/STM32_USB-FS-Device_Driver/libstm32usb.a(usb_regs.o)
                0x0800bb8a                SetEPRxStatus
 .text.SetEPRxValid
                0x0800bbbc       0x26 lib/STM32_USB-FS-Device_Driver/libstm32usb.a(usb_regs.o)
                0x0800bbbc                SetEPRxValid
 .text.Clear_Status_Out
                0x0800bbe2       0x20 lib/STM32_USB-FS-Device_Driver/libstm32usb.a(usb_regs.o)
                0x0800bbe2                Clear_Status_Out
 .text.ClearDTOG_RX
                0x0800bc02       0x26 lib/STM32_USB-FS-Device_Driver/libstm32usb.a(usb_regs.o)
                0x0800bc02                ClearDTOG_RX
 .text.ClearDTOG_TX
                0x0800bc28       0x26 lib/STM32_USB-FS-Device_Driver/libstm32usb.a(usb_regs.o)
                0x0800bc28                ClearDTOG_TX
 *fill*         0x0800bc4e        0x2 
 .text.SetEPTxAddr
                0x0800bc50       0x20 lib/STM32_USB-FS-Device_Driver/libstm32usb.a(usb_regs.o)
                0x0800bc50                SetEPTxAddr
 .text.SetEPRxAddr
                0x0800bc70       0x20 lib/STM32_USB-FS-Device_Driver/libstm32usb.a(usb_regs.o)
                0x0800bc70                SetEPRxAddr
 .text.GetEPTxAddr
                0x0800bc90       0x20 lib/STM32_USB-FS-Device_Driver/libstm32usb.a(usb_regs.o)
                0x0800bc90                GetEPTxAddr
 .text.GetEPRxAddr
                0x0800bcb0       0x20 lib/STM32_USB-FS-Device_Driver/libstm32usb.a(usb_regs.o)
                0x0800bcb0                GetEPRxAddr
 .text.SetEPTxCount
                0x0800bcd0       0x1c lib/STM32_USB-FS-Device_Driver/libstm32usb.a(usb_regs.o)
                0x0800bcd0                SetEPTxCount
 .text.SetEPRxCount
                0x0800bcec       0x40 lib/STM32_USB-FS-Device_Driver/libstm32usb.a(usb_regs.o)
                0x0800bcec                SetEPRxCount
 .text.GetEPRxCount
                0x0800bd2c       0x20 lib/STM32_USB-FS-Device_Driver/libstm32usb.a(usb_regs.o)
                0x0800bd2c                GetEPRxCount
 .text.ByteSwap
                0x0800bd4c        0xa lib/STM32_USB-FS-Device_Driver/libstm32usb.a(usb_regs.o)
                0x0800bd4c                ByteSwap
 *fill*         0x0800bd56        0x2 
 .text.USB_SIL_Init
                0x0800bd58       0x20 lib/STM32_USB-FS-Device_Driver/libstm32usb.a(usb_sil.o)
                0x0800bd58                USB_SIL_Init
 .text.USB_SIL_Write
                0x0800bd78       0x28 lib/STM32_USB-FS-Device_Driver/libstm32usb.a(usb_sil.o)
                0x0800bd78                USB_SIL_Write
 .text.USB_SIL_Read
                0x0800bda0       0x24 lib/STM32_USB-FS-Device_Driver/libstm32usb.a(usb_sil.o)
                0x0800bda0                USB_SIL_Read
 .text.memset   0x0800bdc4       0x9c /home/laurence/ARM-GCC/gcc-arm-none-eabi-4_9-2014q4/bin/../lib/gcc/arm-none-eabi/4.9.3/../../../../arm-none-eabi/lib/armv7-m/libg.a(lib_a-memset.o)
                0x0800bdc4                memset
 .text._sbrk    0x0800be60       0x1c /home/laurence/ARM-GCC/gcc-arm-none-eabi-4_9-2014q4/bin/../lib/gcc/arm-none-eabi/4.9.3/../../../../arm-none-eabi/lib/armv7-m/libnosys.a(sbrk.o)
                0x0800be60                _sbrk
 *(.rodata)
 .rodata        0x0800be7c       0xe8 /tmp/ccawwenH.ltrans0.ltrans.o
 .rodata        0x0800bf64      0x4d0 /tmp/ccawwenH.ltrans3.ltrans.o
 .rodata        0x0800c434       0x48 /tmp/ccawwenH.ltrans4.ltrans.o
 .rodata        0x0800c47c      0x11c /tmp/ccawwenH.ltrans5.ltrans.o
 .rodata        0x0800c598        0xc /tmp/ccawwenH.ltrans6.ltrans.o
 .rodata        0x0800c5a4       0x80 /tmp/ccawwenH.ltrans7.ltrans.o
 *(.rodata*)
 .rodata.L3GD20_setup
                0x0800c624        0x8 /tmp/ccawwenH.ltrans1.ltrans.o
 .rodata.str1.4
                0x0800c62c        0x6 /tmp/ccawwenH.ltrans2.ltrans.o
                                  0x8 (size before relaxing)
 *fill*         0x0800c632        0x2 
 .rodata.str1.4
                0x0800c634      0x361 /tmp/ccawwenH.ltrans4.ltrans.o
                                0x368 (size before relaxing)
 *fill*         0x0800c995        0x3 
 .rodata.MASS_DeviceDescriptor
                0x0800c998       0x14 /tmp/ccawwenH.ltrans5.ltrans.o
 .rodata.str1.4
                0x0800c9ac      0x117 /tmp/ccawwenH.ltrans5.ltrans.o
                                0x118 (size before relaxing)
 *fill*         0x0800cac3        0x1 
 .rodata.str1.4
                0x0800cac4       0x13 /tmp/ccawwenH.ltrans7.ltrans.o
                                 0x14 (size before relaxing)
 *fill*         0x0800cad7        0x1 
 .rodata.str1.4
                0x0800cad8       0x7c /tmp/ccawwenH.ltrans8.ltrans.o
 .rodata.str1.4
                0x0800cb54        0x2 /home/laurence/ARM-GCC/gcc-arm-none-eabi-4_9-2014q4/bin/../lib/gcc/arm-none-eabi/4.9.3/../../../../arm-none-eabi/lib/armv7-m/libg.a(lib_a-impure.o)
                                  0x4 (size before relaxing)
 *(.glue_7)
 .glue_7        0x00000000        0x0 linker stubs
 *(.glue_7t)
 .glue_7t       0x00000000        0x0 linker stubs
 *(.init)
 *fill*         0x0800cb56        0x2 
 .init          0x0800cb58        0x4 /home/laurence/ARM-GCC/gcc-arm-none-eabi-4_9-2014q4/bin/../lib/gcc/arm-none-eabi/4.9.3/armv7-m/crti.o
                0x0800cb58                _init
 .init          0x0800cb5c        0x8 /home/laurence/ARM-GCC/gcc-arm-none-eabi-4_9-2014q4/bin/../lib/gcc/arm-none-eabi/4.9.3/armv7-m/crtn.o
 *(.fini)
 .fini          0x0800cb64        0x4 /home/laurence/ARM-GCC/gcc-arm-none-eabi-4_9-2014q4/bin/../lib/gcc/arm-none-eabi/4.9.3/armv7-m/crti.o
                0x0800cb64                _fini
 .fini          0x0800cb68        0x8 /home/laurence/ARM-GCC/gcc-arm-none-eabi-4_9-2014q4/bin/../lib/gcc/arm-none-eabi/4.9.3/armv7-m/crtn.o
                0x0800cb70                . = ALIGN (0x4)
                0x0800cb70                _etext = .
                0x0800cb70                _sidata = _etext

.vfp11_veneer   0x0800cb70        0x0
 .vfp11_veneer  0x00000000        0x0 linker stubs

.v4_bx          0x0800cb70        0x0
 .v4_bx         0x00000000        0x0 linker stubs

.iplt           0x0800cb70        0x0
 .iplt          0x00000000        0x0 /home/laurence/ARM-GCC/gcc-arm-none-eabi-4_9-2014q4/bin/../lib/gcc/arm-none-eabi/4.9.3/armv7-m/crtbegin.o

.rel.dyn        0x0800cb70        0x0
 .rel.iplt      0x00000000        0x0 /home/laurence/ARM-GCC/gcc-arm-none-eabi-4_9-2014q4/bin/../lib/gcc/arm-none-eabi/4.9.3/armv7-m/crtbegin.o

.flashpatch     0x00000000        0x0
                0x00000000                . = ALIGN (0x4)
 *(.flashpatch)
                0x00000000                . = ALIGN (0x4)

.endflash       0x00000000        0x0
                0x00000000                . = ALIGN (0x4)
 *(.endflash)
                0x00000000                . = ALIGN (0x4)
                0x00000000                _e_endflash = .

.data           0x20000000      0x9e4 load address 0x0800cb70
                0x20000000                . = ALIGN (0x4)
                0x20000000                _sdata = .
                0x20000000                _data = .
 *(.data)
 .data          0x20000000        0x8 /tmp/ccawwenH.ltrans0.ltrans.o
                0x20000004                Device_Table
 .data          0x20000008       0x24 /tmp/ccawwenH.ltrans1.ltrans.o
 .data          0x2000002c        0x1 /tmp/ccawwenH.ltrans2.ltrans.o
                0x2000002c                Stat.lto_priv.9
 *fill*         0x2000002d        0x3 
 .data          0x20000030       0x20 /tmp/ccawwenH.ltrans3.ltrans.o
 .data          0x20000050        0x8 /tmp/ccawwenH.ltrans4.ltrans.o
                0x20000050                Silabs_Header
 .data          0x20000058      0x138 /tmp/ccawwenH.ltrans5.ltrans.o
                0x200000ac                Device_Property
                0x20000134                pEpInt_IN
                0x20000150                pEpInt_OUT
                0x2000016c                User_Standard_Requests
 .data          0x20000190        0x4 /tmp/ccawwenH.ltrans6.ltrans.o
 *(.data.*)
 .data.__malloc_av_
                0x20000194      0x408 /home/laurence/ARM-GCC/gcc-arm-none-eabi-4_9-2014q4/bin/../lib/gcc/arm-none-eabi/4.9.3/../../../../arm-none-eabi/lib/armv7-m/libg.a(lib_a-mallocr.o)
                0x20000194                __malloc_av_
 .data.__malloc_trim_threshold
                0x2000059c        0x4 /home/laurence/ARM-GCC/gcc-arm-none-eabi-4_9-2014q4/bin/../lib/gcc/arm-none-eabi/4.9.3/../../../../arm-none-eabi/lib/armv7-m/libg.a(lib_a-mallocr.o)
                0x2000059c                __malloc_trim_threshold
 .data.__malloc_sbrk_base
                0x200005a0        0x4 /home/laurence/ARM-GCC/gcc-arm-none-eabi-4_9-2014q4/bin/../lib/gcc/arm-none-eabi/4.9.3/../../../../arm-none-eabi/lib/armv7-m/libg.a(lib_a-mallocr.o)
                0x200005a0                __malloc_sbrk_base
 .data.ADCPrescTable
                0x200005a4        0x4 lib/STM32F10x_StdPeriph_Driver/libstm32fw.a(stm32f10x_rcc.o)
 .data.APBAHBPrescTable
                0x200005a8       0x10 lib/STM32F10x_StdPeriph_Driver/libstm32fw.a(stm32f10x_rcc.o)
 .data.impure_data
                0x200005b8      0x428 /home/laurence/ARM-GCC/gcc-arm-none-eabi-4_9-2014q4/bin/../lib/gcc/arm-none-eabi/4.9.3/../../../../arm-none-eabi/lib/armv7-m/libg.a(lib_a-impure.o)
 .data._impure_ptr
                0x200009e0        0x4 /home/laurence/ARM-GCC/gcc-arm-none-eabi-4_9-2014q4/bin/../lib/gcc/arm-none-eabi/4.9.3/../../../../arm-none-eabi/lib/armv7-m/libg.a(lib_a-impure.o)
                0x200009e0                _impure_ptr
 *(.RAMtext)
                0x200009e4                . = ALIGN (0x4)
                0x200009e4                _edata = .
                0x0800d554                _eidata = (_sidata + (_edata - _sdata))
                0x08020000                _lastdataromaddress = (ORIGIN (FLASH) + 0x20000)
                0x00000000                toobig = (_eidata > _lastdataromaddress)?!!!!!!!!! FLASH IS FULL !!!!!!!!!:0x0

.igot.plt       0x200009e4        0x0 load address 0x0800d554
 .igot.plt      0x00000000        0x0 /home/laurence/ARM-GCC/gcc-arm-none-eabi-4_9-2014q4/bin/../lib/gcc/arm-none-eabi/4.9.3/armv7-m/crtbegin.o

.bss            0x200009e8      0xf64 load address 0x0800d558
                0x200009e8                . = ALIGN (0x4)
                0x200009e8                _sbss = .
                0x200009e8                _bss = .
 *(.bss)
 .bss           0x200009e8       0xa0 /tmp/ccawwenH.ltrans0.ltrans.o
 .bss           0x20000a88       0x28 /tmp/ccawwenH.ltrans1.ltrans.o
 .bss           0x20000ab0       0x94 /tmp/ccawwenH.ltrans2.ltrans.o
                0x20000b34                Timer1.lto_priv.10
                0x20000b38                Timer2.lto_priv.11
                0x20000b41                Sd_Spi_Called_From_USB_MSC
 .bss           0x20000b44       0x34 /tmp/ccawwenH.ltrans3.ltrans.o
                0x20000b44                Mass_Block_Count
                0x20000b4c                CBW
                0x20000b6c                Mass_Block_Size
                0x20000b74                Bot_State
 .bss           0x20000b78      0x6f0 /tmp/ccawwenH.ltrans4.ltrans.o
                0x20000fa0                bootsource
                0x20000fa4                Battery_Voltage
                0x200011fc                Silabs_driver_state
                0x20001233                System_state_Global
                0x20001234                Shutdown_System
                0x20001238                Ind_Voltage
                0x2000123c                Auto_volt
                0x20001240                Gyro_XY_Rate
                0x20001244                Gyro_Z_Rate
                0x20001248                Ignition_Selftest
                0x2000124a                AutoSequence
                0x20001250                I2C1error
                0x20001254                L3GD20_Data_Buffer
                0x2000125c                Aux_Voltage
                0x20001260                Gyro_Temperature
                0x20001264                Auto_spin
 .bss           0x20001268       0x98 /tmp/ccawwenH.ltrans5.ltrans.o
                0x20001270                wIstr
 .bss           0x20001300        0x8 /tmp/ccawwenH.ltrans7.ltrans.o
 .bss           0x20001308      0x5b0 /tmp/ccawwenH.ltrans8.ltrans.o
                0x20001308                FATFS_logfile
                0x20001530                print_string
                0x20001630                Usart1_rx_buff
                0x2000163c                Gps_Buffer
                0x20001648                FATFS_wavfile_gyro
                0x20001888                Millis
                0x2000188c                Jobs
                0x20001890                Completed_Jobs
                0x20001894                Gyro_x_buffer
                0x200018a0                Gyro_y_buffer
                0x200018ac                Gyro_z_buffer
 *(.bss.*)
 .bss.bDeviceState
                0x200018b8        0x4 /tmp/ccawwenH.ltrans4.ltrans.o
                0x200018b8                bDeviceState
 .bss.file_opened
                0x200018bc        0x1 /tmp/ccawwenH.ltrans4.ltrans.o
 .bss.Last_RSSI
                0x200018bd        0x1 /tmp/ccawwenH.ltrans4.ltrans.o
                0x200018bd                Last_RSSI
 .bss.bIntPackSOF
                0x200018be        0x1 /tmp/ccawwenH.ltrans5.ltrans.o
 *fill*         0x200018bf        0x1 
 .bss.Status    0x200018c0        0x4 /tmp/ccawwenH.ltrans5.ltrans.o