Archive member included because of file (symbol)

lib/STM32F10x_StdPeriph_Driver/libstm32fw.a(misc.o)
                              interrupts.o (symbol from plugin) (NVIC_PriorityGroupConfig)
lib/STM32F10x_StdPeriph_Driver/libstm32fw.a(stm32f10x_adc.o)
                              adc.o (symbol from plugin) (ADC_DeInit)
lib/STM32F10x_StdPeriph_Driver/libstm32fw.a(stm32f10x_bkp.o)
                              Util/fat_fs/src/rtc.o (symbol from plugin) (BKP_DeInit)
lib/STM32F10x_StdPeriph_Driver/libstm32fw.a(stm32f10x_dma.o)
                              Silabs/si446x.o (symbol from plugin) (DMA_DeInit)
lib/STM32F10x_StdPeriph_Driver/libstm32fw.a(stm32f10x_exti.o)
                              Silabs/si446x.o (symbol from plugin) (EXTI_DeInit)
lib/STM32F10x_StdPeriph_Driver/libstm32fw.a(stm32f10x_gpio.o)
                              Silabs/si446x.o (symbol from plugin) (GPIO_Init)
lib/STM32F10x_StdPeriph_Driver/libstm32fw.a(stm32f10x_i2c.o)
                              i2c_int.o (symbol from plugin) (I2C_DeInit)
lib/STM32F10x_StdPeriph_Driver/libstm32fw.a(stm32f10x_iwdg.o)
                              watchdog.o (symbol from plugin) (IWDG_WriteAccessCmd)
lib/STM32F10x_StdPeriph_Driver/libstm32fw.a(stm32f10x_pwr.o)
                              pwr.o (symbol from plugin) (PWR_DeInit)
lib/STM32F10x_StdPeriph_Driver/libstm32fw.a(stm32f10x_rcc.o)
                              interrupts.o (symbol from plugin) (RCC_HCLKConfig)
lib/STM32F10x_StdPeriph_Driver/libstm32fw.a(stm32f10x_rtc.o)
                              Util/fat_fs/src/rtc.o (symbol from plugin) (RTC_GetCounter)
lib/STM32F10x_StdPeriph_Driver/libstm32fw.a(stm32f10x_spi.o)
                              Util/fat_fs/src/sd_spi_stm32.o (symbol from plugin) (SPI_I2S_DeInit)
lib/STM32F10x_StdPeriph_Driver/libstm32fw.a(stm32f10x_tim.o)
                              pwm.o (symbol from plugin) (TIM_TimeBaseInit)
lib/STM32F10x_StdPeriph_Driver/libstm32fw.a(stm32f10x_usart.o)
                              usart.o (symbol from plugin) (USART_DeInit)
lib/STM32_USB-FS-Device_Driver/libstm32usb.a(usb_core.o)
                              Util/USB/usb_prop.o (symbol from plugin) (Standard_GetDescriptorData)
lib/STM32_USB-FS-Device_Driver/libstm32usb.a(usb_init.o)
                              Util/USB/usb_prop.o (symbol from plugin) (pInformation)
lib/STM32_USB-FS-Device_Driver/libstm32usb.a(usb_int.o)
                              Util/USB/usb_istr.o (symbol from plugin) (CTR_LP)
lib/STM32_USB-FS-Device_Driver/libstm32usb.a(usb_mem.o)
                              lib/STM32_USB-FS-Device_Driver/libstm32usb.a(usb_core.o) (UserToPMABufferCopy)
lib/STM32_USB-FS-Device_Driver/libstm32usb.a(usb_regs.o)
                              Util/USB/usb_prop.o (symbol from plugin) (SetBTABLE)
lib/STM32_USB-FS-Device_Driver/libstm32usb.a(usb_sil.o)
                              Util/USB/usb_prop.o (symbol from plugin) (USB_SIL_Init)
/home/laurence/ARM-GCC/bin/../lib/gcc/arm-none-eabi/4.7.4/../../../../arm-none-eabi/lib/armv7-m/libc.a(lib_a-__atexit.o)
                              /home/laurence/ARM-GCC/bin/../lib/gcc/arm-none-eabi/4.7.4/../../../../arm-none-eabi/lib/armv7-m/crt0.o (__register_exitproc)
/home/laurence/ARM-GCC/bin/../lib/gcc/arm-none-eabi/4.7.4/../../../../arm-none-eabi/lib/armv7-m/libc.a(lib_a-exit.o)
                              /home/laurence/ARM-GCC/bin/../lib/gcc/arm-none-eabi/4.7.4/../../../../arm-none-eabi/lib/armv7-m/crt0.o (exit)
/home/laurence/ARM-GCC/bin/../lib/gcc/arm-none-eabi/4.7.4/../../../../arm-none-eabi/lib/armv7-m/libc.a(lib_a-fini.o)
                              /home/laurence/ARM-GCC/bin/../lib/gcc/arm-none-eabi/4.7.4/../../../../arm-none-eabi/lib/armv7-m/crt0.o (__libc_fini_array)
/home/laurence/ARM-GCC/bin/../lib/gcc/arm-none-eabi/4.7.4/../../../../arm-none-eabi/lib/armv7-m/libc.a(lib_a-impure.o)
                              /home/laurence/ARM-GCC/bin/../lib/gcc/arm-none-eabi/4.7.4/../../../../arm-none-eabi/lib/armv7-m/libc.a(lib_a-__atexit.o) (_global_impure_ptr)
/home/laurence/ARM-GCC/bin/../lib/gcc/arm-none-eabi/4.7.4/../../../../arm-none-eabi/lib/armv7-m/libc.a(lib_a-init.o)
                              /home/laurence/ARM-GCC/bin/../lib/gcc/arm-none-eabi/4.7.4/../../../../arm-none-eabi/lib/armv7-m/crt0.o (__libc_init_array)
/home/laurence/ARM-GCC/bin/../lib/gcc/arm-none-eabi/4.7.4/../../../../arm-none-eabi/lib/armv7-m/libc.a(lib_a-memset.o)
                              /home/laurence/ARM-GCC/bin/../lib/gcc/arm-none-eabi/4.7.4/../../../../arm-none-eabi/lib/armv7-m/crt0.o (memset)
/home/laurence/ARM-GCC/bin/../lib/gcc/arm-none-eabi/4.7.4/../../../../arm-none-eabi/lib/armv7-m/libc.a(lib_a-__call_atexit.o)
                              /home/laurence/ARM-GCC/bin/../lib/gcc/arm-none-eabi/4.7.4/../../../../arm-none-eabi/lib/armv7-m/libc.a(lib_a-exit.o) (__call_exitprocs)
/home/laurence/ARM-GCC/bin/../lib/gcc/arm-none-eabi/4.7.4/../../../../arm-none-eabi/lib/armv7-m/libc.a(lib_a-atexit.o)
[...]
Memory Configuration

Name             Origin             Length             Attributes
RAM              0x20000000         0x00005000         xrw
FLASH            0x08000000         0x00020000         xr
FLASHB1          0x00000000         0x00000000         xr
EXTMEMB0         0x00000000         0x00000000         xr
EXTMEMB1         0x00000000         0x00000000         xr
EXTMEMB2         0x00000000         0x00000000         xr
EXTMEMB3         0x00000000         0x00000000         xr
STARTFLASH       0x00000000         0xffffffff
CRPPATCH         0x00000000         0xffffffff
FLASHPATCH       0x00000000         0xffffffff
ENDFLASH         0x00000000         0xffffffff
*default*        0x00000000         0xffffffff

Linker script and memory map

LOAD /home/laurence/ARM-GCC/bin/../lib/gcc/arm-none-eabi/4.7.4/armv7-m/crti.o
LOAD /home/laurence/ARM-GCC/bin/../lib/gcc/arm-none-eabi/4.7.4/armv7-m/crtbegin.o
LOAD /home/laurence/ARM-GCC/bin/../lib/gcc/arm-none-eabi/4.7.4/../../../../arm-none-eabi/lib/armv7-m/crt0.o
LOAD Silabs/si446x.o
LOAD /tmp/ccxYykpa.ltrans0.ltrans.o
LOAD /tmp/ccxYykpa.ltrans1.ltrans.o
LOAD /tmp/ccxYykpa.ltrans2.ltrans.o
LOAD /tmp/ccxYykpa.ltrans3.ltrans.o
LOAD /home/laurence/ARM-GCC/bin/../lib/gcc/arm-none-eabi/4.7.4/armv7-m/libgcc.a
LOAD /home/laurence/ARM-GCC/bin/../lib/gcc/arm-none-eabi/4.7.4/../../../../arm-none-eabi/lib/armv7-m/libc.a
LOAD Ublox/ubx.o
LOAD Util/USB/hw_config.o
LOAD Util/USB/mass_mal.o
LOAD Util/USB/memory.o
LOAD Util/USB/scsi_data.o
LOAD Util/USB/usb_bot.o
LOAD Util/USB/usb_desc.o
LOAD Util/USB/usb_endp.o
LOAD Util/USB/usb_istr.o
LOAD Util/USB/usb_prop.o
LOAD Util/USB/usb_pwr.o
LOAD Util/USB/usb_scsi.o
LOAD Util/buffer.o
LOAD Util/delay.o
LOAD Util/fat_fs/option/ccsbcs.o
LOAD Util/fat_fs/src/fattime.o
LOAD Util/fat_fs/src/ff.o
LOAD Util/fat_fs/src/rtc.o
LOAD Util/fat_fs/src/sd_spi_stm32.o
LOAD Util/rprintf.o
LOAD adc.o
LOAD dma.o
LOAD gpio.o
LOAD i2c_int.o
LOAD interrupts.o
LOAD lib/CMSIS_CM3/core_cm3.o
LOAD lib/CMSIS_CM3/startup/gcc/startup_stm32f10x_md.o
LOAD lib/CMSIS_CM3/system_stm32f10x.o
LOAD pwm.o
LOAD pwr.o
LOAD usart.o
LOAD watchdog.o
LOAD lib/STM32F10x_StdPeriph_Driver/libstm32fw.a
LOAD lib/STM32_USB-FS-Device_Driver/libstm32usb.a
LOAD /home/laurence/ARM-GCC/bin/../lib/gcc/arm-none-eabi/4.7.4/../../../../arm-none-eabi/lib/armv7-m/libm.a
LOAD /home/laurence/ARM-GCC/bin/../lib/gcc/arm-none-eabi/4.7.4/../../../../arm-none-eabi/lib/armv7-m/libnosys.a
START GROUP
LOAD /home/laurence/ARM-GCC/bin/../lib/gcc/arm-none-eabi/4.7.4/armv7-m/libgcc.a
LOAD /home/laurence/ARM-GCC/bin/../lib/gcc/arm-none-eabi/4.7.4/../../../../arm-none-eabi/lib/armv7-m/libc.a
END GROUP
LOAD /home/laurence/ARM-GCC/bin/../lib/gcc/arm-none-eabi/4.7.4/armv7-m/crtend.o
LOAD /home/laurence/ARM-GCC/bin/../lib/gcc/arm-none-eabi/4.7.4/armv7-m/crtn.o
                0x00002000                __Stack_Size = 0x2000
                0x00002000                PROVIDE (_Stack_Size, __Stack_Size)
                0x20003000                __Stack_Init = (_estack - __Stack_Size)
                0x20003000                PROVIDE (_Stack_Init, __Stack_Init)
                0x00002000                _Minimum_Stack_Size = 0x2000
                0x00000000                PROVIDE (Undefined_Handler, 0x0)
                0x00000000                PROVIDE (SWI_Handler, 0x0)
                0x00000000                PROVIDE (IRQ_Handler, 0x0)
                0x00000000                PROVIDE (Prefetch_Handler, 0x0)
                0x00000000                PROVIDE (Abort_Handler, 0x0)
                0x00000000                PROVIDE (FIQ_Handler, 0x0)
                0x00000000                PROVIDE (NMIException, 0x0)
                0x00000000                PROVIDE (NMI_Handler, 0x0)
                0x00000000                PROVIDE (HardFaultException, 0x0)
                0x00000000                PROVIDE (HardFault_Handler, 0x0)
                0x00000000                PROVIDE (MemManageException, 0x0)
                0x00000000                PROVIDE (MemManage_Handler, 0x0)
                0x00000000                PROVIDE (BusFaultException, 0x0)
                0x00000000                PROVIDE (BusFault_Handler, 0x0)
                0x00000000                PROVIDE (UsageFaultException, 0x0)
                0x00000000                PROVIDE (UsageFault_Handler, 0x0)
                0x00000000                PROVIDE (SVCHandler, 0x0)
                0x00000000                PROVIDE (SVC_Handler, 0x0)
                0x00000000                PROVIDE (DebugMonitor, 0x0)
                0x00000000                PROVIDE (DebugMon_Handler, 0x0)
                0x00000000                PROVIDE (PendSVC, 0x0)
                0x00000000                PROVIDE (PendSV_Handler, 0x0)
                0x00000000                PROVIDE (SysTickHandler, 0x0)
                0x00000000                PROVIDE (SysTick_Handler, 0x0)
                0x00000000                PROVIDE (WWDG_IRQHandler, 0x0)
                0x00000000                PROVIDE (PVD_IRQHandler, 0x0)
                0x00000000                PROVIDE (TAMPER_IRQHandler, 0x0)
                0x00000000                PROVIDE (RTC_IRQHandler, 0x0)
                0x00000000                PROVIDE (FLASH_IRQHandler, 0x0)
                0x00000000                PROVIDE (RCC_IRQHandler, 0x0)
                0x00000000                PROVIDE (EXTI0_IRQHandler, 0x0)
                0x00000000                PROVIDE (EXTI1_IRQHandler, 0x0)
                0x00000000                PROVIDE (EXTI2_IRQHandler, 0x0)
                0x00000000                PROVIDE (EXTI3_IRQHandler, 0x0)
                0x00000000                PROVIDE (EXTI4_IRQHandler, 0x0)
                0x00000000                PROVIDE (DMAChannel1_IRQHandler, 0x0)
                0x00000000                PROVIDE (DMAChannel2_IRQHandler, 0x0)
                0x00000000                PROVIDE (DMAChannel3_IRQHandler, 0x0)
                0x00000000                PROVIDE (DMAChannel4_IRQHandler, 0x0)
                0x00000000                PROVIDE (DMAChannel5_IRQHandler, 0x0)
                0x00000000                PROVIDE (DMAChannel6_IRQHandler, 0x0)
                0x00000000                PROVIDE (DMAChannel7_IRQHandler, 0x0)
                0x00000000                PROVIDE (DMA1_Channel1_IRQHandler, 0x0)
                0x00000000                PROVIDE (DMA1_Channel2_IRQHandler, 0x0)
                0x00000000                PROVIDE (DMA1_Channel3_IRQHandler, 0x0)
                0x00000000                PROVIDE (DMA1_Channel4_IRQHandler, 0x0)
                0x00000000                PROVIDE (DMA1_Channel5_IRQHandler, 0x0)
                0x00000000                PROVIDE (DMA1_Channel6_IRQHandler, 0x0)
                0x00000000                PROVIDE (DMA1_Channel7_IRQHandler, 0x0)
                0x00000000                PROVIDE (ADC_IRQHandler, 0x0)
                0x00000000                PROVIDE (ADC1_2_IRQHandler, 0x0)
                0x00000000                PROVIDE (USB_HP_CAN_TX_IRQHandler, 0x0)
                0x00000000                PROVIDE (USB_HP_CAN1_TX_IRQHandler, 0x0)
                0x00000000                PROVIDE (USB_LP_CAN_RX0_IRQHandler, 0x0)
                0x00000000                PROVIDE (USB_LP_CAN1_RX0_IRQHandler, 0x0)
                0x00000000                PROVIDE (CAN_RX1_IRQHandler, 0x0)
                0x00000000                PROVIDE (CAN1_RX1_IRQHandler, 0x0)
                0x00000000                PROVIDE (CAN_SCE_IRQHandler, 0x0)
                0x00000000                PROVIDE (CAN1_SCE_IRQHandler, 0x0)
                0x00000000                PROVIDE (EXTI9_5_IRQHandler, 0x0)
                0x00000000                PROVIDE (TIM1_BRK_IRQHandler, 0x0)
                0x00000000                PROVIDE (TIM1_UP_IRQHandler, 0x0)
                0x00000000                PROVIDE (TIM1_TRG_COM_IRQHandler, 0x0)
                0x00000000                PROVIDE (TIM1_CC_IRQHandler, 0x0)
                0x00000000                PROVIDE (TIM2_IRQHandler, 0x0)
                0x00000000                PROVIDE (TIM3_IRQHandler, 0x0)
                0x00000000                PROVIDE (TIM4_IRQHandler, 0x0)
                0x00000000                PROVIDE (I2C1_EV_IRQHandler, 0x0)
                0x00000000                PROVIDE (I2C1_ER_IRQHandler, 0x0)
                0x00000000                PROVIDE (I2C2_EV_IRQHandler, 0x0)
                0x00000000                PROVIDE (I2C2_ER_IRQHandler, 0x0)
                0x00000000                PROVIDE (SPI1_IRQHandler, 0x0)
                0x00000000                PROVIDE (SPI2_IRQHandler, 0x0)
                0x00000000                PROVIDE (USART1_IRQHandler, 0x0)
                0x00000000                PROVIDE (USART2_IRQHandler, 0x0)
                0x00000000                PROVIDE (USART3_IRQHandler, 0x0)
                0x00000000                PROVIDE (EXTI15_10_IRQHandler, 0x0)
                0x00000000                PROVIDE (RTCAlarm_IRQHandler, 0x0)
                0x00000000                PROVIDE (USBWakeUp_IRQHandler, 0x0)
                0x00000000                PROVIDE (TIM8_BRK_IRQHandler, 0x0)
                0x00000000                PROVIDE (TIM8_UP_IRQHandler, 0x0)
                0x00000000                PROVIDE (TIM8_TRG_COM_IRQHandler, 0x0)
                0x00000000                PROVIDE (TIM8_CC_IRQHandler, 0x0)
                0x00000000                PROVIDE (ADC3_IRQHandler, 0x0)
                0x00000000                PROVIDE (FSMC_IRQHandler, 0x0)
                0x00000000                PROVIDE (SDIO_IRQHandler, 0x0)
                0x00000000                PROVIDE (TIM5_IRQHandler, 0x0)
                0x00000000                PROVIDE (SPI3_IRQHandler, 0x0)
                0x00000000                PROVIDE (UART4_IRQHandler, 0x0)
                0x00000000                PROVIDE (UART5_IRQHandler, 0x0)
                0x00000000                PROVIDE (TIM6_IRQHandler, 0x0)
                0x00000000                PROVIDE (TIM7_IRQHandler, 0x0)
                0x00000000                PROVIDE (DMA2_Channel1_IRQHandler, 0x0)
                0x00000000                PROVIDE (DMA2_Channel2_IRQHandler, 0x0)
                0x00000000                PROVIDE (DMA2_Channel3_IRQHandler, 0x0)
                0x00000000                PROVIDE (DMA2_Channel4_5_IRQHandler, 0x0)
                0x42000000                PERIPH_BB_BASE = 0x42000000
                0x22000000                SRAM_BB_BASE = 0x22000000
                0x20000000                SRAM_BASE = 0x20000000
                0x40000000                PERIPH_BASE = 0x40000000
                0x40022000                PROVIDE (FLASH_BASE, 0x40022000)
                0x1ffff800                PROVIDE (OB_BASE, 0x1ffff800)
                0x40000000                APB1PERIPH_BASE = PERIPH_BASE
                0x40010000                APB2PERIPH_BASE = (PERIPH_BASE + 0x10000)
                0x40020000                AHBPERIPH_BASE = (PERIPH_BASE + 0x20000)
                0x40000000                PROVIDE (TIM2, (APB1PERIPH_BASE + 0x0))
                0x40000400                PROVIDE (TIM3, (APB1PERIPH_BASE + 0x400))
                0x40000800                PROVIDE (TIM4, (APB1PERIPH_BASE + 0x800))
                0x40002800                PROVIDE (RTC, (APB1PERIPH_BASE + 0x2800))
                0x40002c00                PROVIDE (WWDG, (APB1PERIPH_BASE + 0x2c00))
                0x40003000                PROVIDE (IWDG, (APB1PERIPH_BASE + 0x3000))
                0x40003800                PROVIDE (SPI2, (APB1PERIPH_BASE + 0x3800))
                0x40004400                PROVIDE (USART2, (APB1PERIPH_BASE + 0x4400))
                0x40004800                PROVIDE (USART3, (APB1PERIPH_BASE + 0x4800))
                0x40005400                PROVIDE (I2C1, (APB1PERIPH_BASE + 0x5400))
                0x40005800                PROVIDE (I2C2, (APB1PERIPH_BASE + 0x5800))
                0x40006400                PROVIDE (CAN, (APB1PERIPH_BASE + 0x6400))
                0x40006c00                PROVIDE (BKP, (APB1PERIPH_BASE + 0x6c00))
                0x40007000                PROVIDE (PWR, (APB1PERIPH_BASE + 0x7000))
                0x40010000                PROVIDE (AFIO, (APB2PERIPH_BASE + 0x0))
                0x40010400                PROVIDE (EXTI, (APB2PERIPH_BASE + 0x400))
                0x40010800                PROVIDE (GPIOA, (APB2PERIPH_BASE + 0x800))
                0x40010c00                PROVIDE (GPIOB, (APB2PERIPH_BASE + 0xc00))
                0x40011000                PROVIDE (GPIOC, (APB2PERIPH_BASE + 0x1000))
                0x40011400                PROVIDE (GPIOD, (APB2PERIPH_BASE + 0x1400))
                0x40011800                PROVIDE (GPIOE, (APB2PERIPH_BASE + 0x1800))
                0x40012400                PROVIDE (ADC1, (APB2PERIPH_BASE + 0x2400))
                0x40012800                PROVIDE (ADC2, (APB2PERIPH_BASE + 0x2800))
                0x40012c00                PROVIDE (TIM1, (APB2PERIPH_BASE + 0x2c00))
                0x40013000                PROVIDE (SPI1, (APB2PERIPH_BASE + 0x3000))
                0x40013800                PROVIDE (USART1, (APB2PERIPH_BASE + 0x3800))
                0x40020000                PROVIDE (DMA, (AHBPERIPH_BASE + 0x0))
                0x40020008                PROVIDE (DMA_Channel1, (AHBPERIPH_BASE + 0x8))
                0x4002001c                PROVIDE (DMA_Channel2, (AHBPERIPH_BASE + 0x1c))
                0x40020030                PROVIDE (DMA_Channel3, (AHBPERIPH_BASE + 0x30))
                0x40020044                PROVIDE (DMA_Channel4, (AHBPERIPH_BASE + 0x44))
                0x40020058                PROVIDE (DMA_Channel5, (AHBPERIPH_BASE + 0x58))
                0x4002006c                PROVIDE (DMA_Channel6, (AHBPERIPH_BASE + 0x6c))
                0x40020080                PROVIDE (DMA_Channel7, (AHBPERIPH_BASE + 0x80))
                0x40021000                PROVIDE (RCC, (AHBPERIPH_BASE + 0x1000))
                0xe000e000                SCS_BASE = 0xe000e000
                0xe000e010                PROVIDE (SysTick, (SCS_BASE + 0x10))
                0xe000e100                PROVIDE (NVIC, (SCS_BASE + 0x100))
                0xe000ed00                PROVIDE (SCB, (SCS_BASE + 0xd00))
                0x20005000                PROVIDE (_estack, (ORIGIN (RAM) + 0x5000))

.isr_vector     0x08000000      0x10c
                0x08000000                . = ALIGN (0x4)
 *(.isr_vector)
 .isr_vector    0x08000000      0x10c lib/CMSIS_CM3/startup/gcc/startup_stm32f10x_md.o
                0x08000000                g_pfnVectors
                0x0800010c                . = ALIGN (0x4)

.flash_start    0x00000000        0x0
                0x00000000                . = ALIGN (0x4)
 *(.flash_start)
 *(.flash_start.*)
                0x00000000                . = ALIGN (0x4)

.crp_patch      0x00000000        0x0
                0x00000000                . = ALIGN (0x4)
 *(.crp_patch)
                0x00000000                . = ALIGN (0x4)

.flashtext      0x0800010c        0x0
                0x0800010c                . = ALIGN (0x4)
 *(.flashtext)
                0x0800010c                . = ALIGN (0x4)

.text           0x08000110     0x44cc
                0x08000110                . = ALIGN (0x4)
 *(.text)
 .text          0x08000110      0x370 /home/laurence/ARM-GCC/bin/../lib/gcc/arm-none-eabi/4.7.4/armv7-m/libgcc.a(_arm_addsubdf3.o)
                0x08000110                __aeabi_drsub
                0x08000118                __aeabi_dsub
                0x08000118                __subdf3
                0x0800011c                __adddf3
                0x0800011c                __aeabi_dadd
                0x08000394                __aeabi_ui2d
                0x08000394                __floatunsidf
                0x080003b4                __floatsidf
                0x080003b4                __aeabi_i2d
                0x080003d8                __extendsfdf2
                0x080003d8                __aeabi_f2d
                0x08000414                __aeabi_ul2d
                0x08000414                __floatundidf
                0x08000424                __floatdidf
                0x08000424                __aeabi_l2d
 .text          0x08000480      0x424 /home/laurence/ARM-GCC/bin/../lib/gcc/arm-none-eabi/4.7.4/armv7-m/libgcc.a(_arm_muldivdf3.o)
                0x08000480                __aeabi_dmul
                0x08000480                __muldf3
                0x080006d4                __aeabi_ddiv
                0x080006d4                __divdf3
 .text          0x080008a4       0xa0 /home/laurence/ARM-GCC/bin/../lib/gcc/arm-none-eabi/4.7.4/armv7-m/libgcc.a(_arm_truncdfsf2.o)
                0x080008a4                __aeabi_d2f
                0x080008a4                __truncdfsf2
 .text          0x08000944      0x21c /home/laurence/ARM-GCC/bin/../lib/gcc/arm-none-eabi/4.7.4/armv7-m/libgcc.a(_arm_addsubsf3.o)
                0x08000944                __aeabi_frsub
                0x0800094c                __subsf3
                0x0800094c                __aeabi_fsub
                0x08000950                __aeabi_fadd
                0x08000950                __addsf3
                0x08000ab0                __aeabi_ui2f
                0x08000ab0                __floatunsisf
                0x08000ab8                __aeabi_i2f
                0x08000ab8                __floatsisf
                0x08000ad4                __floatundisf
                0x08000ad4                __aeabi_ul2f
                0x08000ae4                __floatdisf
                0x08000ae4                __aeabi_l2f
 .text          0x08000b60      0x2a0 /home/laurence/ARM-GCC/bin/../lib/gcc/arm-none-eabi/4.7.4/armv7-m/libgcc.a(_arm_muldivsf3.o)
                0x08000b60                __mulsf3
                0x08000b60                __aeabi_fmul
                0x08000cc8                __divsf3
                0x08000cc8                __aeabi_fdiv
 .text          0x08000e00       0xec /home/laurence/ARM-GCC/bin/../lib/gcc/arm-none-eabi/4.7.4/armv7-m/libgcc.a(_arm_cmpsf2.o)
                0x08000e00                __gtsf2
                0x08000e00                __gesf2
                0x08000e08                __lesf2
                0x08000e08                __ltsf2
                0x08000e10                __nesf2
                0x08000e10                __eqsf2
                0x08000e10                __cmpsf2
                0x08000e70                __aeabi_cfrcmple
                0x08000e78                __aeabi_cfcmple
                0x08000e78                __aeabi_cfcmpeq
                0x08000e88                __aeabi_fcmpeq
                0x08000e9c                __aeabi_fcmplt
                0x08000eb0                __aeabi_fcmple
                0x08000ec4                __aeabi_fcmpge
                0x08000ed8                __aeabi_fcmpgt
 .text          0x08000eec       0x40 /home/laurence/ARM-GCC/bin/../lib/gcc/arm-none-eabi/4.7.4/armv7-m/libgcc.a(_arm_fixunssfsi.o)
                0x08000eec                __aeabi_f2uiz
                0x08000eec                __fixunssfsi
 *(.text.*)
 .text.MASS_Data_Setup.4099
                0x08000f2c       0x38 /tmp/ccxYykpa.ltrans0.ltrans.o
 .text.SCSI_Address_Management.4090
                0x08000f64       0x74 /tmp/ccxYykpa.ltrans0.ltrans.o
 .text.Mass_Storage_ClearFeature.4108
                0x08000fd8       0x18 /tmp/ccxYykpa.ltrans0.ltrans.o
 .text.MASS_init.4128
                0x08000ff0       0x70 /tmp/ccxYykpa.ltrans0.ltrans.o
 .text.Read_Memory.4140
                0x08001060      0x1a4 /tmp/ccxYykpa.ltrans0.ltrans.o
 .text.SCSI_Write10_Cmd
                0x08001204      0x1e4 /tmp/ccxYykpa.ltrans0.ltrans.o
                0x08001204                SCSI_Write10_Cmd
 .text.SCSI_Invalid_Cmd
                0x080013e8       0x3c /tmp/ccxYykpa.ltrans0.ltrans.o
                0x080013e8                SCSI_Invalid_Cmd
 .text.SCSI_Read10_Cmd
                0x08001424       0x6c /tmp/ccxYykpa.ltrans0.ltrans.o
                0x08001424                SCSI_Read10_Cmd
 .text.EP1_IN_Callback.4076
                0x08001490       0x5c /tmp/ccxYykpa.ltrans0.ltrans.o
 .text.si446x_spi_state_machine.constprop.9
                0x080014ec      0x1fc /tmp/ccxYykpa.ltrans0.ltrans.o
                0x080014ec                si446x_spi_state_machine.constprop.9
 .text.si446x_state_machine
                0x080016e8      0x21c /tmp/ccxYykpa.ltrans0.ltrans.o
                0x080016e8                si446x_state_machine
 .text.Pop_From_Buffer.constprop.8
                0x08001904       0x24 /tmp/ccxYykpa.ltrans0.ltrans.o
                0x08001904                Pop_From_Buffer.constprop.8
 .text.EP2_OUT_Callback.4036
                0x08001928      0x310 /tmp/ccxYykpa.ltrans1.ltrans.o
 .text.I2C1_EV_IRQHandler
                0x08001c38      0x4b4 /tmp/ccxYykpa.ltrans1.ltrans.o
                0x08001c38                I2C1_EV_IRQHandler
 .text.EXTI15_10_IRQHandler
                0x080020ec       0x34 /tmp/ccxYykpa.ltrans1.ltrans.o
                0x080020ec                EXTI15_10_IRQHandler
 .text.DMA1_Channel4_IRQHandler
                0x08002120       0x30 /tmp/ccxYykpa.ltrans1.ltrans.o
                0x08002120                DMA1_Channel4_IRQHandler
 .text.DMA1_Channel5_IRQHandler
                0x08002150       0x30 /tmp/ccxYykpa.ltrans1.ltrans.o
                0x08002150                DMA1_Channel5_IRQHandler
 .text.EXTI0_IRQHandler
                0x08002180       0x34 /tmp/ccxYykpa.ltrans1.ltrans.o
                0x08002180                EXTI0_IRQHandler
 .text.USART3_IRQHandler
                0x080021b4       0x74 /tmp/ccxYykpa.ltrans1.ltrans.o
                0x080021b4                USART3_IRQHandler
 .text.Resume_Init.4127
                0x08002228       0x30 /tmp/ccxYykpa.ltrans2.ltrans.o
 .text.Resume.4122
                0x08002258       0x88 /tmp/ccxYykpa.ltrans2.ltrans.o
 .text.Get_Max_Lun
                0x080022e0       0x18 /tmp/ccxYykpa.ltrans2.ltrans.o
                0x080022e0                Get_Max_Lun
 .text.MASS_Get_Interface_Setting
                0x080022f8        0xc /tmp/ccxYykpa.ltrans2.ltrans.o
                0x080022f8                MASS_Get_Interface_Setting
 .text.MASS_Status_Out
                0x08002304        0x2 /tmp/ccxYykpa.ltrans2.ltrans.o
                0x08002304                MASS_Status_Out
 .text.MASS_Status_In
                0x08002306        0x2 /tmp/ccxYykpa.ltrans2.ltrans.o
                0x08002306                MASS_Status_In
 .text.Mass_Storage_SetDeviceAddress
                0x08002308        0xc /tmp/ccxYykpa.ltrans2.ltrans.o
                0x08002308                Mass_Storage_SetDeviceAddress
 .text.stm32_dma_transfer.5573.4075
                0x08002314       0xc8 /tmp/ccxYykpa.ltrans2.ltrans.o
 .text.MASS_Reset
                0x080023dc       0xe0 /tmp/ccxYykpa.ltrans2.ltrans.o
                0x080023dc                MASS_Reset
 .text.Mass_Storage_SetConfiguration
                0x080024bc       0x30 /tmp/ccxYykpa.ltrans2.ltrans.o
                0x080024bc                Mass_Storage_SetConfiguration
 .text.MASS_NoData_Setup
                0x080024ec       0x4c /tmp/ccxYykpa.ltrans2.ltrans.o
                0x080024ec                MASS_NoData_Setup
 .text.MASS_GetDeviceDescriptor
                0x08002538        0xc /tmp/ccxYykpa.ltrans2.ltrans.o
                0x08002538                MASS_GetDeviceDescriptor
 .text.MASS_GetConfigDescriptor
                0x08002544        0xc /tmp/ccxYykpa.ltrans2.ltrans.o
                0x08002544                MASS_GetConfigDescriptor
 .text.MASS_GetStringDescriptor
                0x08002550       0x20 /tmp/ccxYykpa.ltrans2.ltrans.o
                0x08002550                MASS_GetStringDescriptor
 .text.Delay.constprop.1
                0x08002570        0xa /tmp/ccxYykpa.ltrans2.ltrans.o
                0x08002570                Delay.constprop.1
 *fill*         0x0800257a        0x2 00
 .text.ReadADC1_noblock.constprop.0
                0x0800257c       0x20 /tmp/ccxYykpa.ltrans2.ltrans.o
                0x0800257c                ReadADC1_noblock.constprop.0
 .text.I2C1_Request_Job
                0x0800259c       0x58 /tmp/ccxYykpa.ltrans2.ltrans.o
                0x0800259c                I2C1_Request_Job
 .text.stm32_spi_rw.5562
                0x080025f4       0x24 /tmp/ccxYykpa.ltrans2.ltrans.o
                0x080025f4                stm32_spi_rw.5562
 .text.rcvr_spi.5565.4083
                0x08002618        0x6 /tmp/ccxYykpa.ltrans2.ltrans.o
 *fill*         0x0800261e        0x2 00
 .text.release_spi
                0x08002620       0x18 /tmp/ccxYykpa.ltrans2.ltrans.o
                0x08002620                release_spi
 .text.rcvr_datablock
                0x08002638       0x54 /tmp/ccxYykpa.ltrans2.ltrans.o
                0x08002638                rcvr_datablock
 .text.xmit_datablock.part.1.5578
                0x0800268c       0x2c /tmp/ccxYykpa.ltrans2.ltrans.o
                0x0800268c                xmit_datablock.part.1.5578
 .text.wait_ready.5567
                0x080026b8       0x24 /tmp/ccxYykpa.ltrans2.ltrans.o
                0x080026b8                wait_ready.5567
 .text.send_cmd.5569
                0x080026dc       0x90 /tmp/ccxYykpa.ltrans2.ltrans.o
                0x080026dc                send_cmd.5569
 .text.MAL_GetStatus
                0x0800276c       0xc4 /tmp/ccxYykpa.ltrans2.ltrans.o
                0x0800276c                MAL_GetStatus
 .text.disk_timerproc
                0x08002830       0x40 /tmp/ccxYykpa.ltrans2.ltrans.o
                0x08002830                disk_timerproc
 .text.Add_To_Buffer
                0x08002870       0x48 /tmp/ccxYykpa.ltrans2.ltrans.o
                0x08002870                Add_To_Buffer
 .text.Bot_Abort.part.2.4578
                0x080028b8       0x18 /tmp/ccxYykpa.ltrans2.ltrans.o
                0x080028b8                Bot_Abort.part.2.4578
 .text.USB_Istr
                0x080028d0      0x10c /tmp/ccxYykpa.ltrans2.ltrans.o
                0x080028d0                USB_Istr
 .text.Set_CSW  0x080029dc       0x3c /tmp/ccxYykpa.ltrans2.ltrans.o
                0x080029dc                Set_CSW
 .text.Transfer_Data_Request
                0x08002a18       0x34 /tmp/ccxYykpa.ltrans2.ltrans.o
                0x08002a18                Transfer_Data_Request
 .text.IntToUnicode.4361
                0x08002a4c       0x2a /tmp/ccxYykpa.ltrans2.ltrans.o
                0x08002a4c                IntToUnicode.4361
 *fill*         0x08002a76        0x2 00
 .text.USART1_IRQHandler
                0x08002a78       0x34 /tmp/ccxYykpa.ltrans3.ltrans.o
                0x08002a78                USART1_IRQHandler
 .text.USB_LP_CAN1_RX0_IRQHandler
                0x08002aac        0x4 /tmp/ccxYykpa.ltrans3.ltrans.o
                0x08002aac                USB_LP_CAN1_RX0_IRQHandler
 .text.USB_HP_CAN1_TX_IRQHandler
                0x08002ab0        0x4 /tmp/ccxYykpa.ltrans3.ltrans.o
                0x08002ab0                USB_HP_CAN1_TX_IRQHandler
 *fill*         0x08002ab4        0x4 00
 .text.SysTick_Handler
                0x08002ab8      0x398 /tmp/ccxYykpa.ltrans3.ltrans.o
                0x08002ab8                SysTick_Handler
 .text.ADC1_2_IRQHandler
                0x08002e50       0x6c /tmp/ccxYykpa.ltrans3.ltrans.o
                0x08002e50                ADC1_2_IRQHandler
 .text.I2C1_ER_IRQHandler
                0x08002ebc      0x214 /tmp/ccxYykpa.ltrans3.ltrans.o
                0x08002ebc                I2C1_ER_IRQHandler
 .text.Reset_Handler
                0x080030d0       0x48 lib/CMSIS_CM3/startup/gcc/startup_stm32f10x_md.o
                0x080030d0                Reset_Handler
 .text.Default_Handler
                0x08003118        0x4 lib/CMSIS_CM3/startup/gcc/startup_stm32f10x_md.o
                0x08003118                EXTI2_IRQHandler
                0x08003118                DebugMon_Handler
                0x08003118                TIM1_CC_IRQHandler
                0x08003118                HardFault_Handler
                0x08003118                PVD_IRQHandler
                0x08003118                PendSV_Handler
                0x08003118                NMI_Handler
                0x08003118                EXTI3_IRQHandler
                0x08003118                I2C2_EV_IRQHandler
                0x08003118                UsageFault_Handler
                0x08003118                SPI1_IRQHandler
                0x08003118                TAMPER_IRQHandler
                0x08003118                RTC_IRQHandler
                0x08003118                DMA1_Channel7_IRQHandler
                0x08003118                CAN1_RX1_IRQHandler
                0x08003118                TIM4_IRQHandler
                0x08003118                DMA1_Channel6_IRQHandler
                0x08003118                TIM3_IRQHandler
                0x08003118                RCC_IRQHandler
                0x08003118                TIM1_TRG_COM_IRQHandler
                0x08003118                DMA1_Channel1_IRQHandler
                0x08003118                Default_Handler
                0x08003118                EXTI9_5_IRQHandler
                0x08003118                SPI2_IRQHandler
                0x08003118                MemManage_Handler
                0x08003118                SVC_Handler
                0x08003118                EXTI4_IRQHandler
                0x08003118                DMA1_Channel3_IRQHandler
                0x08003118                TIM1_UP_IRQHandler
                0x08003118                WWDG_IRQHandler
                0x08003118                TIM2_IRQHandler
                0x08003118                TIM1_BRK_IRQHandler
                0x08003118                EXTI1_IRQHandler
                0x08003118                RTCAlarm_IRQHandler
                0x08003118                USART2_IRQHandler
                0x08003118                I2C2_ER_IRQHandler
                0x08003118                DMA1_Channel2_IRQHandler
                0x08003118                CAN1_SCE_IRQHandler
                0x08003118                FLASH_IRQHandler
                0x08003118                BusFault_Handler
                0x08003118                USBWakeUp_IRQHandler
 .text.ADC_SoftwareStartConvCmd
                0x0800311c       0x12 lib/STM32F10x_StdPeriph_Driver/libstm32fw.a(stm32f10x_adc.o)
                0x0800311c                ADC_SoftwareStartConvCmd
 .text.ADC_RegularChannelConfig
                0x0800312e       0x9a lib/STM32F10x_StdPeriph_Driver/libstm32fw.a(stm32f10x_adc.o)
                0x0800312e                ADC_RegularChannelConfig
 .text.ADC_GetConversionValue
                0x080031c8        0x6 lib/STM32F10x_StdPeriph_Driver/libstm32fw.a(stm32f10x_adc.o)
                0x080031c8                ADC_GetConversionValue
 .text.ADC_SoftwareStartInjectedConvCmd
                0x080031ce       0x12 lib/STM32F10x_StdPeriph_Driver/libstm32fw.a(stm32f10x_adc.o)
                0x080031ce                ADC_SoftwareStartInjectedConvCmd
 .text.ADC_GetInjectedConversionValue
                0x080031e0       0x1a lib/STM32F10x_StdPeriph_Driver/libstm32fw.a(stm32f10x_adc.o)
                0x080031e0                ADC_GetInjectedConversionValue
 .text.ADC_GetFlagStatus
                0x080031fa        0xc lib/STM32F10x_StdPeriph_Driver/libstm32fw.a(stm32f10x_adc.o)
                0x080031fa                ADC_GetFlagStatus
 .text.ADC_ClearFlag
                0x08003206        0x6 lib/STM32F10x_StdPeriph_Driver/libstm32fw.a(stm32f10x_adc.o)
                0x08003206                ADC_ClearFlag
 .text.ADC_GetITStatus
                0x0800320c       0x16 lib/STM32F10x_StdPeriph_Driver/libstm32fw.a(stm32f10x_adc.o)
                0x0800320c                ADC_GetITStatus
 .text.ADC_ClearITPendingBit
                0x08003222        0x8 lib/STM32F10x_StdPeriph_Driver/libstm32fw.a(stm32f10x_adc.o)
                0x08003222                ADC_ClearITPendingBit
 *fill*         0x0800322a        0x2 00
 .text.DMA_DeInit
                0x0800322c       0xec lib/STM32F10x_StdPeriph_Driver/libstm32fw.a(stm32f10x_dma.o)
                0x0800322c                DMA_DeInit
 .text.DMA_Init
                0x08003318       0x40 lib/STM32F10x_StdPeriph_Driver/libstm32fw.a(stm32f10x_dma.o)
                0x08003318                DMA_Init
 .text.DMA_Cmd  0x08003358       0x12 lib/STM32F10x_StdPeriph_Driver/libstm32fw.a(stm32f10x_dma.o)
                0x08003358                DMA_Cmd
 .text.DMA_ITConfig
                0x0800336a       0x10 lib/STM32F10x_StdPeriph_Driver/libstm32fw.a(stm32f10x_dma.o)
                0x0800336a                DMA_ITConfig
 .text.DMA_GetCurrDataCounter
                0x0800337a        0x6 lib/STM32F10x_StdPeriph_Driver/libstm32fw.a(stm32f10x_dma.o)
                0x0800337a                DMA_GetCurrDataCounter
 .text.DMA_GetFlagStatus
                0x08003380       0x1c lib/STM32F10x_StdPeriph_Driver/libstm32fw.a(stm32f10x_dma.o)
                0x08003380                DMA_GetFlagStatus
 .text.DMA_ClearFlag
                0x0800339c       0x14 lib/STM32F10x_StdPeriph_Driver/libstm32fw.a(stm32f10x_dma.o)
                0x0800339c                DMA_ClearFlag
 .text.DMA_GetITStatus
                0x080033b0       0x1c lib/STM32F10x_StdPeriph_Driver/libstm32fw.a(stm32f10x_dma.o)
                0x080033b0                DMA_GetITStatus
 .text.DMA_ClearITPendingBit
                0x080033cc       0x14 lib/STM32F10x_StdPeriph_Driver/libstm32fw.a(stm32f10x_dma.o)
                0x080033cc                DMA_ClearITPendingBit
 .text.EXTI_GetITStatus
                0x080033e0       0x20 lib/STM32F10x_StdPeriph_Driver/libstm32fw.a(stm32f10x_exti.o)
                0x080033e0                EXTI_GetITStatus
 .text.EXTI_ClearITPendingBit
                0x08003400        0xc lib/STM32F10x_StdPeriph_Driver/libstm32fw.a(stm32f10x_exti.o)
                0x08003400                EXTI_ClearITPendingBit
 .text.GPIO_Init
                0x0800340c       0x9a lib/STM32F10x_StdPeriph_Driver/libstm32fw.a(stm32f10x_gpio.o)
                0x0800340c                GPIO_Init
 .text.GPIO_ReadInputDataBit
                0x080034a6        0xc lib/STM32F10x_StdPeriph_Driver/libstm32fw.a(stm32f10x_gpio.o)
                0x080034a6                GPIO_ReadInputDataBit
 .text.GPIO_SetBits
                0x080034b2        0x4 lib/STM32F10x_StdPeriph_Driver/libstm32fw.a(stm32f10x_gpio.o)
                0x080034b2                GPIO_SetBits
 .text.GPIO_ResetBits
                0x080034b6        0x4 lib/STM32F10x_StdPeriph_Driver/libstm32fw.a(stm32f10x_gpio.o)
                0x080034b6                GPIO_ResetBits
 *fill*         0x080034ba        0x2 00
 .text.I2C_DeInit
                0x080034bc       0x34 lib/STM32F10x_StdPeriph_Driver/libstm32fw.a(stm32f10x_i2c.o)
                0x080034bc                I2C_DeInit
 .text.I2C_Init
                0x080034f0       0xd4 lib/STM32F10x_StdPeriph_Driver/libstm32fw.a(stm32f10x_i2c.o)
                0x080034f0                I2C_Init
 .text.I2C_Cmd  0x080035c4       0x18 lib/STM32F10x_StdPeriph_Driver/libstm32fw.a(stm32f10x_i2c.o)
                0x080035c4                I2C_Cmd
 .text.I2C_GenerateSTART
                0x080035dc       0x18 lib/STM32F10x_StdPeriph_Driver/libstm32fw.a(stm32f10x_i2c.o)
                0x080035dc                I2C_GenerateSTART
 .text.I2C_GenerateSTOP
                0x080035f4       0x18 lib/STM32F10x_StdPeriph_Driver/libstm32fw.a(stm32f10x_i2c.o)
                0x080035f4                I2C_GenerateSTOP
 .text.I2C_AcknowledgeConfig
                0x0800360c       0x18 lib/STM32F10x_StdPeriph_Driver/libstm32fw.a(stm32f10x_i2c.o)
                0x0800360c                I2C_AcknowledgeConfig
 .text.I2C_ITConfig
                0x08003624       0x12 lib/STM32F10x_StdPeriph_Driver/libstm32fw.a(stm32f10x_i2c.o)
                0x08003624                I2C_ITConfig
 .text.I2C_SendData
                0x08003636        0x4 lib/STM32F10x_StdPeriph_Driver/libstm32fw.a(stm32f10x_i2c.o)
                0x08003636                I2C_SendData
 .text.I2C_ReceiveData
                0x0800363a        0x6 lib/STM32F10x_StdPeriph_Driver/libstm32fw.a(stm32f10x_i2c.o)
                0x0800363a                I2C_ReceiveData
 .text.I2C_Send7bitAddress
                0x08003640       0x10 lib/STM32F10x_StdPeriph_Driver/libstm32fw.a(stm32f10x_i2c.o)
                0x08003640                I2C_Send7bitAddress
 .text.I2C_SoftwareResetCmd
                0x08003650       0x18 lib/STM32F10x_StdPeriph_Driver/libstm32fw.a(stm32f10x_i2c.o)
                0x08003650                I2C_SoftwareResetCmd
 .text.RCC_GetClocksFreq
                0x08003668       0x9c lib/STM32F10x_StdPeriph_Driver/libstm32fw.a(stm32f10x_rcc.o)
                0x08003668                RCC_GetClocksFreq
 .text.RCC_APB1PeriphClockCmd
                0x08003704       0x18 lib/STM32F10x_StdPeriph_Driver/libstm32fw.a(stm32f10x_rcc.o)
                0x08003704                RCC_APB1PeriphClockCmd
 .text.RCC_APB1PeriphResetCmd
                0x0800371c       0x18 lib/STM32F10x_StdPeriph_Driver/libstm32fw.a(stm32f10x_rcc.o)
                0x0800371c                RCC_APB1PeriphResetCmd
 .text.SPI_Cmd  0x08003734       0x18 lib/STM32F10x_StdPeriph_Driver/libstm32fw.a(stm32f10x_spi.o)
                0x08003734                SPI_Cmd
 .text.SPI_I2S_DMACmd
                0x0800374c       0x12 lib/STM32F10x_StdPeriph_Driver/libstm32fw.a(stm32f10x_spi.o)
                0x0800374c                SPI_I2S_DMACmd
 .text.SPI_I2S_SendData
                0x0800375e        0x4 lib/STM32F10x_StdPeriph_Driver/libstm32fw.a(stm32f10x_spi.o)
                0x0800375e                SPI_I2S_SendData
 .text.SPI_I2S_ReceiveData
                0x08003762        0x6 lib/STM32F10x_StdPeriph_Driver/libstm32fw.a(stm32f10x_spi.o)
                0x08003762                SPI_I2S_ReceiveData
 .text.SPI_I2S_GetFlagStatus
                0x08003768        0xc lib/STM32F10x_StdPeriph_Driver/libstm32fw.a(stm32f10x_spi.o)
                0x08003768                SPI_I2S_GetFlagStatus
 .text.USART_SendData
                0x08003774        0x8 lib/STM32F10x_StdPeriph_Driver/libstm32fw.a(stm32f10x_usart.o)
                0x08003774                USART_SendData
 .text.USART_ReceiveData
                0x0800377c        0x8 lib/STM32F10x_StdPeriph_Driver/libstm32fw.a(stm32f10x_usart.o)
                0x0800377c                USART_ReceiveData
 .text.USART_GetITStatus
                0x08003784       0x40 lib/STM32F10x_StdPeriph_Driver/libstm32fw.a(stm32f10x_usart.o)
                0x08003784                USART_GetITStatus
 .text.USART_ClearITPendingBit
                0x080037c4       0x10 lib/STM32F10x_StdPeriph_Driver/libstm32fw.a(stm32f10x_usart.o)
                0x080037c4                USART_ClearITPendingBit
 .text.Standard_GetConfiguration
                0x080037d4       0x24 lib/STM32_USB-FS-Device_Driver/libstm32usb.a(usb_core.o)
                0x080037d4                Standard_GetConfiguration
 .text.Standard_GetInterface
                0x080037f8       0x24 lib/STM32_USB-FS-Device_Driver/libstm32usb.a(usb_core.o)
                0x080037f8                Standard_GetInterface
 .text.Standard_GetStatus
                0x0800381c       0x9c lib/STM32_USB-FS-Device_Driver/libstm32usb.a(usb_core.o)
                0x0800381c                Standard_GetStatus
 .text.DataStageIn
                0x080038b8       0xa4 lib/STM32_USB-FS-Device_Driver/libstm32usb.a(usb_core.o)
 .text.Standard_SetConfiguration
                0x0800395c       0x38 lib/STM32_USB-FS-Device_Driver/libstm32usb.a(usb_core.o)
                0x0800395c                Standard_SetConfiguration
 .text.Standard_SetInterface
                0x08003994       0x48 lib/STM32_USB-FS-Device_Driver/libstm32usb.a(usb_core.o)
                0x08003994                Standard_SetInterface
 .text.Standard_ClearFeature
                0x080039dc       0xdc lib/STM32_USB-FS-Device_Driver/libstm32usb.a(usb_core.o)
                0x080039dc                Standard_ClearFeature
 .text.Standard_SetEndPointFeature
                0x08003ab8       0x8c lib/STM32_USB-FS-Device_Driver/libstm32usb.a(usb_core.o)
                0x08003ab8                Standard_SetEndPointFeature
 .text.Standard_SetDeviceFeature
                0x08003b44       0x24 lib/STM32_USB-FS-Device_Driver/libstm32usb.a(usb_core.o)
                0x08003b44                Standard_SetDeviceFeature
 .text.Standard_GetDescriptorData
                0x08003b68       0x1c lib/STM32_USB-FS-Device_Driver/libstm32usb.a(usb_core.o)
                0x08003b68                Standard_GetDescriptorData
 .text.Post0_Process
                0x08003b84       0x40 lib/STM32_USB-FS-Device_Driver/libstm32usb.a(usb_core.o)
                0x08003b84                Post0_Process
 .text.Out0_Process
                0x08003bc4       0xd4 lib/STM32_USB-FS-Device_Driver/libstm32usb.a(usb_core.o)
                0x08003bc4                Out0_Process
 .text.Setup0_Process
                0x08003c98      0x2f8 lib/STM32_USB-FS-Device_Driver/libstm32usb.a(usb_core.o)
                0x08003c98                Setup0_Process
 .text.SetDeviceAddress
                0x08003f90       0x40 lib/STM32_USB-FS-Device_Driver/libstm32usb.a(usb_core.o)
                0x08003f90                SetDeviceAddress
 .text.In0_Process
                0x08003fd0       0x60 lib/STM32_USB-FS-Device_Driver/libstm32usb.a(usb_core.o)
                0x08003fd0                In0_Process
 .text.NOP_Process
                0x08004030        0x2 lib/STM32_USB-FS-Device_Driver/libstm32usb.a(usb_core.o)
                0x08004030                NOP_Process
 *fill*         0x08004032        0x2 00
 .text.CTR_LP   0x08004034      0x190 lib/STM32_USB-FS-Device_Driver/libstm32usb.a(usb_int.o)
                0x08004034                CTR_LP
 .text.CTR_HP   0x080041c4       0x74 lib/STM32_USB-FS-Device_Driver/libstm32usb.a(usb_int.o)
                0x080041c4                CTR_HP
 .text.UserToPMABufferCopy
                0x08004238       0x2e lib/STM32_USB-FS-Device_Driver/libstm32usb.a(usb_mem.o)
                0x08004238                UserToPMABufferCopy
 .text.PMAToUserBufferCopy
                0x08004266       0x24 lib/STM32_USB-FS-Device_Driver/libstm32usb.a(usb_mem.o)
                0x08004266                PMAToUserBufferCopy
 *fill*         0x0800428a        0x2 00
 .text.SetBTABLE
                0x0800428c       0x10 lib/STM32_USB-FS-Device_Driver/libstm32usb.a(usb_regs.o)
                0x0800428c                SetBTABLE
 .text.SetEPType
                0x0800429c       0x18 lib/STM32_USB-FS-Device_Driver/libstm32usb.a(usb_regs.o)
                0x0800429c                SetEPType
 .text.SetEPTxStatus
                0x080042b4       0x3a lib/STM32_USB-FS-Device_Driver/libstm32usb.a(usb_regs.o)
                0x080042b4                SetEPTxStatus
 .text.SetEPRxStatus
                0x080042ee       0x3a lib/STM32_USB-FS-Device_Driver/libstm32usb.a(usb_regs.o)
                0x080042ee                SetEPRxStatus
 .text.SetEPRxValid
                0x08004328       0x22 lib/STM32_USB-FS-Device_Driver/libstm32usb.a(usb_regs.o)
                0x08004328                SetEPRxValid
 .text.Clear_Status_Out
                0x0800434a       0x1e lib/STM32_USB-FS-Device_Driver/libstm32usb.a(usb_regs.o)
                0x0800434a                Clear_Status_Out
 .text.ClearDTOG_RX
                0x08004368       0x24 lib/STM32_USB-FS-Device_Driver/libstm32usb.a(usb_regs.o)
                0x08004368                ClearDTOG_RX
 .text.ClearDTOG_TX
                0x0800438c       0x24 lib/STM32_USB-FS-Device_Driver/libstm32usb.a(usb_regs.o)
                0x0800438c                ClearDTOG_TX
 .text.SetEPTxAddr
                0x080043b0       0x20 lib/STM32_USB-FS-Device_Driver/libstm32usb.a(usb_regs.o)
                0x080043b0                SetEPTxAddr
 .text.SetEPRxAddr
                0x080043d0       0x20 lib/STM32_USB-FS-Device_Driver/libstm32usb.a(usb_regs.o)
                0x080043d0                SetEPRxAddr
 .text.GetEPTxAddr
                0x080043f0       0x1c lib/STM32_USB-FS-Device_Driver/libstm32usb.a(usb_regs.o)
                0x080043f0                GetEPTxAddr
 .text.GetEPRxAddr
                0x0800440c       0x1c lib/STM32_USB-FS-Device_Driver/libstm32usb.a(usb_regs.o)
                0x0800440c                GetEPRxAddr
 .text.SetEPTxCount
                0x08004428       0x1c lib/STM32_USB-FS-Device_Driver/libstm32usb.a(usb_regs.o)
                0x08004428                SetEPTxCount
 .text.SetEPRxCount
                0x08004444       0x3c lib/STM32_USB-FS-Device_Driver/libstm32usb.a(usb_regs.o)
                0x08004444                SetEPRxCount
 .text.GetEPRxCount
                0x08004480       0x20 lib/STM32_USB-FS-Device_Driver/libstm32usb.a(usb_regs.o)
                0x08004480                GetEPRxCount
 .text.ByteSwap
                0x080044a0        0xa lib/STM32_USB-FS-Device_Driver/libstm32usb.a(usb_regs.o)
                0x080044a0                ByteSwap
 *fill*         0x080044aa        0x2 00
 .text.USB_SIL_Init
                0x080044ac       0x20 lib/STM32_USB-FS-Device_Driver/libstm32usb.a(usb_sil.o)
                0x080044ac                USB_SIL_Init
 .text.USB_SIL_Write
                0x080044cc       0x28 lib/STM32_USB-FS-Device_Driver/libstm32usb.a(usb_sil.o)
                0x080044cc                USB_SIL_Write
 .text.USB_SIL_Read
                0x080044f4       0x24 lib/STM32_USB-FS-Device_Driver/libstm32usb.a(usb_sil.o)
                0x080044f4                USB_SIL_Read
 *(.rodata)
 .rodata        0x08004518       0x74 /tmp/ccxYykpa.ltrans0.ltrans.o
 .rodata        0x0800458c       0x20 /tmp/ccxYykpa.ltrans2.ltrans.o
 *(.rodata*)
 .rodata.MASS_DeviceDescriptor
                0x080045ac       0x12 /tmp/ccxYykpa.ltrans2.ltrans.o
 .rodata.L3GD20_setup
                0x080045be        0x6 /tmp/ccxYykpa.ltrans3.ltrans.o
 *(.glue_7)
 .glue_7        0x00000000        0x0 linker stubs
 *(.glue_7t)
 .glue_7t       0x00000000        0x0 linker stubs
 *(.init)
 .init          0x080045c4        0x4 /home/laurence/ARM-GCC/bin/../lib/gcc/arm-none-eabi/4.7.4/armv7-m/crti.o
                0x080045c4                _init
 .init          0x080045c8        0x8 /home/laurence/ARM-GCC/bin/../lib/gcc/arm-none-eabi/4.7.4/armv7-m/crtn.o
 *(.fini)
 .fini          0x080045d0        0x4 /home/laurence/ARM-GCC/bin/../lib/gcc/arm-none-eabi/4.7.4/armv7-m/crti.o
                0x080045d0                _fini
 .fini          0x080045d4        0x8 /home/laurence/ARM-GCC/bin/../lib/gcc/arm-none-eabi/4.7.4/armv7-m/crtn.o
                0x080045dc                . = ALIGN (0x4)
                0x080045dc                _etext = .
                0x080045dc                _sidata = _etext

.vfp11_veneer   0x080045dc        0x0
 .vfp11_veneer  0x00000000        0x0 linker stubs

.v4_bx          0x080045dc        0x0
 .v4_bx         0x00000000        0x0 linker stubs

.iplt           0x080045dc        0x0
 .iplt          0x00000000        0x0 /home/laurence/ARM-GCC/bin/../lib/gcc/arm-none-eabi/4.7.4/armv7-m/crtbegin.o

.rel.dyn        0x080045dc        0x0
 .rel.iplt      0x00000000        0x0 /home/laurence/ARM-GCC/bin/../lib/gcc/arm-none-eabi/4.7.4/armv7-m/crtbegin.o

.flashpatch     0x00000000        0x0
                0x00000000                . = ALIGN (0x4)
 *(.flashpatch)
                0x00000000                . = ALIGN (0x4)

.endflash       0x00000000        0x0
                0x00000000                . = ALIGN (0x4)
 *(.endflash)
                0x00000000                . = ALIGN (0x4)
                0x00000000                _e_endflash = .

.data           0x20000000      0x190 load address 0x080045dc
                0x20000000                . = ALIGN (0x4)
                0x20000000                _sdata = .
                0x20000000                _data = .
 *(.data)
 .data          0x20000000       0xb4 /tmp/ccxYykpa.ltrans0.ltrans.o
                0x2000001a                Stat.5704
                0x2000001c                String_Descriptor
                0x20000044                User_Standard_Requests
                0x20000068                Device_Property
                0x20000098                pEpInt_IN
 .data          0x200000b4       0x90 /tmp/ccxYykpa.ltrans1.ltrans.o
                0x200000fc                Scsi_Sense_Data
                0x20000128                pEpInt_OUT
 .data          0x20000144       0x18 /tmp/ccxYykpa.ltrans2.ltrans.o
                0x20000159                Device_Table
 .data          0x2000015c       0x20 /tmp/ccxYykpa.ltrans3.ltrans.o
                0x2000015c                I2C_jobs
 *(.data.*)
 .data.ADCPrescTable
                0x2000017c        0x4 lib/STM32F10x_StdPeriph_Driver/libstm32fw.a(stm32f10x_rcc.o)
 .data.APBAHBPrescTable
                0x20000180       0x10 lib/STM32F10x_StdPeriph_Driver/libstm32fw.a(stm32f10x_rcc.o)
 *(.RAMtext)
                0x20000190                . = ALIGN (0x4)
                0x20000190                _edata = .
                0x0800476c                _eidata = (_sidata + (_edata - _sdata))
                0x08020000                _lastdataromaddress = (ORIGIN (FLASH) + 0x20000)
                0x00000000                toobig = (_eidata > _lastdataromaddress)?!!!!!!!!! FLASH IS FULL !!!!!!!!!:0x0

.igot.plt       0x20000190        0x0 load address 0x0800476c
 .igot.plt      0x00000000        0x0 /home/laurence/ARM-GCC/bin/../lib/gcc/arm-none-eabi/4.7.4/armv7-m/crtbegin.o

.bss            0x20000190      0x1d8 load address 0x0800476c
                0x20000190                . = ALIGN (0x4)
                0x20000190                _sbss = .
                0x20000190                _bss = .
 *(.bss)
 .bss           0x20000190       0x5c /tmp/ccxYykpa.ltrans0.ltrans.o
                0x20000198                Sd_Spi_Called_From_USB_MSC
                0x200001e9                CardType.5705
 .bss           0x200001ec       0xa8 /tmp/ccxYykpa.ltrans1.ltrans.o
                0x200001ec                CBW
                0x2000020c                Bulk_Data_Buff
                0x2000024c                Data_Len
                0x2000024e                Bot_State
                0x20000250                CSW
                0x20000260                SCSI_LBA
                0x20000264                SCSI_BlkLen
                0x20000268                Mass_Block_Count
                0x20000270                Mass_Block_Size
                0x20000283                Silabs_spi_state
                0x20000284                Silabs_driver_state
                0x20000288                Silabs_Tx_Buffer
 .bss           0x20000294       0x1c /tmp/ccxYykpa.ltrans2.ltrans.o
                0x200002ac                wIstr
 .bss           0x200002b0       0x68 /tmp/ccxYykpa.ltrans3.ltrans.o
                0x200002bc                Millis
                0x200002c8                Completed_Jobs
                0x20000310                job
                0x20000314                Jobs
 *(.bss.*)
 .bss.Status    0x20000318        0x4 /tmp/ccxYykpa.ltrans0.ltrans.o
 .bss.bDeviceState
                0x2000031c        0x4 /tmp/ccxYykpa.ltrans0.ltrans.o
                0x2000031c                bDeviceState
 .bss.Max_Lun   0x20000320        0x4 /tmp/ccxYykpa.ltrans1.ltrans.o
                0x20000320                Max_Lun
 .bss.Page00_Inquiry_Data
                0x20000324        0x5 /tmp/ccxYykpa.ltrans1.ltrans.o
 .bss.bIntPackSOF
                0x20000329        0x1 /tmp/ccxYykpa.ltrans2.ltrans.o
 .bss.Data_Mul_MaxPacketSize
                0x2000032a        0x1 lib/STM32_USB-FS-Device_Driver/libstm32usb.a(usb_core.o)
                0x2000032a                Data_Mul_MaxPacketSize
 *(COMMON)
 *fill*         0x2000032b        0x1 00
 COMMON         0x2000032c        0x2 lib/STM32_USB-FS-Device_Driver/libstm32usb.a(usb_core.o)
                0x2000032c                StatusInfo
 *fill*         0x2000032e        0x2 00
 COMMON         0x20000330       0x32 lib/STM32_USB-FS-Device_Driver/libstm32usb.a(usb_init.o)
                0x20000330                SaveState
                0x20000334                pProperty
                0x20000338                EPindex
                0x2000033c                Device_Info
                0x20000358                pUser_Standard_Requests
                0x2000035c                pInformation
                0x20000360                wInterrupt_Mask
 COMMON         0x20000362        0x4 lib/STM32_USB-FS-Device_Driver/libstm32usb.a(usb_int.o)
                0x20000362                SaveRState
                0x20000364                SaveTState
                0x20000368                . = ALIGN (0x4)
 *fill*         0x20000366        0x2 00
                0x20000368                _ebss = .
                0x20000368                PROVIDE (end, _ebss)
                0x20000368                PROVIDE (_end, _ebss)

._usrstack      0x20000368     0x2000 load address 0x08004944
                0x20000368                . = ALIGN (0x4)
                0x20000368                _susrstack = .
                0x20002368                . = (. + _Minimum_Stack_Size)
 *fill*         0x20000368     0x2000 00
                0x20002368                . = ALIGN (0x4)
                0x20002368                _eusrstack = .
                0x20005000                _lastramaddress = (ORIGIN (RAM) + 0x5000)
                0x00000000                toobig = (_eusrstack > _lastramaddress)?!!!!!!!!! RAM IS FULL !!!!!!!!!:0x0

.b1text
 *(.b1text)
 *(.b1rodata)
 *(.b1rodata*)

.eb0text
 *(.eb0text)
 *(.eb0rodata)
 *(.eb0rodata*)

.eb1text
 *(.eb1text)
 *(.eb1rodata)
 *(.eb1rodata*)

.eb2text
 *(.eb2text)
 *(.eb2rodata)
 *(.eb2rodata*)

.eb3text
 *(.eb3text)
 *(.eb3rodata)
 *(.eb3rodata*)
                0x20002368                __exidx_start = .
                0x20002368                __exidx_end = .

/DISCARD/
 libc.a(*)
 libm.a(*)
 libgcc.a(*)

.stab
 *(.stab)

.stabstr
 *(.stabstr)

.stab.excl
 *(.stab.excl)

.stab.exclstr
 *(.stab.exclstr)

.stab.index
 *(.stab.index)

.stab.indexstr
 *(.stab.indexstr)

.comment        0x00000000       0x70
 *(.comment)
 .comment       0x00000000       0x71 /tmp/ccxYykpa.ltrans0.ltrans.o
 .comment       0x00000000       0x71 /tmp/ccxYykpa.ltrans1.ltrans.o
 .comment       0x00000000       0x71 /tmp/ccxYykpa.ltrans2.ltrans.o
 .comment       0x00000000       0x71 /tmp/ccxYykpa.ltrans3.ltrans.o
 .comment       0x00000000       0x70 lib/STM32F10x_StdPeriph_Driver/libstm32fw.a(stm32f10x_adc.o)
                                 0x71 (size before relaxing)
 .comment       0x00000000       0x71 lib/STM32F10x_StdPeriph_Driver/libstm32fw.a(stm32f10x_dma.o)
 .comment       0x00000000       0x71 lib/STM32F10x_StdPeriph_Driver/libstm32fw.a(stm32f10x_exti.o)
 .comment       0x00000000       0x71 lib/STM32F10x_StdPeriph_Driver/libstm32fw.a(stm32f10x_gpio.o)
 .comment       0x00000000       0x71 lib/STM32F10x_StdPeriph_Driver/libstm32fw.a(stm32f10x_i2c.o)
 .comment       0x00000000       0x71 lib/STM32F10x_StdPeriph_Driver/libstm32fw.a(stm32f10x_rcc.o)
 .comment       0x00000000       0x71 lib/STM32F10x_StdPeriph_Driver/libstm32fw.a(stm32f10x_spi.o)
 .comment       0x00000000       0x71 lib/STM32F10x_StdPeriph_Driver/libstm32fw.a(stm32f10x_usart.o)
 .comment       0x00000000       0x71 lib/STM32_USB-FS-Device_Driver/libstm32usb.a(usb_core.o)
 .comment       0x00000000       0x71 lib/STM32_USB-FS-Device_Driver/libstm32usb.a(usb_init.o)
 .comment       0x00000000       0x71 lib/STM32_USB-FS-Device_Driver/libstm32usb.a(usb_int.o)
 .comment       0x00000000       0x71 lib/STM32_USB-FS-Device_Driver/libstm32usb.a(usb_mem.o)
 .comment       0x00000000       0x71 lib/STM32_USB-FS-Device_Driver/libstm32usb.a(usb_regs.o)
 .comment       0x00000000       0x71 lib/STM32_USB-FS-Device_Driver/libstm32usb.a(usb_sil.o)

.ARM.attributes
                0x00000000       0x29
 .ARM.attributes
                0x00000000       0x1d /home/laurence/ARM-GCC/bin/../lib/gcc/arm-none-eabi/4.7.4/armv7-m/crti.o
 .ARM.attributes
                0x0000001d       0x31 /tmp/ccxYykpa.ltrans0.ltrans.o
 .ARM.attributes
                0x0000004e       0x31 /tmp/ccxYykpa.ltrans1.ltrans.o
 .ARM.attributes
                0x0000007f       0x31 /tmp/ccxYykpa.ltrans2.ltrans.o
 .ARM.attributes
                0x000000b0       0x31 /tmp/ccxYykpa.ltrans3.ltrans.o
 .ARM.attributes
                0x000000e1       0x1d /home/laurence/ARM-GCC/bin/../lib/gcc/arm-none-eabi/4.7.4/armv7-m/libgcc.a(_arm_addsubdf3.o)
 .ARM.attributes
                0x000000fe       0x1d /home/laurence/ARM-GCC/bin/../lib/gcc/arm-none-eabi/4.7.4/armv7-m/libgcc.a(_arm_muldivdf3.o)
 .ARM.attributes
                0x0000011b       0x1d /home/laurence/ARM-GCC/bin/../lib/gcc/arm-none-eabi/4.7.4/armv7-m/libgcc.a(_arm_truncdfsf2.o)
 .ARM.attributes
                0x00000138       0x1d /home/laurence/ARM-GCC/bin/../lib/gcc/arm-none-eabi/4.7.4/armv7-m/libgcc.a(_arm_addsubsf3.o)
 .ARM.attributes
                0x00000155       0x1d /home/laurence/ARM-GCC/bin/../lib/gcc/arm-none-eabi/4.7.4/armv7-m/libgcc.a(_arm_muldivsf3.o)
 .ARM.attributes
                0x00000172       0x1d /home/laurence/ARM-GCC/bin/../lib/gcc/arm-none-eabi/4.7.4/armv7-m/libgcc.a(_arm_cmpsf2.o)
 .ARM.attributes
                0x0000018f       0x1d /home/laurence/ARM-GCC/bin/../lib/gcc/arm-none-eabi/4.7.4/armv7-m/libgcc.a(_arm_fixunssfsi.o)
 .ARM.attributes
                0x000001ac       0x21 lib/CMSIS_CM3/startup/gcc/startup_stm32f10x_md.o
 .ARM.attributes
                0x000001cd       0x33 lib/STM32F10x_StdPeriph_Driver/libstm32fw.a(stm32f10x_adc.o)
 .ARM.attributes
                0x00000200       0x33 lib/STM32F10x_StdPeriph_Driver/libstm32fw.a(stm32f10x_dma.o)
 .ARM.attributes
                0x00000233       0x33 lib/STM32F10x_StdPeriph_Driver/libstm32fw.a(stm32f10x_exti.o)
 .ARM.attributes
                0x00000266       0x33 lib/STM32F10x_StdPeriph_Driver/libstm32fw.a(stm32f10x_gpio.o)
 .ARM.attributes
                0x00000299       0x33 lib/STM32F10x_StdPeriph_Driver/libstm32fw.a(stm32f10x_i2c.o)
 .ARM.attributes
                0x000002cc       0x33 lib/STM32F10x_StdPeriph_Driver/libstm32fw.a(stm32f10x_rcc.o)
 .ARM.attributes
                0x000002ff       0x33 lib/STM32F10x_StdPeriph_Driver/libstm32fw.a(stm32f10x_spi.o)
 .ARM.attributes
                0x00000332       0x33 lib/STM32F10x_StdPeriph_Driver/libstm32fw.a(stm32f10x_usart.o)
 .ARM.attributes
                0x00000365       0x33 lib/STM32_USB-FS-Device_Driver/libstm32usb.a(usb_core.o)
 .ARM.attributes
                0x00000398       0x33 lib/STM32_USB-FS-Device_Driver/libstm32usb.a(usb_init.o)
 .ARM.attributes
                0x000003cb       0x33 lib/STM32_USB-FS-Device_Driver/libstm32usb.a(usb_int.o)
 .ARM.attributes
                0x000003fe       0x33 lib/STM32_USB-FS-Device_Driver/libstm32usb.a(usb_mem.o)
 .ARM.attributes
                0x00000431       0x33 lib/STM32_USB-FS-Device_Driver/libstm32usb.a(usb_regs.o)
 .ARM.attributes
                0x00000464       0x33 lib/STM32_USB-FS-Device_Driver/libstm32usb.a(usb_sil.o)
 .ARM.attributes
                0x00000497       0x1d /home/laurence/ARM-GCC/bin/../lib/gcc/arm-none-eabi/4.7.4/armv7-m/crtn.o

.debug
 *(.debug)

.line
 *(.line)

.debug_srcinfo
 *(.debug_srcinfo)

.debug_sfnames
 *(.debug_sfnames)

.debug_aranges
 *(.debug_aranges)

.debug_pubnames
 *(.debug_pubnames)

.debug_info
 *(.debug_info .gnu.linkonce.wi.*)

.debug_abbrev
 *(.debug_abbrev)

.debug_line
 *(.debug_line)

.debug_frame
 *(.debug_frame)

.debug_str
 *(.debug_str)

.debug_loc
 *(.debug_loc)

.debug_macinfo
 *(.debug_macinfo)

.debug_weaknames
 *(.debug_weaknames)

.debug_funcnames
 *(.debug_funcnames)

.debug_typenames
 *(.debug_typenames)

.debug_varnames
 *(.debug_varnames)
OUTPUT(main.elf elf32-littlearm)

Cross Reference Table

Symbol                                            File
ADC1_2_IRQHandler                                 /tmp/ccxYykpa.ltrans3.ltrans.o
                                                  lib/CMSIS_CM3/startup/gcc/startup_stm32f10x_md.o
ADC_AnalogWatchdogCmd                             lib/STM32F10x_StdPeriph_Driver/libstm32fw.a(stm32f10x_adc.o)
ADC_AnalogWatchdogSingleChannelConfig             lib/STM32F10x_StdPeriph_Driver/libstm32fw.a(stm32f10x_adc.o)
ADC_AnalogWatchdogThresholdsConfig                lib/STM32F10x_StdPeriph_Driver/libstm32fw.a(stm32f10x_adc.o)
ADC_AutoInjectedConvCmd                           lib/STM32F10x_StdPeriph_Driver/libstm32fw.a(stm32f10x_adc.o)
ADC_ClearFlag                                     lib/STM32F10x_StdPeriph_Driver/libstm32fw.a(stm32f10x_adc.o)
                                                  /tmp/ccxYykpa.ltrans3.ltrans.o
ADC_ClearITPendingBit                             lib/STM32F10x_StdPeriph_Driver/libstm32fw.a(stm32f10x_adc.o)
                                                  /tmp/ccxYykpa.ltrans3.ltrans.o
ADC_Cmd                                           lib/STM32F10x_StdPeriph_Driver/libstm32fw.a(stm32f10x_adc.o)
ADC_DMACmd                                        lib/STM32F10x_StdPeriph_Driver/libstm32fw.a(stm32f10x_adc.o)
ADC_DeInit                                        lib/STM32F10x_StdPeriph_Driver/libstm32fw.a(stm32f10x_adc.o)
ADC_DiscModeChannelCountConfig                    lib/STM32F10x_StdPeriph_Driver/libstm32fw.a(stm32f10x_adc.o)
ADC_DiscModeCmd                                   lib/STM32F10x_StdPeriph_Driver/libstm32fw.a(stm32f10x_adc.o)
ADC_ExternalTrigConvCmd                           lib/STM32F10x_StdPeriph_Driver/libstm32fw.a(stm32f10x_adc.o)
ADC_ExternalTrigInjectedConvCmd                   lib/STM32F10x_StdPeriph_Driver/libstm32fw.a(stm32f10x_adc.o)
ADC_ExternalTrigInjectedConvConfig                lib/STM32F10x_StdPeriph_Driver/libstm32fw.a(stm32f10x_adc.o)
ADC_GetCalibrationStatus                          lib/STM32F10x_StdPeriph_Driver/libstm32fw.a(stm32f10x_adc.o)
ADC_GetConversionValue                            lib/STM32F10x_StdPeriph_Driver/libstm32fw.a(stm32f10x_adc.o)
                                                  /tmp/ccxYykpa.ltrans3.ltrans.o
ADC_GetDualModeConversionValue                    lib/STM32F10x_StdPeriph_Driver/libstm32fw.a(stm32f10x_adc.o)
ADC_GetFlagStatus                                 lib/STM32F10x_StdPeriph_Driver/libstm32fw.a(stm32f10x_adc.o)
                                                  /tmp/ccxYykpa.ltrans3.ltrans.o
ADC_GetITStatus                                   lib/STM32F10x_StdPeriph_Driver/libstm32fw.a(stm32f10x_adc.o)
                                                  /tmp/ccxYykpa.ltrans3.ltrans.o
ADC_GetInjectedConversionValue                    lib/STM32F10x_StdPeriph_Driver/libstm32fw.a(stm32f10x_adc.o)
                                                  /tmp/ccxYykpa.ltrans3.ltrans.o
ADC_GetResetCalibrationStatus                     lib/STM32F10x_StdPeriph_Driver/libstm32fw.a(stm32f10x_adc.o)
ADC_GetSoftwareStartConvStatus                    lib/STM32F10x_StdPeriph_Driver/libstm32fw.a(stm32f10x_adc.o)
ADC_GetSoftwareStartInjectedConvCmdStatus         lib/STM32F10x_StdPeriph_Driver/libstm32fw.a(stm32f10x_adc.o)
ADC_ITConfig                                      lib/STM32F10x_StdPeriph_Driver/libstm32fw.a(stm32f10x_adc.o)
ADC_Init                                          lib/STM32F10x_StdPeriph_Driver/libstm32fw.a(stm32f10x_adc.o)
ADC_InjectedChannelConfig                         lib/STM32F10x_StdPeriph_Driver/libstm32fw.a(stm32f10x_adc.o)
ADC_InjectedDiscModeCmd                           lib/STM32F10x_StdPeriph_Driver/libstm32fw.a(stm32f10x_adc.o)
ADC_InjectedSequencerLengthConfig                 lib/STM32F10x_StdPeriph_Driver/libstm32fw.a(stm32f10x_adc.o)
ADC_RegularChannelConfig                          lib/STM32F10x_StdPeriph_Driver/libstm32fw.a(stm32f10x_adc.o)
                                                  /tmp/ccxYykpa.ltrans2.ltrans.o
ADC_ResetCalibration                              lib/STM32F10x_StdPeriph_Driver/libstm32fw.a(stm32f10x_adc.o)
ADC_SetInjectedOffset                             lib/STM32F10x_StdPeriph_Driver/libstm32fw.a(stm32f10x_adc.o)
ADC_SoftwareStartConvCmd                          lib/STM32F10x_StdPeriph_Driver/libstm32fw.a(stm32f10x_adc.o)
                                                  /tmp/ccxYykpa.ltrans2.ltrans.o
ADC_SoftwareStartInjectedConvCmd                  lib/STM32F10x_StdPeriph_Driver/libstm32fw.a(stm32f10x_adc.o)
                                                  /tmp/ccxYykpa.ltrans3.ltrans.o
ADC_StartCalibration                              lib/STM32F10x_StdPeriph_Driver/libstm32fw.a(stm32f10x_adc.o)
ADC_StructInit                                    lib/STM32F10x_StdPeriph_Driver/libstm32fw.a(stm32f10x_adc.o)
ADC_TempSensorVrefintCmd                          lib/STM32F10x_StdPeriph_Driver/libstm32fw.a(stm32f10x_adc.o)
Add_To_Buffer                                     /tmp/ccxYykpa.ltrans2.ltrans.o
                                                  /tmp/ccxYykpa.ltrans3.ltrans.o
                                                  /tmp/ccxYykpa.ltrans0.ltrans.o
BKP_ClearFlag                                     lib/STM32F10x_StdPeriph_Driver/libstm32fw.a(stm32f10x_bkp.o)
BKP_ClearITPendingBit                             lib/STM32F10x_StdPeriph_Driver/libstm32fw.a(stm32f10x_bkp.o)
BKP_DeInit                                        lib/STM32F10x_StdPeriph_Driver/libstm32fw.a(stm32f10x_bkp.o)
BKP_GetFlagStatus                                 lib/STM32F10x_StdPeriph_Driver/libstm32fw.a(stm32f10x_bkp.o)
BKP_GetITStatus                                   lib/STM32F10x_StdPeriph_Driver/libstm32fw.a(stm32f10x_bkp.o)
BKP_ITConfig                                      lib/STM32F10x_StdPeriph_Driver/libstm32fw.a(stm32f10x_bkp.o)
BKP_RTCOutputConfig                               lib/STM32F10x_StdPeriph_Driver/libstm32fw.a(stm32f10x_bkp.o)
BKP_ReadBackupRegister                            lib/STM32F10x_StdPeriph_Driver/libstm32fw.a(stm32f10x_bkp.o)
BKP_SetRTCCalibrationValue                        lib/STM32F10x_StdPeriph_Driver/libstm32fw.a(stm32f10x_bkp.o)
BKP_TamperPinCmd                                  lib/STM32F10x_StdPeriph_Driver/libstm32fw.a(stm32f10x_bkp.o)
BKP_TamperPinLevelConfig                          lib/STM32F10x_StdPeriph_Driver/libstm32fw.a(stm32f10x_bkp.o)
BKP_WriteBackupRegister                           lib/STM32F10x_StdPeriph_Driver/libstm32fw.a(stm32f10x_bkp.o)
Bot_Abort.part.2.4578                             /tmp/ccxYykpa.ltrans2.ltrans.o
                                                  /tmp/ccxYykpa.ltrans1.ltrans.o
                                                  /tmp/ccxYykpa.ltrans0.ltrans.o
Bot_State                                         /tmp/ccxYykpa.ltrans1.ltrans.o
                                                  /tmp/ccxYykpa.ltrans2.ltrans.o
                                                  /tmp/ccxYykpa.ltrans0.ltrans.o
Bulk_Data_Buff                                    /tmp/ccxYykpa.ltrans1.ltrans.o
                                                  /tmp/ccxYykpa.ltrans0.ltrans.o
BusFaultException                                 /tmp/ccxYykpa.ltrans3.ltrans.o
BusFault_Handler                                  lib/CMSIS_CM3/startup/gcc/startup_stm32f10x_md.o
ByteSwap                                          lib/STM32_USB-FS-Device_Driver/libstm32usb.a(usb_regs.o)
                                                  lib/STM32_USB-FS-Device_Driver/libstm32usb.a(usb_core.o)
CAN1_RX1_IRQHandler                               lib/CMSIS_CM3/startup/gcc/startup_stm32f10x_md.o
CAN1_SCE_IRQHandler                               lib/CMSIS_CM3/startup/gcc/startup_stm32f10x_md.o
CBW                                               /tmp/ccxYykpa.ltrans1.ltrans.o
                                                  /tmp/ccxYykpa.ltrans2.ltrans.o
                                                  /tmp/ccxYykpa.ltrans0.ltrans.o
CSW                                               /tmp/ccxYykpa.ltrans1.ltrans.o
                                                  /tmp/ccxYykpa.ltrans2.ltrans.o
                                                  /tmp/ccxYykpa.ltrans0.ltrans.o
CTR_HP                                            lib/STM32_USB-FS-Device_Driver/libstm32usb.a(usb_int.o)
                                                  /tmp/ccxYykpa.ltrans3.ltrans.o
CTR_LP                                            lib/STM32_USB-FS-Device_Driver/libstm32usb.a(usb_int.o)
                                                  /tmp/ccxYykpa.ltrans2.ltrans.o
CardType.5705                                     /tmp/ccxYykpa.ltrans0.ltrans.o
ClearDTOG_RX                                      lib/STM32_USB-FS-Device_Driver/libstm32usb.a(usb_regs.o)
                                                  /tmp/ccxYykpa.ltrans2.ltrans.o
                                                  lib/STM32_USB-FS-Device_Driver/libstm32usb.a(usb_core.o)
ClearDTOG_TX                                      lib/STM32_USB-FS-Device_Driver/libstm32usb.a(usb_regs.o)
                                                  /tmp/ccxYykpa.ltrans2.ltrans.o
                                                  lib/STM32_USB-FS-Device_Driver/libstm32usb.a(usb_core.o)
ClearEPDoubleBuff                                 lib/STM32_USB-FS-Device_Driver/libstm32usb.a(usb_regs.o)
ClearEP_CTR_RX                                    lib/STM32_USB-FS-Device_Driver/libstm32usb.a(usb_regs.o)
ClearEP_CTR_TX                                    lib/STM32_USB-FS-Device_Driver/libstm32usb.a(usb_regs.o)
ClearEP_KIND                                      lib/STM32_USB-FS-Device_Driver/libstm32usb.a(usb_regs.o)
Clear_Status_Out                                  lib/STM32_USB-FS-Device_Driver/libstm32usb.a(usb_regs.o)
                                                  /tmp/ccxYykpa.ltrans2.ltrans.o
Completed_Jobs                                    /tmp/ccxYykpa.ltrans3.ltrans.o
                                                  /tmp/ccxYykpa.ltrans1.ltrans.o
DMA1_Channel1_IRQHandler                          lib/CMSIS_CM3/startup/gcc/startup_stm32f10x_md.o
DMA1_Channel2_IRQHandler                          lib/CMSIS_CM3/startup/gcc/startup_stm32f10x_md.o
DMA1_Channel3_IRQHandler                          lib/CMSIS_CM3/startup/gcc/startup_stm32f10x_md.o
DMA1_Channel4_IRQHandler                          /tmp/ccxYykpa.ltrans1.ltrans.o
                                                  lib/CMSIS_CM3/startup/gcc/startup_stm32f10x_md.o
DMA1_Channel5_IRQHandler                          /tmp/ccxYykpa.ltrans1.ltrans.o
                                                  lib/CMSIS_CM3/startup/gcc/startup_stm32f10x_md.o
DMA1_Channel6_IRQHandler                          lib/CMSIS_CM3/startup/gcc/startup_stm32f10x_md.o
DMA1_Channel7_IRQHandler                          lib/CMSIS_CM3/startup/gcc/startup_stm32f10x_md.o
DMA_ClearFlag                                     lib/STM32F10x_StdPeriph_Driver/libstm32fw.a(stm32f10x_dma.o)
                                                  /tmp/ccxYykpa.ltrans1.ltrans.o
                                                  /tmp/ccxYykpa.ltrans0.ltrans.o
DMA_ClearITPendingBit                             lib/STM32F10x_StdPeriph_Driver/libstm32fw.a(stm32f10x_dma.o)
                                                  /tmp/ccxYykpa.ltrans1.ltrans.o
DMA_Cmd                                           lib/STM32F10x_StdPeriph_Driver/libstm32fw.a(stm32f10x_dma.o)
                                                  /tmp/ccxYykpa.ltrans2.ltrans.o
                                                  /tmp/ccxYykpa.ltrans0.ltrans.o
DMA_DeInit                                        lib/STM32F10x_StdPeriph_Driver/libstm32fw.a(stm32f10x_dma.o)
                                                  /tmp/ccxYykpa.ltrans2.ltrans.o
                                                  /tmp/ccxYykpa.ltrans0.ltrans.o
DMA_GetCurrDataCounter                            lib/STM32F10x_StdPeriph_Driver/libstm32fw.a(stm32f10x_dma.o)
                                                  /tmp/ccxYykpa.ltrans0.ltrans.o
DMA_GetFlagStatus                                 lib/STM32F10x_StdPeriph_Driver/libstm32fw.a(stm32f10x_dma.o)
                                                  /tmp/ccxYykpa.ltrans2.ltrans.o
DMA_GetITStatus                                   lib/STM32F10x_StdPeriph_Driver/libstm32fw.a(stm32f10x_dma.o)
                                                  /tmp/ccxYykpa.ltrans1.ltrans.o
DMA_ITConfig                                      lib/STM32F10x_StdPeriph_Driver/libstm32fw.a(stm32f10x_dma.o)
                                                  /tmp/ccxYykpa.ltrans0.ltrans.o
DMA_Init                                          lib/STM32F10x_StdPeriph_Driver/libstm32fw.a(stm32f10x_dma.o)
                                                  /tmp/ccxYykpa.ltrans2.ltrans.o
                                                  /tmp/ccxYykpa.ltrans0.ltrans.o
DMA_StructInit                                    lib/STM32F10x_StdPeriph_Driver/libstm32fw.a(stm32f10x_dma.o)
Data_Len                                          /tmp/ccxYykpa.ltrans1.ltrans.o
                                                  /tmp/ccxYykpa.ltrans0.ltrans.o
Data_Mul_MaxPacketSize                            lib/STM32_USB-FS-Device_Driver/libstm32usb.a(usb_core.o)
DebugMon_Handler                                  lib/CMSIS_CM3/startup/gcc/startup_stm32f10x_md.o
Default_Handler                                   lib/CMSIS_CM3/startup/gcc/startup_stm32f10x_md.o
Delay.constprop.1                                 /tmp/ccxYykpa.ltrans2.ltrans.o
                                                  /tmp/ccxYykpa.ltrans3.ltrans.o
Device_Info                                       /tmp/ccxYykpa.ltrans2.ltrans.o
                                                  lib/STM32_USB-FS-Device_Driver/libstm32usb.a(usb_init.o)
Device_Property                                   /tmp/ccxYykpa.ltrans0.ltrans.o
                                                  /tmp/ccxYykpa.ltrans2.ltrans.o
                                                  lib/STM32_USB-FS-Device_Driver/libstm32usb.a(usb_init.o)
                                                  lib/STM32_USB-FS-Device_Driver/libstm32usb.a(usb_core.o)
Device_Table                                      /tmp/ccxYykpa.ltrans2.ltrans.o
                                                  lib/STM32_USB-FS-Device_Driver/libstm32usb.a(usb_core.o)
EPindex                                           lib/STM32_USB-FS-Device_Driver/libstm32usb.a(usb_int.o)
                                                  lib/STM32_USB-FS-Device_Driver/libstm32usb.a(usb_init.o)
EXTI0_IRQHandler                                  /tmp/ccxYykpa.ltrans1.ltrans.o
                                                  lib/CMSIS_CM3/startup/gcc/startup_stm32f10x_md.o
EXTI15_10_IRQHandler                              /tmp/ccxYykpa.ltrans1.ltrans.o
                                                  lib/CMSIS_CM3/startup/gcc/startup_stm32f10x_md.o
EXTI1_IRQHandler                                  lib/CMSIS_CM3/startup/gcc/startup_stm32f10x_md.o
EXTI2_IRQHandler                                  lib/CMSIS_CM3/startup/gcc/startup_stm32f10x_md.o
EXTI3_IRQHandler                                  lib/CMSIS_CM3/startup/gcc/startup_stm32f10x_md.o
EXTI4_IRQHandler                                  lib/CMSIS_CM3/startup/gcc/startup_stm32f10x_md.o
EXTI9_5_IRQHandler                                lib/CMSIS_CM3/startup/gcc/startup_stm32f10x_md.o
EXTI_ClearFlag                                    lib/STM32F10x_StdPeriph_Driver/libstm32fw.a(stm32f10x_exti.o)
EXTI_ClearITPendingBit                            lib/STM32F10x_StdPeriph_Driver/libstm32fw.a(stm32f10x_exti.o)
                                                  /tmp/ccxYykpa.ltrans1.ltrans.o
EXTI_DeInit                                       lib/STM32F10x_StdPeriph_Driver/libstm32fw.a(stm32f10x_exti.o)
EXTI_GenerateSWInterrupt                          lib/STM32F10x_StdPeriph_Driver/libstm32fw.a(stm32f10x_exti.o)
EXTI_GetFlagStatus                                lib/STM32F10x_StdPeriph_Driver/libstm32fw.a(stm32f10x_exti.o)
EXTI_GetITStatus                                  lib/STM32F10x_StdPeriph_Driver/libstm32fw.a(stm32f10x_exti.o)
                                                  /tmp/ccxYykpa.ltrans1.ltrans.o
EXTI_Init                                         lib/STM32F10x_StdPeriph_Driver/libstm32fw.a(stm32f10x_exti.o)
EXTI_StructInit                                   lib/STM32F10x_StdPeriph_Driver/libstm32fw.a(stm32f10x_exti.o)
FLASH_IRQHandler                                  lib/CMSIS_CM3/startup/gcc/startup_stm32f10x_md.o
FreeUserBuffer                                    lib/STM32_USB-FS-Device_Driver/libstm32usb.a(usb_regs.o)
GPIO_AFIODeInit                                   lib/STM32F10x_StdPeriph_Driver/libstm32fw.a(stm32f10x_gpio.o)
GPIO_DeInit                                       lib/STM32F10x_StdPeriph_Driver/libstm32fw.a(stm32f10x_gpio.o)
GPIO_ETH_MediaInterfaceConfig                     lib/STM32F10x_StdPeriph_Driver/libstm32fw.a(stm32f10x_gpio.o)
GPIO_EXTILineConfig                               lib/STM32F10x_StdPeriph_Driver/libstm32fw.a(stm32f10x_gpio.o)
GPIO_EventOutputCmd                               lib/STM32F10x_StdPeriph_Driver/libstm32fw.a(stm32f10x_gpio.o)
GPIO_EventOutputConfig                            lib/STM32F10x_StdPeriph_Driver/libstm32fw.a(stm32f10x_gpio.o)
GPIO_Init                                         lib/STM32F10x_StdPeriph_Driver/libstm32fw.a(stm32f10x_gpio.o)
                                                  /tmp/ccxYykpa.ltrans3.ltrans.o
GPIO_PinLockConfig                                lib/STM32F10x_StdPeriph_Driver/libstm32fw.a(stm32f10x_gpio.o)
GPIO_PinRemapConfig                               lib/STM32F10x_StdPeriph_Driver/libstm32fw.a(stm32f10x_gpio.o)
GPIO_ReadInputData                                lib/STM32F10x_StdPeriph_Driver/libstm32fw.a(stm32f10x_gpio.o)
GPIO_ReadInputDataBit                             lib/STM32F10x_StdPeriph_Driver/libstm32fw.a(stm32f10x_gpio.o)
                                                  /tmp/ccxYykpa.ltrans3.ltrans.o
                                                  /tmp/ccxYykpa.ltrans0.ltrans.o
GPIO_ReadOutputData                               lib/STM32F10x_StdPeriph_Driver/libstm32fw.a(stm32f10x_gpio.o)
GPIO_ReadOutputDataBit                            lib/STM32F10x_StdPeriph_Driver/libstm32fw.a(stm32f10x_gpio.o)
GPIO_ResetBits                                    lib/STM32F10x_StdPeriph_Driver/libstm32fw.a(stm32f10x_gpio.o)
                                                  /tmp/ccxYykpa.ltrans3.ltrans.o
                                                  /tmp/ccxYykpa.ltrans2.ltrans.o
GPIO_SetBits                                      lib/STM32F10x_StdPeriph_Driver/libstm32fw.a(stm32f10x_gpio.o)
                                                  /tmp/ccxYykpa.ltrans3.ltrans.o
                                                  /tmp/ccxYykpa.ltrans2.ltrans.o
GPIO_StructInit                                   lib/STM32F10x_StdPeriph_Driver/libstm32fw.a(stm32f10x_gpio.o)
GPIO_Write                                        lib/STM32F10x_StdPeriph_Driver/libstm32fw.a(stm32f10x_gpio.o)
GPIO_WriteBit                                     lib/STM32F10x_StdPeriph_Driver/libstm32fw.a(stm32f10x_gpio.o)
GetBTABLE                                         lib/STM32_USB-FS-Device_Driver/libstm32usb.a(usb_regs.o)
GetCNTR                                           lib/STM32_USB-FS-Device_Driver/libstm32usb.a(usb_regs.o)
GetDADDR                                          lib/STM32_USB-FS-Device_Driver/libstm32usb.a(usb_regs.o)
GetENDPOINT                                       lib/STM32_USB-FS-Device_Driver/libstm32usb.a(usb_regs.o)
GetEPAddress                                      lib/STM32_USB-FS-Device_Driver/libstm32usb.a(usb_regs.o)
GetEPDblBuf0Addr                                  lib/STM32_USB-FS-Device_Driver/libstm32usb.a(usb_regs.o)
GetEPDblBuf0Count                                 lib/STM32_USB-FS-Device_Driver/libstm32usb.a(usb_regs.o)
GetEPDblBuf1Addr                                  lib/STM32_USB-FS-Device_Driver/libstm32usb.a(usb_regs.o)
GetEPDblBuf1Count                                 lib/STM32_USB-FS-Device_Driver/libstm32usb.a(usb_regs.o)
GetEPDblBufDir                                    lib/STM32_USB-FS-Device_Driver/libstm32usb.a(usb_regs.o)
GetEPRxAddr                                       lib/STM32_USB-FS-Device_Driver/libstm32usb.a(usb_regs.o)
                                                  lib/STM32_USB-FS-Device_Driver/libstm32usb.a(usb_sil.o)
                                                  lib/STM32_USB-FS-Device_Driver/libstm32usb.a(usb_core.o)
GetEPRxCount                                      lib/STM32_USB-FS-Device_Driver/libstm32usb.a(usb_regs.o)
                                                  lib/STM32_USB-FS-Device_Driver/libstm32usb.a(usb_sil.o)
GetEPRxStatus                                     lib/STM32_USB-FS-Device_Driver/libstm32usb.a(usb_regs.o)
GetEPTxAddr                                       lib/STM32_USB-FS-Device_Driver/libstm32usb.a(usb_regs.o)
                                                  lib/STM32_USB-FS-Device_Driver/libstm32usb.a(usb_sil.o)
                                                  lib/STM32_USB-FS-Device_Driver/libstm32usb.a(usb_core.o)
GetEPTxCount                                      lib/STM32_USB-FS-Device_Driver/libstm32usb.a(usb_regs.o)
GetEPTxStatus                                     lib/STM32_USB-FS-Device_Driver/libstm32usb.a(usb_regs.o)
GetEPType                                         lib/STM32_USB-FS-Device_Driver/libstm32usb.a(usb_regs.o)
GetFNR                                            lib/STM32_USB-FS-Device_Driver/libstm32usb.a(usb_regs.o)
GetISTR                                           lib/STM32_USB-FS-Device_Driver/libstm32usb.a(usb_regs.o)
GetRxStallStatus                                  lib/STM32_USB-FS-Device_Driver/libstm32usb.a(usb_regs.o)
GetTxStallStatus                                  lib/STM32_USB-FS-Device_Driver/libstm32usb.a(usb_regs.o)
Get_Max_Lun                                       /tmp/ccxYykpa.ltrans2.ltrans.o
                                                  /tmp/ccxYykpa.ltrans0.ltrans.o
HardFaultException                                /tmp/ccxYykpa.ltrans3.ltrans.o
HardFault_Handler                                 lib/CMSIS_CM3/startup/gcc/startup_stm32f10x_md.o
I2C1_ER_IRQHandler                                /tmp/ccxYykpa.ltrans3.ltrans.o
                                                  lib/CMSIS_CM3/startup/gcc/startup_stm32f10x_md.o
I2C1_EV_IRQHandler                                /tmp/ccxYykpa.ltrans1.ltrans.o
                                                  lib/CMSIS_CM3/startup/gcc/startup_stm32f10x_md.o
I2C1_Request_Job                                  /tmp/ccxYykpa.ltrans2.ltrans.o
                                                  /tmp/ccxYykpa.ltrans3.ltrans.o
I2C2_ER_IRQHandler                                lib/CMSIS_CM3/startup/gcc/startup_stm32f10x_md.o
I2C2_EV_IRQHandler                                lib/CMSIS_CM3/startup/gcc/startup_stm32f10x_md.o
I2C_ARPCmd                                        lib/STM32F10x_StdPeriph_Driver/libstm32fw.a(stm32f10x_i2c.o)
I2C_AcknowledgeConfig                             lib/STM32F10x_StdPeriph_Driver/libstm32fw.a(stm32f10x_i2c.o)
                                                  /tmp/ccxYykpa.ltrans1.ltrans.o
I2C_CalculatePEC                                  lib/STM32F10x_StdPeriph_Driver/libstm32fw.a(stm32f10x_i2c.o)
I2C_CheckEvent                                    lib/STM32F10x_StdPeriph_Driver/libstm32fw.a(stm32f10x_i2c.o)
I2C_ClearFlag                                     lib/STM32F10x_StdPeriph_Driver/libstm32fw.a(stm32f10x_i2c.o)
I2C_ClearITPendingBit                             lib/STM32F10x_StdPeriph_Driver/libstm32fw.a(stm32f10x_i2c.o)
I2C_Cmd                                           lib/STM32F10x_StdPeriph_Driver/libstm32fw.a(stm32f10x_i2c.o)
                                                  /tmp/ccxYykpa.ltrans3.ltrans.o
I2C_DMACmd                                        lib/STM32F10x_StdPeriph_Driver/libstm32fw.a(stm32f10x_i2c.o)
I2C_DMALastTransferCmd                            lib/STM32F10x_StdPeriph_Driver/libstm32fw.a(stm32f10x_i2c.o)
I2C_DeInit                                        lib/STM32F10x_StdPeriph_Driver/libstm32fw.a(stm32f10x_i2c.o)
                                                  /tmp/ccxYykpa.ltrans3.ltrans.o
I2C_DualAddressCmd                                lib/STM32F10x_StdPeriph_Driver/libstm32fw.a(stm32f10x_i2c.o)
I2C_FastModeDutyCycleConfig                       lib/STM32F10x_StdPeriph_Driver/libstm32fw.a(stm32f10x_i2c.o)
I2C_GeneralCallCmd                                lib/STM32F10x_StdPeriph_Driver/libstm32fw.a(stm32f10x_i2c.o)
I2C_GenerateSTART                                 lib/STM32F10x_StdPeriph_Driver/libstm32fw.a(stm32f10x_i2c.o)
                                                  /tmp/ccxYykpa.ltrans3.ltrans.o
                                                  /tmp/ccxYykpa.ltrans2.ltrans.o
                                                  /tmp/ccxYykpa.ltrans1.ltrans.o
I2C_GenerateSTOP                                  lib/STM32F10x_StdPeriph_Driver/libstm32fw.a(stm32f10x_i2c.o)
                                                  /tmp/ccxYykpa.ltrans3.ltrans.o
                                                  /tmp/ccxYykpa.ltrans1.ltrans.o
I2C_GetFlagStatus                                 lib/STM32F10x_StdPeriph_Driver/libstm32fw.a(stm32f10x_i2c.o)
I2C_GetITStatus                                   lib/STM32F10x_StdPeriph_Driver/libstm32fw.a(stm32f10x_i2c.o)
I2C_GetLastEvent                                  lib/STM32F10x_StdPeriph_Driver/libstm32fw.a(stm32f10x_i2c.o)
I2C_GetPEC                                        lib/STM32F10x_StdPeriph_Driver/libstm32fw.a(stm32f10x_i2c.o)
I2C_ITConfig                                      lib/STM32F10x_StdPeriph_Driver/libstm32fw.a(stm32f10x_i2c.o)
                                                  /tmp/ccxYykpa.ltrans3.ltrans.o
                                                  /tmp/ccxYykpa.ltrans2.ltrans.o
                                                  /tmp/ccxYykpa.ltrans1.ltrans.o
I2C_Init                                          lib/STM32F10x_StdPeriph_Driver/libstm32fw.a(stm32f10x_i2c.o)
                                                  /tmp/ccxYykpa.ltrans3.ltrans.o
I2C_OwnAddress2Config                             lib/STM32F10x_StdPeriph_Driver/libstm32fw.a(stm32f10x_i2c.o)
I2C_PECPositionConfig                             lib/STM32F10x_StdPeriph_Driver/libstm32fw.a(stm32f10x_i2c.o)
I2C_ReadRegister                                  lib/STM32F10x_StdPeriph_Driver/libstm32fw.a(stm32f10x_i2c.o)
I2C_ReceiveData                                   lib/STM32F10x_StdPeriph_Driver/libstm32fw.a(stm32f10x_i2c.o)
                                                  /tmp/ccxYykpa.ltrans1.ltrans.o
I2C_SMBusAlertConfig                              lib/STM32F10x_StdPeriph_Driver/libstm32fw.a(stm32f10x_i2c.o)
I2C_Send7bitAddress                               lib/STM32F10x_StdPeriph_Driver/libstm32fw.a(stm32f10x_i2c.o)
                                                  /tmp/ccxYykpa.ltrans1.ltrans.o
I2C_SendData                                      lib/STM32F10x_StdPeriph_Driver/libstm32fw.a(stm32f10x_i2c.o)
                                                  /tmp/ccxYykpa.ltrans1.ltrans.o
I2C_SoftwareResetCmd                              lib/STM32F10x_StdPeriph_Driver/libstm32fw.a(stm32f10x_i2c.o)
                                                  /tmp/ccxYykpa.ltrans3.ltrans.o
I2C_StretchClockCmd                               lib/STM32F10x_StdPeriph_Driver/libstm32fw.a(stm32f10x_i2c.o)
I2C_StructInit                                    lib/STM32F10x_StdPeriph_Driver/libstm32fw.a(stm32f10x_i2c.o)
I2C_TransmitPEC                                   lib/STM32F10x_StdPeriph_Driver/libstm32fw.a(stm32f10x_i2c.o)
I2C_jobs                                          /tmp/ccxYykpa.ltrans3.ltrans.o
                                                  /tmp/ccxYykpa.ltrans1.ltrans.o
I2S_Cmd                                           lib/STM32F10x_StdPeriph_Driver/libstm32fw.a(stm32f10x_spi.o)
I2S_Init                                          lib/STM32F10x_StdPeriph_Driver/libstm32fw.a(stm32f10x_spi.o)
I2S_StructInit                                    lib/STM32F10x_StdPeriph_Driver/libstm32fw.a(stm32f10x_spi.o)
IWDG_Enable                                       lib/STM32F10x_StdPeriph_Driver/libstm32fw.a(stm32f10x_iwdg.o)
IWDG_GetFlagStatus                                lib/STM32F10x_StdPeriph_Driver/libstm32fw.a(stm32f10x_iwdg.o)
IWDG_ReloadCounter                                lib/STM32F10x_StdPeriph_Driver/libstm32fw.a(stm32f10x_iwdg.o)
IWDG_SetPrescaler                                 lib/STM32F10x_StdPeriph_Driver/libstm32fw.a(stm32f10x_iwdg.o)
IWDG_SetReload                                    lib/STM32F10x_StdPeriph_Driver/libstm32fw.a(stm32f10x_iwdg.o)
IWDG_WriteAccessCmd                               lib/STM32F10x_StdPeriph_Driver/libstm32fw.a(stm32f10x_iwdg.o)
In0_Process                                       lib/STM32_USB-FS-Device_Driver/libstm32usb.a(usb_core.o)
                                                  lib/STM32_USB-FS-Device_Driver/libstm32usb.a(usb_int.o)
IntToUnicode.4361                                 /tmp/ccxYykpa.ltrans2.ltrans.o
                                                  /tmp/ccxYykpa.ltrans0.ltrans.o
Jobs                                              /tmp/ccxYykpa.ltrans3.ltrans.o
                                                  /tmp/ccxYykpa.ltrans2.ltrans.o
                                                  /tmp/ccxYykpa.ltrans1.ltrans.o
MAL_GetStatus                                     /tmp/ccxYykpa.ltrans2.ltrans.o
                                                  /tmp/ccxYykpa.ltrans1.ltrans.o
MASS_GetConfigDescriptor                          /tmp/ccxYykpa.ltrans2.ltrans.o
                                                  /tmp/ccxYykpa.ltrans0.ltrans.o
MASS_GetDeviceDescriptor                          /tmp/ccxYykpa.ltrans2.ltrans.o
                                                  /tmp/ccxYykpa.ltrans0.ltrans.o
MASS_GetStringDescriptor                          /tmp/ccxYykpa.ltrans2.ltrans.o
                                                  /tmp/ccxYykpa.ltrans0.ltrans.o
MASS_Get_Interface_Setting                        /tmp/ccxYykpa.ltrans2.ltrans.o
                                                  /tmp/ccxYykpa.ltrans0.ltrans.o
MASS_NoData_Setup                                 /tmp/ccxYykpa.ltrans2.ltrans.o
                                                  /tmp/ccxYykpa.ltrans0.ltrans.o
MASS_Reset                                        /tmp/ccxYykpa.ltrans2.ltrans.o
                                                  /tmp/ccxYykpa.ltrans0.ltrans.o
MASS_Status_In                                    /tmp/ccxYykpa.ltrans2.ltrans.o
                                                  /tmp/ccxYykpa.ltrans0.ltrans.o
MASS_Status_Out                                   /tmp/ccxYykpa.ltrans2.ltrans.o
                                                  /tmp/ccxYykpa.ltrans0.ltrans.o
Mass_Block_Count                                  /tmp/ccxYykpa.ltrans1.ltrans.o
                                                  /tmp/ccxYykpa.ltrans2.ltrans.o
                                                  /tmp/ccxYykpa.ltrans0.ltrans.o
Mass_Block_Size                                   /tmp/ccxYykpa.ltrans1.ltrans.o
                                                  /tmp/ccxYykpa.ltrans2.ltrans.o
                                                  /tmp/ccxYykpa.ltrans0.ltrans.o
Mass_Storage_SetConfiguration                     /tmp/ccxYykpa.ltrans2.ltrans.o
                                                  /tmp/ccxYykpa.ltrans0.ltrans.o
Mass_Storage_SetDeviceAddress                     /tmp/ccxYykpa.ltrans2.ltrans.o
                                                  /tmp/ccxYykpa.ltrans0.ltrans.o
Max_Lun                                           /tmp/ccxYykpa.ltrans1.ltrans.o
                                                  /tmp/ccxYykpa.ltrans2.ltrans.o
MemManageException                                /tmp/ccxYykpa.ltrans3.ltrans.o
MemManage_Handler                                 lib/CMSIS_CM3/startup/gcc/startup_stm32f10x_md.o
Millis                                            /tmp/ccxYykpa.ltrans3.ltrans.o
                                                  /tmp/ccxYykpa.ltrans0.ltrans.o
NMIException                                      /tmp/ccxYykpa.ltrans3.ltrans.o
NMI_Handler                                       lib/CMSIS_CM3/startup/gcc/startup_stm32f10x_md.o
NOP_Process                                       lib/STM32_USB-FS-Device_Driver/libstm32usb.a(usb_core.o)
                                                  /tmp/ccxYykpa.ltrans1.ltrans.o
                                                  /tmp/ccxYykpa.ltrans0.ltrans.o
NVIC_Init                                         lib/STM32F10x_StdPeriph_Driver/libstm32fw.a(misc.o)
NVIC_PriorityGroupConfig                          lib/STM32F10x_StdPeriph_Driver/libstm32fw.a(misc.o)
NVIC_SetVectorTable                               lib/STM32F10x_StdPeriph_Driver/libstm32fw.a(misc.o)
NVIC_SystemLPConfig                               lib/STM32F10x_StdPeriph_Driver/libstm32fw.a(misc.o)
Out0_Process                                      lib/STM32_USB-FS-Device_Driver/libstm32usb.a(usb_core.o)
                                                  lib/STM32_USB-FS-Device_Driver/libstm32usb.a(usb_int.o)
PMAToUserBufferCopy                               lib/STM32_USB-FS-Device_Driver/libstm32usb.a(usb_mem.o)
                                                  lib/STM32_USB-FS-Device_Driver/libstm32usb.a(usb_sil.o)
                                                  lib/STM32_USB-FS-Device_Driver/libstm32usb.a(usb_core.o)
PVD_IRQHandler                                    lib/CMSIS_CM3/startup/gcc/startup_stm32f10x_md.o
PWR_BackupAccessCmd                               lib/STM32F10x_StdPeriph_Driver/libstm32fw.a(stm32f10x_pwr.o)
PWR_ClearFlag                                     lib/STM32F10x_StdPeriph_Driver/libstm32fw.a(stm32f10x_pwr.o)
PWR_DeInit                                        lib/STM32F10x_StdPeriph_Driver/libstm32fw.a(stm32f10x_pwr.o)