Archive member included because of file (symbol)

lib/STM32F10x_StdPeriph_Driver/libstm32fw.a(misc.o)
                              interrupts.o (symbol from plugin) (NVIC_PriorityGroupConfig)
lib/STM32F10x_StdPeriph_Driver/libstm32fw.a(stm32f10x_adc.o)
                              adc.o (symbol from plugin) (ADC_DeInit)
lib/STM32F10x_StdPeriph_Driver/libstm32fw.a(stm32f10x_bkp.o)
                              Util/fat_fs/src/rtc.o (symbol from plugin) (BKP_DeInit)
lib/STM32F10x_StdPeriph_Driver/libstm32fw.a(stm32f10x_dbgmcu.o)
                              main.o (symbol from plugin) (DBGMCU_Config)
lib/STM32F10x_StdPeriph_Driver/libstm32fw.a(stm32f10x_dma.o)
                              Silabs/si446x.o (symbol from plugin) (DMA_DeInit)
lib/STM32F10x_StdPeriph_Driver/libstm32fw.a(stm32f10x_exti.o)
                              Silabs/si446x.o (symbol from plugin) (EXTI_DeInit)
lib/STM32F10x_StdPeriph_Driver/libstm32fw.a(stm32f10x_gpio.o)
                              Silabs/si446x.o (symbol from plugin) (GPIO_Init)
lib/STM32F10x_StdPeriph_Driver/libstm32fw.a(stm32f10x_i2c.o)
                              i2c_int.o (symbol from plugin) (I2C_DeInit)
lib/STM32F10x_StdPeriph_Driver/libstm32fw.a(stm32f10x_iwdg.o)
                              watchdog.o (symbol from plugin) (IWDG_WriteAccessCmd)
lib/STM32F10x_StdPeriph_Driver/libstm32fw.a(stm32f10x_pwr.o)
                              pwr.o (symbol from plugin) (PWR_DeInit)
lib/STM32F10x_StdPeriph_Driver/libstm32fw.a(stm32f10x_rcc.o)
                              interrupts.o (symbol from plugin) (RCC_HCLKConfig)
lib/STM32F10x_StdPeriph_Driver/libstm32fw.a(stm32f10x_rtc.o)
                              Util/fat_fs/src/rtc.o (symbol from plugin) (RTC_GetCounter)
lib/STM32F10x_StdPeriph_Driver/libstm32fw.a(stm32f10x_spi.o)
                              Util/fat_fs/src/sd_spi_stm32.o (symbol from plugin) (SPI_I2S_DeInit)
lib/STM32F10x_StdPeriph_Driver/libstm32fw.a(stm32f10x_tim.o)
                              pwm.o (symbol from plugin) (TIM_TimeBaseInit)
lib/STM32F10x_StdPeriph_Driver/libstm32fw.a(stm32f10x_usart.o)
                              usart.o (symbol from plugin) (USART_DeInit)
lib/STM32_USB-FS-Device_Driver/libstm32usb.a(usb_core.o)
                              Util/USB/usb_prop.o (symbol from plugin) (Standard_GetDescriptorData)
lib/STM32_USB-FS-Device_Driver/libstm32usb.a(usb_init.o)
                              main.o (symbol from plugin) (USB_Init)
lib/STM32_USB-FS-Device_Driver/libstm32usb.a(usb_int.o)
                              Util/USB/usb_istr.o (symbol from plugin) (CTR_LP)
lib/STM32_USB-FS-Device_Driver/libstm32usb.a(usb_mem.o)
                              lib/STM32_USB-FS-Device_Driver/libstm32usb.a(usb_core.o) (UserToPMABufferCopy)
lib/STM32_USB-FS-Device_Driver/libstm32usb.a(usb_regs.o)
                              Util/USB/usb_prop.o (symbol from plugin) (SetBTABLE)
lib/STM32_USB-FS-Device_Driver/libstm32usb.a(usb_sil.o)
                              Util/USB/usb_prop.o (symbol from plugin) (USB_SIL_Init)
/home/laurence/ARM-GCC/bin/../lib/gcc/arm-none-eabi/4.7.4/../../../../arm-none-eabi/lib/armv7-m/libc.a(lib_a-__atexit.o)
                              /home/laurence/ARM-GCC/bin/../lib/gcc/arm-none-eabi/4.7.4/../../../../arm-none-eabi/lib/armv7-m/crt0.o (__register_exitproc)
/home/laurence/ARM-GCC/bin/../lib/gcc/arm-none-eabi/4.7.4/../../../../arm-none-eabi/lib/armv7-m/libc.a(lib_a-exit.o)
                              /home/laurence/ARM-GCC/bin/../lib/gcc/arm-none-eabi/4.7.4/../../../../arm-none-eabi/lib/armv7-m/crt0.o (exit)
/home/laurence/ARM-GCC/bin/../lib/gcc/arm-none-eabi/4.7.4/../../../../arm-none-eabi/lib/armv7-m/libc.a(lib_a-fini.o)
                              /home/laurence/ARM-GCC/bin/../lib/gcc/arm-none-eabi/4.7.4/../../../../arm-none-eabi/lib/armv7-m/crt0.o (__libc_fini_array)
/home/laurence/ARM-GCC/bin/../lib/gcc/arm-none-eabi/4.7.4/../../../../arm-none-eabi/lib/armv7-m/libc.a(lib_a-impure.o)
                              /home/laurence/ARM-GCC/bin/../lib/gcc/arm-none-eabi/4.7.4/../../../../arm-none-eabi/lib/armv7-m/libc.a(lib_a-__atexit.o) (_global_impure_ptr)
/home/laurence/ARM-GCC/bin/../lib/gcc/arm-none-eabi/4.7.4/../../../../arm-none-eabi/lib/armv7-m/libc.a(lib_a-init.o)
                              /home/laurence/ARM-GCC/bin/../lib/gcc/arm-none-eabi/4.7.4/../../../../arm-none-eabi/lib/armv7-m/crt0.o (__libc_init_array)
/home/laurence/ARM-GCC/bin/../lib/gcc/arm-none-eabi/4.7.4/../../../../arm-none-eabi/lib/armv7-m/libc.a(lib_a-memset.o)
                              /home/laurence/ARM-GCC/bin/../lib/gcc/arm-none-eabi/4.7.4/../../../../arm-none-eabi/lib/armv7-m/crt0.o (memset)
/home/laurence/ARM-GCC/bin/../lib/gcc/arm-none-eabi/4.7.4/../../../../arm-none-eabi/lib/armv7-m/libc.a(lib_a-__call_atexit.o)
                              /home/laurence/ARM-GCC/bin/../lib/gcc/arm-none-eabi/4.7.4/../../../../arm-none-eabi/lib/armv7-m/libc.a(lib_a-exit.o) (__call_exitprocs)
[...]
Memory Configuration

Name             Origin             Length             Attributes
RAM              0x20000000         0x00005000         xrw
FLASH            0x08000000         0x00020000         xr
FLASHB1          0x00000000         0x00000000         xr
EXTMEMB0         0x00000000         0x00000000         xr
EXTMEMB1         0x00000000         0x00000000         xr
EXTMEMB2         0x00000000         0x00000000         xr
EXTMEMB3         0x00000000         0x00000000         xr
STARTFLASH       0x00000000         0xffffffff
CRPPATCH         0x00000000         0xffffffff
FLASHPATCH       0x00000000         0xffffffff
ENDFLASH         0x00000000         0xffffffff
*default*        0x00000000         0xffffffff

Linker script and memory map

LOAD /home/laurence/ARM-GCC/bin/../lib/gcc/arm-none-eabi/4.7.4/armv7-m/crti.o
LOAD /home/laurence/ARM-GCC/bin/../lib/gcc/arm-none-eabi/4.7.4/armv7-m/crtbegin.o
LOAD /home/laurence/ARM-GCC/bin/../lib/gcc/arm-none-eabi/4.7.4/../../../../arm-none-eabi/lib/armv7-m/crt0.o
LOAD Silabs/si446x.o
LOAD /tmp/ccLOPJZu.ltrans0.ltrans.o
LOAD /tmp/ccLOPJZu.ltrans1.ltrans.o
LOAD /tmp/ccLOPJZu.ltrans2.ltrans.o
LOAD /tmp/ccLOPJZu.ltrans3.ltrans.o
LOAD /tmp/ccLOPJZu.ltrans4.ltrans.o
LOAD /tmp/ccLOPJZu.ltrans5.ltrans.o
LOAD /tmp/ccLOPJZu.ltrans6.ltrans.o
LOAD /tmp/ccLOPJZu.ltrans7.ltrans.o
LOAD /tmp/ccLOPJZu.ltrans8.ltrans.o
LOAD /tmp/ccLOPJZu.ltrans9.ltrans.o
LOAD /home/laurence/ARM-GCC/bin/../lib/gcc/arm-none-eabi/4.7.4/armv7-m/libgcc.a
LOAD /home/laurence/ARM-GCC/bin/../lib/gcc/arm-none-eabi/4.7.4/../../../../arm-none-eabi/lib/armv7-m/libc.a
LOAD Ublox/ubx.o
LOAD Util/USB/hw_config.o
LOAD Util/USB/mass_mal.o
LOAD Util/USB/memory.o
LOAD Util/USB/scsi_data.o
LOAD Util/USB/usb_bot.o
LOAD Util/USB/usb_desc.o
LOAD Util/USB/usb_endp.o
LOAD Util/USB/usb_istr.o
LOAD Util/USB/usb_prop.o
LOAD Util/USB/usb_pwr.o
LOAD Util/USB/usb_scsi.o
LOAD Util/buffer.o
LOAD Util/crc.o
LOAD Util/delay.o
LOAD Util/fat_fs/option/ccsbcs.o
LOAD Util/fat_fs/src/fattime.o
LOAD Util/fat_fs/src/ff.o
LOAD Util/fat_fs/src/rtc.o
LOAD Util/fat_fs/src/sd_spi_stm32.o
LOAD Util/polygon.o
LOAD Util/rprintf.o
LOAD adc.o
LOAD dma.o
LOAD gpio.o
LOAD i2c_int.o
LOAD interrupts.o
LOAD lib/CMSIS_CM3/core_cm3.o
LOAD lib/CMSIS_CM3/startup/gcc/startup_stm32f10x_md.o
LOAD lib/CMSIS_CM3/system_stm32f10x.o
LOAD main.o
LOAD pwm.o
LOAD pwr.o
LOAD usart.o
LOAD watchdog.o
LOAD lib/STM32F10x_StdPeriph_Driver/libstm32fw.a
LOAD lib/STM32_USB-FS-Device_Driver/libstm32usb.a
LOAD /home/laurence/ARM-GCC/bin/../lib/gcc/arm-none-eabi/4.7.4/../../../../arm-none-eabi/lib/armv7-m/libm.a
LOAD /home/laurence/ARM-GCC/bin/../lib/gcc/arm-none-eabi/4.7.4/../../../../arm-none-eabi/lib/armv7-m/libnosys.a
START GROUP
LOAD /home/laurence/ARM-GCC/bin/../lib/gcc/arm-none-eabi/4.7.4/armv7-m/libgcc.a
LOAD /home/laurence/ARM-GCC/bin/../lib/gcc/arm-none-eabi/4.7.4/../../../../arm-none-eabi/lib/armv7-m/libc.a
END GROUP
LOAD /home/laurence/ARM-GCC/bin/../lib/gcc/arm-none-eabi/4.7.4/armv7-m/crtend.o
LOAD /home/laurence/ARM-GCC/bin/../lib/gcc/arm-none-eabi/4.7.4/armv7-m/crtn.o
                0x00002000                __Stack_Size = 0x2000
                0x00002000                PROVIDE (_Stack_Size, __Stack_Size)
                0x20003000                __Stack_Init = (_estack - __Stack_Size)
                0x20003000                PROVIDE (_Stack_Init, __Stack_Init)
                0x00002000                _Minimum_Stack_Size = 0x2000
                0x00000000                PROVIDE (Undefined_Handler, 0x0)
                0x00000000                PROVIDE (SWI_Handler, 0x0)
                0x00000000                PROVIDE (IRQ_Handler, 0x0)
                0x00000000                PROVIDE (Prefetch_Handler, 0x0)
                0x00000000                PROVIDE (Abort_Handler, 0x0)
                0x00000000                PROVIDE (FIQ_Handler, 0x0)
                0x00000000                PROVIDE (NMIException, 0x0)
                0x00000000                PROVIDE (NMI_Handler, 0x0)
                0x00000000                PROVIDE (HardFaultException, 0x0)
                0x00000000                PROVIDE (HardFault_Handler, 0x0)
                0x00000000                PROVIDE (MemManageException, 0x0)
                0x00000000                PROVIDE (MemManage_Handler, 0x0)
                0x00000000                PROVIDE (BusFaultException, 0x0)
                0x00000000                PROVIDE (BusFault_Handler, 0x0)
                0x00000000                PROVIDE (UsageFaultException, 0x0)
                0x00000000                PROVIDE (UsageFault_Handler, 0x0)
                0x00000000                PROVIDE (SVCHandler, 0x0)
                0x00000000                PROVIDE (SVC_Handler, 0x0)
                0x00000000                PROVIDE (DebugMonitor, 0x0)
                0x00000000                PROVIDE (DebugMon_Handler, 0x0)
                0x00000000                PROVIDE (PendSVC, 0x0)
                0x00000000                PROVIDE (PendSV_Handler, 0x0)
                0x00000000                PROVIDE (SysTickHandler, 0x0)
                0x00000000                PROVIDE (SysTick_Handler, 0x0)
                0x00000000                PROVIDE (WWDG_IRQHandler, 0x0)
                0x00000000                PROVIDE (PVD_IRQHandler, 0x0)
                0x00000000                PROVIDE (TAMPER_IRQHandler, 0x0)
                0x00000000                PROVIDE (RTC_IRQHandler, 0x0)
                0x00000000                PROVIDE (FLASH_IRQHandler, 0x0)
                0x00000000                PROVIDE (RCC_IRQHandler, 0x0)
                0x00000000                PROVIDE (EXTI0_IRQHandler, 0x0)
                0x00000000                PROVIDE (EXTI1_IRQHandler, 0x0)
                0x00000000                PROVIDE (EXTI2_IRQHandler, 0x0)
                0x00000000                PROVIDE (EXTI3_IRQHandler, 0x0)
                0x00000000                PROVIDE (EXTI4_IRQHandler, 0x0)
                0x00000000                PROVIDE (DMAChannel1_IRQHandler, 0x0)
                0x00000000                PROVIDE (DMAChannel2_IRQHandler, 0x0)
                0x00000000                PROVIDE (DMAChannel3_IRQHandler, 0x0)
                0x00000000                PROVIDE (DMAChannel4_IRQHandler, 0x0)
                0x00000000                PROVIDE (DMAChannel5_IRQHandler, 0x0)
                0x00000000                PROVIDE (DMAChannel6_IRQHandler, 0x0)
                0x00000000                PROVIDE (DMAChannel7_IRQHandler, 0x0)
                0x00000000                PROVIDE (DMA1_Channel1_IRQHandler, 0x0)
                0x00000000                PROVIDE (DMA1_Channel2_IRQHandler, 0x0)
                0x00000000                PROVIDE (DMA1_Channel3_IRQHandler, 0x0)
                0x00000000                PROVIDE (DMA1_Channel4_IRQHandler, 0x0)
                0x00000000                PROVIDE (DMA1_Channel5_IRQHandler, 0x0)
                0x00000000                PROVIDE (DMA1_Channel6_IRQHandler, 0x0)
                0x00000000                PROVIDE (DMA1_Channel7_IRQHandler, 0x0)
                0x00000000                PROVIDE (ADC_IRQHandler, 0x0)
                0x00000000                PROVIDE (ADC1_2_IRQHandler, 0x0)
                0x00000000                PROVIDE (USB_HP_CAN_TX_IRQHandler, 0x0)
                0x00000000                PROVIDE (USB_HP_CAN1_TX_IRQHandler, 0x0)
                0x00000000                PROVIDE (USB_LP_CAN_RX0_IRQHandler, 0x0)
                0x00000000                PROVIDE (USB_LP_CAN1_RX0_IRQHandler, 0x0)
                0x00000000                PROVIDE (CAN_RX1_IRQHandler, 0x0)
                0x00000000                PROVIDE (CAN1_RX1_IRQHandler, 0x0)
                0x00000000                PROVIDE (CAN_SCE_IRQHandler, 0x0)
                0x00000000                PROVIDE (CAN1_SCE_IRQHandler, 0x0)
                0x00000000                PROVIDE (EXTI9_5_IRQHandler, 0x0)
                0x00000000                PROVIDE (TIM1_BRK_IRQHandler, 0x0)
                0x00000000                PROVIDE (TIM1_UP_IRQHandler, 0x0)
                0x00000000                PROVIDE (TIM1_TRG_COM_IRQHandler, 0x0)
                0x00000000                PROVIDE (TIM1_CC_IRQHandler, 0x0)
                0x00000000                PROVIDE (TIM2_IRQHandler, 0x0)
                0x00000000                PROVIDE (TIM3_IRQHandler, 0x0)
                0x00000000                PROVIDE (TIM4_IRQHandler, 0x0)
                0x00000000                PROVIDE (I2C1_EV_IRQHandler, 0x0)
                0x00000000                PROVIDE (I2C1_ER_IRQHandler, 0x0)
                0x00000000                PROVIDE (I2C2_EV_IRQHandler, 0x0)
                0x00000000                PROVIDE (I2C2_ER_IRQHandler, 0x0)
                0x00000000                PROVIDE (SPI1_IRQHandler, 0x0)
                0x00000000                PROVIDE (SPI2_IRQHandler, 0x0)
                0x00000000                PROVIDE (USART1_IRQHandler, 0x0)
                0x00000000                PROVIDE (USART2_IRQHandler, 0x0)
                0x00000000                PROVIDE (USART3_IRQHandler, 0x0)
                0x00000000                PROVIDE (EXTI15_10_IRQHandler, 0x0)
                0x00000000                PROVIDE (RTCAlarm_IRQHandler, 0x0)
                0x00000000                PROVIDE (USBWakeUp_IRQHandler, 0x0)
                0x00000000                PROVIDE (TIM8_BRK_IRQHandler, 0x0)
                0x00000000                PROVIDE (TIM8_UP_IRQHandler, 0x0)
                0x00000000                PROVIDE (TIM8_TRG_COM_IRQHandler, 0x0)
                0x00000000                PROVIDE (TIM8_CC_IRQHandler, 0x0)
                0x00000000                PROVIDE (ADC3_IRQHandler, 0x0)
                0x00000000                PROVIDE (FSMC_IRQHandler, 0x0)
                0x00000000                PROVIDE (SDIO_IRQHandler, 0x0)
                0x00000000                PROVIDE (TIM5_IRQHandler, 0x0)
                0x00000000                PROVIDE (SPI3_IRQHandler, 0x0)
                0x00000000                PROVIDE (UART4_IRQHandler, 0x0)
                0x00000000                PROVIDE (UART5_IRQHandler, 0x0)
                0x00000000                PROVIDE (TIM6_IRQHandler, 0x0)
                0x00000000                PROVIDE (TIM7_IRQHandler, 0x0)
                0x00000000                PROVIDE (DMA2_Channel1_IRQHandler, 0x0)
                0x00000000                PROVIDE (DMA2_Channel2_IRQHandler, 0x0)
                0x00000000                PROVIDE (DMA2_Channel3_IRQHandler, 0x0)
                0x00000000                PROVIDE (DMA2_Channel4_5_IRQHandler, 0x0)
                0x42000000                PERIPH_BB_BASE = 0x42000000
                0x22000000                SRAM_BB_BASE = 0x22000000
                0x20000000                SRAM_BASE = 0x20000000
                0x40000000                PERIPH_BASE = 0x40000000
                0x40022000                PROVIDE (FLASH_BASE, 0x40022000)
                0x1ffff800                PROVIDE (OB_BASE, 0x1ffff800)
                0x40000000                APB1PERIPH_BASE = PERIPH_BASE
                0x40010000                APB2PERIPH_BASE = (PERIPH_BASE + 0x10000)
                0x40020000                AHBPERIPH_BASE = (PERIPH_BASE + 0x20000)
                0x40000000                PROVIDE (TIM2, (APB1PERIPH_BASE + 0x0))
                0x40000400                PROVIDE (TIM3, (APB1PERIPH_BASE + 0x400))
                0x40000800                PROVIDE (TIM4, (APB1PERIPH_BASE + 0x800))
                0x40002800                PROVIDE (RTC, (APB1PERIPH_BASE + 0x2800))
                0x40002c00                PROVIDE (WWDG, (APB1PERIPH_BASE + 0x2c00))
                0x40003000                PROVIDE (IWDG, (APB1PERIPH_BASE + 0x3000))
                0x40003800                PROVIDE (SPI2, (APB1PERIPH_BASE + 0x3800))
                0x40004400                PROVIDE (USART2, (APB1PERIPH_BASE + 0x4400))
                0x40004800                PROVIDE (USART3, (APB1PERIPH_BASE + 0x4800))
                0x40005400                PROVIDE (I2C1, (APB1PERIPH_BASE + 0x5400))
                0x40005800                PROVIDE (I2C2, (APB1PERIPH_BASE + 0x5800))
                0x40006400                PROVIDE (CAN, (APB1PERIPH_BASE + 0x6400))
                0x40006c00                PROVIDE (BKP, (APB1PERIPH_BASE + 0x6c00))
                0x40007000                PROVIDE (PWR, (APB1PERIPH_BASE + 0x7000))
                0x40010000                PROVIDE (AFIO, (APB2PERIPH_BASE + 0x0))
                0x40010400                PROVIDE (EXTI, (APB2PERIPH_BASE + 0x400))
                0x40010800                PROVIDE (GPIOA, (APB2PERIPH_BASE + 0x800))
                0x40010c00                PROVIDE (GPIOB, (APB2PERIPH_BASE + 0xc00))
                0x40011000                PROVIDE (GPIOC, (APB2PERIPH_BASE + 0x1000))
                0x40011400                PROVIDE (GPIOD, (APB2PERIPH_BASE + 0x1400))
                0x40011800                PROVIDE (GPIOE, (APB2PERIPH_BASE + 0x1800))
                0x40012400                PROVIDE (ADC1, (APB2PERIPH_BASE + 0x2400))
                0x40012800                PROVIDE (ADC2, (APB2PERIPH_BASE + 0x2800))
                0x40012c00                PROVIDE (TIM1, (APB2PERIPH_BASE + 0x2c00))
                0x40013000                PROVIDE (SPI1, (APB2PERIPH_BASE + 0x3000))
                0x40013800                PROVIDE (USART1, (APB2PERIPH_BASE + 0x3800))
                0x40020000                PROVIDE (DMA, (AHBPERIPH_BASE + 0x0))
                0x40020008                PROVIDE (DMA_Channel1, (AHBPERIPH_BASE + 0x8))
                0x4002001c                PROVIDE (DMA_Channel2, (AHBPERIPH_BASE + 0x1c))
                0x40020030                PROVIDE (DMA_Channel3, (AHBPERIPH_BASE + 0x30))
                0x40020044                PROVIDE (DMA_Channel4, (AHBPERIPH_BASE + 0x44))
                0x40020058                PROVIDE (DMA_Channel5, (AHBPERIPH_BASE + 0x58))
                0x4002006c                PROVIDE (DMA_Channel6, (AHBPERIPH_BASE + 0x6c))
                0x40020080                PROVIDE (DMA_Channel7, (AHBPERIPH_BASE + 0x80))
                0x40021000                PROVIDE (RCC, (AHBPERIPH_BASE + 0x1000))
                0xe000e000                SCS_BASE = 0xe000e000
                0xe000e010                PROVIDE (SysTick, (SCS_BASE + 0x10))
                0xe000e100                PROVIDE (NVIC, (SCS_BASE + 0x100))
                0xe000ed00                PROVIDE (SCB, (SCS_BASE + 0xd00))
                0x20005000                PROVIDE (_estack, (ORIGIN (RAM) + 0x5000))

.isr_vector     0x08000000      0x10c
                0x08000000                . = ALIGN (0x4)
 *(.isr_vector)
 .isr_vector    0x08000000      0x10c lib/CMSIS_CM3/startup/gcc/startup_stm32f10x_md.o
                0x08000000                g_pfnVectors
                0x0800010c                . = ALIGN (0x4)

.flash_start    0x00000000        0x0
                0x00000000                . = ALIGN (0x4)
 *(.flash_start)
 *(.flash_start.*)
                0x00000000                . = ALIGN (0x4)

.crp_patch      0x00000000        0x0
                0x00000000                . = ALIGN (0x4)
 *(.crp_patch)
                0x00000000                . = ALIGN (0x4)

.flashtext      0x0800010c        0x0
                0x0800010c                . = ALIGN (0x4)
 *(.flashtext)
                0x0800010c                . = ALIGN (0x4)

.text           0x08000110     0xa16c
                0x08000110                . = ALIGN (0x4)
 *(.text)
 .text          0x08000110      0x370 /home/laurence/ARM-GCC/bin/../lib/gcc/arm-none-eabi/4.7.4/armv7-m/libgcc.a(_arm_addsubdf3.o)
                0x08000110                __aeabi_drsub
                0x08000118                __aeabi_dsub
                0x08000118                __subdf3
                0x0800011c                __adddf3
                0x0800011c                __aeabi_dadd
                0x08000394                __aeabi_ui2d
                0x08000394                __floatunsidf
                0x080003b4                __floatsidf
                0x080003b4                __aeabi_i2d
                0x080003d8                __extendsfdf2
                0x080003d8                __aeabi_f2d
                0x08000414                __aeabi_ul2d
                0x08000414                __floatundidf
                0x08000424                __floatdidf
                0x08000424                __aeabi_l2d
 .text          0x08000480      0x424 /home/laurence/ARM-GCC/bin/../lib/gcc/arm-none-eabi/4.7.4/armv7-m/libgcc.a(_arm_muldivdf3.o)
                0x08000480                __aeabi_dmul
                0x08000480                __muldf3
                0x080006d4                __aeabi_ddiv
                0x080006d4                __divdf3
 .text          0x080008a4      0x110 /home/laurence/ARM-GCC/bin/../lib/gcc/arm-none-eabi/4.7.4/armv7-m/libgcc.a(_arm_cmpdf2.o)
                0x080008a4                __gtdf2
                0x080008a4                __gedf2
                0x080008ac                __ltdf2
                0x080008ac                __ledf2
                0x080008b4                __cmpdf2
                0x080008b4                __eqdf2
                0x080008b4                __nedf2
                0x08000930                __aeabi_cdrcmple
                0x08000940                __aeabi_cdcmple
                0x08000940                __aeabi_cdcmpeq
                0x08000950                __aeabi_dcmpeq
                0x08000964                __aeabi_dcmplt
                0x08000978                __aeabi_dcmple
                0x0800098c                __aeabi_dcmpge
                0x080009a0                __aeabi_dcmpgt
 .text          0x080009b4       0x40 /home/laurence/ARM-GCC/bin/../lib/gcc/arm-none-eabi/4.7.4/armv7-m/libgcc.a(_arm_fixunsdfsi.o)
                0x080009b4                __fixunsdfsi
                0x080009b4                __aeabi_d2uiz
 .text          0x080009f4       0xa0 /home/laurence/ARM-GCC/bin/../lib/gcc/arm-none-eabi/4.7.4/armv7-m/libgcc.a(_arm_truncdfsf2.o)
                0x080009f4                __aeabi_d2f
                0x080009f4                __truncdfsf2
 .text          0x08000a94      0x21c /home/laurence/ARM-GCC/bin/../lib/gcc/arm-none-eabi/4.7.4/armv7-m/libgcc.a(_arm_addsubsf3.o)
                0x08000a94                __aeabi_frsub
                0x08000a9c                __subsf3
                0x08000a9c                __aeabi_fsub
                0x08000aa0                __aeabi_fadd
                0x08000aa0                __addsf3
                0x08000c00                __aeabi_ui2f
                0x08000c00                __floatunsisf
                0x08000c08                __aeabi_i2f
                0x08000c08                __floatsisf
                0x08000c24                __floatundisf
                0x08000c24                __aeabi_ul2f
                0x08000c34                __floatdisf
                0x08000c34                __aeabi_l2f
 .text          0x08000cb0      0x2a0 /home/laurence/ARM-GCC/bin/../lib/gcc/arm-none-eabi/4.7.4/armv7-m/libgcc.a(_arm_muldivsf3.o)
                0x08000cb0                __mulsf3
                0x08000cb0                __aeabi_fmul
                0x08000e18                __divsf3
                0x08000e18                __aeabi_fdiv
 .text          0x08000f50       0xec /home/laurence/ARM-GCC/bin/../lib/gcc/arm-none-eabi/4.7.4/armv7-m/libgcc.a(_arm_cmpsf2.o)
                0x08000f50                __gtsf2
                0x08000f50                __gesf2
                0x08000f58                __lesf2
                0x08000f58                __ltsf2
                0x08000f60                __nesf2
                0x08000f60                __eqsf2
                0x08000f60                __cmpsf2
                0x08000fc0                __aeabi_cfrcmple
                0x08000fc8                __aeabi_cfcmple
                0x08000fc8                __aeabi_cfcmpeq
                0x08000fd8                __aeabi_fcmpeq
                0x08000fec                __aeabi_fcmplt
                0x08001000                __aeabi_fcmple
                0x08001014                __aeabi_fcmpge
                0x08001028                __aeabi_fcmpgt
 .text          0x0800103c       0x40 /home/laurence/ARM-GCC/bin/../lib/gcc/arm-none-eabi/4.7.4/armv7-m/libgcc.a(_arm_fixunssfsi.o)
                0x0800103c                __aeabi_f2uiz
                0x0800103c                __fixunssfsi
 *(.text.*)
 *fill*         0x0800107c        0x4 00
 .text.startup.main
                0x08001080     0x1388 /tmp/ccLOPJZu.ltrans0.ltrans.o
                0x08001080                main
 .text.follow_path.5315.4141
                0x08002408      0x290 /tmp/ccLOPJZu.ltrans1.ltrans.o
 .text.f_sync.constprop.11
                0x08002698      0x184 /tmp/ccLOPJZu.ltrans1.ltrans.o
                0x08002698                f_sync.constprop.11
 .text.f_open.constprop.14
                0x0800281c      0x3b4 /tmp/ccLOPJZu.ltrans1.ltrans.o
                0x0800281c                f_open.constprop.14
 .text.f_stat.constprop.8
                0x08002bd0      0x13c /tmp/ccLOPJZu.ltrans1.ltrans.o
                0x08002bd0                f_stat.constprop.8
 .text.atoiRamRom.4035
                0x08002d0c       0x20 /tmp/ccLOPJZu.ltrans2.ltrans.o
 .text.rprintfChar.4038
                0x08002d2c       0x1c /tmp/ccLOPJZu.ltrans2.ltrans.o
 .text.Resume_Init.4170
                0x08002d48       0x30 /tmp/ccLOPJZu.ltrans2.ltrans.o
 .text.Resume.4165
                0x08002d78       0x88 /tmp/ccLOPJZu.ltrans2.ltrans.o
 .text.Get_Max_Lun
                0x08002e00       0x18 /tmp/ccLOPJZu.ltrans2.ltrans.o
                0x08002e00                Get_Max_Lun
 .text.MASS_Get_Interface_Setting
                0x08002e18        0xc /tmp/ccLOPJZu.ltrans2.ltrans.o
                0x08002e18                MASS_Get_Interface_Setting
 .text.MASS_Status_Out
                0x08002e24        0x2 /tmp/ccLOPJZu.ltrans2.ltrans.o
                0x08002e24                MASS_Status_Out
 .text.MASS_Status_In
                0x08002e26        0x2 /tmp/ccLOPJZu.ltrans2.ltrans.o
                0x08002e26                MASS_Status_In
 .text.Mass_Storage_SetDeviceAddress
                0x08002e28        0xc /tmp/ccLOPJZu.ltrans2.ltrans.o
                0x08002e28                Mass_Storage_SetDeviceAddress
 .text.MASS_Reset
                0x08002e34       0xe0 /tmp/ccLOPJZu.ltrans2.ltrans.o
                0x08002e34                MASS_Reset
 .text.Mass_Storage_SetConfiguration
                0x08002f14       0x30 /tmp/ccLOPJZu.ltrans2.ltrans.o
                0x08002f14                Mass_Storage_SetConfiguration
 .text.MASS_NoData_Setup
                0x08002f44       0x4c /tmp/ccLOPJZu.ltrans2.ltrans.o
                0x08002f44                MASS_NoData_Setup
 .text.MASS_GetDeviceDescriptor
                0x08002f90        0xc /tmp/ccLOPJZu.ltrans2.ltrans.o
                0x08002f90                MASS_GetDeviceDescriptor
 .text.MASS_GetConfigDescriptor
                0x08002f9c        0xc /tmp/ccLOPJZu.ltrans2.ltrans.o
                0x08002f9c                MASS_GetConfigDescriptor
 .text.MASS_GetStringDescriptor
                0x08002fa8       0x20 /tmp/ccLOPJZu.ltrans2.ltrans.o
                0x08002fa8                MASS_GetStringDescriptor
 .text.stm32_dma_transfer.5590
                0x08002fc8       0xc8 /tmp/ccLOPJZu.ltrans2.ltrans.o
                0x08002fc8                stm32_dma_transfer.5590
 .text.rprintf2RamRom
                0x08003090      0x404 /tmp/ccLOPJZu.ltrans2.ltrans.o
                0x08003090                rprintf2RamRom
 .text.stm32_spi_rw.5579
                0x08003494       0x24 /tmp/ccLOPJZu.ltrans2.ltrans.o
                0x08003494                stm32_spi_rw.5579
 .text.rcvr_spi.5582
                0x080034b8        0x6 /tmp/ccLOPJZu.ltrans2.ltrans.o
                0x080034b8                rcvr_spi.5582
 *fill*         0x080034be        0x2 00
 .text.wait_ready.5584
                0x080034c0       0x28 /tmp/ccLOPJZu.ltrans2.ltrans.o
                0x080034c0                wait_ready.5584
 .text.disk_timerproc
                0x080034e8       0x48 /tmp/ccLOPJZu.ltrans2.ltrans.o
                0x080034e8                disk_timerproc
 .text.counter_to_struct.5493
                0x08003530       0xa8 /tmp/ccLOPJZu.ltrans2.ltrans.o
                0x08003530                counter_to_struct.5493
 .text.isDST.5475
                0x080035d8       0x2a /tmp/ccLOPJZu.ltrans2.ltrans.o
                0x080035d8                isDST.5475
 *fill*         0x08003602        0x2 00
 .text.rtc_gettime
                0x08003604       0x74 /tmp/ccLOPJZu.ltrans2.ltrans.o
                0x08003604                rtc_gettime
 .text.get_fattime
                0x08003678       0x40 /tmp/ccLOPJZu.ltrans2.ltrans.o
                0x08003678                get_fattime
 .text.clust2sect
                0x080036b8       0x18 /tmp/ccLOPJZu.ltrans2.ltrans.o
                0x080036b8                clust2sect
 .text.mem_cpy.5163
                0x080036d0       0x12 /tmp/ccLOPJZu.ltrans2.ltrans.o
                0x080036d0                mem_cpy.5163
 *fill*         0x080036e2        0x2 00
 .text.ff_convert.part.0.5096
                0x080036e4       0x24 /tmp/ccLOPJZu.ltrans2.ltrans.o
                0x080036e4                ff_convert.part.0.5096
 .text.Delay    0x08003708       0x18 /tmp/ccLOPJZu.ltrans2.ltrans.o
                0x08003708                Delay
 .text.Pop_From_Buffer
                0x08003720       0x1c /tmp/ccLOPJZu.ltrans2.ltrans.o
                0x08003720                Pop_From_Buffer
 .text.Add_To_Buffer
                0x0800373c       0x48 /tmp/ccLOPJZu.ltrans2.ltrans.o
                0x0800373c                Add_To_Buffer
 .text.Bot_Abort.part.2.4582
                0x08003784       0x18 /tmp/ccLOPJZu.ltrans2.ltrans.o
                0x08003784                Bot_Abort.part.2.4582
 .text.USB_Istr
                0x0800379c      0x118 /tmp/ccLOPJZu.ltrans2.ltrans.o
                0x0800379c                USB_Istr
 .text.Set_CSW  0x080038b4       0x3c /tmp/ccLOPJZu.ltrans2.ltrans.o
                0x080038b4                Set_CSW
 .text.Transfer_Data_Request
                0x080038f0       0x34 /tmp/ccLOPJZu.ltrans2.ltrans.o
                0x080038f0                Transfer_Data_Request
 .text.IntToUnicode.4365
                0x08003924       0x2a /tmp/ccLOPJZu.ltrans2.ltrans.o
                0x08003924                IntToUnicode.4365
 *fill*         0x0800394e        0x2 00
 .text.Mass_Storage_ClearFeature.4036
                0x08003950       0x18 /tmp/ccLOPJZu.ltrans3.ltrans.o
 .text.si446x_state_machine
                0x08003968      0x1ac /tmp/ccLOPJZu.ltrans3.ltrans.o
                0x08003968                si446x_state_machine
 .text.MAL_GetStatus
                0x08003b14       0xc4 /tmp/ccLOPJZu.ltrans3.ltrans.o
                0x08003b14                MAL_GetStatus
 .text.send_string_to_silabs.constprop.28
                0x08003bd8       0x24 /tmp/ccLOPJZu.ltrans3.ltrans.o
                0x08003bd8                send_string_to_silabs.constprop.28
 .text.get_from_silabs_buffer
                0x08003bfc       0x48 /tmp/ccLOPJZu.ltrans3.ltrans.o
                0x08003bfc                get_from_silabs_buffer
 .text.si446x_setup
                0x08003c44      0x710 /tmp/ccLOPJZu.ltrans3.ltrans.o
                0x08003c44                si446x_setup
 .text.MASS_Data_Setup.4121
                0x08004354       0x38 /tmp/ccLOPJZu.ltrans4.ltrans.o
 .text.disk_write
                0x0800438c       0xcc /tmp/ccLOPJZu.ltrans4.ltrans.o
                0x0800438c                disk_write
 .text.move_window.5222
                0x08004458       0x76 /tmp/ccLOPJZu.ltrans4.ltrans.o
                0x08004458                move_window.5222
 .text.get_fat  0x080044ce       0xc8 /tmp/ccLOPJZu.ltrans4.ltrans.o
                0x080044ce                get_fat
 *fill*         0x08004596        0x2 00
 .text.SCSI_Invalid_Cmd
                0x08004598       0x3c /tmp/ccLOPJZu.ltrans4.ltrans.o
                0x08004598                SCSI_Invalid_Cmd
 .text.SCSI_Address_Management
                0x080045d4       0x74 /tmp/ccLOPJZu.ltrans4.ltrans.o
                0x080045d4                SCSI_Address_Management
 .text.SCSI_Read10_Cmd
                0x08004648       0x6c /tmp/ccLOPJZu.ltrans4.ltrans.o
                0x08004648                SCSI_Read10_Cmd
 .text.EP1_IN_Callback.4077
                0x080046b4       0x5c /tmp/ccLOPJZu.ltrans4.ltrans.o
 .text.disk_initialize
                0x08004710      0x148 /tmp/ccLOPJZu.ltrans4.ltrans.o
                0x08004710                disk_initialize
 .text.chk_mounted.5243
                0x08004858      0x314 /tmp/ccLOPJZu.ltrans4.ltrans.o
                0x08004858                chk_mounted.5243
 .text.validate.5232
                0x08004b6c       0x2c /tmp/ccLOPJZu.ltrans4.ltrans.o
                0x08004b6c                validate.5232
 .text.MASS_init
                0x08004b98       0x70 /tmp/ccLOPJZu.ltrans5.ltrans.o
                0x08004b98                MASS_init
 .text.__usart_send_char
                0x08004c08       0x1c /tmp/ccLOPJZu.ltrans5.ltrans.o
                0x08004c08                __usart_send_char
 .text.__str_print_char
                0x08004c24       0x2c /tmp/ccLOPJZu.ltrans5.ltrans.o
                0x08004c24                __str_print_char
 .text.si446x_spi_state_machine.constprop.26
                0x08004c50      0x1f0 /tmp/ccLOPJZu.ltrans5.ltrans.o
                0x08004c50                si446x_spi_state_machine.constprop.26
 .text.Gps_Process_Byte.constprop.25
                0x08004e40      0x1ac /tmp/ccLOPJZu.ltrans5.ltrans.o
                0x08004e40                Gps_Process_Byte.constprop.25
 .text.ReadADC1_noblock.constprop.3
                0x08004fec       0x20 /tmp/ccLOPJZu.ltrans5.ltrans.o
                0x08004fec                ReadADC1_noblock.constprop.3
 .text.Bytes_In_DMA_Buffer.constprop.2
                0x0800500c       0x2c /tmp/ccLOPJZu.ltrans5.ltrans.o
                0x0800500c                Bytes_In_DMA_Buffer.constprop.2
 .text.Usart_Send_Str
                0x08005038       0x16 /tmp/ccLOPJZu.ltrans5.ltrans.o
                0x08005038                Usart_Send_Str
 *fill*         0x0800504e        0x2 00
 .text.power_on.5577
                0x08005050       0xf0 /tmp/ccLOPJZu.ltrans5.ltrans.o
                0x08005050                power_on.5577
 .text.I2C_Config
                0x08005140      0x138 /tmp/ccLOPJZu.ltrans5.ltrans.o
                0x08005140                I2C_Config
 .text.Timer_GPIO_Enable
                0x08005278       0x24 /tmp/ccLOPJZu.ltrans5.ltrans.o
                0x08005278                Timer_GPIO_Enable
 .text.Timer_GPIO_Disable
                0x0800529c       0x24 /tmp/ccLOPJZu.ltrans5.ltrans.o
                0x0800529c                Timer_GPIO_Disable
 .text.shutdown
                0x080052c0       0x10 /tmp/ccLOPJZu.ltrans5.ltrans.o
                0x080052c0                shutdown
 .text.send_cmd.5586
                0x080052d0       0x90 /tmp/ccLOPJZu.ltrans5.ltrans.o
                0x080052d0                send_cmd.5586
 .text.release_spi
                0x08005360       0x18 /tmp/ccLOPJZu.ltrans5.ltrans.o
                0x08005360                release_spi
 .text.I2C1_Request_Job
                0x08005378       0x58 /tmp/ccLOPJZu.ltrans5.ltrans.o
                0x08005378                I2C1_Request_Job
 .text.rcvr_datablock
                0x080053d0       0x54 /tmp/ccLOPJZu.ltrans5.ltrans.o
                0x080053d0                rcvr_datablock
 .text.disk_read
                0x08005424       0xa0 /tmp/ccLOPJZu.ltrans5.ltrans.o
                0x08005424                disk_read
 .text.Read_Memory
                0x080054c4      0x138 /tmp/ccLOPJZu.ltrans5.ltrans.o
                0x080054c4                Read_Memory
 .text.check_fs.5239
                0x080055fc       0x88 /tmp/ccLOPJZu.ltrans5.ltrans.o
                0x080055fc                check_fs.5239
 .text.xmit_datablock.part.1.5595
                0x08005684       0x30 /tmp/ccLOPJZu.ltrans5.ltrans.o
                0x08005684                xmit_datablock.part.1.5595
 .text.EP2_OUT_Callback.4093
                0x080056b4      0x310 /tmp/ccLOPJZu.ltrans6.ltrans.o
 .text.__fat_print_char
                0x080059c4       0x18 /tmp/ccLOPJZu.ltrans6.ltrans.o
                0x080059c4                __fat_print_char
 .text.dir_next.5305
                0x080059dc       0xfa /tmp/ccLOPJZu.ltrans6.ltrans.o
                0x080059dc                dir_next.5305
 *fill*         0x08005ad6        0x2 00
 .text.dir_find.part.4.5309
                0x08005ad8      0x180 /tmp/ccLOPJZu.ltrans6.ltrans.o
                0x08005ad8                dir_find.part.4.5309
 .text.f_puts.constprop.5
                0x08005c58       0x2c /tmp/ccLOPJZu.ltrans6.ltrans.o
                0x08005c58                f_puts.constprop.5
 .text.USB_LP_CAN1_RX0_IRQHandler
                0x08005c84        0x4 /tmp/ccLOPJZu.ltrans7.ltrans.o
                0x08005c84                USB_LP_CAN1_RX0_IRQHandler
 .text.USB_HP_CAN1_TX_IRQHandler
                0x08005c88        0x4 /tmp/ccLOPJZu.ltrans7.ltrans.o
                0x08005c88                USB_HP_CAN1_TX_IRQHandler
 *fill*         0x08005c8c        0x4 00
 .text.SysTick_Handler
                0x08005c90      0x4d0 /tmp/ccLOPJZu.ltrans7.ltrans.o
                0x08005c90                SysTick_Handler
 .text.ADC1_2_IRQHandler
                0x08006160       0x6c /tmp/ccLOPJZu.ltrans7.ltrans.o
                0x08006160                ADC1_2_IRQHandler
 .text.I2C1_ER_IRQHandler
                0x080061cc       0xf4 /tmp/ccLOPJZu.ltrans7.ltrans.o
                0x080061cc                I2C1_ER_IRQHandler
 .text.I2C1_EV_IRQHandler
                0x080062c0      0x4d8 /tmp/ccLOPJZu.ltrans7.ltrans.o
                0x080062c0                I2C1_EV_IRQHandler
 .text.EXTI15_10_IRQHandler
                0x08006798       0x34 /tmp/ccLOPJZu.ltrans7.ltrans.o
                0x08006798                EXTI15_10_IRQHandler
 .text.DMA1_Channel4_IRQHandler
                0x080067cc       0x30 /tmp/ccLOPJZu.ltrans7.ltrans.o
                0x080067cc                DMA1_Channel4_IRQHandler
 .text.DMA1_Channel5_IRQHandler
                0x080067fc       0x30 /tmp/ccLOPJZu.ltrans7.ltrans.o
                0x080067fc                DMA1_Channel5_IRQHandler
 .text.EXTI0_IRQHandler
                0x0800682c       0x34 /tmp/ccLOPJZu.ltrans7.ltrans.o
                0x0800682c                EXTI0_IRQHandler
 .text.USART3_IRQHandler
                0x08006860       0x74 /tmp/ccLOPJZu.ltrans7.ltrans.o
                0x08006860                USART3_IRQHandler
 .text.f_close.constprop.10
                0x080068d4       0x14 /tmp/ccLOPJZu.ltrans7.ltrans.o
                0x080068d4                f_close.constprop.10
 .text.SCSI_Write10_Cmd
                0x080068e8      0x144 /tmp/ccLOPJZu.ltrans8.ltrans.o
                0x080068e8                SCSI_Write10_Cmd
 .text.put_fat  0x08006a2c       0xf2 /tmp/ccLOPJZu.ltrans8.ltrans.o
                0x08006a2c                put_fat
 .text.remove_chain.5335
                0x08006b1e       0x54 /tmp/ccLOPJZu.ltrans8.ltrans.o
                0x08006b1e                remove_chain.5335
 .text.create_chain.5301
                0x08006b72       0x9a /tmp/ccLOPJZu.ltrans8.ltrans.o
                0x08006b72                create_chain.5301
 .text.f_write.constprop.12
                0x08006c0c      0x1cc /tmp/ccLOPJZu.ltrans8.ltrans.o
                0x08006c0c                f_write.constprop.12
 .text.f_lseek.constprop.9
                0x08006dd8      0x180 /tmp/ccLOPJZu.ltrans8.ltrans.o
                0x08006dd8                f_lseek.constprop.9
 .text.dir_sdi.5269
                0x08006f58       0x84 /tmp/ccLOPJZu.ltrans8.ltrans.o
                0x08006f58                dir_sdi.5269
 .text.USART1_IRQHandler
                0x08006fdc       0x34 /tmp/ccLOPJZu.ltrans9.ltrans.o
                0x08006fdc                USART1_IRQHandler
 .text.malloc   0x08007010       0x10 /home/laurence/ARM-GCC/bin/../lib/gcc/arm-none-eabi/4.7.4/../../../../arm-none-eabi/lib/armv7-m/libc.a(lib_a-malloc.o)
                0x08007010                malloc
 .text._malloc_r
                0x08007020      0x530 /home/laurence/ARM-GCC/bin/../lib/gcc/arm-none-eabi/4.7.4/../../../../arm-none-eabi/lib/armv7-m/libc.a(lib_a-mallocr.o)
                0x08007020                _malloc_r
 .text.memcpy   0x08007550      0x15c /home/laurence/ARM-GCC/bin/../lib/gcc/arm-none-eabi/4.7.4/../../../../arm-none-eabi/lib/armv7-m/libc.a(lib_a-memcpy.o)
                0x08007550                memcpy
 .text.__malloc_lock
                0x080076ac        0x4 /home/laurence/ARM-GCC/bin/../lib/gcc/arm-none-eabi/4.7.4/../../../../arm-none-eabi/lib/armv7-m/libc.a(lib_a-mlock.o)
                0x080076ac                __malloc_lock
 .text.__malloc_unlock
                0x080076b0        0x4 /home/laurence/ARM-GCC/bin/../lib/gcc/arm-none-eabi/4.7.4/../../../../arm-none-eabi/lib/armv7-m/libc.a(lib_a-mlock.o)
                0x080076b0                __malloc_unlock
 .text._sbrk_r  0x080076b4       0x24 /home/laurence/ARM-GCC/bin/../lib/gcc/arm-none-eabi/4.7.4/../../../../arm-none-eabi/lib/armv7-m/libc.a(lib_a-sbrkr.o)
                0x080076b4                _sbrk_r
 .text.strchr   0x080076d8       0xfc /home/laurence/ARM-GCC/bin/../lib/gcc/arm-none-eabi/4.7.4/../../../../arm-none-eabi/lib/armv7-m/libc.a(lib_a-strchr.o)
                0x080076d8                strchr
 .text.strlen   0x080077d4       0x60 /home/laurence/ARM-GCC/bin/../lib/gcc/arm-none-eabi/4.7.4/../../../../arm-none-eabi/lib/armv7-m/libc.a(lib_a-strlen.o)
                0x080077d4                strlen
 .text.strncmp  0x08007834      0x120 /home/laurence/ARM-GCC/bin/../lib/gcc/arm-none-eabi/4.7.4/../../../../arm-none-eabi/lib/armv7-m/libc.a(lib_a-strncmp.o)
                0x08007834                strncmp
 .text.strncpy  0x08007954      0x10c /home/laurence/ARM-GCC/bin/../lib/gcc/arm-none-eabi/4.7.4/../../../../arm-none-eabi/lib/armv7-m/libc.a(lib_a-strncpy.o)
                0x08007954                strncpy
 .text._malloc_trim_r
                0x08007a60       0x98 /home/laurence/ARM-GCC/bin/../lib/gcc/arm-none-eabi/4.7.4/../../../../arm-none-eabi/lib/armv7-m/libc.a(lib_a-freer.o)
                0x08007a60                _malloc_trim_r
 .text._free_r  0x08007af8      0x194 /home/laurence/ARM-GCC/bin/../lib/gcc/arm-none-eabi/4.7.4/../../../../arm-none-eabi/lib/armv7-m/libc.a(lib_a-freer.o)
                0x08007af8                _free_r
 .text.Reset_Handler
                0x08007c8c       0x48 lib/CMSIS_CM3/startup/gcc/startup_stm32f10x_md.o
                0x08007c8c                Reset_Handler
 .text.Default_Handler
                0x08007cd4        0x4 lib/CMSIS_CM3/startup/gcc/startup_stm32f10x_md.o
                0x08007cd4                EXTI2_IRQHandler
                0x08007cd4                DebugMon_Handler
                0x08007cd4                TIM1_CC_IRQHandler
                0x08007cd4                HardFault_Handler
                0x08007cd4                PVD_IRQHandler
                0x08007cd4                PendSV_Handler
                0x08007cd4                NMI_Handler
                0x08007cd4                EXTI3_IRQHandler
                0x08007cd4                I2C2_EV_IRQHandler
                0x08007cd4                UsageFault_Handler
                0x08007cd4                SPI1_IRQHandler
                0x08007cd4                TAMPER_IRQHandler
                0x08007cd4                RTC_IRQHandler
                0x08007cd4                DMA1_Channel7_IRQHandler
                0x08007cd4                CAN1_RX1_IRQHandler
                0x08007cd4                TIM4_IRQHandler
                0x08007cd4                DMA1_Channel6_IRQHandler
                0x08007cd4                TIM3_IRQHandler
                0x08007cd4                RCC_IRQHandler
                0x08007cd4                TIM1_TRG_COM_IRQHandler
                0x08007cd4                DMA1_Channel1_IRQHandler
                0x08007cd4                Default_Handler
                0x08007cd4                EXTI9_5_IRQHandler
                0x08007cd4                SPI2_IRQHandler
                0x08007cd4                MemManage_Handler
                0x08007cd4                SVC_Handler
                0x08007cd4                EXTI4_IRQHandler
                0x08007cd4                DMA1_Channel3_IRQHandler
                0x08007cd4                TIM1_UP_IRQHandler
                0x08007cd4                WWDG_IRQHandler
                0x08007cd4                TIM2_IRQHandler
                0x08007cd4                TIM1_BRK_IRQHandler
                0x08007cd4                EXTI1_IRQHandler
                0x08007cd4                RTCAlarm_IRQHandler
                0x08007cd4                USART2_IRQHandler
                0x08007cd4                I2C2_ER_IRQHandler
                0x08007cd4                DMA1_Channel2_IRQHandler
                0x08007cd4                CAN1_SCE_IRQHandler
                0x08007cd4                FLASH_IRQHandler
                0x08007cd4                BusFault_Handler
                0x08007cd4                USBWakeUp_IRQHandler
 .text.NVIC_PriorityGroupConfig
                0x08007cd8       0x14 lib/STM32F10x_StdPeriph_Driver/libstm32fw.a(misc.o)
                0x08007cd8                NVIC_PriorityGroupConfig
 .text.NVIC_Init
                0x08007cec       0x68 lib/STM32F10x_StdPeriph_Driver/libstm32fw.a(misc.o)
                0x08007cec                NVIC_Init
 .text.NVIC_SetVectorTable
                0x08007d54       0x14 lib/STM32F10x_StdPeriph_Driver/libstm32fw.a(misc.o)
                0x08007d54                NVIC_SetVectorTable
 .text.SysTick_CLKSourceConfig
                0x08007d68       0x18 lib/STM32F10x_StdPeriph_Driver/libstm32fw.a(misc.o)
                0x08007d68                SysTick_CLKSourceConfig
 .text.ADC_DeInit
                0x08007d80       0x5c lib/STM32F10x_StdPeriph_Driver/libstm32fw.a(stm32f10x_adc.o)
                0x08007d80                ADC_DeInit
 .text.ADC_Init
                0x08007ddc       0x48 lib/STM32F10x_StdPeriph_Driver/libstm32fw.a(stm32f10x_adc.o)
                0x08007ddc                ADC_Init
 .text.ADC_Cmd  0x08007e24       0x12 lib/STM32F10x_StdPeriph_Driver/libstm32fw.a(stm32f10x_adc.o)
                0x08007e24                ADC_Cmd
 .text.ADC_ResetCalibration
                0x08007e36        0xa lib/STM32F10x_StdPeriph_Driver/libstm32fw.a(stm32f10x_adc.o)
                0x08007e36                ADC_ResetCalibration
 .text.ADC_GetResetCalibrationStatus
                0x08007e40        0x8 lib/STM32F10x_StdPeriph_Driver/libstm32fw.a(stm32f10x_adc.o)
                0x08007e40                ADC_GetResetCalibrationStatus
 .text.ADC_StartCalibration
                0x08007e48        0xa lib/STM32F10x_StdPeriph_Driver/libstm32fw.a(stm32f10x_adc.o)
                0x08007e48                ADC_StartCalibration
 .text.ADC_GetCalibrationStatus
                0x08007e52        0x8 lib/STM32F10x_StdPeriph_Driver/libstm32fw.a(stm32f10x_adc.o)
                0x08007e52                ADC_GetCalibrationStatus
 .text.ADC_SoftwareStartConvCmd
                0x08007e5a       0x12 lib/STM32F10x_StdPeriph_Driver/libstm32fw.a(stm32f10x_adc.o)
                0x08007e5a                ADC_SoftwareStartConvCmd
 .text.ADC_RegularChannelConfig
                0x08007e6c       0x9a lib/STM32F10x_StdPeriph_Driver/libstm32fw.a(stm32f10x_adc.o)
                0x08007e6c                ADC_RegularChannelConfig
 .text.ADC_GetConversionValue
                0x08007f06        0x6 lib/STM32F10x_StdPeriph_Driver/libstm32fw.a(stm32f10x_adc.o)
                0x08007f06                ADC_GetConversionValue
 .text.ADC_ExternalTrigInjectedConvConfig
                0x08007f0c        0xc lib/STM32F10x_StdPeriph_Driver/libstm32fw.a(stm32f10x_adc.o)
                0x08007f0c                ADC_ExternalTrigInjectedConvConfig
 .text.ADC_SoftwareStartInjectedConvCmd
                0x08007f18       0x12 lib/STM32F10x_StdPeriph_Driver/libstm32fw.a(stm32f10x_adc.o)
                0x08007f18                ADC_SoftwareStartInjectedConvCmd
 .text.ADC_InjectedChannelConfig
                0x08007f2a       0x60 lib/STM32F10x_StdPeriph_Driver/libstm32fw.a(stm32f10x_adc.o)
                0x08007f2a                ADC_InjectedChannelConfig
 .text.ADC_InjectedSequencerLengthConfig
                0x08007f8a       0x10 lib/STM32F10x_StdPeriph_Driver/libstm32fw.a(stm32f10x_adc.o)
                0x08007f8a                ADC_InjectedSequencerLengthConfig
 .text.ADC_GetInjectedConversionValue
                0x08007f9a       0x1a lib/STM32F10x_StdPeriph_Driver/libstm32fw.a(stm32f10x_adc.o)
                0x08007f9a                ADC_GetInjectedConversionValue
 .text.ADC_GetFlagStatus
                0x08007fb4        0xc lib/STM32F10x_StdPeriph_Driver/libstm32fw.a(stm32f10x_adc.o)
                0x08007fb4                ADC_GetFlagStatus
 .text.ADC_ClearFlag
                0x08007fc0        0x6 lib/STM32F10x_StdPeriph_Driver/libstm32fw.a(stm32f10x_adc.o)
                0x08007fc0                ADC_ClearFlag
 .text.ADC_GetITStatus
                0x08007fc6       0x16 lib/STM32F10x_StdPeriph_Driver/libstm32fw.a(stm32f10x_adc.o)
                0x08007fc6                ADC_GetITStatus
 .text.ADC_ClearITPendingBit
                0x08007fdc        0x8 lib/STM32F10x_StdPeriph_Driver/libstm32fw.a(stm32f10x_adc.o)
                0x08007fdc                ADC_ClearITPendingBit
 .text.BKP_DeInit
                0x08007fe4       0x12 lib/STM32F10x_StdPeriph_Driver/libstm32fw.a(stm32f10x_bkp.o)
                0x08007fe4                BKP_DeInit
 *fill*         0x08007ff6        0x2 00
 .text.BKP_WriteBackupRegister
                0x08007ff8       0x1c lib/STM32F10x_StdPeriph_Driver/libstm32fw.a(stm32f10x_bkp.o)
                0x08007ff8                BKP_WriteBackupRegister
 .text.BKP_ReadBackupRegister
                0x08008014       0x20 lib/STM32F10x_StdPeriph_Driver/libstm32fw.a(stm32f10x_bkp.o)
                0x08008014                BKP_ReadBackupRegister
 .text.DBGMCU_Config
                0x08008034       0x18 lib/STM32F10x_StdPeriph_Driver/libstm32fw.a(stm32f10x_dbgmcu.o)
                0x08008034                DBGMCU_Config
 .text.DMA_DeInit
                0x0800804c       0xec lib/STM32F10x_StdPeriph_Driver/libstm32fw.a(stm32f10x_dma.o)
                0x0800804c                DMA_DeInit
 .text.DMA_Init
                0x08008138       0x40 lib/STM32F10x_StdPeriph_Driver/libstm32fw.a(stm32f10x_dma.o)
                0x08008138                DMA_Init
 .text.DMA_Cmd  0x08008178       0x12 lib/STM32F10x_StdPeriph_Driver/libstm32fw.a(stm32f10x_dma.o)
                0x08008178                DMA_Cmd
 .text.DMA_ITConfig
                0x0800818a       0x10 lib/STM32F10x_StdPeriph_Driver/libstm32fw.a(stm32f10x_dma.o)
                0x0800818a                DMA_ITConfig
 .text.DMA_GetCurrDataCounter
                0x0800819a        0x6 lib/STM32F10x_StdPeriph_Driver/libstm32fw.a(stm32f10x_dma.o)
                0x0800819a                DMA_GetCurrDataCounter
 .text.DMA_GetFlagStatus
                0x080081a0       0x1c lib/STM32F10x_StdPeriph_Driver/libstm32fw.a(stm32f10x_dma.o)
                0x080081a0                DMA_GetFlagStatus
 .text.DMA_ClearFlag
                0x080081bc       0x14 lib/STM32F10x_StdPeriph_Driver/libstm32fw.a(stm32f10x_dma.o)
                0x080081bc                DMA_ClearFlag
 .text.DMA_GetITStatus
                0x080081d0       0x1c lib/STM32F10x_StdPeriph_Driver/libstm32fw.a(stm32f10x_dma.o)
                0x080081d0                DMA_GetITStatus
 .text.DMA_ClearITPendingBit
                0x080081ec       0x14 lib/STM32F10x_StdPeriph_Driver/libstm32fw.a(stm32f10x_dma.o)
                0x080081ec                DMA_ClearITPendingBit
 .text.EXTI_DeInit
                0x08008200       0x1c lib/STM32F10x_StdPeriph_Driver/libstm32fw.a(stm32f10x_exti.o)
                0x08008200                EXTI_DeInit
 .text.EXTI_Init
                0x0800821c       0x88 lib/STM32F10x_StdPeriph_Driver/libstm32fw.a(stm32f10x_exti.o)
                0x0800821c                EXTI_Init
 .text.EXTI_GenerateSWInterrupt
                0x080082a4       0x10 lib/STM32F10x_StdPeriph_Driver/libstm32fw.a(stm32f10x_exti.o)
                0x080082a4                EXTI_GenerateSWInterrupt
 .text.EXTI_GetITStatus
                0x080082b4       0x20 lib/STM32F10x_StdPeriph_Driver/libstm32fw.a(stm32f10x_exti.o)
                0x080082b4                EXTI_GetITStatus
 .text.EXTI_ClearITPendingBit
                0x080082d4        0xc lib/STM32F10x_StdPeriph_Driver/libstm32fw.a(stm32f10x_exti.o)
                0x080082d4                EXTI_ClearITPendingBit
 .text.GPIO_Init
                0x080082e0       0x9a lib/STM32F10x_StdPeriph_Driver/libstm32fw.a(stm32f10x_gpio.o)
                0x080082e0                GPIO_Init
 .text.GPIO_ReadInputDataBit
                0x0800837a        0xc lib/STM32F10x_StdPeriph_Driver/libstm32fw.a(stm32f10x_gpio.o)
                0x0800837a                GPIO_ReadInputDataBit
 .text.GPIO_SetBits
                0x08008386        0x4 lib/STM32F10x_StdPeriph_Driver/libstm32fw.a(stm32f10x_gpio.o)
                0x08008386                GPIO_SetBits
 .text.GPIO_ResetBits
                0x0800838a        0x4 lib/STM32F10x_StdPeriph_Driver/libstm32fw.a(stm32f10x_gpio.o)
                0x0800838a                GPIO_ResetBits
 .text.GPIO_WriteBit
                0x0800838e        0xa lib/STM32F10x_StdPeriph_Driver/libstm32fw.a(stm32f10x_gpio.o)
                0x0800838e                GPIO_WriteBit
 .text.GPIO_EXTILineConfig
                0x08008398       0x34 lib/STM32F10x_StdPeriph_Driver/libstm32fw.a(stm32f10x_gpio.o)
                0x08008398                GPIO_EXTILineConfig
 .text.I2C_DeInit
                0x080083cc       0x34 lib/STM32F10x_StdPeriph_Driver/libstm32fw.a(stm32f10x_i2c.o)
                0x080083cc                I2C_DeInit
 .text.I2C_Init
                0x08008400       0xd4 lib/STM32F10x_StdPeriph_Driver/libstm32fw.a(stm32f10x_i2c.o)
                0x08008400                I2C_Init
 .text.I2C_Cmd  0x080084d4       0x18 lib/STM32F10x_StdPeriph_Driver/libstm32fw.a(stm32f10x_i2c.o)
                0x080084d4                I2C_Cmd
 .text.I2C_GenerateSTART
                0x080084ec       0x18 lib/STM32F10x_StdPeriph_Driver/libstm32fw.a(stm32f10x_i2c.o)
                0x080084ec                I2C_GenerateSTART
 .text.I2C_GenerateSTOP
                0x08008504       0x18 lib/STM32F10x_StdPeriph_Driver/libstm32fw.a(stm32f10x_i2c.o)
                0x08008504                I2C_GenerateSTOP
 .text.I2C_AcknowledgeConfig
                0x0800851c       0x18 lib/STM32F10x_StdPeriph_Driver/libstm32fw.a(stm32f10x_i2c.o)
                0x0800851c                I2C_AcknowledgeConfig
 .text.I2C_ITConfig
                0x08008534       0x12 lib/STM32F10x_StdPeriph_Driver/libstm32fw.a(stm32f10x_i2c.o)
                0x08008534                I2C_ITConfig
 .text.I2C_SendData
                0x08008546        0x4 lib/STM32F10x_StdPeriph_Driver/libstm32fw.a(stm32f10x_i2c.o)
                0x08008546                I2C_SendData
 .text.I2C_ReceiveData
                0x0800854a        0x6 lib/STM32F10x_StdPeriph_Driver/libstm32fw.a(stm32f10x_i2c.o)
                0x0800854a                I2C_ReceiveData
 .text.I2C_Send7bitAddress
                0x08008550       0x10 lib/STM32F10x_StdPeriph_Driver/libstm32fw.a(stm32f10x_i2c.o)
                0x08008550                I2C_Send7bitAddress
 .text.I2C_SoftwareResetCmd
                0x08008560       0x18 lib/STM32F10x_StdPeriph_Driver/libstm32fw.a(stm32f10x_i2c.o)
                0x08008560                I2C_SoftwareResetCmd
 .text.IWDG_WriteAccessCmd
                0x08008578        0xc lib/STM32F10x_StdPeriph_Driver/libstm32fw.a(stm32f10x_iwdg.o)
                0x08008578                IWDG_WriteAccessCmd
 .text.IWDG_SetPrescaler
                0x08008584        0xc lib/STM32F10x_StdPeriph_Driver/libstm32fw.a(stm32f10x_iwdg.o)
                0x08008584                IWDG_SetPrescaler
 .text.IWDG_SetReload
                0x08008590        0xc lib/STM32F10x_StdPeriph_Driver/libstm32fw.a(stm32f10x_iwdg.o)
                0x08008590                IWDG_SetReload
 .text.IWDG_ReloadCounter
                0x0800859c       0x10 lib/STM32F10x_StdPeriph_Driver/libstm32fw.a(stm32f10x_iwdg.o)
                0x0800859c                IWDG_ReloadCounter
 .text.IWDG_Enable
                0x080085ac       0x10 lib/STM32F10x_StdPeriph_Driver/libstm32fw.a(stm32f10x_iwdg.o)
                0x080085ac                IWDG_Enable
 .text.PWR_DeInit
                0x080085bc       0x1a lib/STM32F10x_StdPeriph_Driver/libstm32fw.a(stm32f10x_pwr.o)
                0x080085bc                PWR_DeInit
 *fill*         0x080085d6        0x2 00
 .text.PWR_BackupAccessCmd
                0x080085d8        0xc lib/STM32F10x_StdPeriph_Driver/libstm32fw.a(stm32f10x_pwr.o)
                0x080085d8                PWR_BackupAccessCmd
 .text.PWR_WakeUpPinCmd
                0x080085e4        0xc lib/STM32F10x_StdPeriph_Driver/libstm32fw.a(stm32f10x_pwr.o)
                0x080085e4                PWR_WakeUpPinCmd
 .text.PWR_EnterSTANDBYMode
                0x080085f0       0x28 lib/STM32F10x_StdPeriph_Driver/libstm32fw.a(stm32f10x_pwr.o)
                0x080085f0                PWR_EnterSTANDBYMode
 .text.RCC_HCLKConfig
                0x08008618       0x14 lib/STM32F10x_StdPeriph_Driver/libstm32fw.a(stm32f10x_rcc.o)
                0x08008618                RCC_HCLKConfig
 .text.RCC_USBCLKConfig
                0x0800862c        0xc lib/STM32F10x_StdPeriph_Driver/libstm32fw.a(stm32f10x_rcc.o)
                0x0800862c                RCC_USBCLKConfig
 .text.RCC_ADCCLKConfig
                0x08008638       0x14 lib/STM32F10x_StdPeriph_Driver/libstm32fw.a(stm32f10x_rcc.o)
                0x08008638                RCC_ADCCLKConfig
 .text.RCC_LSEConfig
                0x0800864c       0x20 lib/STM32F10x_StdPeriph_Driver/libstm32fw.a(stm32f10x_rcc.o)
                0x0800864c                RCC_LSEConfig
 .text.RCC_RTCCLKConfig
                0x0800866c       0x10 lib/STM32F10x_StdPeriph_Driver/libstm32fw.a(stm32f10x_rcc.o)
                0x0800866c                RCC_RTCCLKConfig
 .text.RCC_RTCCLKCmd
                0x0800867c        0xc lib/STM32F10x_StdPeriph_Driver/libstm32fw.a(stm32f10x_rcc.o)
                0x0800867c                RCC_RTCCLKCmd
 .text.RCC_GetClocksFreq
                0x08008688       0x9c lib/STM32F10x_StdPeriph_Driver/libstm32fw.a(stm32f10x_rcc.o)
                0x08008688                RCC_GetClocksFreq
 .text.RCC_AHBPeriphClockCmd
                0x08008724       0x18 lib/STM32F10x_StdPeriph_Driver/libstm32fw.a(stm32f10x_rcc.o)
                0x08008724                RCC_AHBPeriphClockCmd
 .text.RCC_APB2PeriphClockCmd
                0x0800873c       0x18 lib/STM32F10x_StdPeriph_Driver/libstm32fw.a(stm32f10x_rcc.o)
                0x0800873c                RCC_APB2PeriphClockCmd
 .text.RCC_APB1PeriphClockCmd
                0x08008754       0x18 lib/STM32F10x_StdPeriph_Driver/libstm32fw.a(stm32f10x_rcc.o)
                0x08008754                RCC_APB1PeriphClockCmd
 .text.RCC_APB2PeriphResetCmd
                0x0800876c       0x18 lib/STM32F10x_StdPeriph_Driver/libstm32fw.a(stm32f10x_rcc.o)
                0x0800876c                RCC_APB2PeriphResetCmd
 .text.RCC_APB1PeriphResetCmd
                0x08008784       0x18 lib/STM32F10x_StdPeriph_Driver/libstm32fw.a(stm32f10x_rcc.o)
                0x08008784                RCC_APB1PeriphResetCmd
 .text.RCC_BackupResetCmd
                0x0800879c        0xc lib/STM32F10x_StdPeriph_Driver/libstm32fw.a(stm32f10x_rcc.o)
                0x0800879c                RCC_BackupResetCmd
 .text.RCC_GetFlagStatus
                0x080087a8       0x28 lib/STM32F10x_StdPeriph_Driver/libstm32fw.a(stm32f10x_rcc.o)
                0x080087a8                RCC_GetFlagStatus
 .text.RTC_EnterConfigMode
                0x080087d0       0x14 lib/STM32F10x_StdPeriph_Driver/libstm32fw.a(stm32f10x_rtc.o)
                0x080087d0                RTC_EnterConfigMode
 .text.RTC_ExitConfigMode
                0x080087e4       0x14 lib/STM32F10x_StdPeriph_Driver/libstm32fw.a(stm32f10x_rtc.o)
                0x080087e4                RTC_ExitConfigMode
 .text.RTC_GetCounter
                0x080087f8       0x14 lib/STM32F10x_StdPeriph_Driver/libstm32fw.a(stm32f10x_rtc.o)
                0x080087f8                RTC_GetCounter
 .text.RTC_SetCounter
                0x0800880c       0x20 lib/STM32F10x_StdPeriph_Driver/libstm32fw.a(stm32f10x_rtc.o)
                0x0800880c                RTC_SetCounter
 .text.RTC_SetPrescaler
                0x0800882c       0x20 lib/STM32F10x_StdPeriph_Driver/libstm32fw.a(stm32f10x_rtc.o)
                0x0800882c                RTC_SetPrescaler
 .text.RTC_WaitForLastTask
                0x0800884c       0x14 lib/STM32F10x_StdPeriph_Driver/libstm32fw.a(stm32f10x_rtc.o)
                0x0800884c                RTC_WaitForLastTask
 .text.RTC_WaitForSynchro
                0x08008860       0x24 lib/STM32F10x_StdPeriph_Driver/libstm32fw.a(stm32f10x_rtc.o)
                0x08008860                RTC_WaitForSynchro
 .text.SPI_Init
                0x08008884       0x3e lib/STM32F10x_StdPeriph_Driver/libstm32fw.a(stm32f10x_spi.o)
                0x08008884                SPI_Init
 .text.SPI_Cmd  0x080088c2       0x18 lib/STM32F10x_StdPeriph_Driver/libstm32fw.a(stm32f10x_spi.o)
                0x080088c2                SPI_Cmd
 .text.SPI_I2S_DMACmd
                0x080088da       0x12 lib/STM32F10x_StdPeriph_Driver/libstm32fw.a(stm32f10x_spi.o)
                0x080088da                SPI_I2S_DMACmd
 .text.SPI_I2S_SendData
                0x080088ec        0x4 lib/STM32F10x_StdPeriph_Driver/libstm32fw.a(stm32f10x_spi.o)
                0x080088ec                SPI_I2S_SendData
 .text.SPI_I2S_ReceiveData
                0x080088f0        0x6 lib/STM32F10x_StdPeriph_Driver/libstm32fw.a(stm32f10x_spi.o)
                0x080088f0                SPI_I2S_ReceiveData
 .text.SPI_CalculateCRC
                0x080088f6       0x18 lib/STM32F10x_StdPeriph_Driver/libstm32fw.a(stm32f10x_spi.o)
                0x080088f6                SPI_CalculateCRC
 .text.SPI_I2S_GetFlagStatus
                0x0800890e        0xc lib/STM32F10x_StdPeriph_Driver/libstm32fw.a(stm32f10x_spi.o)
                0x0800890e                SPI_I2S_GetFlagStatus
 *fill*         0x0800891a        0x2 00
 .text.USART_Init
                0x0800891c       0x88 lib/STM32F10x_StdPeriph_Driver/libstm32fw.a(stm32f10x_usart.o)
                0x0800891c                USART_Init
 .text.USART_Cmd
                0x080089a4       0x18 lib/STM32F10x_StdPeriph_Driver/libstm32fw.a(stm32f10x_usart.o)
                0x080089a4                USART_Cmd
 .text.USART_ITConfig
                0x080089bc       0x34 lib/STM32F10x_StdPeriph_Driver/libstm32fw.a(stm32f10x_usart.o)
                0x080089bc                USART_ITConfig
 .text.USART_DMACmd
                0x080089f0       0x12 lib/STM32F10x_StdPeriph_Driver/libstm32fw.a(stm32f10x_usart.o)
                0x080089f0                USART_DMACmd
 .text.USART_SendData
                0x08008a02        0x8 lib/STM32F10x_StdPeriph_Driver/libstm32fw.a(stm32f10x_usart.o)
                0x08008a02                USART_SendData
 .text.USART_ReceiveData
                0x08008a0a        0x8 lib/STM32F10x_StdPeriph_Driver/libstm32fw.a(stm32f10x_usart.o)
                0x08008a0a                USART_ReceiveData
 .text.USART_GetFlagStatus
                0x08008a12        0xc lib/STM32F10x_StdPeriph_Driver/libstm32fw.a(stm32f10x_usart.o)
                0x08008a12                USART_GetFlagStatus
 .text.USART_GetITStatus
                0x08008a1e       0x40 lib/STM32F10x_StdPeriph_Driver/libstm32fw.a(stm32f10x_usart.o)
                0x08008a1e                USART_GetITStatus
 .text.USART_ClearITPendingBit
                0x08008a5e       0x10 lib/STM32F10x_StdPeriph_Driver/libstm32fw.a(stm32f10x_usart.o)
                0x08008a5e                USART_ClearITPendingBit
 *fill*         0x08008a6e        0x2 00
 .text.Standard_GetConfiguration
                0x08008a70       0x24 lib/STM32_USB-FS-Device_Driver/libstm32usb.a(usb_core.o)
                0x08008a70                Standard_GetConfiguration
 .text.Standard_GetInterface
                0x08008a94       0x24 lib/STM32_USB-FS-Device_Driver/libstm32usb.a(usb_core.o)
                0x08008a94                Standard_GetInterface
 .text.Standard_GetStatus
                0x08008ab8       0x9c lib/STM32_USB-FS-Device_Driver/libstm32usb.a(usb_core.o)
                0x08008ab8                Standard_GetStatus
 .text.DataStageIn
                0x08008b54       0xa4 lib/STM32_USB-FS-Device_Driver/libstm32usb.a(usb_core.o)
 .text.Standard_SetConfiguration
                0x08008bf8       0x38 lib/STM32_USB-FS-Device_Driver/libstm32usb.a(usb_core.o)
                0x08008bf8                Standard_SetConfiguration
 .text.Standard_SetInterface
                0x08008c30       0x48 lib/STM32_USB-FS-Device_Driver/libstm32usb.a(usb_core.o)
                0x08008c30                Standard_SetInterface
 .text.Standard_ClearFeature
                0x08008c78       0xdc lib/STM32_USB-FS-Device_Driver/libstm32usb.a(usb_core.o)
                0x08008c78                Standard_ClearFeature
 .text.Standard_SetEndPointFeature
                0x08008d54       0x8c lib/STM32_USB-FS-Device_Driver/libstm32usb.a(usb_core.o)
                0x08008d54                Standard_SetEndPointFeature
 .text.Standard_SetDeviceFeature
                0x08008de0       0x24 lib/STM32_USB-FS-Device_Driver/libstm32usb.a(usb_core.o)
                0x08008de0                Standard_SetDeviceFeature
 .text.Standard_GetDescriptorData
                0x08008e04       0x1c lib/STM32_USB-FS-Device_Driver/libstm32usb.a(usb_core.o)
                0x08008e04                Standard_GetDescriptorData
 .text.Post0_Process
                0x08008e20       0x40 lib/STM32_USB-FS-Device_Driver/libstm32usb.a(usb_core.o)
                0x08008e20                Post0_Process
 .text.Out0_Process
                0x08008e60       0xd4 lib/STM32_USB-FS-Device_Driver/libstm32usb.a(usb_core.o)
                0x08008e60                Out0_Process
 .text.Setup0_Process
                0x08008f34      0x2f8 lib/STM32_USB-FS-Device_Driver/libstm32usb.a(usb_core.o)
                0x08008f34                Setup0_Process
 .text.SetDeviceAddress
                0x0800922c       0x40 lib/STM32_USB-FS-Device_Driver/libstm32usb.a(usb_core.o)
                0x0800922c                SetDeviceAddress
 .text.In0_Process
                0x0800926c       0x60 lib/STM32_USB-FS-Device_Driver/libstm32usb.a(usb_core.o)
                0x0800926c                In0_Process
 .text.NOP_Process
                0x080092cc        0x2 lib/STM32_USB-FS-Device_Driver/libstm32usb.a(usb_core.o)
                0x080092cc                NOP_Process
 *fill*         0x080092ce        0x2 00
 .text.USB_Init
                0x080092d0       0x38 lib/STM32_USB-FS-Device_Driver/libstm32usb.a(usb_init.o)
                0x080092d0                USB_Init
 .text.CTR_LP   0x08009308      0x190 lib/STM32_USB-FS-Device_Driver/libstm32usb.a(usb_int.o)
                0x08009308                CTR_LP
 .text.CTR_HP   0x08009498       0x74 lib/STM32_USB-FS-Device_Driver/libstm32usb.a(usb_int.o)
                0x08009498                CTR_HP
 .text.UserToPMABufferCopy
                0x0800950c       0x2e lib/STM32_USB-FS-Device_Driver/libstm32usb.a(usb_mem.o)
                0x0800950c                UserToPMABufferCopy
 .text.PMAToUserBufferCopy
                0x0800953a       0x24 lib/STM32_USB-FS-Device_Driver/libstm32usb.a(usb_mem.o)
                0x0800953a                PMAToUserBufferCopy
 *fill*         0x0800955e        0x2 00
 .text.SetBTABLE
                0x08009560       0x10 lib/STM32_USB-FS-Device_Driver/libstm32usb.a(usb_regs.o)
                0x08009560                SetBTABLE
 .text.SetEPType
                0x08009570       0x18 lib/STM32_USB-FS-Device_Driver/libstm32usb.a(usb_regs.o)
                0x08009570                SetEPType
 .text.SetEPTxStatus
                0x08009588       0x3a lib/STM32_USB-FS-Device_Driver/libstm32usb.a(usb_regs.o)
                0x08009588                SetEPTxStatus
 .text.SetEPRxStatus
                0x080095c2       0x3a lib/STM32_USB-FS-Device_Driver/libstm32usb.a(usb_regs.o)
                0x080095c2                SetEPRxStatus
 .text.SetEPRxValid
                0x080095fc       0x22 lib/STM32_USB-FS-Device_Driver/libstm32usb.a(usb_regs.o)
                0x080095fc                SetEPRxValid
 .text.Clear_Status_Out
                0x0800961e       0x1e lib/STM32_USB-FS-Device_Driver/libstm32usb.a(usb_regs.o)
                0x0800961e                Clear_Status_Out
 .text.ClearDTOG_RX
                0x0800963c       0x24 lib/STM32_USB-FS-Device_Driver/libstm32usb.a(usb_regs.o)
                0x0800963c                ClearDTOG_RX
 .text.ClearDTOG_TX
                0x08009660       0x24 lib/STM32_USB-FS-Device_Driver/libstm32usb.a(usb_regs.o)
                0x08009660                ClearDTOG_TX
 .text.SetEPTxAddr
                0x08009684       0x20 lib/STM32_USB-FS-Device_Driver/libstm32usb.a(usb_regs.o)
                0x08009684                SetEPTxAddr
 .text.SetEPRxAddr
                0x080096a4       0x20 lib/STM32_USB-FS-Device_Driver/libstm32usb.a(usb_regs.o)
                0x080096a4                SetEPRxAddr
 .text.GetEPTxAddr
                0x080096c4       0x1c lib/STM32_USB-FS-Device_Driver/libstm32usb.a(usb_regs.o)
                0x080096c4                GetEPTxAddr
 .text.GetEPRxAddr
                0x080096e0       0x1c lib/STM32_USB-FS-Device_Driver/libstm32usb.a(usb_regs.o)
                0x080096e0                GetEPRxAddr
 .text.SetEPTxCount
                0x080096fc       0x1c lib/STM32_USB-FS-Device_Driver/libstm32usb.a(usb_regs.o)
                0x080096fc                SetEPTxCount
 .text.SetEPRxCount
                0x08009718       0x3c lib/STM32_USB-FS-Device_Driver/libstm32usb.a(usb_regs.o)
                0x08009718                SetEPRxCount
 .text.GetEPRxCount
                0x08009754       0x20 lib/STM32_USB-FS-Device_Driver/libstm32usb.a(usb_regs.o)
                0x08009754                GetEPRxCount
 .text.ByteSwap
                0x08009774        0xa lib/STM32_USB-FS-Device_Driver/libstm32usb.a(usb_regs.o)
                0x08009774                ByteSwap
 *fill*         0x0800977e        0x2 00
 .text.USB_SIL_Init
                0x08009780       0x20 lib/STM32_USB-FS-Device_Driver/libstm32usb.a(usb_sil.o)
                0x08009780                USB_SIL_Init
 .text.USB_SIL_Write
                0x080097a0       0x28 lib/STM32_USB-FS-Device_Driver/libstm32usb.a(usb_sil.o)
                0x080097a0                USB_SIL_Write
 .text.USB_SIL_Read
                0x080097c8       0x24 lib/STM32_USB-FS-Device_Driver/libstm32usb.a(usb_sil.o)
                0x080097c8                USB_SIL_Read
 .text.memset   0x080097ec      0x12c /home/laurence/ARM-GCC/bin/../lib/gcc/arm-none-eabi/4.7.4/../../../../arm-none-eabi/lib/armv7-m/libc.a(lib_a-memset.o)
                0x080097ec                memset
 .text._sbrk    0x08009918       0x34 /home/laurence/ARM-GCC/bin/../lib/gcc/arm-none-eabi/4.7.4/../../../../arm-none-eabi/lib/armv7-m/libnosys.a(sbrk.o)
                0x08009918                _sbrk
 *(.rodata)
 .rodata        0x0800994c       0x54 /tmp/ccLOPJZu.ltrans0.ltrans.o
                0x0800994c                DaysInMonth.5527
 .rodata        0x080099a0      0x18e /tmp/ccLOPJZu.ltrans1.ltrans.o
                0x080099a0                Tbl.5106
                0x08009b20                LfnOfs.5446
 .rodata        0x08009b2e       0x20 /tmp/ccLOPJZu.ltrans2.ltrans.o
 .rodata        0x08009b4e       0x34 /tmp/ccLOPJZu.ltrans3.ltrans.o
 .rodata        0x08009b82       0x74 /tmp/ccLOPJZu.ltrans5.ltrans.o
 .rodata        0x08009bf6      0x3c0 /tmp/ccLOPJZu.ltrans6.ltrans.o
 *(.rodata*)
 .rodata.str1.1
                0x08009fb6      0x27c /tmp/ccLOPJZu.ltrans0.ltrans.o
 .rodata.str1.1
                0x0800a232       0x10 /tmp/ccLOPJZu.ltrans1.ltrans.o
                                 0x19 (size before relaxing)
 .rodata.str1.1
                0x0800a242        0x6 /tmp/ccLOPJZu.ltrans2.ltrans.o
 .rodata.MASS_DeviceDescriptor
                0x0800a248       0x12 /tmp/ccLOPJZu.ltrans2.ltrans.o
 .rodata.L3GD20_setup
                0x0800a25a        0x6 /tmp/ccLOPJZu.ltrans7.ltrans.o
 .rodata.str1.4
                0x0800a260        0x4 /home/laurence/ARM-GCC/bin/../lib/gcc/arm-none-eabi/4.7.4/../../../../arm-none-eabi/lib/armv7-m/libc.a(lib_a-impure.o)
 *(.glue_7)
 .glue_7        0x00000000        0x0 linker stubs
 *(.glue_7t)
 .glue_7t       0x00000000        0x0 linker stubs
 *(.init)
 .init          0x0800a264        0x4 /home/laurence/ARM-GCC/bin/../lib/gcc/arm-none-eabi/4.7.4/armv7-m/crti.o
                0x0800a264                _init
 .init          0x0800a268        0x8 /home/laurence/ARM-GCC/bin/../lib/gcc/arm-none-eabi/4.7.4/armv7-m/crtn.o
 *(.fini)
 .fini          0x0800a270        0x4 /home/laurence/ARM-GCC/bin/../lib/gcc/arm-none-eabi/4.7.4/armv7-m/crti.o
                0x0800a270                _fini
 .fini          0x0800a274        0x8 /home/laurence/ARM-GCC/bin/../lib/gcc/arm-none-eabi/4.7.4/armv7-m/crtn.o
                0x0800a27c                . = ALIGN (0x4)
                0x0800a27c                _etext = .
                0x0800a27c                _sidata = _etext

.vfp11_veneer   0x0800a27c        0x0
 .vfp11_veneer  0x00000000        0x0 linker stubs

.v4_bx          0x0800a27c        0x0
 .v4_bx         0x00000000        0x0 linker stubs

.iplt           0x0800a27c        0x0
 .iplt          0x00000000        0x0 /home/laurence/ARM-GCC/bin/../lib/gcc/arm-none-eabi/4.7.4/armv7-m/crtbegin.o

.rel.dyn        0x0800a27c        0x0
 .rel.iplt      0x00000000        0x0 /home/laurence/ARM-GCC/bin/../lib/gcc/arm-none-eabi/4.7.4/armv7-m/crtbegin.o

.flashpatch     0x00000000        0x0
                0x00000000                . = ALIGN (0x4)
 *(.flashpatch)
                0x00000000                . = ALIGN (0x4)

.endflash       0x00000000        0x0
                0x00000000                . = ALIGN (0x4)
 *(.endflash)
                0x00000000                . = ALIGN (0x4)
                0x00000000                _e_endflash = .

.data           0x20000000      0x9dc load address 0x0800a27c
                0x20000000                . = ALIGN (0x4)
                0x20000000                _sdata = .
                0x20000000                _data = .
 *(.data)
 .data          0x20000000        0x1 /tmp/ccLOPJZu.ltrans1.ltrans.o
                0x20000000                Stat.5721
 *fill*         0x20000001        0x3 00
 .data          0x20000004       0x18 /tmp/ccLOPJZu.ltrans2.ltrans.o
                0x20000017                Device_Table
 .data          0x2000001c       0x28 /tmp/ccLOPJZu.ltrans3.ltrans.o
                0x20000020                User_Standard_Requests
 .data          0x20000044       0x4c /tmp/ccLOPJZu.ltrans4.ltrans.o
                0x20000044                Device_Property
                0x20000074                pEpInt_IN
 .data          0x20000090       0x44 /tmp/ccLOPJZu.ltrans5.ltrans.o
                0x200000ac                String_Descriptor
 .data          0x200000d4       0x90 /tmp/ccLOPJZu.ltrans6.ltrans.o
                0x2000011c                Scsi_Sense_Data
                0x20000148                pEpInt_OUT
 .data          0x20000164       0x20 /tmp/ccLOPJZu.ltrans7.ltrans.o
                0x20000164                I2C_jobs
 *(.data.*)
 .data.Active_freq
                0x20000184        0x4 /tmp/ccLOPJZu.ltrans3.ltrans.o
 .data.__malloc_av_
                0x20000188      0x408 /home/laurence/ARM-GCC/bin/../lib/gcc/arm-none-eabi/4.7.4/../../../../arm-none-eabi/lib/armv7-m/libc.a(lib_a-mallocr.o)
                0x20000188                __malloc_av_
 .data.__malloc_trim_threshold
                0x20000590        0x4 /home/laurence/ARM-GCC/bin/../lib/gcc/arm-none-eabi/4.7.4/../../../../arm-none-eabi/lib/armv7-m/libc.a(lib_a-mallocr.o)
                0x20000590                __malloc_trim_threshold
 .data.__malloc_sbrk_base
                0x20000594        0x4 /home/laurence/ARM-GCC/bin/../lib/gcc/arm-none-eabi/4.7.4/../../../../arm-none-eabi/lib/armv7-m/libc.a(lib_a-mallocr.o)
                0x20000594                __malloc_sbrk_base
 .data.ADCPrescTable
                0x20000598        0x4 lib/STM32F10x_StdPeriph_Driver/libstm32fw.a(stm32f10x_rcc.o)
 .data.APBAHBPrescTable
                0x2000059c       0x10 lib/STM32F10x_StdPeriph_Driver/libstm32fw.a(stm32f10x_rcc.o)
 *fill*         0x200005ac        0x4 00
 .data.impure_data
                0x200005b0      0x428 /home/laurence/ARM-GCC/bin/../lib/gcc/arm-none-eabi/4.7.4/../../../../arm-none-eabi/lib/armv7-m/libc.a(lib_a-impure.o)
 .data._impure_ptr
                0x200009d8        0x4 /home/laurence/ARM-GCC/bin/../lib/gcc/arm-none-eabi/4.7.4/../../../../arm-none-eabi/lib/armv7-m/libc.a(lib_a-impure.o)
                0x200009d8                _impure_ptr
 *(.RAMtext)
                0x200009dc                . = ALIGN (0x4)
                0x200009dc                _edata = .
                0x0800ac58                _eidata = (_sidata + (_edata - _sdata))
                0x08020000                _lastdataromaddress = (ORIGIN (FLASH) + 0x20000)
                0x00000000                toobig = (_eidata > _lastdataromaddress)?!!!!!!!!! FLASH IS FULL !!!!!!!!!:0x0

.igot.plt       0x200009dc        0x0 load address 0x0800ac58
 .igot.plt      0x00000000        0x0 /home/laurence/ARM-GCC/bin/../lib/gcc/arm-none-eabi/4.7.4/armv7-m/crtbegin.o

.bss            0x200009e0      0xcb0 load address 0x0800ac60
                0x200009e0                . = ALIGN (0x4)
                0x200009e0                _sbss = .
                0x200009e0                _bss = .
 *(.bss)
 .bss           0x200009e0      0xa28 /tmp/ccLOPJZu.ltrans0.ltrans.o
                0x20000e08                bootsource
                0x20000e0c                rputchar.5803
                0x20000e10                Data_Buffer
                0x20000e14                Millis
                0x20000e18                Battery_Voltage
                0x20000e1c                FatFs.5448
                0x20001054                FATFS_info
                0x20001074                FATFS_logfile
                0x20001298                print_string
                0x20001398                Jobs
                0x2000139c                Completed_Jobs
                0x200013a0                Gps
                0x200013d4                Gps_Buffer
                0x200013e0                Gyro_XY_Rate
                0x200013e4                Gyro_Z_Rate
                0x200013e8                Ind_Voltage
                0x200013ec                Auto_volt
                0x200013f0                Ignition_Selftest
                0x200013f2                AutoSequence
                0x200013f4                System_state_Global
                0x200013f8                Aux_Voltage
                0x200013fc                Gyro_Temperature
                0x20001400                Auto_spin
                0x20001404                Shutdown_System
 .bss           0x20001408        0x1 /tmp/ccLOPJZu.ltrans1.ltrans.o
                0x20001408                CardType.5722
 *fill*         0x20001409        0x3 00
 .bss           0x2000140c       0x90 /tmp/ccLOPJZu.ltrans2.ltrans.o
                0x20001498                wIstr
 .bss           0x2000149c       0x2c /tmp/ccLOPJZu.ltrans3.ltrans.o
 .bss           0x200014c8        0x8 /tmp/ccLOPJZu.ltrans4.ltrans.o
                0x200014c8                Timer1.5716
 .bss           0x200014d0       0x30 /tmp/ccLOPJZu.ltrans5.ltrans.o
 .bss           0x20001500       0x98 /tmp/ccLOPJZu.ltrans6.ltrans.o
                0x20001500                CBW
                0x20001520                Bulk_Data_Buff
                0x20001560                Data_Len
                0x20001562                Bot_State
                0x20001564                CSW
                0x20001574                SCSI_LBA
                0x20001578                SCSI_BlkLen
                0x2000157c                Mass_Block_Count
                0x20001584                Mass_Block_Size
 .bss           0x20001598       0x3c /tmp/ccLOPJZu.ltrans7.ltrans.o
                0x20001599                L3GD20_Data_Buffer
                0x200015a1                AFROESC_Data_Buffer
                0x200015b4                AFROESC_Throttle
                0x200015c3                Silabs_spi_state
                0x200015c4                Silabs_driver_state
                0x200015c8                Silabs_Tx_Buffer
 .bss           0x200015d4       0x18 /tmp/ccLOPJZu.ltrans8.ltrans.o
                0x200015d8                TransferState
                0x200015e8                Sd_Spi_Called_From_USB_MSC
 .bss           0x200015ec        0xc /tmp/ccLOPJZu.ltrans9.ltrans.o
 *(.bss.*)
 .bss.file_opened
                0x200015f8        0x1 /tmp/ccLOPJZu.ltrans0.ltrans.o
 *fill*         0x200015f9        0x3 00
 .bss.bDeviceState
                0x200015fc        0x4 /tmp/ccLOPJZu.ltrans0.ltrans.o
                0x200015fc                bDeviceState
 .bss.Status    0x20001600        0x4 /tmp/ccLOPJZu.ltrans0.ltrans.o
                0x20001600                Status
 .bss.bIntPackSOF
                0x20001604        0x1 /tmp/ccLOPJZu.ltrans2.ltrans.o
 *fill*         0x20001605        0x3 00
 .bss.Max_Lun   0x20001608        0x4 /tmp/ccLOPJZu.ltrans6.ltrans.o
                0x20001608                Max_Lun
 .bss.Page00_Inquiry_Data
                0x2000160c        0x5 /tmp/ccLOPJZu.ltrans6.ltrans.o
 *fill*         0x20001611        0x3 00
 .bss.__malloc_max_total_mem
                0x20001614        0x4 /home/laurence/ARM-GCC/bin/../lib/gcc/arm-none-eabi/4.7.4/../../../../arm-none-eabi/lib/armv7-m/libc.a(lib_a-mallocr.o)
                0x20001614                __malloc_max_total_mem
 .bss.__malloc_max_sbrked_mem
                0x20001618        0x4 /home/laurence/ARM-GCC/bin/../lib/gcc/arm-none-eabi/4.7.4/../../../../arm-none-eabi/lib/armv7-m/libc.a(lib_a-mallocr.o)
                0x20001618                __malloc_max_sbrked_mem
 .bss.__malloc_top_pad
                0x2000161c        0x4 /home/laurence/ARM-GCC/bin/../lib/gcc/arm-none-eabi/4.7.4/../../../../arm-none-eabi/lib/armv7-m/libc.a(lib_a-mallocr.o)
                0x2000161c                __malloc_top_pad
 .bss.__malloc_current_mallinfo
                0x20001620       0x28 /home/laurence/ARM-GCC/bin/../lib/gcc/arm-none-eabi/4.7.4/../../../../arm-none-eabi/lib/armv7-m/libc.a(lib_a-mallocr.o)
                0x20001620                __malloc_current_mallinfo
 .bss.Data_Mul_MaxPacketSize
                0x20001648        0x1 lib/STM32_USB-FS-Device_Driver/libstm32usb.a(usb_core.o)
                0x20001648                Data_Mul_MaxPacketSize
 *fill*         0x20001649        0x3 00
 .bss.heap_end.4231
                0x2000164c        0x4 /home/laurence/ARM-GCC/bin/../lib/gcc/arm-none-eabi/4.7.4/../../../../arm-none-eabi/lib/armv7-m/libnosys.a(sbrk.o)
 *(COMMON)
 COMMON         0x20001650        0x4 /home/laurence/ARM-GCC/bin/../lib/gcc/arm-none-eabi/4.7.4/../../../../arm-none-eabi/lib/armv7-m/libc.a(lib_a-reent.o)
                0x20001650                errno
 COMMON         0x20001654        0x2 lib/STM32_USB-FS-Device_Driver/libstm32usb.a(usb_core.o)
                0x20001654                StatusInfo
 *fill*         0x20001656        0x2 00
 COMMON         0x20001658       0x32 lib/STM32_USB-FS-Device_Driver/libstm32usb.a(usb_init.o)
                0x20001658                SaveState
                0x2000165c                pProperty
                0x20001660                EPindex
                0x20001664                Device_Info
                0x20001680                pUser_Standard_Requests
                0x20001684                pInformation
                0x20001688                wInterrupt_Mask
 COMMON         0x2000168a        0x4 lib/STM32_USB-FS-Device_Driver/libstm32usb.a(usb_int.o)
                0x2000168a                SaveRState
                0x2000168c                SaveTState
                0x20001690                . = ALIGN (0x4)
 *fill*         0x2000168e        0x2 00
                0x20001690                _ebss = .
                0x20001690                PROVIDE (end, _ebss)
                0x20001690                PROVIDE (_end, _ebss)

._usrstack      0x20001690     0x2000 load address 0x0800b910
                0x20001690                . = ALIGN (0x4)
                0x20001690                _susrstack = .
                0x20003690                . = (. + _Minimum_Stack_Size)
 *fill*         0x20001690     0x2000 00
                0x20003690                . = ALIGN (0x4)
                0x20003690                _eusrstack = .
                0x20005000                _lastramaddress = (ORIGIN (RAM) + 0x5000)
                0x00000000                toobig = (_eusrstack > _lastramaddress)?!!!!!!!!! RAM IS FULL !!!!!!!!!:0x0

.b1text
 *(.b1text)
 *(.b1rodata)
 *(.b1rodata*)

.eb0text
 *(.eb0text)
 *(.eb0rodata)
 *(.eb0rodata*)

.eb1text
 *(.eb1text)
 *(.eb1rodata)
 *(.eb1rodata*)

.eb2text
 *(.eb2text)
 *(.eb2rodata)
 *(.eb2rodata*)

.eb3text
 *(.eb3text)
 *(.eb3rodata)
 *(.eb3rodata*)
                0x20003690                __exidx_start = .
                0x20003690                __exidx_end = .

/DISCARD/
 libc.a(*)
 libm.a(*)
 libgcc.a(*)

.stab
 *(.stab)

.stabstr
 *(.stabstr)

.stab.excl
 *(.stab.excl)

.stab.exclstr
 *(.stab.exclstr)

.stab.index
 *(.stab.index)

.stab.indexstr
 *(.stab.indexstr)

.comment        0x00000000       0x70
 *(.comment)
 .comment       0x00000000       0x71 /tmp/ccLOPJZu.ltrans0.ltrans.o
 .comment       0x00000000       0x71 /tmp/ccLOPJZu.ltrans1.ltrans.o
 .comment       0x00000000       0x71 /tmp/ccLOPJZu.ltrans2.ltrans.o
 .comment       0x00000000       0x71 /tmp/ccLOPJZu.ltrans3.ltrans.o
 .comment       0x00000000       0x71 /tmp/ccLOPJZu.ltrans4.ltrans.o
 .comment       0x00000000       0x71 /tmp/ccLOPJZu.ltrans5.ltrans.o
 .comment       0x00000000       0x71 /tmp/ccLOPJZu.ltrans6.ltrans.o
 .comment       0x00000000       0x71 /tmp/ccLOPJZu.ltrans7.ltrans.o
 .comment       0x00000000       0x71 /tmp/ccLOPJZu.ltrans8.ltrans.o
 .comment       0x00000000       0x71 /tmp/ccLOPJZu.ltrans9.ltrans.o
 .comment       0x00000000       0x70 lib/STM32F10x_StdPeriph_Driver/libstm32fw.a(misc.o)
                                 0x71 (size before relaxing)
 .comment       0x00000000       0x71 lib/STM32F10x_StdPeriph_Driver/libstm32fw.a(stm32f10x_adc.o)
 .comment       0x00000000       0x71 lib/STM32F10x_StdPeriph_Driver/libstm32fw.a(stm32f10x_bkp.o)
 .comment       0x00000000       0x71 lib/STM32F10x_StdPeriph_Driver/libstm32fw.a(stm32f10x_dbgmcu.o)
 .comment       0x00000000       0x71 lib/STM32F10x_StdPeriph_Driver/libstm32fw.a(stm32f10x_dma.o)
 .comment       0x00000000       0x71 lib/STM32F10x_StdPeriph_Driver/libstm32fw.a(stm32f10x_exti.o)
 .comment       0x00000000       0x71 lib/STM32F10x_StdPeriph_Driver/libstm32fw.a(stm32f10x_gpio.o)
 .comment       0x00000000       0x71 lib/STM32F10x_StdPeriph_Driver/libstm32fw.a(stm32f10x_i2c.o)
 .comment       0x00000000       0x71 lib/STM32F10x_StdPeriph_Driver/libstm32fw.a(stm32f10x_iwdg.o)
 .comment       0x00000000       0x71 lib/STM32F10x_StdPeriph_Driver/libstm32fw.a(stm32f10x_pwr.o)
 .comment       0x00000000       0x71 lib/STM32F10x_StdPeriph_Driver/libstm32fw.a(stm32f10x_rcc.o)
 .comment       0x00000000       0x71 lib/STM32F10x_StdPeriph_Driver/libstm32fw.a(stm32f10x_rtc.o)
 .comment       0x00000000       0x71 lib/STM32F10x_StdPeriph_Driver/libstm32fw.a(stm32f10x_spi.o)
 .comment       0x00000000       0x71 lib/STM32F10x_StdPeriph_Driver/libstm32fw.a(stm32f10x_usart.o)
 .comment       0x00000000       0x71 lib/STM32_USB-FS-Device_Driver/libstm32usb.a(usb_core.o)
 .comment       0x00000000       0x71 lib/STM32_USB-FS-Device_Driver/libstm32usb.a(usb_init.o)
 .comment       0x00000000       0x71 lib/STM32_USB-FS-Device_Driver/libstm32usb.a(usb_int.o)
 .comment       0x00000000       0x71 lib/STM32_USB-FS-Device_Driver/libstm32usb.a(usb_mem.o)
 .comment       0x00000000       0x71 lib/STM32_USB-FS-Device_Driver/libstm32usb.a(usb_regs.o)
 .comment       0x00000000       0x71 lib/STM32_USB-FS-Device_Driver/libstm32usb.a(usb_sil.o)

.ARM.attributes
                0x00000000       0x29
 .ARM.attributes
                0x00000000       0x1d /home/laurence/ARM-GCC/bin/../lib/gcc/arm-none-eabi/4.7.4/armv7-m/crti.o
 .ARM.attributes
                0x0000001d       0x31 /tmp/ccLOPJZu.ltrans0.ltrans.o
 .ARM.attributes
                0x0000004e       0x31 /tmp/ccLOPJZu.ltrans1.ltrans.o
 .ARM.attributes
                0x0000007f       0x31 /tmp/ccLOPJZu.ltrans2.ltrans.o
 .ARM.attributes
                0x000000b0       0x31 /tmp/ccLOPJZu.ltrans3.ltrans.o
 .ARM.attributes
                0x000000e1       0x31 /tmp/ccLOPJZu.ltrans4.ltrans.o
 .ARM.attributes
                0x00000112       0x31 /tmp/ccLOPJZu.ltrans5.ltrans.o
 .ARM.attributes
                0x00000143       0x31 /tmp/ccLOPJZu.ltrans6.ltrans.o
 .ARM.attributes
                0x00000174       0x31 /tmp/ccLOPJZu.ltrans7.ltrans.o
 .ARM.attributes
                0x000001a5       0x31 /tmp/ccLOPJZu.ltrans8.ltrans.o
 .ARM.attributes
                0x000001d6       0x31 /tmp/ccLOPJZu.ltrans9.ltrans.o
 .ARM.attributes
                0x00000207       0x1d /home/laurence/ARM-GCC/bin/../lib/gcc/arm-none-eabi/4.7.4/armv7-m/libgcc.a(_arm_addsubdf3.o)
 .ARM.attributes
                0x00000224       0x1d /home/laurence/ARM-GCC/bin/../lib/gcc/arm-none-eabi/4.7.4/armv7-m/libgcc.a(_arm_muldivdf3.o)
 .ARM.attributes
                0x00000241       0x1d /home/laurence/ARM-GCC/bin/../lib/gcc/arm-none-eabi/4.7.4/armv7-m/libgcc.a(_arm_cmpdf2.o)
 .ARM.attributes
                0x0000025e       0x1d /home/laurence/ARM-GCC/bin/../lib/gcc/arm-none-eabi/4.7.4/armv7-m/libgcc.a(_arm_fixunsdfsi.o)
 .ARM.attributes
                0x0000027b       0x1d /home/laurence/ARM-GCC/bin/../lib/gcc/arm-none-eabi/4.7.4/armv7-m/libgcc.a(_arm_truncdfsf2.o)
 .ARM.attributes
                0x00000298       0x1d /home/laurence/ARM-GCC/bin/../lib/gcc/arm-none-eabi/4.7.4/armv7-m/libgcc.a(_arm_addsubsf3.o)
 .ARM.attributes
                0x000002b5       0x1d /home/laurence/ARM-GCC/bin/../lib/gcc/arm-none-eabi/4.7.4/armv7-m/libgcc.a(_arm_muldivsf3.o)
 .ARM.attributes
                0x000002d2       0x1d /home/laurence/ARM-GCC/bin/../lib/gcc/arm-none-eabi/4.7.4/armv7-m/libgcc.a(_arm_cmpsf2.o)
 .ARM.attributes
                0x000002ef       0x1d /home/laurence/ARM-GCC/bin/../lib/gcc/arm-none-eabi/4.7.4/armv7-m/libgcc.a(_arm_fixunssfsi.o)
 .ARM.attributes
                0x0000030c       0x2d /home/laurence/ARM-GCC/bin/../lib/gcc/arm-none-eabi/4.7.4/../../../../arm-none-eabi/lib/armv7-m/libc.a(lib_a-malloc.o)
 .ARM.attributes
                0x00000339       0x2d /home/laurence/ARM-GCC/bin/../lib/gcc/arm-none-eabi/4.7.4/../../../../arm-none-eabi/lib/armv7-m/libc.a(lib_a-mallocr.o)
 .ARM.attributes
                0x00000366       0x2d /home/laurence/ARM-GCC/bin/../lib/gcc/arm-none-eabi/4.7.4/../../../../arm-none-eabi/lib/armv7-m/libc.a(lib_a-memcpy.o)
 .ARM.attributes
                0x00000393       0x2d /home/laurence/ARM-GCC/bin/../lib/gcc/arm-none-eabi/4.7.4/../../../../arm-none-eabi/lib/armv7-m/libc.a(lib_a-mlock.o)
 .ARM.attributes
                0x000003c0       0x2d /home/laurence/ARM-GCC/bin/../lib/gcc/arm-none-eabi/4.7.4/../../../../arm-none-eabi/lib/armv7-m/libc.a(lib_a-sbrkr.o)
 .ARM.attributes
                0x000003ed       0x2d /home/laurence/ARM-GCC/bin/../lib/gcc/arm-none-eabi/4.7.4/../../../../arm-none-eabi/lib/armv7-m/libc.a(lib_a-strchr.o)
 .ARM.attributes
                0x0000041a       0x2d /home/laurence/ARM-GCC/bin/../lib/gcc/arm-none-eabi/4.7.4/../../../../arm-none-eabi/lib/armv7-m/libc.a(lib_a-strlen.o)
 .ARM.attributes
                0x00000447       0x2d /home/laurence/ARM-GCC/bin/../lib/gcc/arm-none-eabi/4.7.4/../../../../arm-none-eabi/lib/armv7-m/libc.a(lib_a-strncmp.o)
 .ARM.attributes
                0x00000474       0x2d /home/laurence/ARM-GCC/bin/../lib/gcc/arm-none-eabi/4.7.4/../../../../arm-none-eabi/lib/armv7-m/libc.a(lib_a-strncpy.o)
 .ARM.attributes
                0x000004a1       0x2d /home/laurence/ARM-GCC/bin/../lib/gcc/arm-none-eabi/4.7.4/../../../../arm-none-eabi/lib/armv7-m/libc.a(lib_a-freer.o)
 .ARM.attributes
                0x000004ce       0x2d /home/laurence/ARM-GCC/bin/../lib/gcc/arm-none-eabi/4.7.4/../../../../arm-none-eabi/lib/armv7-m/libc.a(lib_a-reent.o)
 .ARM.attributes
                0x000004fb       0x21 lib/CMSIS_CM3/startup/gcc/startup_stm32f10x_md.o
 .ARM.attributes
                0x0000051c       0x33 lib/STM32F10x_StdPeriph_Driver/libstm32fw.a(misc.o)
 .ARM.attributes
                0x0000054f       0x33 lib/STM32F10x_StdPeriph_Driver/libstm32fw.a(stm32f10x_adc.o)
 .ARM.attributes
                0x00000582       0x33 lib/STM32F10x_StdPeriph_Driver/libstm32fw.a(stm32f10x_bkp.o)
 .ARM.attributes
                0x000005b5       0x33 lib/STM32F10x_StdPeriph_Driver/libstm32fw.a(stm32f10x_dbgmcu.o)
 .ARM.attributes
                0x000005e8       0x33 lib/STM32F10x_StdPeriph_Driver/libstm32fw.a(stm32f10x_dma.o)
 .ARM.attributes
                0x0000061b       0x33 lib/STM32F10x_StdPeriph_Driver/libstm32fw.a(stm32f10x_exti.o)
 .ARM.attributes
                0x0000064e       0x33 lib/STM32F10x_StdPeriph_Driver/libstm32fw.a(stm32f10x_gpio.o)
 .ARM.attributes
                0x00000681       0x33 lib/STM32F10x_StdPeriph_Driver/libstm32fw.a(stm32f10x_i2c.o)
 .ARM.attributes
                0x000006b4       0x33 lib/STM32F10x_StdPeriph_Driver/libstm32fw.a(stm32f10x_iwdg.o)
 .ARM.attributes
                0x000006e7       0x33 lib/STM32F10x_StdPeriph_Driver/libstm32fw.a(stm32f10x_pwr.o)
 .ARM.attributes
                0x0000071a       0x33 lib/STM32F10x_StdPeriph_Driver/libstm32fw.a(stm32f10x_rcc.o)
 .ARM.attributes
                0x0000074d       0x33 lib/STM32F10x_StdPeriph_Driver/libstm32fw.a(stm32f10x_rtc.o)
 .ARM.attributes
                0x00000780       0x33 lib/STM32F10x_StdPeriph_Driver/libstm32fw.a(stm32f10x_spi.o)
 .ARM.attributes
                0x000007b3       0x33 lib/STM32F10x_StdPeriph_Driver/libstm32fw.a(stm32f10x_usart.o)
 .ARM.attributes
                0x000007e6       0x33 lib/STM32_USB-FS-Device_Driver/libstm32usb.a(usb_core.o)
 .ARM.attributes
                0x00000819       0x33 lib/STM32_USB-FS-Device_Driver/libstm32usb.a(usb_init.o)
 .ARM.attributes
                0x0000084c       0x33 lib/STM32_USB-FS-Device_Driver/libstm32usb.a(usb_int.o)
 .ARM.attributes
                0x0000087f       0x33 lib/STM32_USB-FS-Device_Driver/libstm32usb.a(usb_mem.o)
 .ARM.attributes
                0x000008b2       0x33 lib/STM32_USB-FS-Device_Driver/libstm32usb.a(usb_regs.o)
 .ARM.attributes
                0x000008e5       0x33 lib/STM32_USB-FS-Device_Driver/libstm32usb.a(usb_sil.o)
 .ARM.attributes
                0x00000918       0x2d /home/laurence/ARM-GCC/bin/../lib/gcc/arm-none-eabi/4.7.4/../../../../arm-none-eabi/lib/armv7-m/libc.a(lib_a-impure.o)
 .ARM.attributes
                0x00000945       0x2d /home/laurence/ARM-GCC/bin/../lib/gcc/arm-none-eabi/4.7.4/../../../../arm-none-eabi/lib/armv7-m/libc.a(lib_a-memset.o)
 .ARM.attributes
                0x00000972       0x1d /home/laurence/ARM-GCC/bin/../lib/gcc/arm-none-eabi/4.7.4/armv7-m/crtn.o
 .ARM.attributes
                0x0000098f       0x2d /home/laurence/ARM-GCC/bin/../lib/gcc/arm-none-eabi/4.7.4/../../../../arm-none-eabi/lib/armv7-m/libnosys.a(sbrk.o)

.debug
 *(.debug)

.line
 *(.line)

.debug_srcinfo
 *(.debug_srcinfo)

.debug_sfnames
 *(.debug_sfnames)

.debug_aranges
 *(.debug_aranges)

.debug_pubnames
 *(.debug_pubnames)

.debug_info
 *(.debug_info .gnu.linkonce.wi.*)

.debug_abbrev
 *(.debug_abbrev)

.debug_line
 *(.debug_line)

.debug_frame    0x00000000      0x2a0
 *(.debug_frame)
 .debug_frame   0x00000000       0x30 /home/laurence/ARM-GCC/bin/../lib/gcc/arm-none-eabi/4.7.4/../../../../arm-none-eabi/lib/armv7-m/libc.a(lib_a-malloc.o)
 .debug_frame   0x00000030       0x38 /home/laurence/ARM-GCC/bin/../lib/gcc/arm-none-eabi/4.7.4/../../../../arm-none-eabi/lib/armv7-m/libc.a(lib_a-mallocr.o)
 .debug_frame   0x00000068       0x30 /home/laurence/ARM-GCC/bin/../lib/gcc/arm-none-eabi/4.7.4/../../../../arm-none-eabi/lib/armv7-m/libc.a(lib_a-memcpy.o)
 .debug_frame   0x00000098       0x30 /home/laurence/ARM-GCC/bin/../lib/gcc/arm-none-eabi/4.7.4/../../../../arm-none-eabi/lib/armv7-m/libc.a(lib_a-mlock.o)
 .debug_frame   0x000000c8       0x2c /home/laurence/ARM-GCC/bin/../lib/gcc/arm-none-eabi/4.7.4/../../../../arm-none-eabi/lib/armv7-m/libc.a(lib_a-sbrkr.o)
 .debug_frame   0x000000f4       0x2c /home/laurence/ARM-GCC/bin/../lib/gcc/arm-none-eabi/4.7.4/../../../../arm-none-eabi/lib/armv7-m/libc.a(lib_a-strchr.o)
 .debug_frame   0x00000120       0x20 /home/laurence/ARM-GCC/bin/../lib/gcc/arm-none-eabi/4.7.4/../../../../arm-none-eabi/lib/armv7-m/libc.a(lib_a-strlen.o)
 .debug_frame   0x00000140       0x2c /home/laurence/ARM-GCC/bin/../lib/gcc/arm-none-eabi/4.7.4/../../../../arm-none-eabi/lib/armv7-m/libc.a(lib_a-strncmp.o)
 .debug_frame   0x0000016c       0x2c /home/laurence/ARM-GCC/bin/../lib/gcc/arm-none-eabi/4.7.4/../../../../arm-none-eabi/lib/armv7-m/libc.a(lib_a-strncpy.o)