Archive member included because of file (symbol)

lib/STM32F10x_StdPeriph_Driver/libstm32fw.a(misc.o)
                              interrupts.o (symbol from plugin) (NVIC_PriorityGroupConfig)
lib/STM32F10x_StdPeriph_Driver/libstm32fw.a(stm32f10x_adc.o)
                              adc.o (symbol from plugin) (ADC_DeInit)
lib/STM32F10x_StdPeriph_Driver/libstm32fw.a(stm32f10x_bkp.o)
                              Util/fat_fs/src/rtc.o (symbol from plugin) (BKP_DeInit)
lib/STM32F10x_StdPeriph_Driver/libstm32fw.a(stm32f10x_dbgmcu.o)
                              main.o (symbol from plugin) (DBGMCU_Config)
lib/STM32F10x_StdPeriph_Driver/libstm32fw.a(stm32f10x_dma.o)
                              Silabs/si446x.o (symbol from plugin) (DMA_DeInit)
lib/STM32F10x_StdPeriph_Driver/libstm32fw.a(stm32f10x_exti.o)
                              Silabs/si446x.o (symbol from plugin) (EXTI_DeInit)
lib/STM32F10x_StdPeriph_Driver/libstm32fw.a(stm32f10x_gpio.o)
                              Silabs/si446x.o (symbol from plugin) (GPIO_Init)
lib/STM32F10x_StdPeriph_Driver/libstm32fw.a(stm32f10x_i2c.o)
                              i2c_int.o (symbol from plugin) (I2C_DeInit)
lib/STM32F10x_StdPeriph_Driver/libstm32fw.a(stm32f10x_iwdg.o)
                              watchdog.o (symbol from plugin) (IWDG_WriteAccessCmd)
lib/STM32F10x_StdPeriph_Driver/libstm32fw.a(stm32f10x_pwr.o)
                              pwr.o (symbol from plugin) (PWR_DeInit)
lib/STM32F10x_StdPeriph_Driver/libstm32fw.a(stm32f10x_rcc.o)
                              interrupts.o (symbol from plugin) (RCC_HCLKConfig)
lib/STM32F10x_StdPeriph_Driver/libstm32fw.a(stm32f10x_rtc.o)
                              Util/fat_fs/src/rtc.o (symbol from plugin) (RTC_GetCounter)
lib/STM32F10x_StdPeriph_Driver/libstm32fw.a(stm32f10x_spi.o)
                              Util/fat_fs/src/sd_spi_stm32.o (symbol from plugin) (SPI_I2S_DeInit)
lib/STM32F10x_StdPeriph_Driver/libstm32fw.a(stm32f10x_tim.o)
                              pwm.o (symbol from plugin) (TIM_TimeBaseInit)
lib/STM32F10x_StdPeriph_Driver/libstm32fw.a(stm32f10x_usart.o)
                              usart.o (symbol from plugin) (USART_DeInit)
lib/STM32_USB-FS-Device_Driver/libstm32usb.a(usb_core.o)
                              Util/USB/usb_prop.o (symbol from plugin) (Standard_GetDescriptorData)
lib/STM32_USB-FS-Device_Driver/libstm32usb.a(usb_init.o)
                              main.o (symbol from plugin) (USB_Init)
lib/STM32_USB-FS-Device_Driver/libstm32usb.a(usb_int.o)
                              Util/USB/usb_istr.o (symbol from plugin) (CTR_LP)
lib/STM32_USB-FS-Device_Driver/libstm32usb.a(usb_mem.o)
                              lib/STM32_USB-FS-Device_Driver/libstm32usb.a(usb_core.o) (UserToPMABufferCopy)
lib/STM32_USB-FS-Device_Driver/libstm32usb.a(usb_regs.o)
                              Util/USB/usb_prop.o (symbol from plugin) (SetBTABLE)
lib/STM32_USB-FS-Device_Driver/libstm32usb.a(usb_sil.o)
                              Util/USB/usb_prop.o (symbol from plugin) (USB_SIL_Init)
/home/laurence/ARM-GCC/bin/../lib/gcc/arm-none-eabi/4.7.4/../../../../arm-none-eabi/lib/armv7-m/libc.a(lib_a-__atexit.o)
                              /home/laurence/ARM-GCC/bin/../lib/gcc/arm-none-eabi/4.7.4/../../../../arm-none-eabi/lib/armv7-m/crt0.o (__register_exitproc)
/home/laurence/ARM-GCC/bin/../lib/gcc/arm-none-eabi/4.7.4/../../../../arm-none-eabi/lib/armv7-m/libc.a(lib_a-exit.o)
                              /home/laurence/ARM-GCC/bin/../lib/gcc/arm-none-eabi/4.7.4/../../../../arm-none-eabi/lib/armv7-m/crt0.o (exit)
/home/laurence/ARM-GCC/bin/../lib/gcc/arm-none-eabi/4.7.4/../../../../arm-none-eabi/lib/armv7-m/libc.a(lib_a-fini.o)
                              /home/laurence/ARM-GCC/bin/../lib/gcc/arm-none-eabi/4.7.4/../../../../arm-none-eabi/lib/armv7-m/crt0.o (__libc_fini_array)
/home/laurence/ARM-GCC/bin/../lib/gcc/arm-none-eabi/4.7.4/../../../../arm-none-eabi/lib/armv7-m/libc.a(lib_a-impure.o)
                              /home/laurence/ARM-GCC/bin/../lib/gcc/arm-none-eabi/4.7.4/../../../../arm-none-eabi/lib/armv7-m/libc.a(lib_a-__atexit.o) (_global_impure_ptr)
/home/laurence/ARM-GCC/bin/../lib/gcc/arm-none-eabi/4.7.4/../../../../arm-none-eabi/lib/armv7-m/libc.a(lib_a-init.o)
                              /home/laurence/ARM-GCC/bin/../lib/gcc/arm-none-eabi/4.7.4/../../../../arm-none-eabi/lib/armv7-m/crt0.o (__libc_init_array)
/home/laurence/ARM-GCC/bin/../lib/gcc/arm-none-eabi/4.7.4/../../../../arm-none-eabi/lib/armv7-m/libc.a(lib_a-memset.o)
                              /home/laurence/ARM-GCC/bin/../lib/gcc/arm-none-eabi/4.7.4/../../../../arm-none-eabi/lib/armv7-m/crt0.o (memset)
/home/laurence/ARM-GCC/bin/../lib/gcc/arm-none-eabi/4.7.4/../../../../arm-none-eabi/lib/armv7-m/libc.a(lib_a-__call_atexit.o)
                              /home/laurence/ARM-GCC/bin/../lib/gcc/arm-none-eabi/4.7.4/../../../../arm-none-eabi/lib/armv7-m/libc.a(lib_a-exit.o) (__call_exitprocs)
[...]
Memory Configuration

Name             Origin             Length             Attributes
RAM              0x20000000         0x00005000         xrw
FLASH            0x08000000         0x00020000         xr
FLASHB1          0x00000000         0x00000000         xr
EXTMEMB0         0x00000000         0x00000000         xr
EXTMEMB1         0x00000000         0x00000000         xr
EXTMEMB2         0x00000000         0x00000000         xr
EXTMEMB3         0x00000000         0x00000000         xr
STARTFLASH       0x00000000         0xffffffff
CRPPATCH         0x00000000         0xffffffff
FLASHPATCH       0x00000000         0xffffffff
ENDFLASH         0x00000000         0xffffffff
*default*        0x00000000         0xffffffff

Linker script and memory map

LOAD /home/laurence/ARM-GCC/bin/../lib/gcc/arm-none-eabi/4.7.4/armv7-m/crti.o
LOAD /home/laurence/ARM-GCC/bin/../lib/gcc/arm-none-eabi/4.7.4/armv7-m/crtbegin.o
LOAD /home/laurence/ARM-GCC/bin/../lib/gcc/arm-none-eabi/4.7.4/../../../../arm-none-eabi/lib/armv7-m/crt0.o
LOAD Silabs/si446x.o
LOAD /tmp/ccmnJDpu.ltrans0.ltrans.o
LOAD /tmp/ccmnJDpu.ltrans1.ltrans.o
LOAD /tmp/ccmnJDpu.ltrans2.ltrans.o
LOAD /tmp/ccmnJDpu.ltrans3.ltrans.o
LOAD /tmp/ccmnJDpu.ltrans4.ltrans.o
LOAD /tmp/ccmnJDpu.ltrans5.ltrans.o
LOAD /tmp/ccmnJDpu.ltrans6.ltrans.o
LOAD /tmp/ccmnJDpu.ltrans7.ltrans.o
LOAD /tmp/ccmnJDpu.ltrans8.ltrans.o
LOAD /tmp/ccmnJDpu.ltrans9.ltrans.o
LOAD /home/laurence/ARM-GCC/bin/../lib/gcc/arm-none-eabi/4.7.4/armv7-m/libgcc.a
LOAD /home/laurence/ARM-GCC/bin/../lib/gcc/arm-none-eabi/4.7.4/../../../../arm-none-eabi/lib/armv7-m/libc.a
LOAD Ublox/ubx.o
LOAD Util/USB/hw_config.o
LOAD Util/USB/mass_mal.o
LOAD Util/USB/memory.o
LOAD Util/USB/scsi_data.o
LOAD Util/USB/usb_bot.o
LOAD Util/USB/usb_desc.o
LOAD Util/USB/usb_endp.o
LOAD Util/USB/usb_istr.o
LOAD Util/USB/usb_prop.o
LOAD Util/USB/usb_pwr.o
LOAD Util/USB/usb_scsi.o
LOAD Util/buffer.o
LOAD Util/crc.o
LOAD Util/delay.o
LOAD Util/fat_fs/option/ccsbcs.o
LOAD Util/fat_fs/src/fattime.o
LOAD Util/fat_fs/src/ff.o
LOAD Util/fat_fs/src/rtc.o
LOAD Util/fat_fs/src/sd_spi_stm32.o
LOAD Util/polygon.o
LOAD Util/rprintf.o
LOAD adc.o
LOAD dma.o
LOAD gpio.o
LOAD i2c_int.o
LOAD interrupts.o
LOAD lib/CMSIS_CM3/core_cm3.o
LOAD lib/CMSIS_CM3/startup/gcc/startup_stm32f10x_md.o
LOAD lib/CMSIS_CM3/system_stm32f10x.o
LOAD main.o
LOAD pwm.o
LOAD pwr.o
LOAD usart.o
LOAD watchdog.o
LOAD lib/STM32F10x_StdPeriph_Driver/libstm32fw.a
LOAD lib/STM32_USB-FS-Device_Driver/libstm32usb.a
LOAD /home/laurence/ARM-GCC/bin/../lib/gcc/arm-none-eabi/4.7.4/../../../../arm-none-eabi/lib/armv7-m/libm.a
LOAD /home/laurence/ARM-GCC/bin/../lib/gcc/arm-none-eabi/4.7.4/../../../../arm-none-eabi/lib/armv7-m/libnosys.a
START GROUP
LOAD /home/laurence/ARM-GCC/bin/../lib/gcc/arm-none-eabi/4.7.4/armv7-m/libgcc.a
LOAD /home/laurence/ARM-GCC/bin/../lib/gcc/arm-none-eabi/4.7.4/../../../../arm-none-eabi/lib/armv7-m/libc.a
END GROUP
LOAD /home/laurence/ARM-GCC/bin/../lib/gcc/arm-none-eabi/4.7.4/armv7-m/crtend.o
LOAD /home/laurence/ARM-GCC/bin/../lib/gcc/arm-none-eabi/4.7.4/armv7-m/crtn.o
                0x00002000                __Stack_Size = 0x2000
                0x00002000                PROVIDE (_Stack_Size, __Stack_Size)
                0x20003000                __Stack_Init = (_estack - __Stack_Size)
                0x20003000                PROVIDE (_Stack_Init, __Stack_Init)
                0x00002000                _Minimum_Stack_Size = 0x2000
                0x00000000                PROVIDE (Undefined_Handler, 0x0)
                0x00000000                PROVIDE (SWI_Handler, 0x0)
                0x00000000                PROVIDE (IRQ_Handler, 0x0)
                0x00000000                PROVIDE (Prefetch_Handler, 0x0)
                0x00000000                PROVIDE (Abort_Handler, 0x0)
                0x00000000                PROVIDE (FIQ_Handler, 0x0)
                0x00000000                PROVIDE (NMIException, 0x0)
                0x00000000                PROVIDE (NMI_Handler, 0x0)
                0x00000000                PROVIDE (HardFaultException, 0x0)
                0x00000000                PROVIDE (HardFault_Handler, 0x0)
                0x00000000                PROVIDE (MemManageException, 0x0)
                0x00000000                PROVIDE (MemManage_Handler, 0x0)
                0x00000000                PROVIDE (BusFaultException, 0x0)
                0x00000000                PROVIDE (BusFault_Handler, 0x0)
                0x00000000                PROVIDE (UsageFaultException, 0x0)
                0x00000000                PROVIDE (UsageFault_Handler, 0x0)
                0x00000000                PROVIDE (SVCHandler, 0x0)
                0x00000000                PROVIDE (SVC_Handler, 0x0)
                0x00000000                PROVIDE (DebugMonitor, 0x0)
                0x00000000                PROVIDE (DebugMon_Handler, 0x0)
                0x00000000                PROVIDE (PendSVC, 0x0)
                0x00000000                PROVIDE (PendSV_Handler, 0x0)
                0x00000000                PROVIDE (SysTickHandler, 0x0)
                0x00000000                PROVIDE (SysTick_Handler, 0x0)
                0x00000000                PROVIDE (WWDG_IRQHandler, 0x0)
                0x00000000                PROVIDE (PVD_IRQHandler, 0x0)
                0x00000000                PROVIDE (TAMPER_IRQHandler, 0x0)
                0x00000000                PROVIDE (RTC_IRQHandler, 0x0)
                0x00000000                PROVIDE (FLASH_IRQHandler, 0x0)
                0x00000000                PROVIDE (RCC_IRQHandler, 0x0)
                0x00000000                PROVIDE (EXTI0_IRQHandler, 0x0)
                0x00000000                PROVIDE (EXTI1_IRQHandler, 0x0)
                0x00000000                PROVIDE (EXTI2_IRQHandler, 0x0)
                0x00000000                PROVIDE (EXTI3_IRQHandler, 0x0)
                0x00000000                PROVIDE (EXTI4_IRQHandler, 0x0)
                0x00000000                PROVIDE (DMAChannel1_IRQHandler, 0x0)
                0x00000000                PROVIDE (DMAChannel2_IRQHandler, 0x0)
                0x00000000                PROVIDE (DMAChannel3_IRQHandler, 0x0)
                0x00000000                PROVIDE (DMAChannel4_IRQHandler, 0x0)
                0x00000000                PROVIDE (DMAChannel5_IRQHandler, 0x0)
                0x00000000                PROVIDE (DMAChannel6_IRQHandler, 0x0)
                0x00000000                PROVIDE (DMAChannel7_IRQHandler, 0x0)
                0x00000000                PROVIDE (DMA1_Channel1_IRQHandler, 0x0)
                0x00000000                PROVIDE (DMA1_Channel2_IRQHandler, 0x0)
                0x00000000                PROVIDE (DMA1_Channel3_IRQHandler, 0x0)
                0x00000000                PROVIDE (DMA1_Channel4_IRQHandler, 0x0)
                0x00000000                PROVIDE (DMA1_Channel5_IRQHandler, 0x0)
                0x00000000                PROVIDE (DMA1_Channel6_IRQHandler, 0x0)
                0x00000000                PROVIDE (DMA1_Channel7_IRQHandler, 0x0)
                0x00000000                PROVIDE (ADC_IRQHandler, 0x0)
                0x00000000                PROVIDE (ADC1_2_IRQHandler, 0x0)
                0x00000000                PROVIDE (USB_HP_CAN_TX_IRQHandler, 0x0)
                0x00000000                PROVIDE (USB_HP_CAN1_TX_IRQHandler, 0x0)
                0x00000000                PROVIDE (USB_LP_CAN_RX0_IRQHandler, 0x0)
                0x00000000                PROVIDE (USB_LP_CAN1_RX0_IRQHandler, 0x0)
                0x00000000                PROVIDE (CAN_RX1_IRQHandler, 0x0)
                0x00000000                PROVIDE (CAN1_RX1_IRQHandler, 0x0)
                0x00000000                PROVIDE (CAN_SCE_IRQHandler, 0x0)
                0x00000000                PROVIDE (CAN1_SCE_IRQHandler, 0x0)
                0x00000000                PROVIDE (EXTI9_5_IRQHandler, 0x0)
                0x00000000                PROVIDE (TIM1_BRK_IRQHandler, 0x0)
                0x00000000                PROVIDE (TIM1_UP_IRQHandler, 0x0)
                0x00000000                PROVIDE (TIM1_TRG_COM_IRQHandler, 0x0)
                0x00000000                PROVIDE (TIM1_CC_IRQHandler, 0x0)
                0x00000000                PROVIDE (TIM2_IRQHandler, 0x0)
                0x00000000                PROVIDE (TIM3_IRQHandler, 0x0)
                0x00000000                PROVIDE (TIM4_IRQHandler, 0x0)
                0x00000000                PROVIDE (I2C1_EV_IRQHandler, 0x0)
                0x00000000                PROVIDE (I2C1_ER_IRQHandler, 0x0)
                0x00000000                PROVIDE (I2C2_EV_IRQHandler, 0x0)
                0x00000000                PROVIDE (I2C2_ER_IRQHandler, 0x0)
                0x00000000                PROVIDE (SPI1_IRQHandler, 0x0)
                0x00000000                PROVIDE (SPI2_IRQHandler, 0x0)
                0x00000000                PROVIDE (USART1_IRQHandler, 0x0)
                0x00000000                PROVIDE (USART2_IRQHandler, 0x0)
                0x00000000                PROVIDE (USART3_IRQHandler, 0x0)
                0x00000000                PROVIDE (EXTI15_10_IRQHandler, 0x0)
                0x00000000                PROVIDE (RTCAlarm_IRQHandler, 0x0)
                0x00000000                PROVIDE (USBWakeUp_IRQHandler, 0x0)
                0x00000000                PROVIDE (TIM8_BRK_IRQHandler, 0x0)
                0x00000000                PROVIDE (TIM8_UP_IRQHandler, 0x0)
                0x00000000                PROVIDE (TIM8_TRG_COM_IRQHandler, 0x0)
                0x00000000                PROVIDE (TIM8_CC_IRQHandler, 0x0)
                0x00000000                PROVIDE (ADC3_IRQHandler, 0x0)
                0x00000000                PROVIDE (FSMC_IRQHandler, 0x0)
                0x00000000                PROVIDE (SDIO_IRQHandler, 0x0)
                0x00000000                PROVIDE (TIM5_IRQHandler, 0x0)
                0x00000000                PROVIDE (SPI3_IRQHandler, 0x0)
                0x00000000                PROVIDE (UART4_IRQHandler, 0x0)
                0x00000000                PROVIDE (UART5_IRQHandler, 0x0)
                0x00000000                PROVIDE (TIM6_IRQHandler, 0x0)
                0x00000000                PROVIDE (TIM7_IRQHandler, 0x0)
                0x00000000                PROVIDE (DMA2_Channel1_IRQHandler, 0x0)
                0x00000000                PROVIDE (DMA2_Channel2_IRQHandler, 0x0)
                0x00000000                PROVIDE (DMA2_Channel3_IRQHandler, 0x0)
                0x00000000                PROVIDE (DMA2_Channel4_5_IRQHandler, 0x0)
                0x42000000                PERIPH_BB_BASE = 0x42000000
                0x22000000                SRAM_BB_BASE = 0x22000000
                0x20000000                SRAM_BASE = 0x20000000
                0x40000000                PERIPH_BASE = 0x40000000
                0x40022000                PROVIDE (FLASH_BASE, 0x40022000)
                0x1ffff800                PROVIDE (OB_BASE, 0x1ffff800)
                0x40000000                APB1PERIPH_BASE = PERIPH_BASE
                0x40010000                APB2PERIPH_BASE = (PERIPH_BASE + 0x10000)
                0x40020000                AHBPERIPH_BASE = (PERIPH_BASE + 0x20000)
                0x40000000                PROVIDE (TIM2, (APB1PERIPH_BASE + 0x0))
                0x40000400                PROVIDE (TIM3, (APB1PERIPH_BASE + 0x400))
                0x40000800                PROVIDE (TIM4, (APB1PERIPH_BASE + 0x800))
                0x40002800                PROVIDE (RTC, (APB1PERIPH_BASE + 0x2800))
                0x40002c00                PROVIDE (WWDG, (APB1PERIPH_BASE + 0x2c00))
                0x40003000                PROVIDE (IWDG, (APB1PERIPH_BASE + 0x3000))
                0x40003800                PROVIDE (SPI2, (APB1PERIPH_BASE + 0x3800))
                0x40004400                PROVIDE (USART2, (APB1PERIPH_BASE + 0x4400))
                0x40004800                PROVIDE (USART3, (APB1PERIPH_BASE + 0x4800))
                0x40005400                PROVIDE (I2C1, (APB1PERIPH_BASE + 0x5400))
                0x40005800                PROVIDE (I2C2, (APB1PERIPH_BASE + 0x5800))
                0x40006400                PROVIDE (CAN, (APB1PERIPH_BASE + 0x6400))
                0x40006c00                PROVIDE (BKP, (APB1PERIPH_BASE + 0x6c00))
                0x40007000                PROVIDE (PWR, (APB1PERIPH_BASE + 0x7000))
                0x40010000                PROVIDE (AFIO, (APB2PERIPH_BASE + 0x0))
                0x40010400                PROVIDE (EXTI, (APB2PERIPH_BASE + 0x400))
                0x40010800                PROVIDE (GPIOA, (APB2PERIPH_BASE + 0x800))
                0x40010c00                PROVIDE (GPIOB, (APB2PERIPH_BASE + 0xc00))
                0x40011000                PROVIDE (GPIOC, (APB2PERIPH_BASE + 0x1000))
                0x40011400                PROVIDE (GPIOD, (APB2PERIPH_BASE + 0x1400))
                0x40011800                PROVIDE (GPIOE, (APB2PERIPH_BASE + 0x1800))
                0x40012400                PROVIDE (ADC1, (APB2PERIPH_BASE + 0x2400))
                0x40012800                PROVIDE (ADC2, (APB2PERIPH_BASE + 0x2800))
                0x40012c00                PROVIDE (TIM1, (APB2PERIPH_BASE + 0x2c00))
                0x40013000                PROVIDE (SPI1, (APB2PERIPH_BASE + 0x3000))
                0x40013800                PROVIDE (USART1, (APB2PERIPH_BASE + 0x3800))
                0x40020000                PROVIDE (DMA, (AHBPERIPH_BASE + 0x0))
                0x40020008                PROVIDE (DMA_Channel1, (AHBPERIPH_BASE + 0x8))
                0x4002001c                PROVIDE (DMA_Channel2, (AHBPERIPH_BASE + 0x1c))
                0x40020030                PROVIDE (DMA_Channel3, (AHBPERIPH_BASE + 0x30))
                0x40020044                PROVIDE (DMA_Channel4, (AHBPERIPH_BASE + 0x44))
                0x40020058                PROVIDE (DMA_Channel5, (AHBPERIPH_BASE + 0x58))
                0x4002006c                PROVIDE (DMA_Channel6, (AHBPERIPH_BASE + 0x6c))
                0x40020080                PROVIDE (DMA_Channel7, (AHBPERIPH_BASE + 0x80))
                0x40021000                PROVIDE (RCC, (AHBPERIPH_BASE + 0x1000))
                0xe000e000                SCS_BASE = 0xe000e000
                0xe000e010                PROVIDE (SysTick, (SCS_BASE + 0x10))
                0xe000e100                PROVIDE (NVIC, (SCS_BASE + 0x100))
                0xe000ed00                PROVIDE (SCB, (SCS_BASE + 0xd00))
                0x20005000                PROVIDE (_estack, (ORIGIN (RAM) + 0x5000))

.isr_vector     0x08000000      0x10c
                0x08000000                . = ALIGN (0x4)
 *(.isr_vector)
 .isr_vector    0x08000000      0x10c lib/CMSIS_CM3/startup/gcc/startup_stm32f10x_md.o
                0x08000000                g_pfnVectors
                0x0800010c                . = ALIGN (0x4)

.flash_start    0x00000000        0x0
                0x00000000                . = ALIGN (0x4)
 *(.flash_start)
 *(.flash_start.*)
                0x00000000                . = ALIGN (0x4)

.crp_patch      0x00000000        0x0
                0x00000000                . = ALIGN (0x4)
 *(.crp_patch)
                0x00000000                . = ALIGN (0x4)

.flashtext      0x0800010c        0x0
                0x0800010c                . = ALIGN (0x4)
 *(.flashtext)
                0x0800010c                . = ALIGN (0x4)

.text           0x08000110     0xa7b4
                0x08000110                . = ALIGN (0x4)
 *(.text)
 .text          0x08000110      0x370 /home/laurence/ARM-GCC/bin/../lib/gcc/arm-none-eabi/4.7.4/armv7-m/libgcc.a(_arm_addsubdf3.o)
                0x08000110                __aeabi_drsub
                0x08000118                __aeabi_dsub
                0x08000118                __subdf3
                0x0800011c                __adddf3
                0x0800011c                __aeabi_dadd
                0x08000394                __aeabi_ui2d
                0x08000394                __floatunsidf
                0x080003b4                __floatsidf
                0x080003b4                __aeabi_i2d
                0x080003d8                __extendsfdf2
                0x080003d8                __aeabi_f2d
                0x08000414                __aeabi_ul2d
                0x08000414                __floatundidf
                0x08000424                __floatdidf
                0x08000424                __aeabi_l2d
 .text          0x08000480      0x424 /home/laurence/ARM-GCC/bin/../lib/gcc/arm-none-eabi/4.7.4/armv7-m/libgcc.a(_arm_muldivdf3.o)
                0x08000480                __aeabi_dmul
                0x08000480                __muldf3
                0x080006d4                __aeabi_ddiv
                0x080006d4                __divdf3
 .text          0x080008a4      0x110 /home/laurence/ARM-GCC/bin/../lib/gcc/arm-none-eabi/4.7.4/armv7-m/libgcc.a(_arm_cmpdf2.o)
                0x080008a4                __gtdf2
                0x080008a4                __gedf2
                0x080008ac                __ltdf2
                0x080008ac                __ledf2
                0x080008b4                __cmpdf2
                0x080008b4                __eqdf2
                0x080008b4                __nedf2
                0x08000930                __aeabi_cdrcmple
                0x08000940                __aeabi_cdcmple
                0x08000940                __aeabi_cdcmpeq
                0x08000950                __aeabi_dcmpeq
                0x08000964                __aeabi_dcmplt
                0x08000978                __aeabi_dcmple
                0x0800098c                __aeabi_dcmpge
                0x080009a0                __aeabi_dcmpgt
 .text          0x080009b4       0x40 /home/laurence/ARM-GCC/bin/../lib/gcc/arm-none-eabi/4.7.4/armv7-m/libgcc.a(_arm_fixunsdfsi.o)
                0x080009b4                __fixunsdfsi
                0x080009b4                __aeabi_d2uiz
 .text          0x080009f4       0xa0 /home/laurence/ARM-GCC/bin/../lib/gcc/arm-none-eabi/4.7.4/armv7-m/libgcc.a(_arm_truncdfsf2.o)
                0x080009f4                __aeabi_d2f
                0x080009f4                __truncdfsf2
 .text          0x08000a94      0x21c /home/laurence/ARM-GCC/bin/../lib/gcc/arm-none-eabi/4.7.4/armv7-m/libgcc.a(_arm_addsubsf3.o)
                0x08000a94                __aeabi_frsub
                0x08000a9c                __subsf3
                0x08000a9c                __aeabi_fsub
                0x08000aa0                __aeabi_fadd
                0x08000aa0                __addsf3
                0x08000c00                __aeabi_ui2f
                0x08000c00                __floatunsisf
                0x08000c08                __aeabi_i2f
                0x08000c08                __floatsisf
                0x08000c24                __floatundisf
                0x08000c24                __aeabi_ul2f
                0x08000c34                __floatdisf
                0x08000c34                __aeabi_l2f
 .text          0x08000cb0      0x2a0 /home/laurence/ARM-GCC/bin/../lib/gcc/arm-none-eabi/4.7.4/armv7-m/libgcc.a(_arm_muldivsf3.o)
                0x08000cb0                __mulsf3
                0x08000cb0                __aeabi_fmul
                0x08000e18                __divsf3
                0x08000e18                __aeabi_fdiv
 .text          0x08000f50       0xec /home/laurence/ARM-GCC/bin/../lib/gcc/arm-none-eabi/4.7.4/armv7-m/libgcc.a(_arm_cmpsf2.o)
                0x08000f50                __gtsf2
                0x08000f50                __gesf2
                0x08000f58                __lesf2
                0x08000f58                __ltsf2
                0x08000f60                __nesf2
                0x08000f60                __eqsf2
                0x08000f60                __cmpsf2
                0x08000fc0                __aeabi_cfrcmple
                0x08000fc8                __aeabi_cfcmple
                0x08000fc8                __aeabi_cfcmpeq
                0x08000fd8                __aeabi_fcmpeq
                0x08000fec                __aeabi_fcmplt
                0x08001000                __aeabi_fcmple
                0x08001014                __aeabi_fcmpge
                0x08001028                __aeabi_fcmpgt
 .text          0x0800103c       0x40 /home/laurence/ARM-GCC/bin/../lib/gcc/arm-none-eabi/4.7.4/armv7-m/libgcc.a(_arm_fixunssfsi.o)
                0x0800103c                __aeabi_f2uiz
                0x0800103c                __fixunssfsi
 *(.text.*)
 *fill*         0x0800107c        0x4 00
 .text.startup.main
                0x08001080     0x16a0 /tmp/ccmnJDpu.ltrans0.ltrans.o
                0x08001080                main
 .text.atoiRamRom.4131
                0x08002720       0x20 /tmp/ccmnJDpu.ltrans1.ltrans.o
 .text.Resume_Init.4253
                0x08002740       0x30 /tmp/ccmnJDpu.ltrans1.ltrans.o
 .text.Resume.4248
                0x08002770       0x88 /tmp/ccmnJDpu.ltrans1.ltrans.o
 .text.Get_Max_Lun
                0x080027f8       0x18 /tmp/ccmnJDpu.ltrans1.ltrans.o
                0x080027f8                Get_Max_Lun
 .text.MASS_Get_Interface_Setting
                0x08002810        0xc /tmp/ccmnJDpu.ltrans1.ltrans.o
                0x08002810                MASS_Get_Interface_Setting
 .text.MASS_Status_Out
                0x0800281c        0x2 /tmp/ccmnJDpu.ltrans1.ltrans.o
                0x0800281c                MASS_Status_Out
 .text.MASS_Status_In
                0x0800281e        0x2 /tmp/ccmnJDpu.ltrans1.ltrans.o
                0x0800281e                MASS_Status_In
 .text.Mass_Storage_SetDeviceAddress
                0x08002820        0xc /tmp/ccmnJDpu.ltrans1.ltrans.o
                0x08002820                Mass_Storage_SetDeviceAddress
 .text.stm32_dma_transfer.5587.4112
                0x0800282c       0xc8 /tmp/ccmnJDpu.ltrans1.ltrans.o
 .text.MASS_Reset
                0x080028f4       0xe0 /tmp/ccmnJDpu.ltrans1.ltrans.o
                0x080028f4                MASS_Reset
 .text.Mass_Storage_SetConfiguration
                0x080029d4       0x30 /tmp/ccmnJDpu.ltrans1.ltrans.o
                0x080029d4                Mass_Storage_SetConfiguration
 .text.MASS_NoData_Setup
                0x08002a04       0x4c /tmp/ccmnJDpu.ltrans1.ltrans.o
                0x08002a04                MASS_NoData_Setup
 .text.MASS_GetDeviceDescriptor
                0x08002a50        0xc /tmp/ccmnJDpu.ltrans1.ltrans.o
                0x08002a50                MASS_GetDeviceDescriptor
 .text.MASS_GetConfigDescriptor
                0x08002a5c        0xc /tmp/ccmnJDpu.ltrans1.ltrans.o
                0x08002a5c                MASS_GetConfigDescriptor
 .text.MASS_GetStringDescriptor
                0x08002a68       0x20 /tmp/ccmnJDpu.ltrans1.ltrans.o
                0x08002a68                MASS_GetStringDescriptor
 .text.Timer_GPIO_Disable
                0x08002a88       0x24 /tmp/ccmnJDpu.ltrans1.ltrans.o
                0x08002a88                Timer_GPIO_Disable
 .text.shutdown
                0x08002aac       0x10 /tmp/ccmnJDpu.ltrans1.ltrans.o
                0x08002aac                shutdown
 .text.I2C1_Request_Job
                0x08002abc       0x58 /tmp/ccmnJDpu.ltrans1.ltrans.o
                0x08002abc                I2C1_Request_Job
 .text.rprintfChar
                0x08002b14       0x1c /tmp/ccmnJDpu.ltrans1.ltrans.o
                0x08002b14                rprintfChar
 .text.rprintf2RamRom
                0x08002b30      0x404 /tmp/ccmnJDpu.ltrans1.ltrans.o
                0x08002b30                rprintf2RamRom
 .text.stm32_spi_rw.5576
                0x08002f34       0x24 /tmp/ccmnJDpu.ltrans1.ltrans.o
                0x08002f34                stm32_spi_rw.5576
 .text.rcvr_spi.5579
                0x08002f58        0x6 /tmp/ccmnJDpu.ltrans1.ltrans.o
                0x08002f58                rcvr_spi.5579
 *fill*         0x08002f5e        0x2 00
 .text.release_spi
                0x08002f60       0x18 /tmp/ccmnJDpu.ltrans1.ltrans.o
                0x08002f60                release_spi
 .text.rcvr_datablock
                0x08002f78       0x54 /tmp/ccmnJDpu.ltrans1.ltrans.o
                0x08002f78                rcvr_datablock
 .text.xmit_datablock.part.1.5592
                0x08002fcc       0x2c /tmp/ccmnJDpu.ltrans1.ltrans.o
                0x08002fcc                xmit_datablock.part.1.5592
 .text.wait_ready.5581
                0x08002ff8       0x28 /tmp/ccmnJDpu.ltrans1.ltrans.o
                0x08002ff8                wait_ready.5581
 .text.send_cmd.5583
                0x08003020       0x90 /tmp/ccmnJDpu.ltrans1.ltrans.o
                0x08003020                send_cmd.5583
 .text.disk_read
                0x080030b0       0xa0 /tmp/ccmnJDpu.ltrans1.ltrans.o
                0x080030b0                disk_read
 .text.Read_Memory
                0x08003150      0x154 /tmp/ccmnJDpu.ltrans1.ltrans.o
                0x08003150                Read_Memory
 .text.check_fs.5236
                0x080032a4       0x88 /tmp/ccmnJDpu.ltrans1.ltrans.o
                0x080032a4                check_fs.5236
 .text.disk_timerproc
                0x0800332c       0x48 /tmp/ccmnJDpu.ltrans1.ltrans.o
                0x0800332c                disk_timerproc
 .text.validate.5229
                0x08003374       0x2c /tmp/ccmnJDpu.ltrans1.ltrans.o
                0x08003374                validate.5229
 .text.counter_to_struct.5490
                0x080033a0       0xa8 /tmp/ccmnJDpu.ltrans1.ltrans.o
                0x080033a0                counter_to_struct.5490
 .text.isDST.5472
                0x08003448       0x2a /tmp/ccmnJDpu.ltrans1.ltrans.o
                0x08003448                isDST.5472
 *fill*         0x08003472        0x2 00
 .text.rtc_gettime
                0x08003474       0x74 /tmp/ccmnJDpu.ltrans1.ltrans.o
                0x08003474                rtc_gettime
 .text.get_fattime
                0x080034e8       0x40 /tmp/ccmnJDpu.ltrans1.ltrans.o
                0x080034e8                get_fattime
 .text.clust2sect
                0x08003528       0x18 /tmp/ccmnJDpu.ltrans1.ltrans.o
                0x08003528                clust2sect
 .text.mem_cpy.5160
                0x08003540       0x12 /tmp/ccmnJDpu.ltrans1.ltrans.o
                0x08003540                mem_cpy.5160
 *fill*         0x08003552        0x2 00
 .text.ff_convert.part.0.5093
                0x08003554       0x24 /tmp/ccmnJDpu.ltrans1.ltrans.o
                0x08003554                ff_convert.part.0.5093
 .text.Delay    0x08003578       0x18 /tmp/ccmnJDpu.ltrans1.ltrans.o
                0x08003578                Delay
 .text.Pop_From_Buffer
                0x08003590       0x1c /tmp/ccmnJDpu.ltrans1.ltrans.o
                0x08003590                Pop_From_Buffer
 .text.Add_To_Buffer
                0x080035ac       0x48 /tmp/ccmnJDpu.ltrans1.ltrans.o
                0x080035ac                Add_To_Buffer
 .text.Bot_Abort.part.2.4579
                0x080035f4       0x18 /tmp/ccmnJDpu.ltrans1.ltrans.o
                0x080035f4                Bot_Abort.part.2.4579
 .text.USB_Istr
                0x0800360c      0x118 /tmp/ccmnJDpu.ltrans1.ltrans.o
                0x0800360c                USB_Istr
 .text.Set_CSW  0x08003724       0x3c /tmp/ccmnJDpu.ltrans1.ltrans.o
                0x08003724                Set_CSW
 .text.Transfer_Data_Request
                0x08003760       0x34 /tmp/ccmnJDpu.ltrans1.ltrans.o
                0x08003760                Transfer_Data_Request
 .text.IntToUnicode.4362
                0x08003794       0x2a /tmp/ccmnJDpu.ltrans1.ltrans.o
                0x08003794                IntToUnicode.4362
 *fill*         0x080037be        0x2 00
 .text.MASS_init
                0x080037c0       0x70 /tmp/ccmnJDpu.ltrans2.ltrans.o
                0x080037c0                MASS_init
 .text.__gps_send_char.4122
                0x08003830       0x1c /tmp/ccmnJDpu.ltrans2.ltrans.o
 .text.__usart_send_char
                0x0800384c       0x1c /tmp/ccmnJDpu.ltrans2.ltrans.o
                0x0800384c                __usart_send_char
 .text.__str_print_char
                0x08003868       0x2c /tmp/ccmnJDpu.ltrans2.ltrans.o
                0x08003868                __str_print_char
 .text.si446x_spi_state_machine.constprop.29
                0x08003894      0x1f8 /tmp/ccmnJDpu.ltrans2.ltrans.o
                0x08003894                si446x_spi_state_machine.constprop.29
 .text.si446x_setup
                0x08003a8c      0x68c /tmp/ccmnJDpu.ltrans2.ltrans.o
                0x08003a8c                si446x_setup
 .text.Gps_Process_Byte.constprop.28
                0x08004118      0x1a4 /tmp/ccmnJDpu.ltrans2.ltrans.o
                0x08004118                Gps_Process_Byte.constprop.28
 .text.Get_UBX_Ack.constprop.27
                0x080042bc       0xa0 /tmp/ccmnJDpu.ltrans2.ltrans.o
                0x080042bc                Get_UBX_Ack.constprop.27
 .text.USART2_reconf.constprop.26
                0x0800435c       0x50 /tmp/ccmnJDpu.ltrans2.ltrans.o
                0x0800435c                USART2_reconf.constprop.26
 .text.ReadADC1_noblock.constprop.3
                0x080043ac       0x20 /tmp/ccmnJDpu.ltrans2.ltrans.o
                0x080043ac                ReadADC1_noblock.constprop.3
 .text.Bytes_In_DMA_Buffer.constprop.2
                0x080043cc       0x2c /tmp/ccmnJDpu.ltrans2.ltrans.o
                0x080043cc                Bytes_In_DMA_Buffer.constprop.2
 .text.Gps_Send_Utf8
                0x080043f8       0x1a /tmp/ccmnJDpu.ltrans2.ltrans.o
                0x080043f8                Gps_Send_Utf8
 .text.Gps_Send_Str
                0x08004412       0x16 /tmp/ccmnJDpu.ltrans2.ltrans.o
                0x08004412                Gps_Send_Str
 .text.Usart_Send_Str
                0x08004428       0x16 /tmp/ccmnJDpu.ltrans2.ltrans.o
                0x08004428                Usart_Send_Str
 *fill*         0x0800443e        0x2 00
 .text.power_on.5574
                0x08004440       0xf0 /tmp/ccmnJDpu.ltrans2.ltrans.o
                0x08004440                power_on.5574
 .text.I2C_Config
                0x08004530      0x138 /tmp/ccmnJDpu.ltrans2.ltrans.o
                0x08004530                I2C_Config
 .text.Timer_GPIO_Enable
                0x08004668       0x24 /tmp/ccmnJDpu.ltrans2.ltrans.o
                0x08004668                Timer_GPIO_Enable
 .text.EP2_OUT_Callback.4048
                0x0800468c      0x310 /tmp/ccmnJDpu.ltrans3.ltrans.o
 .text.dir_next.5302
                0x0800499c       0xfa /tmp/ccmnJDpu.ltrans3.ltrans.o
                0x0800499c                dir_next.5302
 *fill*         0x08004a96        0x2 00
 .text.f_write.constprop.12
                0x08004a98      0x1cc /tmp/ccmnJDpu.ltrans3.ltrans.o
                0x08004a98                f_write.constprop.12
 .text.__fat_print_char
                0x08004c64       0x18 /tmp/ccmnJDpu.ltrans3.ltrans.o
                0x08004c64                __fat_print_char
 .text.f_puts.constprop.5
                0x08004c7c       0x2c /tmp/ccmnJDpu.ltrans3.ltrans.o
                0x08004c7c                f_puts.constprop.5
 .text.f_lseek.constprop.9
                0x08004ca8      0x180 /tmp/ccmnJDpu.ltrans3.ltrans.o
                0x08004ca8                f_lseek.constprop.9
 .text.dir_find.part.4.5306.4134
                0x08004e28      0x184 /tmp/ccmnJDpu.ltrans4.ltrans.o
 .text.follow_path.5312.4122
                0x08004fac      0x290 /tmp/ccmnJDpu.ltrans4.ltrans.o
 .text.f_open.constprop.14
                0x0800523c      0x3b4 /tmp/ccmnJDpu.ltrans4.ltrans.o
                0x0800523c                f_open.constprop.14
 .text.f_stat.constprop.8
                0x080055f0      0x13c /tmp/ccmnJDpu.ltrans4.ltrans.o
                0x080055f0                f_stat.constprop.8
 .text.SCSI_Address_Management.4157
                0x0800572c       0x74 /tmp/ccmnJDpu.ltrans5.ltrans.o
 .text.disk_write
                0x080057a0       0xcc /tmp/ccmnJDpu.ltrans5.ltrans.o
                0x080057a0                disk_write
 .text.SCSI_Write10_Cmd
                0x0800586c      0x144 /tmp/ccmnJDpu.ltrans5.ltrans.o
                0x0800586c                SCSI_Write10_Cmd
 .text.move_window.5219
                0x080059b0       0x76 /tmp/ccmnJDpu.ltrans5.ltrans.o
                0x080059b0                move_window.5219
 .text.put_fat  0x08005a26       0xf2 /tmp/ccmnJDpu.ltrans5.ltrans.o
                0x08005a26                put_fat
 .text.get_fat  0x08005b18       0xc8 /tmp/ccmnJDpu.ltrans5.ltrans.o
                0x08005b18                get_fat
 .text.remove_chain.5332
                0x08005be0       0x54 /tmp/ccmnJDpu.ltrans5.ltrans.o
                0x08005be0                remove_chain.5332
 .text.create_chain.5298
                0x08005c34       0x9a /tmp/ccmnJDpu.ltrans5.ltrans.o
                0x08005c34                create_chain.5298
 .text.dir_sdi.5266
                0x08005cce       0x84 /tmp/ccmnJDpu.ltrans5.ltrans.o
                0x08005cce                dir_sdi.5266
 *fill*         0x08005d52        0x2 00
 .text.SCSI_Invalid_Cmd
                0x08005d54       0x3c /tmp/ccmnJDpu.ltrans5.ltrans.o
                0x08005d54                SCSI_Invalid_Cmd
 .text.SCSI_Read10_Cmd
                0x08005d90       0x6c /tmp/ccmnJDpu.ltrans5.ltrans.o
                0x08005d90                SCSI_Read10_Cmd
 .text.EP1_IN_Callback.4143
                0x08005dfc       0x5c /tmp/ccmnJDpu.ltrans5.ltrans.o
 .text.MASS_Data_Setup.4057
                0x08005e58       0x38 /tmp/ccmnJDpu.ltrans6.ltrans.o
 .text.Mass_Storage_ClearFeature.4084
                0x08005e90       0x18 /tmp/ccmnJDpu.ltrans6.ltrans.o
 .text.si446x_state_machine
                0x08005ea8      0x1ac /tmp/ccmnJDpu.ltrans6.ltrans.o
                0x08005ea8                si446x_state_machine
 .text.disk_initialize
                0x08006054      0x148 /tmp/ccmnJDpu.ltrans6.ltrans.o
                0x08006054                disk_initialize
 .text.chk_mounted.5240
                0x0800619c      0x314 /tmp/ccmnJDpu.ltrans6.ltrans.o
                0x0800619c                chk_mounted.5240
 .text.MAL_GetStatus
                0x080064b0       0xc4 /tmp/ccmnJDpu.ltrans6.ltrans.o
                0x080064b0                MAL_GetStatus
 .text.send_string_to_silabs.constprop.31
                0x08006574       0x24 /tmp/ccmnJDpu.ltrans6.ltrans.o
                0x08006574                send_string_to_silabs.constprop.31
 .text.I2C1_EV_IRQHandler
                0x08006598      0x474 /tmp/ccmnJDpu.ltrans7.ltrans.o
                0x08006598                I2C1_EV_IRQHandler
 .text.EXTI15_10_IRQHandler
                0x08006a0c       0x30 /tmp/ccmnJDpu.ltrans7.ltrans.o
                0x08006a0c                EXTI15_10_IRQHandler
 .text.DMA1_Channel4_IRQHandler
                0x08006a3c       0x30 /tmp/ccmnJDpu.ltrans7.ltrans.o
                0x08006a3c                DMA1_Channel4_IRQHandler
 .text.DMA1_Channel5_IRQHandler
                0x08006a6c       0x30 /tmp/ccmnJDpu.ltrans7.ltrans.o
                0x08006a6c                DMA1_Channel5_IRQHandler
 .text.EXTI0_IRQHandler
                0x08006a9c       0x34 /tmp/ccmnJDpu.ltrans7.ltrans.o
                0x08006a9c                EXTI0_IRQHandler
 .text.USART3_IRQHandler
                0x08006ad0       0x74 /tmp/ccmnJDpu.ltrans7.ltrans.o
                0x08006ad0                USART3_IRQHandler
 .text.f_sync.constprop.11
                0x08006b44      0x184 /tmp/ccmnJDpu.ltrans7.ltrans.o
                0x08006b44                f_sync.constprop.11
 .text.f_close.constprop.10
                0x08006cc8       0x14 /tmp/ccmnJDpu.ltrans7.ltrans.o
                0x08006cc8                f_close.constprop.10
 .text.USB_LP_CAN1_RX0_IRQHandler
                0x08006cdc        0x4 /tmp/ccmnJDpu.ltrans8.ltrans.o
                0x08006cdc                USB_LP_CAN1_RX0_IRQHandler
 .text.USB_HP_CAN1_TX_IRQHandler
                0x08006ce0        0x4 /tmp/ccmnJDpu.ltrans8.ltrans.o
                0x08006ce0                USB_HP_CAN1_TX_IRQHandler
 *fill*         0x08006ce4        0x4 00
 .text.SysTick_Handler
                0x08006ce8      0x4d0 /tmp/ccmnJDpu.ltrans8.ltrans.o
                0x08006ce8                SysTick_Handler
 .text.ADC1_2_IRQHandler
                0x080071b8       0x6c /tmp/ccmnJDpu.ltrans8.ltrans.o
                0x080071b8                ADC1_2_IRQHandler
 .text.I2C1_ER_IRQHandler
                0x08007224       0xf4 /tmp/ccmnJDpu.ltrans8.ltrans.o
                0x08007224                I2C1_ER_IRQHandler
 .text.USART1_IRQHandler
                0x08007318       0x34 /tmp/ccmnJDpu.ltrans9.ltrans.o
                0x08007318                USART1_IRQHandler
 .text.malloc   0x0800734c       0x10 /home/laurence/ARM-GCC/bin/../lib/gcc/arm-none-eabi/4.7.4/../../../../arm-none-eabi/lib/armv7-m/libc.a(lib_a-malloc.o)
                0x0800734c                malloc
 .text._malloc_r
                0x0800735c      0x530 /home/laurence/ARM-GCC/bin/../lib/gcc/arm-none-eabi/4.7.4/../../../../arm-none-eabi/lib/armv7-m/libc.a(lib_a-mallocr.o)
                0x0800735c                _malloc_r
 .text.memcpy   0x0800788c      0x15c /home/laurence/ARM-GCC/bin/../lib/gcc/arm-none-eabi/4.7.4/../../../../arm-none-eabi/lib/armv7-m/libc.a(lib_a-memcpy.o)
                0x0800788c                memcpy
 .text.__malloc_lock
                0x080079e8        0x4 /home/laurence/ARM-GCC/bin/../lib/gcc/arm-none-eabi/4.7.4/../../../../arm-none-eabi/lib/armv7-m/libc.a(lib_a-mlock.o)
                0x080079e8                __malloc_lock
 .text.__malloc_unlock
                0x080079ec        0x4 /home/laurence/ARM-GCC/bin/../lib/gcc/arm-none-eabi/4.7.4/../../../../arm-none-eabi/lib/armv7-m/libc.a(lib_a-mlock.o)
                0x080079ec                __malloc_unlock
 .text._sbrk_r  0x080079f0       0x24 /home/laurence/ARM-GCC/bin/../lib/gcc/arm-none-eabi/4.7.4/../../../../arm-none-eabi/lib/armv7-m/libc.a(lib_a-sbrkr.o)
                0x080079f0                _sbrk_r
 .text.strchr   0x08007a14       0xfc /home/laurence/ARM-GCC/bin/../lib/gcc/arm-none-eabi/4.7.4/../../../../arm-none-eabi/lib/armv7-m/libc.a(lib_a-strchr.o)
                0x08007a14                strchr
 .text.strlen   0x08007b10       0x60 /home/laurence/ARM-GCC/bin/../lib/gcc/arm-none-eabi/4.7.4/../../../../arm-none-eabi/lib/armv7-m/libc.a(lib_a-strlen.o)
                0x08007b10                strlen
 .text.strncmp  0x08007b70      0x120 /home/laurence/ARM-GCC/bin/../lib/gcc/arm-none-eabi/4.7.4/../../../../arm-none-eabi/lib/armv7-m/libc.a(lib_a-strncmp.o)
                0x08007b70                strncmp
 .text.strncpy  0x08007c90      0x10c /home/laurence/ARM-GCC/bin/../lib/gcc/arm-none-eabi/4.7.4/../../../../arm-none-eabi/lib/armv7-m/libc.a(lib_a-strncpy.o)
                0x08007c90                strncpy
 .text._malloc_trim_r
                0x08007d9c       0x98 /home/laurence/ARM-GCC/bin/../lib/gcc/arm-none-eabi/4.7.4/../../../../arm-none-eabi/lib/armv7-m/libc.a(lib_a-freer.o)
                0x08007d9c                _malloc_trim_r
 .text._free_r  0x08007e34      0x194 /home/laurence/ARM-GCC/bin/../lib/gcc/arm-none-eabi/4.7.4/../../../../arm-none-eabi/lib/armv7-m/libc.a(lib_a-freer.o)
                0x08007e34                _free_r
 .text.Reset_Handler
                0x08007fc8       0x48 lib/CMSIS_CM3/startup/gcc/startup_stm32f10x_md.o
                0x08007fc8                Reset_Handler
 .text.Default_Handler
                0x08008010        0x4 lib/CMSIS_CM3/startup/gcc/startup_stm32f10x_md.o
                0x08008010                EXTI2_IRQHandler
                0x08008010                DebugMon_Handler
                0x08008010                TIM1_CC_IRQHandler
                0x08008010                HardFault_Handler
                0x08008010                PVD_IRQHandler
                0x08008010                PendSV_Handler
                0x08008010                NMI_Handler
                0x08008010                EXTI3_IRQHandler
                0x08008010                I2C2_EV_IRQHandler
                0x08008010                UsageFault_Handler
                0x08008010                SPI1_IRQHandler
                0x08008010                TAMPER_IRQHandler
                0x08008010                RTC_IRQHandler
                0x08008010                DMA1_Channel7_IRQHandler
                0x08008010                CAN1_RX1_IRQHandler
                0x08008010                TIM4_IRQHandler
                0x08008010                DMA1_Channel6_IRQHandler
                0x08008010                TIM3_IRQHandler
                0x08008010                RCC_IRQHandler
                0x08008010                TIM1_TRG_COM_IRQHandler
                0x08008010                DMA1_Channel1_IRQHandler
                0x08008010                Default_Handler
                0x08008010                EXTI9_5_IRQHandler
                0x08008010                SPI2_IRQHandler
                0x08008010                MemManage_Handler
                0x08008010                SVC_Handler
                0x08008010                EXTI4_IRQHandler
                0x08008010                DMA1_Channel3_IRQHandler
                0x08008010                TIM1_UP_IRQHandler
                0x08008010                WWDG_IRQHandler
                0x08008010                TIM2_IRQHandler
                0x08008010                TIM1_BRK_IRQHandler
                0x08008010                EXTI1_IRQHandler
                0x08008010                RTCAlarm_IRQHandler
                0x08008010                USART2_IRQHandler
                0x08008010                I2C2_ER_IRQHandler
                0x08008010                DMA1_Channel2_IRQHandler
                0x08008010                CAN1_SCE_IRQHandler
                0x08008010                FLASH_IRQHandler
                0x08008010                BusFault_Handler
                0x08008010                USBWakeUp_IRQHandler
 .text.NVIC_PriorityGroupConfig
                0x08008014       0x14 lib/STM32F10x_StdPeriph_Driver/libstm32fw.a(misc.o)
                0x08008014                NVIC_PriorityGroupConfig
 .text.NVIC_Init
                0x08008028       0x68 lib/STM32F10x_StdPeriph_Driver/libstm32fw.a(misc.o)
                0x08008028                NVIC_Init
 .text.NVIC_SetVectorTable
                0x08008090       0x14 lib/STM32F10x_StdPeriph_Driver/libstm32fw.a(misc.o)
                0x08008090                NVIC_SetVectorTable
 .text.SysTick_CLKSourceConfig
                0x080080a4       0x18 lib/STM32F10x_StdPeriph_Driver/libstm32fw.a(misc.o)
                0x080080a4                SysTick_CLKSourceConfig
 .text.ADC_DeInit
                0x080080bc       0x5c lib/STM32F10x_StdPeriph_Driver/libstm32fw.a(stm32f10x_adc.o)
                0x080080bc                ADC_DeInit
 .text.ADC_Init
                0x08008118       0x48 lib/STM32F10x_StdPeriph_Driver/libstm32fw.a(stm32f10x_adc.o)
                0x08008118                ADC_Init
 .text.ADC_Cmd  0x08008160       0x12 lib/STM32F10x_StdPeriph_Driver/libstm32fw.a(stm32f10x_adc.o)
                0x08008160                ADC_Cmd
 .text.ADC_ResetCalibration
                0x08008172        0xa lib/STM32F10x_StdPeriph_Driver/libstm32fw.a(stm32f10x_adc.o)
                0x08008172                ADC_ResetCalibration
 .text.ADC_GetResetCalibrationStatus
                0x0800817c        0x8 lib/STM32F10x_StdPeriph_Driver/libstm32fw.a(stm32f10x_adc.o)
                0x0800817c                ADC_GetResetCalibrationStatus
 .text.ADC_StartCalibration
                0x08008184        0xa lib/STM32F10x_StdPeriph_Driver/libstm32fw.a(stm32f10x_adc.o)
                0x08008184                ADC_StartCalibration
 .text.ADC_GetCalibrationStatus
                0x0800818e        0x8 lib/STM32F10x_StdPeriph_Driver/libstm32fw.a(stm32f10x_adc.o)
                0x0800818e                ADC_GetCalibrationStatus
 .text.ADC_SoftwareStartConvCmd
                0x08008196       0x12 lib/STM32F10x_StdPeriph_Driver/libstm32fw.a(stm32f10x_adc.o)
                0x08008196                ADC_SoftwareStartConvCmd
 .text.ADC_RegularChannelConfig
                0x080081a8       0x9a lib/STM32F10x_StdPeriph_Driver/libstm32fw.a(stm32f10x_adc.o)
                0x080081a8                ADC_RegularChannelConfig
 .text.ADC_GetConversionValue
                0x08008242        0x6 lib/STM32F10x_StdPeriph_Driver/libstm32fw.a(stm32f10x_adc.o)
                0x08008242                ADC_GetConversionValue
 .text.ADC_ExternalTrigInjectedConvConfig
                0x08008248        0xc lib/STM32F10x_StdPeriph_Driver/libstm32fw.a(stm32f10x_adc.o)
                0x08008248                ADC_ExternalTrigInjectedConvConfig
 .text.ADC_SoftwareStartInjectedConvCmd
                0x08008254       0x12 lib/STM32F10x_StdPeriph_Driver/libstm32fw.a(stm32f10x_adc.o)
                0x08008254                ADC_SoftwareStartInjectedConvCmd
 .text.ADC_InjectedChannelConfig
                0x08008266       0x60 lib/STM32F10x_StdPeriph_Driver/libstm32fw.a(stm32f10x_adc.o)
                0x08008266                ADC_InjectedChannelConfig
 .text.ADC_InjectedSequencerLengthConfig
                0x080082c6       0x10 lib/STM32F10x_StdPeriph_Driver/libstm32fw.a(stm32f10x_adc.o)
                0x080082c6                ADC_InjectedSequencerLengthConfig
 .text.ADC_GetInjectedConversionValue
                0x080082d6       0x1a lib/STM32F10x_StdPeriph_Driver/libstm32fw.a(stm32f10x_adc.o)
                0x080082d6                ADC_GetInjectedConversionValue
 .text.ADC_GetFlagStatus
                0x080082f0        0xc lib/STM32F10x_StdPeriph_Driver/libstm32fw.a(stm32f10x_adc.o)
                0x080082f0                ADC_GetFlagStatus
 .text.ADC_ClearFlag
                0x080082fc        0x6 lib/STM32F10x_StdPeriph_Driver/libstm32fw.a(stm32f10x_adc.o)
                0x080082fc                ADC_ClearFlag
 .text.ADC_GetITStatus
                0x08008302       0x16 lib/STM32F10x_StdPeriph_Driver/libstm32fw.a(stm32f10x_adc.o)
                0x08008302                ADC_GetITStatus
 .text.ADC_ClearITPendingBit
                0x08008318        0x8 lib/STM32F10x_StdPeriph_Driver/libstm32fw.a(stm32f10x_adc.o)
                0x08008318                ADC_ClearITPendingBit
 .text.BKP_DeInit
                0x08008320       0x12 lib/STM32F10x_StdPeriph_Driver/libstm32fw.a(stm32f10x_bkp.o)
                0x08008320                BKP_DeInit
 *fill*         0x08008332        0x2 00
 .text.BKP_RTCOutputConfig
                0x08008334       0x18 lib/STM32F10x_StdPeriph_Driver/libstm32fw.a(stm32f10x_bkp.o)
                0x08008334                BKP_RTCOutputConfig
 .text.BKP_SetRTCCalibrationValue
                0x0800834c       0x18 lib/STM32F10x_StdPeriph_Driver/libstm32fw.a(stm32f10x_bkp.o)
                0x0800834c                BKP_SetRTCCalibrationValue
 .text.BKP_WriteBackupRegister
                0x08008364       0x1c lib/STM32F10x_StdPeriph_Driver/libstm32fw.a(stm32f10x_bkp.o)
                0x08008364                BKP_WriteBackupRegister
 .text.BKP_ReadBackupRegister
                0x08008380       0x20 lib/STM32F10x_StdPeriph_Driver/libstm32fw.a(stm32f10x_bkp.o)
                0x08008380                BKP_ReadBackupRegister
 .text.DBGMCU_Config
                0x080083a0       0x18 lib/STM32F10x_StdPeriph_Driver/libstm32fw.a(stm32f10x_dbgmcu.o)
                0x080083a0                DBGMCU_Config
 .text.DMA_DeInit
                0x080083b8       0xec lib/STM32F10x_StdPeriph_Driver/libstm32fw.a(stm32f10x_dma.o)
                0x080083b8                DMA_DeInit
 .text.DMA_Init
                0x080084a4       0x40 lib/STM32F10x_StdPeriph_Driver/libstm32fw.a(stm32f10x_dma.o)
                0x080084a4                DMA_Init
 .text.DMA_Cmd  0x080084e4       0x12 lib/STM32F10x_StdPeriph_Driver/libstm32fw.a(stm32f10x_dma.o)
                0x080084e4                DMA_Cmd
 .text.DMA_ITConfig
                0x080084f6       0x10 lib/STM32F10x_StdPeriph_Driver/libstm32fw.a(stm32f10x_dma.o)
                0x080084f6                DMA_ITConfig
 .text.DMA_GetCurrDataCounter
                0x08008506        0x6 lib/STM32F10x_StdPeriph_Driver/libstm32fw.a(stm32f10x_dma.o)
                0x08008506                DMA_GetCurrDataCounter
 .text.DMA_GetFlagStatus
                0x0800850c       0x1c lib/STM32F10x_StdPeriph_Driver/libstm32fw.a(stm32f10x_dma.o)
                0x0800850c                DMA_GetFlagStatus
 .text.DMA_ClearFlag
                0x08008528       0x14 lib/STM32F10x_StdPeriph_Driver/libstm32fw.a(stm32f10x_dma.o)
                0x08008528                DMA_ClearFlag
 .text.DMA_GetITStatus
                0x0800853c       0x1c lib/STM32F10x_StdPeriph_Driver/libstm32fw.a(stm32f10x_dma.o)
                0x0800853c                DMA_GetITStatus
 .text.DMA_ClearITPendingBit
                0x08008558       0x14 lib/STM32F10x_StdPeriph_Driver/libstm32fw.a(stm32f10x_dma.o)
                0x08008558                DMA_ClearITPendingBit
 .text.EXTI_DeInit
                0x0800856c       0x1c lib/STM32F10x_StdPeriph_Driver/libstm32fw.a(stm32f10x_exti.o)
                0x0800856c                EXTI_DeInit
 .text.EXTI_Init
                0x08008588       0x88 lib/STM32F10x_StdPeriph_Driver/libstm32fw.a(stm32f10x_exti.o)
                0x08008588                EXTI_Init
 .text.EXTI_GenerateSWInterrupt
                0x08008610       0x10 lib/STM32F10x_StdPeriph_Driver/libstm32fw.a(stm32f10x_exti.o)
                0x08008610                EXTI_GenerateSWInterrupt
 .text.EXTI_GetITStatus
                0x08008620       0x20 lib/STM32F10x_StdPeriph_Driver/libstm32fw.a(stm32f10x_exti.o)
                0x08008620                EXTI_GetITStatus
 .text.EXTI_ClearITPendingBit
                0x08008640        0xc lib/STM32F10x_StdPeriph_Driver/libstm32fw.a(stm32f10x_exti.o)
                0x08008640                EXTI_ClearITPendingBit
 .text.GPIO_Init
                0x0800864c       0x9a lib/STM32F10x_StdPeriph_Driver/libstm32fw.a(stm32f10x_gpio.o)
                0x0800864c                GPIO_Init
 .text.GPIO_ReadInputDataBit
                0x080086e6        0xc lib/STM32F10x_StdPeriph_Driver/libstm32fw.a(stm32f10x_gpio.o)
                0x080086e6                GPIO_ReadInputDataBit
 .text.GPIO_SetBits
                0x080086f2        0x4 lib/STM32F10x_StdPeriph_Driver/libstm32fw.a(stm32f10x_gpio.o)
                0x080086f2                GPIO_SetBits
 .text.GPIO_ResetBits
                0x080086f6        0x4 lib/STM32F10x_StdPeriph_Driver/libstm32fw.a(stm32f10x_gpio.o)
                0x080086f6                GPIO_ResetBits
 .text.GPIO_WriteBit
                0x080086fa        0xa lib/STM32F10x_StdPeriph_Driver/libstm32fw.a(stm32f10x_gpio.o)
                0x080086fa                GPIO_WriteBit
 .text.GPIO_EXTILineConfig
                0x08008704       0x34 lib/STM32F10x_StdPeriph_Driver/libstm32fw.a(stm32f10x_gpio.o)
                0x08008704                GPIO_EXTILineConfig
 .text.I2C_DeInit
                0x08008738       0x34 lib/STM32F10x_StdPeriph_Driver/libstm32fw.a(stm32f10x_i2c.o)
                0x08008738                I2C_DeInit
 .text.I2C_Init
                0x0800876c       0xd4 lib/STM32F10x_StdPeriph_Driver/libstm32fw.a(stm32f10x_i2c.o)
                0x0800876c                I2C_Init
 .text.I2C_Cmd  0x08008840       0x18 lib/STM32F10x_StdPeriph_Driver/libstm32fw.a(stm32f10x_i2c.o)
                0x08008840                I2C_Cmd
 .text.I2C_GenerateSTART
                0x08008858       0x18 lib/STM32F10x_StdPeriph_Driver/libstm32fw.a(stm32f10x_i2c.o)
                0x08008858                I2C_GenerateSTART
 .text.I2C_GenerateSTOP
                0x08008870       0x18 lib/STM32F10x_StdPeriph_Driver/libstm32fw.a(stm32f10x_i2c.o)
                0x08008870                I2C_GenerateSTOP
 .text.I2C_AcknowledgeConfig
                0x08008888       0x18 lib/STM32F10x_StdPeriph_Driver/libstm32fw.a(stm32f10x_i2c.o)
                0x08008888                I2C_AcknowledgeConfig
 .text.I2C_ITConfig
                0x080088a0       0x12 lib/STM32F10x_StdPeriph_Driver/libstm32fw.a(stm32f10x_i2c.o)
                0x080088a0                I2C_ITConfig
 .text.I2C_SendData
                0x080088b2        0x4 lib/STM32F10x_StdPeriph_Driver/libstm32fw.a(stm32f10x_i2c.o)
                0x080088b2                I2C_SendData
 .text.I2C_ReceiveData
                0x080088b6        0x6 lib/STM32F10x_StdPeriph_Driver/libstm32fw.a(stm32f10x_i2c.o)
                0x080088b6                I2C_ReceiveData
 .text.I2C_Send7bitAddress
                0x080088bc       0x10 lib/STM32F10x_StdPeriph_Driver/libstm32fw.a(stm32f10x_i2c.o)
                0x080088bc                I2C_Send7bitAddress
 .text.I2C_SoftwareResetCmd
                0x080088cc       0x18 lib/STM32F10x_StdPeriph_Driver/libstm32fw.a(stm32f10x_i2c.o)
                0x080088cc                I2C_SoftwareResetCmd
 .text.IWDG_WriteAccessCmd
                0x080088e4        0xc lib/STM32F10x_StdPeriph_Driver/libstm32fw.a(stm32f10x_iwdg.o)
                0x080088e4                IWDG_WriteAccessCmd
 .text.IWDG_SetPrescaler
                0x080088f0        0xc lib/STM32F10x_StdPeriph_Driver/libstm32fw.a(stm32f10x_iwdg.o)
                0x080088f0                IWDG_SetPrescaler
 .text.IWDG_SetReload
                0x080088fc        0xc lib/STM32F10x_StdPeriph_Driver/libstm32fw.a(stm32f10x_iwdg.o)
                0x080088fc                IWDG_SetReload
 .text.IWDG_ReloadCounter
                0x08008908       0x10 lib/STM32F10x_StdPeriph_Driver/libstm32fw.a(stm32f10x_iwdg.o)
                0x08008908                IWDG_ReloadCounter
 .text.IWDG_Enable
                0x08008918       0x10 lib/STM32F10x_StdPeriph_Driver/libstm32fw.a(stm32f10x_iwdg.o)
                0x08008918                IWDG_Enable
 .text.PWR_DeInit
                0x08008928       0x1a lib/STM32F10x_StdPeriph_Driver/libstm32fw.a(stm32f10x_pwr.o)
                0x08008928                PWR_DeInit
 *fill*         0x08008942        0x2 00
 .text.PWR_BackupAccessCmd
                0x08008944        0xc lib/STM32F10x_StdPeriph_Driver/libstm32fw.a(stm32f10x_pwr.o)
                0x08008944                PWR_BackupAccessCmd
 .text.PWR_WakeUpPinCmd
                0x08008950        0xc lib/STM32F10x_StdPeriph_Driver/libstm32fw.a(stm32f10x_pwr.o)
                0x08008950                PWR_WakeUpPinCmd
 .text.PWR_EnterSTANDBYMode
                0x0800895c       0x28 lib/STM32F10x_StdPeriph_Driver/libstm32fw.a(stm32f10x_pwr.o)
                0x0800895c                PWR_EnterSTANDBYMode
 .text.RCC_HCLKConfig
                0x08008984       0x14 lib/STM32F10x_StdPeriph_Driver/libstm32fw.a(stm32f10x_rcc.o)
                0x08008984                RCC_HCLKConfig
 .text.RCC_USBCLKConfig
                0x08008998        0xc lib/STM32F10x_StdPeriph_Driver/libstm32fw.a(stm32f10x_rcc.o)
                0x08008998                RCC_USBCLKConfig
 .text.RCC_ADCCLKConfig
                0x080089a4       0x14 lib/STM32F10x_StdPeriph_Driver/libstm32fw.a(stm32f10x_rcc.o)
                0x080089a4                RCC_ADCCLKConfig
 .text.RCC_LSEConfig
                0x080089b8       0x20 lib/STM32F10x_StdPeriph_Driver/libstm32fw.a(stm32f10x_rcc.o)
                0x080089b8                RCC_LSEConfig
 .text.RCC_RTCCLKConfig
                0x080089d8       0x10 lib/STM32F10x_StdPeriph_Driver/libstm32fw.a(stm32f10x_rcc.o)
                0x080089d8                RCC_RTCCLKConfig
 .text.RCC_RTCCLKCmd
                0x080089e8        0xc lib/STM32F10x_StdPeriph_Driver/libstm32fw.a(stm32f10x_rcc.o)
                0x080089e8                RCC_RTCCLKCmd
 .text.RCC_GetClocksFreq
                0x080089f4       0x9c lib/STM32F10x_StdPeriph_Driver/libstm32fw.a(stm32f10x_rcc.o)
                0x080089f4                RCC_GetClocksFreq
 .text.RCC_AHBPeriphClockCmd
                0x08008a90       0x18 lib/STM32F10x_StdPeriph_Driver/libstm32fw.a(stm32f10x_rcc.o)
                0x08008a90                RCC_AHBPeriphClockCmd
 .text.RCC_APB2PeriphClockCmd
                0x08008aa8       0x18 lib/STM32F10x_StdPeriph_Driver/libstm32fw.a(stm32f10x_rcc.o)
                0x08008aa8                RCC_APB2PeriphClockCmd
 .text.RCC_APB1PeriphClockCmd
                0x08008ac0       0x18 lib/STM32F10x_StdPeriph_Driver/libstm32fw.a(stm32f10x_rcc.o)
                0x08008ac0                RCC_APB1PeriphClockCmd
 .text.RCC_APB2PeriphResetCmd
                0x08008ad8       0x18 lib/STM32F10x_StdPeriph_Driver/libstm32fw.a(stm32f10x_rcc.o)
                0x08008ad8                RCC_APB2PeriphResetCmd
 .text.RCC_APB1PeriphResetCmd
                0x08008af0       0x18 lib/STM32F10x_StdPeriph_Driver/libstm32fw.a(stm32f10x_rcc.o)
                0x08008af0                RCC_APB1PeriphResetCmd
 .text.RCC_BackupResetCmd
                0x08008b08        0xc lib/STM32F10x_StdPeriph_Driver/libstm32fw.a(stm32f10x_rcc.o)
                0x08008b08                RCC_BackupResetCmd
 .text.RCC_GetFlagStatus
                0x08008b14       0x28 lib/STM32F10x_StdPeriph_Driver/libstm32fw.a(stm32f10x_rcc.o)
                0x08008b14                RCC_GetFlagStatus
 .text.RTC_EnterConfigMode
                0x08008b3c       0x14 lib/STM32F10x_StdPeriph_Driver/libstm32fw.a(stm32f10x_rtc.o)
                0x08008b3c                RTC_EnterConfigMode
 .text.RTC_ExitConfigMode
                0x08008b50       0x14 lib/STM32F10x_StdPeriph_Driver/libstm32fw.a(stm32f10x_rtc.o)
                0x08008b50                RTC_ExitConfigMode
 .text.RTC_GetCounter
                0x08008b64       0x14 lib/STM32F10x_StdPeriph_Driver/libstm32fw.a(stm32f10x_rtc.o)
                0x08008b64                RTC_GetCounter
 .text.RTC_SetCounter
                0x08008b78       0x20 lib/STM32F10x_StdPeriph_Driver/libstm32fw.a(stm32f10x_rtc.o)
                0x08008b78                RTC_SetCounter
 .text.RTC_SetPrescaler
                0x08008b98       0x20 lib/STM32F10x_StdPeriph_Driver/libstm32fw.a(stm32f10x_rtc.o)
                0x08008b98                RTC_SetPrescaler
 .text.RTC_WaitForLastTask
                0x08008bb8       0x14 lib/STM32F10x_StdPeriph_Driver/libstm32fw.a(stm32f10x_rtc.o)
                0x08008bb8                RTC_WaitForLastTask
 .text.RTC_WaitForSynchro
                0x08008bcc       0x24 lib/STM32F10x_StdPeriph_Driver/libstm32fw.a(stm32f10x_rtc.o)
                0x08008bcc                RTC_WaitForSynchro
 .text.SPI_Init
                0x08008bf0       0x3e lib/STM32F10x_StdPeriph_Driver/libstm32fw.a(stm32f10x_spi.o)
                0x08008bf0                SPI_Init
 .text.SPI_Cmd  0x08008c2e       0x18 lib/STM32F10x_StdPeriph_Driver/libstm32fw.a(stm32f10x_spi.o)
                0x08008c2e                SPI_Cmd
 .text.SPI_I2S_DMACmd
                0x08008c46       0x12 lib/STM32F10x_StdPeriph_Driver/libstm32fw.a(stm32f10x_spi.o)
                0x08008c46                SPI_I2S_DMACmd
 .text.SPI_I2S_SendData
                0x08008c58        0x4 lib/STM32F10x_StdPeriph_Driver/libstm32fw.a(stm32f10x_spi.o)
                0x08008c58                SPI_I2S_SendData
 .text.SPI_I2S_ReceiveData
                0x08008c5c        0x6 lib/STM32F10x_StdPeriph_Driver/libstm32fw.a(stm32f10x_spi.o)
                0x08008c5c                SPI_I2S_ReceiveData
 .text.SPI_CalculateCRC
                0x08008c62       0x18 lib/STM32F10x_StdPeriph_Driver/libstm32fw.a(stm32f10x_spi.o)
                0x08008c62                SPI_CalculateCRC
 .text.SPI_I2S_GetFlagStatus
                0x08008c7a        0xc lib/STM32F10x_StdPeriph_Driver/libstm32fw.a(stm32f10x_spi.o)
                0x08008c7a                SPI_I2S_GetFlagStatus
 *fill*         0x08008c86        0x2 00
 .text.USART_DeInit
                0x08008c88       0x98 lib/STM32F10x_StdPeriph_Driver/libstm32fw.a(stm32f10x_usart.o)
                0x08008c88                USART_DeInit
 .text.USART_Init
                0x08008d20       0x88 lib/STM32F10x_StdPeriph_Driver/libstm32fw.a(stm32f10x_usart.o)
                0x08008d20                USART_Init
 .text.USART_Cmd
                0x08008da8       0x18 lib/STM32F10x_StdPeriph_Driver/libstm32fw.a(stm32f10x_usart.o)
                0x08008da8                USART_Cmd
 .text.USART_ITConfig
                0x08008dc0       0x34 lib/STM32F10x_StdPeriph_Driver/libstm32fw.a(stm32f10x_usart.o)
                0x08008dc0                USART_ITConfig
 .text.USART_DMACmd
                0x08008df4       0x12 lib/STM32F10x_StdPeriph_Driver/libstm32fw.a(stm32f10x_usart.o)
                0x08008df4                USART_DMACmd
 .text.USART_SendData
                0x08008e06        0x8 lib/STM32F10x_StdPeriph_Driver/libstm32fw.a(stm32f10x_usart.o)
                0x08008e06                USART_SendData
 .text.USART_ReceiveData
                0x08008e0e        0x8 lib/STM32F10x_StdPeriph_Driver/libstm32fw.a(stm32f10x_usart.o)
                0x08008e0e                USART_ReceiveData
 .text.USART_GetFlagStatus
                0x08008e16        0xc lib/STM32F10x_StdPeriph_Driver/libstm32fw.a(stm32f10x_usart.o)
                0x08008e16                USART_GetFlagStatus
 .text.USART_GetITStatus
                0x08008e22       0x40 lib/STM32F10x_StdPeriph_Driver/libstm32fw.a(stm32f10x_usart.o)
                0x08008e22                USART_GetITStatus
 .text.USART_ClearITPendingBit
                0x08008e62       0x10 lib/STM32F10x_StdPeriph_Driver/libstm32fw.a(stm32f10x_usart.o)
                0x08008e62                USART_ClearITPendingBit
 *fill*         0x08008e72        0x2 00
 .text.Standard_GetConfiguration
                0x08008e74       0x24 lib/STM32_USB-FS-Device_Driver/libstm32usb.a(usb_core.o)
                0x08008e74                Standard_GetConfiguration
 .text.Standard_GetInterface
                0x08008e98       0x24 lib/STM32_USB-FS-Device_Driver/libstm32usb.a(usb_core.o)
                0x08008e98                Standard_GetInterface
 .text.Standard_GetStatus
                0x08008ebc       0x9c lib/STM32_USB-FS-Device_Driver/libstm32usb.a(usb_core.o)
                0x08008ebc                Standard_GetStatus
 .text.DataStageIn
                0x08008f58       0xa4 lib/STM32_USB-FS-Device_Driver/libstm32usb.a(usb_core.o)
 .text.Standard_SetConfiguration
                0x08008ffc       0x38 lib/STM32_USB-FS-Device_Driver/libstm32usb.a(usb_core.o)
                0x08008ffc                Standard_SetConfiguration
 .text.Standard_SetInterface
                0x08009034       0x48 lib/STM32_USB-FS-Device_Driver/libstm32usb.a(usb_core.o)
                0x08009034                Standard_SetInterface
 .text.Standard_ClearFeature
                0x0800907c       0xdc lib/STM32_USB-FS-Device_Driver/libstm32usb.a(usb_core.o)
                0x0800907c                Standard_ClearFeature
 .text.Standard_SetEndPointFeature
                0x08009158       0x8c lib/STM32_USB-FS-Device_Driver/libstm32usb.a(usb_core.o)
                0x08009158                Standard_SetEndPointFeature
 .text.Standard_SetDeviceFeature
                0x080091e4       0x24 lib/STM32_USB-FS-Device_Driver/libstm32usb.a(usb_core.o)
                0x080091e4                Standard_SetDeviceFeature
 .text.Standard_GetDescriptorData
                0x08009208       0x1c lib/STM32_USB-FS-Device_Driver/libstm32usb.a(usb_core.o)
                0x08009208                Standard_GetDescriptorData
 .text.Post0_Process
                0x08009224       0x40 lib/STM32_USB-FS-Device_Driver/libstm32usb.a(usb_core.o)
                0x08009224                Post0_Process
 .text.Out0_Process
                0x08009264       0xd4 lib/STM32_USB-FS-Device_Driver/libstm32usb.a(usb_core.o)
                0x08009264                Out0_Process
 .text.Setup0_Process
                0x08009338      0x2f8 lib/STM32_USB-FS-Device_Driver/libstm32usb.a(usb_core.o)
                0x08009338                Setup0_Process
 .text.SetDeviceAddress
                0x08009630       0x40 lib/STM32_USB-FS-Device_Driver/libstm32usb.a(usb_core.o)
                0x08009630                SetDeviceAddress
 .text.In0_Process
                0x08009670       0x60 lib/STM32_USB-FS-Device_Driver/libstm32usb.a(usb_core.o)
                0x08009670                In0_Process
 .text.NOP_Process
                0x080096d0        0x2 lib/STM32_USB-FS-Device_Driver/libstm32usb.a(usb_core.o)
                0x080096d0                NOP_Process
 *fill*         0x080096d2        0x2 00
 .text.USB_Init
                0x080096d4       0x38 lib/STM32_USB-FS-Device_Driver/libstm32usb.a(usb_init.o)
                0x080096d4                USB_Init
 .text.CTR_LP   0x0800970c      0x190 lib/STM32_USB-FS-Device_Driver/libstm32usb.a(usb_int.o)
                0x0800970c                CTR_LP
 .text.CTR_HP   0x0800989c       0x74 lib/STM32_USB-FS-Device_Driver/libstm32usb.a(usb_int.o)
                0x0800989c                CTR_HP
 .text.UserToPMABufferCopy
                0x08009910       0x2e lib/STM32_USB-FS-Device_Driver/libstm32usb.a(usb_mem.o)
                0x08009910                UserToPMABufferCopy
 .text.PMAToUserBufferCopy
                0x0800993e       0x24 lib/STM32_USB-FS-Device_Driver/libstm32usb.a(usb_mem.o)
                0x0800993e                PMAToUserBufferCopy
 *fill*         0x08009962        0x2 00
 .text.SetBTABLE
                0x08009964       0x10 lib/STM32_USB-FS-Device_Driver/libstm32usb.a(usb_regs.o)
                0x08009964                SetBTABLE
 .text.SetEPType
                0x08009974       0x18 lib/STM32_USB-FS-Device_Driver/libstm32usb.a(usb_regs.o)
                0x08009974                SetEPType
 .text.SetEPTxStatus
                0x0800998c       0x3a lib/STM32_USB-FS-Device_Driver/libstm32usb.a(usb_regs.o)
                0x0800998c                SetEPTxStatus
 .text.SetEPRxStatus
                0x080099c6       0x3a lib/STM32_USB-FS-Device_Driver/libstm32usb.a(usb_regs.o)
                0x080099c6                SetEPRxStatus
 .text.SetEPRxValid
                0x08009a00       0x22 lib/STM32_USB-FS-Device_Driver/libstm32usb.a(usb_regs.o)
                0x08009a00                SetEPRxValid
 .text.Clear_Status_Out
                0x08009a22       0x1e lib/STM32_USB-FS-Device_Driver/libstm32usb.a(usb_regs.o)
                0x08009a22                Clear_Status_Out
 .text.ClearDTOG_RX
                0x08009a40       0x24 lib/STM32_USB-FS-Device_Driver/libstm32usb.a(usb_regs.o)
                0x08009a40                ClearDTOG_RX
 .text.ClearDTOG_TX
                0x08009a64       0x24 lib/STM32_USB-FS-Device_Driver/libstm32usb.a(usb_regs.o)
                0x08009a64                ClearDTOG_TX
 .text.SetEPTxAddr
                0x08009a88       0x20 lib/STM32_USB-FS-Device_Driver/libstm32usb.a(usb_regs.o)
                0x08009a88                SetEPTxAddr
 .text.SetEPRxAddr
                0x08009aa8       0x20 lib/STM32_USB-FS-Device_Driver/libstm32usb.a(usb_regs.o)
                0x08009aa8                SetEPRxAddr
 .text.GetEPTxAddr
                0x08009ac8       0x1c lib/STM32_USB-FS-Device_Driver/libstm32usb.a(usb_regs.o)
                0x08009ac8                GetEPTxAddr
 .text.GetEPRxAddr
                0x08009ae4       0x1c lib/STM32_USB-FS-Device_Driver/libstm32usb.a(usb_regs.o)
                0x08009ae4                GetEPRxAddr
 .text.SetEPTxCount
                0x08009b00       0x1c lib/STM32_USB-FS-Device_Driver/libstm32usb.a(usb_regs.o)
                0x08009b00                SetEPTxCount
 .text.SetEPRxCount
                0x08009b1c       0x3c lib/STM32_USB-FS-Device_Driver/libstm32usb.a(usb_regs.o)
                0x08009b1c                SetEPRxCount
 .text.GetEPRxCount
                0x08009b58       0x20 lib/STM32_USB-FS-Device_Driver/libstm32usb.a(usb_regs.o)
                0x08009b58                GetEPRxCount
 .text.ByteSwap
                0x08009b78        0xa lib/STM32_USB-FS-Device_Driver/libstm32usb.a(usb_regs.o)
                0x08009b78                ByteSwap
 *fill*         0x08009b82        0x2 00
 .text.USB_SIL_Init
                0x08009b84       0x20 lib/STM32_USB-FS-Device_Driver/libstm32usb.a(usb_sil.o)
                0x08009b84                USB_SIL_Init
 .text.USB_SIL_Write
                0x08009ba4       0x28 lib/STM32_USB-FS-Device_Driver/libstm32usb.a(usb_sil.o)
                0x08009ba4                USB_SIL_Write
 .text.USB_SIL_Read
                0x08009bcc       0x24 lib/STM32_USB-FS-Device_Driver/libstm32usb.a(usb_sil.o)
                0x08009bcc                USB_SIL_Read
 .text.memset   0x08009bf0      0x12c /home/laurence/ARM-GCC/bin/../lib/gcc/arm-none-eabi/4.7.4/../../../../arm-none-eabi/lib/armv7-m/libc.a(lib_a-memset.o)
                0x08009bf0                memset
 .text._sbrk    0x08009d1c       0x34 /home/laurence/ARM-GCC/bin/../lib/gcc/arm-none-eabi/4.7.4/../../../../arm-none-eabi/lib/armv7-m/libnosys.a(sbrk.o)
                0x08009d1c                _sbrk
 *(.rodata)
 .rodata        0x08009d50       0xf0 /tmp/ccmnJDpu.ltrans0.ltrans.o
                0x08009d50                DaysInMonth.5524
 .rodata        0x08009e40       0x20 /tmp/ccmnJDpu.ltrans1.ltrans.o
 .rodata        0x08009e60       0x98 /tmp/ccmnJDpu.ltrans2.ltrans.o
 .rodata        0x08009ef8      0x54e /tmp/ccmnJDpu.ltrans4.ltrans.o
                0x0800a2c6                Tbl.5103
 *(.rodata*)
 .rodata.str1.1
                0x0800a446      0x42d /tmp/ccmnJDpu.ltrans0.ltrans.o
 .rodata.Silabs_Header
                0x0800a873        0x5 /tmp/ccmnJDpu.ltrans0.ltrans.o
 .rodata.str1.1
                0x0800a878        0x6 /tmp/ccmnJDpu.ltrans1.ltrans.o
 .rodata.MASS_DeviceDescriptor
                0x0800a87e       0x12 /tmp/ccmnJDpu.ltrans1.ltrans.o
 .rodata.str1.1
                0x0800a890       0x10 /tmp/ccmnJDpu.ltrans4.ltrans.o
                                 0x19 (size before relaxing)
 .rodata.L3GD20_setup
                0x0800a8a0        0x6 /tmp/ccmnJDpu.ltrans7.ltrans.o
 *fill*         0x0800a8a6        0x2 00
 .rodata.str1.4
                0x0800a8a8        0x4 /home/laurence/ARM-GCC/bin/../lib/gcc/arm-none-eabi/4.7.4/../../../../arm-none-eabi/lib/armv7-m/libc.a(lib_a-impure.o)
 *(.glue_7)
 .glue_7        0x00000000        0x0 linker stubs
 *(.glue_7t)
 .glue_7t       0x00000000        0x0 linker stubs
 *(.init)
 .init          0x0800a8ac        0x4 /home/laurence/ARM-GCC/bin/../lib/gcc/arm-none-eabi/4.7.4/armv7-m/crti.o
                0x0800a8ac                _init
 .init          0x0800a8b0        0x8 /home/laurence/ARM-GCC/bin/../lib/gcc/arm-none-eabi/4.7.4/armv7-m/crtn.o
 *(.fini)
 .fini          0x0800a8b8        0x4 /home/laurence/ARM-GCC/bin/../lib/gcc/arm-none-eabi/4.7.4/armv7-m/crti.o
                0x0800a8b8                _fini
 .fini          0x0800a8bc        0x8 /home/laurence/ARM-GCC/bin/../lib/gcc/arm-none-eabi/4.7.4/armv7-m/crtn.o
                0x0800a8c4                . = ALIGN (0x4)
                0x0800a8c4                _etext = .
                0x0800a8c4                _sidata = _etext

.vfp11_veneer   0x0800a8c4        0x0
 .vfp11_veneer  0x00000000        0x0 linker stubs

.v4_bx          0x0800a8c4        0x0
 .v4_bx         0x00000000        0x0 linker stubs

.iplt           0x0800a8c4        0x0
 .iplt          0x00000000        0x0 /home/laurence/ARM-GCC/bin/../lib/gcc/arm-none-eabi/4.7.4/armv7-m/crtbegin.o

.rel.dyn        0x0800a8c4        0x0
 .rel.iplt      0x00000000        0x0 /home/laurence/ARM-GCC/bin/../lib/gcc/arm-none-eabi/4.7.4/armv7-m/crtbegin.o

.flashpatch     0x00000000        0x0
                0x00000000                . = ALIGN (0x4)
 *(.flashpatch)
                0x00000000                . = ALIGN (0x4)

.endflash       0x00000000        0x0
                0x00000000                . = ALIGN (0x4)
 *(.endflash)
                0x00000000                . = ALIGN (0x4)
                0x00000000                _e_endflash = .

.data           0x20000000      0x9d4 load address 0x0800a8c4
                0x20000000                . = ALIGN (0x4)
                0x20000000                _sdata = .
                0x20000000                _data = .
 *(.data)
 .data          0x20000000       0x18 /tmp/ccmnJDpu.ltrans1.ltrans.o
                0x20000015                Device_Table
 .data          0x20000018       0x44 /tmp/ccmnJDpu.ltrans2.ltrans.o
                0x20000034                String_Descriptor
 .data          0x2000005c       0x90 /tmp/ccmnJDpu.ltrans3.ltrans.o
                0x200000a4                Scsi_Sense_Data
                0x200000d0                pEpInt_OUT
 .data          0x200000ec       0x1c /tmp/ccmnJDpu.ltrans5.ltrans.o
                0x200000ec                pEpInt_IN
 .data          0x20000108       0x54 /tmp/ccmnJDpu.ltrans6.ltrans.o
                0x20000108                User_Standard_Requests
                0x2000012c                Device_Property
 .data          0x2000015c       0x24 /tmp/ccmnJDpu.ltrans7.ltrans.o
                0x2000015c                I2C_jobs
                0x2000017c                Stat.5718
 *(.data.*)
 .data.__malloc_av_
                0x20000180      0x408 /home/laurence/ARM-GCC/bin/../lib/gcc/arm-none-eabi/4.7.4/../../../../arm-none-eabi/lib/armv7-m/libc.a(lib_a-mallocr.o)
                0x20000180                __malloc_av_
 .data.__malloc_trim_threshold
                0x20000588        0x4 /home/laurence/ARM-GCC/bin/../lib/gcc/arm-none-eabi/4.7.4/../../../../arm-none-eabi/lib/armv7-m/libc.a(lib_a-mallocr.o)
                0x20000588                __malloc_trim_threshold
 .data.__malloc_sbrk_base
                0x2000058c        0x4 /home/laurence/ARM-GCC/bin/../lib/gcc/arm-none-eabi/4.7.4/../../../../arm-none-eabi/lib/armv7-m/libc.a(lib_a-mallocr.o)
                0x2000058c                __malloc_sbrk_base
 .data.ADCPrescTable
                0x20000590        0x4 lib/STM32F10x_StdPeriph_Driver/libstm32fw.a(stm32f10x_rcc.o)
 .data.APBAHBPrescTable
                0x20000594       0x10 lib/STM32F10x_StdPeriph_Driver/libstm32fw.a(stm32f10x_rcc.o)
 *fill*         0x200005a4        0x4 00
 .data.impure_data
                0x200005a8      0x428 /home/laurence/ARM-GCC/bin/../lib/gcc/arm-none-eabi/4.7.4/../../../../arm-none-eabi/lib/armv7-m/libc.a(lib_a-impure.o)
 .data._impure_ptr
                0x200009d0        0x4 /home/laurence/ARM-GCC/bin/../lib/gcc/arm-none-eabi/4.7.4/../../../../arm-none-eabi/lib/armv7-m/libc.a(lib_a-impure.o)
                0x200009d0                _impure_ptr
 *(.RAMtext)
                0x200009d4                . = ALIGN (0x4)
                0x200009d4                _edata = .
                0x0800b298                _eidata = (_sidata + (_edata - _sdata))
                0x08020000                _lastdataromaddress = (ORIGIN (FLASH) + 0x20000)
                0x00000000                toobig = (_eidata > _lastdataromaddress)?!!!!!!!!! FLASH IS FULL !!!!!!!!!:0x0

.igot.plt       0x200009d4        0x0 load address 0x0800b298
 .igot.plt      0x00000000        0x0 /home/laurence/ARM-GCC/bin/../lib/gcc/arm-none-eabi/4.7.4/armv7-m/crtbegin.o

.bss            0x200009d8      0xcac load address 0x0800b2a0
                0x200009d8                . = ALIGN (0x4)
                0x200009d8                _sbss = .
                0x200009d8                _bss = .
 *(.bss)
 .bss           0x200009d8      0xa38 /tmp/ccmnJDpu.ltrans0.ltrans.o
                0x20000e00                bootsource
                0x20000e04                rputchar.5800
                0x20000e08                Data_Buffer
                0x20000e0c                Millis
                0x20000e10                Battery_Voltage
                0x20000e14                FatFs.5445
                0x2000104c                FATFS_info
                0x2000106c                FATFS_logfile
                0x20001290                print_string
                0x20001390                Jobs
                0x20001394                Completed_Jobs
                0x20001398                Gps_Buffer
                0x200013a4                Gps
                0x200013d8                Silabs_Rx_Buffer
                0x200013e4                CTS_Low.4222
                0x200013e8                Gyro_XY_Rate
                0x200013ec                Gyro_Z_Rate
                0x200013f0                Ind_Voltage
                0x200013f4                Auto_volt
                0x200013f8                Ignition_Selftest
                0x200013fa                AutoSequence
                0x200013fc                System_state_Global
                0x20001400                Aux_Voltage
                0x20001404                Gyro_Temperature
                0x20001408                Auto_spin
                0x2000140c                Shutdown_System
 .bss           0x20001410       0x9c /tmp/ccmnJDpu.ltrans1.ltrans.o
                0x200014a8                wIstr
 .bss           0x200014ac       0x20 /tmp/ccmnJDpu.ltrans2.ltrans.o
 .bss           0x200014cc       0x98 /tmp/ccmnJDpu.ltrans3.ltrans.o
                0x200014cc                CBW
                0x200014ec                Bulk_Data_Buff
                0x2000152c                Data_Len
                0x2000152e                Bot_State
                0x20001530                CSW
                0x20001540                SCSI_LBA
                0x20001544                SCSI_BlkLen
                0x20001548                Mass_Block_Count
                0x20001550                Mass_Block_Size
 .bss           0x20001564       0x18 /tmp/ccmnJDpu.ltrans5.ltrans.o
                0x20001568                TransferState
                0x20001578                Sd_Spi_Called_From_USB_MSC
 .bss           0x2000157c       0x24 /tmp/ccmnJDpu.ltrans6.ltrans.o
                0x2000158f                Channel_rx
                0x20001590                Timer1.5713
 .bss           0x200015a0       0x18 /tmp/ccmnJDpu.ltrans7.ltrans.o
                0x200015a3                Silabs_spi_state
                0x200015a4                Silabs_driver_state
                0x200015a8                Silabs_Tx_Buffer
                0x200015b4                CardType.5719
 .bss           0x200015b8       0x28 /tmp/ccmnJDpu.ltrans8.ltrans.o
                0x200015b9                L3GD20_Data_Buffer
                0x200015c1                AFROESC_Data_Buffer
                0x200015d4                AFROESC_Throttle
                0x200015df                job
 .bss           0x200015e0        0xc /tmp/ccmnJDpu.ltrans9.ltrans.o
                0x200015e0                Usart1_rx_buff
 *(.bss.*)
 .bss.file_opened
                0x200015ec        0x1 /tmp/ccmnJDpu.ltrans0.ltrans.o
 *fill*         0x200015ed        0x3 00
 .bss.bDeviceState
                0x200015f0        0x4 /tmp/ccmnJDpu.ltrans0.ltrans.o
                0x200015f0                bDeviceState
 .bss.Status    0x200015f4        0x4 /tmp/ccmnJDpu.ltrans0.ltrans.o
                0x200015f4                Status
 .bss.bIntPackSOF
                0x200015f8        0x1 /tmp/ccmnJDpu.ltrans1.ltrans.o
 *fill*         0x200015f9        0x3 00
 .bss.Max_Lun   0x200015fc        0x4 /tmp/ccmnJDpu.ltrans3.ltrans.o
                0x200015fc                Max_Lun
 .bss.Page00_Inquiry_Data
                0x20001600        0x5 /tmp/ccmnJDpu.ltrans3.ltrans.o
 *fill*         0x20001605        0x3 00
 .bss.__malloc_max_total_mem
                0x20001608        0x4 /home/laurence/ARM-GCC/bin/../lib/gcc/arm-none-eabi/4.7.4/../../../../arm-none-eabi/lib/armv7-m/libc.a(lib_a-mallocr.o)
                0x20001608                __malloc_max_total_mem
 .bss.__malloc_max_sbrked_mem
                0x2000160c        0x4 /home/laurence/ARM-GCC/bin/../lib/gcc/arm-none-eabi/4.7.4/../../../../arm-none-eabi/lib/armv7-m/libc.a(lib_a-mallocr.o)
                0x2000160c                __malloc_max_sbrked_mem
 .bss.__malloc_top_pad
                0x20001610        0x4 /home/laurence/ARM-GCC/bin/../lib/gcc/arm-none-eabi/4.7.4/../../../../arm-none-eabi/lib/armv7-m/libc.a(lib_a-mallocr.o)
                0x20001610                __malloc_top_pad
 .bss.__malloc_current_mallinfo
                0x20001614       0x28 /home/laurence/ARM-GCC/bin/../lib/gcc/arm-none-eabi/4.7.4/../../../../arm-none-eabi/lib/armv7-m/libc.a(lib_a-mallocr.o)
                0x20001614                __malloc_current_mallinfo
 .bss.Data_Mul_MaxPacketSize
                0x2000163c        0x1 lib/STM32_USB-FS-Device_Driver/libstm32usb.a(usb_core.o)
                0x2000163c                Data_Mul_MaxPacketSize
 *fill*         0x2000163d        0x3 00
 .bss.heap_end.4231
                0x20001640        0x4 /home/laurence/ARM-GCC/bin/../lib/gcc/arm-none-eabi/4.7.4/../../../../arm-none-eabi/lib/armv7-m/libnosys.a(sbrk.o)
 *(COMMON)
 COMMON         0x20001644        0x4 /home/laurence/ARM-GCC/bin/../lib/gcc/arm-none-eabi/4.7.4/../../../../arm-none-eabi/lib/armv7-m/libc.a(lib_a-reent.o)
                0x20001644                errno
 COMMON         0x20001648        0x2 lib/STM32_USB-FS-Device_Driver/libstm32usb.a(usb_core.o)
                0x20001648                StatusInfo
 *fill*         0x2000164a        0x2 00
 COMMON         0x2000164c       0x32 lib/STM32_USB-FS-Device_Driver/libstm32usb.a(usb_init.o)
                0x2000164c                SaveState
                0x20001650                pProperty
                0x20001654                EPindex
                0x20001658                Device_Info
                0x20001674                pUser_Standard_Requests
                0x20001678                pInformation
                0x2000167c                wInterrupt_Mask
 COMMON         0x2000167e        0x4 lib/STM32_USB-FS-Device_Driver/libstm32usb.a(usb_int.o)
                0x2000167e                SaveRState
                0x20001680                SaveTState
                0x20001684                . = ALIGN (0x4)
 *fill*         0x20001682        0x2 00
                0x20001684                _ebss = .
                0x20001684                PROVIDE (end, _ebss)
                0x20001684                PROVIDE (_end, _ebss)

._usrstack      0x20001684     0x2000 load address 0x0800bf4c
                0x20001684                . = ALIGN (0x4)
                0x20001684                _susrstack = .
                0x20003684                . = (. + _Minimum_Stack_Size)
 *fill*         0x20001684     0x2000 00
                0x20003684                . = ALIGN (0x4)
                0x20003684                _eusrstack = .
                0x20005000                _lastramaddress = (ORIGIN (RAM) + 0x5000)
                0x00000000                toobig = (_eusrstack > _lastramaddress)?!!!!!!!!! RAM IS FULL !!!!!!!!!:0x0

.b1text
 *(.b1text)
 *(.b1rodata)
 *(.b1rodata*)

.eb0text
 *(.eb0text)
 *(.eb0rodata)
 *(.eb0rodata*)

.eb1text
 *(.eb1text)
 *(.eb1rodata)
 *(.eb1rodata*)

.eb2text
 *(.eb2text)
 *(.eb2rodata)
 *(.eb2rodata*)

.eb3text
 *(.eb3text)
 *(.eb3rodata)
 *(.eb3rodata*)
                0x20003684                __exidx_start = .
                0x20003684                __exidx_end = .

/DISCARD/
 libc.a(*)
 libm.a(*)
 libgcc.a(*)

.stab
 *(.stab)

.stabstr
 *(.stabstr)

.stab.excl
 *(.stab.excl)

.stab.exclstr
 *(.stab.exclstr)

.stab.index
 *(.stab.index)

.stab.indexstr
 *(.stab.indexstr)

.comment        0x00000000       0x70
 *(.comment)
 .comment       0x00000000       0x71 /tmp/ccmnJDpu.ltrans0.ltrans.o
 .comment       0x00000000       0x71 /tmp/ccmnJDpu.ltrans1.ltrans.o
 .comment       0x00000000       0x71 /tmp/ccmnJDpu.ltrans2.ltrans.o
 .comment       0x00000000       0x71 /tmp/ccmnJDpu.ltrans3.ltrans.o
 .comment       0x00000000       0x71 /tmp/ccmnJDpu.ltrans4.ltrans.o
 .comment       0x00000000       0x71 /tmp/ccmnJDpu.ltrans5.ltrans.o
 .comment       0x00000000       0x71 /tmp/ccmnJDpu.ltrans6.ltrans.o
 .comment       0x00000000       0x71 /tmp/ccmnJDpu.ltrans7.ltrans.o
 .comment       0x00000000       0x71 /tmp/ccmnJDpu.ltrans8.ltrans.o
 .comment       0x00000000       0x71 /tmp/ccmnJDpu.ltrans9.ltrans.o
 .comment       0x00000000       0x70 lib/STM32F10x_StdPeriph_Driver/libstm32fw.a(misc.o)
                                 0x71 (size before relaxing)
 .comment       0x00000000       0x71 lib/STM32F10x_StdPeriph_Driver/libstm32fw.a(stm32f10x_adc.o)
 .comment       0x00000000       0x71 lib/STM32F10x_StdPeriph_Driver/libstm32fw.a(stm32f10x_bkp.o)
 .comment       0x00000000       0x71 lib/STM32F10x_StdPeriph_Driver/libstm32fw.a(stm32f10x_dbgmcu.o)
 .comment       0x00000000       0x71 lib/STM32F10x_StdPeriph_Driver/libstm32fw.a(stm32f10x_dma.o)
 .comment       0x00000000       0x71 lib/STM32F10x_StdPeriph_Driver/libstm32fw.a(stm32f10x_exti.o)
 .comment       0x00000000       0x71 lib/STM32F10x_StdPeriph_Driver/libstm32fw.a(stm32f10x_gpio.o)
 .comment       0x00000000       0x71 lib/STM32F10x_StdPeriph_Driver/libstm32fw.a(stm32f10x_i2c.o)
 .comment       0x00000000       0x71 lib/STM32F10x_StdPeriph_Driver/libstm32fw.a(stm32f10x_iwdg.o)
 .comment       0x00000000       0x71 lib/STM32F10x_StdPeriph_Driver/libstm32fw.a(stm32f10x_pwr.o)
 .comment       0x00000000       0x71 lib/STM32F10x_StdPeriph_Driver/libstm32fw.a(stm32f10x_rcc.o)
 .comment       0x00000000       0x71 lib/STM32F10x_StdPeriph_Driver/libstm32fw.a(stm32f10x_rtc.o)
 .comment       0x00000000       0x71 lib/STM32F10x_StdPeriph_Driver/libstm32fw.a(stm32f10x_spi.o)
 .comment       0x00000000       0x71 lib/STM32F10x_StdPeriph_Driver/libstm32fw.a(stm32f10x_usart.o)
 .comment       0x00000000       0x71 lib/STM32_USB-FS-Device_Driver/libstm32usb.a(usb_core.o)
 .comment       0x00000000       0x71 lib/STM32_USB-FS-Device_Driver/libstm32usb.a(usb_init.o)
 .comment       0x00000000       0x71 lib/STM32_USB-FS-Device_Driver/libstm32usb.a(usb_int.o)
 .comment       0x00000000       0x71 lib/STM32_USB-FS-Device_Driver/libstm32usb.a(usb_mem.o)
 .comment       0x00000000       0x71 lib/STM32_USB-FS-Device_Driver/libstm32usb.a(usb_regs.o)
 .comment       0x00000000       0x71 lib/STM32_USB-FS-Device_Driver/libstm32usb.a(usb_sil.o)

.ARM.attributes
                0x00000000       0x29
 .ARM.attributes
                0x00000000       0x1d /home/laurence/ARM-GCC/bin/../lib/gcc/arm-none-eabi/4.7.4/armv7-m/crti.o
 .ARM.attributes
                0x0000001d       0x31 /tmp/ccmnJDpu.ltrans0.ltrans.o
 .ARM.attributes
                0x0000004e       0x31 /tmp/ccmnJDpu.ltrans1.ltrans.o
 .ARM.attributes
                0x0000007f       0x31 /tmp/ccmnJDpu.ltrans2.ltrans.o
 .ARM.attributes
                0x000000b0       0x31 /tmp/ccmnJDpu.ltrans3.ltrans.o
 .ARM.attributes
                0x000000e1       0x31 /tmp/ccmnJDpu.ltrans4.ltrans.o
 .ARM.attributes
                0x00000112       0x31 /tmp/ccmnJDpu.ltrans5.ltrans.o
 .ARM.attributes
                0x00000143       0x31 /tmp/ccmnJDpu.ltrans6.ltrans.o
 .ARM.attributes
                0x00000174       0x31 /tmp/ccmnJDpu.ltrans7.ltrans.o
 .ARM.attributes
                0x000001a5       0x31 /tmp/ccmnJDpu.ltrans8.ltrans.o
 .ARM.attributes
                0x000001d6       0x31 /tmp/ccmnJDpu.ltrans9.ltrans.o
 .ARM.attributes
                0x00000207       0x1d /home/laurence/ARM-GCC/bin/../lib/gcc/arm-none-eabi/4.7.4/armv7-m/libgcc.a(_arm_addsubdf3.o)
 .ARM.attributes
                0x00000224       0x1d /home/laurence/ARM-GCC/bin/../lib/gcc/arm-none-eabi/4.7.4/armv7-m/libgcc.a(_arm_muldivdf3.o)
 .ARM.attributes
                0x00000241       0x1d /home/laurence/ARM-GCC/bin/../lib/gcc/arm-none-eabi/4.7.4/armv7-m/libgcc.a(_arm_cmpdf2.o)
 .ARM.attributes
                0x0000025e       0x1d /home/laurence/ARM-GCC/bin/../lib/gcc/arm-none-eabi/4.7.4/armv7-m/libgcc.a(_arm_fixunsdfsi.o)
 .ARM.attributes
                0x0000027b       0x1d /home/laurence/ARM-GCC/bin/../lib/gcc/arm-none-eabi/4.7.4/armv7-m/libgcc.a(_arm_truncdfsf2.o)
 .ARM.attributes
                0x00000298       0x1d /home/laurence/ARM-GCC/bin/../lib/gcc/arm-none-eabi/4.7.4/armv7-m/libgcc.a(_arm_addsubsf3.o)
 .ARM.attributes
                0x000002b5       0x1d /home/laurence/ARM-GCC/bin/../lib/gcc/arm-none-eabi/4.7.4/armv7-m/libgcc.a(_arm_muldivsf3.o)
 .ARM.attributes
                0x000002d2       0x1d /home/laurence/ARM-GCC/bin/../lib/gcc/arm-none-eabi/4.7.4/armv7-m/libgcc.a(_arm_cmpsf2.o)
 .ARM.attributes
                0x000002ef       0x1d /home/laurence/ARM-GCC/bin/../lib/gcc/arm-none-eabi/4.7.4/armv7-m/libgcc.a(_arm_fixunssfsi.o)
 .ARM.attributes
                0x0000030c       0x2d /home/laurence/ARM-GCC/bin/../lib/gcc/arm-none-eabi/4.7.4/../../../../arm-none-eabi/lib/armv7-m/libc.a(lib_a-malloc.o)
 .ARM.attributes
                0x00000339       0x2d /home/laurence/ARM-GCC/bin/../lib/gcc/arm-none-eabi/4.7.4/../../../../arm-none-eabi/lib/armv7-m/libc.a(lib_a-mallocr.o)
 .ARM.attributes
                0x00000366       0x2d /home/laurence/ARM-GCC/bin/../lib/gcc/arm-none-eabi/4.7.4/../../../../arm-none-eabi/lib/armv7-m/libc.a(lib_a-memcpy.o)
 .ARM.attributes
                0x00000393       0x2d /home/laurence/ARM-GCC/bin/../lib/gcc/arm-none-eabi/4.7.4/../../../../arm-none-eabi/lib/armv7-m/libc.a(lib_a-mlock.o)
 .ARM.attributes
                0x000003c0       0x2d /home/laurence/ARM-GCC/bin/../lib/gcc/arm-none-eabi/4.7.4/../../../../arm-none-eabi/lib/armv7-m/libc.a(lib_a-sbrkr.o)
 .ARM.attributes
                0x000003ed       0x2d /home/laurence/ARM-GCC/bin/../lib/gcc/arm-none-eabi/4.7.4/../../../../arm-none-eabi/lib/armv7-m/libc.a(lib_a-strchr.o)
 .ARM.attributes
                0x0000041a       0x2d /home/laurence/ARM-GCC/bin/../lib/gcc/arm-none-eabi/4.7.4/../../../../arm-none-eabi/lib/armv7-m/libc.a(lib_a-strlen.o)
 .ARM.attributes
                0x00000447       0x2d /home/laurence/ARM-GCC/bin/../lib/gcc/arm-none-eabi/4.7.4/../../../../arm-none-eabi/lib/armv7-m/libc.a(lib_a-strncmp.o)
 .ARM.attributes
                0x00000474       0x2d /home/laurence/ARM-GCC/bin/../lib/gcc/arm-none-eabi/4.7.4/../../../../arm-none-eabi/lib/armv7-m/libc.a(lib_a-strncpy.o)
 .ARM.attributes
                0x000004a1       0x2d /home/laurence/ARM-GCC/bin/../lib/gcc/arm-none-eabi/4.7.4/../../../../arm-none-eabi/lib/armv7-m/libc.a(lib_a-freer.o)
 .ARM.attributes
                0x000004ce       0x2d /home/laurence/ARM-GCC/bin/../lib/gcc/arm-none-eabi/4.7.4/../../../../arm-none-eabi/lib/armv7-m/libc.a(lib_a-reent.o)
 .ARM.attributes
                0x000004fb       0x21 lib/CMSIS_CM3/startup/gcc/startup_stm32f10x_md.o
 .ARM.attributes
                0x0000051c       0x33 lib/STM32F10x_StdPeriph_Driver/libstm32fw.a(misc.o)
 .ARM.attributes
                0x0000054f       0x33 lib/STM32F10x_StdPeriph_Driver/libstm32fw.a(stm32f10x_adc.o)
 .ARM.attributes
                0x00000582       0x33 lib/STM32F10x_StdPeriph_Driver/libstm32fw.a(stm32f10x_bkp.o)
 .ARM.attributes
                0x000005b5       0x33 lib/STM32F10x_StdPeriph_Driver/libstm32fw.a(stm32f10x_dbgmcu.o)
 .ARM.attributes
                0x000005e8       0x33 lib/STM32F10x_StdPeriph_Driver/libstm32fw.a(stm32f10x_dma.o)
 .ARM.attributes
                0x0000061b       0x33 lib/STM32F10x_StdPeriph_Driver/libstm32fw.a(stm32f10x_exti.o)
 .ARM.attributes
                0x0000064e       0x33 lib/STM32F10x_StdPeriph_Driver/libstm32fw.a(stm32f10x_gpio.o)
 .ARM.attributes
                0x00000681       0x33 lib/STM32F10x_StdPeriph_Driver/libstm32fw.a(stm32f10x_i2c.o)
 .ARM.attributes
                0x000006b4       0x33 lib/STM32F10x_StdPeriph_Driver/libstm32fw.a(stm32f10x_iwdg.o)
 .ARM.attributes
                0x000006e7       0x33 lib/STM32F10x_StdPeriph_Driver/libstm32fw.a(stm32f10x_pwr.o)
 .ARM.attributes
                0x0000071a       0x33 lib/STM32F10x_StdPeriph_Driver/libstm32fw.a(stm32f10x_rcc.o)
 .ARM.attributes
                0x0000074d       0x33 lib/STM32F10x_StdPeriph_Driver/libstm32fw.a(stm32f10x_rtc.o)
 .ARM.attributes
                0x00000780       0x33 lib/STM32F10x_StdPeriph_Driver/libstm32fw.a(stm32f10x_spi.o)
 .ARM.attributes
                0x000007b3       0x33 lib/STM32F10x_StdPeriph_Driver/libstm32fw.a(stm32f10x_usart.o)
 .ARM.attributes
                0x000007e6       0x33 lib/STM32_USB-FS-Device_Driver/libstm32usb.a(usb_core.o)
 .ARM.attributes
                0x00000819       0x33 lib/STM32_USB-FS-Device_Driver/libstm32usb.a(usb_init.o)
 .ARM.attributes
                0x0000084c       0x33 lib/STM32_USB-FS-Device_Driver/libstm32usb.a(usb_int.o)
 .ARM.attributes
                0x0000087f       0x33 lib/STM32_USB-FS-Device_Driver/libstm32usb.a(usb_mem.o)
 .ARM.attributes
                0x000008b2       0x33 lib/STM32_USB-FS-Device_Driver/libstm32usb.a(usb_regs.o)
 .ARM.attributes
                0x000008e5       0x33 lib/STM32_USB-FS-Device_Driver/libstm32usb.a(usb_sil.o)
 .ARM.attributes
                0x00000918       0x2d /home/laurence/ARM-GCC/bin/../lib/gcc/arm-none-eabi/4.7.4/../../../../arm-none-eabi/lib/armv7-m/libc.a(lib_a-impure.o)
 .ARM.attributes
                0x00000945       0x2d /home/laurence/ARM-GCC/bin/../lib/gcc/arm-none-eabi/4.7.4/../../../../arm-none-eabi/lib/armv7-m/libc.a(lib_a-memset.o)
 .ARM.attributes
                0x00000972       0x1d /home/laurence/ARM-GCC/bin/../lib/gcc/arm-none-eabi/4.7.4/armv7-m/crtn.o
 .ARM.attributes
                0x0000098f       0x2d /home/laurence/ARM-GCC/bin/../lib/gcc/arm-none-eabi/4.7.4/../../../../arm-none-eabi/lib/armv7-m/libnosys.a(sbrk.o)

.debug
 *(.debug)

.line
 *(.line)

.debug_srcinfo
 *(.debug_srcinfo)

.debug_sfnames
 *(.debug_sfnames)

.debug_aranges
 *(.debug_aranges)

.debug_pubnames
 *(.debug_pubnames)

.debug_info
 *(.debug_info .gnu.linkonce.wi.*)

.debug_abbrev
 *(.debug_abbrev)

.debug_line
 *(.debug_line)

.debug_frame    0x00000000      0x2a0
 *(.debug_frame)
 .debug_frame   0x00000000       0x30 /home/laurence/ARM-GCC/bin/../lib/gcc/arm-none-eabi/4.7.4/../../../../arm-none-eabi/lib/armv7-m/libc.a(lib_a-malloc.o)
 .debug_frame   0x00000030       0x38 /home/laurence/ARM-GCC/bin/../lib/gcc/arm-none-eabi/4.7.4/../../../../arm-none-eabi/lib/armv7-m/libc.a(lib_a-mallocr.o)
 .debug_frame   0x00000068       0x30 /home/laurence/ARM-GCC/bin/../lib/gcc/arm-none-eabi/4.7.4/../../../../arm-none-eabi/lib/armv7-m/libc.a(lib_a-memcpy.o)