Archive member included because of file (symbol)

lib/STM32F10x_StdPeriph_Driver/libstm32fw.a(misc.o)
                              interrupts.o (symbol from plugin) (NVIC_PriorityGroupConfig)
lib/STM32F10x_StdPeriph_Driver/libstm32fw.a(stm32f10x_adc.o)
                              adc.o (symbol from plugin) (ADC_DeInit)
lib/STM32F10x_StdPeriph_Driver/libstm32fw.a(stm32f10x_bkp.o)
                              Util/fat_fs/src/rtc.o (symbol from plugin) (BKP_DeInit)
lib/STM32F10x_StdPeriph_Driver/libstm32fw.a(stm32f10x_dbgmcu.o)
                              main.o (symbol from plugin) (DBGMCU_Config)
lib/STM32F10x_StdPeriph_Driver/libstm32fw.a(stm32f10x_dma.o)
                              Silabs/si446x.o (symbol from plugin) (DMA_DeInit)
lib/STM32F10x_StdPeriph_Driver/libstm32fw.a(stm32f10x_exti.o)
                              Silabs/si446x.o (symbol from plugin) (EXTI_DeInit)
lib/STM32F10x_StdPeriph_Driver/libstm32fw.a(stm32f10x_gpio.o)
                              Silabs/si446x.o (symbol from plugin) (GPIO_Init)
lib/STM32F10x_StdPeriph_Driver/libstm32fw.a(stm32f10x_i2c.o)
                              i2c_int.o (symbol from plugin) (I2C_DeInit)
lib/STM32F10x_StdPeriph_Driver/libstm32fw.a(stm32f10x_iwdg.o)
                              watchdog.o (symbol from plugin) (IWDG_WriteAccessCmd)
lib/STM32F10x_StdPeriph_Driver/libstm32fw.a(stm32f10x_pwr.o)
                              pwr.o (symbol from plugin) (PWR_DeInit)
lib/STM32F10x_StdPeriph_Driver/libstm32fw.a(stm32f10x_rcc.o)
                              interrupts.o (symbol from plugin) (RCC_HCLKConfig)
lib/STM32F10x_StdPeriph_Driver/libstm32fw.a(stm32f10x_rtc.o)
                              Util/fat_fs/src/rtc.o (symbol from plugin) (RTC_GetCounter)
lib/STM32F10x_StdPeriph_Driver/libstm32fw.a(stm32f10x_spi.o)
                              Util/fat_fs/src/sd_spi_stm32.o (symbol from plugin) (SPI_I2S_DeInit)
lib/STM32F10x_StdPeriph_Driver/libstm32fw.a(stm32f10x_tim.o)
                              pwm.o (symbol from plugin) (TIM_TimeBaseInit)
lib/STM32F10x_StdPeriph_Driver/libstm32fw.a(stm32f10x_usart.o)
                              usart.o (symbol from plugin) (USART_DeInit)
lib/STM32_USB-FS-Device_Driver/libstm32usb.a(usb_core.o)
                              Util/USB/usb_prop.o (symbol from plugin) (Standard_GetDescriptorData)
lib/STM32_USB-FS-Device_Driver/libstm32usb.a(usb_init.o)
                              main.o (symbol from plugin) (USB_Init)
lib/STM32_USB-FS-Device_Driver/libstm32usb.a(usb_int.o)
                              Util/USB/usb_istr.o (symbol from plugin) (CTR_LP)
lib/STM32_USB-FS-Device_Driver/libstm32usb.a(usb_mem.o)
                              lib/STM32_USB-FS-Device_Driver/libstm32usb.a(usb_core.o) (UserToPMABufferCopy)
lib/STM32_USB-FS-Device_Driver/libstm32usb.a(usb_regs.o)
                              Util/USB/usb_prop.o (symbol from plugin) (SetBTABLE)
lib/STM32_USB-FS-Device_Driver/libstm32usb.a(usb_sil.o)
                              Util/USB/usb_prop.o (symbol from plugin) (USB_SIL_Init)
/home/laurence/ARM-GCC/bin/../lib/gcc/arm-none-eabi/4.7.4/../../../../arm-none-eabi/lib/armv7-m/libc.a(lib_a-__atexit.o)
                              /home/laurence/ARM-GCC/bin/../lib/gcc/arm-none-eabi/4.7.4/../../../../arm-none-eabi/lib/armv7-m/crt0.o (__register_exitproc)
/home/laurence/ARM-GCC/bin/../lib/gcc/arm-none-eabi/4.7.4/../../../../arm-none-eabi/lib/armv7-m/libc.a(lib_a-exit.o)
                              /home/laurence/ARM-GCC/bin/../lib/gcc/arm-none-eabi/4.7.4/../../../../arm-none-eabi/lib/armv7-m/crt0.o (exit)
/home/laurence/ARM-GCC/bin/../lib/gcc/arm-none-eabi/4.7.4/../../../../arm-none-eabi/lib/armv7-m/libc.a(lib_a-fini.o)
                              /home/laurence/ARM-GCC/bin/../lib/gcc/arm-none-eabi/4.7.4/../../../../arm-none-eabi/lib/armv7-m/crt0.o (__libc_fini_array)
/home/laurence/ARM-GCC/bin/../lib/gcc/arm-none-eabi/4.7.4/../../../../arm-none-eabi/lib/armv7-m/libc.a(lib_a-impure.o)
                              /home/laurence/ARM-GCC/bin/../lib/gcc/arm-none-eabi/4.7.4/../../../../arm-none-eabi/lib/armv7-m/libc.a(lib_a-__atexit.o) (_global_impure_ptr)
/home/laurence/ARM-GCC/bin/../lib/gcc/arm-none-eabi/4.7.4/../../../../arm-none-eabi/lib/armv7-m/libc.a(lib_a-init.o)
                              /home/laurence/ARM-GCC/bin/../lib/gcc/arm-none-eabi/4.7.4/../../../../arm-none-eabi/lib/armv7-m/crt0.o (__libc_init_array)
/home/laurence/ARM-GCC/bin/../lib/gcc/arm-none-eabi/4.7.4/../../../../arm-none-eabi/lib/armv7-m/libc.a(lib_a-memset.o)
                              /home/laurence/ARM-GCC/bin/../lib/gcc/arm-none-eabi/4.7.4/../../../../arm-none-eabi/lib/armv7-m/crt0.o (memset)
/home/laurence/ARM-GCC/bin/../lib/gcc/arm-none-eabi/4.7.4/../../../../arm-none-eabi/lib/armv7-m/libc.a(lib_a-__call_atexit.o)
                              /home/laurence/ARM-GCC/bin/../lib/gcc/arm-none-eabi/4.7.4/../../../../arm-none-eabi/lib/armv7-m/libc.a(lib_a-exit.o) (__call_exitprocs)
[...]
Memory Configuration

Name             Origin             Length             Attributes
RAM              0x20000000         0x00005000         xrw
FLASH            0x08000000         0x00020000         xr
FLASHB1          0x00000000         0x00000000         xr
EXTMEMB0         0x00000000         0x00000000         xr
EXTMEMB1         0x00000000         0x00000000         xr
EXTMEMB2         0x00000000         0x00000000         xr
EXTMEMB3         0x00000000         0x00000000         xr
STARTFLASH       0x00000000         0xffffffff
CRPPATCH         0x00000000         0xffffffff
FLASHPATCH       0x00000000         0xffffffff
ENDFLASH         0x00000000         0xffffffff
*default*        0x00000000         0xffffffff

Linker script and memory map

LOAD /home/laurence/ARM-GCC/bin/../lib/gcc/arm-none-eabi/4.7.4/armv7-m/crti.o
LOAD /home/laurence/ARM-GCC/bin/../lib/gcc/arm-none-eabi/4.7.4/armv7-m/crtbegin.o
LOAD /home/laurence/ARM-GCC/bin/../lib/gcc/arm-none-eabi/4.7.4/../../../../arm-none-eabi/lib/armv7-m/crt0.o
LOAD Silabs/si446x.o
LOAD /tmp/ccdJHlpv.ltrans0.ltrans.o
LOAD /tmp/ccdJHlpv.ltrans1.ltrans.o
LOAD /tmp/ccdJHlpv.ltrans2.ltrans.o
LOAD /tmp/ccdJHlpv.ltrans3.ltrans.o
LOAD /tmp/ccdJHlpv.ltrans4.ltrans.o
LOAD /tmp/ccdJHlpv.ltrans5.ltrans.o
LOAD /tmp/ccdJHlpv.ltrans6.ltrans.o
LOAD /tmp/ccdJHlpv.ltrans7.ltrans.o
LOAD /tmp/ccdJHlpv.ltrans8.ltrans.o
LOAD /tmp/ccdJHlpv.ltrans9.ltrans.o
LOAD /home/laurence/ARM-GCC/bin/../lib/gcc/arm-none-eabi/4.7.4/armv7-m/libgcc.a
LOAD /home/laurence/ARM-GCC/bin/../lib/gcc/arm-none-eabi/4.7.4/../../../../arm-none-eabi/lib/armv7-m/libc.a
LOAD Ublox/ubx.o
LOAD Util/USB/hw_config.o
LOAD Util/USB/mass_mal.o
LOAD Util/USB/memory.o
LOAD Util/USB/scsi_data.o
LOAD Util/USB/usb_bot.o
LOAD Util/USB/usb_desc.o
LOAD Util/USB/usb_endp.o
LOAD Util/USB/usb_istr.o
LOAD Util/USB/usb_prop.o
LOAD Util/USB/usb_pwr.o
LOAD Util/USB/usb_scsi.o
LOAD Util/buffer.o
LOAD Util/crc.o
LOAD Util/delay.o
LOAD Util/fat_fs/option/ccsbcs.o
LOAD Util/fat_fs/src/fattime.o
LOAD Util/fat_fs/src/ff.o
LOAD Util/fat_fs/src/rtc.o
LOAD Util/fat_fs/src/sd_spi_stm32.o
LOAD Util/polygon.o
LOAD Util/rprintf.o
LOAD Util/wave.o
LOAD adc.o
LOAD dma.o
LOAD gpio.o
LOAD i2c_int.o
LOAD interrupts.o
LOAD lib/CMSIS_CM3/core_cm3.o
LOAD lib/CMSIS_CM3/startup/gcc/startup_stm32f10x_md.o
LOAD lib/CMSIS_CM3/system_stm32f10x.o
LOAD main.o
LOAD pwm.o
LOAD pwr.o
LOAD usart.o
LOAD watchdog.o
LOAD lib/STM32F10x_StdPeriph_Driver/libstm32fw.a
LOAD lib/STM32_USB-FS-Device_Driver/libstm32usb.a
LOAD /home/laurence/ARM-GCC/bin/../lib/gcc/arm-none-eabi/4.7.4/../../../../arm-none-eabi/lib/armv7-m/libm.a
LOAD /home/laurence/ARM-GCC/bin/../lib/gcc/arm-none-eabi/4.7.4/../../../../arm-none-eabi/lib/armv7-m/libnosys.a
START GROUP
LOAD /home/laurence/ARM-GCC/bin/../lib/gcc/arm-none-eabi/4.7.4/armv7-m/libgcc.a
LOAD /home/laurence/ARM-GCC/bin/../lib/gcc/arm-none-eabi/4.7.4/../../../../arm-none-eabi/lib/armv7-m/libc.a
END GROUP
LOAD /home/laurence/ARM-GCC/bin/../lib/gcc/arm-none-eabi/4.7.4/armv7-m/crtend.o
LOAD /home/laurence/ARM-GCC/bin/../lib/gcc/arm-none-eabi/4.7.4/armv7-m/crtn.o
                0x00002000                __Stack_Size = 0x2000
                0x00002000                PROVIDE (_Stack_Size, __Stack_Size)
                0x20003000                __Stack_Init = (_estack - __Stack_Size)
                0x20003000                PROVIDE (_Stack_Init, __Stack_Init)
                0x00002000                _Minimum_Stack_Size = 0x2000
                0x00000000                PROVIDE (Undefined_Handler, 0x0)
                0x00000000                PROVIDE (SWI_Handler, 0x0)
                0x00000000                PROVIDE (IRQ_Handler, 0x0)
                0x00000000                PROVIDE (Prefetch_Handler, 0x0)
                0x00000000                PROVIDE (Abort_Handler, 0x0)
                0x00000000                PROVIDE (FIQ_Handler, 0x0)
                0x00000000                PROVIDE (NMIException, 0x0)
                0x00000000                PROVIDE (NMI_Handler, 0x0)
                0x00000000                PROVIDE (HardFaultException, 0x0)
                0x00000000                PROVIDE (HardFault_Handler, 0x0)
                0x00000000                PROVIDE (MemManageException, 0x0)
                0x00000000                PROVIDE (MemManage_Handler, 0x0)
                0x00000000                PROVIDE (BusFaultException, 0x0)
                0x00000000                PROVIDE (BusFault_Handler, 0x0)
                0x00000000                PROVIDE (UsageFaultException, 0x0)
                0x00000000                PROVIDE (UsageFault_Handler, 0x0)
                0x00000000                PROVIDE (SVCHandler, 0x0)
                0x00000000                PROVIDE (SVC_Handler, 0x0)
                0x00000000                PROVIDE (DebugMonitor, 0x0)
                0x00000000                PROVIDE (DebugMon_Handler, 0x0)
                0x00000000                PROVIDE (PendSVC, 0x0)
                0x00000000                PROVIDE (PendSV_Handler, 0x0)
                0x00000000                PROVIDE (SysTickHandler, 0x0)
                0x00000000                PROVIDE (SysTick_Handler, 0x0)
                0x00000000                PROVIDE (WWDG_IRQHandler, 0x0)
                0x00000000                PROVIDE (PVD_IRQHandler, 0x0)
                0x00000000                PROVIDE (TAMPER_IRQHandler, 0x0)
                0x00000000                PROVIDE (RTC_IRQHandler, 0x0)
                0x00000000                PROVIDE (FLASH_IRQHandler, 0x0)
                0x00000000                PROVIDE (RCC_IRQHandler, 0x0)
                0x00000000                PROVIDE (EXTI0_IRQHandler, 0x0)
                0x00000000                PROVIDE (EXTI1_IRQHandler, 0x0)
                0x00000000                PROVIDE (EXTI2_IRQHandler, 0x0)
                0x00000000                PROVIDE (EXTI3_IRQHandler, 0x0)
                0x00000000                PROVIDE (EXTI4_IRQHandler, 0x0)
                0x00000000                PROVIDE (DMAChannel1_IRQHandler, 0x0)
                0x00000000                PROVIDE (DMAChannel2_IRQHandler, 0x0)
                0x00000000                PROVIDE (DMAChannel3_IRQHandler, 0x0)
                0x00000000                PROVIDE (DMAChannel4_IRQHandler, 0x0)
                0x00000000                PROVIDE (DMAChannel5_IRQHandler, 0x0)
                0x00000000                PROVIDE (DMAChannel6_IRQHandler, 0x0)
                0x00000000                PROVIDE (DMAChannel7_IRQHandler, 0x0)
                0x00000000                PROVIDE (DMA1_Channel1_IRQHandler, 0x0)
                0x00000000                PROVIDE (DMA1_Channel2_IRQHandler, 0x0)
                0x00000000                PROVIDE (DMA1_Channel3_IRQHandler, 0x0)
                0x00000000                PROVIDE (DMA1_Channel4_IRQHandler, 0x0)
                0x00000000                PROVIDE (DMA1_Channel5_IRQHandler, 0x0)
                0x00000000                PROVIDE (DMA1_Channel6_IRQHandler, 0x0)
                0x00000000                PROVIDE (DMA1_Channel7_IRQHandler, 0x0)
                0x00000000                PROVIDE (ADC_IRQHandler, 0x0)
                0x00000000                PROVIDE (ADC1_2_IRQHandler, 0x0)
                0x00000000                PROVIDE (USB_HP_CAN_TX_IRQHandler, 0x0)
                0x00000000                PROVIDE (USB_HP_CAN1_TX_IRQHandler, 0x0)
                0x00000000                PROVIDE (USB_LP_CAN_RX0_IRQHandler, 0x0)
                0x00000000                PROVIDE (USB_LP_CAN1_RX0_IRQHandler, 0x0)
                0x00000000                PROVIDE (CAN_RX1_IRQHandler, 0x0)
                0x00000000                PROVIDE (CAN1_RX1_IRQHandler, 0x0)
                0x00000000                PROVIDE (CAN_SCE_IRQHandler, 0x0)
                0x00000000                PROVIDE (CAN1_SCE_IRQHandler, 0x0)
                0x00000000                PROVIDE (EXTI9_5_IRQHandler, 0x0)
                0x00000000                PROVIDE (TIM1_BRK_IRQHandler, 0x0)
                0x00000000                PROVIDE (TIM1_UP_IRQHandler, 0x0)
                0x00000000                PROVIDE (TIM1_TRG_COM_IRQHandler, 0x0)
                0x00000000                PROVIDE (TIM1_CC_IRQHandler, 0x0)
                0x00000000                PROVIDE (TIM2_IRQHandler, 0x0)
                0x00000000                PROVIDE (TIM3_IRQHandler, 0x0)
                0x00000000                PROVIDE (TIM4_IRQHandler, 0x0)
                0x00000000                PROVIDE (I2C1_EV_IRQHandler, 0x0)
                0x00000000                PROVIDE (I2C1_ER_IRQHandler, 0x0)
                0x00000000                PROVIDE (I2C2_EV_IRQHandler, 0x0)
                0x00000000                PROVIDE (I2C2_ER_IRQHandler, 0x0)
                0x00000000                PROVIDE (SPI1_IRQHandler, 0x0)
                0x00000000                PROVIDE (SPI2_IRQHandler, 0x0)
                0x00000000                PROVIDE (USART1_IRQHandler, 0x0)
                0x00000000                PROVIDE (USART2_IRQHandler, 0x0)
                0x00000000                PROVIDE (USART3_IRQHandler, 0x0)
                0x00000000                PROVIDE (EXTI15_10_IRQHandler, 0x0)
                0x00000000                PROVIDE (RTCAlarm_IRQHandler, 0x0)
                0x00000000                PROVIDE (USBWakeUp_IRQHandler, 0x0)
                0x00000000                PROVIDE (TIM8_BRK_IRQHandler, 0x0)
                0x00000000                PROVIDE (TIM8_UP_IRQHandler, 0x0)
                0x00000000                PROVIDE (TIM8_TRG_COM_IRQHandler, 0x0)
                0x00000000                PROVIDE (TIM8_CC_IRQHandler, 0x0)
                0x00000000                PROVIDE (ADC3_IRQHandler, 0x0)
                0x00000000                PROVIDE (FSMC_IRQHandler, 0x0)
                0x00000000                PROVIDE (SDIO_IRQHandler, 0x0)
                0x00000000                PROVIDE (TIM5_IRQHandler, 0x0)
                0x00000000                PROVIDE (SPI3_IRQHandler, 0x0)
                0x00000000                PROVIDE (UART4_IRQHandler, 0x0)
                0x00000000                PROVIDE (UART5_IRQHandler, 0x0)
                0x00000000                PROVIDE (TIM6_IRQHandler, 0x0)
                0x00000000                PROVIDE (TIM7_IRQHandler, 0x0)
                0x00000000                PROVIDE (DMA2_Channel1_IRQHandler, 0x0)
                0x00000000                PROVIDE (DMA2_Channel2_IRQHandler, 0x0)
                0x00000000                PROVIDE (DMA2_Channel3_IRQHandler, 0x0)
                0x00000000                PROVIDE (DMA2_Channel4_5_IRQHandler, 0x0)
                0x42000000                PERIPH_BB_BASE = 0x42000000
                0x22000000                SRAM_BB_BASE = 0x22000000
                0x20000000                SRAM_BASE = 0x20000000
                0x40000000                PERIPH_BASE = 0x40000000
                0x40022000                PROVIDE (FLASH_BASE, 0x40022000)
                0x1ffff800                PROVIDE (OB_BASE, 0x1ffff800)
                0x40000000                APB1PERIPH_BASE = PERIPH_BASE
                0x40010000                APB2PERIPH_BASE = (PERIPH_BASE + 0x10000)
                0x40020000                AHBPERIPH_BASE = (PERIPH_BASE + 0x20000)
                0x40000000                PROVIDE (TIM2, (APB1PERIPH_BASE + 0x0))
                0x40000400                PROVIDE (TIM3, (APB1PERIPH_BASE + 0x400))
                0x40000800                PROVIDE (TIM4, (APB1PERIPH_BASE + 0x800))
                0x40002800                PROVIDE (RTC, (APB1PERIPH_BASE + 0x2800))
                0x40002c00                PROVIDE (WWDG, (APB1PERIPH_BASE + 0x2c00))
                0x40003000                PROVIDE (IWDG, (APB1PERIPH_BASE + 0x3000))
                0x40003800                PROVIDE (SPI2, (APB1PERIPH_BASE + 0x3800))
                0x40004400                PROVIDE (USART2, (APB1PERIPH_BASE + 0x4400))
                0x40004800                PROVIDE (USART3, (APB1PERIPH_BASE + 0x4800))
                0x40005400                PROVIDE (I2C1, (APB1PERIPH_BASE + 0x5400))
                0x40005800                PROVIDE (I2C2, (APB1PERIPH_BASE + 0x5800))
                0x40006400                PROVIDE (CAN, (APB1PERIPH_BASE + 0x6400))
                0x40006c00                PROVIDE (BKP, (APB1PERIPH_BASE + 0x6c00))
                0x40007000                PROVIDE (PWR, (APB1PERIPH_BASE + 0x7000))
                0x40010000                PROVIDE (AFIO, (APB2PERIPH_BASE + 0x0))
                0x40010400                PROVIDE (EXTI, (APB2PERIPH_BASE + 0x400))
                0x40010800                PROVIDE (GPIOA, (APB2PERIPH_BASE + 0x800))
                0x40010c00                PROVIDE (GPIOB, (APB2PERIPH_BASE + 0xc00))
                0x40011000                PROVIDE (GPIOC, (APB2PERIPH_BASE + 0x1000))
                0x40011400                PROVIDE (GPIOD, (APB2PERIPH_BASE + 0x1400))
                0x40011800                PROVIDE (GPIOE, (APB2PERIPH_BASE + 0x1800))
                0x40012400                PROVIDE (ADC1, (APB2PERIPH_BASE + 0x2400))
                0x40012800                PROVIDE (ADC2, (APB2PERIPH_BASE + 0x2800))
                0x40012c00                PROVIDE (TIM1, (APB2PERIPH_BASE + 0x2c00))
                0x40013000                PROVIDE (SPI1, (APB2PERIPH_BASE + 0x3000))
                0x40013800                PROVIDE (USART1, (APB2PERIPH_BASE + 0x3800))
                0x40020000                PROVIDE (DMA, (AHBPERIPH_BASE + 0x0))
                0x40020008                PROVIDE (DMA_Channel1, (AHBPERIPH_BASE + 0x8))
                0x4002001c                PROVIDE (DMA_Channel2, (AHBPERIPH_BASE + 0x1c))
                0x40020030                PROVIDE (DMA_Channel3, (AHBPERIPH_BASE + 0x30))
                0x40020044                PROVIDE (DMA_Channel4, (AHBPERIPH_BASE + 0x44))
                0x40020058                PROVIDE (DMA_Channel5, (AHBPERIPH_BASE + 0x58))
                0x4002006c                PROVIDE (DMA_Channel6, (AHBPERIPH_BASE + 0x6c))
                0x40020080                PROVIDE (DMA_Channel7, (AHBPERIPH_BASE + 0x80))
                0x40021000                PROVIDE (RCC, (AHBPERIPH_BASE + 0x1000))
                0xe000e000                SCS_BASE = 0xe000e000
                0xe000e010                PROVIDE (SysTick, (SCS_BASE + 0x10))
                0xe000e100                PROVIDE (NVIC, (SCS_BASE + 0x100))
                0xe000ed00                PROVIDE (SCB, (SCS_BASE + 0xd00))
                0x20005000                PROVIDE (_estack, (ORIGIN (RAM) + 0x5000))

.isr_vector     0x08000000      0x10c
                0x08000000                . = ALIGN (0x4)
 *(.isr_vector)
 .isr_vector    0x08000000      0x10c lib/CMSIS_CM3/startup/gcc/startup_stm32f10x_md.o
                0x08000000                g_pfnVectors
                0x0800010c                . = ALIGN (0x4)

.flash_start    0x00000000        0x0
                0x00000000                . = ALIGN (0x4)
 *(.flash_start)
 *(.flash_start.*)
                0x00000000                . = ALIGN (0x4)

.crp_patch      0x00000000        0x0
                0x00000000                . = ALIGN (0x4)
 *(.crp_patch)
                0x00000000                . = ALIGN (0x4)

.flashtext      0x0800010c        0x0
                0x0800010c                . = ALIGN (0x4)
 *(.flashtext)
                0x0800010c                . = ALIGN (0x4)

.text           0x08000110     0xb814
                0x08000110                . = ALIGN (0x4)
 *(.text)
 .text          0x08000110      0x370 /home/laurence/ARM-GCC/bin/../lib/gcc/arm-none-eabi/4.7.4/armv7-m/libgcc.a(_arm_addsubdf3.o)
                0x08000110                __aeabi_drsub
                0x08000118                __aeabi_dsub
                0x08000118                __subdf3
                0x0800011c                __adddf3
                0x0800011c                __aeabi_dadd
                0x08000394                __aeabi_ui2d
                0x08000394                __floatunsidf
                0x080003b4                __floatsidf
                0x080003b4                __aeabi_i2d
                0x080003d8                __extendsfdf2
                0x080003d8                __aeabi_f2d
                0x08000414                __aeabi_ul2d
                0x08000414                __floatundidf
                0x08000424                __floatdidf
                0x08000424                __aeabi_l2d
 .text          0x08000480      0x424 /home/laurence/ARM-GCC/bin/../lib/gcc/arm-none-eabi/4.7.4/armv7-m/libgcc.a(_arm_muldivdf3.o)
                0x08000480                __aeabi_dmul
                0x08000480                __muldf3
                0x080006d4                __aeabi_ddiv
                0x080006d4                __divdf3
 .text          0x080008a4      0x110 /home/laurence/ARM-GCC/bin/../lib/gcc/arm-none-eabi/4.7.4/armv7-m/libgcc.a(_arm_cmpdf2.o)
                0x080008a4                __gtdf2
                0x080008a4                __gedf2
                0x080008ac                __ltdf2
                0x080008ac                __ledf2
                0x080008b4                __cmpdf2
                0x080008b4                __eqdf2
                0x080008b4                __nedf2
                0x08000930                __aeabi_cdrcmple
                0x08000940                __aeabi_cdcmple
                0x08000940                __aeabi_cdcmpeq
                0x08000950                __aeabi_dcmpeq
                0x08000964                __aeabi_dcmplt
                0x08000978                __aeabi_dcmple
                0x0800098c                __aeabi_dcmpge
                0x080009a0                __aeabi_dcmpgt
 .text          0x080009b4       0x40 /home/laurence/ARM-GCC/bin/../lib/gcc/arm-none-eabi/4.7.4/armv7-m/libgcc.a(_arm_fixunsdfsi.o)
                0x080009b4                __fixunsdfsi
                0x080009b4                __aeabi_d2uiz
 .text          0x080009f4       0xa0 /home/laurence/ARM-GCC/bin/../lib/gcc/arm-none-eabi/4.7.4/armv7-m/libgcc.a(_arm_truncdfsf2.o)
                0x080009f4                __aeabi_d2f
                0x080009f4                __truncdfsf2
 .text          0x08000a94      0x21c /home/laurence/ARM-GCC/bin/../lib/gcc/arm-none-eabi/4.7.4/armv7-m/libgcc.a(_arm_addsubsf3.o)
                0x08000a94                __aeabi_frsub
                0x08000a9c                __subsf3
                0x08000a9c                __aeabi_fsub
                0x08000aa0                __aeabi_fadd
                0x08000aa0                __addsf3
                0x08000c00                __aeabi_ui2f
                0x08000c00                __floatunsisf
                0x08000c08                __aeabi_i2f
                0x08000c08                __floatsisf
                0x08000c24                __floatundisf
                0x08000c24                __aeabi_ul2f
                0x08000c34                __floatdisf
                0x08000c34                __aeabi_l2f
 .text          0x08000cb0      0x2a0 /home/laurence/ARM-GCC/bin/../lib/gcc/arm-none-eabi/4.7.4/armv7-m/libgcc.a(_arm_muldivsf3.o)
                0x08000cb0                __mulsf3
                0x08000cb0                __aeabi_fmul
                0x08000e18                __divsf3
                0x08000e18                __aeabi_fdiv
 .text          0x08000f50       0xec /home/laurence/ARM-GCC/bin/../lib/gcc/arm-none-eabi/4.7.4/armv7-m/libgcc.a(_arm_cmpsf2.o)
                0x08000f50                __gtsf2
                0x08000f50                __gesf2
                0x08000f58                __lesf2
                0x08000f58                __ltsf2
                0x08000f60                __nesf2
                0x08000f60                __eqsf2
                0x08000f60                __cmpsf2
                0x08000fc0                __aeabi_cfrcmple
                0x08000fc8                __aeabi_cfcmple
                0x08000fc8                __aeabi_cfcmpeq
                0x08000fd8                __aeabi_fcmpeq
                0x08000fec                __aeabi_fcmplt
                0x08001000                __aeabi_fcmple
                0x08001014                __aeabi_fcmpge
                0x08001028                __aeabi_fcmpgt
 .text          0x0800103c       0x40 /home/laurence/ARM-GCC/bin/../lib/gcc/arm-none-eabi/4.7.4/armv7-m/libgcc.a(_arm_fixunssfsi.o)
                0x0800103c                __aeabi_f2uiz
                0x0800103c                __fixunssfsi
 *(.text.*)
 *fill*         0x0800107c        0x4 00
 .text.startup.main
                0x08001080     0x1a00 /tmp/ccdJHlpv.ltrans0.ltrans.o
                0x08001080                main
 .text.atoiRamRom.4220
                0x08002a80       0x20 /tmp/ccdJHlpv.ltrans1.ltrans.o
 .text.Resume_Init.4345
                0x08002aa0       0x30 /tmp/ccdJHlpv.ltrans1.ltrans.o
 .text.Get_Max_Lun
                0x08002ad0       0x18 /tmp/ccdJHlpv.ltrans1.ltrans.o
                0x08002ad0                Get_Max_Lun
 .text.MASS_Get_Interface_Setting
                0x08002ae8        0xc /tmp/ccdJHlpv.ltrans1.ltrans.o
                0x08002ae8                MASS_Get_Interface_Setting
 .text.MASS_Status_Out
                0x08002af4        0x2 /tmp/ccdJHlpv.ltrans1.ltrans.o
                0x08002af4                MASS_Status_Out
 .text.MASS_Status_In
                0x08002af6        0x2 /tmp/ccdJHlpv.ltrans1.ltrans.o
                0x08002af6                MASS_Status_In
 .text.Mass_Storage_SetDeviceAddress
                0x08002af8        0xc /tmp/ccdJHlpv.ltrans1.ltrans.o
                0x08002af8                Mass_Storage_SetDeviceAddress
 .text.IntToUnicode.4401.4390
                0x08002b04       0x2a /tmp/ccdJHlpv.ltrans1.ltrans.o
 *fill*         0x08002b2e        0x2 00
 .text.MASS_init
                0x08002b30       0x70 /tmp/ccdJHlpv.ltrans1.ltrans.o
                0x08002b30                MASS_init
 .text.__gps_send_char.4081
                0x08002ba0       0x1c /tmp/ccdJHlpv.ltrans1.ltrans.o
 .text.__usart_send_char
                0x08002bbc       0x1c /tmp/ccdJHlpv.ltrans1.ltrans.o
                0x08002bbc                __usart_send_char
 .text.__str_print_char
                0x08002bd8       0x2c /tmp/ccdJHlpv.ltrans1.ltrans.o
                0x08002bd8                __str_print_char
 .text.stm32_dma_transfer.5668.4202
                0x08002c04       0xcc /tmp/ccdJHlpv.ltrans1.ltrans.o
 .text.MASS_Reset
                0x08002cd0       0xe0 /tmp/ccdJHlpv.ltrans1.ltrans.o
                0x08002cd0                MASS_Reset
 .text.Mass_Storage_SetConfiguration
                0x08002db0       0x30 /tmp/ccdJHlpv.ltrans1.ltrans.o
                0x08002db0                Mass_Storage_SetConfiguration
 .text.MASS_NoData_Setup
                0x08002de0       0x4c /tmp/ccdJHlpv.ltrans1.ltrans.o
                0x08002de0                MASS_NoData_Setup
 .text.MASS_GetDeviceDescriptor
                0x08002e2c        0xc /tmp/ccdJHlpv.ltrans1.ltrans.o
                0x08002e2c                MASS_GetDeviceDescriptor
 .text.MASS_GetConfigDescriptor
                0x08002e38        0xc /tmp/ccdJHlpv.ltrans1.ltrans.o
                0x08002e38                MASS_GetConfigDescriptor
 .text.MASS_GetStringDescriptor
                0x08002e44       0x20 /tmp/ccdJHlpv.ltrans1.ltrans.o
                0x08002e44                MASS_GetStringDescriptor
 .text.Gps_Process_Byte.constprop.27
                0x08002e64      0x1a4 /tmp/ccdJHlpv.ltrans1.ltrans.o
                0x08002e64                Gps_Process_Byte.constprop.27
 .text.USART2_reconf.constprop.25
                0x08003008       0x50 /tmp/ccdJHlpv.ltrans1.ltrans.o
                0x08003008                USART2_reconf.constprop.25
 .text.Gps_Send_Utf8
                0x08003058       0x1a /tmp/ccdJHlpv.ltrans1.ltrans.o
                0x08003058                Gps_Send_Utf8
 .text.Gps_Send_Str
                0x08003072       0x16 /tmp/ccdJHlpv.ltrans1.ltrans.o
                0x08003072                Gps_Send_Str
 .text.Usart_Send_Str
                0x08003088       0x16 /tmp/ccdJHlpv.ltrans1.ltrans.o
                0x08003088                Usart_Send_Str
 *fill*         0x0800309e        0x2 00
 .text.power_on.5655
                0x080030a0       0xf0 /tmp/ccdJHlpv.ltrans1.ltrans.o
                0x080030a0                power_on.5655
 .text.Timer_GPIO_Enable
                0x08003190       0x24 /tmp/ccdJHlpv.ltrans1.ltrans.o
                0x08003190                Timer_GPIO_Enable
 .text.Timer_GPIO_Disable
                0x080031b4       0x24 /tmp/ccdJHlpv.ltrans1.ltrans.o
                0x080031b4                Timer_GPIO_Disable
 .text.shutdown
                0x080031d8       0x10 /tmp/ccdJHlpv.ltrans1.ltrans.o
                0x080031d8                shutdown
 .text.I2C1_Request_Job
                0x080031e8       0x58 /tmp/ccdJHlpv.ltrans1.ltrans.o
                0x080031e8                I2C1_Request_Job
 .text.rprintfChar
                0x08003240       0x1c /tmp/ccdJHlpv.ltrans1.ltrans.o
                0x08003240                rprintfChar
 .text.rprintf2RamRom
                0x0800325c      0x404 /tmp/ccdJHlpv.ltrans1.ltrans.o
                0x0800325c                rprintf2RamRom
 .text.stm32_spi_rw.5657
                0x08003660       0x24 /tmp/ccdJHlpv.ltrans1.ltrans.o
                0x08003660                stm32_spi_rw.5657
 .text.rcvr_spi.5660
                0x08003684        0x6 /tmp/ccdJHlpv.ltrans1.ltrans.o
                0x08003684                rcvr_spi.5660
 *fill*         0x0800368a        0x2 00
 .text.release_spi
                0x0800368c       0x18 /tmp/ccdJHlpv.ltrans1.ltrans.o
                0x0800368c                release_spi
 .text.rcvr_datablock
                0x080036a4       0x54 /tmp/ccdJHlpv.ltrans1.ltrans.o
                0x080036a4                rcvr_datablock
 .text.xmit_datablock.part.1.5673
                0x080036f8       0x2c /tmp/ccdJHlpv.ltrans1.ltrans.o
                0x080036f8                xmit_datablock.part.1.5673
 .text.wait_ready.5662
                0x08003724       0x24 /tmp/ccdJHlpv.ltrans1.ltrans.o
                0x08003724                wait_ready.5662
 .text.send_cmd.5664
                0x08003748       0x90 /tmp/ccdJHlpv.ltrans1.ltrans.o
                0x08003748                send_cmd.5664
 .text.disk_read
                0x080037d8       0xa0 /tmp/ccdJHlpv.ltrans1.ltrans.o
                0x080037d8                disk_read
 .text.Read_Memory
                0x08003878      0x154 /tmp/ccdJHlpv.ltrans1.ltrans.o
                0x08003878                Read_Memory
 .text.check_fs.5317
                0x080039cc       0x88 /tmp/ccdJHlpv.ltrans1.ltrans.o
                0x080039cc                check_fs.5317
 .text.validate.5310
                0x08003a54       0x2c /tmp/ccdJHlpv.ltrans1.ltrans.o
                0x08003a54                validate.5310
 .text.counter_to_struct.5571
                0x08003a80       0xa8 /tmp/ccdJHlpv.ltrans1.ltrans.o
                0x08003a80                counter_to_struct.5571
 .text.isDST.5553
                0x08003b28       0x2a /tmp/ccdJHlpv.ltrans1.ltrans.o
                0x08003b28                isDST.5553
 *fill*         0x08003b52        0x2 00
 .text.rtc_gettime
                0x08003b54       0x74 /tmp/ccdJHlpv.ltrans1.ltrans.o
                0x08003b54                rtc_gettime
 .text.get_fattime
                0x08003bc8       0x40 /tmp/ccdJHlpv.ltrans1.ltrans.o
                0x08003bc8                get_fattime
 .text.clust2sect
                0x08003c08       0x18 /tmp/ccdJHlpv.ltrans1.ltrans.o
                0x08003c08                clust2sect
 .text.mem_cpy.5241
                0x08003c20       0x12 /tmp/ccdJHlpv.ltrans1.ltrans.o
                0x08003c20                mem_cpy.5241
 *fill*         0x08003c32        0x2 00
 .text.ff_convert.part.0.5174
                0x08003c34       0x24 /tmp/ccdJHlpv.ltrans1.ltrans.o
                0x08003c34                ff_convert.part.0.5174
 .text.Delay    0x08003c58       0x1a /tmp/ccdJHlpv.ltrans1.ltrans.o
                0x08003c58                Delay
 *fill*         0x08003c72        0x2 00
 .text.I2C_Config
                0x08003c74      0x138 /tmp/ccdJHlpv.ltrans1.ltrans.o
                0x08003c74                I2C_Config
 .text.Pop_From_Byte_Buffer
                0x08003dac       0x1a /tmp/ccdJHlpv.ltrans1.ltrans.o
                0x08003dac                Pop_From_Byte_Buffer
 .text.Pop_From_Buffer
                0x08003dc6       0x1c /tmp/ccdJHlpv.ltrans1.ltrans.o
                0x08003dc6                Pop_From_Buffer
 *fill*         0x08003de2        0x2 00
 .text.Get_UBX_Ack.constprop.26
                0x08003de4       0xa0 /tmp/ccdJHlpv.ltrans1.ltrans.o
                0x08003de4                Get_UBX_Ack.constprop.26
 .text.Add_To_Byte_Buffer
                0x08003e84       0x46 /tmp/ccdJHlpv.ltrans1.ltrans.o
                0x08003e84                Add_To_Byte_Buffer
 .text.Add_To_Buffer
                0x08003eca       0x48 /tmp/ccdJHlpv.ltrans1.ltrans.o
                0x08003eca                Add_To_Buffer
 .text.Bot_Abort.part.2.4619
                0x08003f12       0x18 /tmp/ccdJHlpv.ltrans1.ltrans.o
                0x08003f12                Bot_Abort.part.2.4619
 *fill*         0x08003f2a        0x2 00
 .text.Resume   0x08003f2c       0xa4 /tmp/ccdJHlpv.ltrans1.ltrans.o
                0x08003f2c                Resume
 .text.Set_CSW  0x08003fd0       0x3c /tmp/ccdJHlpv.ltrans1.ltrans.o
                0x08003fd0                Set_CSW
 .text.Transfer_Data_Request
                0x0800400c       0x34 /tmp/ccdJHlpv.ltrans1.ltrans.o
                0x0800400c                Transfer_Data_Request
 .text.SCSI_Write10_Cmd.4150
                0x08004040      0x12c /tmp/ccdJHlpv.ltrans2.ltrans.o
 .text.EP2_OUT_Callback.4074
                0x0800416c      0x314 /tmp/ccdJHlpv.ltrans2.ltrans.o
 .text.dir_next.5383
                0x08004480       0xfa /tmp/ccdJHlpv.ltrans2.ltrans.o
                0x08004480                dir_next.5383
 *fill*         0x0800457a        0x2 00
 .text.unlikely.f_read.constprop.12
                0x0800457c      0x19c /tmp/ccdJHlpv.ltrans2.ltrans.o
                0x0800457c                f_read.constprop.12
 .text.remove_chain.5413
                0x08004718       0x54 /tmp/ccdJHlpv.ltrans2.ltrans.o
                0x08004718                remove_chain.5413
 .text.f_truncate
                0x0800476c       0x92 /tmp/ccdJHlpv.ltrans2.ltrans.o
                0x0800476c                f_truncate
 *fill*         0x080047fe        0x2 00
 .text.MASS_Data_Setup
                0x08004800       0x38 /tmp/ccdJHlpv.ltrans3.ltrans.o
                0x08004800                MASS_Data_Setup
 .text.Mass_Storage_ClearFeature.4084
                0x08004838       0x18 /tmp/ccdJHlpv.ltrans3.ltrans.o
 .text.disk_initialize
                0x08004850      0x148 /tmp/ccdJHlpv.ltrans3.ltrans.o
                0x08004850                disk_initialize
 .text.chk_mounted.5321
                0x08004998      0x314 /tmp/ccdJHlpv.ltrans3.ltrans.o
                0x08004998                chk_mounted.5321
 .text.MAL_GetStatus
                0x08004cac       0xc4 /tmp/ccdJHlpv.ltrans3.ltrans.o
                0x08004cac                MAL_GetStatus
 .text.send_string_to_silabs.constprop.32
                0x08004d70       0x24 /tmp/ccdJHlpv.ltrans3.ltrans.o
                0x08004d70                send_string_to_silabs.constprop.32
 .text.si446x_spi_state_machine.constprop.30
                0x08004d94      0x2a0 /tmp/ccdJHlpv.ltrans3.ltrans.o
                0x08004d94                si446x_spi_state_machine.constprop.30
 .text.si446x_state_machine
                0x08005034      0x254 /tmp/ccdJHlpv.ltrans3.ltrans.o
                0x08005034                si446x_state_machine
 .text.SCSI_Address_Management
                0x08005288       0x74 /tmp/ccdJHlpv.ltrans4.ltrans.o
                0x08005288                SCSI_Address_Management
 .text.SCSI_Read10_Cmd
                0x080052fc       0x6c /tmp/ccdJHlpv.ltrans4.ltrans.o
                0x080052fc                SCSI_Read10_Cmd
 .text.EP1_IN_Callback.4010
                0x08005368       0x5c /tmp/ccdJHlpv.ltrans4.ltrans.o
 .text.si446x_setup
                0x080053c4      0xa9c /tmp/ccdJHlpv.ltrans4.ltrans.o
                0x080053c4                si446x_setup
 .text.disk_write
                0x08005e60       0xcc /tmp/ccdJHlpv.ltrans5.ltrans.o
                0x08005e60                disk_write
 .text.move_window.5300
                0x08005f2c       0x76 /tmp/ccdJHlpv.ltrans5.ltrans.o
                0x08005f2c                move_window.5300
 .text.put_fat  0x08005fa2       0xf2 /tmp/ccdJHlpv.ltrans5.ltrans.o
                0x08005fa2                put_fat
 .text.get_fat  0x08006094       0xc8 /tmp/ccdJHlpv.ltrans5.ltrans.o
                0x08006094                get_fat
 .text.create_chain.5379
                0x0800615c       0x9a /tmp/ccdJHlpv.ltrans5.ltrans.o
                0x0800615c                create_chain.5379
 .text.f_lseek  0x080061f6      0x140 /tmp/ccdJHlpv.ltrans5.ltrans.o
                0x080061f6                f_lseek
 .text.f_write  0x08006336      0x19a /tmp/ccdJHlpv.ltrans5.ltrans.o
                0x08006336                f_write
 .text.f_puts.constprop.9
                0x080064d0       0x34 /tmp/ccdJHlpv.ltrans5.ltrans.o
                0x080064d0                f_puts.constprop.9
 .text.__fat_print_char
                0x08006504       0x1c /tmp/ccdJHlpv.ltrans5.ltrans.o
                0x08006504                __fat_print_char
 .text.dir_sdi.5347
                0x08006520       0x84 /tmp/ccdJHlpv.ltrans5.ltrans.o
                0x08006520                dir_sdi.5347
 .text.detect_sensors
                0x080065a4       0x80 /tmp/ccdJHlpv.ltrans5.ltrans.o
                0x080065a4                detect_sensors
 .text.SCSI_Invalid_Cmd
                0x08006624       0x3c /tmp/ccdJHlpv.ltrans5.ltrans.o
                0x08006624                SCSI_Invalid_Cmd
 .text.dir_find.part.4.5387.4133
                0x08006660      0x184 /tmp/ccdJHlpv.ltrans6.ltrans.o
 .text.follow_path.5393.4121
                0x080067e4      0x290 /tmp/ccdJHlpv.ltrans6.ltrans.o
 .text.f_open   0x08006a74      0x3d0 /tmp/ccdJHlpv.ltrans6.ltrans.o
                0x08006a74                f_open
 .text.unlikely.f_stat.constprop.11
                0x08006e44      0x13c /tmp/ccdJHlpv.ltrans6.ltrans.o
                0x08006e44                f_stat.constprop.11
 .text.I2C1_EV_IRQHandler
                0x08006f80      0x474 /tmp/ccdJHlpv.ltrans7.ltrans.o
                0x08006f80                I2C1_EV_IRQHandler
 .text.EXTI15_10_IRQHandler
                0x080073f4       0x38 /tmp/ccdJHlpv.ltrans7.ltrans.o
                0x080073f4                EXTI15_10_IRQHandler
 .text.DMA1_Channel2_IRQHandler
                0x0800742c       0x40 /tmp/ccdJHlpv.ltrans7.ltrans.o
                0x0800742c                DMA1_Channel2_IRQHandler
 .text.EXTI0_IRQHandler
                0x0800746c       0x34 /tmp/ccdJHlpv.ltrans7.ltrans.o
                0x0800746c                EXTI0_IRQHandler
 .text.USART3_IRQHandler
                0x080074a0       0x74 /tmp/ccdJHlpv.ltrans7.ltrans.o
                0x080074a0                USART3_IRQHandler
 .text.f_sync   0x08007514      0x180 /tmp/ccdJHlpv.ltrans7.ltrans.o
                0x08007514                f_sync
 .text.file_preallocation_control.part.1.6729
                0x08007694       0x26 /tmp/ccdJHlpv.ltrans7.ltrans.o
                0x08007694                file_preallocation_control.part.1.6729
 .text.f_close  0x080076ba        0xe /tmp/ccdJHlpv.ltrans7.ltrans.o
                0x080076ba                f_close
 .text.shutdown_filesystem
                0x080076c8       0xf4 /tmp/ccdJHlpv.ltrans7.ltrans.o
                0x080076c8                shutdown_filesystem
 .text.USB_LP_CAN1_RX0_IRQHandler
                0x080077bc      0x108 /tmp/ccdJHlpv.ltrans8.ltrans.o
                0x080077bc                USB_LP_CAN1_RX0_IRQHandler
 .text.USB_HP_CAN1_TX_IRQHandler
                0x080078c4        0x4 /tmp/ccdJHlpv.ltrans8.ltrans.o
                0x080078c4                USB_HP_CAN1_TX_IRQHandler
 .text.SysTick_Handler
                0x080078c8      0x578 /tmp/ccdJHlpv.ltrans8.ltrans.o
                0x080078c8                SysTick_Handler
 .text.ADC1_2_IRQHandler
                0x08007e40       0x6c /tmp/ccdJHlpv.ltrans8.ltrans.o
                0x08007e40                ADC1_2_IRQHandler
 .text.I2C1_ER_IRQHandler
                0x08007eac       0xf0 /tmp/ccdJHlpv.ltrans8.ltrans.o
                0x08007eac                I2C1_ER_IRQHandler
 .text.USART1_IRQHandler
                0x08007f9c       0x34 /tmp/ccdJHlpv.ltrans9.ltrans.o
                0x08007f9c                USART1_IRQHandler
 .text.malloc   0x08007fd0       0x10 /home/laurence/ARM-GCC/bin/../lib/gcc/arm-none-eabi/4.7.4/../../../../arm-none-eabi/lib/armv7-m/libc.a(lib_a-malloc.o)
                0x08007fd0                malloc
 .text._malloc_r
                0x08007fe0      0x530 /home/laurence/ARM-GCC/bin/../lib/gcc/arm-none-eabi/4.7.4/../../../../arm-none-eabi/lib/armv7-m/libc.a(lib_a-mallocr.o)
                0x08007fe0                _malloc_r
 .text.memcmp   0x08008510       0xb8 /home/laurence/ARM-GCC/bin/../lib/gcc/arm-none-eabi/4.7.4/../../../../arm-none-eabi/lib/armv7-m/libc.a(lib_a-memcmp.o)
                0x08008510                memcmp
 .text.memcpy   0x080085c8      0x15c /home/laurence/ARM-GCC/bin/../lib/gcc/arm-none-eabi/4.7.4/../../../../arm-none-eabi/lib/armv7-m/libc.a(lib_a-memcpy.o)
                0x080085c8                memcpy
 .text.__malloc_lock
                0x08008724        0x4 /home/laurence/ARM-GCC/bin/../lib/gcc/arm-none-eabi/4.7.4/../../../../arm-none-eabi/lib/armv7-m/libc.a(lib_a-mlock.o)
                0x08008724                __malloc_lock
 .text.__malloc_unlock
                0x08008728        0x4 /home/laurence/ARM-GCC/bin/../lib/gcc/arm-none-eabi/4.7.4/../../../../arm-none-eabi/lib/armv7-m/libc.a(lib_a-mlock.o)
                0x08008728                __malloc_unlock
 .text._sbrk_r  0x0800872c       0x24 /home/laurence/ARM-GCC/bin/../lib/gcc/arm-none-eabi/4.7.4/../../../../arm-none-eabi/lib/armv7-m/libc.a(lib_a-sbrkr.o)
                0x0800872c                _sbrk_r
 .text.strcat   0x08008750       0x4c /home/laurence/ARM-GCC/bin/../lib/gcc/arm-none-eabi/4.7.4/../../../../arm-none-eabi/lib/armv7-m/libc.a(lib_a-strcat.o)
                0x08008750                strcat
 .text.strchr   0x0800879c       0xfc /home/laurence/ARM-GCC/bin/../lib/gcc/arm-none-eabi/4.7.4/../../../../arm-none-eabi/lib/armv7-m/libc.a(lib_a-strchr.o)
                0x0800879c                strchr
 .text.strcpy   0x08008898       0xbc /home/laurence/ARM-GCC/bin/../lib/gcc/arm-none-eabi/4.7.4/../../../../arm-none-eabi/lib/armv7-m/libc.a(lib_a-strcpy.o)
                0x08008898                strcpy
 .text.strlen   0x08008954       0x60 /home/laurence/ARM-GCC/bin/../lib/gcc/arm-none-eabi/4.7.4/../../../../arm-none-eabi/lib/armv7-m/libc.a(lib_a-strlen.o)
                0x08008954                strlen
 .text.strncmp  0x080089b4      0x120 /home/laurence/ARM-GCC/bin/../lib/gcc/arm-none-eabi/4.7.4/../../../../arm-none-eabi/lib/armv7-m/libc.a(lib_a-strncmp.o)
                0x080089b4                strncmp
 .text.strncpy  0x08008ad4      0x10c /home/laurence/ARM-GCC/bin/../lib/gcc/arm-none-eabi/4.7.4/../../../../arm-none-eabi/lib/armv7-m/libc.a(lib_a-strncpy.o)
                0x08008ad4                strncpy
 .text._malloc_trim_r
                0x08008be0       0x98 /home/laurence/ARM-GCC/bin/../lib/gcc/arm-none-eabi/4.7.4/../../../../arm-none-eabi/lib/armv7-m/libc.a(lib_a-freer.o)
                0x08008be0                _malloc_trim_r
 .text._free_r  0x08008c78      0x194 /home/laurence/ARM-GCC/bin/../lib/gcc/arm-none-eabi/4.7.4/../../../../arm-none-eabi/lib/armv7-m/libc.a(lib_a-freer.o)
                0x08008c78                _free_r
 .text.Reset_Handler
                0x08008e0c       0x48 lib/CMSIS_CM3/startup/gcc/startup_stm32f10x_md.o
                0x08008e0c                Reset_Handler
 .text.Default_Handler
                0x08008e54        0x4 lib/CMSIS_CM3/startup/gcc/startup_stm32f10x_md.o
                0x08008e54                EXTI2_IRQHandler
                0x08008e54                DebugMon_Handler
                0x08008e54                TIM1_CC_IRQHandler
                0x08008e54                HardFault_Handler
                0x08008e54                PVD_IRQHandler
                0x08008e54                PendSV_Handler
                0x08008e54                NMI_Handler
                0x08008e54                EXTI3_IRQHandler
                0x08008e54                I2C2_EV_IRQHandler
                0x08008e54                UsageFault_Handler
                0x08008e54                SPI1_IRQHandler
                0x08008e54                TAMPER_IRQHandler
                0x08008e54                DMA1_Channel4_IRQHandler
                0x08008e54                RTC_IRQHandler
                0x08008e54                DMA1_Channel7_IRQHandler
                0x08008e54                CAN1_RX1_IRQHandler
                0x08008e54                TIM4_IRQHandler
                0x08008e54                DMA1_Channel6_IRQHandler
                0x08008e54                TIM3_IRQHandler
                0x08008e54                RCC_IRQHandler
                0x08008e54                TIM1_TRG_COM_IRQHandler
                0x08008e54                DMA1_Channel1_IRQHandler
                0x08008e54                Default_Handler
                0x08008e54                EXTI9_5_IRQHandler
                0x08008e54                SPI2_IRQHandler
                0x08008e54                MemManage_Handler
                0x08008e54                SVC_Handler
                0x08008e54                DMA1_Channel5_IRQHandler
                0x08008e54                EXTI4_IRQHandler
                0x08008e54                DMA1_Channel3_IRQHandler
                0x08008e54                TIM1_UP_IRQHandler
                0x08008e54                WWDG_IRQHandler
                0x08008e54                TIM2_IRQHandler
                0x08008e54                TIM1_BRK_IRQHandler
                0x08008e54                EXTI1_IRQHandler
                0x08008e54                RTCAlarm_IRQHandler
                0x08008e54                USART2_IRQHandler
                0x08008e54                I2C2_ER_IRQHandler
                0x08008e54                CAN1_SCE_IRQHandler
                0x08008e54                FLASH_IRQHandler
                0x08008e54                BusFault_Handler
                0x08008e54                USBWakeUp_IRQHandler
 .text.NVIC_PriorityGroupConfig
                0x08008e58       0x14 lib/STM32F10x_StdPeriph_Driver/libstm32fw.a(misc.o)
                0x08008e58                NVIC_PriorityGroupConfig
 .text.NVIC_Init
                0x08008e6c       0x68 lib/STM32F10x_StdPeriph_Driver/libstm32fw.a(misc.o)
                0x08008e6c                NVIC_Init
 .text.NVIC_SetVectorTable
                0x08008ed4       0x14 lib/STM32F10x_StdPeriph_Driver/libstm32fw.a(misc.o)
                0x08008ed4                NVIC_SetVectorTable
 .text.SysTick_CLKSourceConfig
                0x08008ee8       0x18 lib/STM32F10x_StdPeriph_Driver/libstm32fw.a(misc.o)
                0x08008ee8                SysTick_CLKSourceConfig
 .text.ADC_DeInit
                0x08008f00       0x5c lib/STM32F10x_StdPeriph_Driver/libstm32fw.a(stm32f10x_adc.o)
                0x08008f00                ADC_DeInit
 .text.ADC_Init
                0x08008f5c       0x48 lib/STM32F10x_StdPeriph_Driver/libstm32fw.a(stm32f10x_adc.o)
                0x08008f5c                ADC_Init
 .text.ADC_Cmd  0x08008fa4       0x12 lib/STM32F10x_StdPeriph_Driver/libstm32fw.a(stm32f10x_adc.o)
                0x08008fa4                ADC_Cmd
 .text.ADC_ResetCalibration
                0x08008fb6        0xa lib/STM32F10x_StdPeriph_Driver/libstm32fw.a(stm32f10x_adc.o)
                0x08008fb6                ADC_ResetCalibration
 .text.ADC_GetResetCalibrationStatus
                0x08008fc0        0x8 lib/STM32F10x_StdPeriph_Driver/libstm32fw.a(stm32f10x_adc.o)
                0x08008fc0                ADC_GetResetCalibrationStatus
 .text.ADC_StartCalibration
                0x08008fc8        0xa lib/STM32F10x_StdPeriph_Driver/libstm32fw.a(stm32f10x_adc.o)
                0x08008fc8                ADC_StartCalibration
 .text.ADC_GetCalibrationStatus
                0x08008fd2        0x8 lib/STM32F10x_StdPeriph_Driver/libstm32fw.a(stm32f10x_adc.o)
                0x08008fd2                ADC_GetCalibrationStatus
 .text.ADC_SoftwareStartConvCmd
                0x08008fda       0x12 lib/STM32F10x_StdPeriph_Driver/libstm32fw.a(stm32f10x_adc.o)
                0x08008fda                ADC_SoftwareStartConvCmd
 .text.ADC_RegularChannelConfig
                0x08008fec       0x9a lib/STM32F10x_StdPeriph_Driver/libstm32fw.a(stm32f10x_adc.o)
                0x08008fec                ADC_RegularChannelConfig
 .text.ADC_GetConversionValue
                0x08009086        0x6 lib/STM32F10x_StdPeriph_Driver/libstm32fw.a(stm32f10x_adc.o)
                0x08009086                ADC_GetConversionValue
 .text.ADC_ExternalTrigInjectedConvConfig
                0x0800908c        0xc lib/STM32F10x_StdPeriph_Driver/libstm32fw.a(stm32f10x_adc.o)
                0x0800908c                ADC_ExternalTrigInjectedConvConfig
 .text.ADC_SoftwareStartInjectedConvCmd
                0x08009098       0x12 lib/STM32F10x_StdPeriph_Driver/libstm32fw.a(stm32f10x_adc.o)
                0x08009098                ADC_SoftwareStartInjectedConvCmd
 .text.ADC_InjectedChannelConfig
                0x080090aa       0x60 lib/STM32F10x_StdPeriph_Driver/libstm32fw.a(stm32f10x_adc.o)
                0x080090aa                ADC_InjectedChannelConfig
 .text.ADC_InjectedSequencerLengthConfig
                0x0800910a       0x10 lib/STM32F10x_StdPeriph_Driver/libstm32fw.a(stm32f10x_adc.o)
                0x0800910a                ADC_InjectedSequencerLengthConfig
 .text.ADC_GetInjectedConversionValue
                0x0800911a       0x1a lib/STM32F10x_StdPeriph_Driver/libstm32fw.a(stm32f10x_adc.o)
                0x0800911a                ADC_GetInjectedConversionValue
 .text.ADC_GetFlagStatus
                0x08009134        0xc lib/STM32F10x_StdPeriph_Driver/libstm32fw.a(stm32f10x_adc.o)
                0x08009134                ADC_GetFlagStatus
 .text.ADC_ClearFlag
                0x08009140        0x6 lib/STM32F10x_StdPeriph_Driver/libstm32fw.a(stm32f10x_adc.o)
                0x08009140                ADC_ClearFlag
 .text.ADC_GetITStatus
                0x08009146       0x16 lib/STM32F10x_StdPeriph_Driver/libstm32fw.a(stm32f10x_adc.o)
                0x08009146                ADC_GetITStatus
 .text.ADC_ClearITPendingBit
                0x0800915c        0x8 lib/STM32F10x_StdPeriph_Driver/libstm32fw.a(stm32f10x_adc.o)
                0x0800915c                ADC_ClearITPendingBit
 .text.BKP_DeInit
                0x08009164       0x12 lib/STM32F10x_StdPeriph_Driver/libstm32fw.a(stm32f10x_bkp.o)
                0x08009164                BKP_DeInit
 *fill*         0x08009176        0x2 00
 .text.BKP_RTCOutputConfig
                0x08009178       0x18 lib/STM32F10x_StdPeriph_Driver/libstm32fw.a(stm32f10x_bkp.o)
                0x08009178                BKP_RTCOutputConfig
 .text.BKP_SetRTCCalibrationValue
                0x08009190       0x18 lib/STM32F10x_StdPeriph_Driver/libstm32fw.a(stm32f10x_bkp.o)
                0x08009190                BKP_SetRTCCalibrationValue
 .text.BKP_WriteBackupRegister
                0x080091a8       0x1c lib/STM32F10x_StdPeriph_Driver/libstm32fw.a(stm32f10x_bkp.o)
                0x080091a8                BKP_WriteBackupRegister
 .text.BKP_ReadBackupRegister
                0x080091c4       0x20 lib/STM32F10x_StdPeriph_Driver/libstm32fw.a(stm32f10x_bkp.o)
                0x080091c4                BKP_ReadBackupRegister
 .text.DBGMCU_Config
                0x080091e4       0x18 lib/STM32F10x_StdPeriph_Driver/libstm32fw.a(stm32f10x_dbgmcu.o)
                0x080091e4                DBGMCU_Config
 .text.DMA_DeInit
                0x080091fc       0xec lib/STM32F10x_StdPeriph_Driver/libstm32fw.a(stm32f10x_dma.o)
                0x080091fc                DMA_DeInit
 .text.DMA_Init
                0x080092e8       0x40 lib/STM32F10x_StdPeriph_Driver/libstm32fw.a(stm32f10x_dma.o)
                0x080092e8                DMA_Init
 .text.DMA_Cmd  0x08009328       0x12 lib/STM32F10x_StdPeriph_Driver/libstm32fw.a(stm32f10x_dma.o)
                0x08009328                DMA_Cmd
 .text.DMA_ITConfig
                0x0800933a       0x10 lib/STM32F10x_StdPeriph_Driver/libstm32fw.a(stm32f10x_dma.o)
                0x0800933a                DMA_ITConfig
 .text.DMA_GetCurrDataCounter
                0x0800934a        0x6 lib/STM32F10x_StdPeriph_Driver/libstm32fw.a(stm32f10x_dma.o)
                0x0800934a                DMA_GetCurrDataCounter
 .text.DMA_GetFlagStatus
                0x08009350       0x1c lib/STM32F10x_StdPeriph_Driver/libstm32fw.a(stm32f10x_dma.o)
                0x08009350                DMA_GetFlagStatus
 .text.DMA_ClearFlag
                0x0800936c       0x14 lib/STM32F10x_StdPeriph_Driver/libstm32fw.a(stm32f10x_dma.o)
                0x0800936c                DMA_ClearFlag
 .text.DMA_GetITStatus
                0x08009380       0x1c lib/STM32F10x_StdPeriph_Driver/libstm32fw.a(stm32f10x_dma.o)
                0x08009380                DMA_GetITStatus
 .text.DMA_ClearITPendingBit
                0x0800939c       0x14 lib/STM32F10x_StdPeriph_Driver/libstm32fw.a(stm32f10x_dma.o)
                0x0800939c                DMA_ClearITPendingBit
 .text.EXTI_DeInit
                0x080093b0       0x1c lib/STM32F10x_StdPeriph_Driver/libstm32fw.a(stm32f10x_exti.o)
                0x080093b0                EXTI_DeInit
 .text.EXTI_Init
                0x080093cc       0x88 lib/STM32F10x_StdPeriph_Driver/libstm32fw.a(stm32f10x_exti.o)
                0x080093cc                EXTI_Init
 .text.EXTI_GenerateSWInterrupt
                0x08009454       0x10 lib/STM32F10x_StdPeriph_Driver/libstm32fw.a(stm32f10x_exti.o)
                0x08009454                EXTI_GenerateSWInterrupt
 .text.EXTI_GetITStatus
                0x08009464       0x20 lib/STM32F10x_StdPeriph_Driver/libstm32fw.a(stm32f10x_exti.o)
                0x08009464                EXTI_GetITStatus
 .text.EXTI_ClearITPendingBit
                0x08009484        0xc lib/STM32F10x_StdPeriph_Driver/libstm32fw.a(stm32f10x_exti.o)
                0x08009484                EXTI_ClearITPendingBit
 .text.GPIO_Init
                0x08009490       0x9a lib/STM32F10x_StdPeriph_Driver/libstm32fw.a(stm32f10x_gpio.o)
                0x08009490                GPIO_Init
 .text.GPIO_ReadInputDataBit
                0x0800952a        0xc lib/STM32F10x_StdPeriph_Driver/libstm32fw.a(stm32f10x_gpio.o)
                0x0800952a                GPIO_ReadInputDataBit
 .text.GPIO_SetBits
                0x08009536        0x4 lib/STM32F10x_StdPeriph_Driver/libstm32fw.a(stm32f10x_gpio.o)
                0x08009536                GPIO_SetBits
 .text.GPIO_ResetBits
                0x0800953a        0x4 lib/STM32F10x_StdPeriph_Driver/libstm32fw.a(stm32f10x_gpio.o)
                0x0800953a                GPIO_ResetBits
 .text.GPIO_WriteBit
                0x0800953e        0xa lib/STM32F10x_StdPeriph_Driver/libstm32fw.a(stm32f10x_gpio.o)
                0x0800953e                GPIO_WriteBit
 .text.GPIO_PinRemapConfig
                0x08009548       0x58 lib/STM32F10x_StdPeriph_Driver/libstm32fw.a(stm32f10x_gpio.o)
                0x08009548                GPIO_PinRemapConfig
 .text.GPIO_EXTILineConfig
                0x080095a0       0x34 lib/STM32F10x_StdPeriph_Driver/libstm32fw.a(stm32f10x_gpio.o)
                0x080095a0                GPIO_EXTILineConfig
 .text.I2C_DeInit
                0x080095d4       0x34 lib/STM32F10x_StdPeriph_Driver/libstm32fw.a(stm32f10x_i2c.o)
                0x080095d4                I2C_DeInit
 .text.I2C_Init
                0x08009608       0xd4 lib/STM32F10x_StdPeriph_Driver/libstm32fw.a(stm32f10x_i2c.o)
                0x08009608                I2C_Init
 .text.I2C_Cmd  0x080096dc       0x18 lib/STM32F10x_StdPeriph_Driver/libstm32fw.a(stm32f10x_i2c.o)
                0x080096dc                I2C_Cmd
 .text.I2C_GenerateSTART
                0x080096f4       0x18 lib/STM32F10x_StdPeriph_Driver/libstm32fw.a(stm32f10x_i2c.o)
                0x080096f4                I2C_GenerateSTART
 .text.I2C_GenerateSTOP
                0x0800970c       0x18 lib/STM32F10x_StdPeriph_Driver/libstm32fw.a(stm32f10x_i2c.o)
                0x0800970c                I2C_GenerateSTOP
 .text.I2C_AcknowledgeConfig
                0x08009724       0x18 lib/STM32F10x_StdPeriph_Driver/libstm32fw.a(stm32f10x_i2c.o)
                0x08009724                I2C_AcknowledgeConfig
 .text.I2C_ITConfig
                0x0800973c       0x12 lib/STM32F10x_StdPeriph_Driver/libstm32fw.a(stm32f10x_i2c.o)
                0x0800973c                I2C_ITConfig
 .text.I2C_SendData
                0x0800974e        0x4 lib/STM32F10x_StdPeriph_Driver/libstm32fw.a(stm32f10x_i2c.o)
                0x0800974e                I2C_SendData
 .text.I2C_ReceiveData
                0x08009752        0x6 lib/STM32F10x_StdPeriph_Driver/libstm32fw.a(stm32f10x_i2c.o)
                0x08009752                I2C_ReceiveData
 .text.I2C_Send7bitAddress
                0x08009758       0x10 lib/STM32F10x_StdPeriph_Driver/libstm32fw.a(stm32f10x_i2c.o)
                0x08009758                I2C_Send7bitAddress
 .text.I2C_SoftwareResetCmd
                0x08009768       0x18 lib/STM32F10x_StdPeriph_Driver/libstm32fw.a(stm32f10x_i2c.o)
                0x08009768                I2C_SoftwareResetCmd
 .text.IWDG_WriteAccessCmd
                0x08009780        0xc lib/STM32F10x_StdPeriph_Driver/libstm32fw.a(stm32f10x_iwdg.o)
                0x08009780                IWDG_WriteAccessCmd
 .text.IWDG_SetPrescaler
                0x0800978c        0xc lib/STM32F10x_StdPeriph_Driver/libstm32fw.a(stm32f10x_iwdg.o)
                0x0800978c                IWDG_SetPrescaler
 .text.IWDG_SetReload
                0x08009798        0xc lib/STM32F10x_StdPeriph_Driver/libstm32fw.a(stm32f10x_iwdg.o)
                0x08009798                IWDG_SetReload
 .text.IWDG_ReloadCounter
                0x080097a4       0x10 lib/STM32F10x_StdPeriph_Driver/libstm32fw.a(stm32f10x_iwdg.o)
                0x080097a4                IWDG_ReloadCounter
 .text.IWDG_Enable
                0x080097b4       0x10 lib/STM32F10x_StdPeriph_Driver/libstm32fw.a(stm32f10x_iwdg.o)
                0x080097b4                IWDG_Enable
 .text.PWR_DeInit
                0x080097c4       0x1a lib/STM32F10x_StdPeriph_Driver/libstm32fw.a(stm32f10x_pwr.o)
                0x080097c4                PWR_DeInit
 *fill*         0x080097de        0x2 00
 .text.PWR_BackupAccessCmd
                0x080097e0        0xc lib/STM32F10x_StdPeriph_Driver/libstm32fw.a(stm32f10x_pwr.o)
                0x080097e0                PWR_BackupAccessCmd
 .text.PWR_WakeUpPinCmd
                0x080097ec        0xc lib/STM32F10x_StdPeriph_Driver/libstm32fw.a(stm32f10x_pwr.o)
                0x080097ec                PWR_WakeUpPinCmd
 .text.PWR_EnterSTANDBYMode
                0x080097f8       0x28 lib/STM32F10x_StdPeriph_Driver/libstm32fw.a(stm32f10x_pwr.o)
                0x080097f8                PWR_EnterSTANDBYMode
 .text.RCC_HCLKConfig
                0x08009820       0x14 lib/STM32F10x_StdPeriph_Driver/libstm32fw.a(stm32f10x_rcc.o)
                0x08009820                RCC_HCLKConfig
 .text.RCC_USBCLKConfig
                0x08009834        0xc lib/STM32F10x_StdPeriph_Driver/libstm32fw.a(stm32f10x_rcc.o)
                0x08009834                RCC_USBCLKConfig
 .text.RCC_ADCCLKConfig
                0x08009840       0x14 lib/STM32F10x_StdPeriph_Driver/libstm32fw.a(stm32f10x_rcc.o)
                0x08009840                RCC_ADCCLKConfig
 .text.RCC_LSEConfig
                0x08009854       0x20 lib/STM32F10x_StdPeriph_Driver/libstm32fw.a(stm32f10x_rcc.o)
                0x08009854                RCC_LSEConfig
 .text.RCC_RTCCLKConfig
                0x08009874       0x10 lib/STM32F10x_StdPeriph_Driver/libstm32fw.a(stm32f10x_rcc.o)
                0x08009874                RCC_RTCCLKConfig
 .text.RCC_RTCCLKCmd
                0x08009884        0xc lib/STM32F10x_StdPeriph_Driver/libstm32fw.a(stm32f10x_rcc.o)
                0x08009884                RCC_RTCCLKCmd
 .text.RCC_GetClocksFreq
                0x08009890       0x9c lib/STM32F10x_StdPeriph_Driver/libstm32fw.a(stm32f10x_rcc.o)
                0x08009890                RCC_GetClocksFreq
 .text.RCC_AHBPeriphClockCmd
                0x0800992c       0x18 lib/STM32F10x_StdPeriph_Driver/libstm32fw.a(stm32f10x_rcc.o)
                0x0800992c                RCC_AHBPeriphClockCmd
 .text.RCC_APB2PeriphClockCmd
                0x08009944       0x18 lib/STM32F10x_StdPeriph_Driver/libstm32fw.a(stm32f10x_rcc.o)
                0x08009944                RCC_APB2PeriphClockCmd
 .text.RCC_APB1PeriphClockCmd
                0x0800995c       0x18 lib/STM32F10x_StdPeriph_Driver/libstm32fw.a(stm32f10x_rcc.o)
                0x0800995c                RCC_APB1PeriphClockCmd
 .text.RCC_APB2PeriphResetCmd
                0x08009974       0x18 lib/STM32F10x_StdPeriph_Driver/libstm32fw.a(stm32f10x_rcc.o)
                0x08009974                RCC_APB2PeriphResetCmd
 .text.RCC_APB1PeriphResetCmd
                0x0800998c       0x18 lib/STM32F10x_StdPeriph_Driver/libstm32fw.a(stm32f10x_rcc.o)
                0x0800998c                RCC_APB1PeriphResetCmd
 .text.RCC_BackupResetCmd
                0x080099a4        0xc lib/STM32F10x_StdPeriph_Driver/libstm32fw.a(stm32f10x_rcc.o)
                0x080099a4                RCC_BackupResetCmd
 .text.RCC_GetFlagStatus
                0x080099b0       0x28 lib/STM32F10x_StdPeriph_Driver/libstm32fw.a(stm32f10x_rcc.o)
                0x080099b0                RCC_GetFlagStatus
 .text.RTC_EnterConfigMode
                0x080099d8       0x14 lib/STM32F10x_StdPeriph_Driver/libstm32fw.a(stm32f10x_rtc.o)
                0x080099d8                RTC_EnterConfigMode
 .text.RTC_ExitConfigMode
                0x080099ec       0x14 lib/STM32F10x_StdPeriph_Driver/libstm32fw.a(stm32f10x_rtc.o)
                0x080099ec                RTC_ExitConfigMode
 .text.RTC_GetCounter
                0x08009a00       0x14 lib/STM32F10x_StdPeriph_Driver/libstm32fw.a(stm32f10x_rtc.o)
                0x08009a00                RTC_GetCounter
 .text.RTC_SetCounter
                0x08009a14       0x20 lib/STM32F10x_StdPeriph_Driver/libstm32fw.a(stm32f10x_rtc.o)
                0x08009a14                RTC_SetCounter
 .text.RTC_SetPrescaler
                0x08009a34       0x20 lib/STM32F10x_StdPeriph_Driver/libstm32fw.a(stm32f10x_rtc.o)
                0x08009a34                RTC_SetPrescaler
 .text.RTC_WaitForLastTask
                0x08009a54       0x14 lib/STM32F10x_StdPeriph_Driver/libstm32fw.a(stm32f10x_rtc.o)
                0x08009a54                RTC_WaitForLastTask
 .text.RTC_WaitForSynchro
                0x08009a68       0x24 lib/STM32F10x_StdPeriph_Driver/libstm32fw.a(stm32f10x_rtc.o)
                0x08009a68                RTC_WaitForSynchro
 .text.SPI_Init
                0x08009a8c       0x3e lib/STM32F10x_StdPeriph_Driver/libstm32fw.a(stm32f10x_spi.o)
                0x08009a8c                SPI_Init
 .text.SPI_Cmd  0x08009aca       0x18 lib/STM32F10x_StdPeriph_Driver/libstm32fw.a(stm32f10x_spi.o)
                0x08009aca                SPI_Cmd
 .text.SPI_I2S_DMACmd
                0x08009ae2       0x12 lib/STM32F10x_StdPeriph_Driver/libstm32fw.a(stm32f10x_spi.o)
                0x08009ae2                SPI_I2S_DMACmd
 .text.SPI_I2S_SendData
                0x08009af4        0x4 lib/STM32F10x_StdPeriph_Driver/libstm32fw.a(stm32f10x_spi.o)
                0x08009af4                SPI_I2S_SendData
 .text.SPI_I2S_ReceiveData
                0x08009af8        0x6 lib/STM32F10x_StdPeriph_Driver/libstm32fw.a(stm32f10x_spi.o)
                0x08009af8                SPI_I2S_ReceiveData
 .text.SPI_CalculateCRC
                0x08009afe       0x18 lib/STM32F10x_StdPeriph_Driver/libstm32fw.a(stm32f10x_spi.o)
                0x08009afe                SPI_CalculateCRC
 .text.SPI_I2S_GetFlagStatus
                0x08009b16        0xc lib/STM32F10x_StdPeriph_Driver/libstm32fw.a(stm32f10x_spi.o)
                0x08009b16                SPI_I2S_GetFlagStatus
 *fill*         0x08009b22        0x2 00
 .text.TIM_TimeBaseInit
                0x08009b24       0x3c lib/STM32F10x_StdPeriph_Driver/libstm32fw.a(stm32f10x_tim.o)
                0x08009b24                TIM_TimeBaseInit
 .text.TIM_OC1Init
                0x08009b60       0x74 lib/STM32F10x_StdPeriph_Driver/libstm32fw.a(stm32f10x_tim.o)
                0x08009b60                TIM_OC1Init
 .text.TIM_Cmd  0x08009bd4       0x18 lib/STM32F10x_StdPeriph_Driver/libstm32fw.a(stm32f10x_tim.o)
                0x08009bd4                TIM_Cmd
 .text.TIM_CtrlPWMOutputs
                0x08009bec       0x1c lib/STM32F10x_StdPeriph_Driver/libstm32fw.a(stm32f10x_tim.o)
                0x08009bec                TIM_CtrlPWMOutputs
 .text.TIM_ARRPreloadConfig
                0x08009c08       0x18 lib/STM32F10x_StdPeriph_Driver/libstm32fw.a(stm32f10x_tim.o)
                0x08009c08                TIM_ARRPreloadConfig
 .text.TIM_OC1PreloadConfig
                0x08009c20       0x10 lib/STM32F10x_StdPeriph_Driver/libstm32fw.a(stm32f10x_tim.o)
                0x08009c20                TIM_OC1PreloadConfig
 .text.TIM_SetCompare1
                0x08009c30        0x4 lib/STM32F10x_StdPeriph_Driver/libstm32fw.a(stm32f10x_tim.o)
                0x08009c30                TIM_SetCompare1
 .text.USART_DeInit
                0x08009c34       0x98 lib/STM32F10x_StdPeriph_Driver/libstm32fw.a(stm32f10x_usart.o)
                0x08009c34                USART_DeInit
 .text.USART_Init
                0x08009ccc       0x88 lib/STM32F10x_StdPeriph_Driver/libstm32fw.a(stm32f10x_usart.o)
                0x08009ccc                USART_Init
 .text.USART_Cmd
                0x08009d54       0x18 lib/STM32F10x_StdPeriph_Driver/libstm32fw.a(stm32f10x_usart.o)
                0x08009d54                USART_Cmd
 .text.USART_ITConfig
                0x08009d6c       0x34 lib/STM32F10x_StdPeriph_Driver/libstm32fw.a(stm32f10x_usart.o)
                0x08009d6c                USART_ITConfig
 .text.USART_DMACmd
                0x08009da0       0x12 lib/STM32F10x_StdPeriph_Driver/libstm32fw.a(stm32f10x_usart.o)
                0x08009da0                USART_DMACmd
 .text.USART_SendData
                0x08009db2        0x8 lib/STM32F10x_StdPeriph_Driver/libstm32fw.a(stm32f10x_usart.o)
                0x08009db2                USART_SendData
 .text.USART_ReceiveData
                0x08009dba        0x8 lib/STM32F10x_StdPeriph_Driver/libstm32fw.a(stm32f10x_usart.o)
                0x08009dba                USART_ReceiveData
 .text.USART_GetFlagStatus
                0x08009dc2        0xc lib/STM32F10x_StdPeriph_Driver/libstm32fw.a(stm32f10x_usart.o)
                0x08009dc2                USART_GetFlagStatus
 .text.USART_GetITStatus
                0x08009dce       0x40 lib/STM32F10x_StdPeriph_Driver/libstm32fw.a(stm32f10x_usart.o)
                0x08009dce                USART_GetITStatus
 .text.USART_ClearITPendingBit
                0x08009e0e       0x10 lib/STM32F10x_StdPeriph_Driver/libstm32fw.a(stm32f10x_usart.o)
                0x08009e0e                USART_ClearITPendingBit
 *fill*         0x08009e1e        0x2 00
 .text.Standard_GetConfiguration
                0x08009e20       0x24 lib/STM32_USB-FS-Device_Driver/libstm32usb.a(usb_core.o)
                0x08009e20                Standard_GetConfiguration
 .text.Standard_GetInterface
                0x08009e44       0x24 lib/STM32_USB-FS-Device_Driver/libstm32usb.a(usb_core.o)
                0x08009e44                Standard_GetInterface
 .text.Standard_GetStatus
                0x08009e68       0x9c lib/STM32_USB-FS-Device_Driver/libstm32usb.a(usb_core.o)
                0x08009e68                Standard_GetStatus
 .text.DataStageIn
                0x08009f04       0xa4 lib/STM32_USB-FS-Device_Driver/libstm32usb.a(usb_core.o)
 .text.Standard_SetConfiguration
                0x08009fa8       0x38 lib/STM32_USB-FS-Device_Driver/libstm32usb.a(usb_core.o)
                0x08009fa8                Standard_SetConfiguration
 .text.Standard_SetInterface
                0x08009fe0       0x48 lib/STM32_USB-FS-Device_Driver/libstm32usb.a(usb_core.o)
                0x08009fe0                Standard_SetInterface
 .text.Standard_ClearFeature
                0x0800a028       0xdc lib/STM32_USB-FS-Device_Driver/libstm32usb.a(usb_core.o)
                0x0800a028                Standard_ClearFeature
 .text.Standard_SetEndPointFeature
                0x0800a104       0x8c lib/STM32_USB-FS-Device_Driver/libstm32usb.a(usb_core.o)
                0x0800a104                Standard_SetEndPointFeature
 .text.Standard_SetDeviceFeature
                0x0800a190       0x24 lib/STM32_USB-FS-Device_Driver/libstm32usb.a(usb_core.o)
                0x0800a190                Standard_SetDeviceFeature
 .text.Standard_GetDescriptorData
                0x0800a1b4       0x1c lib/STM32_USB-FS-Device_Driver/libstm32usb.a(usb_core.o)
                0x0800a1b4                Standard_GetDescriptorData
 .text.Post0_Process
                0x0800a1d0       0x40 lib/STM32_USB-FS-Device_Driver/libstm32usb.a(usb_core.o)
                0x0800a1d0                Post0_Process
 .text.Out0_Process
                0x0800a210       0xd4 lib/STM32_USB-FS-Device_Driver/libstm32usb.a(usb_core.o)
                0x0800a210                Out0_Process
 .text.Setup0_Process
                0x0800a2e4      0x2f8 lib/STM32_USB-FS-Device_Driver/libstm32usb.a(usb_core.o)
                0x0800a2e4                Setup0_Process
 .text.SetDeviceAddress
                0x0800a5dc       0x40 lib/STM32_USB-FS-Device_Driver/libstm32usb.a(usb_core.o)
                0x0800a5dc                SetDeviceAddress
 .text.In0_Process
                0x0800a61c       0x60 lib/STM32_USB-FS-Device_Driver/libstm32usb.a(usb_core.o)
                0x0800a61c                In0_Process
 .text.NOP_Process
                0x0800a67c        0x2 lib/STM32_USB-FS-Device_Driver/libstm32usb.a(usb_core.o)
                0x0800a67c                NOP_Process
 *fill*         0x0800a67e        0x2 00
 .text.USB_Init
                0x0800a680       0x38 lib/STM32_USB-FS-Device_Driver/libstm32usb.a(usb_init.o)
                0x0800a680                USB_Init
 .text.CTR_LP   0x0800a6b8      0x190 lib/STM32_USB-FS-Device_Driver/libstm32usb.a(usb_int.o)
                0x0800a6b8                CTR_LP
 .text.CTR_HP   0x0800a848       0x74 lib/STM32_USB-FS-Device_Driver/libstm32usb.a(usb_int.o)
                0x0800a848                CTR_HP
 .text.UserToPMABufferCopy
                0x0800a8bc       0x2e lib/STM32_USB-FS-Device_Driver/libstm32usb.a(usb_mem.o)
                0x0800a8bc                UserToPMABufferCopy
 .text.PMAToUserBufferCopy
                0x0800a8ea       0x24 lib/STM32_USB-FS-Device_Driver/libstm32usb.a(usb_mem.o)
                0x0800a8ea                PMAToUserBufferCopy
 *fill*         0x0800a90e        0x2 00
 .text.SetBTABLE
                0x0800a910       0x10 lib/STM32_USB-FS-Device_Driver/libstm32usb.a(usb_regs.o)
                0x0800a910                SetBTABLE
 .text.SetEPType
                0x0800a920       0x18 lib/STM32_USB-FS-Device_Driver/libstm32usb.a(usb_regs.o)
                0x0800a920                SetEPType
 .text.SetEPTxStatus
                0x0800a938       0x3a lib/STM32_USB-FS-Device_Driver/libstm32usb.a(usb_regs.o)
                0x0800a938                SetEPTxStatus
 .text.SetEPRxStatus
                0x0800a972       0x3a lib/STM32_USB-FS-Device_Driver/libstm32usb.a(usb_regs.o)
                0x0800a972                SetEPRxStatus
 .text.SetEPRxValid
                0x0800a9ac       0x22 lib/STM32_USB-FS-Device_Driver/libstm32usb.a(usb_regs.o)
                0x0800a9ac                SetEPRxValid
 .text.Clear_Status_Out
                0x0800a9ce       0x1e lib/STM32_USB-FS-Device_Driver/libstm32usb.a(usb_regs.o)
                0x0800a9ce                Clear_Status_Out
 .text.ClearDTOG_RX
                0x0800a9ec       0x24 lib/STM32_USB-FS-Device_Driver/libstm32usb.a(usb_regs.o)
                0x0800a9ec                ClearDTOG_RX
 .text.ClearDTOG_TX
                0x0800aa10       0x24 lib/STM32_USB-FS-Device_Driver/libstm32usb.a(usb_regs.o)
                0x0800aa10                ClearDTOG_TX
 .text.SetEPTxAddr
                0x0800aa34       0x20 lib/STM32_USB-FS-Device_Driver/libstm32usb.a(usb_regs.o)
                0x0800aa34                SetEPTxAddr
 .text.SetEPRxAddr
                0x0800aa54       0x20 lib/STM32_USB-FS-Device_Driver/libstm32usb.a(usb_regs.o)
                0x0800aa54                SetEPRxAddr
 .text.GetEPTxAddr
                0x0800aa74       0x1c lib/STM32_USB-FS-Device_Driver/libstm32usb.a(usb_regs.o)
                0x0800aa74                GetEPTxAddr
 .text.GetEPRxAddr
                0x0800aa90       0x1c lib/STM32_USB-FS-Device_Driver/libstm32usb.a(usb_regs.o)
                0x0800aa90                GetEPRxAddr
 .text.SetEPTxCount
                0x0800aaac       0x1c lib/STM32_USB-FS-Device_Driver/libstm32usb.a(usb_regs.o)
                0x0800aaac                SetEPTxCount
 .text.SetEPRxCount
                0x0800aac8       0x3c lib/STM32_USB-FS-Device_Driver/libstm32usb.a(usb_regs.o)
                0x0800aac8                SetEPRxCount
 .text.GetEPRxCount
                0x0800ab04       0x20 lib/STM32_USB-FS-Device_Driver/libstm32usb.a(usb_regs.o)
                0x0800ab04                GetEPRxCount
 .text.ByteSwap
                0x0800ab24        0xa lib/STM32_USB-FS-Device_Driver/libstm32usb.a(usb_regs.o)
                0x0800ab24                ByteSwap
 *fill*         0x0800ab2e        0x2 00
 .text.USB_SIL_Init
                0x0800ab30       0x20 lib/STM32_USB-FS-Device_Driver/libstm32usb.a(usb_sil.o)
                0x0800ab30                USB_SIL_Init
 .text.USB_SIL_Write
                0x0800ab50       0x28 lib/STM32_USB-FS-Device_Driver/libstm32usb.a(usb_sil.o)
                0x0800ab50                USB_SIL_Write
 .text.USB_SIL_Read
                0x0800ab78       0x24 lib/STM32_USB-FS-Device_Driver/libstm32usb.a(usb_sil.o)
                0x0800ab78                USB_SIL_Read
 .text.memset   0x0800ab9c      0x12c /home/laurence/ARM-GCC/bin/../lib/gcc/arm-none-eabi/4.7.4/../../../../arm-none-eabi/lib/armv7-m/libc.a(lib_a-memset.o)
                0x0800ab9c                memset
 .text._sbrk    0x0800acc8       0x34 /home/laurence/ARM-GCC/bin/../lib/gcc/arm-none-eabi/4.7.4/../../../../arm-none-eabi/lib/armv7-m/libnosys.a(sbrk.o)
                0x0800acc8                _sbrk
 *(.rodata)
 .rodata        0x0800acfc       0xf4 /tmp/ccdJHlpv.ltrans0.ltrans.o
                0x0800acfc                DaysInMonth.5605
 .rodata        0x0800adf0       0x94 /tmp/ccdJHlpv.ltrans1.ltrans.o
 .rodata        0x0800ae84       0x9c /tmp/ccdJHlpv.ltrans4.ltrans.o
 .rodata        0x0800af20      0x54e /tmp/ccdJHlpv.ltrans6.ltrans.o
                0x0800b2ee                Tbl.5184
 *(.rodata*)
 .rodata.str1.1
                0x0800b46e      0x423 /tmp/ccdJHlpv.ltrans0.ltrans.o
 .rodata.str1.1
                0x0800b891        0x6 /tmp/ccdJHlpv.ltrans1.ltrans.o
 .rodata.MASS_DeviceDescriptor
                0x0800b897       0x12 /tmp/ccdJHlpv.ltrans1.ltrans.o
 .rodata.str1.1
                0x0800b8a9       0x10 /tmp/ccdJHlpv.ltrans6.ltrans.o
                                 0x19 (size before relaxing)
 .rodata.str1.1
                0x0800b8b9       0x47 /tmp/ccdJHlpv.ltrans7.ltrans.o
 .rodata.L3GD20_setup
                0x0800b900        0x6 /tmp/ccdJHlpv.ltrans7.ltrans.o
 *fill*         0x0800b906        0x2 00
 .rodata.str1.4
                0x0800b908        0x4 /home/laurence/ARM-GCC/bin/../lib/gcc/arm-none-eabi/4.7.4/../../../../arm-none-eabi/lib/armv7-m/libc.a(lib_a-impure.o)
 *(.glue_7)
 .glue_7        0x00000000        0x0 linker stubs
 *(.glue_7t)
 .glue_7t       0x00000000        0x0 linker stubs
 *(.init)
 .init          0x0800b90c        0x4 /home/laurence/ARM-GCC/bin/../lib/gcc/arm-none-eabi/4.7.4/armv7-m/crti.o
                0x0800b90c                _init
 .init          0x0800b910        0x8 /home/laurence/ARM-GCC/bin/../lib/gcc/arm-none-eabi/4.7.4/armv7-m/crtn.o
 *(.fini)
 .fini          0x0800b918        0x4 /home/laurence/ARM-GCC/bin/../lib/gcc/arm-none-eabi/4.7.4/armv7-m/crti.o
                0x0800b918                _fini
 .fini          0x0800b91c        0x8 /home/laurence/ARM-GCC/bin/../lib/gcc/arm-none-eabi/4.7.4/armv7-m/crtn.o
                0x0800b924                . = ALIGN (0x4)
                0x0800b924                _etext = .
                0x0800b924                _sidata = _etext

.vfp11_veneer   0x0800b924        0x0
 .vfp11_veneer  0x00000000        0x0 linker stubs

.v4_bx          0x0800b924        0x0
 .v4_bx         0x00000000        0x0 linker stubs

.iplt           0x0800b924        0x0
 .iplt          0x00000000        0x0 /home/laurence/ARM-GCC/bin/../lib/gcc/arm-none-eabi/4.7.4/armv7-m/crtbegin.o

.rel.dyn        0x0800b924        0x0
 .rel.iplt      0x00000000        0x0 /home/laurence/ARM-GCC/bin/../lib/gcc/arm-none-eabi/4.7.4/armv7-m/crtbegin.o

.flashpatch     0x00000000        0x0
                0x00000000                . = ALIGN (0x4)
 *(.flashpatch)
                0x00000000                . = ALIGN (0x4)

.endflash       0x00000000        0x0
                0x00000000                . = ALIGN (0x4)
 *(.endflash)
                0x00000000                . = ALIGN (0x4)
                0x00000000                _e_endflash = .

.data           0x20000000      0x9d4 load address 0x0800b924
                0x20000000                . = ALIGN (0x4)
                0x20000000                _sdata = .
                0x20000000                _data = .
 *(.data)
 .data          0x20000000       0x58 /tmp/ccdJHlpv.ltrans1.ltrans.o
                0x20000054                Device_Table
 .data          0x20000058       0x90 /tmp/ccdJHlpv.ltrans2.ltrans.o
                0x20000058                Scsi_Sense_Data
                0x200000cc                pEpInt_OUT
 .data          0x200000e8       0x24 /tmp/ccdJHlpv.ltrans3.ltrans.o
                0x200000e8                User_Standard_Requests
 .data          0x2000010c       0x20 /tmp/ccdJHlpv.ltrans4.ltrans.o
                0x20000110                pEpInt_IN
 .data          0x2000012c       0x20 /tmp/ccdJHlpv.ltrans7.ltrans.o
                0x2000012c                I2C_jobs
 .data          0x2000014c       0x34 /tmp/ccdJHlpv.ltrans8.ltrans.o
                0x2000014c                Device_Property
                0x2000017d                Stat.5800
 *(.data.*)
 .data.__malloc_av_
                0x20000180      0x408 /home/laurence/ARM-GCC/bin/../lib/gcc/arm-none-eabi/4.7.4/../../../../arm-none-eabi/lib/armv7-m/libc.a(lib_a-mallocr.o)
                0x20000180                __malloc_av_
 .data.__malloc_trim_threshold
                0x20000588        0x4 /home/laurence/ARM-GCC/bin/../lib/gcc/arm-none-eabi/4.7.4/../../../../arm-none-eabi/lib/armv7-m/libc.a(lib_a-mallocr.o)
                0x20000588                __malloc_trim_threshold
 .data.__malloc_sbrk_base
                0x2000058c        0x4 /home/laurence/ARM-GCC/bin/../lib/gcc/arm-none-eabi/4.7.4/../../../../arm-none-eabi/lib/armv7-m/libc.a(lib_a-mallocr.o)
                0x2000058c                __malloc_sbrk_base
 .data.ADCPrescTable
                0x20000590        0x4 lib/STM32F10x_StdPeriph_Driver/libstm32fw.a(stm32f10x_rcc.o)
 .data.APBAHBPrescTable
                0x20000594       0x10 lib/STM32F10x_StdPeriph_Driver/libstm32fw.a(stm32f10x_rcc.o)
 *fill*         0x200005a4        0x4 00
 .data.impure_data
                0x200005a8      0x428 /home/laurence/ARM-GCC/bin/../lib/gcc/arm-none-eabi/4.7.4/../../../../arm-none-eabi/lib/armv7-m/libc.a(lib_a-impure.o)
 .data._impure_ptr
                0x200009d0        0x4 /home/laurence/ARM-GCC/bin/../lib/gcc/arm-none-eabi/4.7.4/../../../../arm-none-eabi/lib/armv7-m/libc.a(lib_a-impure.o)
                0x200009d0                _impure_ptr
 *(.RAMtext)
                0x200009d4                . = ALIGN (0x4)
                0x200009d4                _edata = .
                0x0800c2f8                _eidata = (_sidata + (_edata - _sdata))
                0x08020000                _lastdataromaddress = (ORIGIN (FLASH) + 0x20000)
                0x00000000                toobig = (_eidata > _lastdataromaddress)?!!!!!!!!! FLASH IS FULL !!!!!!!!!:0x0

.igot.plt       0x200009d4        0x0 load address 0x0800c2f8
 .igot.plt      0x00000000        0x0 /home/laurence/ARM-GCC/bin/../lib/gcc/arm-none-eabi/4.7.4/armv7-m/crtbegin.o

.bss            0x200009d8      0xf1c load address 0x0800c300
                0x200009d8                . = ALIGN (0x4)
                0x200009d8                _sbss = .
                0x200009d8                _bss = .
 *(.bss)
 .bss           0x200009d8      0xca0 /tmp/ccdJHlpv.ltrans0.ltrans.o
                0x20000e00                bootsource
                0x20000e04                Gps_Buffer
                0x20000e10                rputchar.5882
                0x20000e14                Data_Buffer
                0x20000e18                Millis
                0x20000e1c                Battery_Voltage
                0x20000e20                FatFs.5526
                0x20001058                FATFS_logfile
                0x2000127c                FATFS_info
                0x2000129c                print_string
                0x2000139c                FATFS_wavfile_gyro
                0x200015c0                Silabs_driver_state
                0x200015dc                Gps
                0x20001610                Silabs_Rx_Buffer
                0x2000161c                CTS_Low.4231
                0x20001620                Gyro_XY_Rate
                0x20001624                Gyro_Z_Rate
                0x20001628                Ind_Voltage
                0x2000162c                Auto_volt
                0x20001630                Ignition_Selftest
                0x20001632                AutoSequence
                0x20001634                Gyro_x_buffer
                0x20001640                Gyro_y_buffer
                0x2000164c                Gyro_z_buffer
                0x2000165a                I2C1error
                0x2000165c                L3GD20_Data_Buffer
                0x20001664                System_state_Global
                0x20001668                Aux_Voltage
                0x2000166c                Gyro_Temperature
                0x20001670                Auto_spin
                0x20001674                Shutdown_System
 .bss           0x20001678       0x9c /tmp/ccdJHlpv.ltrans1.ltrans.o
 .bss           0x20001714       0xac /tmp/ccdJHlpv.ltrans2.ltrans.o
                0x20001714                Bot_State
                0x20001718                CBW
                0x2000173e                TransferState
                0x20001740                Mass_Block_Size
                0x20001794                Sd_Spi_Called_From_USB_MSC
                0x20001798                CSW
                0x200017a8                SCSI_LBA
                0x200017ac                SCSI_BlkLen
                0x200017b0                Mass_Block_Count
 .bss           0x200017c0       0x38 /tmp/ccdJHlpv.ltrans3.ltrans.o
 .bss           0x200017f8        0x1 /tmp/ccdJHlpv.ltrans4.ltrans.o
                0x200017f8                Channel_rx
 *fill*         0x200017f9        0x3 00
 .bss           0x200017fc        0x4 /tmp/ccdJHlpv.ltrans5.ltrans.o
 .bss           0x20001800       0x14 /tmp/ccdJHlpv.ltrans7.ltrans.o
                0x20001803                Silabs_spi_state
                0x20001804                Silabs_Tx_Buffer
                0x20001810                CardType.5801
 .bss           0x20001814       0x3c /tmp/ccdJHlpv.ltrans8.ltrans.o
                0x20001814                wIstr
                0x20001818                Timer1.5795
                0x2000181c                Timer2.5796
                0x20001828                Completed_Jobs
                0x2000182c                AFROESC_Data_Buffer
                0x20001840                AFROESC_Throttle
                0x20001849                job
                0x2000184c                Jobs
 .bss           0x20001850        0xc /tmp/ccdJHlpv.ltrans9.ltrans.o
                0x20001850                Usart1_rx_buff
 *(.bss.*)
 .bss.file_opened
                0x2000185c        0x1 /tmp/ccdJHlpv.ltrans0.ltrans.o
 *fill*         0x2000185d        0x3 00
 .bss.bDeviceState
                0x20001860        0x4 /tmp/ccdJHlpv.ltrans0.ltrans.o
                0x20001860                bDeviceState
 .bss.Status    0x20001864        0x4 /tmp/ccdJHlpv.ltrans0.ltrans.o
                0x20001864                Status
 .bss.Last_RSSI
                0x20001868        0x1 /tmp/ccdJHlpv.ltrans0.ltrans.o
                0x20001868                Last_RSSI
 *fill*         0x20001869        0x3 00
 .bss.Max_Lun   0x2000186c        0x4 /tmp/ccdJHlpv.ltrans2.ltrans.o
                0x2000186c                Max_Lun
 .bss.Page00_Inquiry_Data
                0x20001870        0x5 /tmp/ccdJHlpv.ltrans2.ltrans.o
 .bss.bIntPackSOF
                0x20001875        0x1 /tmp/ccdJHlpv.ltrans8.ltrans.o
 *fill*         0x20001876        0x2 00
 .bss.__malloc_max_total_mem
                0x20001878        0x4 /home/laurence/ARM-GCC/bin/../lib/gcc/arm-none-eabi/4.7.4/../../../../arm-none-eabi/lib/armv7-m/libc.a(lib_a-mallocr.o)
                0x20001878                __malloc_max_total_mem
 .bss.__malloc_max_sbrked_mem
                0x2000187c        0x4 /home/laurence/ARM-GCC/bin/../lib/gcc/arm-none-eabi/4.7.4/../../../../arm-none-eabi/lib/armv7-m/libc.a(lib_a-mallocr.o)
                0x2000187c                __malloc_max_sbrked_mem
 .bss.__malloc_top_pad
                0x20001880        0x4 /home/laurence/ARM-GCC/bin/../lib/gcc/arm-none-eabi/4.7.4/../../../../arm-none-eabi/lib/armv7-m/libc.a(lib_a-mallocr.o)
                0x20001880                __malloc_top_pad
 .bss.__malloc_current_mallinfo
                0x20001884       0x28 /home/laurence/ARM-GCC/bin/../lib/gcc/arm-none-eabi/4.7.4/../../../../arm-none-eabi/lib/armv7-m/libc.a(lib_a-mallocr.o)
                0x20001884                __malloc_current_mallinfo
 .bss.Data_Mul_MaxPacketSize
                0x200018ac        0x1 lib/STM32_USB-FS-Device_Driver/libstm32usb.a(usb_core.o)
                0x200018ac                Data_Mul_MaxPacketSize
 *fill*         0x200018ad        0x3 00
 .bss.heap_end.4231
                0x200018b0        0x4 /home/laurence/ARM-GCC/bin/../lib/gcc/arm-none-eabi/4.7.4/../../../../arm-none-eabi/lib/armv7-m/libnosys.a(sbrk.o)
 *(COMMON)
 COMMON         0x200018b4        0x4 /home/laurence/ARM-GCC/bin/../lib/gcc/arm-none-eabi/4.7.4/../../../../arm-none-eabi/lib/armv7-m/libc.a(lib_a-reent.o)
                0x200018b4                errno
 COMMON         0x200018b8        0x2 lib/STM32_USB-FS-Device_Driver/libstm32usb.a(usb_core.o)
                0x200018b8                StatusInfo
 *fill*         0x200018ba        0x2 00
 COMMON         0x200018bc       0x32 lib/STM32_USB-FS-Device_Driver/libstm32usb.a(usb_init.o)
                0x200018bc                SaveState
                0x200018c0                pProperty
                0x200018c4                EPindex
                0x200018c8                Device_Info
                0x200018e4                pUser_Standard_Requests
                0x200018e8                pInformation
                0x200018ec                wInterrupt_Mask
 COMMON         0x200018ee        0x4 lib/STM32_USB-FS-Device_Driver/libstm32usb.a(usb_int.o)
                0x200018ee                SaveRState
                0x200018f0                SaveTState
                0x200018f4                . = ALIGN (0x4)
 *fill*         0x200018f2        0x2 00
                0x200018f4                _ebss = .
                0x200018f4                PROVIDE (end, _ebss)
                0x200018f4                PROVIDE (_end, _ebss)

._usrstack      0x200018f4     0x2000 load address 0x0800d21c
                0x200018f4                . = ALIGN (0x4)
                0x200018f4                _susrstack = .
                0x200038f4                . = (. + _Minimum_Stack_Size)
 *fill*         0x200018f4     0x2000 00
                0x200038f4                . = ALIGN (0x4)
                0x200038f4                _eusrstack = .
                0x20005000                _lastramaddress = (ORIGIN (RAM) + 0x5000)
                0x00000000                toobig = (_eusrstack > _lastramaddress)?!!!!!!!!! RAM IS FULL !!!!!!!!!:0x0

.b1text
 *(.b1text)
 *(.b1rodata)
 *(.b1rodata*)

.eb0text
 *(.eb0text)
 *(.eb0rodata)
 *(.eb0rodata*)

.eb1text
 *(.eb1text)
 *(.eb1rodata)
 *(.eb1rodata*)

.eb2text
 *(.eb2text)
 *(.eb2rodata)
 *(.eb2rodata*)

.eb3text
 *(.eb3text)
 *(.eb3rodata)
 *(.eb3rodata*)
                0x200038f4                __exidx_start = .
                0x200038f4                __exidx_end = .

/DISCARD/
 libc.a(*)
 libm.a(*)
 libgcc.a(*)

.stab
 *(.stab)

.stabstr
 *(.stabstr)

.stab.excl
 *(.stab.excl)

.stab.exclstr
 *(.stab.exclstr)

.stab.index
 *(.stab.index)

.stab.indexstr
 *(.stab.indexstr)

.comment        0x00000000       0x70
 *(.comment)
 .comment       0x00000000       0x71 /tmp/ccdJHlpv.ltrans0.ltrans.o
 .comment       0x00000000       0x71 /tmp/ccdJHlpv.ltrans1.ltrans.o
 .comment       0x00000000       0x71 /tmp/ccdJHlpv.ltrans2.ltrans.o
 .comment       0x00000000       0x71 /tmp/ccdJHlpv.ltrans3.ltrans.o
 .comment       0x00000000       0x71 /tmp/ccdJHlpv.ltrans4.ltrans.o
 .comment       0x00000000       0x71 /tmp/ccdJHlpv.ltrans5.ltrans.o
 .comment       0x00000000       0x71 /tmp/ccdJHlpv.ltrans6.ltrans.o
 .comment       0x00000000       0x71 /tmp/ccdJHlpv.ltrans7.ltrans.o
 .comment       0x00000000       0x71 /tmp/ccdJHlpv.ltrans8.ltrans.o
 .comment       0x00000000       0x71 /tmp/ccdJHlpv.ltrans9.ltrans.o
 .comment       0x00000000       0x70 lib/STM32F10x_StdPeriph_Driver/libstm32fw.a(misc.o)
                                 0x71 (size before relaxing)
 .comment       0x00000000       0x71 lib/STM32F10x_StdPeriph_Driver/libstm32fw.a(stm32f10x_adc.o)
 .comment       0x00000000       0x71 lib/STM32F10x_StdPeriph_Driver/libstm32fw.a(stm32f10x_bkp.o)
 .comment       0x00000000       0x71 lib/STM32F10x_StdPeriph_Driver/libstm32fw.a(stm32f10x_dbgmcu.o)
 .comment       0x00000000       0x71 lib/STM32F10x_StdPeriph_Driver/libstm32fw.a(stm32f10x_dma.o)
 .comment       0x00000000       0x71 lib/STM32F10x_StdPeriph_Driver/libstm32fw.a(stm32f10x_exti.o)
 .comment       0x00000000       0x71 lib/STM32F10x_StdPeriph_Driver/libstm32fw.a(stm32f10x_gpio.o)
 .comment       0x00000000       0x71 lib/STM32F10x_StdPeriph_Driver/libstm32fw.a(stm32f10x_i2c.o)
 .comment       0x00000000       0x71 lib/STM32F10x_StdPeriph_Driver/libstm32fw.a(stm32f10x_iwdg.o)
 .comment       0x00000000       0x71 lib/STM32F10x_StdPeriph_Driver/libstm32fw.a(stm32f10x_pwr.o)
 .comment       0x00000000       0x71 lib/STM32F10x_StdPeriph_Driver/libstm32fw.a(stm32f10x_rcc.o)
 .comment       0x00000000       0x71 lib/STM32F10x_StdPeriph_Driver/libstm32fw.a(stm32f10x_rtc.o)
 .comment       0x00000000       0x71 lib/STM32F10x_StdPeriph_Driver/libstm32fw.a(stm32f10x_spi.o)
 .comment       0x00000000       0x71 lib/STM32F10x_StdPeriph_Driver/libstm32fw.a(stm32f10x_tim.o)
 .comment       0x00000000       0x71 lib/STM32F10x_StdPeriph_Driver/libstm32fw.a(stm32f10x_usart.o)
 .comment       0x00000000       0x71 lib/STM32_USB-FS-Device_Driver/libstm32usb.a(usb_core.o)
 .comment       0x00000000       0x71 lib/STM32_USB-FS-Device_Driver/libstm32usb.a(usb_init.o)
 .comment       0x00000000       0x71 lib/STM32_USB-FS-Device_Driver/libstm32usb.a(usb_int.o)
 .comment       0x00000000       0x71 lib/STM32_USB-FS-Device_Driver/libstm32usb.a(usb_mem.o)
 .comment       0x00000000       0x71 lib/STM32_USB-FS-Device_Driver/libstm32usb.a(usb_regs.o)
 .comment       0x00000000       0x71 lib/STM32_USB-FS-Device_Driver/libstm32usb.a(usb_sil.o)

.ARM.attributes
                0x00000000       0x29
 .ARM.attributes
                0x00000000       0x1d /home/laurence/ARM-GCC/bin/../lib/gcc/arm-none-eabi/4.7.4/armv7-m/crti.o
 .ARM.attributes
                0x0000001d       0x31 /tmp/ccdJHlpv.ltrans0.ltrans.o
 .ARM.attributes
                0x0000004e       0x31 /tmp/ccdJHlpv.ltrans1.ltrans.o
 .ARM.attributes
                0x0000007f       0x31 /tmp/ccdJHlpv.ltrans2.ltrans.o
 .ARM.attributes
                0x000000b0       0x31 /tmp/ccdJHlpv.ltrans3.ltrans.o
 .ARM.attributes
                0x000000e1       0x31 /tmp/ccdJHlpv.ltrans4.ltrans.o
 .ARM.attributes
                0x00000112       0x31 /tmp/ccdJHlpv.ltrans5.ltrans.o
 .ARM.attributes
                0x00000143       0x31 /tmp/ccdJHlpv.ltrans6.ltrans.o
 .ARM.attributes
                0x00000174       0x31 /tmp/ccdJHlpv.ltrans7.ltrans.o
 .ARM.attributes
                0x000001a5       0x31 /tmp/ccdJHlpv.ltrans8.ltrans.o
 .ARM.attributes
                0x000001d6       0x31 /tmp/ccdJHlpv.ltrans9.ltrans.o
 .ARM.attributes
                0x00000207       0x1d /home/laurence/ARM-GCC/bin/../lib/gcc/arm-none-eabi/4.7.4/armv7-m/libgcc.a(_arm_addsubdf3.o)
 .ARM.attributes
                0x00000224       0x1d /home/laurence/ARM-GCC/bin/../lib/gcc/arm-none-eabi/4.7.4/armv7-m/libgcc.a(_arm_muldivdf3.o)
 .ARM.attributes
                0x00000241       0x1d /home/laurence/ARM-GCC/bin/../lib/gcc/arm-none-eabi/4.7.4/armv7-m/libgcc.a(_arm_cmpdf2.o)
 .ARM.attributes
                0x0000025e       0x1d /home/laurence/ARM-GCC/bin/../lib/gcc/arm-none-eabi/4.7.4/armv7-m/libgcc.a(_arm_fixunsdfsi.o)
 .ARM.attributes
                0x0000027b       0x1d /home/laurence/ARM-GCC/bin/../lib/gcc/arm-none-eabi/4.7.4/armv7-m/libgcc.a(_arm_truncdfsf2.o)
 .ARM.attributes
                0x00000298       0x1d /home/laurence/ARM-GCC/bin/../lib/gcc/arm-none-eabi/4.7.4/armv7-m/libgcc.a(_arm_addsubsf3.o)
 .ARM.attributes
                0x000002b5       0x1d /home/laurence/ARM-GCC/bin/../lib/gcc/arm-none-eabi/4.7.4/armv7-m/libgcc.a(_arm_muldivsf3.o)
 .ARM.attributes
                0x000002d2       0x1d /home/laurence/ARM-GCC/bin/../lib/gcc/arm-none-eabi/4.7.4/armv7-m/libgcc.a(_arm_cmpsf2.o)
 .ARM.attributes
                0x000002ef       0x1d /home/laurence/ARM-GCC/bin/../lib/gcc/arm-none-eabi/4.7.4/armv7-m/libgcc.a(_arm_fixunssfsi.o)
 .ARM.attributes
                0x0000030c       0x2d /home/laurence/ARM-GCC/bin/../lib/gcc/arm-none-eabi/4.7.4/../../../../arm-none-eabi/lib/armv7-m/libc.a(lib_a-malloc.o)
 .ARM.attributes
                0x00000339       0x2d /home/laurence/ARM-GCC/bin/../lib/gcc/arm-none-eabi/4.7.4/../../../../arm-none-eabi/lib/armv7-m/libc.a(lib_a-mallocr.o)
 .ARM.attributes
                0x00000366       0x2d /home/laurence/ARM-GCC/bin/../lib/gcc/arm-none-eabi/4.7.4/../../../../arm-none-eabi/lib/armv7-m/libc.a(lib_a-memcmp.o)
 .ARM.attributes
                0x00000393       0x2d /home/laurence/ARM-GCC/bin/../lib/gcc/arm-none-eabi/4.7.4/../../../../arm-none-eabi/lib/armv7-m/libc.a(lib_a-memcpy.o)
 .ARM.attributes
                0x000003c0       0x2d /home/laurence/ARM-GCC/bin/../lib/gcc/arm-none-eabi/4.7.4/../../../../arm-none-eabi/lib/armv7-m/libc.a(lib_a-mlock.o)
 .ARM.attributes
                0x000003ed       0x2d /home/laurence/ARM-GCC/bin/../lib/gcc/arm-none-eabi/4.7.4/../../../../arm-none-eabi/lib/armv7-m/libc.a(lib_a-sbrkr.o)
 .ARM.attributes
                0x0000041a       0x2d /home/laurence/ARM-GCC/bin/../lib/gcc/arm-none-eabi/4.7.4/../../../../arm-none-eabi/lib/armv7-m/libc.a(lib_a-strcat.o)
 .ARM.attributes
                0x00000447       0x2d /home/laurence/ARM-GCC/bin/../lib/gcc/arm-none-eabi/4.7.4/../../../../arm-none-eabi/lib/armv7-m/libc.a(lib_a-strchr.o)
 .ARM.attributes
                0x00000474       0x2d /home/laurence/ARM-GCC/bin/../lib/gcc/arm-none-eabi/4.7.4/../../../../arm-none-eabi/lib/armv7-m/libc.a(lib_a-strcpy.o)
 .ARM.attributes
                0x000004a1       0x2d /home/laurence/ARM-GCC/bin/../lib/gcc/arm-none-eabi/4.7.4/../../../../arm-none-eabi/lib/armv7-m/libc.a(lib_a-strlen.o)
 .ARM.attributes
                0x000004ce       0x2d /home/laurence/ARM-GCC/bin/../lib/gcc/arm-none-eabi/4.7.4/../../../../arm-none-eabi/lib/armv7-m/libc.a(lib_a-strncmp.o)
 .ARM.attributes
                0x000004fb       0x2d /home/laurence/ARM-GCC/bin/../lib/gcc/arm-none-eabi/4.7.4/../../../../arm-none-eabi/lib/armv7-m/libc.a(lib_a-strncpy.o)
 .ARM.attributes
                0x00000528       0x2d /home/laurence/ARM-GCC/bin/../lib/gcc/arm-none-eabi/4.7.4/../../../../arm-none-eabi/lib/armv7-m/libc.a(lib_a-freer.o)
 .ARM.attributes
                0x00000555       0x2d /home/laurence/ARM-GCC/bin/../lib/gcc/arm-none-eabi/4.7.4/../../../../arm-none-eabi/lib/armv7-m/libc.a(lib_a-reent.o)
 .ARM.attributes
                0x00000582       0x21 lib/CMSIS_CM3/startup/gcc/startup_stm32f10x_md.o
 .ARM.attributes
                0x000005a3       0x33 lib/STM32F10x_StdPeriph_Driver/libstm32fw.a(misc.o)
 .ARM.attributes
                0x000005d6       0x33 lib/STM32F10x_StdPeriph_Driver/libstm32fw.a(stm32f10x_adc.o)
 .ARM.attributes
                0x00000609       0x33 lib/STM32F10x_StdPeriph_Driver/libstm32fw.a(stm32f10x_bkp.o)
 .ARM.attributes
                0x0000063c       0x33 lib/STM32F10x_StdPeriph_Driver/libstm32fw.a(stm32f10x_dbgmcu.o)
 .ARM.attributes