Archive member included because of file (symbol)

lib/STM32F10x_StdPeriph_Driver/libstm32fw.a(misc.o)
                              interrupts.o (symbol from plugin) (NVIC_PriorityGroupConfig)
lib/STM32F10x_StdPeriph_Driver/libstm32fw.a(stm32f10x_adc.o)
                              adc.o (symbol from plugin) (ADC_DeInit)
lib/STM32F10x_StdPeriph_Driver/libstm32fw.a(stm32f10x_bkp.o)
                              Util/fat_fs/src/rtc.o (symbol from plugin) (BKP_DeInit)
lib/STM32F10x_StdPeriph_Driver/libstm32fw.a(stm32f10x_dbgmcu.o)
                              main.o (symbol from plugin) (DBGMCU_Config)
lib/STM32F10x_StdPeriph_Driver/libstm32fw.a(stm32f10x_dma.o)
                              Silabs/si446x.o (symbol from plugin) (DMA_DeInit)
lib/STM32F10x_StdPeriph_Driver/libstm32fw.a(stm32f10x_exti.o)
                              Silabs/si446x.o (symbol from plugin) (EXTI_DeInit)
lib/STM32F10x_StdPeriph_Driver/libstm32fw.a(stm32f10x_gpio.o)
                              Silabs/si446x.o (symbol from plugin) (GPIO_Init)
lib/STM32F10x_StdPeriph_Driver/libstm32fw.a(stm32f10x_i2c.o)
                              i2c_int.o (symbol from plugin) (I2C_DeInit)
lib/STM32F10x_StdPeriph_Driver/libstm32fw.a(stm32f10x_iwdg.o)
                              watchdog.o (symbol from plugin) (IWDG_WriteAccessCmd)
lib/STM32F10x_StdPeriph_Driver/libstm32fw.a(stm32f10x_pwr.o)
                              pwr.o (symbol from plugin) (PWR_DeInit)
lib/STM32F10x_StdPeriph_Driver/libstm32fw.a(stm32f10x_rcc.o)
                              interrupts.o (symbol from plugin) (RCC_HCLKConfig)
lib/STM32F10x_StdPeriph_Driver/libstm32fw.a(stm32f10x_rtc.o)
                              Util/fat_fs/src/rtc.o (symbol from plugin) (RTC_GetCounter)
lib/STM32F10x_StdPeriph_Driver/libstm32fw.a(stm32f10x_spi.o)
                              Util/fat_fs/src/sd_spi_stm32.o (symbol from plugin) (SPI_I2S_DeInit)
lib/STM32F10x_StdPeriph_Driver/libstm32fw.a(stm32f10x_tim.o)
                              pwm.o (symbol from plugin) (TIM_TimeBaseInit)
lib/STM32F10x_StdPeriph_Driver/libstm32fw.a(stm32f10x_usart.o)
                              usart.o (symbol from plugin) (USART_DeInit)
lib/STM32_USB-FS-Device_Driver/libstm32usb.a(usb_core.o)
                              Util/USB/usb_prop.o (symbol from plugin) (Standard_GetDescriptorData)
lib/STM32_USB-FS-Device_Driver/libstm32usb.a(usb_init.o)
                              main.o (symbol from plugin) (USB_Init)
lib/STM32_USB-FS-Device_Driver/libstm32usb.a(usb_int.o)
                              Util/USB/usb_istr.o (symbol from plugin) (CTR_LP)
lib/STM32_USB-FS-Device_Driver/libstm32usb.a(usb_mem.o)
                              lib/STM32_USB-FS-Device_Driver/libstm32usb.a(usb_core.o) (UserToPMABufferCopy)
lib/STM32_USB-FS-Device_Driver/libstm32usb.a(usb_regs.o)
                              Util/USB/usb_prop.o (symbol from plugin) (SetBTABLE)
lib/STM32_USB-FS-Device_Driver/libstm32usb.a(usb_sil.o)
                              Util/USB/usb_prop.o (symbol from plugin) (USB_SIL_Init)
/home/laurence/ARM-GCC/bin/../lib/gcc/arm-none-eabi/4.7.4/../../../../arm-none-eabi/lib/armv7-m/libc.a(lib_a-__atexit.o)
                              /home/laurence/ARM-GCC/bin/../lib/gcc/arm-none-eabi/4.7.4/../../../../arm-none-eabi/lib/armv7-m/crt0.o (__register_exitproc)
/home/laurence/ARM-GCC/bin/../lib/gcc/arm-none-eabi/4.7.4/../../../../arm-none-eabi/lib/armv7-m/libc.a(lib_a-exit.o)
                              /home/laurence/ARM-GCC/bin/../lib/gcc/arm-none-eabi/4.7.4/../../../../arm-none-eabi/lib/armv7-m/crt0.o (exit)
/home/laurence/ARM-GCC/bin/../lib/gcc/arm-none-eabi/4.7.4/../../../../arm-none-eabi/lib/armv7-m/libc.a(lib_a-fini.o)
                              /home/laurence/ARM-GCC/bin/../lib/gcc/arm-none-eabi/4.7.4/../../../../arm-none-eabi/lib/armv7-m/crt0.o (__libc_fini_array)
/home/laurence/ARM-GCC/bin/../lib/gcc/arm-none-eabi/4.7.4/../../../../arm-none-eabi/lib/armv7-m/libc.a(lib_a-impure.o)
                              /home/laurence/ARM-GCC/bin/../lib/gcc/arm-none-eabi/4.7.4/../../../../arm-none-eabi/lib/armv7-m/libc.a(lib_a-__atexit.o) (_global_impure_ptr)
/home/laurence/ARM-GCC/bin/../lib/gcc/arm-none-eabi/4.7.4/../../../../arm-none-eabi/lib/armv7-m/libc.a(lib_a-init.o)
                              /home/laurence/ARM-GCC/bin/../lib/gcc/arm-none-eabi/4.7.4/../../../../arm-none-eabi/lib/armv7-m/crt0.o (__libc_init_array)
/home/laurence/ARM-GCC/bin/../lib/gcc/arm-none-eabi/4.7.4/../../../../arm-none-eabi/lib/armv7-m/libc.a(lib_a-memset.o)
                              /home/laurence/ARM-GCC/bin/../lib/gcc/arm-none-eabi/4.7.4/../../../../arm-none-eabi/lib/armv7-m/crt0.o (memset)
/home/laurence/ARM-GCC/bin/../lib/gcc/arm-none-eabi/4.7.4/../../../../arm-none-eabi/lib/armv7-m/libc.a(lib_a-__call_atexit.o)
                              /home/laurence/ARM-GCC/bin/../lib/gcc/arm-none-eabi/4.7.4/../../../../arm-none-eabi/lib/armv7-m/libc.a(lib_a-exit.o) (__call_exitprocs)
[...]
Memory Configuration

Name             Origin             Length             Attributes
RAM              0x20000000         0x00005000         xrw
FLASH            0x08000000         0x00020000         xr
FLASHB1          0x00000000         0x00000000         xr
EXTMEMB0         0x00000000         0x00000000         xr
EXTMEMB1         0x00000000         0x00000000         xr
EXTMEMB2         0x00000000         0x00000000         xr
EXTMEMB3         0x00000000         0x00000000         xr
STARTFLASH       0x00000000         0xffffffff
CRPPATCH         0x00000000         0xffffffff
FLASHPATCH       0x00000000         0xffffffff
ENDFLASH         0x00000000         0xffffffff
*default*        0x00000000         0xffffffff

Linker script and memory map

LOAD /home/laurence/ARM-GCC/bin/../lib/gcc/arm-none-eabi/4.7.4/armv7-m/crti.o
LOAD /home/laurence/ARM-GCC/bin/../lib/gcc/arm-none-eabi/4.7.4/armv7-m/crtbegin.o
LOAD /home/laurence/ARM-GCC/bin/../lib/gcc/arm-none-eabi/4.7.4/../../../../arm-none-eabi/lib/armv7-m/crt0.o
LOAD Silabs/si446x.o
LOAD /tmp/cc1rSUJY.ltrans0.ltrans.o
LOAD /tmp/cc1rSUJY.ltrans1.ltrans.o
LOAD /tmp/cc1rSUJY.ltrans2.ltrans.o
LOAD /tmp/cc1rSUJY.ltrans3.ltrans.o
LOAD /tmp/cc1rSUJY.ltrans4.ltrans.o
LOAD /tmp/cc1rSUJY.ltrans5.ltrans.o
LOAD /tmp/cc1rSUJY.ltrans6.ltrans.o
LOAD /tmp/cc1rSUJY.ltrans7.ltrans.o
LOAD /tmp/cc1rSUJY.ltrans8.ltrans.o
LOAD /home/laurence/ARM-GCC/bin/../lib/gcc/arm-none-eabi/4.7.4/armv7-m/libgcc.a
LOAD /home/laurence/ARM-GCC/bin/../lib/gcc/arm-none-eabi/4.7.4/../../../../arm-none-eabi/lib/armv7-m/libc.a
LOAD Ublox/ubx.o
LOAD Util/USB/hw_config.o
LOAD Util/USB/mass_mal.o
LOAD Util/USB/memory.o
LOAD Util/USB/scsi_data.o
LOAD Util/USB/usb_bot.o
LOAD Util/USB/usb_desc.o
LOAD Util/USB/usb_endp.o
LOAD Util/USB/usb_istr.o
LOAD Util/USB/usb_prop.o
LOAD Util/USB/usb_pwr.o
LOAD Util/USB/usb_scsi.o
LOAD Util/buffer.o
LOAD Util/crc.o
LOAD Util/delay.o
LOAD Util/fat_fs/option/ccsbcs.o
LOAD Util/fat_fs/src/fattime.o
LOAD Util/fat_fs/src/ff.o
LOAD Util/fat_fs/src/rtc.o
LOAD Util/fat_fs/src/sd_spi_stm32.o
LOAD Util/polygon.o
LOAD Util/rprintf.o
LOAD Util/wave.o
LOAD adc.o
LOAD dma.o
LOAD gpio.o
LOAD i2c_int.o
LOAD interrupts.o
LOAD lib/CMSIS_CM3/core_cm3.o
LOAD lib/CMSIS_CM3/startup/gcc/startup_stm32f10x_md.o
LOAD lib/CMSIS_CM3/system_stm32f10x.o
LOAD main.o
LOAD pwm.o
LOAD pwr.o
LOAD usart.o
LOAD watchdog.o
LOAD lib/STM32F10x_StdPeriph_Driver/libstm32fw.a
LOAD lib/STM32_USB-FS-Device_Driver/libstm32usb.a
LOAD /home/laurence/ARM-GCC/bin/../lib/gcc/arm-none-eabi/4.7.4/../../../../arm-none-eabi/lib/armv7-m/libm.a
LOAD /home/laurence/ARM-GCC/bin/../lib/gcc/arm-none-eabi/4.7.4/../../../../arm-none-eabi/lib/armv7-m/libnosys.a
START GROUP
LOAD /home/laurence/ARM-GCC/bin/../lib/gcc/arm-none-eabi/4.7.4/armv7-m/libgcc.a
LOAD /home/laurence/ARM-GCC/bin/../lib/gcc/arm-none-eabi/4.7.4/../../../../arm-none-eabi/lib/armv7-m/libc.a
END GROUP
LOAD /home/laurence/ARM-GCC/bin/../lib/gcc/arm-none-eabi/4.7.4/armv7-m/crtend.o
LOAD /home/laurence/ARM-GCC/bin/../lib/gcc/arm-none-eabi/4.7.4/armv7-m/crtn.o
                0x00002000                __Stack_Size = 0x2000
                0x00002000                PROVIDE (_Stack_Size, __Stack_Size)
                0x20003000                __Stack_Init = (_estack - __Stack_Size)
                0x20003000                PROVIDE (_Stack_Init, __Stack_Init)
                0x00002000                _Minimum_Stack_Size = 0x2000
                0x00000000                PROVIDE (Undefined_Handler, 0x0)
                0x00000000                PROVIDE (SWI_Handler, 0x0)
                0x00000000                PROVIDE (IRQ_Handler, 0x0)
                0x00000000                PROVIDE (Prefetch_Handler, 0x0)
                0x00000000                PROVIDE (Abort_Handler, 0x0)
                0x00000000                PROVIDE (FIQ_Handler, 0x0)
                0x00000000                PROVIDE (NMIException, 0x0)
                0x00000000                PROVIDE (NMI_Handler, 0x0)
                0x00000000                PROVIDE (HardFaultException, 0x0)
                0x00000000                PROVIDE (HardFault_Handler, 0x0)
                0x00000000                PROVIDE (MemManageException, 0x0)
                0x00000000                PROVIDE (MemManage_Handler, 0x0)
                0x00000000                PROVIDE (BusFaultException, 0x0)
                0x00000000                PROVIDE (BusFault_Handler, 0x0)
                0x00000000                PROVIDE (UsageFaultException, 0x0)
                0x00000000                PROVIDE (UsageFault_Handler, 0x0)
                0x00000000                PROVIDE (SVCHandler, 0x0)
                0x00000000                PROVIDE (SVC_Handler, 0x0)
                0x00000000                PROVIDE (DebugMonitor, 0x0)
                0x00000000                PROVIDE (DebugMon_Handler, 0x0)
                0x00000000                PROVIDE (PendSVC, 0x0)
                0x00000000                PROVIDE (PendSV_Handler, 0x0)
                0x00000000                PROVIDE (SysTickHandler, 0x0)
                0x00000000                PROVIDE (SysTick_Handler, 0x0)
                0x00000000                PROVIDE (WWDG_IRQHandler, 0x0)
                0x00000000                PROVIDE (PVD_IRQHandler, 0x0)
                0x00000000                PROVIDE (TAMPER_IRQHandler, 0x0)
                0x00000000                PROVIDE (RTC_IRQHandler, 0x0)
                0x00000000                PROVIDE (FLASH_IRQHandler, 0x0)
                0x00000000                PROVIDE (RCC_IRQHandler, 0x0)
                0x00000000                PROVIDE (EXTI0_IRQHandler, 0x0)
                0x00000000                PROVIDE (EXTI1_IRQHandler, 0x0)
                0x00000000                PROVIDE (EXTI2_IRQHandler, 0x0)
                0x00000000                PROVIDE (EXTI3_IRQHandler, 0x0)
                0x00000000                PROVIDE (EXTI4_IRQHandler, 0x0)
                0x00000000                PROVIDE (DMAChannel1_IRQHandler, 0x0)
                0x00000000                PROVIDE (DMAChannel2_IRQHandler, 0x0)
                0x00000000                PROVIDE (DMAChannel3_IRQHandler, 0x0)
                0x00000000                PROVIDE (DMAChannel4_IRQHandler, 0x0)
                0x00000000                PROVIDE (DMAChannel5_IRQHandler, 0x0)
                0x00000000                PROVIDE (DMAChannel6_IRQHandler, 0x0)
                0x00000000                PROVIDE (DMAChannel7_IRQHandler, 0x0)
                0x00000000                PROVIDE (DMA1_Channel1_IRQHandler, 0x0)
                0x00000000                PROVIDE (DMA1_Channel2_IRQHandler, 0x0)
                0x00000000                PROVIDE (DMA1_Channel3_IRQHandler, 0x0)
                0x00000000                PROVIDE (DMA1_Channel4_IRQHandler, 0x0)
                0x00000000                PROVIDE (DMA1_Channel5_IRQHandler, 0x0)
                0x00000000                PROVIDE (DMA1_Channel6_IRQHandler, 0x0)
                0x00000000                PROVIDE (DMA1_Channel7_IRQHandler, 0x0)
                0x00000000                PROVIDE (ADC_IRQHandler, 0x0)
                0x00000000                PROVIDE (ADC1_2_IRQHandler, 0x0)
                0x00000000                PROVIDE (USB_HP_CAN_TX_IRQHandler, 0x0)
                0x00000000                PROVIDE (USB_HP_CAN1_TX_IRQHandler, 0x0)
                0x00000000                PROVIDE (USB_LP_CAN_RX0_IRQHandler, 0x0)
                0x00000000                PROVIDE (USB_LP_CAN1_RX0_IRQHandler, 0x0)
                0x00000000                PROVIDE (CAN_RX1_IRQHandler, 0x0)
                0x00000000                PROVIDE (CAN1_RX1_IRQHandler, 0x0)
                0x00000000                PROVIDE (CAN_SCE_IRQHandler, 0x0)
                0x00000000                PROVIDE (CAN1_SCE_IRQHandler, 0x0)
                0x00000000                PROVIDE (EXTI9_5_IRQHandler, 0x0)
                0x00000000                PROVIDE (TIM1_BRK_IRQHandler, 0x0)
                0x00000000                PROVIDE (TIM1_UP_IRQHandler, 0x0)
                0x00000000                PROVIDE (TIM1_TRG_COM_IRQHandler, 0x0)
                0x00000000                PROVIDE (TIM1_CC_IRQHandler, 0x0)
                0x00000000                PROVIDE (TIM2_IRQHandler, 0x0)
                0x00000000                PROVIDE (TIM3_IRQHandler, 0x0)
                0x00000000                PROVIDE (TIM4_IRQHandler, 0x0)
                0x00000000                PROVIDE (I2C1_EV_IRQHandler, 0x0)
                0x00000000                PROVIDE (I2C1_ER_IRQHandler, 0x0)
                0x00000000                PROVIDE (I2C2_EV_IRQHandler, 0x0)
                0x00000000                PROVIDE (I2C2_ER_IRQHandler, 0x0)
                0x00000000                PROVIDE (SPI1_IRQHandler, 0x0)
                0x00000000                PROVIDE (SPI2_IRQHandler, 0x0)
                0x00000000                PROVIDE (USART1_IRQHandler, 0x0)
                0x00000000                PROVIDE (USART2_IRQHandler, 0x0)
                0x00000000                PROVIDE (USART3_IRQHandler, 0x0)
                0x00000000                PROVIDE (EXTI15_10_IRQHandler, 0x0)
                0x00000000                PROVIDE (RTCAlarm_IRQHandler, 0x0)
                0x00000000                PROVIDE (USBWakeUp_IRQHandler, 0x0)
                0x00000000                PROVIDE (TIM8_BRK_IRQHandler, 0x0)
                0x00000000                PROVIDE (TIM8_UP_IRQHandler, 0x0)
                0x00000000                PROVIDE (TIM8_TRG_COM_IRQHandler, 0x0)
                0x00000000                PROVIDE (TIM8_CC_IRQHandler, 0x0)
                0x00000000                PROVIDE (ADC3_IRQHandler, 0x0)
                0x00000000                PROVIDE (FSMC_IRQHandler, 0x0)
                0x00000000                PROVIDE (SDIO_IRQHandler, 0x0)
                0x00000000                PROVIDE (TIM5_IRQHandler, 0x0)
                0x00000000                PROVIDE (SPI3_IRQHandler, 0x0)
                0x00000000                PROVIDE (UART4_IRQHandler, 0x0)
                0x00000000                PROVIDE (UART5_IRQHandler, 0x0)
                0x00000000                PROVIDE (TIM6_IRQHandler, 0x0)
                0x00000000                PROVIDE (TIM7_IRQHandler, 0x0)
                0x00000000                PROVIDE (DMA2_Channel1_IRQHandler, 0x0)
                0x00000000                PROVIDE (DMA2_Channel2_IRQHandler, 0x0)
                0x00000000                PROVIDE (DMA2_Channel3_IRQHandler, 0x0)
                0x00000000                PROVIDE (DMA2_Channel4_5_IRQHandler, 0x0)
                0x42000000                PERIPH_BB_BASE = 0x42000000
                0x22000000                SRAM_BB_BASE = 0x22000000
                0x20000000                SRAM_BASE = 0x20000000
                0x40000000                PERIPH_BASE = 0x40000000
                0x40022000                PROVIDE (FLASH_BASE, 0x40022000)
                0x1ffff800                PROVIDE (OB_BASE, 0x1ffff800)
                0x40000000                APB1PERIPH_BASE = PERIPH_BASE
                0x40010000                APB2PERIPH_BASE = (PERIPH_BASE + 0x10000)
                0x40020000                AHBPERIPH_BASE = (PERIPH_BASE + 0x20000)
                0x40000000                PROVIDE (TIM2, (APB1PERIPH_BASE + 0x0))
                0x40000400                PROVIDE (TIM3, (APB1PERIPH_BASE + 0x400))
                0x40000800                PROVIDE (TIM4, (APB1PERIPH_BASE + 0x800))
                0x40002800                PROVIDE (RTC, (APB1PERIPH_BASE + 0x2800))
                0x40002c00                PROVIDE (WWDG, (APB1PERIPH_BASE + 0x2c00))
                0x40003000                PROVIDE (IWDG, (APB1PERIPH_BASE + 0x3000))
                0x40003800                PROVIDE (SPI2, (APB1PERIPH_BASE + 0x3800))
                0x40004400                PROVIDE (USART2, (APB1PERIPH_BASE + 0x4400))
                0x40004800                PROVIDE (USART3, (APB1PERIPH_BASE + 0x4800))
                0x40005400                PROVIDE (I2C1, (APB1PERIPH_BASE + 0x5400))
                0x40005800                PROVIDE (I2C2, (APB1PERIPH_BASE + 0x5800))
                0x40006400                PROVIDE (CAN, (APB1PERIPH_BASE + 0x6400))
                0x40006c00                PROVIDE (BKP, (APB1PERIPH_BASE + 0x6c00))
                0x40007000                PROVIDE (PWR, (APB1PERIPH_BASE + 0x7000))
                0x40010000                PROVIDE (AFIO, (APB2PERIPH_BASE + 0x0))
                0x40010400                PROVIDE (EXTI, (APB2PERIPH_BASE + 0x400))
                0x40010800                PROVIDE (GPIOA, (APB2PERIPH_BASE + 0x800))
                0x40010c00                PROVIDE (GPIOB, (APB2PERIPH_BASE + 0xc00))
                0x40011000                PROVIDE (GPIOC, (APB2PERIPH_BASE + 0x1000))
                0x40011400                PROVIDE (GPIOD, (APB2PERIPH_BASE + 0x1400))
                0x40011800                PROVIDE (GPIOE, (APB2PERIPH_BASE + 0x1800))
                0x40012400                PROVIDE (ADC1, (APB2PERIPH_BASE + 0x2400))
                0x40012800                PROVIDE (ADC2, (APB2PERIPH_BASE + 0x2800))
                0x40012c00                PROVIDE (TIM1, (APB2PERIPH_BASE + 0x2c00))
                0x40013000                PROVIDE (SPI1, (APB2PERIPH_BASE + 0x3000))
                0x40013800                PROVIDE (USART1, (APB2PERIPH_BASE + 0x3800))
                0x40020000                PROVIDE (DMA, (AHBPERIPH_BASE + 0x0))
                0x40020008                PROVIDE (DMA_Channel1, (AHBPERIPH_BASE + 0x8))
                0x4002001c                PROVIDE (DMA_Channel2, (AHBPERIPH_BASE + 0x1c))
                0x40020030                PROVIDE (DMA_Channel3, (AHBPERIPH_BASE + 0x30))
                0x40020044                PROVIDE (DMA_Channel4, (AHBPERIPH_BASE + 0x44))
                0x40020058                PROVIDE (DMA_Channel5, (AHBPERIPH_BASE + 0x58))
                0x4002006c                PROVIDE (DMA_Channel6, (AHBPERIPH_BASE + 0x6c))
                0x40020080                PROVIDE (DMA_Channel7, (AHBPERIPH_BASE + 0x80))
                0x40021000                PROVIDE (RCC, (AHBPERIPH_BASE + 0x1000))
                0xe000e000                SCS_BASE = 0xe000e000
                0xe000e010                PROVIDE (SysTick, (SCS_BASE + 0x10))
                0xe000e100                PROVIDE (NVIC, (SCS_BASE + 0x100))
                0xe000ed00                PROVIDE (SCB, (SCS_BASE + 0xd00))
                0x20005000                PROVIDE (_estack, (ORIGIN (RAM) + 0x5000))

.isr_vector     0x08000000      0x10c
                0x08000000                . = ALIGN (0x4)
 *(.isr_vector)
 .isr_vector    0x08000000      0x10c lib/CMSIS_CM3/startup/gcc/startup_stm32f10x_md.o
                0x08000000                g_pfnVectors
                0x0800010c                . = ALIGN (0x4)

.flash_start    0x00000000        0x0
                0x00000000                . = ALIGN (0x4)
 *(.flash_start)
 *(.flash_start.*)
                0x00000000                . = ALIGN (0x4)

.crp_patch      0x00000000        0x0
                0x00000000                . = ALIGN (0x4)
 *(.crp_patch)
                0x00000000                . = ALIGN (0x4)

.flashtext      0x0800010c        0x0
                0x0800010c                . = ALIGN (0x4)
 *(.flashtext)
                0x0800010c                . = ALIGN (0x4)

.text           0x08000110     0xb418
                0x08000110                . = ALIGN (0x4)
 *(.text)
 .text          0x08000110      0x370 /home/laurence/ARM-GCC/bin/../lib/gcc/arm-none-eabi/4.7.4/armv7-m/libgcc.a(_arm_addsubdf3.o)
                0x08000110                __aeabi_drsub
                0x08000118                __aeabi_dsub
                0x08000118                __subdf3
                0x0800011c                __adddf3
                0x0800011c                __aeabi_dadd
                0x08000394                __aeabi_ui2d
                0x08000394                __floatunsidf
                0x080003b4                __floatsidf
                0x080003b4                __aeabi_i2d
                0x080003d8                __extendsfdf2
                0x080003d8                __aeabi_f2d
                0x08000414                __aeabi_ul2d
                0x08000414                __floatundidf
                0x08000424                __floatdidf
                0x08000424                __aeabi_l2d
 .text          0x08000480      0x424 /home/laurence/ARM-GCC/bin/../lib/gcc/arm-none-eabi/4.7.4/armv7-m/libgcc.a(_arm_muldivdf3.o)
                0x08000480                __aeabi_dmul
                0x08000480                __muldf3
                0x080006d4                __aeabi_ddiv
                0x080006d4                __divdf3
 .text          0x080008a4      0x110 /home/laurence/ARM-GCC/bin/../lib/gcc/arm-none-eabi/4.7.4/armv7-m/libgcc.a(_arm_cmpdf2.o)
                0x080008a4                __gtdf2
                0x080008a4                __gedf2
                0x080008ac                __ltdf2
                0x080008ac                __ledf2
                0x080008b4                __cmpdf2
                0x080008b4                __eqdf2
                0x080008b4                __nedf2
                0x08000930                __aeabi_cdrcmple
                0x08000940                __aeabi_cdcmple
                0x08000940                __aeabi_cdcmpeq
                0x08000950                __aeabi_dcmpeq
                0x08000964                __aeabi_dcmplt
                0x08000978                __aeabi_dcmple
                0x0800098c                __aeabi_dcmpge
                0x080009a0                __aeabi_dcmpgt
 .text          0x080009b4       0x40 /home/laurence/ARM-GCC/bin/../lib/gcc/arm-none-eabi/4.7.4/armv7-m/libgcc.a(_arm_fixunsdfsi.o)
                0x080009b4                __fixunsdfsi
                0x080009b4                __aeabi_d2uiz
 .text          0x080009f4       0xa0 /home/laurence/ARM-GCC/bin/../lib/gcc/arm-none-eabi/4.7.4/armv7-m/libgcc.a(_arm_truncdfsf2.o)
                0x080009f4                __aeabi_d2f
                0x080009f4                __truncdfsf2
 .text          0x08000a94      0x21c /home/laurence/ARM-GCC/bin/../lib/gcc/arm-none-eabi/4.7.4/armv7-m/libgcc.a(_arm_addsubsf3.o)
                0x08000a94                __aeabi_frsub
                0x08000a9c                __subsf3
                0x08000a9c                __aeabi_fsub
                0x08000aa0                __aeabi_fadd
                0x08000aa0                __addsf3
                0x08000c00                __aeabi_ui2f
                0x08000c00                __floatunsisf
                0x08000c08                __aeabi_i2f
                0x08000c08                __floatsisf
                0x08000c24                __floatundisf
                0x08000c24                __aeabi_ul2f
                0x08000c34                __floatdisf
                0x08000c34                __aeabi_l2f
 .text          0x08000cb0      0x2a0 /home/laurence/ARM-GCC/bin/../lib/gcc/arm-none-eabi/4.7.4/armv7-m/libgcc.a(_arm_muldivsf3.o)
                0x08000cb0                __mulsf3
                0x08000cb0                __aeabi_fmul
                0x08000e18                __divsf3
                0x08000e18                __aeabi_fdiv
 .text          0x08000f50       0xec /home/laurence/ARM-GCC/bin/../lib/gcc/arm-none-eabi/4.7.4/armv7-m/libgcc.a(_arm_cmpsf2.o)
                0x08000f50                __gtsf2
                0x08000f50                __gesf2
                0x08000f58                __lesf2
                0x08000f58                __ltsf2
                0x08000f60                __nesf2
                0x08000f60                __eqsf2
                0x08000f60                __cmpsf2
                0x08000fc0                __aeabi_cfrcmple
                0x08000fc8                __aeabi_cfcmple
                0x08000fc8                __aeabi_cfcmpeq
                0x08000fd8                __aeabi_fcmpeq
                0x08000fec                __aeabi_fcmplt
                0x08001000                __aeabi_fcmple
                0x08001014                __aeabi_fcmpge
                0x08001028                __aeabi_fcmpgt
 .text          0x0800103c       0x40 /home/laurence/ARM-GCC/bin/../lib/gcc/arm-none-eabi/4.7.4/armv7-m/libgcc.a(_arm_fixunssfsi.o)
                0x0800103c                __aeabi_f2uiz
                0x0800103c                __fixunssfsi
 *(.text.*)
 *fill*         0x0800107c        0x4 00
 .text.startup.main
                0x08001080     0x19a0 /tmp/cc1rSUJY.ltrans0.ltrans.o
                0x08001080                main
 .text.atoiRamRom.4235
                0x08002a20       0x20 /tmp/cc1rSUJY.ltrans1.ltrans.o
 .text.Resume_Init.4338
                0x08002a40       0x30 /tmp/cc1rSUJY.ltrans1.ltrans.o
 .text.Get_Max_Lun
                0x08002a70       0x18 /tmp/cc1rSUJY.ltrans1.ltrans.o
                0x08002a70                Get_Max_Lun
 .text.MASS_Get_Interface_Setting
                0x08002a88        0xc /tmp/cc1rSUJY.ltrans1.ltrans.o
                0x08002a88                MASS_Get_Interface_Setting
 .text.MASS_Status_Out
                0x08002a94        0x2 /tmp/cc1rSUJY.ltrans1.ltrans.o
                0x08002a94                MASS_Status_Out
 .text.MASS_Status_In
                0x08002a96        0x2 /tmp/cc1rSUJY.ltrans1.ltrans.o
                0x08002a96                MASS_Status_In
 .text.Mass_Storage_SetDeviceAddress
                0x08002a98        0xc /tmp/cc1rSUJY.ltrans1.ltrans.o
                0x08002a98                Mass_Storage_SetDeviceAddress
 .text.IntToUnicode.4377.4383
                0x08002aa4       0x2a /tmp/cc1rSUJY.ltrans1.ltrans.o
 *fill*         0x08002ace        0x2 00
 .text.MASS_init
                0x08002ad0       0x70 /tmp/cc1rSUJY.ltrans1.ltrans.o
                0x08002ad0                MASS_init
 .text.__gps_send_char.4093
                0x08002b40       0x1c /tmp/cc1rSUJY.ltrans1.ltrans.o
 .text.__usart_send_char
                0x08002b5c       0x1c /tmp/cc1rSUJY.ltrans1.ltrans.o
                0x08002b5c                __usart_send_char
 .text.__str_print_char
                0x08002b78       0x2c /tmp/cc1rSUJY.ltrans1.ltrans.o
                0x08002b78                __str_print_char
 .text.stm32_dma_transfer.5603.4217
                0x08002ba4       0xcc /tmp/cc1rSUJY.ltrans1.ltrans.o
 .text.MASS_Reset
                0x08002c70       0xe0 /tmp/cc1rSUJY.ltrans1.ltrans.o
                0x08002c70                MASS_Reset
 .text.Mass_Storage_SetConfiguration
                0x08002d50       0x30 /tmp/cc1rSUJY.ltrans1.ltrans.o
                0x08002d50                Mass_Storage_SetConfiguration
 .text.MASS_NoData_Setup
                0x08002d80       0x4c /tmp/cc1rSUJY.ltrans1.ltrans.o
                0x08002d80                MASS_NoData_Setup
 .text.MASS_GetDeviceDescriptor
                0x08002dcc        0xc /tmp/cc1rSUJY.ltrans1.ltrans.o
                0x08002dcc                MASS_GetDeviceDescriptor
 .text.MASS_GetConfigDescriptor
                0x08002dd8        0xc /tmp/cc1rSUJY.ltrans1.ltrans.o
                0x08002dd8                MASS_GetConfigDescriptor
 .text.MASS_GetStringDescriptor
                0x08002de4       0x20 /tmp/cc1rSUJY.ltrans1.ltrans.o
                0x08002de4                MASS_GetStringDescriptor
 .text.Gps_Process_Byte.constprop.26
                0x08002e04      0x1a4 /tmp/cc1rSUJY.ltrans1.ltrans.o
                0x08002e04                Gps_Process_Byte.constprop.26
 .text.USART2_reconf.constprop.24
                0x08002fa8       0x50 /tmp/cc1rSUJY.ltrans1.ltrans.o
                0x08002fa8                USART2_reconf.constprop.24
 .text.Bytes_In_DMA_Buffer.constprop.3
                0x08002ff8       0x30 /tmp/cc1rSUJY.ltrans1.ltrans.o
                0x08002ff8                Bytes_In_DMA_Buffer.constprop.3
 .text.Gps_Send_Utf8
                0x08003028       0x1a /tmp/cc1rSUJY.ltrans1.ltrans.o
                0x08003028                Gps_Send_Utf8
 .text.Gps_Send_Str
                0x08003042       0x16 /tmp/cc1rSUJY.ltrans1.ltrans.o
                0x08003042                Gps_Send_Str
 .text.Usart_Send_Str
                0x08003058       0x16 /tmp/cc1rSUJY.ltrans1.ltrans.o
                0x08003058                Usart_Send_Str
 *fill*         0x0800306e        0x2 00
 .text.power_on.5590
                0x08003070       0xf0 /tmp/cc1rSUJY.ltrans1.ltrans.o
                0x08003070                power_on.5590
 .text.Timer_GPIO_Enable
                0x08003160       0x24 /tmp/cc1rSUJY.ltrans1.ltrans.o
                0x08003160                Timer_GPIO_Enable
 .text.Timer_GPIO_Disable
                0x08003184       0x24 /tmp/cc1rSUJY.ltrans1.ltrans.o
                0x08003184                Timer_GPIO_Disable
 .text.shutdown
                0x080031a8       0x10 /tmp/cc1rSUJY.ltrans1.ltrans.o
                0x080031a8                shutdown
 .text.I2C1_Request_Job
                0x080031b8       0x58 /tmp/cc1rSUJY.ltrans1.ltrans.o
                0x080031b8                I2C1_Request_Job
 .text.detect_sensors
                0x08003210       0x40 /tmp/cc1rSUJY.ltrans1.ltrans.o
                0x08003210                detect_sensors
 .text.rprintfChar
                0x08003250       0x1c /tmp/cc1rSUJY.ltrans1.ltrans.o
                0x08003250                rprintfChar
 .text.rprintf2RamRom
                0x0800326c      0x404 /tmp/cc1rSUJY.ltrans1.ltrans.o
                0x0800326c                rprintf2RamRom
 .text.stm32_spi_rw.5592
                0x08003670       0x24 /tmp/cc1rSUJY.ltrans1.ltrans.o
                0x08003670                stm32_spi_rw.5592
 .text.rcvr_spi.5595
                0x08003694        0x6 /tmp/cc1rSUJY.ltrans1.ltrans.o
                0x08003694                rcvr_spi.5595
 *fill*         0x0800369a        0x2 00
 .text.release_spi
                0x0800369c       0x18 /tmp/cc1rSUJY.ltrans1.ltrans.o
                0x0800369c                release_spi
 .text.rcvr_datablock
                0x080036b4       0x54 /tmp/cc1rSUJY.ltrans1.ltrans.o
                0x080036b4                rcvr_datablock
 .text.xmit_datablock.part.1.5608
                0x08003708       0x2c /tmp/cc1rSUJY.ltrans1.ltrans.o
                0x08003708                xmit_datablock.part.1.5608
 .text.wait_ready.5597
                0x08003734       0x24 /tmp/cc1rSUJY.ltrans1.ltrans.o
                0x08003734                wait_ready.5597
 .text.send_cmd.5599
                0x08003758       0x90 /tmp/cc1rSUJY.ltrans1.ltrans.o
                0x08003758                send_cmd.5599
 .text.disk_read
                0x080037e8       0xa0 /tmp/cc1rSUJY.ltrans1.ltrans.o
                0x080037e8                disk_read
 .text.Read_Memory
                0x08003888      0x154 /tmp/cc1rSUJY.ltrans1.ltrans.o
                0x08003888                Read_Memory
 .text.check_fs.5252
                0x080039dc       0x88 /tmp/cc1rSUJY.ltrans1.ltrans.o
                0x080039dc                check_fs.5252
 .text.validate.5245
                0x08003a64       0x2c /tmp/cc1rSUJY.ltrans1.ltrans.o
                0x08003a64                validate.5245
 .text.counter_to_struct.5506
                0x08003a90       0xa8 /tmp/cc1rSUJY.ltrans1.ltrans.o
                0x08003a90                counter_to_struct.5506
 .text.isDST.5488
                0x08003b38       0x2a /tmp/cc1rSUJY.ltrans1.ltrans.o
                0x08003b38                isDST.5488
 *fill*         0x08003b62        0x2 00
 .text.rtc_gettime
                0x08003b64       0x74 /tmp/cc1rSUJY.ltrans1.ltrans.o
                0x08003b64                rtc_gettime
 .text.get_fattime
                0x08003bd8       0x40 /tmp/cc1rSUJY.ltrans1.ltrans.o
                0x08003bd8                get_fattime
 .text.clust2sect
                0x08003c18       0x18 /tmp/cc1rSUJY.ltrans1.ltrans.o
                0x08003c18                clust2sect
 .text.mem_cpy.5176
                0x08003c30       0x12 /tmp/cc1rSUJY.ltrans1.ltrans.o
                0x08003c30                mem_cpy.5176
 *fill*         0x08003c42        0x2 00
 .text.ff_convert.part.0.5109
                0x08003c44       0x24 /tmp/cc1rSUJY.ltrans1.ltrans.o
                0x08003c44                ff_convert.part.0.5109
 .text.Delay    0x08003c68       0x1a /tmp/cc1rSUJY.ltrans1.ltrans.o
                0x08003c68                Delay
 *fill*         0x08003c82        0x2 00
 .text.I2C_Config
                0x08003c84      0x138 /tmp/cc1rSUJY.ltrans1.ltrans.o
                0x08003c84                I2C_Config
 .text.Pop_From_Buffer
                0x08003dbc       0x1c /tmp/cc1rSUJY.ltrans1.ltrans.o
                0x08003dbc                Pop_From_Buffer
 .text.Get_UBX_Ack.constprop.25
                0x08003dd8       0xa4 /tmp/cc1rSUJY.ltrans1.ltrans.o
                0x08003dd8                Get_UBX_Ack.constprop.25
 .text.Add_To_Buffer
                0x08003e7c       0x48 /tmp/cc1rSUJY.ltrans1.ltrans.o
                0x08003e7c                Add_To_Buffer
 .text.Bot_Abort.part.2.4595
                0x08003ec4       0x18 /tmp/cc1rSUJY.ltrans1.ltrans.o
                0x08003ec4                Bot_Abort.part.2.4595
 .text.Resume   0x08003edc       0xa4 /tmp/cc1rSUJY.ltrans1.ltrans.o
                0x08003edc                Resume
 .text.Set_CSW  0x08003f80       0x3c /tmp/cc1rSUJY.ltrans1.ltrans.o
                0x08003f80                Set_CSW
 .text.Transfer_Data_Request
                0x08003fbc       0x34 /tmp/cc1rSUJY.ltrans1.ltrans.o
                0x08003fbc                Transfer_Data_Request
 .text.follow_path.5328.4139
                0x08003ff0      0x290 /tmp/cc1rSUJY.ltrans2.ltrans.o
 .text.f_sync   0x08004280      0x180 /tmp/cc1rSUJY.ltrans2.ltrans.o
                0x08004280                f_sync
 .text.f_open   0x08004400      0x3d0 /tmp/cc1rSUJY.ltrans2.ltrans.o
                0x08004400                f_open
 .text.unlikely.f_stat.constprop.12
                0x080047d0      0x13c /tmp/cc1rSUJY.ltrans2.ltrans.o
                0x080047d0                f_stat.constprop.12
 .text.disk_write
                0x0800490c       0xcc /tmp/cc1rSUJY.ltrans3.ltrans.o
                0x0800490c                disk_write
 .text.move_window.5235
                0x080049d8       0x76 /tmp/cc1rSUJY.ltrans3.ltrans.o
                0x080049d8                move_window.5235
 .text.get_fat  0x08004a4e       0xc8 /tmp/cc1rSUJY.ltrans3.ltrans.o
                0x08004a4e                get_fat
 *fill*         0x08004b16        0x2 00
 .text.SCSI_Invalid_Cmd
                0x08004b18       0x3c /tmp/cc1rSUJY.ltrans3.ltrans.o
                0x08004b18                SCSI_Invalid_Cmd
 .text.SCSI_Address_Management
                0x08004b54       0x74 /tmp/cc1rSUJY.ltrans3.ltrans.o
                0x08004b54                SCSI_Address_Management
 .text.SCSI_Read10_Cmd
                0x08004bc8       0x6c /tmp/cc1rSUJY.ltrans3.ltrans.o
                0x08004bc8                SCSI_Read10_Cmd
 .text.EP1_IN_Callback.4078
                0x08004c34       0x5c /tmp/cc1rSUJY.ltrans3.ltrans.o
 .text.si446x_setup
                0x08004c90      0x7e8 /tmp/cc1rSUJY.ltrans3.ltrans.o
                0x08004c90                si446x_setup
 .text.MASS_Data_Setup
                0x08005478       0x38 /tmp/cc1rSUJY.ltrans4.ltrans.o
                0x08005478                MASS_Data_Setup
 .text.Mass_Storage_ClearFeature.4068
                0x080054b0       0x18 /tmp/cc1rSUJY.ltrans4.ltrans.o
 .text.disk_initialize
                0x080054c8      0x148 /tmp/cc1rSUJY.ltrans4.ltrans.o
                0x080054c8                disk_initialize
 .text.chk_mounted.5256
                0x08005610      0x314 /tmp/cc1rSUJY.ltrans4.ltrans.o
                0x08005610                chk_mounted.5256
 .text.MAL_GetStatus
                0x08005924       0xc4 /tmp/cc1rSUJY.ltrans4.ltrans.o
                0x08005924                MAL_GetStatus
 .text.send_string_to_silabs.constprop.30
                0x080059e8       0x24 /tmp/cc1rSUJY.ltrans4.ltrans.o
                0x080059e8                send_string_to_silabs.constprop.30
 .text.si446x_spi_state_machine.constprop.28
                0x08005a0c      0x2a0 /tmp/cc1rSUJY.ltrans4.ltrans.o
                0x08005a0c                si446x_spi_state_machine.constprop.28
 .text.si446x_state_machine
                0x08005cac      0x248 /tmp/cc1rSUJY.ltrans4.ltrans.o
                0x08005cac                si446x_state_machine
 .text.USB_LP_CAN1_RX0_IRQHandler
                0x08005ef4      0x108 /tmp/cc1rSUJY.ltrans5.ltrans.o
                0x08005ef4                USB_LP_CAN1_RX0_IRQHandler
 .text.USB_HP_CAN1_TX_IRQHandler
                0x08005ffc        0x4 /tmp/cc1rSUJY.ltrans5.ltrans.o
                0x08005ffc                USB_HP_CAN1_TX_IRQHandler
 .text.SysTick_Handler
                0x08006000      0x578 /tmp/cc1rSUJY.ltrans5.ltrans.o
                0x08006000                SysTick_Handler
 .text.ADC1_2_IRQHandler
                0x08006578       0x6c /tmp/cc1rSUJY.ltrans5.ltrans.o
                0x08006578                ADC1_2_IRQHandler
 .text.I2C1_ER_IRQHandler
                0x080065e4       0xf0 /tmp/cc1rSUJY.ltrans5.ltrans.o
                0x080065e4                I2C1_ER_IRQHandler
 .text.I2C1_EV_IRQHandler
                0x080066d4      0x4f0 /tmp/cc1rSUJY.ltrans5.ltrans.o
                0x080066d4                I2C1_EV_IRQHandler
 .text.EXTI15_10_IRQHandler
                0x08006bc4       0x40 /tmp/cc1rSUJY.ltrans5.ltrans.o
                0x08006bc4                EXTI15_10_IRQHandler
 .text.DMA1_Channel2_IRQHandler
                0x08006c04       0x40 /tmp/cc1rSUJY.ltrans5.ltrans.o
                0x08006c04                DMA1_Channel2_IRQHandler
 .text.EXTI0_IRQHandler
                0x08006c44       0x34 /tmp/cc1rSUJY.ltrans5.ltrans.o
                0x08006c44                EXTI0_IRQHandler
 .text.USART3_IRQHandler
                0x08006c78       0x7c /tmp/cc1rSUJY.ltrans5.ltrans.o
                0x08006c78                USART3_IRQHandler
 .text.file_preallocation_control.part.0.6653
                0x08006cf4       0x26 /tmp/cc1rSUJY.ltrans5.ltrans.o
                0x08006cf4                file_preallocation_control.part.0.6653
 .text.f_close  0x08006d1a        0xe /tmp/cc1rSUJY.ltrans5.ltrans.o
                0x08006d1a                f_close
 .text.wave_terminate.constprop.6
                0x08006d28       0x78 /tmp/cc1rSUJY.ltrans5.ltrans.o
                0x08006d28                wave_terminate.constprop.6
 .text.EP2_OUT_Callback.4093
                0x08006da0      0x310 /tmp/cc1rSUJY.ltrans6.ltrans.o
 .text.dir_next.5318
                0x080070b0       0xfa /tmp/cc1rSUJY.ltrans6.ltrans.o
                0x080070b0                dir_next.5318
 *fill*         0x080071aa        0x2 00
 .text.dir_find.part.4.5322
                0x080071ac      0x180 /tmp/cc1rSUJY.ltrans6.ltrans.o
                0x080071ac                dir_find.part.4.5322
 .text.unlikely.f_read.constprop.13
                0x0800732c      0x19c /tmp/cc1rSUJY.ltrans6.ltrans.o
                0x0800732c                f_read.constprop.13
 .text.put_fat.4130
                0x080074c8       0xf2 /tmp/cc1rSUJY.ltrans7.ltrans.o
 *fill*         0x080075ba        0x2 00
 .text.SCSI_Write10_Cmd
                0x080075bc      0x144 /tmp/cc1rSUJY.ltrans7.ltrans.o
                0x080075bc                SCSI_Write10_Cmd
 .text.remove_chain.5348
                0x08007700       0x54 /tmp/cc1rSUJY.ltrans7.ltrans.o
                0x08007700                remove_chain.5348
 .text.f_truncate
                0x08007754       0x92 /tmp/cc1rSUJY.ltrans7.ltrans.o
                0x08007754                f_truncate
 .text.create_chain.5314
                0x080077e6       0x9a /tmp/cc1rSUJY.ltrans7.ltrans.o
                0x080077e6                create_chain.5314
 .text.f_lseek  0x08007880      0x140 /tmp/cc1rSUJY.ltrans7.ltrans.o
                0x08007880                f_lseek
 .text.f_write  0x080079c0      0x19a /tmp/cc1rSUJY.ltrans7.ltrans.o
                0x080079c0                f_write
 *fill*         0x08007b5a        0x2 00
 .text.f_puts.constprop.10
                0x08007b5c       0x34 /tmp/cc1rSUJY.ltrans7.ltrans.o
                0x08007b5c                f_puts.constprop.10
 .text.__fat_print_char
                0x08007b90       0x1c /tmp/cc1rSUJY.ltrans7.ltrans.o
                0x08007b90                __fat_print_char
 .text.dir_sdi.5282
                0x08007bac       0x84 /tmp/cc1rSUJY.ltrans7.ltrans.o
                0x08007bac                dir_sdi.5282
 .text.USART1_IRQHandler
                0x08007c30       0x34 /tmp/cc1rSUJY.ltrans8.ltrans.o
                0x08007c30                USART1_IRQHandler
 .text.malloc   0x08007c64       0x10 /home/laurence/ARM-GCC/bin/../lib/gcc/arm-none-eabi/4.7.4/../../../../arm-none-eabi/lib/armv7-m/libc.a(lib_a-malloc.o)
                0x08007c64                malloc
 .text._malloc_r
                0x08007c74      0x530 /home/laurence/ARM-GCC/bin/../lib/gcc/arm-none-eabi/4.7.4/../../../../arm-none-eabi/lib/armv7-m/libc.a(lib_a-mallocr.o)
                0x08007c74                _malloc_r
 .text.memcmp   0x080081a4       0xb8 /home/laurence/ARM-GCC/bin/../lib/gcc/arm-none-eabi/4.7.4/../../../../arm-none-eabi/lib/armv7-m/libc.a(lib_a-memcmp.o)
                0x080081a4                memcmp
 .text.memcpy   0x0800825c      0x15c /home/laurence/ARM-GCC/bin/../lib/gcc/arm-none-eabi/4.7.4/../../../../arm-none-eabi/lib/armv7-m/libc.a(lib_a-memcpy.o)
                0x0800825c                memcpy
 .text.__malloc_lock
                0x080083b8        0x4 /home/laurence/ARM-GCC/bin/../lib/gcc/arm-none-eabi/4.7.4/../../../../arm-none-eabi/lib/armv7-m/libc.a(lib_a-mlock.o)
                0x080083b8                __malloc_lock
 .text.__malloc_unlock
                0x080083bc        0x4 /home/laurence/ARM-GCC/bin/../lib/gcc/arm-none-eabi/4.7.4/../../../../arm-none-eabi/lib/armv7-m/libc.a(lib_a-mlock.o)
                0x080083bc                __malloc_unlock
 .text._sbrk_r  0x080083c0       0x24 /home/laurence/ARM-GCC/bin/../lib/gcc/arm-none-eabi/4.7.4/../../../../arm-none-eabi/lib/armv7-m/libc.a(lib_a-sbrkr.o)
                0x080083c0                _sbrk_r
 .text.strcat   0x080083e4       0x4c /home/laurence/ARM-GCC/bin/../lib/gcc/arm-none-eabi/4.7.4/../../../../arm-none-eabi/lib/armv7-m/libc.a(lib_a-strcat.o)
                0x080083e4                strcat
 .text.strchr   0x08008430       0xfc /home/laurence/ARM-GCC/bin/../lib/gcc/arm-none-eabi/4.7.4/../../../../arm-none-eabi/lib/armv7-m/libc.a(lib_a-strchr.o)
                0x08008430                strchr
 .text.strcpy   0x0800852c       0xbc /home/laurence/ARM-GCC/bin/../lib/gcc/arm-none-eabi/4.7.4/../../../../arm-none-eabi/lib/armv7-m/libc.a(lib_a-strcpy.o)
                0x0800852c                strcpy
 .text.strlen   0x080085e8       0x60 /home/laurence/ARM-GCC/bin/../lib/gcc/arm-none-eabi/4.7.4/../../../../arm-none-eabi/lib/armv7-m/libc.a(lib_a-strlen.o)
                0x080085e8                strlen
 .text.strncmp  0x08008648      0x120 /home/laurence/ARM-GCC/bin/../lib/gcc/arm-none-eabi/4.7.4/../../../../arm-none-eabi/lib/armv7-m/libc.a(lib_a-strncmp.o)
                0x08008648                strncmp
 .text.strncpy  0x08008768      0x10c /home/laurence/ARM-GCC/bin/../lib/gcc/arm-none-eabi/4.7.4/../../../../arm-none-eabi/lib/armv7-m/libc.a(lib_a-strncpy.o)
                0x08008768                strncpy
 .text._malloc_trim_r
                0x08008874       0x98 /home/laurence/ARM-GCC/bin/../lib/gcc/arm-none-eabi/4.7.4/../../../../arm-none-eabi/lib/armv7-m/libc.a(lib_a-freer.o)
                0x08008874                _malloc_trim_r
 .text._free_r  0x0800890c      0x194 /home/laurence/ARM-GCC/bin/../lib/gcc/arm-none-eabi/4.7.4/../../../../arm-none-eabi/lib/armv7-m/libc.a(lib_a-freer.o)
                0x0800890c                _free_r
 .text.Reset_Handler
                0x08008aa0       0x48 lib/CMSIS_CM3/startup/gcc/startup_stm32f10x_md.o
                0x08008aa0                Reset_Handler
 .text.Default_Handler
                0x08008ae8        0x4 lib/CMSIS_CM3/startup/gcc/startup_stm32f10x_md.o
                0x08008ae8                EXTI2_IRQHandler
                0x08008ae8                DebugMon_Handler
                0x08008ae8                TIM1_CC_IRQHandler
                0x08008ae8                HardFault_Handler
                0x08008ae8                PVD_IRQHandler
                0x08008ae8                PendSV_Handler
                0x08008ae8                NMI_Handler
                0x08008ae8                EXTI3_IRQHandler
                0x08008ae8                I2C2_EV_IRQHandler
                0x08008ae8                UsageFault_Handler
                0x08008ae8                SPI1_IRQHandler
                0x08008ae8                TAMPER_IRQHandler
                0x08008ae8                DMA1_Channel4_IRQHandler
                0x08008ae8                RTC_IRQHandler
                0x08008ae8                DMA1_Channel7_IRQHandler
                0x08008ae8                CAN1_RX1_IRQHandler
                0x08008ae8                TIM4_IRQHandler
                0x08008ae8                DMA1_Channel6_IRQHandler
                0x08008ae8                TIM3_IRQHandler
                0x08008ae8                RCC_IRQHandler
                0x08008ae8                TIM1_TRG_COM_IRQHandler
                0x08008ae8                DMA1_Channel1_IRQHandler
                0x08008ae8                Default_Handler
                0x08008ae8                EXTI9_5_IRQHandler
                0x08008ae8                SPI2_IRQHandler
                0x08008ae8                MemManage_Handler
                0x08008ae8                SVC_Handler
                0x08008ae8                DMA1_Channel5_IRQHandler
                0x08008ae8                EXTI4_IRQHandler
                0x08008ae8                DMA1_Channel3_IRQHandler
                0x08008ae8                TIM1_UP_IRQHandler
                0x08008ae8                WWDG_IRQHandler
                0x08008ae8                TIM2_IRQHandler
                0x08008ae8                TIM1_BRK_IRQHandler
                0x08008ae8                EXTI1_IRQHandler
                0x08008ae8                RTCAlarm_IRQHandler
                0x08008ae8                USART2_IRQHandler
                0x08008ae8                I2C2_ER_IRQHandler
                0x08008ae8                CAN1_SCE_IRQHandler
                0x08008ae8                FLASH_IRQHandler
                0x08008ae8                BusFault_Handler
                0x08008ae8                USBWakeUp_IRQHandler
 .text.NVIC_PriorityGroupConfig
                0x08008aec       0x14 lib/STM32F10x_StdPeriph_Driver/libstm32fw.a(misc.o)
                0x08008aec                NVIC_PriorityGroupConfig
 .text.NVIC_Init
                0x08008b00       0x68 lib/STM32F10x_StdPeriph_Driver/libstm32fw.a(misc.o)
                0x08008b00                NVIC_Init
 .text.NVIC_SetVectorTable
                0x08008b68       0x14 lib/STM32F10x_StdPeriph_Driver/libstm32fw.a(misc.o)
                0x08008b68                NVIC_SetVectorTable
 .text.SysTick_CLKSourceConfig
                0x08008b7c       0x18 lib/STM32F10x_StdPeriph_Driver/libstm32fw.a(misc.o)
                0x08008b7c                SysTick_CLKSourceConfig
 .text.ADC_DeInit
                0x08008b94       0x5c lib/STM32F10x_StdPeriph_Driver/libstm32fw.a(stm32f10x_adc.o)
                0x08008b94                ADC_DeInit
 .text.ADC_Init
                0x08008bf0       0x48 lib/STM32F10x_StdPeriph_Driver/libstm32fw.a(stm32f10x_adc.o)
                0x08008bf0                ADC_Init
 .text.ADC_Cmd  0x08008c38       0x12 lib/STM32F10x_StdPeriph_Driver/libstm32fw.a(stm32f10x_adc.o)
                0x08008c38                ADC_Cmd
 .text.ADC_ResetCalibration
                0x08008c4a        0xa lib/STM32F10x_StdPeriph_Driver/libstm32fw.a(stm32f10x_adc.o)
                0x08008c4a                ADC_ResetCalibration
 .text.ADC_GetResetCalibrationStatus
                0x08008c54        0x8 lib/STM32F10x_StdPeriph_Driver/libstm32fw.a(stm32f10x_adc.o)
                0x08008c54                ADC_GetResetCalibrationStatus
 .text.ADC_StartCalibration
                0x08008c5c        0xa lib/STM32F10x_StdPeriph_Driver/libstm32fw.a(stm32f10x_adc.o)
                0x08008c5c                ADC_StartCalibration
 .text.ADC_GetCalibrationStatus
                0x08008c66        0x8 lib/STM32F10x_StdPeriph_Driver/libstm32fw.a(stm32f10x_adc.o)
                0x08008c66                ADC_GetCalibrationStatus
 .text.ADC_SoftwareStartConvCmd
                0x08008c6e       0x12 lib/STM32F10x_StdPeriph_Driver/libstm32fw.a(stm32f10x_adc.o)
                0x08008c6e                ADC_SoftwareStartConvCmd
 .text.ADC_RegularChannelConfig
                0x08008c80       0x9a lib/STM32F10x_StdPeriph_Driver/libstm32fw.a(stm32f10x_adc.o)
                0x08008c80                ADC_RegularChannelConfig
 .text.ADC_GetConversionValue
                0x08008d1a        0x6 lib/STM32F10x_StdPeriph_Driver/libstm32fw.a(stm32f10x_adc.o)
                0x08008d1a                ADC_GetConversionValue
 .text.ADC_ExternalTrigInjectedConvConfig
                0x08008d20        0xc lib/STM32F10x_StdPeriph_Driver/libstm32fw.a(stm32f10x_adc.o)
                0x08008d20                ADC_ExternalTrigInjectedConvConfig
 .text.ADC_SoftwareStartInjectedConvCmd
                0x08008d2c       0x12 lib/STM32F10x_StdPeriph_Driver/libstm32fw.a(stm32f10x_adc.o)
                0x08008d2c                ADC_SoftwareStartInjectedConvCmd
 .text.ADC_InjectedChannelConfig
                0x08008d3e       0x60 lib/STM32F10x_StdPeriph_Driver/libstm32fw.a(stm32f10x_adc.o)
                0x08008d3e                ADC_InjectedChannelConfig
 .text.ADC_InjectedSequencerLengthConfig
                0x08008d9e       0x10 lib/STM32F10x_StdPeriph_Driver/libstm32fw.a(stm32f10x_adc.o)
                0x08008d9e                ADC_InjectedSequencerLengthConfig
 .text.ADC_GetInjectedConversionValue
                0x08008dae       0x1a lib/STM32F10x_StdPeriph_Driver/libstm32fw.a(stm32f10x_adc.o)
                0x08008dae                ADC_GetInjectedConversionValue
 .text.ADC_GetFlagStatus
                0x08008dc8        0xc lib/STM32F10x_StdPeriph_Driver/libstm32fw.a(stm32f10x_adc.o)
                0x08008dc8                ADC_GetFlagStatus
 .text.ADC_ClearFlag
                0x08008dd4        0x6 lib/STM32F10x_StdPeriph_Driver/libstm32fw.a(stm32f10x_adc.o)
                0x08008dd4                ADC_ClearFlag
 .text.ADC_GetITStatus
                0x08008dda       0x16 lib/STM32F10x_StdPeriph_Driver/libstm32fw.a(stm32f10x_adc.o)
                0x08008dda                ADC_GetITStatus
 .text.ADC_ClearITPendingBit
                0x08008df0        0x8 lib/STM32F10x_StdPeriph_Driver/libstm32fw.a(stm32f10x_adc.o)
                0x08008df0                ADC_ClearITPendingBit
 .text.BKP_DeInit
                0x08008df8       0x12 lib/STM32F10x_StdPeriph_Driver/libstm32fw.a(stm32f10x_bkp.o)
                0x08008df8                BKP_DeInit
 *fill*         0x08008e0a        0x2 00
 .text.BKP_RTCOutputConfig
                0x08008e0c       0x18 lib/STM32F10x_StdPeriph_Driver/libstm32fw.a(stm32f10x_bkp.o)
                0x08008e0c                BKP_RTCOutputConfig
 .text.BKP_SetRTCCalibrationValue
                0x08008e24       0x18 lib/STM32F10x_StdPeriph_Driver/libstm32fw.a(stm32f10x_bkp.o)
                0x08008e24                BKP_SetRTCCalibrationValue
 .text.BKP_WriteBackupRegister
                0x08008e3c       0x1c lib/STM32F10x_StdPeriph_Driver/libstm32fw.a(stm32f10x_bkp.o)
                0x08008e3c                BKP_WriteBackupRegister
 .text.BKP_ReadBackupRegister
                0x08008e58       0x20 lib/STM32F10x_StdPeriph_Driver/libstm32fw.a(stm32f10x_bkp.o)
                0x08008e58                BKP_ReadBackupRegister
 .text.DBGMCU_Config
                0x08008e78       0x18 lib/STM32F10x_StdPeriph_Driver/libstm32fw.a(stm32f10x_dbgmcu.o)
                0x08008e78                DBGMCU_Config
 .text.DMA_DeInit
                0x08008e90       0xec lib/STM32F10x_StdPeriph_Driver/libstm32fw.a(stm32f10x_dma.o)
                0x08008e90                DMA_DeInit
 .text.DMA_Init
                0x08008f7c       0x40 lib/STM32F10x_StdPeriph_Driver/libstm32fw.a(stm32f10x_dma.o)
                0x08008f7c                DMA_Init
 .text.DMA_Cmd  0x08008fbc       0x12 lib/STM32F10x_StdPeriph_Driver/libstm32fw.a(stm32f10x_dma.o)
                0x08008fbc                DMA_Cmd
 .text.DMA_ITConfig
                0x08008fce       0x10 lib/STM32F10x_StdPeriph_Driver/libstm32fw.a(stm32f10x_dma.o)
                0x08008fce                DMA_ITConfig
 .text.DMA_GetCurrDataCounter
                0x08008fde        0x6 lib/STM32F10x_StdPeriph_Driver/libstm32fw.a(stm32f10x_dma.o)
                0x08008fde                DMA_GetCurrDataCounter
 .text.DMA_GetFlagStatus
                0x08008fe4       0x1c lib/STM32F10x_StdPeriph_Driver/libstm32fw.a(stm32f10x_dma.o)
                0x08008fe4                DMA_GetFlagStatus
 .text.DMA_ClearFlag
                0x08009000       0x14 lib/STM32F10x_StdPeriph_Driver/libstm32fw.a(stm32f10x_dma.o)
                0x08009000                DMA_ClearFlag
 .text.DMA_GetITStatus
                0x08009014       0x1c lib/STM32F10x_StdPeriph_Driver/libstm32fw.a(stm32f10x_dma.o)
                0x08009014                DMA_GetITStatus
 .text.DMA_ClearITPendingBit
                0x08009030       0x14 lib/STM32F10x_StdPeriph_Driver/libstm32fw.a(stm32f10x_dma.o)
                0x08009030                DMA_ClearITPendingBit
 .text.EXTI_DeInit
                0x08009044       0x1c lib/STM32F10x_StdPeriph_Driver/libstm32fw.a(stm32f10x_exti.o)
                0x08009044                EXTI_DeInit
 .text.EXTI_Init
                0x08009060       0x88 lib/STM32F10x_StdPeriph_Driver/libstm32fw.a(stm32f10x_exti.o)
                0x08009060                EXTI_Init
 .text.EXTI_GenerateSWInterrupt
                0x080090e8       0x10 lib/STM32F10x_StdPeriph_Driver/libstm32fw.a(stm32f10x_exti.o)
                0x080090e8                EXTI_GenerateSWInterrupt
 .text.EXTI_GetITStatus
                0x080090f8       0x20 lib/STM32F10x_StdPeriph_Driver/libstm32fw.a(stm32f10x_exti.o)
                0x080090f8                EXTI_GetITStatus
 .text.EXTI_ClearITPendingBit
                0x08009118        0xc lib/STM32F10x_StdPeriph_Driver/libstm32fw.a(stm32f10x_exti.o)
                0x08009118                EXTI_ClearITPendingBit
 .text.GPIO_Init
                0x08009124       0x9a lib/STM32F10x_StdPeriph_Driver/libstm32fw.a(stm32f10x_gpio.o)
                0x08009124                GPIO_Init
 .text.GPIO_ReadInputDataBit
                0x080091be        0xc lib/STM32F10x_StdPeriph_Driver/libstm32fw.a(stm32f10x_gpio.o)
                0x080091be                GPIO_ReadInputDataBit
 .text.GPIO_SetBits
                0x080091ca        0x4 lib/STM32F10x_StdPeriph_Driver/libstm32fw.a(stm32f10x_gpio.o)
                0x080091ca                GPIO_SetBits
 .text.GPIO_ResetBits
                0x080091ce        0x4 lib/STM32F10x_StdPeriph_Driver/libstm32fw.a(stm32f10x_gpio.o)
                0x080091ce                GPIO_ResetBits
 .text.GPIO_WriteBit
                0x080091d2        0xa lib/STM32F10x_StdPeriph_Driver/libstm32fw.a(stm32f10x_gpio.o)
                0x080091d2                GPIO_WriteBit
 .text.GPIO_PinRemapConfig
                0x080091dc       0x58 lib/STM32F10x_StdPeriph_Driver/libstm32fw.a(stm32f10x_gpio.o)
                0x080091dc                GPIO_PinRemapConfig
 .text.GPIO_EXTILineConfig
                0x08009234       0x34 lib/STM32F10x_StdPeriph_Driver/libstm32fw.a(stm32f10x_gpio.o)
                0x08009234                GPIO_EXTILineConfig
 .text.I2C_DeInit
                0x08009268       0x34 lib/STM32F10x_StdPeriph_Driver/libstm32fw.a(stm32f10x_i2c.o)
                0x08009268                I2C_DeInit
 .text.I2C_Init
                0x0800929c       0xd4 lib/STM32F10x_StdPeriph_Driver/libstm32fw.a(stm32f10x_i2c.o)
                0x0800929c                I2C_Init
 .text.I2C_Cmd  0x08009370       0x18 lib/STM32F10x_StdPeriph_Driver/libstm32fw.a(stm32f10x_i2c.o)
                0x08009370                I2C_Cmd
 .text.I2C_GenerateSTART
                0x08009388       0x18 lib/STM32F10x_StdPeriph_Driver/libstm32fw.a(stm32f10x_i2c.o)
                0x08009388                I2C_GenerateSTART
 .text.I2C_GenerateSTOP
                0x080093a0       0x18 lib/STM32F10x_StdPeriph_Driver/libstm32fw.a(stm32f10x_i2c.o)
                0x080093a0                I2C_GenerateSTOP
 .text.I2C_AcknowledgeConfig
                0x080093b8       0x18 lib/STM32F10x_StdPeriph_Driver/libstm32fw.a(stm32f10x_i2c.o)
                0x080093b8                I2C_AcknowledgeConfig
 .text.I2C_ITConfig
                0x080093d0       0x12 lib/STM32F10x_StdPeriph_Driver/libstm32fw.a(stm32f10x_i2c.o)
                0x080093d0                I2C_ITConfig
 .text.I2C_SendData
                0x080093e2        0x4 lib/STM32F10x_StdPeriph_Driver/libstm32fw.a(stm32f10x_i2c.o)
                0x080093e2                I2C_SendData
 .text.I2C_ReceiveData
                0x080093e6        0x6 lib/STM32F10x_StdPeriph_Driver/libstm32fw.a(stm32f10x_i2c.o)
                0x080093e6                I2C_ReceiveData
 .text.I2C_Send7bitAddress
                0x080093ec       0x10 lib/STM32F10x_StdPeriph_Driver/libstm32fw.a(stm32f10x_i2c.o)
                0x080093ec                I2C_Send7bitAddress
 .text.I2C_SoftwareResetCmd
                0x080093fc       0x18 lib/STM32F10x_StdPeriph_Driver/libstm32fw.a(stm32f10x_i2c.o)
                0x080093fc                I2C_SoftwareResetCmd
 .text.IWDG_WriteAccessCmd
                0x08009414        0xc lib/STM32F10x_StdPeriph_Driver/libstm32fw.a(stm32f10x_iwdg.o)
                0x08009414                IWDG_WriteAccessCmd
 .text.IWDG_SetPrescaler
                0x08009420        0xc lib/STM32F10x_StdPeriph_Driver/libstm32fw.a(stm32f10x_iwdg.o)
                0x08009420                IWDG_SetPrescaler
 .text.IWDG_SetReload
                0x0800942c        0xc lib/STM32F10x_StdPeriph_Driver/libstm32fw.a(stm32f10x_iwdg.o)
                0x0800942c                IWDG_SetReload
 .text.IWDG_ReloadCounter
                0x08009438       0x10 lib/STM32F10x_StdPeriph_Driver/libstm32fw.a(stm32f10x_iwdg.o)
                0x08009438                IWDG_ReloadCounter
 .text.IWDG_Enable
                0x08009448       0x10 lib/STM32F10x_StdPeriph_Driver/libstm32fw.a(stm32f10x_iwdg.o)
                0x08009448                IWDG_Enable
 .text.PWR_DeInit
                0x08009458       0x1a lib/STM32F10x_StdPeriph_Driver/libstm32fw.a(stm32f10x_pwr.o)
                0x08009458                PWR_DeInit
 *fill*         0x08009472        0x2 00
 .text.PWR_BackupAccessCmd
                0x08009474        0xc lib/STM32F10x_StdPeriph_Driver/libstm32fw.a(stm32f10x_pwr.o)
                0x08009474                PWR_BackupAccessCmd
 .text.PWR_WakeUpPinCmd
                0x08009480        0xc lib/STM32F10x_StdPeriph_Driver/libstm32fw.a(stm32f10x_pwr.o)
                0x08009480                PWR_WakeUpPinCmd
 .text.PWR_EnterSTANDBYMode
                0x0800948c       0x28 lib/STM32F10x_StdPeriph_Driver/libstm32fw.a(stm32f10x_pwr.o)
                0x0800948c                PWR_EnterSTANDBYMode
 .text.RCC_HCLKConfig
                0x080094b4       0x14 lib/STM32F10x_StdPeriph_Driver/libstm32fw.a(stm32f10x_rcc.o)
                0x080094b4                RCC_HCLKConfig
 .text.RCC_USBCLKConfig
                0x080094c8        0xc lib/STM32F10x_StdPeriph_Driver/libstm32fw.a(stm32f10x_rcc.o)
                0x080094c8                RCC_USBCLKConfig
 .text.RCC_ADCCLKConfig
                0x080094d4       0x14 lib/STM32F10x_StdPeriph_Driver/libstm32fw.a(stm32f10x_rcc.o)
                0x080094d4                RCC_ADCCLKConfig
 .text.RCC_LSEConfig
                0x080094e8       0x20 lib/STM32F10x_StdPeriph_Driver/libstm32fw.a(stm32f10x_rcc.o)
                0x080094e8                RCC_LSEConfig
 .text.RCC_RTCCLKConfig
                0x08009508       0x10 lib/STM32F10x_StdPeriph_Driver/libstm32fw.a(stm32f10x_rcc.o)
                0x08009508                RCC_RTCCLKConfig
 .text.RCC_RTCCLKCmd
                0x08009518        0xc lib/STM32F10x_StdPeriph_Driver/libstm32fw.a(stm32f10x_rcc.o)
                0x08009518                RCC_RTCCLKCmd
 .text.RCC_GetClocksFreq
                0x08009524       0x9c lib/STM32F10x_StdPeriph_Driver/libstm32fw.a(stm32f10x_rcc.o)
                0x08009524                RCC_GetClocksFreq
 .text.RCC_AHBPeriphClockCmd
                0x080095c0       0x18 lib/STM32F10x_StdPeriph_Driver/libstm32fw.a(stm32f10x_rcc.o)
                0x080095c0                RCC_AHBPeriphClockCmd
 .text.RCC_APB2PeriphClockCmd
                0x080095d8       0x18 lib/STM32F10x_StdPeriph_Driver/libstm32fw.a(stm32f10x_rcc.o)
                0x080095d8                RCC_APB2PeriphClockCmd
 .text.RCC_APB1PeriphClockCmd
                0x080095f0       0x18 lib/STM32F10x_StdPeriph_Driver/libstm32fw.a(stm32f10x_rcc.o)
                0x080095f0                RCC_APB1PeriphClockCmd
 .text.RCC_APB2PeriphResetCmd
                0x08009608       0x18 lib/STM32F10x_StdPeriph_Driver/libstm32fw.a(stm32f10x_rcc.o)
                0x08009608                RCC_APB2PeriphResetCmd
 .text.RCC_APB1PeriphResetCmd
                0x08009620       0x18 lib/STM32F10x_StdPeriph_Driver/libstm32fw.a(stm32f10x_rcc.o)
                0x08009620                RCC_APB1PeriphResetCmd
 .text.RCC_BackupResetCmd
                0x08009638        0xc lib/STM32F10x_StdPeriph_Driver/libstm32fw.a(stm32f10x_rcc.o)
                0x08009638                RCC_BackupResetCmd
 .text.RCC_GetFlagStatus
                0x08009644       0x28 lib/STM32F10x_StdPeriph_Driver/libstm32fw.a(stm32f10x_rcc.o)
                0x08009644                RCC_GetFlagStatus
 .text.RTC_EnterConfigMode
                0x0800966c       0x14 lib/STM32F10x_StdPeriph_Driver/libstm32fw.a(stm32f10x_rtc.o)
                0x0800966c                RTC_EnterConfigMode
 .text.RTC_ExitConfigMode
                0x08009680       0x14 lib/STM32F10x_StdPeriph_Driver/libstm32fw.a(stm32f10x_rtc.o)
                0x08009680                RTC_ExitConfigMode
 .text.RTC_GetCounter
                0x08009694       0x14 lib/STM32F10x_StdPeriph_Driver/libstm32fw.a(stm32f10x_rtc.o)
                0x08009694                RTC_GetCounter
 .text.RTC_SetCounter
                0x080096a8       0x20 lib/STM32F10x_StdPeriph_Driver/libstm32fw.a(stm32f10x_rtc.o)
                0x080096a8                RTC_SetCounter
 .text.RTC_SetPrescaler
                0x080096c8       0x20 lib/STM32F10x_StdPeriph_Driver/libstm32fw.a(stm32f10x_rtc.o)
                0x080096c8                RTC_SetPrescaler
 .text.RTC_WaitForLastTask
                0x080096e8       0x14 lib/STM32F10x_StdPeriph_Driver/libstm32fw.a(stm32f10x_rtc.o)
                0x080096e8                RTC_WaitForLastTask
 .text.RTC_WaitForSynchro
                0x080096fc       0x24 lib/STM32F10x_StdPeriph_Driver/libstm32fw.a(stm32f10x_rtc.o)
                0x080096fc                RTC_WaitForSynchro
 .text.SPI_Init
                0x08009720       0x3e lib/STM32F10x_StdPeriph_Driver/libstm32fw.a(stm32f10x_spi.o)
                0x08009720                SPI_Init
 .text.SPI_Cmd  0x0800975e       0x18 lib/STM32F10x_StdPeriph_Driver/libstm32fw.a(stm32f10x_spi.o)
                0x0800975e                SPI_Cmd
 .text.SPI_I2S_DMACmd
                0x08009776       0x12 lib/STM32F10x_StdPeriph_Driver/libstm32fw.a(stm32f10x_spi.o)
                0x08009776                SPI_I2S_DMACmd
 .text.SPI_I2S_SendData
                0x08009788        0x4 lib/STM32F10x_StdPeriph_Driver/libstm32fw.a(stm32f10x_spi.o)
                0x08009788                SPI_I2S_SendData
 .text.SPI_I2S_ReceiveData
                0x0800978c        0x6 lib/STM32F10x_StdPeriph_Driver/libstm32fw.a(stm32f10x_spi.o)
                0x0800978c                SPI_I2S_ReceiveData
 .text.SPI_CalculateCRC
                0x08009792       0x18 lib/STM32F10x_StdPeriph_Driver/libstm32fw.a(stm32f10x_spi.o)
                0x08009792                SPI_CalculateCRC
 .text.SPI_I2S_GetFlagStatus
                0x080097aa        0xc lib/STM32F10x_StdPeriph_Driver/libstm32fw.a(stm32f10x_spi.o)
                0x080097aa                SPI_I2S_GetFlagStatus
 *fill*         0x080097b6        0x2 00
 .text.TIM_TimeBaseInit
                0x080097b8       0x3c lib/STM32F10x_StdPeriph_Driver/libstm32fw.a(stm32f10x_tim.o)
                0x080097b8                TIM_TimeBaseInit
 .text.TIM_OC1Init
                0x080097f4       0x74 lib/STM32F10x_StdPeriph_Driver/libstm32fw.a(stm32f10x_tim.o)
                0x080097f4                TIM_OC1Init
 .text.TIM_Cmd  0x08009868       0x18 lib/STM32F10x_StdPeriph_Driver/libstm32fw.a(stm32f10x_tim.o)
                0x08009868                TIM_Cmd
 .text.TIM_CtrlPWMOutputs
                0x08009880       0x1c lib/STM32F10x_StdPeriph_Driver/libstm32fw.a(stm32f10x_tim.o)
                0x08009880                TIM_CtrlPWMOutputs
 .text.TIM_ARRPreloadConfig
                0x0800989c       0x18 lib/STM32F10x_StdPeriph_Driver/libstm32fw.a(stm32f10x_tim.o)
                0x0800989c                TIM_ARRPreloadConfig
 .text.TIM_OC1PreloadConfig
                0x080098b4       0x10 lib/STM32F10x_StdPeriph_Driver/libstm32fw.a(stm32f10x_tim.o)
                0x080098b4                TIM_OC1PreloadConfig
 .text.TIM_SetCompare1
                0x080098c4        0x4 lib/STM32F10x_StdPeriph_Driver/libstm32fw.a(stm32f10x_tim.o)
                0x080098c4                TIM_SetCompare1
 .text.USART_DeInit
                0x080098c8       0x98 lib/STM32F10x_StdPeriph_Driver/libstm32fw.a(stm32f10x_usart.o)
                0x080098c8                USART_DeInit
 .text.USART_Init
                0x08009960       0x88 lib/STM32F10x_StdPeriph_Driver/libstm32fw.a(stm32f10x_usart.o)
                0x08009960                USART_Init
 .text.USART_Cmd
                0x080099e8       0x18 lib/STM32F10x_StdPeriph_Driver/libstm32fw.a(stm32f10x_usart.o)
                0x080099e8                USART_Cmd
 .text.USART_ITConfig
                0x08009a00       0x34 lib/STM32F10x_StdPeriph_Driver/libstm32fw.a(stm32f10x_usart.o)
                0x08009a00                USART_ITConfig
 .text.USART_DMACmd
                0x08009a34       0x12 lib/STM32F10x_StdPeriph_Driver/libstm32fw.a(stm32f10x_usart.o)
                0x08009a34                USART_DMACmd
 .text.USART_SendData
                0x08009a46        0x8 lib/STM32F10x_StdPeriph_Driver/libstm32fw.a(stm32f10x_usart.o)
                0x08009a46                USART_SendData
 .text.USART_ReceiveData
                0x08009a4e        0x8 lib/STM32F10x_StdPeriph_Driver/libstm32fw.a(stm32f10x_usart.o)
                0x08009a4e                USART_ReceiveData
 .text.USART_GetFlagStatus
                0x08009a56        0xc lib/STM32F10x_StdPeriph_Driver/libstm32fw.a(stm32f10x_usart.o)
                0x08009a56                USART_GetFlagStatus
 .text.USART_GetITStatus
                0x08009a62       0x40 lib/STM32F10x_StdPeriph_Driver/libstm32fw.a(stm32f10x_usart.o)
                0x08009a62                USART_GetITStatus
 .text.USART_ClearITPendingBit
                0x08009aa2       0x10 lib/STM32F10x_StdPeriph_Driver/libstm32fw.a(stm32f10x_usart.o)
                0x08009aa2                USART_ClearITPendingBit
 *fill*         0x08009ab2        0x2 00
 .text.Standard_GetConfiguration
                0x08009ab4       0x24 lib/STM32_USB-FS-Device_Driver/libstm32usb.a(usb_core.o)
                0x08009ab4                Standard_GetConfiguration
 .text.Standard_GetInterface
                0x08009ad8       0x24 lib/STM32_USB-FS-Device_Driver/libstm32usb.a(usb_core.o)
                0x08009ad8                Standard_GetInterface
 .text.Standard_GetStatus
                0x08009afc       0x9c lib/STM32_USB-FS-Device_Driver/libstm32usb.a(usb_core.o)
                0x08009afc                Standard_GetStatus
 .text.DataStageIn
                0x08009b98       0xa4 lib/STM32_USB-FS-Device_Driver/libstm32usb.a(usb_core.o)
 .text.Standard_SetConfiguration
                0x08009c3c       0x38 lib/STM32_USB-FS-Device_Driver/libstm32usb.a(usb_core.o)
                0x08009c3c                Standard_SetConfiguration
 .text.Standard_SetInterface
                0x08009c74       0x48 lib/STM32_USB-FS-Device_Driver/libstm32usb.a(usb_core.o)
                0x08009c74                Standard_SetInterface
 .text.Standard_ClearFeature
                0x08009cbc       0xdc lib/STM32_USB-FS-Device_Driver/libstm32usb.a(usb_core.o)
                0x08009cbc                Standard_ClearFeature
 .text.Standard_SetEndPointFeature
                0x08009d98       0x8c lib/STM32_USB-FS-Device_Driver/libstm32usb.a(usb_core.o)
                0x08009d98                Standard_SetEndPointFeature
 .text.Standard_SetDeviceFeature
                0x08009e24       0x24 lib/STM32_USB-FS-Device_Driver/libstm32usb.a(usb_core.o)
                0x08009e24                Standard_SetDeviceFeature
 .text.Standard_GetDescriptorData
                0x08009e48       0x1c lib/STM32_USB-FS-Device_Driver/libstm32usb.a(usb_core.o)
                0x08009e48                Standard_GetDescriptorData
 .text.Post0_Process
                0x08009e64       0x40 lib/STM32_USB-FS-Device_Driver/libstm32usb.a(usb_core.o)
                0x08009e64                Post0_Process
 .text.Out0_Process
                0x08009ea4       0xd4 lib/STM32_USB-FS-Device_Driver/libstm32usb.a(usb_core.o)
                0x08009ea4                Out0_Process
 .text.Setup0_Process
                0x08009f78      0x2f8 lib/STM32_USB-FS-Device_Driver/libstm32usb.a(usb_core.o)
                0x08009f78                Setup0_Process
 .text.SetDeviceAddress
                0x0800a270       0x40 lib/STM32_USB-FS-Device_Driver/libstm32usb.a(usb_core.o)
                0x0800a270                SetDeviceAddress
 .text.In0_Process
                0x0800a2b0       0x60 lib/STM32_USB-FS-Device_Driver/libstm32usb.a(usb_core.o)
                0x0800a2b0                In0_Process
 .text.NOP_Process
                0x0800a310        0x2 lib/STM32_USB-FS-Device_Driver/libstm32usb.a(usb_core.o)
                0x0800a310                NOP_Process
 *fill*         0x0800a312        0x2 00
 .text.USB_Init
                0x0800a314       0x38 lib/STM32_USB-FS-Device_Driver/libstm32usb.a(usb_init.o)
                0x0800a314                USB_Init
 .text.CTR_LP   0x0800a34c      0x190 lib/STM32_USB-FS-Device_Driver/libstm32usb.a(usb_int.o)
                0x0800a34c                CTR_LP
 .text.CTR_HP   0x0800a4dc       0x74 lib/STM32_USB-FS-Device_Driver/libstm32usb.a(usb_int.o)
                0x0800a4dc                CTR_HP
 .text.UserToPMABufferCopy
                0x0800a550       0x2e lib/STM32_USB-FS-Device_Driver/libstm32usb.a(usb_mem.o)
                0x0800a550                UserToPMABufferCopy
 .text.PMAToUserBufferCopy
                0x0800a57e       0x24 lib/STM32_USB-FS-Device_Driver/libstm32usb.a(usb_mem.o)
                0x0800a57e                PMAToUserBufferCopy
 *fill*         0x0800a5a2        0x2 00
 .text.SetBTABLE
                0x0800a5a4       0x10 lib/STM32_USB-FS-Device_Driver/libstm32usb.a(usb_regs.o)
                0x0800a5a4                SetBTABLE
 .text.SetEPType
                0x0800a5b4       0x18 lib/STM32_USB-FS-Device_Driver/libstm32usb.a(usb_regs.o)
                0x0800a5b4                SetEPType
 .text.SetEPTxStatus
                0x0800a5cc       0x3a lib/STM32_USB-FS-Device_Driver/libstm32usb.a(usb_regs.o)
                0x0800a5cc                SetEPTxStatus
 .text.SetEPRxStatus
                0x0800a606       0x3a lib/STM32_USB-FS-Device_Driver/libstm32usb.a(usb_regs.o)
                0x0800a606                SetEPRxStatus
 .text.SetEPRxValid
                0x0800a640       0x22 lib/STM32_USB-FS-Device_Driver/libstm32usb.a(usb_regs.o)
                0x0800a640                SetEPRxValid
 .text.Clear_Status_Out
                0x0800a662       0x1e lib/STM32_USB-FS-Device_Driver/libstm32usb.a(usb_regs.o)
                0x0800a662                Clear_Status_Out
 .text.ClearDTOG_RX
                0x0800a680       0x24 lib/STM32_USB-FS-Device_Driver/libstm32usb.a(usb_regs.o)
                0x0800a680                ClearDTOG_RX
 .text.ClearDTOG_TX
                0x0800a6a4       0x24 lib/STM32_USB-FS-Device_Driver/libstm32usb.a(usb_regs.o)
                0x0800a6a4                ClearDTOG_TX
 .text.SetEPTxAddr
                0x0800a6c8       0x20 lib/STM32_USB-FS-Device_Driver/libstm32usb.a(usb_regs.o)
                0x0800a6c8                SetEPTxAddr
 .text.SetEPRxAddr
                0x0800a6e8       0x20 lib/STM32_USB-FS-Device_Driver/libstm32usb.a(usb_regs.o)
                0x0800a6e8                SetEPRxAddr
 .text.GetEPTxAddr
                0x0800a708       0x1c lib/STM32_USB-FS-Device_Driver/libstm32usb.a(usb_regs.o)
                0x0800a708                GetEPTxAddr
 .text.GetEPRxAddr
                0x0800a724       0x1c lib/STM32_USB-FS-Device_Driver/libstm32usb.a(usb_regs.o)
                0x0800a724                GetEPRxAddr
 .text.SetEPTxCount
                0x0800a740       0x1c lib/STM32_USB-FS-Device_Driver/libstm32usb.a(usb_regs.o)
                0x0800a740                SetEPTxCount
 .text.SetEPRxCount
                0x0800a75c       0x3c lib/STM32_USB-FS-Device_Driver/libstm32usb.a(usb_regs.o)
                0x0800a75c                SetEPRxCount
 .text.GetEPRxCount
                0x0800a798       0x20 lib/STM32_USB-FS-Device_Driver/libstm32usb.a(usb_regs.o)
                0x0800a798                GetEPRxCount
 .text.ByteSwap
                0x0800a7b8        0xa lib/STM32_USB-FS-Device_Driver/libstm32usb.a(usb_regs.o)
                0x0800a7b8                ByteSwap
 *fill*         0x0800a7c2        0x2 00
 .text.USB_SIL_Init
                0x0800a7c4       0x20 lib/STM32_USB-FS-Device_Driver/libstm32usb.a(usb_sil.o)
                0x0800a7c4                USB_SIL_Init
 .text.USB_SIL_Write
                0x0800a7e4       0x28 lib/STM32_USB-FS-Device_Driver/libstm32usb.a(usb_sil.o)
                0x0800a7e4                USB_SIL_Write
 .text.USB_SIL_Read
                0x0800a80c       0x24 lib/STM32_USB-FS-Device_Driver/libstm32usb.a(usb_sil.o)
                0x0800a80c                USB_SIL_Read
 .text.memset   0x0800a830      0x12c /home/laurence/ARM-GCC/bin/../lib/gcc/arm-none-eabi/4.7.4/../../../../arm-none-eabi/lib/armv7-m/libc.a(lib_a-memset.o)
                0x0800a830                memset
 .text._sbrk    0x0800a95c       0x34 /home/laurence/ARM-GCC/bin/../lib/gcc/arm-none-eabi/4.7.4/../../../../arm-none-eabi/lib/armv7-m/libnosys.a(sbrk.o)
                0x0800a95c                _sbrk
 *(.rodata)
 .rodata        0x0800a990       0xf0 /tmp/cc1rSUJY.ltrans0.ltrans.o
                0x0800a990                DaysInMonth.5540
 .rodata        0x0800aa80       0x94 /tmp/cc1rSUJY.ltrans1.ltrans.o
 .rodata        0x0800ab14      0x18e /tmp/cc1rSUJY.ltrans2.ltrans.o
                0x0800ab14                Tbl.5119
                0x0800ac94                LfnOfs.5459
 .rodata        0x0800aca2       0x26 /tmp/cc1rSUJY.ltrans3.ltrans.o
 .rodata        0x0800acc8      0x3c0 /tmp/cc1rSUJY.ltrans6.ltrans.o
 *(.rodata*)
 .rodata.str1.1
                0x0800b088      0x451 /tmp/cc1rSUJY.ltrans0.ltrans.o
 .rodata.Silabs_Header
                0x0800b4d9        0x5 /tmp/cc1rSUJY.ltrans0.ltrans.o
 .rodata.str1.1
                0x0800b4de        0x6 /tmp/cc1rSUJY.ltrans1.ltrans.o
 .rodata.MASS_DeviceDescriptor
                0x0800b4e4       0x12 /tmp/cc1rSUJY.ltrans1.ltrans.o
 .rodata.str1.1
                0x0800b4f6       0x10 /tmp/cc1rSUJY.ltrans2.ltrans.o
                                 0x19 (size before relaxing)
 .rodata.L3GD20_setup
                0x0800b506        0x6 /tmp/cc1rSUJY.ltrans5.ltrans.o
 .rodata.str1.4
                0x0800b50c        0x4 /home/laurence/ARM-GCC/bin/../lib/gcc/arm-none-eabi/4.7.4/../../../../arm-none-eabi/lib/armv7-m/libc.a(lib_a-impure.o)
 *(.glue_7)
 .glue_7        0x00000000        0x0 linker stubs
 *(.glue_7t)
 .glue_7t       0x00000000        0x0 linker stubs
 *(.init)
 .init          0x0800b510        0x4 /home/laurence/ARM-GCC/bin/../lib/gcc/arm-none-eabi/4.7.4/armv7-m/crti.o
                0x0800b510                _init
 .init          0x0800b514        0x8 /home/laurence/ARM-GCC/bin/../lib/gcc/arm-none-eabi/4.7.4/armv7-m/crtn.o
 *(.fini)
 .fini          0x0800b51c        0x4 /home/laurence/ARM-GCC/bin/../lib/gcc/arm-none-eabi/4.7.4/armv7-m/crti.o
                0x0800b51c                _fini
 .fini          0x0800b520        0x8 /home/laurence/ARM-GCC/bin/../lib/gcc/arm-none-eabi/4.7.4/armv7-m/crtn.o
                0x0800b528                . = ALIGN (0x4)
                0x0800b528                _etext = .
                0x0800b528                _sidata = _etext

.vfp11_veneer   0x0800b528        0x0
 .vfp11_veneer  0x00000000        0x0 linker stubs

.v4_bx          0x0800b528        0x0
 .v4_bx         0x00000000        0x0 linker stubs

.iplt           0x0800b528        0x0
 .iplt          0x00000000        0x0 /home/laurence/ARM-GCC/bin/../lib/gcc/arm-none-eabi/4.7.4/armv7-m/crtbegin.o

.rel.dyn        0x0800b528        0x0
 .rel.iplt      0x00000000        0x0 /home/laurence/ARM-GCC/bin/../lib/gcc/arm-none-eabi/4.7.4/armv7-m/crtbegin.o

.flashpatch     0x00000000        0x0
                0x00000000                . = ALIGN (0x4)
 *(.flashpatch)
                0x00000000                . = ALIGN (0x4)

.endflash       0x00000000        0x0
                0x00000000                . = ALIGN (0x4)
 *(.endflash)
                0x00000000                . = ALIGN (0x4)
                0x00000000                _e_endflash = .

.data           0x20000000      0x9d4 load address 0x0800b528
                0x20000000                . = ALIGN (0x4)
                0x20000000                _sdata = .
                0x20000000                _data = .
 *(.data)
 .data          0x20000000       0x58 /tmp/cc1rSUJY.ltrans1.ltrans.o
                0x20000054                Device_Table
 .data          0x20000058       0x20 /tmp/cc1rSUJY.ltrans3.ltrans.o
                0x2000005c                pEpInt_IN
 .data          0x20000078       0x24 /tmp/cc1rSUJY.ltrans4.ltrans.o
                0x20000078                User_Standard_Requests
 .data          0x2000009c       0x54 /tmp/cc1rSUJY.ltrans5.ltrans.o
                0x2000009c                Device_Property
                0x200000cd                Stat.5735
                0x200000d0                I2C_jobs
 .data          0x200000f0       0x90 /tmp/cc1rSUJY.ltrans6.ltrans.o
                0x20000138                Scsi_Sense_Data
                0x20000164                pEpInt_OUT
 *(.data.*)
 .data.__malloc_av_
                0x20000180      0x408 /home/laurence/ARM-GCC/bin/../lib/gcc/arm-none-eabi/4.7.4/../../../../arm-none-eabi/lib/armv7-m/libc.a(lib_a-mallocr.o)
                0x20000180                __malloc_av_
 .data.__malloc_trim_threshold
                0x20000588        0x4 /home/laurence/ARM-GCC/bin/../lib/gcc/arm-none-eabi/4.7.4/../../../../arm-none-eabi/lib/armv7-m/libc.a(lib_a-mallocr.o)
                0x20000588                __malloc_trim_threshold
 .data.__malloc_sbrk_base
                0x2000058c        0x4 /home/laurence/ARM-GCC/bin/../lib/gcc/arm-none-eabi/4.7.4/../../../../arm-none-eabi/lib/armv7-m/libc.a(lib_a-mallocr.o)
                0x2000058c                __malloc_sbrk_base
 .data.ADCPrescTable
                0x20000590        0x4 lib/STM32F10x_StdPeriph_Driver/libstm32fw.a(stm32f10x_rcc.o)
 .data.APBAHBPrescTable
                0x20000594       0x10 lib/STM32F10x_StdPeriph_Driver/libstm32fw.a(stm32f10x_rcc.o)
 *fill*         0x200005a4        0x4 00
 .data.impure_data
                0x200005a8      0x428 /home/laurence/ARM-GCC/bin/../lib/gcc/arm-none-eabi/4.7.4/../../../../arm-none-eabi/lib/armv7-m/libc.a(lib_a-impure.o)
 .data._impure_ptr
                0x200009d0        0x4 /home/laurence/ARM-GCC/bin/../lib/gcc/arm-none-eabi/4.7.4/../../../../arm-none-eabi/lib/armv7-m/libc.a(lib_a-impure.o)
                0x200009d0                _impure_ptr
 *(.RAMtext)
                0x200009d4                . = ALIGN (0x4)
                0x200009d4                _edata = .
                0x0800befc                _eidata = (_sidata + (_edata - _sdata))
                0x08020000                _lastdataromaddress = (ORIGIN (FLASH) + 0x20000)
                0x00000000                toobig = (_eidata > _lastdataromaddress)?!!!!!!!!! FLASH IS FULL !!!!!!!!!:0x0

.igot.plt       0x200009d4        0x0 load address 0x0800befc
 .igot.plt      0x00000000        0x0 /home/laurence/ARM-GCC/bin/../lib/gcc/arm-none-eabi/4.7.4/armv7-m/crtbegin.o

.bss            0x200009d8      0xf18 load address 0x0800bf00
                0x200009d8                . = ALIGN (0x4)
                0x200009d8                _sbss = .
                0x200009d8                _bss = .
 *(.bss)
 .bss           0x200009d8      0xca0 /tmp/cc1rSUJY.ltrans0.ltrans.o
                0x20000e00                bootsource
                0x20000e04                Gps_Buffer
                0x20000e10                rputchar.5817
                0x20000e14                Data_Buffer
                0x20000e18                Millis
                0x20000e1c                Battery_Voltage
                0x20000e20                FatFs.5461
                0x20001058                FATFS_logfile
                0x2000127c                FATFS_info
                0x2000129c                print_string
                0x2000139c                FATFS_wavfile_gyro
                0x200015c0                Silabs_driver_state
                0x200015dc                Gps
                0x20001610                Silabs_Rx_Buffer
                0x2000161c                CTS_Low.4231
                0x20001620                Gyro_XY_Rate
                0x20001624                Gyro_Z_Rate
                0x20001628                Ind_Voltage
                0x2000162c                Auto_volt
                0x20001630                Ignition_Selftest
                0x20001632                AutoSequence
                0x20001634                Gyro_x_buffer
                0x20001640                Gyro_y_buffer
                0x2000164c                Gyro_z_buffer
                0x2000165a                I2C1error
                0x2000165c                L3GD20_Data_Buffer
                0x20001664                System_state_Global
                0x20001668                Aux_Voltage
                0x2000166c                Gyro_Temperature
                0x20001670                Auto_spin
                0x20001674                Shutdown_System
 .bss           0x20001678       0x9c /tmp/cc1rSUJY.ltrans1.ltrans.o
 .bss           0x20001714        0x1 /tmp/cc1rSUJY.ltrans2.ltrans.o
                0x20001714                CardType.5736
 .bss           0x20001715        0x1 /tmp/cc1rSUJY.ltrans3.ltrans.o
                0x20001715                Channel_rx
 *fill*         0x20001716        0x2 00
 .bss           0x20001718       0x38 /tmp/cc1rSUJY.ltrans4.ltrans.o
 .bss           0x20001750       0x4c /tmp/cc1rSUJY.ltrans5.ltrans.o
                0x20001750                wIstr
                0x20001754                Timer1.5730
                0x20001758                Timer2.5731
                0x20001764                Completed_Jobs
                0x20001768                AFROESC_Data_Buffer
                0x2000177c                AFROESC_Throttle
                0x20001788                Jobs
                0x2000178f                Silabs_spi_state
                0x20001790                Silabs_Tx_Buffer
 .bss           0x2000179c       0x94 /tmp/cc1rSUJY.ltrans6.ltrans.o
                0x2000179c                CBW
                0x200017bc                Bulk_Data_Buff
                0x200017fc                Data_Len
                0x200017fe                Bot_State
                0x20001800                CSW
                0x20001810                SCSI_LBA
                0x20001814                SCSI_BlkLen
                0x20001818                Mass_Block_Count
                0x20001820                Mass_Block_Size
 .bss           0x20001830       0x1c /tmp/cc1rSUJY.ltrans7.ltrans.o
                0x20001834                TransferState
                0x20001844                Sd_Spi_Called_From_USB_MSC
 .bss           0x2000184c        0xc /tmp/cc1rSUJY.ltrans8.ltrans.o
                0x2000184c                Usart1_rx_buff
 *(.bss.*)
 .bss.file_opened
                0x20001858        0x1 /tmp/cc1rSUJY.ltrans0.ltrans.o
 *fill*         0x20001859        0x3 00
 .bss.bDeviceState
                0x2000185c        0x4 /tmp/cc1rSUJY.ltrans0.ltrans.o
                0x2000185c                bDeviceState
 .bss.Status    0x20001860        0x4 /tmp/cc1rSUJY.ltrans0.ltrans.o
                0x20001860                Status
 .bss.bIntPackSOF
                0x20001864        0x1 /tmp/cc1rSUJY.ltrans5.ltrans.o
 *fill*         0x20001865        0x3 00
 .bss.Max_Lun   0x20001868        0x4 /tmp/cc1rSUJY.ltrans6.ltrans.o
                0x20001868                Max_Lun
 .bss.Page00_Inquiry_Data
                0x2000186c        0x5 /tmp/cc1rSUJY.ltrans6.ltrans.o
 *fill*         0x20001871        0x3 00
 .bss.__malloc_max_total_mem
                0x20001874        0x4 /home/laurence/ARM-GCC/bin/../lib/gcc/arm-none-eabi/4.7.4/../../../../arm-none-eabi/lib/armv7-m/libc.a(lib_a-mallocr.o)
                0x20001874                __malloc_max_total_mem
 .bss.__malloc_max_sbrked_mem
                0x20001878        0x4 /home/laurence/ARM-GCC/bin/../lib/gcc/arm-none-eabi/4.7.4/../../../../arm-none-eabi/lib/armv7-m/libc.a(lib_a-mallocr.o)
                0x20001878                __malloc_max_sbrked_mem
 .bss.__malloc_top_pad
                0x2000187c        0x4 /home/laurence/ARM-GCC/bin/../lib/gcc/arm-none-eabi/4.7.4/../../../../arm-none-eabi/lib/armv7-m/libc.a(lib_a-mallocr.o)
                0x2000187c                __malloc_top_pad
 .bss.__malloc_current_mallinfo
                0x20001880       0x28 /home/laurence/ARM-GCC/bin/../lib/gcc/arm-none-eabi/4.7.4/../../../../arm-none-eabi/lib/armv7-m/libc.a(lib_a-mallocr.o)
                0x20001880                __malloc_current_mallinfo
 .bss.Data_Mul_MaxPacketSize
                0x200018a8        0x1 lib/STM32_USB-FS-Device_Driver/libstm32usb.a(usb_core.o)
                0x200018a8                Data_Mul_MaxPacketSize
 *fill*         0x200018a9        0x3 00
 .bss.heap_end.4231
                0x200018ac        0x4 /home/laurence/ARM-GCC/bin/../lib/gcc/arm-none-eabi/4.7.4/../../../../arm-none-eabi/lib/armv7-m/libnosys.a(sbrk.o)
 *(COMMON)
 COMMON         0x200018b0        0x4 /home/laurence/ARM-GCC/bin/../lib/gcc/arm-none-eabi/4.7.4/../../../../arm-none-eabi/lib/armv7-m/libc.a(lib_a-reent.o)
                0x200018b0                errno
 COMMON         0x200018b4        0x2 lib/STM32_USB-FS-Device_Driver/libstm32usb.a(usb_core.o)
                0x200018b4                StatusInfo
 *fill*         0x200018b6        0x2 00
 COMMON         0x200018b8       0x32 lib/STM32_USB-FS-Device_Driver/libstm32usb.a(usb_init.o)
                0x200018b8                SaveState
                0x200018bc                pProperty
                0x200018c0                EPindex
                0x200018c4                Device_Info
                0x200018e0                pUser_Standard_Requests
                0x200018e4                pInformation
                0x200018e8                wInterrupt_Mask
 COMMON         0x200018ea        0x4 lib/STM32_USB-FS-Device_Driver/libstm32usb.a(usb_int.o)
                0x200018ea                SaveRState
                0x200018ec                SaveTState
                0x200018f0                . = ALIGN (0x4)
 *fill*         0x200018ee        0x2 00
                0x200018f0                _ebss = .
                0x200018f0                PROVIDE (end, _ebss)
                0x200018f0                PROVIDE (_end, _ebss)

._usrstack      0x200018f0     0x2000 load address 0x0800ce18
                0x200018f0                . = ALIGN (0x4)
                0x200018f0                _susrstack = .
                0x200038f0                . = (. + _Minimum_Stack_Size)
 *fill*         0x200018f0     0x2000 00
                0x200038f0                . = ALIGN (0x4)
                0x200038f0                _eusrstack = .
                0x20005000                _lastramaddress = (ORIGIN (RAM) + 0x5000)
                0x00000000                toobig = (_eusrstack > _lastramaddress)?!!!!!!!!! RAM IS FULL !!!!!!!!!:0x0

.b1text
 *(.b1text)
 *(.b1rodata)
 *(.b1rodata*)

.eb0text
 *(.eb0text)
 *(.eb0rodata)
 *(.eb0rodata*)

.eb1text
 *(.eb1text)
 *(.eb1rodata)
 *(.eb1rodata*)

.eb2text
 *(.eb2text)
 *(.eb2rodata)
 *(.eb2rodata*)

.eb3text
 *(.eb3text)
 *(.eb3rodata)
 *(.eb3rodata*)
                0x200038f0                __exidx_start = .
                0x200038f0                __exidx_end = .

/DISCARD/
 libc.a(*)
 libm.a(*)
 libgcc.a(*)

.stab
 *(.stab)

.stabstr
 *(.stabstr)

.stab.excl
 *(.stab.excl)

.stab.exclstr
 *(.stab.exclstr)

.stab.index
 *(.stab.index)

.stab.indexstr
 *(.stab.indexstr)

.comment        0x00000000       0x70
 *(.comment)
 .comment       0x00000000       0x71 /tmp/cc1rSUJY.ltrans0.ltrans.o
 .comment       0x00000000       0x71 /tmp/cc1rSUJY.ltrans1.ltrans.o
 .comment       0x00000000       0x71 /tmp/cc1rSUJY.ltrans2.ltrans.o
 .comment       0x00000000       0x71 /tmp/cc1rSUJY.ltrans3.ltrans.o
 .comment       0x00000000       0x71 /tmp/cc1rSUJY.ltrans4.ltrans.o
 .comment       0x00000000       0x71 /tmp/cc1rSUJY.ltrans5.ltrans.o
 .comment       0x00000000       0x71 /tmp/cc1rSUJY.ltrans6.ltrans.o
 .comment       0x00000000       0x71 /tmp/cc1rSUJY.ltrans7.ltrans.o
 .comment       0x00000000       0x71 /tmp/cc1rSUJY.ltrans8.ltrans.o
 .comment       0x00000000       0x70 lib/STM32F10x_StdPeriph_Driver/libstm32fw.a(misc.o)
                                 0x71 (size before relaxing)
 .comment       0x00000000       0x71 lib/STM32F10x_StdPeriph_Driver/libstm32fw.a(stm32f10x_adc.o)
 .comment       0x00000000       0x71 lib/STM32F10x_StdPeriph_Driver/libstm32fw.a(stm32f10x_bkp.o)
 .comment       0x00000000       0x71 lib/STM32F10x_StdPeriph_Driver/libstm32fw.a(stm32f10x_dbgmcu.o)
 .comment       0x00000000       0x71 lib/STM32F10x_StdPeriph_Driver/libstm32fw.a(stm32f10x_dma.o)
 .comment       0x00000000       0x71 lib/STM32F10x_StdPeriph_Driver/libstm32fw.a(stm32f10x_exti.o)
 .comment       0x00000000       0x71 lib/STM32F10x_StdPeriph_Driver/libstm32fw.a(stm32f10x_gpio.o)
 .comment       0x00000000       0x71 lib/STM32F10x_StdPeriph_Driver/libstm32fw.a(stm32f10x_i2c.o)
 .comment       0x00000000       0x71 lib/STM32F10x_StdPeriph_Driver/libstm32fw.a(stm32f10x_iwdg.o)
 .comment       0x00000000       0x71 lib/STM32F10x_StdPeriph_Driver/libstm32fw.a(stm32f10x_pwr.o)
 .comment       0x00000000       0x71 lib/STM32F10x_StdPeriph_Driver/libstm32fw.a(stm32f10x_rcc.o)
 .comment       0x00000000       0x71 lib/STM32F10x_StdPeriph_Driver/libstm32fw.a(stm32f10x_rtc.o)
 .comment       0x00000000       0x71 lib/STM32F10x_StdPeriph_Driver/libstm32fw.a(stm32f10x_spi.o)
 .comment       0x00000000       0x71 lib/STM32F10x_StdPeriph_Driver/libstm32fw.a(stm32f10x_tim.o)
 .comment       0x00000000       0x71 lib/STM32F10x_StdPeriph_Driver/libstm32fw.a(stm32f10x_usart.o)
 .comment       0x00000000       0x71 lib/STM32_USB-FS-Device_Driver/libstm32usb.a(usb_core.o)
 .comment       0x00000000       0x71 lib/STM32_USB-FS-Device_Driver/libstm32usb.a(usb_init.o)
 .comment       0x00000000       0x71 lib/STM32_USB-FS-Device_Driver/libstm32usb.a(usb_int.o)
 .comment       0x00000000       0x71 lib/STM32_USB-FS-Device_Driver/libstm32usb.a(usb_mem.o)
 .comment       0x00000000       0x71 lib/STM32_USB-FS-Device_Driver/libstm32usb.a(usb_regs.o)
 .comment       0x00000000       0x71 lib/STM32_USB-FS-Device_Driver/libstm32usb.a(usb_sil.o)

.ARM.attributes
                0x00000000       0x29
 .ARM.attributes
                0x00000000       0x1d /home/laurence/ARM-GCC/bin/../lib/gcc/arm-none-eabi/4.7.4/armv7-m/crti.o
 .ARM.attributes
                0x0000001d       0x31 /tmp/cc1rSUJY.ltrans0.ltrans.o
 .ARM.attributes
                0x0000004e       0x31 /tmp/cc1rSUJY.ltrans1.ltrans.o
 .ARM.attributes
                0x0000007f       0x31 /tmp/cc1rSUJY.ltrans2.ltrans.o
 .ARM.attributes
                0x000000b0       0x31 /tmp/cc1rSUJY.ltrans3.ltrans.o
 .ARM.attributes
                0x000000e1       0x31 /tmp/cc1rSUJY.ltrans4.ltrans.o
 .ARM.attributes
                0x00000112       0x31 /tmp/cc1rSUJY.ltrans5.ltrans.o
 .ARM.attributes
                0x00000143       0x31 /tmp/cc1rSUJY.ltrans6.ltrans.o
 .ARM.attributes
                0x00000174       0x31 /tmp/cc1rSUJY.ltrans7.ltrans.o
 .ARM.attributes
                0x000001a5       0x31 /tmp/cc1rSUJY.ltrans8.ltrans.o
 .ARM.attributes
                0x000001d6       0x1d /home/laurence/ARM-GCC/bin/../lib/gcc/arm-none-eabi/4.7.4/armv7-m/libgcc.a(_arm_addsubdf3.o)
 .ARM.attributes
                0x000001f3       0x1d /home/laurence/ARM-GCC/bin/../lib/gcc/arm-none-eabi/4.7.4/armv7-m/libgcc.a(_arm_muldivdf3.o)
 .ARM.attributes
                0x00000210       0x1d /home/laurence/ARM-GCC/bin/../lib/gcc/arm-none-eabi/4.7.4/armv7-m/libgcc.a(_arm_cmpdf2.o)
 .ARM.attributes
                0x0000022d       0x1d /home/laurence/ARM-GCC/bin/../lib/gcc/arm-none-eabi/4.7.4/armv7-m/libgcc.a(_arm_fixunsdfsi.o)
 .ARM.attributes
                0x0000024a       0x1d /home/laurence/ARM-GCC/bin/../lib/gcc/arm-none-eabi/4.7.4/armv7-m/libgcc.a(_arm_truncdfsf2.o)
 .ARM.attributes
                0x00000267       0x1d /home/laurence/ARM-GCC/bin/../lib/gcc/arm-none-eabi/4.7.4/armv7-m/libgcc.a(_arm_addsubsf3.o)
 .ARM.attributes
                0x00000284       0x1d /home/laurence/ARM-GCC/bin/../lib/gcc/arm-none-eabi/4.7.4/armv7-m/libgcc.a(_arm_muldivsf3.o)
 .ARM.attributes
                0x000002a1       0x1d /home/laurence/ARM-GCC/bin/../lib/gcc/arm-none-eabi/4.7.4/armv7-m/libgcc.a(_arm_cmpsf2.o)
 .ARM.attributes
                0x000002be       0x1d /home/laurence/ARM-GCC/bin/../lib/gcc/arm-none-eabi/4.7.4/armv7-m/libgcc.a(_arm_fixunssfsi.o)
 .ARM.attributes
                0x000002db       0x2d /home/laurence/ARM-GCC/bin/../lib/gcc/arm-none-eabi/4.7.4/../../../../arm-none-eabi/lib/armv7-m/libc.a(lib_a-malloc.o)
 .ARM.attributes
                0x00000308       0x2d /home/laurence/ARM-GCC/bin/../lib/gcc/arm-none-eabi/4.7.4/../../../../arm-none-eabi/lib/armv7-m/libc.a(lib_a-mallocr.o)
 .ARM.attributes
                0x00000335       0x2d /home/laurence/ARM-GCC/bin/../lib/gcc/arm-none-eabi/4.7.4/../../../../arm-none-eabi/lib/armv7-m/libc.a(lib_a-memcmp.o)
 .ARM.attributes
                0x00000362       0x2d /home/laurence/ARM-GCC/bin/../lib/gcc/arm-none-eabi/4.7.4/../../../../arm-none-eabi/lib/armv7-m/libc.a(lib_a-memcpy.o)
 .ARM.attributes
                0x0000038f       0x2d /home/laurence/ARM-GCC/bin/../lib/gcc/arm-none-eabi/4.7.4/../../../../arm-none-eabi/lib/armv7-m/libc.a(lib_a-mlock.o)
 .ARM.attributes
                0x000003bc       0x2d /home/laurence/ARM-GCC/bin/../lib/gcc/arm-none-eabi/4.7.4/../../../../arm-none-eabi/lib/armv7-m/libc.a(lib_a-sbrkr.o)
 .ARM.attributes
                0x000003e9       0x2d /home/laurence/ARM-GCC/bin/../lib/gcc/arm-none-eabi/4.7.4/../../../../arm-none-eabi/lib/armv7-m/libc.a(lib_a-strcat.o)
 .ARM.attributes
                0x00000416       0x2d /home/laurence/ARM-GCC/bin/../lib/gcc/arm-none-eabi/4.7.4/../../../../arm-none-eabi/lib/armv7-m/libc.a(lib_a-strchr.o)
 .ARM.attributes
                0x00000443       0x2d /home/laurence/ARM-GCC/bin/../lib/gcc/arm-none-eabi/4.7.4/../../../../arm-none-eabi/lib/armv7-m/libc.a(lib_a-strcpy.o)
 .ARM.attributes
                0x00000470       0x2d /home/laurence/ARM-GCC/bin/../lib/gcc/arm-none-eabi/4.7.4/../../../../arm-none-eabi/lib/armv7-m/libc.a(lib_a-strlen.o)
 .ARM.attributes
                0x0000049d       0x2d /home/laurence/ARM-GCC/bin/../lib/gcc/arm-none-eabi/4.7.4/../../../../arm-none-eabi/lib/armv7-m/libc.a(lib_a-strncmp.o)
 .ARM.attributes
                0x000004ca       0x2d /home/laurence/ARM-GCC/bin/../lib/gcc/arm-none-eabi/4.7.4/../../../../arm-none-eabi/lib/armv7-m/libc.a(lib_a-strncpy.o)
 .ARM.attributes
                0x000004f7       0x2d /home/laurence/ARM-GCC/bin/../lib/gcc/arm-none-eabi/4.7.4/../../../../arm-none-eabi/lib/armv7-m/libc.a(lib_a-freer.o)
 .ARM.attributes
                0x00000524       0x2d /home/laurence/ARM-GCC/bin/../lib/gcc/arm-none-eabi/4.7.4/../../../../arm-none-eabi/lib/armv7-m/libc.a(lib_a-reent.o)
 .ARM.attributes
                0x00000551       0x21 lib/CMSIS_CM3/startup/gcc/startup_stm32f10x_md.o
 .ARM.attributes
                0x00000572       0x33 lib/STM32F10x_StdPeriph_Driver/libstm32fw.a(misc.o)
 .ARM.attributes
                0x000005a5       0x33 lib/STM32F10x_StdPeriph_Driver/libstm32fw.a(stm32f10x_adc.o)
 .ARM.attributes
                0x000005d8       0x33 lib/STM32F10x_StdPeriph_Driver/libstm32fw.a(stm32f10x_bkp.o)
 .ARM.attributes
                0x0000060b       0x33 lib/STM32F10x_StdPeriph_Driver/libstm32fw.a(stm32f10x_dbgmcu.o)
 .ARM.attributes
                0x0000063e       0x33 lib/STM32F10x_StdPeriph_Driver/libstm32fw.a(stm32f10x_dma.o)
 .ARM.attributes
                0x00000671       0x33 lib/STM32F10x_StdPeriph_Driver/libstm32fw.a(stm32f10x_exti.o)
 .ARM.attributes