Archive member included because of file (symbol)

lib/STM32F10x_StdPeriph_Driver/libstm32fw.a(misc.o)
                              interrupts.o (symbol from plugin) (NVIC_PriorityGroupConfig)
lib/STM32F10x_StdPeriph_Driver/libstm32fw.a(stm32f10x_adc.o)
                              adc.o (symbol from plugin) (ADC_DeInit)
lib/STM32F10x_StdPeriph_Driver/libstm32fw.a(stm32f10x_bkp.o)
                              Util/fat_fs/src/rtc.o (symbol from plugin) (BKP_DeInit)
lib/STM32F10x_StdPeriph_Driver/libstm32fw.a(stm32f10x_dbgmcu.o)
                              main.o (symbol from plugin) (DBGMCU_Config)
lib/STM32F10x_StdPeriph_Driver/libstm32fw.a(stm32f10x_dma.o)
                              Silabs/si446x.o (symbol from plugin) (DMA_DeInit)
lib/STM32F10x_StdPeriph_Driver/libstm32fw.a(stm32f10x_exti.o)
                              Silabs/si446x.o (symbol from plugin) (EXTI_DeInit)
lib/STM32F10x_StdPeriph_Driver/libstm32fw.a(stm32f10x_gpio.o)
                              Silabs/si446x.o (symbol from plugin) (GPIO_Init)
lib/STM32F10x_StdPeriph_Driver/libstm32fw.a(stm32f10x_i2c.o)
                              i2c_int.o (symbol from plugin) (I2C_DeInit)
lib/STM32F10x_StdPeriph_Driver/libstm32fw.a(stm32f10x_iwdg.o)
                              watchdog.o (symbol from plugin) (IWDG_WriteAccessCmd)
lib/STM32F10x_StdPeriph_Driver/libstm32fw.a(stm32f10x_pwr.o)
                              pwr.o (symbol from plugin) (PWR_DeInit)
lib/STM32F10x_StdPeriph_Driver/libstm32fw.a(stm32f10x_rcc.o)
                              interrupts.o (symbol from plugin) (RCC_HCLKConfig)
lib/STM32F10x_StdPeriph_Driver/libstm32fw.a(stm32f10x_rtc.o)
                              Util/fat_fs/src/rtc.o (symbol from plugin) (RTC_GetCounter)
lib/STM32F10x_StdPeriph_Driver/libstm32fw.a(stm32f10x_spi.o)
                              Util/fat_fs/src/sd_spi_stm32.o (symbol from plugin) (SPI_I2S_DeInit)
lib/STM32F10x_StdPeriph_Driver/libstm32fw.a(stm32f10x_tim.o)
                              pwm.o (symbol from plugin) (TIM_TimeBaseInit)
lib/STM32F10x_StdPeriph_Driver/libstm32fw.a(stm32f10x_usart.o)
                              usart.o (symbol from plugin) (USART_DeInit)
lib/STM32_USB-FS-Device_Driver/libstm32usb.a(usb_core.o)
                              Util/USB/usb_prop.o (symbol from plugin) (Standard_GetDescriptorData)
lib/STM32_USB-FS-Device_Driver/libstm32usb.a(usb_init.o)
                              main.o (symbol from plugin) (USB_Init)
lib/STM32_USB-FS-Device_Driver/libstm32usb.a(usb_int.o)
                              Util/USB/usb_istr.o (symbol from plugin) (CTR_LP)
lib/STM32_USB-FS-Device_Driver/libstm32usb.a(usb_mem.o)
                              lib/STM32_USB-FS-Device_Driver/libstm32usb.a(usb_core.o) (UserToPMABufferCopy)
lib/STM32_USB-FS-Device_Driver/libstm32usb.a(usb_regs.o)
                              Util/USB/usb_prop.o (symbol from plugin) (SetBTABLE)
lib/STM32_USB-FS-Device_Driver/libstm32usb.a(usb_sil.o)
                              Util/USB/usb_prop.o (symbol from plugin) (USB_SIL_Init)
/home/laurence/ARM-GCC/bin/../lib/gcc/arm-none-eabi/4.7.4/../../../../arm-none-eabi/lib/armv7-m/libc.a(lib_a-__atexit.o)
                              /home/laurence/ARM-GCC/bin/../lib/gcc/arm-none-eabi/4.7.4/../../../../arm-none-eabi/lib/armv7-m/crt0.o (__register_exitproc)
/home/laurence/ARM-GCC/bin/../lib/gcc/arm-none-eabi/4.7.4/../../../../arm-none-eabi/lib/armv7-m/libc.a(lib_a-exit.o)
                              /home/laurence/ARM-GCC/bin/../lib/gcc/arm-none-eabi/4.7.4/../../../../arm-none-eabi/lib/armv7-m/crt0.o (exit)
/home/laurence/ARM-GCC/bin/../lib/gcc/arm-none-eabi/4.7.4/../../../../arm-none-eabi/lib/armv7-m/libc.a(lib_a-fini.o)
                              /home/laurence/ARM-GCC/bin/../lib/gcc/arm-none-eabi/4.7.4/../../../../arm-none-eabi/lib/armv7-m/crt0.o (__libc_fini_array)
/home/laurence/ARM-GCC/bin/../lib/gcc/arm-none-eabi/4.7.4/../../../../arm-none-eabi/lib/armv7-m/libc.a(lib_a-impure.o)
                              /home/laurence/ARM-GCC/bin/../lib/gcc/arm-none-eabi/4.7.4/../../../../arm-none-eabi/lib/armv7-m/libc.a(lib_a-__atexit.o) (_global_impure_ptr)
/home/laurence/ARM-GCC/bin/../lib/gcc/arm-none-eabi/4.7.4/../../../../arm-none-eabi/lib/armv7-m/libc.a(lib_a-init.o)
                              /home/laurence/ARM-GCC/bin/../lib/gcc/arm-none-eabi/4.7.4/../../../../arm-none-eabi/lib/armv7-m/crt0.o (__libc_init_array)
/home/laurence/ARM-GCC/bin/../lib/gcc/arm-none-eabi/4.7.4/../../../../arm-none-eabi/lib/armv7-m/libc.a(lib_a-memset.o)
                              /home/laurence/ARM-GCC/bin/../lib/gcc/arm-none-eabi/4.7.4/../../../../arm-none-eabi/lib/armv7-m/crt0.o (memset)
/home/laurence/ARM-GCC/bin/../lib/gcc/arm-none-eabi/4.7.4/../../../../arm-none-eabi/lib/armv7-m/libc.a(lib_a-__call_atexit.o)
                              /home/laurence/ARM-GCC/bin/../lib/gcc/arm-none-eabi/4.7.4/../../../../arm-none-eabi/lib/armv7-m/libc.a(lib_a-exit.o) (__call_exitprocs)
[...]
Memory Configuration

Name             Origin             Length             Attributes
RAM              0x20000000         0x00005000         xrw
FLASH            0x08000000         0x00020000         xr
FLASHB1          0x00000000         0x00000000         xr
EXTMEMB0         0x00000000         0x00000000         xr
EXTMEMB1         0x00000000         0x00000000         xr
EXTMEMB2         0x00000000         0x00000000         xr
EXTMEMB3         0x00000000         0x00000000         xr
STARTFLASH       0x00000000         0xffffffff
CRPPATCH         0x00000000         0xffffffff
FLASHPATCH       0x00000000         0xffffffff
ENDFLASH         0x00000000         0xffffffff
*default*        0x00000000         0xffffffff

Linker script and memory map

LOAD /home/laurence/ARM-GCC/bin/../lib/gcc/arm-none-eabi/4.7.4/armv7-m/crti.o
LOAD /home/laurence/ARM-GCC/bin/../lib/gcc/arm-none-eabi/4.7.4/armv7-m/crtbegin.o
LOAD /home/laurence/ARM-GCC/bin/../lib/gcc/arm-none-eabi/4.7.4/../../../../arm-none-eabi/lib/armv7-m/crt0.o
LOAD Silabs/si446x.o
LOAD /tmp/ccgTP7Fa.ltrans0.ltrans.o
LOAD /tmp/ccgTP7Fa.ltrans1.ltrans.o
LOAD /tmp/ccgTP7Fa.ltrans2.ltrans.o
LOAD /tmp/ccgTP7Fa.ltrans3.ltrans.o
LOAD /tmp/ccgTP7Fa.ltrans4.ltrans.o
LOAD /tmp/ccgTP7Fa.ltrans5.ltrans.o
LOAD /tmp/ccgTP7Fa.ltrans6.ltrans.o
LOAD /tmp/ccgTP7Fa.ltrans7.ltrans.o
LOAD /tmp/ccgTP7Fa.ltrans8.ltrans.o
LOAD /tmp/ccgTP7Fa.ltrans9.ltrans.o
LOAD /home/laurence/ARM-GCC/bin/../lib/gcc/arm-none-eabi/4.7.4/armv7-m/libgcc.a
LOAD /home/laurence/ARM-GCC/bin/../lib/gcc/arm-none-eabi/4.7.4/../../../../arm-none-eabi/lib/armv7-m/libc.a
LOAD Ublox/ubx.o
LOAD Util/USB/hw_config.o
LOAD Util/USB/mass_mal.o
LOAD Util/USB/memory.o
LOAD Util/USB/scsi_data.o
LOAD Util/USB/usb_bot.o
LOAD Util/USB/usb_desc.o
LOAD Util/USB/usb_endp.o
LOAD Util/USB/usb_istr.o
LOAD Util/USB/usb_prop.o
LOAD Util/USB/usb_pwr.o
LOAD Util/USB/usb_scsi.o
LOAD Util/buffer.o
LOAD Util/crc.o
LOAD Util/delay.o
LOAD Util/fat_fs/option/ccsbcs.o
LOAD Util/fat_fs/src/fattime.o
LOAD Util/fat_fs/src/ff.o
LOAD Util/fat_fs/src/rtc.o
LOAD Util/fat_fs/src/sd_spi_stm32.o
LOAD Util/polygon.o
LOAD Util/rprintf.o
LOAD Util/wave.o
LOAD adc.o
LOAD dma.o
LOAD gpio.o
LOAD i2c_int.o
LOAD interrupts.o
LOAD lib/CMSIS_CM3/core_cm3.o
LOAD lib/CMSIS_CM3/startup/gcc/startup_stm32f10x_md.o
LOAD lib/CMSIS_CM3/system_stm32f10x.o
LOAD main.o
LOAD pwm.o
LOAD pwr.o
LOAD usart.o
LOAD watchdog.o
LOAD lib/STM32F10x_StdPeriph_Driver/libstm32fw.a
LOAD lib/STM32_USB-FS-Device_Driver/libstm32usb.a
LOAD /home/laurence/ARM-GCC/bin/../lib/gcc/arm-none-eabi/4.7.4/../../../../arm-none-eabi/lib/armv7-m/libm.a
LOAD /home/laurence/ARM-GCC/bin/../lib/gcc/arm-none-eabi/4.7.4/../../../../arm-none-eabi/lib/armv7-m/libnosys.a
START GROUP
LOAD /home/laurence/ARM-GCC/bin/../lib/gcc/arm-none-eabi/4.7.4/armv7-m/libgcc.a
LOAD /home/laurence/ARM-GCC/bin/../lib/gcc/arm-none-eabi/4.7.4/../../../../arm-none-eabi/lib/armv7-m/libc.a
END GROUP
LOAD /home/laurence/ARM-GCC/bin/../lib/gcc/arm-none-eabi/4.7.4/armv7-m/crtend.o
LOAD /home/laurence/ARM-GCC/bin/../lib/gcc/arm-none-eabi/4.7.4/armv7-m/crtn.o
                0x00002000                __Stack_Size = 0x2000
                0x00002000                PROVIDE (_Stack_Size, __Stack_Size)
                0x20003000                __Stack_Init = (_estack - __Stack_Size)
                0x20003000                PROVIDE (_Stack_Init, __Stack_Init)
                0x00002000                _Minimum_Stack_Size = 0x2000
                0x00000000                PROVIDE (Undefined_Handler, 0x0)
                0x00000000                PROVIDE (SWI_Handler, 0x0)
                0x00000000                PROVIDE (IRQ_Handler, 0x0)
                0x00000000                PROVIDE (Prefetch_Handler, 0x0)
                0x00000000                PROVIDE (Abort_Handler, 0x0)
                0x00000000                PROVIDE (FIQ_Handler, 0x0)
                0x00000000                PROVIDE (NMIException, 0x0)
                0x00000000                PROVIDE (NMI_Handler, 0x0)
                0x00000000                PROVIDE (HardFaultException, 0x0)
                0x00000000                PROVIDE (HardFault_Handler, 0x0)
                0x00000000                PROVIDE (MemManageException, 0x0)
                0x00000000                PROVIDE (MemManage_Handler, 0x0)
                0x00000000                PROVIDE (BusFaultException, 0x0)
                0x00000000                PROVIDE (BusFault_Handler, 0x0)
                0x00000000                PROVIDE (UsageFaultException, 0x0)
                0x00000000                PROVIDE (UsageFault_Handler, 0x0)
                0x00000000                PROVIDE (SVCHandler, 0x0)
                0x00000000                PROVIDE (SVC_Handler, 0x0)
                0x00000000                PROVIDE (DebugMonitor, 0x0)
                0x00000000                PROVIDE (DebugMon_Handler, 0x0)
                0x00000000                PROVIDE (PendSVC, 0x0)
                0x00000000                PROVIDE (PendSV_Handler, 0x0)
                0x00000000                PROVIDE (SysTickHandler, 0x0)
                0x00000000                PROVIDE (SysTick_Handler, 0x0)
                0x00000000                PROVIDE (WWDG_IRQHandler, 0x0)
                0x00000000                PROVIDE (PVD_IRQHandler, 0x0)
                0x00000000                PROVIDE (TAMPER_IRQHandler, 0x0)
                0x00000000                PROVIDE (RTC_IRQHandler, 0x0)
                0x00000000                PROVIDE (FLASH_IRQHandler, 0x0)
                0x00000000                PROVIDE (RCC_IRQHandler, 0x0)
                0x00000000                PROVIDE (EXTI0_IRQHandler, 0x0)
                0x00000000                PROVIDE (EXTI1_IRQHandler, 0x0)
                0x00000000                PROVIDE (EXTI2_IRQHandler, 0x0)
                0x00000000                PROVIDE (EXTI3_IRQHandler, 0x0)
                0x00000000                PROVIDE (EXTI4_IRQHandler, 0x0)
                0x00000000                PROVIDE (DMAChannel1_IRQHandler, 0x0)
                0x00000000                PROVIDE (DMAChannel2_IRQHandler, 0x0)
                0x00000000                PROVIDE (DMAChannel3_IRQHandler, 0x0)
                0x00000000                PROVIDE (DMAChannel4_IRQHandler, 0x0)
                0x00000000                PROVIDE (DMAChannel5_IRQHandler, 0x0)
                0x00000000                PROVIDE (DMAChannel6_IRQHandler, 0x0)
                0x00000000                PROVIDE (DMAChannel7_IRQHandler, 0x0)
                0x00000000                PROVIDE (DMA1_Channel1_IRQHandler, 0x0)
                0x00000000                PROVIDE (DMA1_Channel2_IRQHandler, 0x0)
                0x00000000                PROVIDE (DMA1_Channel3_IRQHandler, 0x0)
                0x00000000                PROVIDE (DMA1_Channel4_IRQHandler, 0x0)
                0x00000000                PROVIDE (DMA1_Channel5_IRQHandler, 0x0)
                0x00000000                PROVIDE (DMA1_Channel6_IRQHandler, 0x0)
                0x00000000                PROVIDE (DMA1_Channel7_IRQHandler, 0x0)
                0x00000000                PROVIDE (ADC_IRQHandler, 0x0)
                0x00000000                PROVIDE (ADC1_2_IRQHandler, 0x0)
                0x00000000                PROVIDE (USB_HP_CAN_TX_IRQHandler, 0x0)
                0x00000000                PROVIDE (USB_HP_CAN1_TX_IRQHandler, 0x0)
                0x00000000                PROVIDE (USB_LP_CAN_RX0_IRQHandler, 0x0)
                0x00000000                PROVIDE (USB_LP_CAN1_RX0_IRQHandler, 0x0)
                0x00000000                PROVIDE (CAN_RX1_IRQHandler, 0x0)
                0x00000000                PROVIDE (CAN1_RX1_IRQHandler, 0x0)
                0x00000000                PROVIDE (CAN_SCE_IRQHandler, 0x0)
                0x00000000                PROVIDE (CAN1_SCE_IRQHandler, 0x0)
                0x00000000                PROVIDE (EXTI9_5_IRQHandler, 0x0)
                0x00000000                PROVIDE (TIM1_BRK_IRQHandler, 0x0)
                0x00000000                PROVIDE (TIM1_UP_IRQHandler, 0x0)
                0x00000000                PROVIDE (TIM1_TRG_COM_IRQHandler, 0x0)
                0x00000000                PROVIDE (TIM1_CC_IRQHandler, 0x0)
                0x00000000                PROVIDE (TIM2_IRQHandler, 0x0)
                0x00000000                PROVIDE (TIM3_IRQHandler, 0x0)
                0x00000000                PROVIDE (TIM4_IRQHandler, 0x0)
                0x00000000                PROVIDE (I2C1_EV_IRQHandler, 0x0)
                0x00000000                PROVIDE (I2C1_ER_IRQHandler, 0x0)
                0x00000000                PROVIDE (I2C2_EV_IRQHandler, 0x0)
                0x00000000                PROVIDE (I2C2_ER_IRQHandler, 0x0)
                0x00000000                PROVIDE (SPI1_IRQHandler, 0x0)
                0x00000000                PROVIDE (SPI2_IRQHandler, 0x0)
                0x00000000                PROVIDE (USART1_IRQHandler, 0x0)
                0x00000000                PROVIDE (USART2_IRQHandler, 0x0)
                0x00000000                PROVIDE (USART3_IRQHandler, 0x0)
                0x00000000                PROVIDE (EXTI15_10_IRQHandler, 0x0)
                0x00000000                PROVIDE (RTCAlarm_IRQHandler, 0x0)
                0x00000000                PROVIDE (USBWakeUp_IRQHandler, 0x0)
                0x00000000                PROVIDE (TIM8_BRK_IRQHandler, 0x0)
                0x00000000                PROVIDE (TIM8_UP_IRQHandler, 0x0)
                0x00000000                PROVIDE (TIM8_TRG_COM_IRQHandler, 0x0)
                0x00000000                PROVIDE (TIM8_CC_IRQHandler, 0x0)
                0x00000000                PROVIDE (ADC3_IRQHandler, 0x0)
                0x00000000                PROVIDE (FSMC_IRQHandler, 0x0)
                0x00000000                PROVIDE (SDIO_IRQHandler, 0x0)
                0x00000000                PROVIDE (TIM5_IRQHandler, 0x0)
                0x00000000                PROVIDE (SPI3_IRQHandler, 0x0)
                0x00000000                PROVIDE (UART4_IRQHandler, 0x0)
                0x00000000                PROVIDE (UART5_IRQHandler, 0x0)
                0x00000000                PROVIDE (TIM6_IRQHandler, 0x0)
                0x00000000                PROVIDE (TIM7_IRQHandler, 0x0)
                0x00000000                PROVIDE (DMA2_Channel1_IRQHandler, 0x0)
                0x00000000                PROVIDE (DMA2_Channel2_IRQHandler, 0x0)
                0x00000000                PROVIDE (DMA2_Channel3_IRQHandler, 0x0)
                0x00000000                PROVIDE (DMA2_Channel4_5_IRQHandler, 0x0)
                0x42000000                PERIPH_BB_BASE = 0x42000000
                0x22000000                SRAM_BB_BASE = 0x22000000
                0x20000000                SRAM_BASE = 0x20000000
                0x40000000                PERIPH_BASE = 0x40000000
                0x40022000                PROVIDE (FLASH_BASE, 0x40022000)
                0x1ffff800                PROVIDE (OB_BASE, 0x1ffff800)
                0x40000000                APB1PERIPH_BASE = PERIPH_BASE
                0x40010000                APB2PERIPH_BASE = (PERIPH_BASE + 0x10000)
                0x40020000                AHBPERIPH_BASE = (PERIPH_BASE + 0x20000)
                0x40000000                PROVIDE (TIM2, (APB1PERIPH_BASE + 0x0))
                0x40000400                PROVIDE (TIM3, (APB1PERIPH_BASE + 0x400))
                0x40000800                PROVIDE (TIM4, (APB1PERIPH_BASE + 0x800))
                0x40002800                PROVIDE (RTC, (APB1PERIPH_BASE + 0x2800))
                0x40002c00                PROVIDE (WWDG, (APB1PERIPH_BASE + 0x2c00))
                0x40003000                PROVIDE (IWDG, (APB1PERIPH_BASE + 0x3000))
                0x40003800                PROVIDE (SPI2, (APB1PERIPH_BASE + 0x3800))
                0x40004400                PROVIDE (USART2, (APB1PERIPH_BASE + 0x4400))
                0x40004800                PROVIDE (USART3, (APB1PERIPH_BASE + 0x4800))
                0x40005400                PROVIDE (I2C1, (APB1PERIPH_BASE + 0x5400))
                0x40005800                PROVIDE (I2C2, (APB1PERIPH_BASE + 0x5800))
                0x40006400                PROVIDE (CAN, (APB1PERIPH_BASE + 0x6400))
                0x40006c00                PROVIDE (BKP, (APB1PERIPH_BASE + 0x6c00))
                0x40007000                PROVIDE (PWR, (APB1PERIPH_BASE + 0x7000))
                0x40010000                PROVIDE (AFIO, (APB2PERIPH_BASE + 0x0))
                0x40010400                PROVIDE (EXTI, (APB2PERIPH_BASE + 0x400))
                0x40010800                PROVIDE (GPIOA, (APB2PERIPH_BASE + 0x800))
                0x40010c00                PROVIDE (GPIOB, (APB2PERIPH_BASE + 0xc00))
                0x40011000                PROVIDE (GPIOC, (APB2PERIPH_BASE + 0x1000))
                0x40011400                PROVIDE (GPIOD, (APB2PERIPH_BASE + 0x1400))
                0x40011800                PROVIDE (GPIOE, (APB2PERIPH_BASE + 0x1800))
                0x40012400                PROVIDE (ADC1, (APB2PERIPH_BASE + 0x2400))
                0x40012800                PROVIDE (ADC2, (APB2PERIPH_BASE + 0x2800))
                0x40012c00                PROVIDE (TIM1, (APB2PERIPH_BASE + 0x2c00))
                0x40013000                PROVIDE (SPI1, (APB2PERIPH_BASE + 0x3000))
                0x40013800                PROVIDE (USART1, (APB2PERIPH_BASE + 0x3800))
                0x40020000                PROVIDE (DMA, (AHBPERIPH_BASE + 0x0))
                0x40020008                PROVIDE (DMA_Channel1, (AHBPERIPH_BASE + 0x8))
                0x4002001c                PROVIDE (DMA_Channel2, (AHBPERIPH_BASE + 0x1c))
                0x40020030                PROVIDE (DMA_Channel3, (AHBPERIPH_BASE + 0x30))
                0x40020044                PROVIDE (DMA_Channel4, (AHBPERIPH_BASE + 0x44))
                0x40020058                PROVIDE (DMA_Channel5, (AHBPERIPH_BASE + 0x58))
                0x4002006c                PROVIDE (DMA_Channel6, (AHBPERIPH_BASE + 0x6c))
                0x40020080                PROVIDE (DMA_Channel7, (AHBPERIPH_BASE + 0x80))
                0x40021000                PROVIDE (RCC, (AHBPERIPH_BASE + 0x1000))
                0xe000e000                SCS_BASE = 0xe000e000
                0xe000e010                PROVIDE (SysTick, (SCS_BASE + 0x10))
                0xe000e100                PROVIDE (NVIC, (SCS_BASE + 0x100))
                0xe000ed00                PROVIDE (SCB, (SCS_BASE + 0xd00))
                0x20005000                PROVIDE (_estack, (ORIGIN (RAM) + 0x5000))

.isr_vector     0x08000000      0x10c
                0x08000000                . = ALIGN (0x4)
 *(.isr_vector)
 .isr_vector    0x08000000      0x10c lib/CMSIS_CM3/startup/gcc/startup_stm32f10x_md.o
                0x08000000                g_pfnVectors
                0x0800010c                . = ALIGN (0x4)

.flash_start    0x00000000        0x0
                0x00000000                . = ALIGN (0x4)
 *(.flash_start)
 *(.flash_start.*)
                0x00000000                . = ALIGN (0x4)

.crp_patch      0x00000000        0x0
                0x00000000                . = ALIGN (0x4)
 *(.crp_patch)
                0x00000000                . = ALIGN (0x4)

.flashtext      0x0800010c        0x0
                0x0800010c                . = ALIGN (0x4)
 *(.flashtext)
                0x0800010c                . = ALIGN (0x4)

.text           0x08000110     0xaecc
                0x08000110                . = ALIGN (0x4)
 *(.text)
 .text          0x08000110      0x370 /home/laurence/ARM-GCC/bin/../lib/gcc/arm-none-eabi/4.7.4/armv7-m/libgcc.a(_arm_addsubdf3.o)
                0x08000110                __aeabi_drsub
                0x08000118                __aeabi_dsub
                0x08000118                __subdf3
                0x0800011c                __adddf3
                0x0800011c                __aeabi_dadd
                0x08000394                __aeabi_ui2d
                0x08000394                __floatunsidf
                0x080003b4                __floatsidf
                0x080003b4                __aeabi_i2d
                0x080003d8                __extendsfdf2
                0x080003d8                __aeabi_f2d
                0x08000414                __aeabi_ul2d
                0x08000414                __floatundidf
                0x08000424                __floatdidf
                0x08000424                __aeabi_l2d
 .text          0x08000480      0x424 /home/laurence/ARM-GCC/bin/../lib/gcc/arm-none-eabi/4.7.4/armv7-m/libgcc.a(_arm_muldivdf3.o)
                0x08000480                __aeabi_dmul
                0x08000480                __muldf3
                0x080006d4                __aeabi_ddiv
                0x080006d4                __divdf3
 .text          0x080008a4      0x110 /home/laurence/ARM-GCC/bin/../lib/gcc/arm-none-eabi/4.7.4/armv7-m/libgcc.a(_arm_cmpdf2.o)
                0x080008a4                __gtdf2
                0x080008a4                __gedf2
                0x080008ac                __ltdf2
                0x080008ac                __ledf2
                0x080008b4                __cmpdf2
                0x080008b4                __eqdf2
                0x080008b4                __nedf2
                0x08000930                __aeabi_cdrcmple
                0x08000940                __aeabi_cdcmple
                0x08000940                __aeabi_cdcmpeq
                0x08000950                __aeabi_dcmpeq
                0x08000964                __aeabi_dcmplt
                0x08000978                __aeabi_dcmple
                0x0800098c                __aeabi_dcmpge
                0x080009a0                __aeabi_dcmpgt
 .text          0x080009b4       0x40 /home/laurence/ARM-GCC/bin/../lib/gcc/arm-none-eabi/4.7.4/armv7-m/libgcc.a(_arm_fixunsdfsi.o)
                0x080009b4                __fixunsdfsi
                0x080009b4                __aeabi_d2uiz
 .text          0x080009f4       0xa0 /home/laurence/ARM-GCC/bin/../lib/gcc/arm-none-eabi/4.7.4/armv7-m/libgcc.a(_arm_truncdfsf2.o)
                0x080009f4                __aeabi_d2f
                0x080009f4                __truncdfsf2
 .text          0x08000a94      0x21c /home/laurence/ARM-GCC/bin/../lib/gcc/arm-none-eabi/4.7.4/armv7-m/libgcc.a(_arm_addsubsf3.o)
                0x08000a94                __aeabi_frsub
                0x08000a9c                __subsf3
                0x08000a9c                __aeabi_fsub
                0x08000aa0                __aeabi_fadd
                0x08000aa0                __addsf3
                0x08000c00                __aeabi_ui2f
                0x08000c00                __floatunsisf
                0x08000c08                __aeabi_i2f
                0x08000c08                __floatsisf
                0x08000c24                __floatundisf
                0x08000c24                __aeabi_ul2f
                0x08000c34                __floatdisf
                0x08000c34                __aeabi_l2f
 .text          0x08000cb0      0x2a0 /home/laurence/ARM-GCC/bin/../lib/gcc/arm-none-eabi/4.7.4/armv7-m/libgcc.a(_arm_muldivsf3.o)
                0x08000cb0                __mulsf3
                0x08000cb0                __aeabi_fmul
                0x08000e18                __divsf3
                0x08000e18                __aeabi_fdiv
 .text          0x08000f50       0xec /home/laurence/ARM-GCC/bin/../lib/gcc/arm-none-eabi/4.7.4/armv7-m/libgcc.a(_arm_cmpsf2.o)
                0x08000f50                __gtsf2
                0x08000f50                __gesf2
                0x08000f58                __lesf2
                0x08000f58                __ltsf2
                0x08000f60                __nesf2
                0x08000f60                __eqsf2
                0x08000f60                __cmpsf2
                0x08000fc0                __aeabi_cfrcmple
                0x08000fc8                __aeabi_cfcmple
                0x08000fc8                __aeabi_cfcmpeq
                0x08000fd8                __aeabi_fcmpeq
                0x08000fec                __aeabi_fcmplt
                0x08001000                __aeabi_fcmple
                0x08001014                __aeabi_fcmpge
                0x08001028                __aeabi_fcmpgt
 .text          0x0800103c       0x40 /home/laurence/ARM-GCC/bin/../lib/gcc/arm-none-eabi/4.7.4/armv7-m/libgcc.a(_arm_fixunssfsi.o)
                0x0800103c                __aeabi_f2uiz
                0x0800103c                __fixunssfsi
 *(.text.*)
 *fill*         0x0800107c        0x4 00
 .text.startup.main
                0x08001080     0x1880 /tmp/ccgTP7Fa.ltrans0.ltrans.o
                0x08001080                main
 .text.atoiRamRom.4155
                0x08002900       0x20 /tmp/ccgTP7Fa.ltrans1.ltrans.o
 .text.Resume_Init.4264
                0x08002920       0x30 /tmp/ccgTP7Fa.ltrans1.ltrans.o
 .text.Resume.4259
                0x08002950       0x88 /tmp/ccgTP7Fa.ltrans1.ltrans.o
 .text.Get_Max_Lun
                0x080029d8       0x18 /tmp/ccgTP7Fa.ltrans1.ltrans.o
                0x080029d8                Get_Max_Lun
 .text.MASS_Get_Interface_Setting
                0x080029f0        0xc /tmp/ccgTP7Fa.ltrans1.ltrans.o
                0x080029f0                MASS_Get_Interface_Setting
 .text.MASS_Status_Out
                0x080029fc        0x2 /tmp/ccgTP7Fa.ltrans1.ltrans.o
                0x080029fc                MASS_Status_Out
 .text.MASS_Status_In
                0x080029fe        0x2 /tmp/ccgTP7Fa.ltrans1.ltrans.o
                0x080029fe                MASS_Status_In
 .text.Mass_Storage_SetDeviceAddress
                0x08002a00        0xc /tmp/ccgTP7Fa.ltrans1.ltrans.o
                0x08002a00                Mass_Storage_SetDeviceAddress
 .text.__usart_send_char
                0x08002a0c       0x1c /tmp/ccgTP7Fa.ltrans1.ltrans.o
                0x08002a0c                __usart_send_char
 .text.__str_print_char
                0x08002a28       0x2c /tmp/ccgTP7Fa.ltrans1.ltrans.o
                0x08002a28                __str_print_char
 .text.stm32_dma_transfer.5588.4137
                0x08002a54       0xc8 /tmp/ccgTP7Fa.ltrans1.ltrans.o
 .text.MASS_Reset
                0x08002b1c       0xe0 /tmp/ccgTP7Fa.ltrans1.ltrans.o
                0x08002b1c                MASS_Reset
 .text.Mass_Storage_SetConfiguration
                0x08002bfc       0x30 /tmp/ccgTP7Fa.ltrans1.ltrans.o
                0x08002bfc                Mass_Storage_SetConfiguration
 .text.MASS_NoData_Setup
                0x08002c2c       0x4c /tmp/ccgTP7Fa.ltrans1.ltrans.o
                0x08002c2c                MASS_NoData_Setup
 .text.MASS_GetDeviceDescriptor
                0x08002c78        0xc /tmp/ccgTP7Fa.ltrans1.ltrans.o
                0x08002c78                MASS_GetDeviceDescriptor
 .text.MASS_GetConfigDescriptor
                0x08002c84        0xc /tmp/ccgTP7Fa.ltrans1.ltrans.o
                0x08002c84                MASS_GetConfigDescriptor
 .text.MASS_GetStringDescriptor
                0x08002c90       0x20 /tmp/ccgTP7Fa.ltrans1.ltrans.o
                0x08002c90                MASS_GetStringDescriptor
 .text.__gps_send_char
                0x08002cb0       0x1c /tmp/ccgTP7Fa.ltrans1.ltrans.o
                0x08002cb0                __gps_send_char
 .text.Usart_Send_Str
                0x08002ccc       0x16 /tmp/ccgTP7Fa.ltrans1.ltrans.o
                0x08002ccc                Usart_Send_Str
 *fill*         0x08002ce2        0x2 00
 .text.power_on.5575
                0x08002ce4       0xf0 /tmp/ccgTP7Fa.ltrans1.ltrans.o
                0x08002ce4                power_on.5575
 .text.Init_Timer
                0x08002dd4       0x74 /tmp/ccgTP7Fa.ltrans1.ltrans.o
                0x08002dd4                Init_Timer
 .text.Timer_GPIO_Enable
                0x08002e48       0x24 /tmp/ccgTP7Fa.ltrans1.ltrans.o
                0x08002e48                Timer_GPIO_Enable
 .text.Timer_GPIO_Disable
                0x08002e6c       0x24 /tmp/ccgTP7Fa.ltrans1.ltrans.o
                0x08002e6c                Timer_GPIO_Disable
 .text.shutdown
                0x08002e90       0x10 /tmp/ccgTP7Fa.ltrans1.ltrans.o
                0x08002e90                shutdown
 .text.I2C1_Request_Job
                0x08002ea0       0x58 /tmp/ccgTP7Fa.ltrans1.ltrans.o
                0x08002ea0                I2C1_Request_Job
 .text.rprintfChar
                0x08002ef8       0x1c /tmp/ccgTP7Fa.ltrans1.ltrans.o
                0x08002ef8                rprintfChar
 .text.rprintf2RamRom
                0x08002f14      0x404 /tmp/ccgTP7Fa.ltrans1.ltrans.o
                0x08002f14                rprintf2RamRom
 .text.stm32_spi_rw.5577
                0x08003318       0x24 /tmp/ccgTP7Fa.ltrans1.ltrans.o
                0x08003318                stm32_spi_rw.5577
 .text.rcvr_spi.5580
                0x0800333c        0x6 /tmp/ccgTP7Fa.ltrans1.ltrans.o
                0x0800333c                rcvr_spi.5580
 *fill*         0x08003342        0x2 00
 .text.release_spi
                0x08003344       0x18 /tmp/ccgTP7Fa.ltrans1.ltrans.o
                0x08003344                release_spi
 .text.rcvr_datablock
                0x0800335c       0x54 /tmp/ccgTP7Fa.ltrans1.ltrans.o
                0x0800335c                rcvr_datablock
 .text.xmit_datablock.part.1.5593
                0x080033b0       0x2c /tmp/ccgTP7Fa.ltrans1.ltrans.o
                0x080033b0                xmit_datablock.part.1.5593
 .text.wait_ready.5582
                0x080033dc       0x28 /tmp/ccgTP7Fa.ltrans1.ltrans.o
                0x080033dc                wait_ready.5582
 .text.send_cmd.5584
                0x08003404       0x90 /tmp/ccgTP7Fa.ltrans1.ltrans.o
                0x08003404                send_cmd.5584
 .text.disk_read
                0x08003494       0xa0 /tmp/ccgTP7Fa.ltrans1.ltrans.o
                0x08003494                disk_read
 .text.Read_Memory
                0x08003534      0x154 /tmp/ccgTP7Fa.ltrans1.ltrans.o
                0x08003534                Read_Memory
 .text.check_fs.5237
                0x08003688       0x88 /tmp/ccgTP7Fa.ltrans1.ltrans.o
                0x08003688                check_fs.5237
 .text.disk_timerproc
                0x08003710       0x48 /tmp/ccgTP7Fa.ltrans1.ltrans.o
                0x08003710                disk_timerproc
 .text.counter_to_struct.5491
                0x08003758       0xa8 /tmp/ccgTP7Fa.ltrans1.ltrans.o
                0x08003758                counter_to_struct.5491
 .text.isDST.5473
                0x08003800       0x2a /tmp/ccgTP7Fa.ltrans1.ltrans.o
                0x08003800                isDST.5473
 *fill*         0x0800382a        0x2 00
 .text.rtc_gettime
                0x0800382c       0x74 /tmp/ccgTP7Fa.ltrans1.ltrans.o
                0x0800382c                rtc_gettime
 .text.get_fattime
                0x080038a0       0x40 /tmp/ccgTP7Fa.ltrans1.ltrans.o
                0x080038a0                get_fattime
 .text.clust2sect
                0x080038e0       0x18 /tmp/ccgTP7Fa.ltrans1.ltrans.o
                0x080038e0                clust2sect
 .text.mem_cpy.5161
                0x080038f8       0x12 /tmp/ccgTP7Fa.ltrans1.ltrans.o
                0x080038f8                mem_cpy.5161
 *fill*         0x0800390a        0x2 00
 .text.ff_convert.part.0.5094
                0x0800390c       0x24 /tmp/ccgTP7Fa.ltrans1.ltrans.o
                0x0800390c                ff_convert.part.0.5094
 .text.Delay    0x08003930       0x18 /tmp/ccgTP7Fa.ltrans1.ltrans.o
                0x08003930                Delay
 .text.Pop_From_Buffer
                0x08003948       0x1c /tmp/ccgTP7Fa.ltrans1.ltrans.o
                0x08003948                Pop_From_Buffer
 .text.Add_To_Buffer
                0x08003964       0x48 /tmp/ccgTP7Fa.ltrans1.ltrans.o
                0x08003964                Add_To_Buffer
 .text.Bot_Abort.part.2.4580
                0x080039ac       0x18 /tmp/ccgTP7Fa.ltrans1.ltrans.o
                0x080039ac                Bot_Abort.part.2.4580
 .text.USB_Istr
                0x080039c4      0x118 /tmp/ccgTP7Fa.ltrans1.ltrans.o
                0x080039c4                USB_Istr
 .text.Set_CSW  0x08003adc       0x3c /tmp/ccgTP7Fa.ltrans1.ltrans.o
                0x08003adc                Set_CSW
 .text.Transfer_Data_Request
                0x08003b18       0x34 /tmp/ccgTP7Fa.ltrans1.ltrans.o
                0x08003b18                Transfer_Data_Request
 .text.IntToUnicode.4363
                0x08003b4c       0x2a /tmp/ccgTP7Fa.ltrans1.ltrans.o
                0x08003b4c                IntToUnicode.4363
 *fill*         0x08003b76        0x2 00
 .text.SCSI_Write10_Cmd.4136
                0x08003b78      0x12c /tmp/ccgTP7Fa.ltrans2.ltrans.o
 .text.EP2_OUT_Callback.4048
                0x08003ca4      0x314 /tmp/ccgTP7Fa.ltrans2.ltrans.o
 .text.__fat_print_char
                0x08003fb8       0x1c /tmp/ccgTP7Fa.ltrans2.ltrans.o
                0x08003fb8                __fat_print_char
 .text.dir_next.5303
                0x08003fd4       0xfa /tmp/ccgTP7Fa.ltrans2.ltrans.o
                0x08003fd4                dir_next.5303
 .text.remove_chain.5333
                0x080040ce       0x54 /tmp/ccgTP7Fa.ltrans2.ltrans.o
                0x080040ce                remove_chain.5333
 .text.f_truncate
                0x08004122       0x92 /tmp/ccgTP7Fa.ltrans2.ltrans.o
                0x08004122                f_truncate
 .text.f_lseek  0x080041b4      0x140 /tmp/ccgTP7Fa.ltrans2.ltrans.o
                0x080041b4                f_lseek
 .text.f_puts.constprop.10
                0x080042f4       0x34 /tmp/ccgTP7Fa.ltrans2.ltrans.o
                0x080042f4                f_puts.constprop.10
 .text.follow_path.5313.4139
                0x08004328      0x290 /tmp/ccgTP7Fa.ltrans3.ltrans.o
 .text.f_sync   0x080045b8      0x180 /tmp/ccgTP7Fa.ltrans3.ltrans.o
                0x080045b8                f_sync
 .text.f_open   0x08004738      0x3d0 /tmp/ccgTP7Fa.ltrans3.ltrans.o
                0x08004738                f_open
 .text.f_stat.constprop.12
                0x08004b08      0x13c /tmp/ccgTP7Fa.ltrans3.ltrans.o
                0x08004b08                f_stat.constprop.12
 .text.SCSI_Address_Management
                0x08004c44       0x74 /tmp/ccgTP7Fa.ltrans4.ltrans.o
                0x08004c44                SCSI_Address_Management
 .text.SCSI_Read10_Cmd
                0x08004cb8       0x6c /tmp/ccgTP7Fa.ltrans4.ltrans.o
                0x08004cb8                SCSI_Read10_Cmd
 .text.EP1_IN_Callback.4009
                0x08004d24       0x5c /tmp/ccgTP7Fa.ltrans4.ltrans.o
 .text.si446x_setup
                0x08004d80      0x6b0 /tmp/ccgTP7Fa.ltrans4.ltrans.o
                0x08004d80                si446x_setup
 .text.I2C_Config
                0x08005430      0x16c /tmp/ccgTP7Fa.ltrans4.ltrans.o
                0x08005430                I2C_Config
 .text.chk_mounted.5241
                0x0800559c      0x314 /tmp/ccgTP7Fa.ltrans4.ltrans.o
                0x0800559c                chk_mounted.5241
 .text.MASS_Data_Setup.4052
                0x080058b0       0x38 /tmp/ccgTP7Fa.ltrans5.ltrans.o
 .text.Mass_Storage_ClearFeature.4097
                0x080058e8       0x18 /tmp/ccgTP7Fa.ltrans5.ltrans.o
 .text.MASS_init.4162
                0x08005900       0x70 /tmp/ccgTP7Fa.ltrans5.ltrans.o
 .text.disk_initialize
                0x08005970      0x148 /tmp/ccgTP7Fa.ltrans5.ltrans.o
                0x08005970                disk_initialize
 .text.validate.5230
                0x08005ab8       0x2c /tmp/ccgTP7Fa.ltrans5.ltrans.o
                0x08005ab8                validate.5230
 .text.MAL_GetStatus
                0x08005ae4       0xc4 /tmp/ccgTP7Fa.ltrans5.ltrans.o
                0x08005ae4                MAL_GetStatus
 .text.send_string_to_silabs.constprop.29
                0x08005ba8       0x24 /tmp/ccgTP7Fa.ltrans5.ltrans.o
                0x08005ba8                send_string_to_silabs.constprop.29
 .text.si446x_spi_state_machine.constprop.27
                0x08005bcc      0x1f8 /tmp/ccgTP7Fa.ltrans5.ltrans.o
                0x08005bcc                si446x_spi_state_machine.constprop.27
 .text.si446x_state_machine
                0x08005dc4      0x220 /tmp/ccgTP7Fa.ltrans5.ltrans.o
                0x08005dc4                si446x_state_machine
 .text.Gps_Process_Byte.constprop.26
                0x08005fe4      0x1c8 /tmp/ccgTP7Fa.ltrans5.ltrans.o
                0x08005fe4                Gps_Process_Byte.constprop.26
 .text.Get_UBX_Ack.constprop.25
                0x080061ac       0xa4 /tmp/ccgTP7Fa.ltrans5.ltrans.o
                0x080061ac                Get_UBX_Ack.constprop.25
 .text.USART2_reconf.constprop.24
                0x08006250       0x50 /tmp/ccgTP7Fa.ltrans5.ltrans.o
                0x08006250                USART2_reconf.constprop.24
 .text.ReadADC1_noblock.constprop.5
                0x080062a0       0x20 /tmp/ccgTP7Fa.ltrans5.ltrans.o
                0x080062a0                ReadADC1_noblock.constprop.5
 .text.DMA_USART2_Configuration.constprop.4
                0x080062c0       0x50 /tmp/ccgTP7Fa.ltrans5.ltrans.o
                0x080062c0                DMA_USART2_Configuration.constprop.4
 .text.Bytes_In_DMA_Buffer.constprop.3
                0x08006310       0x30 /tmp/ccgTP7Fa.ltrans5.ltrans.o
                0x08006310                Bytes_In_DMA_Buffer.constprop.3
 .text.Gps_Send_Utf8
                0x08006340       0x1a /tmp/ccgTP7Fa.ltrans5.ltrans.o
                0x08006340                Gps_Send_Utf8
 .text.Gps_Send_Str
                0x0800635a       0x16 /tmp/ccgTP7Fa.ltrans5.ltrans.o
                0x0800635a                Gps_Send_Str
 .text.USB_LP_CAN1_RX0_IRQHandler
                0x08006370        0x4 /tmp/ccgTP7Fa.ltrans6.ltrans.o
                0x08006370                USB_LP_CAN1_RX0_IRQHandler
 .text.USB_HP_CAN1_TX_IRQHandler
                0x08006374        0x4 /tmp/ccgTP7Fa.ltrans6.ltrans.o
                0x08006374                USB_HP_CAN1_TX_IRQHandler
 .text.SysTick_Handler
                0x08006378      0x508 /tmp/ccgTP7Fa.ltrans6.ltrans.o
                0x08006378                SysTick_Handler
 .text.ADC1_2_IRQHandler
                0x08006880       0x6c /tmp/ccgTP7Fa.ltrans6.ltrans.o
                0x08006880                ADC1_2_IRQHandler
 .text.I2C1_ER_IRQHandler
                0x080068ec       0xf4 /tmp/ccgTP7Fa.ltrans6.ltrans.o
                0x080068ec                I2C1_ER_IRQHandler
 .text.I2C1_EV_IRQHandler
                0x080069e0      0x4d8 /tmp/ccgTP7Fa.ltrans6.ltrans.o
                0x080069e0                I2C1_EV_IRQHandler
 .text.EXTI15_10_IRQHandler
                0x08006eb8       0x34 /tmp/ccgTP7Fa.ltrans6.ltrans.o
                0x08006eb8                EXTI15_10_IRQHandler
 .text.DMA1_Channel4_IRQHandler
                0x08006eec       0x30 /tmp/ccgTP7Fa.ltrans6.ltrans.o
                0x08006eec                DMA1_Channel4_IRQHandler
 .text.DMA1_Channel5_IRQHandler
                0x08006f1c       0x30 /tmp/ccgTP7Fa.ltrans6.ltrans.o
                0x08006f1c                DMA1_Channel5_IRQHandler
 .text.EXTI0_IRQHandler
                0x08006f4c       0x34 /tmp/ccgTP7Fa.ltrans6.ltrans.o
                0x08006f4c                EXTI0_IRQHandler
 .text.USART3_IRQHandler
                0x08006f80       0x74 /tmp/ccgTP7Fa.ltrans6.ltrans.o
                0x08006f80                USART3_IRQHandler
 .text.file_preallocation_control.part.0.6637
                0x08006ff4       0x26 /tmp/ccgTP7Fa.ltrans6.ltrans.o
                0x08006ff4                file_preallocation_control.part.0.6637
 .text.f_close  0x0800701a        0xe /tmp/ccgTP7Fa.ltrans6.ltrans.o
                0x0800701a                f_close
 .text.wave_terminate.constprop.6
                0x08007028       0x78 /tmp/ccgTP7Fa.ltrans6.ltrans.o
                0x08007028                wave_terminate.constprop.6
 .text.disk_write
                0x080070a0       0xcc /tmp/ccgTP7Fa.ltrans7.ltrans.o
                0x080070a0                disk_write
 .text.move_window.5220
                0x0800716c       0x76 /tmp/ccgTP7Fa.ltrans7.ltrans.o
                0x0800716c                move_window.5220
 .text.put_fat  0x080071e2       0xf2 /tmp/ccgTP7Fa.ltrans7.ltrans.o
                0x080071e2                put_fat
 .text.get_fat  0x080072d4       0xc8 /tmp/ccgTP7Fa.ltrans7.ltrans.o
                0x080072d4                get_fat
 .text.create_chain.5299
                0x0800739c       0x9a /tmp/ccgTP7Fa.ltrans7.ltrans.o
                0x0800739c                create_chain.5299
 .text.f_write  0x08007436      0x19a /tmp/ccgTP7Fa.ltrans7.ltrans.o
                0x08007436                f_write
 .text.dir_sdi.5267
                0x080075d0       0x84 /tmp/ccgTP7Fa.ltrans7.ltrans.o
                0x080075d0                dir_sdi.5267
 .text.SCSI_Invalid_Cmd
                0x08007654       0x3c /tmp/ccgTP7Fa.ltrans7.ltrans.o
                0x08007654                SCSI_Invalid_Cmd
 .text.dir_find.part.4.5307
                0x08007690      0x180 /tmp/ccgTP7Fa.ltrans8.ltrans.o
                0x08007690                dir_find.part.4.5307
 .text.USART1_IRQHandler
                0x08007810       0x34 /tmp/ccgTP7Fa.ltrans9.ltrans.o
                0x08007810                USART1_IRQHandler
 .text.malloc   0x08007844       0x10 /home/laurence/ARM-GCC/bin/../lib/gcc/arm-none-eabi/4.7.4/../../../../arm-none-eabi/lib/armv7-m/libc.a(lib_a-malloc.o)
                0x08007844                malloc
 .text._malloc_r
                0x08007854      0x530 /home/laurence/ARM-GCC/bin/../lib/gcc/arm-none-eabi/4.7.4/../../../../arm-none-eabi/lib/armv7-m/libc.a(lib_a-mallocr.o)
                0x08007854                _malloc_r
 .text.memcpy   0x08007d84      0x15c /home/laurence/ARM-GCC/bin/../lib/gcc/arm-none-eabi/4.7.4/../../../../arm-none-eabi/lib/armv7-m/libc.a(lib_a-memcpy.o)
                0x08007d84                memcpy
 .text.__malloc_lock
                0x08007ee0        0x4 /home/laurence/ARM-GCC/bin/../lib/gcc/arm-none-eabi/4.7.4/../../../../arm-none-eabi/lib/armv7-m/libc.a(lib_a-mlock.o)
                0x08007ee0                __malloc_lock
 .text.__malloc_unlock
                0x08007ee4        0x4 /home/laurence/ARM-GCC/bin/../lib/gcc/arm-none-eabi/4.7.4/../../../../arm-none-eabi/lib/armv7-m/libc.a(lib_a-mlock.o)
                0x08007ee4                __malloc_unlock
 .text._sbrk_r  0x08007ee8       0x24 /home/laurence/ARM-GCC/bin/../lib/gcc/arm-none-eabi/4.7.4/../../../../arm-none-eabi/lib/armv7-m/libc.a(lib_a-sbrkr.o)
                0x08007ee8                _sbrk_r
 .text.strcat   0x08007f0c       0x4c /home/laurence/ARM-GCC/bin/../lib/gcc/arm-none-eabi/4.7.4/../../../../arm-none-eabi/lib/armv7-m/libc.a(lib_a-strcat.o)
                0x08007f0c                strcat
 .text.strchr   0x08007f58       0xfc /home/laurence/ARM-GCC/bin/../lib/gcc/arm-none-eabi/4.7.4/../../../../arm-none-eabi/lib/armv7-m/libc.a(lib_a-strchr.o)
                0x08007f58                strchr
 .text.strcpy   0x08008054       0xbc /home/laurence/ARM-GCC/bin/../lib/gcc/arm-none-eabi/4.7.4/../../../../arm-none-eabi/lib/armv7-m/libc.a(lib_a-strcpy.o)
                0x08008054                strcpy
 .text.strlen   0x08008110       0x60 /home/laurence/ARM-GCC/bin/../lib/gcc/arm-none-eabi/4.7.4/../../../../arm-none-eabi/lib/armv7-m/libc.a(lib_a-strlen.o)
                0x08008110                strlen
 .text.strncmp  0x08008170      0x120 /home/laurence/ARM-GCC/bin/../lib/gcc/arm-none-eabi/4.7.4/../../../../arm-none-eabi/lib/armv7-m/libc.a(lib_a-strncmp.o)
                0x08008170                strncmp
 .text.strncpy  0x08008290      0x10c /home/laurence/ARM-GCC/bin/../lib/gcc/arm-none-eabi/4.7.4/../../../../arm-none-eabi/lib/armv7-m/libc.a(lib_a-strncpy.o)
                0x08008290                strncpy
 .text._malloc_trim_r
                0x0800839c       0x98 /home/laurence/ARM-GCC/bin/../lib/gcc/arm-none-eabi/4.7.4/../../../../arm-none-eabi/lib/armv7-m/libc.a(lib_a-freer.o)
                0x0800839c                _malloc_trim_r
 .text._free_r  0x08008434      0x194 /home/laurence/ARM-GCC/bin/../lib/gcc/arm-none-eabi/4.7.4/../../../../arm-none-eabi/lib/armv7-m/libc.a(lib_a-freer.o)
                0x08008434                _free_r
 .text.Reset_Handler
                0x080085c8       0x48 lib/CMSIS_CM3/startup/gcc/startup_stm32f10x_md.o
                0x080085c8                Reset_Handler
 .text.Default_Handler
                0x08008610        0x4 lib/CMSIS_CM3/startup/gcc/startup_stm32f10x_md.o
                0x08008610                EXTI2_IRQHandler
                0x08008610                DebugMon_Handler
                0x08008610                TIM1_CC_IRQHandler
                0x08008610                HardFault_Handler
                0x08008610                PVD_IRQHandler
                0x08008610                PendSV_Handler
                0x08008610                NMI_Handler
                0x08008610                EXTI3_IRQHandler
                0x08008610                I2C2_EV_IRQHandler
                0x08008610                UsageFault_Handler
                0x08008610                SPI1_IRQHandler
                0x08008610                TAMPER_IRQHandler
                0x08008610                RTC_IRQHandler
                0x08008610                DMA1_Channel7_IRQHandler
                0x08008610                CAN1_RX1_IRQHandler
                0x08008610                TIM4_IRQHandler
                0x08008610                DMA1_Channel6_IRQHandler
                0x08008610                TIM3_IRQHandler
                0x08008610                RCC_IRQHandler
                0x08008610                TIM1_TRG_COM_IRQHandler
                0x08008610                DMA1_Channel1_IRQHandler
                0x08008610                Default_Handler
                0x08008610                EXTI9_5_IRQHandler
                0x08008610                SPI2_IRQHandler
                0x08008610                MemManage_Handler
                0x08008610                SVC_Handler
                0x08008610                EXTI4_IRQHandler
                0x08008610                DMA1_Channel3_IRQHandler
                0x08008610                TIM1_UP_IRQHandler
                0x08008610                WWDG_IRQHandler
                0x08008610                TIM2_IRQHandler
                0x08008610                TIM1_BRK_IRQHandler
                0x08008610                EXTI1_IRQHandler
                0x08008610                RTCAlarm_IRQHandler
                0x08008610                USART2_IRQHandler
                0x08008610                I2C2_ER_IRQHandler
                0x08008610                DMA1_Channel2_IRQHandler
                0x08008610                CAN1_SCE_IRQHandler
                0x08008610                FLASH_IRQHandler
                0x08008610                BusFault_Handler
                0x08008610                USBWakeUp_IRQHandler
 .text.NVIC_PriorityGroupConfig
                0x08008614       0x14 lib/STM32F10x_StdPeriph_Driver/libstm32fw.a(misc.o)
                0x08008614                NVIC_PriorityGroupConfig
 .text.NVIC_Init
                0x08008628       0x68 lib/STM32F10x_StdPeriph_Driver/libstm32fw.a(misc.o)
                0x08008628                NVIC_Init
 .text.NVIC_SetVectorTable
                0x08008690       0x14 lib/STM32F10x_StdPeriph_Driver/libstm32fw.a(misc.o)
                0x08008690                NVIC_SetVectorTable
 .text.SysTick_CLKSourceConfig
                0x080086a4       0x18 lib/STM32F10x_StdPeriph_Driver/libstm32fw.a(misc.o)
                0x080086a4                SysTick_CLKSourceConfig
 .text.ADC_DeInit
                0x080086bc       0x5c lib/STM32F10x_StdPeriph_Driver/libstm32fw.a(stm32f10x_adc.o)
                0x080086bc                ADC_DeInit
 .text.ADC_Init
                0x08008718       0x48 lib/STM32F10x_StdPeriph_Driver/libstm32fw.a(stm32f10x_adc.o)
                0x08008718                ADC_Init
 .text.ADC_Cmd  0x08008760       0x12 lib/STM32F10x_StdPeriph_Driver/libstm32fw.a(stm32f10x_adc.o)
                0x08008760                ADC_Cmd
 .text.ADC_ResetCalibration
                0x08008772        0xa lib/STM32F10x_StdPeriph_Driver/libstm32fw.a(stm32f10x_adc.o)
                0x08008772                ADC_ResetCalibration
 .text.ADC_GetResetCalibrationStatus
                0x0800877c        0x8 lib/STM32F10x_StdPeriph_Driver/libstm32fw.a(stm32f10x_adc.o)
                0x0800877c                ADC_GetResetCalibrationStatus
 .text.ADC_StartCalibration
                0x08008784        0xa lib/STM32F10x_StdPeriph_Driver/libstm32fw.a(stm32f10x_adc.o)
                0x08008784                ADC_StartCalibration
 .text.ADC_GetCalibrationStatus
                0x0800878e        0x8 lib/STM32F10x_StdPeriph_Driver/libstm32fw.a(stm32f10x_adc.o)
                0x0800878e                ADC_GetCalibrationStatus
 .text.ADC_SoftwareStartConvCmd
                0x08008796       0x12 lib/STM32F10x_StdPeriph_Driver/libstm32fw.a(stm32f10x_adc.o)
                0x08008796                ADC_SoftwareStartConvCmd
 .text.ADC_RegularChannelConfig
                0x080087a8       0x9a lib/STM32F10x_StdPeriph_Driver/libstm32fw.a(stm32f10x_adc.o)
                0x080087a8                ADC_RegularChannelConfig
 .text.ADC_GetConversionValue
                0x08008842        0x6 lib/STM32F10x_StdPeriph_Driver/libstm32fw.a(stm32f10x_adc.o)
                0x08008842                ADC_GetConversionValue
 .text.ADC_ExternalTrigInjectedConvConfig
                0x08008848        0xc lib/STM32F10x_StdPeriph_Driver/libstm32fw.a(stm32f10x_adc.o)
                0x08008848                ADC_ExternalTrigInjectedConvConfig
 .text.ADC_SoftwareStartInjectedConvCmd
                0x08008854       0x12 lib/STM32F10x_StdPeriph_Driver/libstm32fw.a(stm32f10x_adc.o)
                0x08008854                ADC_SoftwareStartInjectedConvCmd
 .text.ADC_InjectedChannelConfig
                0x08008866       0x60 lib/STM32F10x_StdPeriph_Driver/libstm32fw.a(stm32f10x_adc.o)
                0x08008866                ADC_InjectedChannelConfig
 .text.ADC_InjectedSequencerLengthConfig
                0x080088c6       0x10 lib/STM32F10x_StdPeriph_Driver/libstm32fw.a(stm32f10x_adc.o)
                0x080088c6                ADC_InjectedSequencerLengthConfig
 .text.ADC_GetInjectedConversionValue
                0x080088d6       0x1a lib/STM32F10x_StdPeriph_Driver/libstm32fw.a(stm32f10x_adc.o)
                0x080088d6                ADC_GetInjectedConversionValue
 .text.ADC_GetFlagStatus
                0x080088f0        0xc lib/STM32F10x_StdPeriph_Driver/libstm32fw.a(stm32f10x_adc.o)
                0x080088f0                ADC_GetFlagStatus
 .text.ADC_ClearFlag
                0x080088fc        0x6 lib/STM32F10x_StdPeriph_Driver/libstm32fw.a(stm32f10x_adc.o)
                0x080088fc                ADC_ClearFlag
 .text.ADC_GetITStatus
                0x08008902       0x16 lib/STM32F10x_StdPeriph_Driver/libstm32fw.a(stm32f10x_adc.o)
                0x08008902                ADC_GetITStatus
 .text.ADC_ClearITPendingBit
                0x08008918        0x8 lib/STM32F10x_StdPeriph_Driver/libstm32fw.a(stm32f10x_adc.o)
                0x08008918                ADC_ClearITPendingBit
 .text.BKP_DeInit
                0x08008920       0x12 lib/STM32F10x_StdPeriph_Driver/libstm32fw.a(stm32f10x_bkp.o)
                0x08008920                BKP_DeInit
 *fill*         0x08008932        0x2 00
 .text.BKP_RTCOutputConfig
                0x08008934       0x18 lib/STM32F10x_StdPeriph_Driver/libstm32fw.a(stm32f10x_bkp.o)
                0x08008934                BKP_RTCOutputConfig
 .text.BKP_SetRTCCalibrationValue
                0x0800894c       0x18 lib/STM32F10x_StdPeriph_Driver/libstm32fw.a(stm32f10x_bkp.o)
                0x0800894c                BKP_SetRTCCalibrationValue
 .text.BKP_WriteBackupRegister
                0x08008964       0x1c lib/STM32F10x_StdPeriph_Driver/libstm32fw.a(stm32f10x_bkp.o)
                0x08008964                BKP_WriteBackupRegister
 .text.BKP_ReadBackupRegister
                0x08008980       0x20 lib/STM32F10x_StdPeriph_Driver/libstm32fw.a(stm32f10x_bkp.o)
                0x08008980                BKP_ReadBackupRegister
 .text.DBGMCU_Config
                0x080089a0       0x18 lib/STM32F10x_StdPeriph_Driver/libstm32fw.a(stm32f10x_dbgmcu.o)
                0x080089a0                DBGMCU_Config
 .text.DMA_DeInit
                0x080089b8       0xec lib/STM32F10x_StdPeriph_Driver/libstm32fw.a(stm32f10x_dma.o)
                0x080089b8                DMA_DeInit
 .text.DMA_Init
                0x08008aa4       0x40 lib/STM32F10x_StdPeriph_Driver/libstm32fw.a(stm32f10x_dma.o)
                0x08008aa4                DMA_Init
 .text.DMA_Cmd  0x08008ae4       0x12 lib/STM32F10x_StdPeriph_Driver/libstm32fw.a(stm32f10x_dma.o)
                0x08008ae4                DMA_Cmd
 .text.DMA_ITConfig
                0x08008af6       0x10 lib/STM32F10x_StdPeriph_Driver/libstm32fw.a(stm32f10x_dma.o)
                0x08008af6                DMA_ITConfig
 .text.DMA_GetCurrDataCounter
                0x08008b06        0x6 lib/STM32F10x_StdPeriph_Driver/libstm32fw.a(stm32f10x_dma.o)
                0x08008b06                DMA_GetCurrDataCounter
 .text.DMA_GetFlagStatus
                0x08008b0c       0x1c lib/STM32F10x_StdPeriph_Driver/libstm32fw.a(stm32f10x_dma.o)
                0x08008b0c                DMA_GetFlagStatus
 .text.DMA_ClearFlag
                0x08008b28       0x14 lib/STM32F10x_StdPeriph_Driver/libstm32fw.a(stm32f10x_dma.o)
                0x08008b28                DMA_ClearFlag
 .text.DMA_GetITStatus
                0x08008b3c       0x1c lib/STM32F10x_StdPeriph_Driver/libstm32fw.a(stm32f10x_dma.o)
                0x08008b3c                DMA_GetITStatus
 .text.DMA_ClearITPendingBit
                0x08008b58       0x14 lib/STM32F10x_StdPeriph_Driver/libstm32fw.a(stm32f10x_dma.o)
                0x08008b58                DMA_ClearITPendingBit
 .text.EXTI_DeInit
                0x08008b6c       0x1c lib/STM32F10x_StdPeriph_Driver/libstm32fw.a(stm32f10x_exti.o)
                0x08008b6c                EXTI_DeInit
 .text.EXTI_Init
                0x08008b88       0x88 lib/STM32F10x_StdPeriph_Driver/libstm32fw.a(stm32f10x_exti.o)
                0x08008b88                EXTI_Init
 .text.EXTI_GenerateSWInterrupt
                0x08008c10       0x10 lib/STM32F10x_StdPeriph_Driver/libstm32fw.a(stm32f10x_exti.o)
                0x08008c10                EXTI_GenerateSWInterrupt
 .text.EXTI_GetITStatus
                0x08008c20       0x20 lib/STM32F10x_StdPeriph_Driver/libstm32fw.a(stm32f10x_exti.o)
                0x08008c20                EXTI_GetITStatus
 .text.EXTI_ClearITPendingBit
                0x08008c40        0xc lib/STM32F10x_StdPeriph_Driver/libstm32fw.a(stm32f10x_exti.o)
                0x08008c40                EXTI_ClearITPendingBit
 .text.GPIO_Init
                0x08008c4c       0x9a lib/STM32F10x_StdPeriph_Driver/libstm32fw.a(stm32f10x_gpio.o)
                0x08008c4c                GPIO_Init
 .text.GPIO_ReadInputDataBit
                0x08008ce6        0xc lib/STM32F10x_StdPeriph_Driver/libstm32fw.a(stm32f10x_gpio.o)
                0x08008ce6                GPIO_ReadInputDataBit
 .text.GPIO_SetBits
                0x08008cf2        0x4 lib/STM32F10x_StdPeriph_Driver/libstm32fw.a(stm32f10x_gpio.o)
                0x08008cf2                GPIO_SetBits
 .text.GPIO_ResetBits
                0x08008cf6        0x4 lib/STM32F10x_StdPeriph_Driver/libstm32fw.a(stm32f10x_gpio.o)
                0x08008cf6                GPIO_ResetBits
 .text.GPIO_WriteBit
                0x08008cfa        0xa lib/STM32F10x_StdPeriph_Driver/libstm32fw.a(stm32f10x_gpio.o)
                0x08008cfa                GPIO_WriteBit
 .text.GPIO_EXTILineConfig
                0x08008d04       0x34 lib/STM32F10x_StdPeriph_Driver/libstm32fw.a(stm32f10x_gpio.o)
                0x08008d04                GPIO_EXTILineConfig
 .text.I2C_DeInit
                0x08008d38       0x34 lib/STM32F10x_StdPeriph_Driver/libstm32fw.a(stm32f10x_i2c.o)
                0x08008d38                I2C_DeInit
 .text.I2C_Init
                0x08008d6c       0xd4 lib/STM32F10x_StdPeriph_Driver/libstm32fw.a(stm32f10x_i2c.o)
                0x08008d6c                I2C_Init
 .text.I2C_Cmd  0x08008e40       0x18 lib/STM32F10x_StdPeriph_Driver/libstm32fw.a(stm32f10x_i2c.o)
                0x08008e40                I2C_Cmd
 .text.I2C_GenerateSTART
                0x08008e58       0x18 lib/STM32F10x_StdPeriph_Driver/libstm32fw.a(stm32f10x_i2c.o)
                0x08008e58                I2C_GenerateSTART
 .text.I2C_GenerateSTOP
                0x08008e70       0x18 lib/STM32F10x_StdPeriph_Driver/libstm32fw.a(stm32f10x_i2c.o)
                0x08008e70                I2C_GenerateSTOP
 .text.I2C_AcknowledgeConfig
                0x08008e88       0x18 lib/STM32F10x_StdPeriph_Driver/libstm32fw.a(stm32f10x_i2c.o)
                0x08008e88                I2C_AcknowledgeConfig
 .text.I2C_ITConfig
                0x08008ea0       0x12 lib/STM32F10x_StdPeriph_Driver/libstm32fw.a(stm32f10x_i2c.o)
                0x08008ea0                I2C_ITConfig
 .text.I2C_SendData
                0x08008eb2        0x4 lib/STM32F10x_StdPeriph_Driver/libstm32fw.a(stm32f10x_i2c.o)
                0x08008eb2                I2C_SendData
 .text.I2C_ReceiveData
                0x08008eb6        0x6 lib/STM32F10x_StdPeriph_Driver/libstm32fw.a(stm32f10x_i2c.o)
                0x08008eb6                I2C_ReceiveData
 .text.I2C_Send7bitAddress
                0x08008ebc       0x10 lib/STM32F10x_StdPeriph_Driver/libstm32fw.a(stm32f10x_i2c.o)
                0x08008ebc                I2C_Send7bitAddress
 .text.I2C_SoftwareResetCmd
                0x08008ecc       0x18 lib/STM32F10x_StdPeriph_Driver/libstm32fw.a(stm32f10x_i2c.o)
                0x08008ecc                I2C_SoftwareResetCmd
 .text.IWDG_WriteAccessCmd
                0x08008ee4        0xc lib/STM32F10x_StdPeriph_Driver/libstm32fw.a(stm32f10x_iwdg.o)
                0x08008ee4                IWDG_WriteAccessCmd
 .text.IWDG_SetPrescaler
                0x08008ef0        0xc lib/STM32F10x_StdPeriph_Driver/libstm32fw.a(stm32f10x_iwdg.o)
                0x08008ef0                IWDG_SetPrescaler
 .text.IWDG_SetReload
                0x08008efc        0xc lib/STM32F10x_StdPeriph_Driver/libstm32fw.a(stm32f10x_iwdg.o)
                0x08008efc                IWDG_SetReload
 .text.IWDG_ReloadCounter
                0x08008f08       0x10 lib/STM32F10x_StdPeriph_Driver/libstm32fw.a(stm32f10x_iwdg.o)
                0x08008f08                IWDG_ReloadCounter
 .text.IWDG_Enable
                0x08008f18       0x10 lib/STM32F10x_StdPeriph_Driver/libstm32fw.a(stm32f10x_iwdg.o)
                0x08008f18                IWDG_Enable
 .text.PWR_DeInit
                0x08008f28       0x1a lib/STM32F10x_StdPeriph_Driver/libstm32fw.a(stm32f10x_pwr.o)
                0x08008f28                PWR_DeInit
 *fill*         0x08008f42        0x2 00
 .text.PWR_BackupAccessCmd
                0x08008f44        0xc lib/STM32F10x_StdPeriph_Driver/libstm32fw.a(stm32f10x_pwr.o)
                0x08008f44                PWR_BackupAccessCmd
 .text.PWR_WakeUpPinCmd
                0x08008f50        0xc lib/STM32F10x_StdPeriph_Driver/libstm32fw.a(stm32f10x_pwr.o)
                0x08008f50                PWR_WakeUpPinCmd
 .text.PWR_EnterSTANDBYMode
                0x08008f5c       0x28 lib/STM32F10x_StdPeriph_Driver/libstm32fw.a(stm32f10x_pwr.o)
                0x08008f5c                PWR_EnterSTANDBYMode
 .text.RCC_HCLKConfig
                0x08008f84       0x14 lib/STM32F10x_StdPeriph_Driver/libstm32fw.a(stm32f10x_rcc.o)
                0x08008f84                RCC_HCLKConfig
 .text.RCC_USBCLKConfig
                0x08008f98        0xc lib/STM32F10x_StdPeriph_Driver/libstm32fw.a(stm32f10x_rcc.o)
                0x08008f98                RCC_USBCLKConfig
 .text.RCC_ADCCLKConfig
                0x08008fa4       0x14 lib/STM32F10x_StdPeriph_Driver/libstm32fw.a(stm32f10x_rcc.o)
                0x08008fa4                RCC_ADCCLKConfig
 .text.RCC_LSEConfig
                0x08008fb8       0x20 lib/STM32F10x_StdPeriph_Driver/libstm32fw.a(stm32f10x_rcc.o)
                0x08008fb8                RCC_LSEConfig
 .text.RCC_RTCCLKConfig
                0x08008fd8       0x10 lib/STM32F10x_StdPeriph_Driver/libstm32fw.a(stm32f10x_rcc.o)
                0x08008fd8                RCC_RTCCLKConfig
 .text.RCC_RTCCLKCmd
                0x08008fe8        0xc lib/STM32F10x_StdPeriph_Driver/libstm32fw.a(stm32f10x_rcc.o)
                0x08008fe8                RCC_RTCCLKCmd
 .text.RCC_GetClocksFreq
                0x08008ff4       0x9c lib/STM32F10x_StdPeriph_Driver/libstm32fw.a(stm32f10x_rcc.o)
                0x08008ff4                RCC_GetClocksFreq
 .text.RCC_AHBPeriphClockCmd
                0x08009090       0x18 lib/STM32F10x_StdPeriph_Driver/libstm32fw.a(stm32f10x_rcc.o)
                0x08009090                RCC_AHBPeriphClockCmd
 .text.RCC_APB2PeriphClockCmd
                0x080090a8       0x18 lib/STM32F10x_StdPeriph_Driver/libstm32fw.a(stm32f10x_rcc.o)
                0x080090a8                RCC_APB2PeriphClockCmd
 .text.RCC_APB1PeriphClockCmd
                0x080090c0       0x18 lib/STM32F10x_StdPeriph_Driver/libstm32fw.a(stm32f10x_rcc.o)
                0x080090c0                RCC_APB1PeriphClockCmd
 .text.RCC_APB2PeriphResetCmd
                0x080090d8       0x18 lib/STM32F10x_StdPeriph_Driver/libstm32fw.a(stm32f10x_rcc.o)
                0x080090d8                RCC_APB2PeriphResetCmd
 .text.RCC_APB1PeriphResetCmd
                0x080090f0       0x18 lib/STM32F10x_StdPeriph_Driver/libstm32fw.a(stm32f10x_rcc.o)
                0x080090f0                RCC_APB1PeriphResetCmd
 .text.RCC_BackupResetCmd
                0x08009108        0xc lib/STM32F10x_StdPeriph_Driver/libstm32fw.a(stm32f10x_rcc.o)
                0x08009108                RCC_BackupResetCmd
 .text.RCC_GetFlagStatus
                0x08009114       0x28 lib/STM32F10x_StdPeriph_Driver/libstm32fw.a(stm32f10x_rcc.o)
                0x08009114                RCC_GetFlagStatus
 .text.RTC_EnterConfigMode
                0x0800913c       0x14 lib/STM32F10x_StdPeriph_Driver/libstm32fw.a(stm32f10x_rtc.o)
                0x0800913c                RTC_EnterConfigMode
 .text.RTC_ExitConfigMode
                0x08009150       0x14 lib/STM32F10x_StdPeriph_Driver/libstm32fw.a(stm32f10x_rtc.o)
                0x08009150                RTC_ExitConfigMode
 .text.RTC_GetCounter
                0x08009164       0x14 lib/STM32F10x_StdPeriph_Driver/libstm32fw.a(stm32f10x_rtc.o)
                0x08009164                RTC_GetCounter
 .text.RTC_SetCounter
                0x08009178       0x20 lib/STM32F10x_StdPeriph_Driver/libstm32fw.a(stm32f10x_rtc.o)
                0x08009178                RTC_SetCounter
 .text.RTC_SetPrescaler
                0x08009198       0x20 lib/STM32F10x_StdPeriph_Driver/libstm32fw.a(stm32f10x_rtc.o)
                0x08009198                RTC_SetPrescaler
 .text.RTC_WaitForLastTask
                0x080091b8       0x14 lib/STM32F10x_StdPeriph_Driver/libstm32fw.a(stm32f10x_rtc.o)
                0x080091b8                RTC_WaitForLastTask
 .text.RTC_WaitForSynchro
                0x080091cc       0x24 lib/STM32F10x_StdPeriph_Driver/libstm32fw.a(stm32f10x_rtc.o)
                0x080091cc                RTC_WaitForSynchro
 .text.SPI_Init
                0x080091f0       0x3e lib/STM32F10x_StdPeriph_Driver/libstm32fw.a(stm32f10x_spi.o)
                0x080091f0                SPI_Init
 .text.SPI_Cmd  0x0800922e       0x18 lib/STM32F10x_StdPeriph_Driver/libstm32fw.a(stm32f10x_spi.o)
                0x0800922e                SPI_Cmd
 .text.SPI_I2S_DMACmd
                0x08009246       0x12 lib/STM32F10x_StdPeriph_Driver/libstm32fw.a(stm32f10x_spi.o)
                0x08009246                SPI_I2S_DMACmd
 .text.SPI_I2S_SendData
                0x08009258        0x4 lib/STM32F10x_StdPeriph_Driver/libstm32fw.a(stm32f10x_spi.o)
                0x08009258                SPI_I2S_SendData
 .text.SPI_I2S_ReceiveData
                0x0800925c        0x6 lib/STM32F10x_StdPeriph_Driver/libstm32fw.a(stm32f10x_spi.o)
                0x0800925c                SPI_I2S_ReceiveData
 .text.SPI_CalculateCRC
                0x08009262       0x18 lib/STM32F10x_StdPeriph_Driver/libstm32fw.a(stm32f10x_spi.o)
                0x08009262                SPI_CalculateCRC
 .text.SPI_I2S_GetFlagStatus
                0x0800927a        0xc lib/STM32F10x_StdPeriph_Driver/libstm32fw.a(stm32f10x_spi.o)
                0x0800927a                SPI_I2S_GetFlagStatus
 *fill*         0x08009286        0x2 00
 .text.TIM_TimeBaseInit
                0x08009288       0x3c lib/STM32F10x_StdPeriph_Driver/libstm32fw.a(stm32f10x_tim.o)
                0x08009288                TIM_TimeBaseInit
 .text.TIM_OC1Init
                0x080092c4       0x74 lib/STM32F10x_StdPeriph_Driver/libstm32fw.a(stm32f10x_tim.o)
                0x080092c4                TIM_OC1Init
 .text.TIM_Cmd  0x08009338       0x18 lib/STM32F10x_StdPeriph_Driver/libstm32fw.a(stm32f10x_tim.o)
                0x08009338                TIM_Cmd
 .text.TIM_CtrlPWMOutputs
                0x08009350       0x1c lib/STM32F10x_StdPeriph_Driver/libstm32fw.a(stm32f10x_tim.o)
                0x08009350                TIM_CtrlPWMOutputs
 .text.TIM_ARRPreloadConfig
                0x0800936c       0x18 lib/STM32F10x_StdPeriph_Driver/libstm32fw.a(stm32f10x_tim.o)
                0x0800936c                TIM_ARRPreloadConfig
 .text.TIM_OC1PreloadConfig
                0x08009384       0x10 lib/STM32F10x_StdPeriph_Driver/libstm32fw.a(stm32f10x_tim.o)
                0x08009384                TIM_OC1PreloadConfig
 .text.TIM_SetCompare1
                0x08009394        0x4 lib/STM32F10x_StdPeriph_Driver/libstm32fw.a(stm32f10x_tim.o)
                0x08009394                TIM_SetCompare1
 .text.USART_DeInit
                0x08009398       0x98 lib/STM32F10x_StdPeriph_Driver/libstm32fw.a(stm32f10x_usart.o)
                0x08009398                USART_DeInit
 .text.USART_Init
                0x08009430       0x88 lib/STM32F10x_StdPeriph_Driver/libstm32fw.a(stm32f10x_usart.o)
                0x08009430                USART_Init
 .text.USART_Cmd
                0x080094b8       0x18 lib/STM32F10x_StdPeriph_Driver/libstm32fw.a(stm32f10x_usart.o)
                0x080094b8                USART_Cmd
 .text.USART_ITConfig
                0x080094d0       0x34 lib/STM32F10x_StdPeriph_Driver/libstm32fw.a(stm32f10x_usart.o)
                0x080094d0                USART_ITConfig
 .text.USART_DMACmd
                0x08009504       0x12 lib/STM32F10x_StdPeriph_Driver/libstm32fw.a(stm32f10x_usart.o)
                0x08009504                USART_DMACmd
 .text.USART_SendData
                0x08009516        0x8 lib/STM32F10x_StdPeriph_Driver/libstm32fw.a(stm32f10x_usart.o)
                0x08009516                USART_SendData
 .text.USART_ReceiveData
                0x0800951e        0x8 lib/STM32F10x_StdPeriph_Driver/libstm32fw.a(stm32f10x_usart.o)
                0x0800951e                USART_ReceiveData
 .text.USART_GetFlagStatus
                0x08009526        0xc lib/STM32F10x_StdPeriph_Driver/libstm32fw.a(stm32f10x_usart.o)
                0x08009526                USART_GetFlagStatus
 .text.USART_GetITStatus
                0x08009532       0x40 lib/STM32F10x_StdPeriph_Driver/libstm32fw.a(stm32f10x_usart.o)
                0x08009532                USART_GetITStatus
 .text.USART_ClearITPendingBit
                0x08009572       0x10 lib/STM32F10x_StdPeriph_Driver/libstm32fw.a(stm32f10x_usart.o)
                0x08009572                USART_ClearITPendingBit
 *fill*         0x08009582        0x2 00
 .text.Standard_GetConfiguration
                0x08009584       0x24 lib/STM32_USB-FS-Device_Driver/libstm32usb.a(usb_core.o)
                0x08009584                Standard_GetConfiguration
 .text.Standard_GetInterface
                0x080095a8       0x24 lib/STM32_USB-FS-Device_Driver/libstm32usb.a(usb_core.o)
                0x080095a8                Standard_GetInterface
 .text.Standard_GetStatus
                0x080095cc       0x9c lib/STM32_USB-FS-Device_Driver/libstm32usb.a(usb_core.o)
                0x080095cc                Standard_GetStatus
 .text.DataStageIn
                0x08009668       0xa4 lib/STM32_USB-FS-Device_Driver/libstm32usb.a(usb_core.o)
 .text.Standard_SetConfiguration
                0x0800970c       0x38 lib/STM32_USB-FS-Device_Driver/libstm32usb.a(usb_core.o)
                0x0800970c                Standard_SetConfiguration
 .text.Standard_SetInterface
                0x08009744       0x48 lib/STM32_USB-FS-Device_Driver/libstm32usb.a(usb_core.o)
                0x08009744                Standard_SetInterface
 .text.Standard_ClearFeature
                0x0800978c       0xdc lib/STM32_USB-FS-Device_Driver/libstm32usb.a(usb_core.o)
                0x0800978c                Standard_ClearFeature
 .text.Standard_SetEndPointFeature
                0x08009868       0x8c lib/STM32_USB-FS-Device_Driver/libstm32usb.a(usb_core.o)
                0x08009868                Standard_SetEndPointFeature
 .text.Standard_SetDeviceFeature
                0x080098f4       0x24 lib/STM32_USB-FS-Device_Driver/libstm32usb.a(usb_core.o)
                0x080098f4                Standard_SetDeviceFeature
 .text.Standard_GetDescriptorData
                0x08009918       0x1c lib/STM32_USB-FS-Device_Driver/libstm32usb.a(usb_core.o)
                0x08009918                Standard_GetDescriptorData
 .text.Post0_Process
                0x08009934       0x40 lib/STM32_USB-FS-Device_Driver/libstm32usb.a(usb_core.o)
                0x08009934                Post0_Process
 .text.Out0_Process
                0x08009974       0xd4 lib/STM32_USB-FS-Device_Driver/libstm32usb.a(usb_core.o)
                0x08009974                Out0_Process
 .text.Setup0_Process
                0x08009a48      0x2f8 lib/STM32_USB-FS-Device_Driver/libstm32usb.a(usb_core.o)
                0x08009a48                Setup0_Process
 .text.SetDeviceAddress
                0x08009d40       0x40 lib/STM32_USB-FS-Device_Driver/libstm32usb.a(usb_core.o)
                0x08009d40                SetDeviceAddress
 .text.In0_Process
                0x08009d80       0x60 lib/STM32_USB-FS-Device_Driver/libstm32usb.a(usb_core.o)
                0x08009d80                In0_Process
 .text.NOP_Process
                0x08009de0        0x2 lib/STM32_USB-FS-Device_Driver/libstm32usb.a(usb_core.o)
                0x08009de0                NOP_Process
 *fill*         0x08009de2        0x2 00
 .text.USB_Init
                0x08009de4       0x38 lib/STM32_USB-FS-Device_Driver/libstm32usb.a(usb_init.o)
                0x08009de4                USB_Init
 .text.CTR_LP   0x08009e1c      0x190 lib/STM32_USB-FS-Device_Driver/libstm32usb.a(usb_int.o)
                0x08009e1c                CTR_LP
 .text.CTR_HP   0x08009fac       0x74 lib/STM32_USB-FS-Device_Driver/libstm32usb.a(usb_int.o)
                0x08009fac                CTR_HP
 .text.UserToPMABufferCopy
                0x0800a020       0x2e lib/STM32_USB-FS-Device_Driver/libstm32usb.a(usb_mem.o)
                0x0800a020                UserToPMABufferCopy
 .text.PMAToUserBufferCopy
                0x0800a04e       0x24 lib/STM32_USB-FS-Device_Driver/libstm32usb.a(usb_mem.o)
                0x0800a04e                PMAToUserBufferCopy
 *fill*         0x0800a072        0x2 00
 .text.SetBTABLE
                0x0800a074       0x10 lib/STM32_USB-FS-Device_Driver/libstm32usb.a(usb_regs.o)
                0x0800a074                SetBTABLE
 .text.SetEPType
                0x0800a084       0x18 lib/STM32_USB-FS-Device_Driver/libstm32usb.a(usb_regs.o)
                0x0800a084                SetEPType
 .text.SetEPTxStatus
                0x0800a09c       0x3a lib/STM32_USB-FS-Device_Driver/libstm32usb.a(usb_regs.o)
                0x0800a09c                SetEPTxStatus
 .text.SetEPRxStatus
                0x0800a0d6       0x3a lib/STM32_USB-FS-Device_Driver/libstm32usb.a(usb_regs.o)
                0x0800a0d6                SetEPRxStatus
 .text.SetEPRxValid
                0x0800a110       0x22 lib/STM32_USB-FS-Device_Driver/libstm32usb.a(usb_regs.o)
                0x0800a110                SetEPRxValid
 .text.Clear_Status_Out
                0x0800a132       0x1e lib/STM32_USB-FS-Device_Driver/libstm32usb.a(usb_regs.o)
                0x0800a132                Clear_Status_Out
 .text.ClearDTOG_RX
                0x0800a150       0x24 lib/STM32_USB-FS-Device_Driver/libstm32usb.a(usb_regs.o)
                0x0800a150                ClearDTOG_RX
 .text.ClearDTOG_TX
                0x0800a174       0x24 lib/STM32_USB-FS-Device_Driver/libstm32usb.a(usb_regs.o)
                0x0800a174                ClearDTOG_TX
 .text.SetEPTxAddr
                0x0800a198       0x20 lib/STM32_USB-FS-Device_Driver/libstm32usb.a(usb_regs.o)
                0x0800a198                SetEPTxAddr
 .text.SetEPRxAddr
                0x0800a1b8       0x20 lib/STM32_USB-FS-Device_Driver/libstm32usb.a(usb_regs.o)
                0x0800a1b8                SetEPRxAddr
 .text.GetEPTxAddr
                0x0800a1d8       0x1c lib/STM32_USB-FS-Device_Driver/libstm32usb.a(usb_regs.o)
                0x0800a1d8                GetEPTxAddr
 .text.GetEPRxAddr
                0x0800a1f4       0x1c lib/STM32_USB-FS-Device_Driver/libstm32usb.a(usb_regs.o)
                0x0800a1f4                GetEPRxAddr
 .text.SetEPTxCount
                0x0800a210       0x1c lib/STM32_USB-FS-Device_Driver/libstm32usb.a(usb_regs.o)
                0x0800a210                SetEPTxCount
 .text.SetEPRxCount
                0x0800a22c       0x3c lib/STM32_USB-FS-Device_Driver/libstm32usb.a(usb_regs.o)
                0x0800a22c                SetEPRxCount
 .text.GetEPRxCount
                0x0800a268       0x20 lib/STM32_USB-FS-Device_Driver/libstm32usb.a(usb_regs.o)
                0x0800a268                GetEPRxCount
 .text.ByteSwap
                0x0800a288        0xa lib/STM32_USB-FS-Device_Driver/libstm32usb.a(usb_regs.o)
                0x0800a288                ByteSwap
 *fill*         0x0800a292        0x2 00
 .text.USB_SIL_Init
                0x0800a294       0x20 lib/STM32_USB-FS-Device_Driver/libstm32usb.a(usb_sil.o)
                0x0800a294                USB_SIL_Init
 .text.USB_SIL_Write
                0x0800a2b4       0x28 lib/STM32_USB-FS-Device_Driver/libstm32usb.a(usb_sil.o)
                0x0800a2b4                USB_SIL_Write
 .text.USB_SIL_Read
                0x0800a2dc       0x24 lib/STM32_USB-FS-Device_Driver/libstm32usb.a(usb_sil.o)
                0x0800a2dc                USB_SIL_Read
 .text.memset   0x0800a300      0x12c /home/laurence/ARM-GCC/bin/../lib/gcc/arm-none-eabi/4.7.4/../../../../arm-none-eabi/lib/armv7-m/libc.a(lib_a-memset.o)
                0x0800a300                memset
 .text._sbrk    0x0800a42c       0x34 /home/laurence/ARM-GCC/bin/../lib/gcc/arm-none-eabi/4.7.4/../../../../arm-none-eabi/lib/armv7-m/libnosys.a(sbrk.o)
                0x0800a42c                _sbrk
 *(.rodata)
 .rodata        0x0800a460       0xf0 /tmp/ccgTP7Fa.ltrans0.ltrans.o
                0x0800a460                DaysInMonth.5525
 .rodata        0x0800a550       0x20 /tmp/ccgTP7Fa.ltrans1.ltrans.o
 .rodata        0x0800a570      0x18e /tmp/ccgTP7Fa.ltrans3.ltrans.o
                0x0800a570                Tbl.5104
                0x0800a6f0                LfnOfs.5444
 .rodata        0x0800a6fe       0x24 /tmp/ccgTP7Fa.ltrans4.ltrans.o
 .rodata        0x0800a722       0x74 /tmp/ccgTP7Fa.ltrans5.ltrans.o
 .rodata        0x0800a796      0x3c0 /tmp/ccgTP7Fa.ltrans8.ltrans.o
 *(.rodata*)
 .rodata.str1.1
                0x0800ab56      0x437 /tmp/ccgTP7Fa.ltrans0.ltrans.o
 .rodata.Silabs_Header
                0x0800af8d        0x5 /tmp/ccgTP7Fa.ltrans0.ltrans.o
 .rodata.str1.1
                0x0800af92        0x6 /tmp/ccgTP7Fa.ltrans1.ltrans.o
 .rodata.MASS_DeviceDescriptor
                0x0800af98       0x12 /tmp/ccgTP7Fa.ltrans1.ltrans.o
 .rodata.str1.1
                0x0800afaa       0x10 /tmp/ccgTP7Fa.ltrans3.ltrans.o
                                 0x19 (size before relaxing)
 .rodata.L3GD20_setup
                0x0800afba        0x6 /tmp/ccgTP7Fa.ltrans6.ltrans.o
 .rodata.str1.4
                0x0800afc0        0x4 /home/laurence/ARM-GCC/bin/../lib/gcc/arm-none-eabi/4.7.4/../../../../arm-none-eabi/lib/armv7-m/libc.a(lib_a-impure.o)
 *(.glue_7)
 .glue_7        0x00000000        0x0 linker stubs
 *(.glue_7t)
 .glue_7t       0x00000000        0x0 linker stubs
 *(.init)
 .init          0x0800afc4        0x4 /home/laurence/ARM-GCC/bin/../lib/gcc/arm-none-eabi/4.7.4/armv7-m/crti.o
                0x0800afc4                _init
 .init          0x0800afc8        0x8 /home/laurence/ARM-GCC/bin/../lib/gcc/arm-none-eabi/4.7.4/armv7-m/crtn.o
 *(.fini)
 .fini          0x0800afd0        0x4 /home/laurence/ARM-GCC/bin/../lib/gcc/arm-none-eabi/4.7.4/armv7-m/crti.o
                0x0800afd0                _fini
 .fini          0x0800afd4        0x8 /home/laurence/ARM-GCC/bin/../lib/gcc/arm-none-eabi/4.7.4/armv7-m/crtn.o
                0x0800afdc                . = ALIGN (0x4)
                0x0800afdc                _etext = .
                0x0800afdc                _sidata = _etext

.vfp11_veneer   0x0800afdc        0x0
 .vfp11_veneer  0x00000000        0x0 linker stubs

.v4_bx          0x0800afdc        0x0
 .v4_bx         0x00000000        0x0 linker stubs

.iplt           0x0800afdc        0x0
 .iplt          0x00000000        0x0 /home/laurence/ARM-GCC/bin/../lib/gcc/arm-none-eabi/4.7.4/armv7-m/crtbegin.o

.rel.dyn        0x0800afdc        0x0
 .rel.iplt      0x00000000        0x0 /home/laurence/ARM-GCC/bin/../lib/gcc/arm-none-eabi/4.7.4/armv7-m/crtbegin.o

.flashpatch     0x00000000        0x0
                0x00000000                . = ALIGN (0x4)
 *(.flashpatch)
                0x00000000                . = ALIGN (0x4)

.endflash       0x00000000        0x0
                0x00000000                . = ALIGN (0x4)
 *(.endflash)
                0x00000000                . = ALIGN (0x4)
                0x00000000                _e_endflash = .

.data           0x20000000      0x9d4 load address 0x0800afdc
                0x20000000                . = ALIGN (0x4)
                0x20000000                _sdata = .
                0x20000000                _data = .
 *(.data)
 .data          0x20000000       0x18 /tmp/ccgTP7Fa.ltrans1.ltrans.o
                0x20000015                Device_Table
 .data          0x20000018       0x90 /tmp/ccgTP7Fa.ltrans2.ltrans.o
                0x20000018                Scsi_Sense_Data
                0x2000008c                pEpInt_OUT
 .data          0x200000a8        0x1 /tmp/ccgTP7Fa.ltrans3.ltrans.o
                0x200000a8                Stat.5719
 *fill*         0x200000a9        0x3 00
 .data          0x200000ac       0x20 /tmp/ccgTP7Fa.ltrans4.ltrans.o
                0x200000b0                pEpInt_IN
 .data          0x200000cc       0x98 /tmp/ccgTP7Fa.ltrans5.ltrans.o
                0x200000e8                String_Descriptor
                0x20000110                User_Standard_Requests
                0x20000134                Device_Property
 .data          0x20000164       0x20 /tmp/ccgTP7Fa.ltrans6.ltrans.o
                0x20000164                I2C_jobs
 *(.data.*)
 .data.__malloc_av_
                0x20000184      0x408 /home/laurence/ARM-GCC/bin/../lib/gcc/arm-none-eabi/4.7.4/../../../../arm-none-eabi/lib/armv7-m/libc.a(lib_a-mallocr.o)
                0x20000184                __malloc_av_
 .data.__malloc_trim_threshold
                0x2000058c        0x4 /home/laurence/ARM-GCC/bin/../lib/gcc/arm-none-eabi/4.7.4/../../../../arm-none-eabi/lib/armv7-m/libc.a(lib_a-mallocr.o)
                0x2000058c                __malloc_trim_threshold
 .data.__malloc_sbrk_base
                0x20000590        0x4 /home/laurence/ARM-GCC/bin/../lib/gcc/arm-none-eabi/4.7.4/../../../../arm-none-eabi/lib/armv7-m/libc.a(lib_a-mallocr.o)
                0x20000590                __malloc_sbrk_base
 .data.ADCPrescTable
                0x20000594        0x4 lib/STM32F10x_StdPeriph_Driver/libstm32fw.a(stm32f10x_rcc.o)
 .data.APBAHBPrescTable
                0x20000598       0x10 lib/STM32F10x_StdPeriph_Driver/libstm32fw.a(stm32f10x_rcc.o)
 .data.impure_data
                0x200005a8      0x428 /home/laurence/ARM-GCC/bin/../lib/gcc/arm-none-eabi/4.7.4/../../../../arm-none-eabi/lib/armv7-m/libc.a(lib_a-impure.o)
 .data._impure_ptr
                0x200009d0        0x4 /home/laurence/ARM-GCC/bin/../lib/gcc/arm-none-eabi/4.7.4/../../../../arm-none-eabi/lib/armv7-m/libc.a(lib_a-impure.o)
                0x200009d0                _impure_ptr
 *(.RAMtext)
                0x200009d4                . = ALIGN (0x4)
                0x200009d4                _edata = .
                0x0800b9b0                _eidata = (_sidata + (_edata - _sdata))
                0x08020000                _lastdataromaddress = (ORIGIN (FLASH) + 0x20000)
                0x00000000                toobig = (_eidata > _lastdataromaddress)?!!!!!!!!! FLASH IS FULL !!!!!!!!!:0x0

.igot.plt       0x200009d4        0x0 load address 0x0800b9b0
 .igot.plt      0x00000000        0x0 /home/laurence/ARM-GCC/bin/../lib/gcc/arm-none-eabi/4.7.4/armv7-m/crtbegin.o

.bss            0x200009d8      0xf08 load address 0x0800b9b8
                0x200009d8                . = ALIGN (0x4)
                0x200009d8                _sbss = .
                0x200009d8                _bss = .
 *(.bss)
 .bss           0x200009d8      0xc80 /tmp/ccgTP7Fa.ltrans0.ltrans.o
                0x20000e00                bootsource
                0x20000e04                Gps_Buffer
                0x20000e10                rputchar.5801
                0x20000e14                Data_Buffer
                0x20000e18                Millis
                0x20000e1c                Battery_Voltage
                0x20000e20                FatFs.5446
                0x20001058                FATFS_logfile
                0x2000127c                FATFS_info
                0x2000129c                print_string
                0x2000139c                FATFS_wavfile_gyro
                0x200015c0                Jobs
                0x200015c4                Completed_Jobs
                0x200015c8                Gps
                0x200015fc                Silabs_Rx_Buffer
                0x20001608                CTS_Low.4223
                0x2000160c                Gyro_XY_Rate
                0x20001610                Gyro_Z_Rate
                0x20001614                Ind_Voltage
                0x20001618                Auto_volt
                0x2000161c                Ignition_Selftest
                0x2000161e                AutoSequence
                0x20001620                Gyro_x_buffer
                0x2000162c                Gyro_y_buffer
                0x20001638                Gyro_z_buffer
                0x20001646                System_state_Global
                0x20001648                Aux_Voltage
                0x2000164c                Gyro_Temperature
                0x20001650                Auto_spin
                0x20001654                Shutdown_System
 .bss           0x20001658       0xb4 /tmp/ccgTP7Fa.ltrans1.ltrans.o
                0x20001708                wIstr
 .bss           0x2000170c       0xb0 /tmp/ccgTP7Fa.ltrans2.ltrans.o
                0x2000170c                Bot_State
                0x20001710                CBW
                0x20001736                TransferState
                0x20001738                Mass_Block_Size
                0x2000178c                Sd_Spi_Called_From_USB_MSC
                0x20001790                CSW
                0x200017a0                SCSI_LBA
                0x200017a4                SCSI_BlkLen
                0x200017a8                Mass_Block_Count
 .bss           0x200017bc        0x1 /tmp/ccgTP7Fa.ltrans3.ltrans.o
                0x200017bc                CardType.5720
 *fill*         0x200017bd        0x1 00
 .bss           0x200017be        0x4 /tmp/ccgTP7Fa.ltrans4.ltrans.o
                0x200017be                Channel_rx
 *fill*         0x200017c2        0x2 00
 .bss           0x200017c4       0x3c /tmp/ccgTP7Fa.ltrans5.ltrans.o
                0x200017c4                Timer1.5714
 .bss           0x20001800       0x3c /tmp/ccgTP7Fa.ltrans6.ltrans.o
                0x20001801                L3GD20_Data_Buffer
                0x20001809                AFROESC_Data_Buffer
                0x2000181c                AFROESC_Throttle
                0x2000182b                Silabs_spi_state
                0x2000182c                Silabs_driver_state
                0x20001830                Silabs_Tx_Buffer
 .bss           0x2000183c        0xc /tmp/ccgTP7Fa.ltrans9.ltrans.o
                0x2000183c                Usart1_rx_buff
 *(.bss.*)
 .bss.file_opened
                0x20001848        0x1 /tmp/ccgTP7Fa.ltrans0.ltrans.o
 *fill*         0x20001849        0x3 00
 .bss.bDeviceState
                0x2000184c        0x4 /tmp/ccgTP7Fa.ltrans0.ltrans.o
                0x2000184c                bDeviceState
 .bss.Status    0x20001850        0x4 /tmp/ccgTP7Fa.ltrans0.ltrans.o
                0x20001850                Status
 .bss.bIntPackSOF
                0x20001854        0x1 /tmp/ccgTP7Fa.ltrans1.ltrans.o
 *fill*         0x20001855        0x3 00
 .bss.Max_Lun   0x20001858        0x4 /tmp/ccgTP7Fa.ltrans2.ltrans.o
                0x20001858                Max_Lun
 .bss.Page00_Inquiry_Data
                0x2000185c        0x5 /tmp/ccgTP7Fa.ltrans2.ltrans.o
 *fill*         0x20001861        0x3 00
 .bss.__malloc_max_total_mem
                0x20001864        0x4 /home/laurence/ARM-GCC/bin/../lib/gcc/arm-none-eabi/4.7.4/../../../../arm-none-eabi/lib/armv7-m/libc.a(lib_a-mallocr.o)
                0x20001864                __malloc_max_total_mem
 .bss.__malloc_max_sbrked_mem
                0x20001868        0x4 /home/laurence/ARM-GCC/bin/../lib/gcc/arm-none-eabi/4.7.4/../../../../arm-none-eabi/lib/armv7-m/libc.a(lib_a-mallocr.o)
                0x20001868                __malloc_max_sbrked_mem
 .bss.__malloc_top_pad
                0x2000186c        0x4 /home/laurence/ARM-GCC/bin/../lib/gcc/arm-none-eabi/4.7.4/../../../../arm-none-eabi/lib/armv7-m/libc.a(lib_a-mallocr.o)
                0x2000186c                __malloc_top_pad
 .bss.__malloc_current_mallinfo
                0x20001870       0x28 /home/laurence/ARM-GCC/bin/../lib/gcc/arm-none-eabi/4.7.4/../../../../arm-none-eabi/lib/armv7-m/libc.a(lib_a-mallocr.o)
                0x20001870                __malloc_current_mallinfo
 .bss.Data_Mul_MaxPacketSize
                0x20001898        0x1 lib/STM32_USB-FS-Device_Driver/libstm32usb.a(usb_core.o)
                0x20001898                Data_Mul_MaxPacketSize
 *fill*         0x20001899        0x3 00
 .bss.heap_end.4231
                0x2000189c        0x4 /home/laurence/ARM-GCC/bin/../lib/gcc/arm-none-eabi/4.7.4/../../../../arm-none-eabi/lib/armv7-m/libnosys.a(sbrk.o)
 *(COMMON)
 COMMON         0x200018a0        0x4 /home/laurence/ARM-GCC/bin/../lib/gcc/arm-none-eabi/4.7.4/../../../../arm-none-eabi/lib/armv7-m/libc.a(lib_a-reent.o)
                0x200018a0                errno
 COMMON         0x200018a4        0x2 lib/STM32_USB-FS-Device_Driver/libstm32usb.a(usb_core.o)
                0x200018a4                StatusInfo
 *fill*         0x200018a6        0x2 00
 COMMON         0x200018a8       0x32 lib/STM32_USB-FS-Device_Driver/libstm32usb.a(usb_init.o)
                0x200018a8                SaveState
                0x200018ac                pProperty
                0x200018b0                EPindex
                0x200018b4                Device_Info
                0x200018d0                pUser_Standard_Requests
                0x200018d4                pInformation
                0x200018d8                wInterrupt_Mask
 COMMON         0x200018da        0x4 lib/STM32_USB-FS-Device_Driver/libstm32usb.a(usb_int.o)
                0x200018da                SaveRState
                0x200018dc                SaveTState
                0x200018e0                . = ALIGN (0x4)
 *fill*         0x200018de        0x2 00
                0x200018e0                _ebss = .
                0x200018e0                PROVIDE (end, _ebss)
                0x200018e0                PROVIDE (_end, _ebss)

._usrstack      0x200018e0     0x2000 load address 0x0800c8c0
                0x200018e0                . = ALIGN (0x4)
                0x200018e0                _susrstack = .
                0x200038e0                . = (. + _Minimum_Stack_Size)
 *fill*         0x200018e0     0x2000 00
                0x200038e0                . = ALIGN (0x4)
                0x200038e0                _eusrstack = .
                0x20005000                _lastramaddress = (ORIGIN (RAM) + 0x5000)
                0x00000000                toobig = (_eusrstack > _lastramaddress)?!!!!!!!!! RAM IS FULL !!!!!!!!!:0x0

.b1text
 *(.b1text)
 *(.b1rodata)
 *(.b1rodata*)

.eb0text
 *(.eb0text)
 *(.eb0rodata)
 *(.eb0rodata*)

.eb1text
 *(.eb1text)
 *(.eb1rodata)
 *(.eb1rodata*)

.eb2text
 *(.eb2text)
 *(.eb2rodata)
 *(.eb2rodata*)

.eb3text
 *(.eb3text)
 *(.eb3rodata)
 *(.eb3rodata*)
                0x200038e0                __exidx_start = .
                0x200038e0                __exidx_end = .

/DISCARD/
 libc.a(*)
 libm.a(*)
 libgcc.a(*)

.stab
 *(.stab)

.stabstr
 *(.stabstr)

.stab.excl
 *(.stab.excl)

.stab.exclstr
 *(.stab.exclstr)

.stab.index
 *(.stab.index)

.stab.indexstr
 *(.stab.indexstr)

.comment        0x00000000       0x70
 *(.comment)
 .comment       0x00000000       0x71 /tmp/ccgTP7Fa.ltrans0.ltrans.o
 .comment       0x00000000       0x71 /tmp/ccgTP7Fa.ltrans1.ltrans.o
 .comment       0x00000000       0x71 /tmp/ccgTP7Fa.ltrans2.ltrans.o
 .comment       0x00000000       0x71 /tmp/ccgTP7Fa.ltrans3.ltrans.o
 .comment       0x00000000       0x71 /tmp/ccgTP7Fa.ltrans4.ltrans.o
 .comment       0x00000000       0x71 /tmp/ccgTP7Fa.ltrans5.ltrans.o
 .comment       0x00000000       0x71 /tmp/ccgTP7Fa.ltrans6.ltrans.o
 .comment       0x00000000       0x71 /tmp/ccgTP7Fa.ltrans7.ltrans.o
 .comment       0x00000000       0x71 /tmp/ccgTP7Fa.ltrans8.ltrans.o
 .comment       0x00000000       0x71 /tmp/ccgTP7Fa.ltrans9.ltrans.o
 .comment       0x00000000       0x70 lib/STM32F10x_StdPeriph_Driver/libstm32fw.a(misc.o)
                                 0x71 (size before relaxing)
 .comment       0x00000000       0x71 lib/STM32F10x_StdPeriph_Driver/libstm32fw.a(stm32f10x_adc.o)
 .comment       0x00000000       0x71 lib/STM32F10x_StdPeriph_Driver/libstm32fw.a(stm32f10x_bkp.o)
 .comment       0x00000000       0x71 lib/STM32F10x_StdPeriph_Driver/libstm32fw.a(stm32f10x_dbgmcu.o)
 .comment       0x00000000       0x71 lib/STM32F10x_StdPeriph_Driver/libstm32fw.a(stm32f10x_dma.o)
 .comment       0x00000000       0x71 lib/STM32F10x_StdPeriph_Driver/libstm32fw.a(stm32f10x_exti.o)
 .comment       0x00000000       0x71 lib/STM32F10x_StdPeriph_Driver/libstm32fw.a(stm32f10x_gpio.o)
 .comment       0x00000000       0x71 lib/STM32F10x_StdPeriph_Driver/libstm32fw.a(stm32f10x_i2c.o)
 .comment       0x00000000       0x71 lib/STM32F10x_StdPeriph_Driver/libstm32fw.a(stm32f10x_iwdg.o)
 .comment       0x00000000       0x71 lib/STM32F10x_StdPeriph_Driver/libstm32fw.a(stm32f10x_pwr.o)
 .comment       0x00000000       0x71 lib/STM32F10x_StdPeriph_Driver/libstm32fw.a(stm32f10x_rcc.o)
 .comment       0x00000000       0x71 lib/STM32F10x_StdPeriph_Driver/libstm32fw.a(stm32f10x_rtc.o)
 .comment       0x00000000       0x71 lib/STM32F10x_StdPeriph_Driver/libstm32fw.a(stm32f10x_spi.o)
 .comment       0x00000000       0x71 lib/STM32F10x_StdPeriph_Driver/libstm32fw.a(stm32f10x_tim.o)
 .comment       0x00000000       0x71 lib/STM32F10x_StdPeriph_Driver/libstm32fw.a(stm32f10x_usart.o)
 .comment       0x00000000       0x71 lib/STM32_USB-FS-Device_Driver/libstm32usb.a(usb_core.o)
 .comment       0x00000000       0x71 lib/STM32_USB-FS-Device_Driver/libstm32usb.a(usb_init.o)
 .comment       0x00000000       0x71 lib/STM32_USB-FS-Device_Driver/libstm32usb.a(usb_int.o)
 .comment       0x00000000       0x71 lib/STM32_USB-FS-Device_Driver/libstm32usb.a(usb_mem.o)
 .comment       0x00000000       0x71 lib/STM32_USB-FS-Device_Driver/libstm32usb.a(usb_regs.o)
 .comment       0x00000000       0x71 lib/STM32_USB-FS-Device_Driver/libstm32usb.a(usb_sil.o)

.ARM.attributes
                0x00000000       0x29
 .ARM.attributes
                0x00000000       0x1d /home/laurence/ARM-GCC/bin/../lib/gcc/arm-none-eabi/4.7.4/armv7-m/crti.o
 .ARM.attributes
                0x0000001d       0x31 /tmp/ccgTP7Fa.ltrans0.ltrans.o
 .ARM.attributes
                0x0000004e       0x31 /tmp/ccgTP7Fa.ltrans1.ltrans.o
 .ARM.attributes
                0x0000007f       0x31 /tmp/ccgTP7Fa.ltrans2.ltrans.o
 .ARM.attributes
                0x000000b0       0x31 /tmp/ccgTP7Fa.ltrans3.ltrans.o
 .ARM.attributes
                0x000000e1       0x31 /tmp/ccgTP7Fa.ltrans4.ltrans.o
 .ARM.attributes
                0x00000112       0x31 /tmp/ccgTP7Fa.ltrans5.ltrans.o
 .ARM.attributes
                0x00000143       0x31 /tmp/ccgTP7Fa.ltrans6.ltrans.o
 .ARM.attributes
                0x00000174       0x31 /tmp/ccgTP7Fa.ltrans7.ltrans.o
 .ARM.attributes
                0x000001a5       0x31 /tmp/ccgTP7Fa.ltrans8.ltrans.o
 .ARM.attributes
                0x000001d6       0x31 /tmp/ccgTP7Fa.ltrans9.ltrans.o
 .ARM.attributes
                0x00000207       0x1d /home/laurence/ARM-GCC/bin/../lib/gcc/arm-none-eabi/4.7.4/armv7-m/libgcc.a(_arm_addsubdf3.o)
 .ARM.attributes
                0x00000224       0x1d /home/laurence/ARM-GCC/bin/../lib/gcc/arm-none-eabi/4.7.4/armv7-m/libgcc.a(_arm_muldivdf3.o)
 .ARM.attributes
                0x00000241       0x1d /home/laurence/ARM-GCC/bin/../lib/gcc/arm-none-eabi/4.7.4/armv7-m/libgcc.a(_arm_cmpdf2.o)
 .ARM.attributes
                0x0000025e       0x1d /home/laurence/ARM-GCC/bin/../lib/gcc/arm-none-eabi/4.7.4/armv7-m/libgcc.a(_arm_fixunsdfsi.o)
 .ARM.attributes
                0x0000027b       0x1d /home/laurence/ARM-GCC/bin/../lib/gcc/arm-none-eabi/4.7.4/armv7-m/libgcc.a(_arm_truncdfsf2.o)
 .ARM.attributes
                0x00000298       0x1d /home/laurence/ARM-GCC/bin/../lib/gcc/arm-none-eabi/4.7.4/armv7-m/libgcc.a(_arm_addsubsf3.o)
 .ARM.attributes
                0x000002b5       0x1d /home/laurence/ARM-GCC/bin/../lib/gcc/arm-none-eabi/4.7.4/armv7-m/libgcc.a(_arm_muldivsf3.o)
 .ARM.attributes
                0x000002d2       0x1d /home/laurence/ARM-GCC/bin/../lib/gcc/arm-none-eabi/4.7.4/armv7-m/libgcc.a(_arm_cmpsf2.o)
 .ARM.attributes
                0x000002ef       0x1d /home/laurence/ARM-GCC/bin/../lib/gcc/arm-none-eabi/4.7.4/armv7-m/libgcc.a(_arm_fixunssfsi.o)
 .ARM.attributes
                0x0000030c       0x2d /home/laurence/ARM-GCC/bin/../lib/gcc/arm-none-eabi/4.7.4/../../../../arm-none-eabi/lib/armv7-m/libc.a(lib_a-malloc.o)
 .ARM.attributes
                0x00000339       0x2d /home/laurence/ARM-GCC/bin/../lib/gcc/arm-none-eabi/4.7.4/../../../../arm-none-eabi/lib/armv7-m/libc.a(lib_a-mallocr.o)
 .ARM.attributes
                0x00000366       0x2d /home/laurence/ARM-GCC/bin/../lib/gcc/arm-none-eabi/4.7.4/../../../../arm-none-eabi/lib/armv7-m/libc.a(lib_a-memcpy.o)
 .ARM.attributes
                0x00000393       0x2d /home/laurence/ARM-GCC/bin/../lib/gcc/arm-none-eabi/4.7.4/../../../../arm-none-eabi/lib/armv7-m/libc.a(lib_a-mlock.o)
 .ARM.attributes
                0x000003c0       0x2d /home/laurence/ARM-GCC/bin/../lib/gcc/arm-none-eabi/4.7.4/../../../../arm-none-eabi/lib/armv7-m/libc.a(lib_a-sbrkr.o)
 .ARM.attributes
                0x000003ed       0x2d /home/laurence/ARM-GCC/bin/../lib/gcc/arm-none-eabi/4.7.4/../../../../arm-none-eabi/lib/armv7-m/libc.a(lib_a-strcat.o)
 .ARM.attributes
                0x0000041a       0x2d /home/laurence/ARM-GCC/bin/../lib/gcc/arm-none-eabi/4.7.4/../../../../arm-none-eabi/lib/armv7-m/libc.a(lib_a-strchr.o)
 .ARM.attributes
                0x00000447       0x2d /home/laurence/ARM-GCC/bin/../lib/gcc/arm-none-eabi/4.7.4/../../../../arm-none-eabi/lib/armv7-m/libc.a(lib_a-strcpy.o)
 .ARM.attributes
                0x00000474       0x2d /home/laurence/ARM-GCC/bin/../lib/gcc/arm-none-eabi/4.7.4/../../../../arm-none-eabi/lib/armv7-m/libc.a(lib_a-strlen.o)
 .ARM.attributes
                0x000004a1       0x2d /home/laurence/ARM-GCC/bin/../lib/gcc/arm-none-eabi/4.7.4/../../../../arm-none-eabi/lib/armv7-m/libc.a(lib_a-strncmp.o)
 .ARM.attributes
                0x000004ce       0x2d /home/laurence/ARM-GCC/bin/../lib/gcc/arm-none-eabi/4.7.4/../../../../arm-none-eabi/lib/armv7-m/libc.a(lib_a-strncpy.o)
 .ARM.attributes
                0x000004fb       0x2d /home/laurence/ARM-GCC/bin/../lib/gcc/arm-none-eabi/4.7.4/../../../../arm-none-eabi/lib/armv7-m/libc.a(lib_a-freer.o)
 .ARM.attributes
                0x00000528       0x2d /home/laurence/ARM-GCC/bin/../lib/gcc/arm-none-eabi/4.7.4/../../../../arm-none-eabi/lib/armv7-m/libc.a(lib_a-reent.o)
 .ARM.attributes
                0x00000555       0x21 lib/CMSIS_CM3/startup/gcc/startup_stm32f10x_md.o
 .ARM.attributes
                0x00000576       0x33 lib/STM32F10x_StdPeriph_Driver/libstm32fw.a(misc.o)
 .ARM.attributes
                0x000005a9       0x33 lib/STM32F10x_StdPeriph_Driver/libstm32fw.a(stm32f10x_adc.o)
 .ARM.attributes
                0x000005dc       0x33 lib/STM32F10x_StdPeriph_Driver/libstm32fw.a(stm32f10x_bkp.o)
 .ARM.attributes
                0x0000060f       0x33 lib/STM32F10x_StdPeriph_Driver/libstm32fw.a(stm32f10x_dbgmcu.o)
 .ARM.attributes
                0x00000642       0x33 lib/STM32F10x_StdPeriph_Driver/libstm32fw.a(stm32f10x_dma.o)
 .ARM.attributes
                0x00000675       0x33 lib/STM32F10x_StdPeriph_Driver/libstm32fw.a(stm32f10x_exti.o)
 .ARM.attributes
                0x000006a8       0x33 lib/STM32F10x_StdPeriph_Driver/libstm32fw.a(stm32f10x_gpio.o)
 .ARM.attributes