Archive member included because of file (symbol)

lib/STM32F10x_StdPeriph_Driver/libstm32fw.a(misc.o)
                              interrupts.o (symbol from plugin) (NVIC_PriorityGroupConfig)
lib/STM32F10x_StdPeriph_Driver/libstm32fw.a(stm32f10x_adc.o)
                              adc.o (symbol from plugin) (ADC_DeInit)
lib/STM32F10x_StdPeriph_Driver/libstm32fw.a(stm32f10x_bkp.o)
                              Util/fat_fs/src/rtc.o (symbol from plugin) (BKP_DeInit)
lib/STM32F10x_StdPeriph_Driver/libstm32fw.a(stm32f10x_dbgmcu.o)
                              main.o (symbol from plugin) (DBGMCU_Config)
lib/STM32F10x_StdPeriph_Driver/libstm32fw.a(stm32f10x_dma.o)
                              Silabs/si446x.o (symbol from plugin) (DMA_DeInit)
lib/STM32F10x_StdPeriph_Driver/libstm32fw.a(stm32f10x_exti.o)
                              Silabs/si446x.o (symbol from plugin) (EXTI_DeInit)
lib/STM32F10x_StdPeriph_Driver/libstm32fw.a(stm32f10x_gpio.o)
                              Silabs/si446x.o (symbol from plugin) (GPIO_Init)
lib/STM32F10x_StdPeriph_Driver/libstm32fw.a(stm32f10x_i2c.o)
                              i2c_int.o (symbol from plugin) (I2C_DeInit)
lib/STM32F10x_StdPeriph_Driver/libstm32fw.a(stm32f10x_iwdg.o)
                              watchdog.o (symbol from plugin) (IWDG_WriteAccessCmd)
lib/STM32F10x_StdPeriph_Driver/libstm32fw.a(stm32f10x_pwr.o)
                              pwr.o (symbol from plugin) (PWR_DeInit)
lib/STM32F10x_StdPeriph_Driver/libstm32fw.a(stm32f10x_rcc.o)
                              interrupts.o (symbol from plugin) (RCC_HCLKConfig)
lib/STM32F10x_StdPeriph_Driver/libstm32fw.a(stm32f10x_rtc.o)
                              Util/fat_fs/src/rtc.o (symbol from plugin) (RTC_GetCounter)
lib/STM32F10x_StdPeriph_Driver/libstm32fw.a(stm32f10x_spi.o)
                              Util/fat_fs/src/sd_spi_stm32.o (symbol from plugin) (SPI_I2S_DeInit)
lib/STM32F10x_StdPeriph_Driver/libstm32fw.a(stm32f10x_tim.o)
                              pwm.o (symbol from plugin) (TIM_DeInit)
lib/STM32F10x_StdPeriph_Driver/libstm32fw.a(stm32f10x_usart.o)
                              usart.o (symbol from plugin) (USART_DeInit)
lib/STM32_USB-FS-Device_Driver/libstm32usb.a(usb_core.o)
                              Util/USB/usb_prop.o (symbol from plugin) (Standard_GetDescriptorData)
lib/STM32_USB-FS-Device_Driver/libstm32usb.a(usb_init.o)
                              main.o (symbol from plugin) (USB_Init)
lib/STM32_USB-FS-Device_Driver/libstm32usb.a(usb_int.o)
                              Util/USB/usb_istr.o (symbol from plugin) (CTR_LP)
lib/STM32_USB-FS-Device_Driver/libstm32usb.a(usb_mem.o)
                              lib/STM32_USB-FS-Device_Driver/libstm32usb.a(usb_core.o) (UserToPMABufferCopy)
lib/STM32_USB-FS-Device_Driver/libstm32usb.a(usb_regs.o)
                              Util/USB/usb_prop.o (symbol from plugin) (SetBTABLE)
lib/STM32_USB-FS-Device_Driver/libstm32usb.a(usb_sil.o)
                              Util/USB/usb_prop.o (symbol from plugin) (USB_SIL_Init)
/home/laurence/ARM-GCC/gcc-arm-none-eabi-4_9-2014q4/bin/../lib/gcc/arm-none-eabi/4.9.3/../../../../arm-none-eabi/lib/armv7-m/libg.a(lib_a-exit.o)
                              /home/laurence/ARM-GCC/gcc-arm-none-eabi-4_9-2014q4/bin/../lib/gcc/arm-none-eabi/4.9.3/../../../../arm-none-eabi/lib/armv7-m/crt0.o (exit)
/home/laurence/ARM-GCC/gcc-arm-none-eabi-4_9-2014q4/bin/../lib/gcc/arm-none-eabi/4.9.3/../../../../arm-none-eabi/lib/armv7-m/libg.a(lib_a-impure.o)
                              /home/laurence/ARM-GCC/gcc-arm-none-eabi-4_9-2014q4/bin/../lib/gcc/arm-none-eabi/4.9.3/../../../../arm-none-eabi/lib/armv7-m/libg.a(lib_a-exit.o) (_global_impure_ptr)
/home/laurence/ARM-GCC/gcc-arm-none-eabi-4_9-2014q4/bin/../lib/gcc/arm-none-eabi/4.9.3/../../../../arm-none-eabi/lib/armv7-m/libg.a(lib_a-init.o)
                              /home/laurence/ARM-GCC/gcc-arm-none-eabi-4_9-2014q4/bin/../lib/gcc/arm-none-eabi/4.9.3/../../../../arm-none-eabi/lib/armv7-m/crt0.o (__libc_init_array)
/home/laurence/ARM-GCC/gcc-arm-none-eabi-4_9-2014q4/bin/../lib/gcc/arm-none-eabi/4.9.3/../../../../arm-none-eabi/lib/armv7-m/libg.a(lib_a-memset.o)
                              /home/laurence/ARM-GCC/gcc-arm-none-eabi-4_9-2014q4/bin/../lib/gcc/arm-none-eabi/4.9.3/../../../../arm-none-eabi/lib/armv7-m/crt0.o (memset)
/home/laurence/ARM-GCC/gcc-arm-none-eabi-4_9-2014q4/bin/../lib/gcc/arm-none-eabi/4.9.3/../../../../arm-none-eabi/lib/armv7-m/libg.a(lib_a-__call_atexit.o)
                              /home/laurence/ARM-GCC/gcc-arm-none-eabi-4_9-2014q4/bin/../lib/gcc/arm-none-eabi/4.9.3/../../../../arm-none-eabi/lib/armv7-m/libg.a(lib_a-exit.o) (__call_exitprocs)
/home/laurence/ARM-GCC/gcc-arm-none-eabi-4_9-2014q4/bin/../lib/gcc/arm-none-eabi/4.9.3/../../../../arm-none-eabi/lib/armv7-m/libg.a(lib_a-atexit.o)
[...]
Memory Configuration

Name             Origin             Length             Attributes
RAM              0x20000000         0x00005000         xrw
FLASH            0x08000000         0x00020000         xr
FLASHB1          0x00000000         0x00000000         xr
EXTMEMB0         0x00000000         0x00000000         xr
EXTMEMB1         0x00000000         0x00000000         xr
EXTMEMB2         0x00000000         0x00000000         xr
EXTMEMB3         0x00000000         0x00000000         xr
STARTFLASH       0x00000000         0xffffffff
CRPPATCH         0x00000000         0xffffffff
FLASHPATCH       0x00000000         0xffffffff
ENDFLASH         0x00000000         0xffffffff
*default*        0x00000000         0xffffffff

Linker script and memory map

LOAD /home/laurence/ARM-GCC/gcc-arm-none-eabi-4_9-2014q4/bin/../lib/gcc/arm-none-eabi/4.9.3/armv7-m/crti.o
LOAD /home/laurence/ARM-GCC/gcc-arm-none-eabi-4_9-2014q4/bin/../lib/gcc/arm-none-eabi/4.9.3/armv7-m/crtbegin.o
LOAD /home/laurence/ARM-GCC/gcc-arm-none-eabi-4_9-2014q4/bin/../lib/gcc/arm-none-eabi/4.9.3/../../../../arm-none-eabi/lib/armv7-m/crt0.o
LOAD Silabs/si446x.o
LOAD /tmp/ccVowuJO.ltrans0.ltrans.o
LOAD /tmp/ccVowuJO.ltrans1.ltrans.o
LOAD /tmp/ccVowuJO.ltrans2.ltrans.o
LOAD /tmp/ccVowuJO.ltrans3.ltrans.o
LOAD /tmp/ccVowuJO.ltrans4.ltrans.o
LOAD /tmp/ccVowuJO.ltrans5.ltrans.o
LOAD /tmp/ccVowuJO.ltrans6.ltrans.o
LOAD /tmp/ccVowuJO.ltrans7.ltrans.o
LOAD /tmp/ccVowuJO.ltrans8.ltrans.o
LOAD /tmp/ccVowuJO.ltrans9.ltrans.o
LOAD /home/laurence/ARM-GCC/gcc-arm-none-eabi-4_9-2014q4/bin/../lib/gcc/arm-none-eabi/4.9.3/armv7-m/libgcc.a
LOAD /home/laurence/ARM-GCC/gcc-arm-none-eabi-4_9-2014q4/bin/../lib/gcc/arm-none-eabi/4.9.3/../../../../arm-none-eabi/lib/armv7-m/libg.a
LOAD /home/laurence/ARM-GCC/gcc-arm-none-eabi-4_9-2014q4/bin/../lib/gcc/arm-none-eabi/4.9.3/../../../../arm-none-eabi/lib/armv7-m/libc.a
LOAD Ublox/ubx.o
LOAD Util/USB/hw_config.o
LOAD Util/USB/mass_mal.o
LOAD Util/USB/memory.o
LOAD Util/USB/scsi_data.o
LOAD Util/USB/usb_bot.o
LOAD Util/USB/usb_desc.o
LOAD Util/USB/usb_endp.o
LOAD Util/USB/usb_istr.o
LOAD Util/USB/usb_prop.o
LOAD Util/USB/usb_pwr.o
LOAD Util/USB/usb_scsi.o
LOAD Util/buffer.o
LOAD Util/crc.o
LOAD Util/delay.o
LOAD Util/fat_fs/option/ccsbcs.o
LOAD Util/fat_fs/src/fattime.o
LOAD Util/fat_fs/src/ff.o
LOAD Util/fat_fs/src/rtc.o
LOAD Util/fat_fs/src/sd_spi_stm32.o
LOAD Util/polygon.o
LOAD Util/rprintf.o
LOAD Util/wave.o
LOAD adc.o
LOAD dma.o
LOAD gpio.o
LOAD i2c_int.o
LOAD interrupts.o
LOAD lib/CMSIS_CM3/core_cm3.o
LOAD lib/CMSIS_CM3/startup/gcc/startup_stm32f10x_md.o
LOAD lib/CMSIS_CM3/system_stm32f10x.o
LOAD main.o
LOAD pwm.o
LOAD pwr.o
LOAD usart.o
LOAD watchdog.o
LOAD lib/STM32F10x_StdPeriph_Driver/libstm32fw.a
LOAD lib/STM32_USB-FS-Device_Driver/libstm32usb.a
LOAD /home/laurence/ARM-GCC/gcc-arm-none-eabi-4_9-2014q4/bin/../lib/gcc/arm-none-eabi/4.9.3/../../../../arm-none-eabi/lib/armv7-m/libm.a
LOAD /home/laurence/ARM-GCC/gcc-arm-none-eabi-4_9-2014q4/bin/../lib/gcc/arm-none-eabi/4.9.3/../../../../arm-none-eabi/lib/armv7-m/libnosys.a
START GROUP
LOAD /home/laurence/ARM-GCC/gcc-arm-none-eabi-4_9-2014q4/bin/../lib/gcc/arm-none-eabi/4.9.3/armv7-m/libgcc.a
LOAD /home/laurence/ARM-GCC/gcc-arm-none-eabi-4_9-2014q4/bin/../lib/gcc/arm-none-eabi/4.9.3/../../../../arm-none-eabi/lib/armv7-m/libg.a
LOAD /home/laurence/ARM-GCC/gcc-arm-none-eabi-4_9-2014q4/bin/../lib/gcc/arm-none-eabi/4.9.3/../../../../arm-none-eabi/lib/armv7-m/libc.a
END GROUP
LOAD /home/laurence/ARM-GCC/gcc-arm-none-eabi-4_9-2014q4/bin/../lib/gcc/arm-none-eabi/4.9.3/armv7-m/crtend.o
LOAD /home/laurence/ARM-GCC/gcc-arm-none-eabi-4_9-2014q4/bin/../lib/gcc/arm-none-eabi/4.9.3/armv7-m/crtn.o
                0x00002000                __Stack_Size = 0x2000
                0x00002000                PROVIDE (_Stack_Size, __Stack_Size)
                0x20003000                __Stack_Init = (_estack - __Stack_Size)
                0x20003000                PROVIDE (_Stack_Init, __Stack_Init)
                0x00002000                _Minimum_Stack_Size = 0x2000
                0x00000000                PROVIDE (Undefined_Handler, 0x0)
                0x00000000                PROVIDE (SWI_Handler, 0x0)
                0x00000000                PROVIDE (IRQ_Handler, 0x0)
                0x00000000                PROVIDE (Prefetch_Handler, 0x0)
                0x00000000                PROVIDE (Abort_Handler, 0x0)
                0x00000000                PROVIDE (FIQ_Handler, 0x0)
                0x00000000                PROVIDE (NMIException, 0x0)
                0x00000000                PROVIDE (NMI_Handler, 0x0)
                0x00000000                PROVIDE (HardFaultException, 0x0)
                0x00000000                PROVIDE (HardFault_Handler, 0x0)
                0x00000000                PROVIDE (MemManageException, 0x0)
                0x00000000                PROVIDE (MemManage_Handler, 0x0)
                0x00000000                PROVIDE (BusFaultException, 0x0)
                0x00000000                PROVIDE (BusFault_Handler, 0x0)
                0x00000000                PROVIDE (UsageFaultException, 0x0)
                0x00000000                PROVIDE (UsageFault_Handler, 0x0)
                0x00000000                PROVIDE (SVCHandler, 0x0)
                0x00000000                PROVIDE (SVC_Handler, 0x0)
                0x00000000                PROVIDE (DebugMonitor, 0x0)
                0x00000000                PROVIDE (DebugMon_Handler, 0x0)
                0x00000000                PROVIDE (PendSVC, 0x0)
                0x00000000                PROVIDE (PendSV_Handler, 0x0)
                0x00000000                PROVIDE (SysTickHandler, 0x0)
                0x00000000                PROVIDE (SysTick_Handler, 0x0)
                0x00000000                PROVIDE (WWDG_IRQHandler, 0x0)
                0x00000000                PROVIDE (PVD_IRQHandler, 0x0)
                0x00000000                PROVIDE (TAMPER_IRQHandler, 0x0)
                0x00000000                PROVIDE (RTC_IRQHandler, 0x0)
                0x00000000                PROVIDE (FLASH_IRQHandler, 0x0)
                0x00000000                PROVIDE (RCC_IRQHandler, 0x0)
                0x00000000                PROVIDE (EXTI0_IRQHandler, 0x0)
                0x00000000                PROVIDE (EXTI1_IRQHandler, 0x0)
                0x00000000                PROVIDE (EXTI2_IRQHandler, 0x0)
                0x00000000                PROVIDE (EXTI3_IRQHandler, 0x0)
                0x00000000                PROVIDE (EXTI4_IRQHandler, 0x0)
                0x00000000                PROVIDE (DMAChannel1_IRQHandler, 0x0)
                0x00000000                PROVIDE (DMAChannel2_IRQHandler, 0x0)
                0x00000000                PROVIDE (DMAChannel3_IRQHandler, 0x0)
                0x00000000                PROVIDE (DMAChannel4_IRQHandler, 0x0)
                0x00000000                PROVIDE (DMAChannel5_IRQHandler, 0x0)
                0x00000000                PROVIDE (DMAChannel6_IRQHandler, 0x0)
                0x00000000                PROVIDE (DMAChannel7_IRQHandler, 0x0)
                0x00000000                PROVIDE (DMA1_Channel1_IRQHandler, 0x0)
                0x00000000                PROVIDE (DMA1_Channel2_IRQHandler, 0x0)
                0x00000000                PROVIDE (DMA1_Channel3_IRQHandler, 0x0)
                0x00000000                PROVIDE (DMA1_Channel4_IRQHandler, 0x0)
                0x00000000                PROVIDE (DMA1_Channel5_IRQHandler, 0x0)
                0x00000000                PROVIDE (DMA1_Channel6_IRQHandler, 0x0)
                0x00000000                PROVIDE (DMA1_Channel7_IRQHandler, 0x0)
                0x00000000                PROVIDE (ADC_IRQHandler, 0x0)
                0x00000000                PROVIDE (ADC1_2_IRQHandler, 0x0)
                0x00000000                PROVIDE (USB_HP_CAN_TX_IRQHandler, 0x0)
                0x00000000                PROVIDE (USB_HP_CAN1_TX_IRQHandler, 0x0)
                0x00000000                PROVIDE (USB_LP_CAN_RX0_IRQHandler, 0x0)
                0x00000000                PROVIDE (USB_LP_CAN1_RX0_IRQHandler, 0x0)
                0x00000000                PROVIDE (CAN_RX1_IRQHandler, 0x0)
                0x00000000                PROVIDE (CAN1_RX1_IRQHandler, 0x0)
                0x00000000                PROVIDE (CAN_SCE_IRQHandler, 0x0)
                0x00000000                PROVIDE (CAN1_SCE_IRQHandler, 0x0)
                0x00000000                PROVIDE (EXTI9_5_IRQHandler, 0x0)
                0x00000000                PROVIDE (TIM1_BRK_IRQHandler, 0x0)
                0x00000000                PROVIDE (TIM1_UP_IRQHandler, 0x0)
                0x00000000                PROVIDE (TIM1_TRG_COM_IRQHandler, 0x0)
                0x00000000                PROVIDE (TIM1_CC_IRQHandler, 0x0)
                0x00000000                PROVIDE (TIM2_IRQHandler, 0x0)
                0x00000000                PROVIDE (TIM3_IRQHandler, 0x0)
                0x00000000                PROVIDE (TIM4_IRQHandler, 0x0)
                0x00000000                PROVIDE (I2C1_EV_IRQHandler, 0x0)
                0x00000000                PROVIDE (I2C1_ER_IRQHandler, 0x0)
                0x00000000                PROVIDE (I2C2_EV_IRQHandler, 0x0)
                0x00000000                PROVIDE (I2C2_ER_IRQHandler, 0x0)
                0x00000000                PROVIDE (SPI1_IRQHandler, 0x0)
                0x00000000                PROVIDE (SPI2_IRQHandler, 0x0)
                0x00000000                PROVIDE (USART1_IRQHandler, 0x0)
                0x00000000                PROVIDE (USART2_IRQHandler, 0x0)
                0x00000000                PROVIDE (USART3_IRQHandler, 0x0)
                0x00000000                PROVIDE (EXTI15_10_IRQHandler, 0x0)
                0x00000000                PROVIDE (RTCAlarm_IRQHandler, 0x0)
                0x00000000                PROVIDE (USBWakeUp_IRQHandler, 0x0)
                0x00000000                PROVIDE (TIM8_BRK_IRQHandler, 0x0)
                0x00000000                PROVIDE (TIM8_UP_IRQHandler, 0x0)
                0x00000000                PROVIDE (TIM8_TRG_COM_IRQHandler, 0x0)
                0x00000000                PROVIDE (TIM8_CC_IRQHandler, 0x0)
                0x00000000                PROVIDE (ADC3_IRQHandler, 0x0)
                0x00000000                PROVIDE (FSMC_IRQHandler, 0x0)
                0x00000000                PROVIDE (SDIO_IRQHandler, 0x0)
                0x00000000                PROVIDE (TIM5_IRQHandler, 0x0)
                0x00000000                PROVIDE (SPI3_IRQHandler, 0x0)
                0x00000000                PROVIDE (UART4_IRQHandler, 0x0)
                0x00000000                PROVIDE (UART5_IRQHandler, 0x0)
                0x00000000                PROVIDE (TIM6_IRQHandler, 0x0)
                0x00000000                PROVIDE (TIM7_IRQHandler, 0x0)
                0x00000000                PROVIDE (DMA2_Channel1_IRQHandler, 0x0)
                0x00000000                PROVIDE (DMA2_Channel2_IRQHandler, 0x0)
                0x00000000                PROVIDE (DMA2_Channel3_IRQHandler, 0x0)
                0x00000000                PROVIDE (DMA2_Channel4_5_IRQHandler, 0x0)
                0x42000000                PERIPH_BB_BASE = 0x42000000
                0x22000000                SRAM_BB_BASE = 0x22000000
                0x20000000                SRAM_BASE = 0x20000000
                0x40000000                PERIPH_BASE = 0x40000000
                0x40022000                PROVIDE (FLASH_BASE, 0x40022000)
                0x1ffff800                PROVIDE (OB_BASE, 0x1ffff800)
                0x40000000                APB1PERIPH_BASE = PERIPH_BASE
                0x40010000                APB2PERIPH_BASE = (PERIPH_BASE + 0x10000)
                0x40020000                AHBPERIPH_BASE = (PERIPH_BASE + 0x20000)
                0x40000000                PROVIDE (TIM2, (APB1PERIPH_BASE + 0x0))
                0x40000400                PROVIDE (TIM3, (APB1PERIPH_BASE + 0x400))
                0x40000800                PROVIDE (TIM4, (APB1PERIPH_BASE + 0x800))
                0x40002800                PROVIDE (RTC, (APB1PERIPH_BASE + 0x2800))
                0x40002c00                PROVIDE (WWDG, (APB1PERIPH_BASE + 0x2c00))
                0x40003000                PROVIDE (IWDG, (APB1PERIPH_BASE + 0x3000))
                0x40003800                PROVIDE (SPI2, (APB1PERIPH_BASE + 0x3800))
                0x40004400                PROVIDE (USART2, (APB1PERIPH_BASE + 0x4400))
                0x40004800                PROVIDE (USART3, (APB1PERIPH_BASE + 0x4800))
                0x40005400                PROVIDE (I2C1, (APB1PERIPH_BASE + 0x5400))
                0x40005800                PROVIDE (I2C2, (APB1PERIPH_BASE + 0x5800))
                0x40006400                PROVIDE (CAN, (APB1PERIPH_BASE + 0x6400))
                0x40006c00                PROVIDE (BKP, (APB1PERIPH_BASE + 0x6c00))
                0x40007000                PROVIDE (PWR, (APB1PERIPH_BASE + 0x7000))
                0x40010000                PROVIDE (AFIO, (APB2PERIPH_BASE + 0x0))
                0x40010400                PROVIDE (EXTI, (APB2PERIPH_BASE + 0x400))
                0x40010800                PROVIDE (GPIOA, (APB2PERIPH_BASE + 0x800))
                0x40010c00                PROVIDE (GPIOB, (APB2PERIPH_BASE + 0xc00))
                0x40011000                PROVIDE (GPIOC, (APB2PERIPH_BASE + 0x1000))
                0x40011400                PROVIDE (GPIOD, (APB2PERIPH_BASE + 0x1400))
                0x40011800                PROVIDE (GPIOE, (APB2PERIPH_BASE + 0x1800))
                0x40012400                PROVIDE (ADC1, (APB2PERIPH_BASE + 0x2400))
                0x40012800                PROVIDE (ADC2, (APB2PERIPH_BASE + 0x2800))
                0x40012c00                PROVIDE (TIM1, (APB2PERIPH_BASE + 0x2c00))
                0x40013000                PROVIDE (SPI1, (APB2PERIPH_BASE + 0x3000))
                0x40013800                PROVIDE (USART1, (APB2PERIPH_BASE + 0x3800))
                0x40020000                PROVIDE (DMA, (AHBPERIPH_BASE + 0x0))
                0x40020008                PROVIDE (DMA_Channel1, (AHBPERIPH_BASE + 0x8))
                0x4002001c                PROVIDE (DMA_Channel2, (AHBPERIPH_BASE + 0x1c))
                0x40020030                PROVIDE (DMA_Channel3, (AHBPERIPH_BASE + 0x30))
                0x40020044                PROVIDE (DMA_Channel4, (AHBPERIPH_BASE + 0x44))
                0x40020058                PROVIDE (DMA_Channel5, (AHBPERIPH_BASE + 0x58))
                0x4002006c                PROVIDE (DMA_Channel6, (AHBPERIPH_BASE + 0x6c))
                0x40020080                PROVIDE (DMA_Channel7, (AHBPERIPH_BASE + 0x80))
                0x40021000                PROVIDE (RCC, (AHBPERIPH_BASE + 0x1000))
                0xe000e000                SCS_BASE = 0xe000e000
                0xe000e010                PROVIDE (SysTick, (SCS_BASE + 0x10))
                0xe000e100                PROVIDE (NVIC, (SCS_BASE + 0x100))
                0xe000ed00                PROVIDE (SCB, (SCS_BASE + 0xd00))
                0x20005000                PROVIDE (_estack, (ORIGIN (RAM) + 0x5000))

.isr_vector     0x08000000      0x10c
                0x08000000                . = ALIGN (0x4)
 *(.isr_vector)
 .isr_vector    0x08000000      0x10c lib/CMSIS_CM3/startup/gcc/startup_stm32f10x_md.o
                0x08000000                g_pfnVectors
                0x0800010c                . = ALIGN (0x4)

.flash_start    0x00000000        0x0
                0x00000000                . = ALIGN (0x4)
 *(.flash_start)
 *(.flash_start.*)
                0x00000000                . = ALIGN (0x4)

.crp_patch      0x00000000        0x0
                0x00000000                . = ALIGN (0x4)
 *(.crp_patch)
                0x00000000                . = ALIGN (0x4)

.flashtext      0x0800010c        0x0
                0x0800010c                . = ALIGN (0x4)
 *(.flashtext)
                0x0800010c                . = ALIGN (0x4)

.text           0x08000110     0xcd78
                0x08000110                . = ALIGN (0x4)
 *(.text)
 .text          0x08000110      0x370 /home/laurence/ARM-GCC/gcc-arm-none-eabi-4_9-2014q4/bin/../lib/gcc/arm-none-eabi/4.9.3/armv7-m/libgcc.a(_arm_addsubdf3.o)
                0x08000110                __aeabi_drsub
                0x08000118                __aeabi_dsub
                0x08000118                __subdf3
                0x0800011c                __adddf3
                0x0800011c                __aeabi_dadd
                0x08000394                __aeabi_ui2d
                0x08000394                __floatunsidf
                0x080003b4                __floatsidf
                0x080003b4                __aeabi_i2d
                0x080003d8                __extendsfdf2
                0x080003d8                __aeabi_f2d
                0x08000414                __aeabi_ul2d
                0x08000414                __floatundidf
                0x08000424                __floatdidf
                0x08000424                __aeabi_l2d
 .text          0x08000480      0x424 /home/laurence/ARM-GCC/gcc-arm-none-eabi-4_9-2014q4/bin/../lib/gcc/arm-none-eabi/4.9.3/armv7-m/libgcc.a(_arm_muldivdf3.o)
                0x08000480                __aeabi_dmul
                0x08000480                __muldf3
                0x080006d4                __aeabi_ddiv
                0x080006d4                __divdf3
 .text          0x080008a4      0x110 /home/laurence/ARM-GCC/gcc-arm-none-eabi-4_9-2014q4/bin/../lib/gcc/arm-none-eabi/4.9.3/armv7-m/libgcc.a(_arm_cmpdf2.o)
                0x080008a4                __gtdf2
                0x080008a4                __gedf2
                0x080008ac                __ltdf2
                0x080008ac                __ledf2
                0x080008b4                __cmpdf2
                0x080008b4                __eqdf2
                0x080008b4                __nedf2
                0x08000930                __aeabi_cdrcmple
                0x08000940                __aeabi_cdcmple
                0x08000940                __aeabi_cdcmpeq
                0x08000950                __aeabi_dcmpeq
                0x08000964                __aeabi_dcmplt
                0x08000978                __aeabi_dcmple
                0x0800098c                __aeabi_dcmpge
                0x080009a0                __aeabi_dcmpgt
 .text          0x080009b4       0x40 /home/laurence/ARM-GCC/gcc-arm-none-eabi-4_9-2014q4/bin/../lib/gcc/arm-none-eabi/4.9.3/armv7-m/libgcc.a(_arm_fixunsdfsi.o)
                0x080009b4                __fixunsdfsi
                0x080009b4                __aeabi_d2uiz
 .text          0x080009f4       0xa0 /home/laurence/ARM-GCC/gcc-arm-none-eabi-4_9-2014q4/bin/../lib/gcc/arm-none-eabi/4.9.3/armv7-m/libgcc.a(_arm_truncdfsf2.o)
                0x080009f4                __aeabi_d2f
                0x080009f4                __truncdfsf2
 .text          0x08000a94      0x21c /home/laurence/ARM-GCC/gcc-arm-none-eabi-4_9-2014q4/bin/../lib/gcc/arm-none-eabi/4.9.3/armv7-m/libgcc.a(_arm_addsubsf3.o)
                0x08000a94                __aeabi_frsub
                0x08000a9c                __subsf3
                0x08000a9c                __aeabi_fsub
                0x08000aa0                __aeabi_fadd
                0x08000aa0                __addsf3
                0x08000c00                __aeabi_ui2f
                0x08000c00                __floatunsisf
                0x08000c08                __aeabi_i2f
                0x08000c08                __floatsisf
                0x08000c24                __floatundisf
                0x08000c24                __aeabi_ul2f
                0x08000c34                __floatdisf
                0x08000c34                __aeabi_l2f
 .text          0x08000cb0      0x2a0 /home/laurence/ARM-GCC/gcc-arm-none-eabi-4_9-2014q4/bin/../lib/gcc/arm-none-eabi/4.9.3/armv7-m/libgcc.a(_arm_muldivsf3.o)
                0x08000cb0                __mulsf3
                0x08000cb0                __aeabi_fmul
                0x08000e18                __divsf3
                0x08000e18                __aeabi_fdiv
 .text          0x08000f50       0xec /home/laurence/ARM-GCC/gcc-arm-none-eabi-4_9-2014q4/bin/../lib/gcc/arm-none-eabi/4.9.3/armv7-m/libgcc.a(_arm_cmpsf2.o)
                0x08000f50                __gtsf2
                0x08000f50                __gesf2
                0x08000f58                __lesf2
                0x08000f58                __ltsf2
                0x08000f60                __nesf2
                0x08000f60                __eqsf2
                0x08000f60                __cmpsf2
                0x08000fc0                __aeabi_cfrcmple
                0x08000fc8                __aeabi_cfcmple
                0x08000fc8                __aeabi_cfcmpeq
                0x08000fd8                __aeabi_fcmpeq
                0x08000fec                __aeabi_fcmplt
                0x08001000                __aeabi_fcmple
                0x08001014                __aeabi_fcmpge
                0x08001028                __aeabi_fcmpgt
 .text          0x0800103c       0x40 /home/laurence/ARM-GCC/gcc-arm-none-eabi-4_9-2014q4/bin/../lib/gcc/arm-none-eabi/4.9.3/armv7-m/libgcc.a(_arm_fixunssfsi.o)
                0x0800103c                __aeabi_f2uiz
                0x0800103c                __fixunssfsi
 .text          0x0800107c       0xec /home/laurence/ARM-GCC/gcc-arm-none-eabi-4_9-2014q4/bin/../lib/gcc/arm-none-eabi/4.9.3/../../../../arm-none-eabi/lib/armv7-m/libg.a(lib_a-memcpy.o)
                0x0800107c                memcpy
 *(.text.*)
 .text.si446x_spi_state_machine
                0x08001168      0x2d4 /tmp/ccVowuJO.ltrans0.ltrans.o
 .text.si446x_busy_wait_send_receive
                0x0800143c       0xfc /tmp/ccVowuJO.ltrans0.ltrans.o
 .text.si446x_set_modem
                0x08001538      0x29c /tmp/ccVowuJO.ltrans0.ltrans.o
 .text.si446x_set_deviation_channel_bps
                0x080017d4      0x118 /tmp/ccVowuJO.ltrans0.ltrans.o
 .text.si446x_set_frequency
                0x080018ec      0x174 /tmp/ccVowuJO.ltrans0.ltrans.o
 .text.si446x_state_machine
                0x08001a60      0x4d4 /tmp/ccVowuJO.ltrans0.ltrans.o
 .text.Gps_Process_Byte
                0x08001f34      0x210 /tmp/ccVowuJO.ltrans0.ltrans.o
                0x08001f34                Gps_Process_Byte
 .text.EXTI15_10_IRQHandler
                0x08002144       0x48 /tmp/ccVowuJO.ltrans0.ltrans.o
                0x08002144                EXTI15_10_IRQHandler
 .text.DMA1_Channel2_IRQHandler
                0x0800218c       0x50 /tmp/ccVowuJO.ltrans0.ltrans.o
                0x0800218c                DMA1_Channel2_IRQHandler
 .text.USART3_IRQHandler
                0x080021dc       0x90 /tmp/ccVowuJO.ltrans0.ltrans.o
                0x080021dc                USART3_IRQHandler
 .text.EXTI0_IRQHandler
                0x0800226c       0x44 /tmp/ccVowuJO.ltrans0.ltrans.o
                0x0800226c                EXTI0_IRQHandler
 .text.si446x_setup
                0x080022b0      0x480 /tmp/ccVowuJO.ltrans0.ltrans.o
                0x080022b0                si446x_setup
 .text.silabs_cts_jammed
                0x08002730       0x28 /tmp/ccVowuJO.ltrans0.ltrans.o
                0x08002730                silabs_cts_jammed
 .text.get_from_silabs_buffer
                0x08002758       0x20 /tmp/ccVowuJO.ltrans0.ltrans.o
                0x08002758                get_from_silabs_buffer
 .text.send_string_to_silabs
                0x08002778       0x40 /tmp/ccVowuJO.ltrans0.ltrans.o
                0x08002778                send_string_to_silabs
 .text.ff_wtoupper
                0x080027b8       0x24 /tmp/ccVowuJO.ltrans1.ltrans.o
 .text.crc_xmodem_update
                0x080027dc       0x28 /tmp/ccVowuJO.ltrans1.ltrans.o
 .text.sum_sfn.lto_priv.21
                0x08002804       0x1c /tmp/ccVowuJO.ltrans1.ltrans.o
                0x08002804                sum_sfn.lto_priv.21
 .text.fit_lfn.lto_priv.20
                0x08002820       0x64 /tmp/ccVowuJO.ltrans1.ltrans.o
                0x08002820                fit_lfn.lto_priv.20
 .text.cmp_lfn.lto_priv.23
                0x08002884       0x9c /tmp/ccVowuJO.ltrans1.ltrans.o
                0x08002884                cmp_lfn.lto_priv.23
 .text.clust2sect
                0x08002920       0x18 /tmp/ccVowuJO.ltrans1.ltrans.o
                0x08002920                clust2sect
 .text.move_window.lto_priv.12
                0x08002938       0x7c /tmp/ccVowuJO.ltrans1.ltrans.o
                0x08002938                move_window.lto_priv.12
 .text.put_fat  0x080029b4      0x108 /tmp/ccVowuJO.ltrans1.ltrans.o
                0x080029b4                put_fat
 .text.get_fat  0x08002abc       0xe8 /tmp/ccVowuJO.ltrans1.ltrans.o
                0x08002abc                get_fat
 .text.dir_sdi.lto_priv.16
                0x08002ba4       0x94 /tmp/ccVowuJO.ltrans1.ltrans.o
                0x08002ba4                dir_sdi.lto_priv.16
 .text.create_chain.lto_priv.10
                0x08002c38       0xac /tmp/ccVowuJO.ltrans1.ltrans.o
                0x08002c38                create_chain.lto_priv.10
 .text.remove_chain.lto_priv.5
                0x08002ce4       0x64 /tmp/ccVowuJO.ltrans1.ltrans.o
                0x08002ce4                remove_chain.lto_priv.5
 .text.chk_chr.lto_priv.17
                0x08002d48       0x10 /tmp/ccVowuJO.ltrans1.ltrans.o
                0x08002d48                chk_chr.lto_priv.17
 .text.mem_cmp.lto_priv.22
                0x08002d58       0x24 /tmp/ccVowuJO.ltrans1.ltrans.o
                0x08002d58                mem_cmp.lto_priv.22
 .text.mem_set.lto_priv.18
                0x08002d7c       0x10 /tmp/ccVowuJO.ltrans1.ltrans.o
                0x08002d7c                mem_set.lto_priv.18
 .text.dir_next.lto_priv.19
                0x08002d8c      0x124 /tmp/ccVowuJO.ltrans1.ltrans.o
                0x08002d8c                dir_next.lto_priv.19
 .text.sync.lto_priv.11
                0x08002eb0       0xb8 /tmp/ccVowuJO.ltrans1.ltrans.o
                0x08002eb0                sync.lto_priv.11
 .text.mem_cpy.lto_priv.13
                0x08002f68       0x14 /tmp/ccVowuJO.ltrans1.ltrans.o
                0x08002f68                mem_cpy.lto_priv.13
 .text.gen_numname
                0x08002f7c       0x88 /tmp/ccVowuJO.ltrans1.ltrans.o
                0x08002f7c                gen_numname
 .text.get_fattime
                0x08003004       0x44 /tmp/ccVowuJO.ltrans1.ltrans.o
                0x08003004                get_fattime
 .text.ff_convert
                0x08003048       0x40 /tmp/ccVowuJO.ltrans1.ltrans.o
                0x08003048                ff_convert
 .text.Delay    0x08003088       0x20 /tmp/ccVowuJO.ltrans1.ltrans.o
                0x08003088                Delay
 .text.string_CRC16_checksum
                0x080030a8       0x28 /tmp/ccVowuJO.ltrans1.ltrans.o
                0x080030a8                string_CRC16_checksum
 .text.Init_Dma_Buffer
                0x080030d0       0x14 /tmp/ccVowuJO.ltrans1.ltrans.o
                0x080030d0                Init_Dma_Buffer
 .text.Init_Byte_Buffer
                0x080030e4       0x14 /tmp/ccVowuJO.ltrans1.ltrans.o
                0x080030e4                Init_Byte_Buffer
 .text.Init_Buffer
                0x080030f8       0x14 /tmp/ccVowuJO.ltrans1.ltrans.o
                0x080030f8                Init_Buffer
 .text.Bytes_In_DMA_Buffer
                0x0800310c       0x24 /tmp/ccVowuJO.ltrans1.ltrans.o
                0x0800310c                Bytes_In_DMA_Buffer
 .text.Empty_Dma_Buffer
                0x08003130        0xc /tmp/ccVowuJO.ltrans1.ltrans.o
                0x08003130                Empty_Dma_Buffer
 .text.Pop_From_Dma_Buffer
                0x0800313c       0x28 /tmp/ccVowuJO.ltrans1.ltrans.o
                0x0800313c                Pop_From_Dma_Buffer
 .text.Pop_From_Byte_Buffer
                0x08003164       0x28 /tmp/ccVowuJO.ltrans1.ltrans.o
                0x08003164                Pop_From_Byte_Buffer
 .text.Pop_From_Buffer
                0x0800318c       0x2c /tmp/ccVowuJO.ltrans1.ltrans.o
                0x0800318c                Pop_From_Buffer
 .text.Get_From_Byte_Buffer
                0x080031b8       0x40 /tmp/ccVowuJO.ltrans1.ltrans.o
                0x080031b8                Get_From_Byte_Buffer
 .text.Add_To_Byte_Buffer
                0x080031f8       0x4c /tmp/ccVowuJO.ltrans1.ltrans.o
                0x080031f8                Add_To_Byte_Buffer
 .text.Add_To_Buffer
                0x08003244       0x50 /tmp/ccVowuJO.ltrans1.ltrans.o
                0x08003244                Add_To_Buffer
 .text.SCSI_Format_Cmd
                0x08003294       0x14 /tmp/ccVowuJO.ltrans1.ltrans.o
                0x08003294                SCSI_Format_Cmd
 .text.SCSI_Start_Stop_Unit_Cmd
                0x080032a8        0xc /tmp/ccVowuJO.ltrans1.ltrans.o
                0x080032a8                SCSI_Start_Stop_Unit_Cmd
 .text.Set_Scsi_Sense_Data
                0x080032b4        0xc /tmp/ccVowuJO.ltrans1.ltrans.o
                0x080032b4                Set_Scsi_Sense_Data
 .text.SCSI_Address_Management
                0x080032c0       0x7c /tmp/ccVowuJO.ltrans1.ltrans.o
 .text.SCSI_Invalid_Cmd
                0x0800333c       0x44 /tmp/ccVowuJO.ltrans1.ltrans.o
                0x0800333c                SCSI_Invalid_Cmd
 .text.SCSI_TestUnitReady_Cmd
                0x08003380       0x34 /tmp/ccVowuJO.ltrans1.ltrans.o
                0x08003380                SCSI_TestUnitReady_Cmd
 .text.SCSI_Verify10_Cmd
                0x080033b4       0x3c /tmp/ccVowuJO.ltrans1.ltrans.o
                0x080033b4                SCSI_Verify10_Cmd
 .text.SCSI_Write10_Cmd
                0x080033f0       0x68 /tmp/ccVowuJO.ltrans1.ltrans.o
                0x080033f0                SCSI_Write10_Cmd
 .text.SCSI_Read10_Cmd
                0x08003458       0x68 /tmp/ccVowuJO.ltrans1.ltrans.o
                0x08003458                SCSI_Read10_Cmd
 .text.SCSI_RequestSense_Cmd
                0x080034c0       0x1c /tmp/ccVowuJO.ltrans1.ltrans.o
                0x080034c0                SCSI_RequestSense_Cmd
 .text.SCSI_ModeSense10_Cmd
                0x080034dc       0x10 /tmp/ccVowuJO.ltrans1.ltrans.o
                0x080034dc                SCSI_ModeSense10_Cmd
 .text.SCSI_ModeSense6_Cmd
                0x080034ec       0x10 /tmp/ccVowuJO.ltrans1.ltrans.o
                0x080034ec                SCSI_ModeSense6_Cmd
 *fill*         0x080034fc        0x4 
 .text.main     0x08003500     0x11a0 /tmp/ccVowuJO.ltrans2.ltrans.o
                0x08003500                main
 .text.Get_Max_Lun
                0x080046a0       0x18 /tmp/ccVowuJO.ltrans3.ltrans.o
 .text.MASS_Get_Interface_Setting
                0x080046b8       0x10 /tmp/ccVowuJO.ltrans3.ltrans.o
 .text.MASS_Data_Setup
                0x080046c8       0x4c /tmp/ccVowuJO.ltrans3.ltrans.o
 .text.MASS_Status_Out
                0x08004714        0x4 /tmp/ccVowuJO.ltrans3.ltrans.o
 .text.MASS_Status_In
                0x08004718        0x4 /tmp/ccVowuJO.ltrans3.ltrans.o
 .text.Mass_Storage_SetDeviceAddress
                0x0800471c        0xc /tmp/ccVowuJO.ltrans3.ltrans.o
 .text.IntToUnicode
                0x08004728       0x30 /tmp/ccVowuJO.ltrans3.ltrans.o
 .text.Get_SerialNum
                0x08004758       0x38 /tmp/ccVowuJO.ltrans3.ltrans.o
 .text.PowerOn  0x08004790       0x28 /tmp/ccVowuJO.ltrans3.ltrans.o
 .text.Leave_LowPowerMode
                0x080047b8       0x20 /tmp/ccVowuJO.ltrans3.ltrans.o
 .text.Resume_Init
                0x080047d8       0x20 /tmp/ccVowuJO.ltrans3.ltrans.o
 .text.Resume   0x080047f8       0xac /tmp/ccVowuJO.ltrans3.ltrans.o
 .text.Enter_LowPowerMode
                0x080048a4        0xc /tmp/ccVowuJO.ltrans3.ltrans.o
 .text.Suspend  0x080048b0       0x24 /tmp/ccVowuJO.ltrans3.ltrans.o
 .text.MASS_GetStringDescriptor
                0x080048d4       0x24 /tmp/ccVowuJO.ltrans3.ltrans.o
 .text.MASS_GetConfigDescriptor
                0x080048f8       0x10 /tmp/ccVowuJO.ltrans3.ltrans.o
 .text.MASS_GetDeviceDescriptor
                0x08004908       0x10 /tmp/ccVowuJO.ltrans3.ltrans.o
 .text.MASS_NoData_Setup
                0x08004918       0x58 /tmp/ccVowuJO.ltrans3.ltrans.o
 .text.Mass_Storage_SetConfiguration
                0x08004970       0x30 /tmp/ccVowuJO.ltrans3.ltrans.o
 .text.MASS_Reset
                0x080049a0       0xe0 /tmp/ccVowuJO.ltrans3.ltrans.o
 .text.MASS_init
                0x08004a80       0x24 /tmp/ccVowuJO.ltrans3.ltrans.o
 .text.MAL_Read
                0x08004aa4       0x2c /tmp/ccVowuJO.ltrans3.ltrans.o
 .text.MAL_Write
                0x08004ad0       0x34 /tmp/ccVowuJO.ltrans3.ltrans.o
 .text.MAL_Init
                0x08004b04       0x4c /tmp/ccVowuJO.ltrans3.ltrans.o
 .text.MAL_Config
                0x08004b50        0xc /tmp/ccVowuJO.ltrans3.ltrans.o
 .text.Get_UBX_Ack
                0x08004b5c       0xac /tmp/ccVowuJO.ltrans3.ltrans.o
 .text.USB_Istr
                0x08004c08       0xe0 /tmp/ccVowuJO.ltrans3.ltrans.o
                0x08004c08                USB_Istr
 .text.Bot_Abort
                0x08004ce8       0x38 /tmp/ccVowuJO.ltrans3.ltrans.o
                0x08004ce8                Bot_Abort
 .text.Mass_Storage_ClearFeature
                0x08004d20       0x1c /tmp/ccVowuJO.ltrans3.ltrans.o
 .text.Set_CSW  0x08004d3c       0x38 /tmp/ccVowuJO.ltrans3.ltrans.o
                0x08004d3c                Set_CSW
 .text.Mass_Storage_In
                0x08004d74       0x60 /tmp/ccVowuJO.ltrans3.ltrans.o
 .text.EP1_IN_Callback
                0x08004dd4        0x8 /tmp/ccVowuJO.ltrans3.ltrans.o
 .text.Transfer_Data_Request
                0x08004ddc       0x34 /tmp/ccVowuJO.ltrans3.ltrans.o
                0x08004ddc                Transfer_Data_Request
 .text.SCSI_Inquiry_Cmd
                0x08004e10       0x40 /tmp/ccVowuJO.ltrans3.ltrans.o
 .text.Write_Memory
                0x08004e50       0xcc /tmp/ccVowuJO.ltrans3.ltrans.o
                0x08004e50                Write_Memory
 .text.Read_Memory
                0x08004f1c      0x110 /tmp/ccVowuJO.ltrans3.ltrans.o
                0x08004f1c                Read_Memory
 .text.MAL_GetStatus
                0x0800502c       0x48 /tmp/ccVowuJO.ltrans3.ltrans.o
                0x0800502c                MAL_GetStatus
 .text.SCSI_ReadCapacity10_Cmd
                0x08005074       0x88 /tmp/ccVowuJO.ltrans3.ltrans.o
 .text.SCSI_ReadFormatCapacity_Cmd
                0x080050fc       0x7c /tmp/ccVowuJO.ltrans3.ltrans.o
 .text.CBW_Decode
                0x08005178      0x268 /tmp/ccVowuJO.ltrans3.ltrans.o
 .text.Mass_Storage_Out
                0x080053e0       0x80 /tmp/ccVowuJO.ltrans3.ltrans.o
 .text.EP2_OUT_Callback
                0x08005460        0x8 /tmp/ccVowuJO.ltrans3.ltrans.o
 .text.USB_Interrupts_Config
                0x08005468       0x3c /tmp/ccVowuJO.ltrans3.ltrans.o
                0x08005468                USB_Interrupts_Config
 .text.Set_USBClock
                0x080054a4       0x14 /tmp/ccVowuJO.ltrans3.ltrans.o
                0x080054a4                Set_USBClock
 .text.Set_System
                0x080054b8        0x8 /tmp/ccVowuJO.ltrans3.ltrans.o
                0x080054b8                Set_System
 .text.Config_Gps
                0x080054c0       0xd0 /tmp/ccVowuJO.ltrans3.ltrans.o
                0x080054c0                Config_Gps
 .text.wait_ready
                0x08005590       0x24 /tmp/ccVowuJO.ltrans4.ltrans.o
 .text.send_cmd
                0x080055b4       0xd4 /tmp/ccVowuJO.ltrans4.ltrans.o
 .text.power_on
                0x08005688      0x104 /tmp/ccVowuJO.ltrans4.ltrans.o
 .text.stm32_dma_transfer
                0x0800578c       0xdc /tmp/ccVowuJO.ltrans4.ltrans.o
 .text.xmit_datablock
                0x08005868       0x4c /tmp/ccVowuJO.ltrans4.ltrans.o
 .text.rprintfChar
                0x080058b4       0x20 /tmp/ccVowuJO.ltrans4.ltrans.o
                0x080058b4                rprintfChar
 .text.rprintfFloat
                0x080058d4       0xc8 /tmp/ccVowuJO.ltrans4.ltrans.o
 .text.rprintf2RamRom
                0x0800599c      0x360 /tmp/ccVowuJO.ltrans4.ltrans.o
                0x0800599c                rprintf2RamRom
 .text.rprintfInit
                0x08005cfc        0xc /tmp/ccVowuJO.ltrans4.ltrans.o
                0x08005cfc                rprintfInit
 .text.pointinpoly
                0x08005d08       0x54 /tmp/ccVowuJO.ltrans4.ltrans.o
                0x08005d08                pointinpoly
 .text.disk_timerproc
                0x08005d5c       0x48 /tmp/ccVowuJO.ltrans4.ltrans.o
                0x08005d5c                disk_timerproc
 .text.disk_status
                0x08005da4       0x14 /tmp/ccVowuJO.ltrans4.ltrans.o
                0x08005da4                disk_status
 .text.rcvr_datablock
                0x08005db8       0x58 /tmp/ccVowuJO.ltrans4.ltrans.o
                0x08005db8                rcvr_datablock
 .text.stop_cmd
                0x08005e10        0xc /tmp/ccVowuJO.ltrans4.ltrans.o
                0x08005e10                stop_cmd
 .text.wrapup_transaction
                0x08005e1c       0x2c /tmp/ccVowuJO.ltrans4.ltrans.o
                0x08005e1c                wrapup_transaction
 .text.release_spi
                0x08005e48       0x18 /tmp/ccVowuJO.ltrans4.ltrans.o
                0x08005e48                release_spi
 .text.disk_write
                0x08005e60       0xb0 /tmp/ccVowuJO.ltrans4.ltrans.o
                0x08005e60                disk_write
 .text.disk_read
                0x08005f10       0xa8 /tmp/ccVowuJO.ltrans4.ltrans.o
                0x08005f10                disk_read
 .text.disk_initialize
                0x08005fb8      0x158 /tmp/ccVowuJO.ltrans4.ltrans.o
                0x08005fb8                disk_initialize
 .text.power_off_
                0x08006110       0x6c /tmp/ccVowuJO.ltrans4.ltrans.o
 .text.disk_ioctl
                0x0800617c      0x2b0 /tmp/ccVowuJO.ltrans4.ltrans.o
                0x0800617c                disk_ioctl
 .text.struct_to_counter
                0x0800642c       0xac /tmp/ccVowuJO.ltrans5.ltrans.o
 .text.counter_to_struct
                0x080064d8       0xdc /tmp/ccVowuJO.ltrans5.ltrans.o
 .text.isDST    0x080065b4       0x38 /tmp/ccVowuJO.ltrans5.ltrans.o
 .text.adjustDST
                0x080065ec       0x64 /tmp/ccVowuJO.ltrans5.ltrans.o
 .text.my_RTC_SetCounter
                0x08006650       0x20 /tmp/ccVowuJO.ltrans5.ltrans.o
 .text.stm32_spi_rw.lto_priv.4
                0x08006670       0x24 /tmp/ccVowuJO.ltrans5.ltrans.o
                0x08006670                stm32_spi_rw.lto_priv.4
 .text.rcvr_spi.lto_priv.1
                0x08006694        0xc /tmp/ccVowuJO.ltrans5.ltrans.o
                0x08006694                rcvr_spi.lto_priv.1
 .text.chk_power.lto_priv.2
                0x080066a0        0x4 /tmp/ccVowuJO.ltrans5.ltrans.o
                0x080066a0                chk_power.lto_priv.2
 .text.interface_speed.lto_priv.3
                0x080066a4       0x2c /tmp/ccVowuJO.ltrans5.ltrans.o
                0x080066a4                interface_speed.lto_priv.3
 .text.rtc_init
                0x080066d0       0xa4 /tmp/ccVowuJO.ltrans5.ltrans.o
                0x080066d0                rtc_init
 .text.rtc_settime
                0x08006774       0x28 /tmp/ccVowuJO.ltrans5.ltrans.o
                0x08006774                rtc_settime
 .text.rtc_gettime
                0x0800679c       0x24 /tmp/ccVowuJO.ltrans5.ltrans.o
                0x0800679c                rtc_gettime
 .text.f_truncate
                0x080067c0       0x98 /tmp/ccVowuJO.ltrans5.ltrans.o
                0x080067c0                f_truncate
 .text.f_stat   0x08006858       0x44 /tmp/ccVowuJO.ltrans5.ltrans.o
                0x08006858                f_stat
 .text.f_lseek  0x0800689c      0x18c /tmp/ccVowuJO.ltrans5.ltrans.o
                0x0800689c                f_lseek
 .text.f_sync   0x08006a28       0xac /tmp/ccVowuJO.ltrans5.ltrans.o
                0x08006a28                f_sync
 .text.f_close  0x08006ad4       0x14 /tmp/ccVowuJO.ltrans5.ltrans.o
                0x08006ad4                f_close
 .text.f_write  0x08006ae8      0x1dc /tmp/ccVowuJO.ltrans5.ltrans.o
                0x08006ae8                f_write
 .text.f_putc   0x08006cc4       0x2c /tmp/ccVowuJO.ltrans5.ltrans.o
 .text.f_puts   0x08006cf0       0x24 /tmp/ccVowuJO.ltrans5.ltrans.o
                0x08006cf0                f_puts
 .text.f_read   0x08006d14      0x1a8 /tmp/ccVowuJO.ltrans5.ltrans.o
                0x08006d14                f_read
 .text.f_open   0x08006ebc      0x15c /tmp/ccVowuJO.ltrans5.ltrans.o
                0x08006ebc                f_open
 .text.f_mount  0x08007018       0x28 /tmp/ccVowuJO.ltrans5.ltrans.o
                0x08007018                f_mount
 .text.I2C1_Request_Job
                0x08007040       0x84 /tmp/ccVowuJO.ltrans6.ltrans.o
                0x08007040                I2C1_Request_Job
 .text.I2C1_ER_IRQHandler
                0x080070c4      0x10c /tmp/ccVowuJO.ltrans6.ltrans.o
                0x080070c4                I2C1_ER_IRQHandler
 .text.I2C1_EV_IRQHandler
                0x080071d0      0x69c /tmp/ccVowuJO.ltrans6.ltrans.o
                0x080071d0                I2C1_EV_IRQHandler
 .text.test_cutdown
                0x0800786c       0x60 /tmp/ccVowuJO.ltrans6.ltrans.o
                0x0800786c                test_cutdown
 .text.get_wkup
                0x080078cc       0x10 /tmp/ccVowuJO.ltrans6.ltrans.o
                0x080078cc                get_wkup
 .text.setup_gpio
                0x080078dc      0x178 /tmp/ccVowuJO.ltrans6.ltrans.o
                0x080078dc                setup_gpio
 .text.DMA_USART2_Configuration
                0x08007a54       0x58 /tmp/ccVowuJO.ltrans6.ltrans.o
                0x08007a54                DMA_USART2_Configuration
 .text.ReadADC1_noblock
                0x08007aac       0x20 /tmp/ccVowuJO.ltrans6.ltrans.o
                0x08007aac                ReadADC1_noblock
 .text.ADC_Configuration
                0x08007acc       0xf8 /tmp/ccVowuJO.ltrans6.ltrans.o
                0x08007acc                ADC_Configuration
 .text.wave_terminate
                0x08007bc4       0x78 /tmp/ccVowuJO.ltrans6.ltrans.o
                0x08007bc4                wave_terminate
 .text.write_wave_samples
                0x08007c3c       0x78 /tmp/ccVowuJO.ltrans6.ltrans.o
                0x08007c3c                write_wave_samples
 .text.write_wave_header
                0x08007cb4       0xd4 /tmp/ccVowuJO.ltrans6.ltrans.o
                0x08007cb4                write_wave_header
 .text.rStrLen  0x08007d88       0x14 /tmp/ccVowuJO.ltrans6.ltrans.o
                0x08007d88                rStrLen
 .text.Isdigit  0x08007d9c       0x10 /tmp/ccVowuJO.ltrans6.ltrans.o
                0x08007d9c                Isdigit
 .text.atoiRamRom
                0x08007dac       0x2c /tmp/ccVowuJO.ltrans6.ltrans.o
                0x08007dac                atoiRamRom
 .text.check_fs
                0x08007dd8       0x90 /tmp/ccVowuJO.ltrans7.ltrans.o
 .text.create_name
                0x08007e68      0x214 /tmp/ccVowuJO.ltrans7.ltrans.o
 .text.dir_find
                0x0800807c       0xd0 /tmp/ccVowuJO.ltrans7.ltrans.o
 .text.validate.lto_priv.6
                0x0800814c       0x30 /tmp/ccVowuJO.ltrans7.ltrans.o
                0x0800814c                validate.lto_priv.6
 .text.chk_mounted.lto_priv.9
                0x0800817c      0x34c /tmp/ccVowuJO.ltrans7.ltrans.o
                0x0800817c                chk_mounted.lto_priv.9
 .text.follow_path.lto_priv.8
                0x080084c8       0x8c /tmp/ccVowuJO.ltrans7.ltrans.o
                0x080084c8                follow_path.lto_priv.8
 .text.get_fileinfo.lto_priv.7
                0x08008554       0xf8 /tmp/ccVowuJO.ltrans7.ltrans.o
                0x08008554                get_fileinfo.lto_priv.7
 .text.dir_register.lto_priv.14
                0x0800864c      0x168 /tmp/ccVowuJO.ltrans7.ltrans.o
                0x0800864c                dir_register.lto_priv.14
 .text.SetSysClockTo48
                0x080087b4       0xcc /tmp/ccVowuJO.ltrans8.ltrans.o
 .text.SetSysClock
                0x08008880        0x8 /tmp/ccVowuJO.ltrans8.ltrans.o
 .text.Realign_Axes
                0x08008888       0x18 /tmp/ccVowuJO.ltrans8.ltrans.o
 .text.filterloop
                0x080088a0      0x138 /tmp/ccVowuJO.ltrans8.ltrans.o
 .text.I2C1_Setup_Job
                0x080089d8       0x14 /tmp/ccVowuJO.ltrans8.ltrans.o
 .text.NVIC_SystemReset.lto_priv.0
                0x080089ec       0x1c /tmp/ccVowuJO.ltrans8.ltrans.o
                0x080089ec                NVIC_SystemReset.lto_priv.0
 .text.SystemInit
                0x08008a08       0x44 /tmp/ccVowuJO.ltrans8.ltrans.o
                0x08008a08                SystemInit
 .text.__REVSH  0x08008a4c        0x4 /tmp/ccVowuJO.ltrans8.ltrans.o
                0x08008a4c                __REVSH
 .text.__REV16  0x08008a50        0x4 /tmp/ccVowuJO.ltrans8.ltrans.o
                0x08008a50                __REV16
 .text.USB_LP_CAN1_RX0_IRQHandler
                0x08008a54        0x8 /tmp/ccVowuJO.ltrans8.ltrans.o
                0x08008a54                USB_LP_CAN1_RX0_IRQHandler
 .text.USB_HP_CAN1_TX_IRQHandler
                0x08008a5c        0x8 /tmp/ccVowuJO.ltrans8.ltrans.o
                0x08008a5c                USB_HP_CAN1_TX_IRQHandler
 *fill*         0x08008a64        0x4 
 .text.SysTick_Handler
                0x08008a68      0x5d8 /tmp/ccVowuJO.ltrans8.ltrans.o
                0x08008a68                SysTick_Handler
 .text.ADC1_2_IRQHandler
                0x08009040       0x70 /tmp/ccVowuJO.ltrans8.ltrans.o
                0x08009040                ADC1_2_IRQHandler
 .text.SysTick_Configuration
                0x080090b0       0x28 /tmp/ccVowuJO.ltrans8.ltrans.o
                0x080090b0                SysTick_Configuration
 .text.ISR_Config
                0x080090d8       0x94 /tmp/ccVowuJO.ltrans8.ltrans.o
                0x080090d8                ISR_Config
 .text.I2C_Config
                0x0800916c      0x1d0 /tmp/ccVowuJO.ltrans8.ltrans.o
                0x0800916c                I2C_Config
 .text.Default_Usart_Config
                0x0800933c       0x10 /tmp/ccVowuJO.ltrans9.ltrans.o
 .text.__gps_send_char
                0x0800934c       0x1c /tmp/ccVowuJO.ltrans9.ltrans.o
 .text.__usart_send_char
                0x08009368       0x1c /tmp/ccVowuJO.ltrans9.ltrans.o
                0x08009368                __usart_send_char
 .text.Timer_RCC_Configuration
                0x08009384       0x10 /tmp/ccVowuJO.ltrans9.ltrans.o
 .text.__fat_print_char
                0x08009394       0x24 /tmp/ccVowuJO.ltrans9.ltrans.o
                0x08009394                __fat_print_char
 .text.__str_print_char
                0x080093b8       0x40 /tmp/ccVowuJO.ltrans9.ltrans.o
                0x080093b8                __str_print_char
 .text.Watchdog_Config
                0x080093f8       0x30 /tmp/ccVowuJO.ltrans9.ltrans.o
                0x080093f8                Watchdog_Config
 .text.USART1_IRQHandler
                0x08009428       0x30 /tmp/ccVowuJO.ltrans9.ltrans.o
                0x08009428                USART1_IRQHandler
 .text.Gps_Send_Str
                0x08009458       0x18 /tmp/ccVowuJO.ltrans9.ltrans.o
                0x08009458                Gps_Send_Str
 .text.Gps_Send_Utf8
                0x08009470       0x1c /tmp/ccVowuJO.ltrans9.ltrans.o
                0x08009470                Gps_Send_Utf8
 .text.Usart_Send_Str
                0x0800948c       0x18 /tmp/ccVowuJO.ltrans9.ltrans.o
                0x0800948c                Usart_Send_Str
 .text.USART2_reconf
                0x080094a4       0x44 /tmp/ccVowuJO.ltrans9.ltrans.o
                0x080094a4                USART2_reconf
 .text.Usarts_Init
                0x080094e8       0xe0 /tmp/ccVowuJO.ltrans9.ltrans.o
                0x080094e8                Usarts_Init
 .text.shutdown_filesystem
                0x080095c8       0xd4 /tmp/ccVowuJO.ltrans9.ltrans.o
                0x080095c8                shutdown_filesystem
 .text.disable_pin
                0x0800969c        0xc /tmp/ccVowuJO.ltrans9.ltrans.o
                0x0800969c                disable_pin
 .text.shutdown
                0x080096a8       0x10 /tmp/ccVowuJO.ltrans9.ltrans.o
                0x080096a8                shutdown
 .text.setuppwr
                0x080096b8       0x14 /tmp/ccVowuJO.ltrans9.ltrans.o
                0x080096b8                setuppwr
 .text.PWM_Set  0x080096cc       0x3c /tmp/ccVowuJO.ltrans9.ltrans.o
                0x080096cc                PWM_Set
 .text.Timer_GPIO_Disable
                0x08009708       0x2c /tmp/ccVowuJO.ltrans9.ltrans.o
                0x08009708                Timer_GPIO_Disable
 .text.Timer_GPIO_Enable
                0x08009734       0x2c /tmp/ccVowuJO.ltrans9.ltrans.o
                0x08009734                Timer_GPIO_Enable
 .text.Init_Timer
                0x08009760       0x80 /tmp/ccVowuJO.ltrans9.ltrans.o
                0x08009760                Init_Timer
 .text.file_preallocation_control
                0x080097e0       0x34 /tmp/ccVowuJO.ltrans9.ltrans.o
                0x080097e0                file_preallocation_control
 .text.detect_sensors
                0x08009814       0x74 /tmp/ccVowuJO.ltrans9.ltrans.o
                0x08009814                detect_sensors
 .text.malloc   0x08009888       0x10 /home/laurence/ARM-GCC/gcc-arm-none-eabi-4_9-2014q4/bin/../lib/gcc/arm-none-eabi/4.9.3/../../../../arm-none-eabi/lib/armv7-m/libg.a(lib_a-malloc.o)
                0x08009888                malloc
 .text._malloc_r
                0x08009898      0x504 /home/laurence/ARM-GCC/gcc-arm-none-eabi-4_9-2014q4/bin/../lib/gcc/arm-none-eabi/4.9.3/../../../../arm-none-eabi/lib/armv7-m/libg.a(lib_a-mallocr.o)
                0x08009898                _malloc_r
 .text.memcmp   0x08009d9c       0x64 /home/laurence/ARM-GCC/gcc-arm-none-eabi-4_9-2014q4/bin/../lib/gcc/arm-none-eabi/4.9.3/../../../../arm-none-eabi/lib/armv7-m/libg.a(lib_a-memcmp.o)
                0x08009d9c                memcmp
 .text.__malloc_lock
                0x08009e00        0x4 /home/laurence/ARM-GCC/gcc-arm-none-eabi-4_9-2014q4/bin/../lib/gcc/arm-none-eabi/4.9.3/../../../../arm-none-eabi/lib/armv7-m/libg.a(lib_a-mlock.o)
                0x08009e00                __malloc_lock
 .text.__malloc_unlock
                0x08009e04        0x4 /home/laurence/ARM-GCC/gcc-arm-none-eabi-4_9-2014q4/bin/../lib/gcc/arm-none-eabi/4.9.3/../../../../arm-none-eabi/lib/armv7-m/libg.a(lib_a-mlock.o)
                0x08009e04                __malloc_unlock
 .text._sbrk_r  0x08009e08       0x24 /home/laurence/ARM-GCC/gcc-arm-none-eabi-4_9-2014q4/bin/../lib/gcc/arm-none-eabi/4.9.3/../../../../arm-none-eabi/lib/armv7-m/libg.a(lib_a-sbrkr.o)
                0x08009e08                _sbrk_r
 .text.strchr   0x08009e2c       0xcc /home/laurence/ARM-GCC/gcc-arm-none-eabi-4_9-2014q4/bin/../lib/gcc/arm-none-eabi/4.9.3/../../../../arm-none-eabi/lib/armv7-m/libg.a(lib_a-strchr.o)
                0x08009e2c                strchr
 .text.strlen   0x08009ef8       0x5c /home/laurence/ARM-GCC/gcc-arm-none-eabi-4_9-2014q4/bin/../lib/gcc/arm-none-eabi/4.9.3/../../../../arm-none-eabi/lib/armv7-m/libg.a(lib_a-strlen.o)
                0x08009ef8                strlen
 .text.strncmp  0x08009f54       0x94 /home/laurence/ARM-GCC/gcc-arm-none-eabi-4_9-2014q4/bin/../lib/gcc/arm-none-eabi/4.9.3/../../../../arm-none-eabi/lib/armv7-m/libg.a(lib_a-strncmp.o)
                0x08009f54                strncmp
 .text.strncpy  0x08009fe8       0x68 /home/laurence/ARM-GCC/gcc-arm-none-eabi-4_9-2014q4/bin/../lib/gcc/arm-none-eabi/4.9.3/../../../../arm-none-eabi/lib/armv7-m/libg.a(lib_a-strncpy.o)
                0x08009fe8                strncpy
 .text._malloc_trim_r
                0x0800a050       0x9c /home/laurence/ARM-GCC/gcc-arm-none-eabi-4_9-2014q4/bin/../lib/gcc/arm-none-eabi/4.9.3/../../../../arm-none-eabi/lib/armv7-m/libg.a(lib_a-freer.o)
                0x0800a050                _malloc_trim_r
 .text._free_r  0x0800a0ec      0x1b0 /home/laurence/ARM-GCC/gcc-arm-none-eabi-4_9-2014q4/bin/../lib/gcc/arm-none-eabi/4.9.3/../../../../arm-none-eabi/lib/armv7-m/libg.a(lib_a-freer.o)
                0x0800a0ec                _free_r
 .text.Reset_Handler
                0x0800a29c       0x40 lib/CMSIS_CM3/startup/gcc/startup_stm32f10x_md.o
                0x0800a29c                Reset_Handler
 .text.Default_Handler
                0x0800a2dc        0x2 lib/CMSIS_CM3/startup/gcc/startup_stm32f10x_md.o
                0x0800a2dc                EXTI2_IRQHandler
                0x0800a2dc                DebugMon_Handler
                0x0800a2dc                TIM1_CC_IRQHandler
                0x0800a2dc                HardFault_Handler
                0x0800a2dc                PVD_IRQHandler
                0x0800a2dc                PendSV_Handler
                0x0800a2dc                NMI_Handler
                0x0800a2dc                EXTI3_IRQHandler
                0x0800a2dc                I2C2_EV_IRQHandler
                0x0800a2dc                UsageFault_Handler
                0x0800a2dc                SPI1_IRQHandler
                0x0800a2dc                TAMPER_IRQHandler
                0x0800a2dc                DMA1_Channel4_IRQHandler
                0x0800a2dc                RTC_IRQHandler
                0x0800a2dc                DMA1_Channel7_IRQHandler
                0x0800a2dc                CAN1_RX1_IRQHandler
                0x0800a2dc                TIM4_IRQHandler
                0x0800a2dc                DMA1_Channel6_IRQHandler
                0x0800a2dc                TIM3_IRQHandler
                0x0800a2dc                RCC_IRQHandler
                0x0800a2dc                TIM1_TRG_COM_IRQHandler
                0x0800a2dc                DMA1_Channel1_IRQHandler
                0x0800a2dc                Default_Handler
                0x0800a2dc                EXTI9_5_IRQHandler
                0x0800a2dc                SPI2_IRQHandler
                0x0800a2dc                MemManage_Handler
                0x0800a2dc                SVC_Handler
                0x0800a2dc                DMA1_Channel5_IRQHandler
                0x0800a2dc                EXTI4_IRQHandler
                0x0800a2dc                DMA1_Channel3_IRQHandler
                0x0800a2dc                TIM1_UP_IRQHandler
                0x0800a2dc                WWDG_IRQHandler
                0x0800a2dc                TIM2_IRQHandler
                0x0800a2dc                TIM1_BRK_IRQHandler
                0x0800a2dc                EXTI1_IRQHandler
                0x0800a2dc                RTCAlarm_IRQHandler
                0x0800a2dc                USART2_IRQHandler
                0x0800a2dc                I2C2_ER_IRQHandler
                0x0800a2dc                CAN1_SCE_IRQHandler
                0x0800a2dc                FLASH_IRQHandler
                0x0800a2dc                BusFault_Handler
                0x0800a2dc                USBWakeUp_IRQHandler
 *fill*         0x0800a2de        0x2 
 .text.NVIC_PriorityGroupConfig
                0x0800a2e0       0x14 lib/STM32F10x_StdPeriph_Driver/libstm32fw.a(misc.o)
                0x0800a2e0                NVIC_PriorityGroupConfig
 .text.NVIC_Init
                0x0800a2f4       0x6c lib/STM32F10x_StdPeriph_Driver/libstm32fw.a(misc.o)
                0x0800a2f4                NVIC_Init
 .text.NVIC_SetVectorTable
                0x0800a360       0x14 lib/STM32F10x_StdPeriph_Driver/libstm32fw.a(misc.o)
                0x0800a360                NVIC_SetVectorTable
 .text.SysTick_CLKSourceConfig
                0x0800a374       0x18 lib/STM32F10x_StdPeriph_Driver/libstm32fw.a(misc.o)
                0x0800a374                SysTick_CLKSourceConfig
 .text.ADC_DeInit
                0x0800a38c       0x5c lib/STM32F10x_StdPeriph_Driver/libstm32fw.a(stm32f10x_adc.o)
                0x0800a38c                ADC_DeInit
 .text.ADC_Init
                0x0800a3e8       0x48 lib/STM32F10x_StdPeriph_Driver/libstm32fw.a(stm32f10x_adc.o)
                0x0800a3e8                ADC_Init
 .text.ADC_Cmd  0x0800a430       0x12 lib/STM32F10x_StdPeriph_Driver/libstm32fw.a(stm32f10x_adc.o)
                0x0800a430                ADC_Cmd
 .text.ADC_ResetCalibration
                0x0800a442        0xa lib/STM32F10x_StdPeriph_Driver/libstm32fw.a(stm32f10x_adc.o)
                0x0800a442                ADC_ResetCalibration
 .text.ADC_GetResetCalibrationStatus
                0x0800a44c        0x8 lib/STM32F10x_StdPeriph_Driver/libstm32fw.a(stm32f10x_adc.o)
                0x0800a44c                ADC_GetResetCalibrationStatus
 .text.ADC_StartCalibration
                0x0800a454        0xa lib/STM32F10x_StdPeriph_Driver/libstm32fw.a(stm32f10x_adc.o)
                0x0800a454                ADC_StartCalibration
 .text.ADC_GetCalibrationStatus
                0x0800a45e        0x8 lib/STM32F10x_StdPeriph_Driver/libstm32fw.a(stm32f10x_adc.o)
                0x0800a45e                ADC_GetCalibrationStatus
 .text.ADC_SoftwareStartConvCmd
                0x0800a466       0x12 lib/STM32F10x_StdPeriph_Driver/libstm32fw.a(stm32f10x_adc.o)
                0x0800a466                ADC_SoftwareStartConvCmd
 .text.ADC_RegularChannelConfig
                0x0800a478       0x84 lib/STM32F10x_StdPeriph_Driver/libstm32fw.a(stm32f10x_adc.o)
                0x0800a478                ADC_RegularChannelConfig
 .text.ADC_GetConversionValue
                0x0800a4fc        0x6 lib/STM32F10x_StdPeriph_Driver/libstm32fw.a(stm32f10x_adc.o)
                0x0800a4fc                ADC_GetConversionValue
 .text.ADC_ExternalTrigInjectedConvConfig
                0x0800a502        0xc lib/STM32F10x_StdPeriph_Driver/libstm32fw.a(stm32f10x_adc.o)
                0x0800a502                ADC_ExternalTrigInjectedConvConfig
 .text.ADC_SoftwareStartInjectedConvCmd
                0x0800a50e       0x12 lib/STM32F10x_StdPeriph_Driver/libstm32fw.a(stm32f10x_adc.o)
                0x0800a50e                ADC_SoftwareStartInjectedConvCmd
 .text.ADC_InjectedChannelConfig
                0x0800a520       0x54 lib/STM32F10x_StdPeriph_Driver/libstm32fw.a(stm32f10x_adc.o)
                0x0800a520                ADC_InjectedChannelConfig
 .text.ADC_InjectedSequencerLengthConfig
                0x0800a574       0x10 lib/STM32F10x_StdPeriph_Driver/libstm32fw.a(stm32f10x_adc.o)
                0x0800a574                ADC_InjectedSequencerLengthConfig
 .text.ADC_GetInjectedConversionValue
                0x0800a584       0x1a lib/STM32F10x_StdPeriph_Driver/libstm32fw.a(stm32f10x_adc.o)
                0x0800a584                ADC_GetInjectedConversionValue
 .text.ADC_GetFlagStatus
                0x0800a59e        0xc lib/STM32F10x_StdPeriph_Driver/libstm32fw.a(stm32f10x_adc.o)
                0x0800a59e                ADC_GetFlagStatus
 .text.ADC_ClearFlag
                0x0800a5aa        0x6 lib/STM32F10x_StdPeriph_Driver/libstm32fw.a(stm32f10x_adc.o)
                0x0800a5aa                ADC_ClearFlag
 .text.ADC_GetITStatus
                0x0800a5b0       0x16 lib/STM32F10x_StdPeriph_Driver/libstm32fw.a(stm32f10x_adc.o)
                0x0800a5b0                ADC_GetITStatus
 .text.ADC_ClearITPendingBit
                0x0800a5c6        0x8 lib/STM32F10x_StdPeriph_Driver/libstm32fw.a(stm32f10x_adc.o)
                0x0800a5c6                ADC_ClearITPendingBit
 .text.BKP_DeInit
                0x0800a5ce       0x12 lib/STM32F10x_StdPeriph_Driver/libstm32fw.a(stm32f10x_bkp.o)
                0x0800a5ce                BKP_DeInit
 .text.BKP_RTCOutputConfig
                0x0800a5e0       0x18 lib/STM32F10x_StdPeriph_Driver/libstm32fw.a(stm32f10x_bkp.o)
                0x0800a5e0                BKP_RTCOutputConfig
 .text.BKP_SetRTCCalibrationValue
                0x0800a5f8       0x18 lib/STM32F10x_StdPeriph_Driver/libstm32fw.a(stm32f10x_bkp.o)
                0x0800a5f8                BKP_SetRTCCalibrationValue
 .text.BKP_WriteBackupRegister
                0x0800a610       0x1c lib/STM32F10x_StdPeriph_Driver/libstm32fw.a(stm32f10x_bkp.o)
                0x0800a610                BKP_WriteBackupRegister
 .text.BKP_ReadBackupRegister
                0x0800a62c       0x20 lib/STM32F10x_StdPeriph_Driver/libstm32fw.a(stm32f10x_bkp.o)
                0x0800a62c                BKP_ReadBackupRegister
 .text.DBGMCU_Config
                0x0800a64c       0x18 lib/STM32F10x_StdPeriph_Driver/libstm32fw.a(stm32f10x_dbgmcu.o)
                0x0800a64c                DBGMCU_Config
 .text.DMA_DeInit
                0x0800a664       0xf0 lib/STM32F10x_StdPeriph_Driver/libstm32fw.a(stm32f10x_dma.o)
                0x0800a664                DMA_DeInit
 .text.DMA_Init
                0x0800a754       0x3c lib/STM32F10x_StdPeriph_Driver/libstm32fw.a(stm32f10x_dma.o)
                0x0800a754                DMA_Init
 .text.DMA_Cmd  0x0800a790       0x12 lib/STM32F10x_StdPeriph_Driver/libstm32fw.a(stm32f10x_dma.o)
                0x0800a790                DMA_Cmd
 .text.DMA_ITConfig
                0x0800a7a2       0x10 lib/STM32F10x_StdPeriph_Driver/libstm32fw.a(stm32f10x_dma.o)
                0x0800a7a2                DMA_ITConfig
 .text.DMA_GetCurrDataCounter
                0x0800a7b2        0x6 lib/STM32F10x_StdPeriph_Driver/libstm32fw.a(stm32f10x_dma.o)
                0x0800a7b2                DMA_GetCurrDataCounter
 .text.DMA_GetFlagStatus
                0x0800a7b8       0x1c lib/STM32F10x_StdPeriph_Driver/libstm32fw.a(stm32f10x_dma.o)
                0x0800a7b8                DMA_GetFlagStatus
 .text.DMA_ClearFlag
                0x0800a7d4       0x14 lib/STM32F10x_StdPeriph_Driver/libstm32fw.a(stm32f10x_dma.o)
                0x0800a7d4                DMA_ClearFlag
 .text.DMA_GetITStatus
                0x0800a7e8       0x1c lib/STM32F10x_StdPeriph_Driver/libstm32fw.a(stm32f10x_dma.o)
                0x0800a7e8                DMA_GetITStatus
 .text.DMA_ClearITPendingBit
                0x0800a804       0x14 lib/STM32F10x_StdPeriph_Driver/libstm32fw.a(stm32f10x_dma.o)
                0x0800a804                DMA_ClearITPendingBit
 .text.EXTI_DeInit
                0x0800a818       0x1c lib/STM32F10x_StdPeriph_Driver/libstm32fw.a(stm32f10x_exti.o)
                0x0800a818                EXTI_DeInit
 .text.EXTI_Init
                0x0800a834       0x88 lib/STM32F10x_StdPeriph_Driver/libstm32fw.a(stm32f10x_exti.o)
                0x0800a834                EXTI_Init
 .text.EXTI_GetITStatus
                0x0800a8bc       0x1c lib/STM32F10x_StdPeriph_Driver/libstm32fw.a(stm32f10x_exti.o)
                0x0800a8bc                EXTI_GetITStatus
 .text.EXTI_ClearITPendingBit
                0x0800a8d8        0xc lib/STM32F10x_StdPeriph_Driver/libstm32fw.a(stm32f10x_exti.o)
                0x0800a8d8                EXTI_ClearITPendingBit
 .text.GPIO_Init
                0x0800a8e4       0x90 lib/STM32F10x_StdPeriph_Driver/libstm32fw.a(stm32f10x_gpio.o)
                0x0800a8e4                GPIO_Init
 .text.GPIO_StructInit
                0x0800a974       0x10 lib/STM32F10x_StdPeriph_Driver/libstm32fw.a(stm32f10x_gpio.o)
                0x0800a974                GPIO_StructInit
 .text.GPIO_ReadInputDataBit
                0x0800a984        0xc lib/STM32F10x_StdPeriph_Driver/libstm32fw.a(stm32f10x_gpio.o)
                0x0800a984                GPIO_ReadInputDataBit
 .text.GPIO_SetBits
                0x0800a990        0x4 lib/STM32F10x_StdPeriph_Driver/libstm32fw.a(stm32f10x_gpio.o)
                0x0800a990                GPIO_SetBits
 .text.GPIO_ResetBits
                0x0800a994        0x4 lib/STM32F10x_StdPeriph_Driver/libstm32fw.a(stm32f10x_gpio.o)
                0x0800a994                GPIO_ResetBits
 .text.GPIO_WriteBit
                0x0800a998        0xa lib/STM32F10x_StdPeriph_Driver/libstm32fw.a(stm32f10x_gpio.o)
                0x0800a998                GPIO_WriteBit
 *fill*         0x0800a9a2        0x2 
 .text.GPIO_PinRemapConfig
                0x0800a9a4       0x54 lib/STM32F10x_StdPeriph_Driver/libstm32fw.a(stm32f10x_gpio.o)
                0x0800a9a4                GPIO_PinRemapConfig
 .text.GPIO_EXTILineConfig
                0x0800a9f8       0x2a lib/STM32F10x_StdPeriph_Driver/libstm32fw.a(stm32f10x_gpio.o)
                0x0800a9f8                GPIO_EXTILineConfig
 *fill*         0x0800aa22        0x2 
 .text.I2C_DeInit
                0x0800aa24       0x34 lib/STM32F10x_StdPeriph_Driver/libstm32fw.a(stm32f10x_i2c.o)
                0x0800aa24                I2C_DeInit
 .text.I2C_Init
                0x0800aa58       0xd4 lib/STM32F10x_StdPeriph_Driver/libstm32fw.a(stm32f10x_i2c.o)
                0x0800aa58                I2C_Init
 .text.I2C_Cmd  0x0800ab2c       0x18 lib/STM32F10x_StdPeriph_Driver/libstm32fw.a(stm32f10x_i2c.o)
                0x0800ab2c                I2C_Cmd
 .text.I2C_GenerateSTART
                0x0800ab44       0x18 lib/STM32F10x_StdPeriph_Driver/libstm32fw.a(stm32f10x_i2c.o)
                0x0800ab44                I2C_GenerateSTART
 .text.I2C_GenerateSTOP
                0x0800ab5c       0x18 lib/STM32F10x_StdPeriph_Driver/libstm32fw.a(stm32f10x_i2c.o)
                0x0800ab5c                I2C_GenerateSTOP
 .text.I2C_AcknowledgeConfig
                0x0800ab74       0x18 lib/STM32F10x_StdPeriph_Driver/libstm32fw.a(stm32f10x_i2c.o)
                0x0800ab74                I2C_AcknowledgeConfig
 .text.I2C_ITConfig
                0x0800ab8c       0x12 lib/STM32F10x_StdPeriph_Driver/libstm32fw.a(stm32f10x_i2c.o)
                0x0800ab8c                I2C_ITConfig
 .text.I2C_SendData
                0x0800ab9e        0x4 lib/STM32F10x_StdPeriph_Driver/libstm32fw.a(stm32f10x_i2c.o)
                0x0800ab9e                I2C_SendData
 .text.I2C_ReceiveData
                0x0800aba2        0x6 lib/STM32F10x_StdPeriph_Driver/libstm32fw.a(stm32f10x_i2c.o)
                0x0800aba2                I2C_ReceiveData
 .text.I2C_Send7bitAddress
                0x0800aba8       0x12 lib/STM32F10x_StdPeriph_Driver/libstm32fw.a(stm32f10x_i2c.o)
                0x0800aba8                I2C_Send7bitAddress
 .text.I2C_SoftwareResetCmd
                0x0800abba       0x18 lib/STM32F10x_StdPeriph_Driver/libstm32fw.a(stm32f10x_i2c.o)
                0x0800abba                I2C_SoftwareResetCmd
 *fill*         0x0800abd2        0x2 
 .text.IWDG_WriteAccessCmd
                0x0800abd4        0xc lib/STM32F10x_StdPeriph_Driver/libstm32fw.a(stm32f10x_iwdg.o)
                0x0800abd4                IWDG_WriteAccessCmd
 .text.IWDG_SetPrescaler
                0x0800abe0        0xc lib/STM32F10x_StdPeriph_Driver/libstm32fw.a(stm32f10x_iwdg.o)
                0x0800abe0                IWDG_SetPrescaler
 .text.IWDG_SetReload
                0x0800abec        0xc lib/STM32F10x_StdPeriph_Driver/libstm32fw.a(stm32f10x_iwdg.o)
                0x0800abec                IWDG_SetReload
 .text.IWDG_ReloadCounter
                0x0800abf8       0x10 lib/STM32F10x_StdPeriph_Driver/libstm32fw.a(stm32f10x_iwdg.o)
                0x0800abf8                IWDG_ReloadCounter
 .text.IWDG_Enable
                0x0800ac08       0x10 lib/STM32F10x_StdPeriph_Driver/libstm32fw.a(stm32f10x_iwdg.o)
                0x0800ac08                IWDG_Enable
 .text.PWR_DeInit
                0x0800ac18       0x1a lib/STM32F10x_StdPeriph_Driver/libstm32fw.a(stm32f10x_pwr.o)
                0x0800ac18                PWR_DeInit
 *fill*         0x0800ac32        0x2 
 .text.PWR_BackupAccessCmd
                0x0800ac34        0xc lib/STM32F10x_StdPeriph_Driver/libstm32fw.a(stm32f10x_pwr.o)
                0x0800ac34                PWR_BackupAccessCmd
 .text.PWR_WakeUpPinCmd
                0x0800ac40        0xc lib/STM32F10x_StdPeriph_Driver/libstm32fw.a(stm32f10x_pwr.o)
                0x0800ac40                PWR_WakeUpPinCmd
 .text.PWR_EnterSTANDBYMode
                0x0800ac4c       0x28 lib/STM32F10x_StdPeriph_Driver/libstm32fw.a(stm32f10x_pwr.o)
                0x0800ac4c                PWR_EnterSTANDBYMode
 .text.RCC_HCLKConfig
                0x0800ac74       0x14 lib/STM32F10x_StdPeriph_Driver/libstm32fw.a(stm32f10x_rcc.o)
                0x0800ac74                RCC_HCLKConfig
 .text.RCC_USBCLKConfig
                0x0800ac88        0xc lib/STM32F10x_StdPeriph_Driver/libstm32fw.a(stm32f10x_rcc.o)
                0x0800ac88                RCC_USBCLKConfig
 .text.RCC_ADCCLKConfig
                0x0800ac94       0x14 lib/STM32F10x_StdPeriph_Driver/libstm32fw.a(stm32f10x_rcc.o)
                0x0800ac94                RCC_ADCCLKConfig
 .text.RCC_LSEConfig
                0x0800aca8       0x20 lib/STM32F10x_StdPeriph_Driver/libstm32fw.a(stm32f10x_rcc.o)
                0x0800aca8                RCC_LSEConfig
 .text.RCC_RTCCLKConfig
                0x0800acc8       0x10 lib/STM32F10x_StdPeriph_Driver/libstm32fw.a(stm32f10x_rcc.o)
                0x0800acc8                RCC_RTCCLKConfig
 .text.RCC_RTCCLKCmd
                0x0800acd8        0xc lib/STM32F10x_StdPeriph_Driver/libstm32fw.a(stm32f10x_rcc.o)
                0x0800acd8                RCC_RTCCLKCmd
 .text.RCC_GetClocksFreq
                0x0800ace4       0x94 lib/STM32F10x_StdPeriph_Driver/libstm32fw.a(stm32f10x_rcc.o)
                0x0800ace4                RCC_GetClocksFreq
 .text.RCC_AHBPeriphClockCmd
                0x0800ad78       0x18 lib/STM32F10x_StdPeriph_Driver/libstm32fw.a(stm32f10x_rcc.o)
                0x0800ad78                RCC_AHBPeriphClockCmd
 .text.RCC_APB2PeriphClockCmd
                0x0800ad90       0x18 lib/STM32F10x_StdPeriph_Driver/libstm32fw.a(stm32f10x_rcc.o)
                0x0800ad90                RCC_APB2PeriphClockCmd
 .text.RCC_APB1PeriphClockCmd
                0x0800ada8       0x18 lib/STM32F10x_StdPeriph_Driver/libstm32fw.a(stm32f10x_rcc.o)
                0x0800ada8                RCC_APB1PeriphClockCmd
 .text.RCC_APB2PeriphResetCmd
                0x0800adc0       0x18 lib/STM32F10x_StdPeriph_Driver/libstm32fw.a(stm32f10x_rcc.o)
                0x0800adc0                RCC_APB2PeriphResetCmd
 .text.RCC_APB1PeriphResetCmd
                0x0800add8       0x18 lib/STM32F10x_StdPeriph_Driver/libstm32fw.a(stm32f10x_rcc.o)
                0x0800add8                RCC_APB1PeriphResetCmd
 .text.RCC_BackupResetCmd
                0x0800adf0        0xc lib/STM32F10x_StdPeriph_Driver/libstm32fw.a(stm32f10x_rcc.o)
                0x0800adf0                RCC_BackupResetCmd
 .text.RCC_GetFlagStatus
                0x0800adfc       0x28 lib/STM32F10x_StdPeriph_Driver/libstm32fw.a(stm32f10x_rcc.o)
                0x0800adfc                RCC_GetFlagStatus
 .text.RTC_EnterConfigMode
                0x0800ae24       0x14 lib/STM32F10x_StdPeriph_Driver/libstm32fw.a(stm32f10x_rtc.o)
                0x0800ae24                RTC_EnterConfigMode
 .text.RTC_ExitConfigMode
                0x0800ae38       0x14 lib/STM32F10x_StdPeriph_Driver/libstm32fw.a(stm32f10x_rtc.o)
                0x0800ae38                RTC_ExitConfigMode
 .text.RTC_GetCounter
                0x0800ae4c       0x14 lib/STM32F10x_StdPeriph_Driver/libstm32fw.a(stm32f10x_rtc.o)
                0x0800ae4c                RTC_GetCounter
 .text.RTC_SetCounter
                0x0800ae60       0x20 lib/STM32F10x_StdPeriph_Driver/libstm32fw.a(stm32f10x_rtc.o)
                0x0800ae60                RTC_SetCounter
 .text.RTC_SetPrescaler
                0x0800ae80       0x20 lib/STM32F10x_StdPeriph_Driver/libstm32fw.a(stm32f10x_rtc.o)
                0x0800ae80                RTC_SetPrescaler
 .text.RTC_WaitForLastTask
                0x0800aea0       0x10 lib/STM32F10x_StdPeriph_Driver/libstm32fw.a(stm32f10x_rtc.o)
                0x0800aea0                RTC_WaitForLastTask
 .text.RTC_WaitForSynchro
                0x0800aeb0       0x1c lib/STM32F10x_StdPeriph_Driver/libstm32fw.a(stm32f10x_rtc.o)
                0x0800aeb0                RTC_WaitForSynchro
 .text.SPI_I2S_DeInit
                0x0800aecc       0x64 lib/STM32F10x_StdPeriph_Driver/libstm32fw.a(stm32f10x_spi.o)
                0x0800aecc                SPI_I2S_DeInit
 .text.SPI_Init
                0x0800af30       0x3e lib/STM32F10x_StdPeriph_Driver/libstm32fw.a(stm32f10x_spi.o)
                0x0800af30                SPI_Init
 .text.SPI_StructInit
                0x0800af6e       0x18 lib/STM32F10x_StdPeriph_Driver/libstm32fw.a(stm32f10x_spi.o)
                0x0800af6e                SPI_StructInit
 .text.SPI_Cmd  0x0800af86       0x18 lib/STM32F10x_StdPeriph_Driver/libstm32fw.a(stm32f10x_spi.o)
                0x0800af86                SPI_Cmd
 .text.SPI_I2S_DMACmd
                0x0800af9e       0x12 lib/STM32F10x_StdPeriph_Driver/libstm32fw.a(stm32f10x_spi.o)
                0x0800af9e                SPI_I2S_DMACmd
 .text.SPI_I2S_SendData
                0x0800afb0        0x4 lib/STM32F10x_StdPeriph_Driver/libstm32fw.a(stm32f10x_spi.o)
                0x0800afb0                SPI_I2S_SendData
 .text.SPI_I2S_ReceiveData
                0x0800afb4        0x6 lib/STM32F10x_StdPeriph_Driver/libstm32fw.a(stm32f10x_spi.o)
                0x0800afb4                SPI_I2S_ReceiveData
 .text.SPI_CalculateCRC
                0x0800afba       0x18 lib/STM32F10x_StdPeriph_Driver/libstm32fw.a(stm32f10x_spi.o)
                0x0800afba                SPI_CalculateCRC
 .text.SPI_I2S_GetFlagStatus
                0x0800afd2        0xc lib/STM32F10x_StdPeriph_Driver/libstm32fw.a(stm32f10x_spi.o)
                0x0800afd2                SPI_I2S_GetFlagStatus
 *fill*         0x0800afde        0x2 
 .text.TIM_DeInit
                0x0800afe0       0xc8 lib/STM32F10x_StdPeriph_Driver/libstm32fw.a(stm32f10x_tim.o)
                0x0800afe0                TIM_DeInit
 .text.TIM_TimeBaseInit
                0x0800b0a8       0x3c lib/STM32F10x_StdPeriph_Driver/libstm32fw.a(stm32f10x_tim.o)
                0x0800b0a8                TIM_TimeBaseInit
 .text.TIM_OC1Init
                0x0800b0e4       0x74 lib/STM32F10x_StdPeriph_Driver/libstm32fw.a(stm32f10x_tim.o)
                0x0800b0e4                TIM_OC1Init
 .text.TIM_Cmd  0x0800b158       0x18 lib/STM32F10x_StdPeriph_Driver/libstm32fw.a(stm32f10x_tim.o)
                0x0800b158                TIM_Cmd
 .text.TIM_CtrlPWMOutputs
                0x0800b170       0x1c lib/STM32F10x_StdPeriph_Driver/libstm32fw.a(stm32f10x_tim.o)
                0x0800b170                TIM_CtrlPWMOutputs
 .text.TIM_ARRPreloadConfig
                0x0800b18c       0x18 lib/STM32F10x_StdPeriph_Driver/libstm32fw.a(stm32f10x_tim.o)
                0x0800b18c                TIM_ARRPreloadConfig
 .text.TIM_OC1PreloadConfig
                0x0800b1a4       0x10 lib/STM32F10x_StdPeriph_Driver/libstm32fw.a(stm32f10x_tim.o)
                0x0800b1a4                TIM_OC1PreloadConfig
 .text.TIM_SetCompare1
                0x0800b1b4        0x4 lib/STM32F10x_StdPeriph_Driver/libstm32fw.a(stm32f10x_tim.o)
                0x0800b1b4                TIM_SetCompare1
 .text.USART_DeInit
                0x0800b1b8       0x98 lib/STM32F10x_StdPeriph_Driver/libstm32fw.a(stm32f10x_usart.o)
                0x0800b1b8                USART_DeInit
 .text.USART_Init
                0x0800b250       0x88 lib/STM32F10x_StdPeriph_Driver/libstm32fw.a(stm32f10x_usart.o)
                0x0800b250                USART_Init
 .text.USART_Cmd
                0x0800b2d8       0x18 lib/STM32F10x_StdPeriph_Driver/libstm32fw.a(stm32f10x_usart.o)
                0x0800b2d8                USART_Cmd
 .text.USART_ITConfig
                0x0800b2f0       0x32 lib/STM32F10x_StdPeriph_Driver/libstm32fw.a(stm32f10x_usart.o)
                0x0800b2f0                USART_ITConfig
 .text.USART_DMACmd
                0x0800b322       0x12 lib/STM32F10x_StdPeriph_Driver/libstm32fw.a(stm32f10x_usart.o)
                0x0800b322                USART_DMACmd
 .text.USART_SendData
                0x0800b334        0x8 lib/STM32F10x_StdPeriph_Driver/libstm32fw.a(stm32f10x_usart.o)
                0x0800b334                USART_SendData
 .text.USART_ReceiveData
                0x0800b33c        0x8 lib/STM32F10x_StdPeriph_Driver/libstm32fw.a(stm32f10x_usart.o)
                0x0800b33c                USART_ReceiveData
 .text.USART_GetFlagStatus
                0x0800b344        0xc lib/STM32F10x_StdPeriph_Driver/libstm32fw.a(stm32f10x_usart.o)
                0x0800b344                USART_GetFlagStatus
 .text.USART_GetITStatus
                0x0800b350       0x3e lib/STM32F10x_StdPeriph_Driver/libstm32fw.a(stm32f10x_usart.o)
                0x0800b350                USART_GetITStatus
 .text.USART_ClearITPendingBit
                0x0800b38e        0xe lib/STM32F10x_StdPeriph_Driver/libstm32fw.a(stm32f10x_usart.o)
                0x0800b38e                USART_ClearITPendingBit
 .text.Standard_GetConfiguration
                0x0800b39c       0x24 lib/STM32_USB-FS-Device_Driver/libstm32usb.a(usb_core.o)
                0x0800b39c                Standard_GetConfiguration
 .text.Standard_GetInterface
                0x0800b3c0       0x24 lib/STM32_USB-FS-Device_Driver/libstm32usb.a(usb_core.o)
                0x0800b3c0                Standard_GetInterface
 .text.Standard_GetStatus
                0x0800b3e4       0x90 lib/STM32_USB-FS-Device_Driver/libstm32usb.a(usb_core.o)
                0x0800b3e4                Standard_GetStatus
 .text.DataStageIn
                0x0800b474       0xac lib/STM32_USB-FS-Device_Driver/libstm32usb.a(usb_core.o)
 .text.Standard_SetConfiguration
                0x0800b520       0x38 lib/STM32_USB-FS-Device_Driver/libstm32usb.a(usb_core.o)
                0x0800b520                Standard_SetConfiguration
 .text.Standard_SetInterface
                0x0800b558       0x48 lib/STM32_USB-FS-Device_Driver/libstm32usb.a(usb_core.o)
                0x0800b558                Standard_SetInterface
 .text.Standard_ClearFeature
                0x0800b5a0       0xd8 lib/STM32_USB-FS-Device_Driver/libstm32usb.a(usb_core.o)
                0x0800b5a0                Standard_ClearFeature
 .text.Standard_SetEndPointFeature
                0x0800b678       0x8c lib/STM32_USB-FS-Device_Driver/libstm32usb.a(usb_core.o)
                0x0800b678                Standard_SetEndPointFeature
 .text.Standard_SetDeviceFeature
                0x0800b704       0x24 lib/STM32_USB-FS-Device_Driver/libstm32usb.a(usb_core.o)
                0x0800b704                Standard_SetDeviceFeature
 .text.Standard_GetDescriptorData
                0x0800b728       0x1c lib/STM32_USB-FS-Device_Driver/libstm32usb.a(usb_core.o)
                0x0800b728                Standard_GetDescriptorData
 .text.Post0_Process
                0x0800b744       0x44 lib/STM32_USB-FS-Device_Driver/libstm32usb.a(usb_core.o)
                0x0800b744                Post0_Process
 .text.Setup0_Process
                0x0800b788      0x2dc lib/STM32_USB-FS-Device_Driver/libstm32usb.a(usb_core.o)
                0x0800b788                Setup0_Process
 .text.Out0_Process
                0x0800ba64       0xcc lib/STM32_USB-FS-Device_Driver/libstm32usb.a(usb_core.o)
                0x0800ba64                Out0_Process
 .text.SetDeviceAddress
                0x0800bb30       0x40 lib/STM32_USB-FS-Device_Driver/libstm32usb.a(usb_core.o)
                0x0800bb30                SetDeviceAddress
 .text.In0_Process
                0x0800bb70       0x5c lib/STM32_USB-FS-Device_Driver/libstm32usb.a(usb_core.o)
                0x0800bb70                In0_Process
 .text.NOP_Process
                0x0800bbcc        0x2 lib/STM32_USB-FS-Device_Driver/libstm32usb.a(usb_core.o)
                0x0800bbcc                NOP_Process
 *fill*         0x0800bbce        0x2 
 .text.USB_Init
                0x0800bbd0       0x34 lib/STM32_USB-FS-Device_Driver/libstm32usb.a(usb_init.o)
                0x0800bbd0                USB_Init
 .text.CTR_LP   0x0800bc04      0x170 lib/STM32_USB-FS-Device_Driver/libstm32usb.a(usb_int.o)
                0x0800bc04                CTR_LP
 .text.CTR_HP   0x0800bd74       0x74 lib/STM32_USB-FS-Device_Driver/libstm32usb.a(usb_int.o)
                0x0800bd74                CTR_HP
 .text.UserToPMABufferCopy
                0x0800bde8       0x30 lib/STM32_USB-FS-Device_Driver/libstm32usb.a(usb_mem.o)
                0x0800bde8                UserToPMABufferCopy
 .text.PMAToUserBufferCopy
                0x0800be18       0x24 lib/STM32_USB-FS-Device_Driver/libstm32usb.a(usb_mem.o)
                0x0800be18                PMAToUserBufferCopy
 .text.SetBTABLE
                0x0800be3c       0x10 lib/STM32_USB-FS-Device_Driver/libstm32usb.a(usb_regs.o)
                0x0800be3c                SetBTABLE
 .text.SetEPType
                0x0800be4c       0x1c lib/STM32_USB-FS-Device_Driver/libstm32usb.a(usb_regs.o)
                0x0800be4c                SetEPType
 .text.SetEPTxStatus
                0x0800be68       0x32 lib/STM32_USB-FS-Device_Driver/libstm32usb.a(usb_regs.o)
                0x0800be68                SetEPTxStatus
 .text.SetEPRxStatus
                0x0800be9a       0x32 lib/STM32_USB-FS-Device_Driver/libstm32usb.a(usb_regs.o)
                0x0800be9a                SetEPRxStatus
 .text.SetEPRxValid
                0x0800becc       0x26 lib/STM32_USB-FS-Device_Driver/libstm32usb.a(usb_regs.o)
                0x0800becc                SetEPRxValid
 .text.Clear_Status_Out
                0x0800bef2       0x20 lib/STM32_USB-FS-Device_Driver/libstm32usb.a(usb_regs.o)
                0x0800bef2                Clear_Status_Out
 .text.ClearDTOG_RX
                0x0800bf12       0x26 lib/STM32_USB-FS-Device_Driver/libstm32usb.a(usb_regs.o)
                0x0800bf12                ClearDTOG_RX
 .text.ClearDTOG_TX
                0x0800bf38       0x26 lib/STM32_USB-FS-Device_Driver/libstm32usb.a(usb_regs.o)
                0x0800bf38                ClearDTOG_TX
 *fill*         0x0800bf5e        0x2 
 .text.SetEPTxAddr
                0x0800bf60       0x20 lib/STM32_USB-FS-Device_Driver/libstm32usb.a(usb_regs.o)
                0x0800bf60                SetEPTxAddr
 .text.SetEPRxAddr
                0x0800bf80       0x20 lib/STM32_USB-FS-Device_Driver/libstm32usb.a(usb_regs.o)
                0x0800bf80                SetEPRxAddr
 .text.GetEPTxAddr
                0x0800bfa0       0x20 lib/STM32_USB-FS-Device_Driver/libstm32usb.a(usb_regs.o)
                0x0800bfa0                GetEPTxAddr
 .text.GetEPRxAddr
                0x0800bfc0       0x20 lib/STM32_USB-FS-Device_Driver/libstm32usb.a(usb_regs.o)
                0x0800bfc0                GetEPRxAddr
 .text.SetEPTxCount
                0x0800bfe0       0x1c lib/STM32_USB-FS-Device_Driver/libstm32usb.a(usb_regs.o)
                0x0800bfe0                SetEPTxCount
 .text.SetEPRxCount
                0x0800bffc       0x40 lib/STM32_USB-FS-Device_Driver/libstm32usb.a(usb_regs.o)
                0x0800bffc                SetEPRxCount
 .text.GetEPRxCount
                0x0800c03c       0x20 lib/STM32_USB-FS-Device_Driver/libstm32usb.a(usb_regs.o)
                0x0800c03c                GetEPRxCount
 .text.ByteSwap
                0x0800c05c        0xa lib/STM32_USB-FS-Device_Driver/libstm32usb.a(usb_regs.o)
                0x0800c05c                ByteSwap
 *fill*         0x0800c066        0x2 
 .text.USB_SIL_Init
                0x0800c068       0x20 lib/STM32_USB-FS-Device_Driver/libstm32usb.a(usb_sil.o)
                0x0800c068                USB_SIL_Init
 .text.USB_SIL_Write
                0x0800c088       0x28 lib/STM32_USB-FS-Device_Driver/libstm32usb.a(usb_sil.o)
                0x0800c088                USB_SIL_Write
 .text.USB_SIL_Read
                0x0800c0b0       0x24 lib/STM32_USB-FS-Device_Driver/libstm32usb.a(usb_sil.o)
                0x0800c0b0                USB_SIL_Read
 .text.memset   0x0800c0d4       0x9c /home/laurence/ARM-GCC/gcc-arm-none-eabi-4_9-2014q4/bin/../lib/gcc/arm-none-eabi/4.9.3/../../../../arm-none-eabi/lib/armv7-m/libg.a(lib_a-memset.o)
                0x0800c0d4                memset
 .text._sbrk    0x0800c170       0x1c /home/laurence/ARM-GCC/gcc-arm-none-eabi-4_9-2014q4/bin/../lib/gcc/arm-none-eabi/4.9.3/../../../../arm-none-eabi/lib/armv7-m/libnosys.a(sbrk.o)
                0x0800c170                _sbrk
 *(.rodata)
 .rodata        0x0800c18c       0xe8 /tmp/ccVowuJO.ltrans0.ltrans.o
 .rodata        0x0800c274      0x4d0 /tmp/ccVowuJO.ltrans1.ltrans.o
 .rodata        0x0800c744       0x48 /tmp/ccVowuJO.ltrans2.ltrans.o
 .rodata        0x0800c78c      0x11c /tmp/ccVowuJO.ltrans3.ltrans.o
 .rodata        0x0800c8a8        0xc /tmp/ccVowuJO.ltrans5.ltrans.o
 .rodata        0x0800c8b4       0x80 /tmp/ccVowuJO.ltrans7.ltrans.o
 *(.rodata*)
 .rodata.str1.4
                0x0800c934      0x371 /tmp/ccVowuJO.ltrans2.ltrans.o
                                0x378 (size before relaxing)
 *fill*         0x0800cca5        0x3 
 .rodata.MASS_DeviceDescriptor
                0x0800cca8       0x14 /tmp/ccVowuJO.ltrans3.ltrans.o
 .rodata.str1.4
                0x0800ccbc      0x117 /tmp/ccVowuJO.ltrans3.ltrans.o
                                0x118 (size before relaxing)
 *fill*         0x0800cdd3        0x1 
 .rodata.str1.4
                0x0800cdd4        0x6 /tmp/ccVowuJO.ltrans4.ltrans.o
                                  0x8 (size before relaxing)
 *fill*         0x0800cdda        0x2 
 .rodata.str1.4
                0x0800cddc       0x13 /tmp/ccVowuJO.ltrans7.ltrans.o
                                 0x14 (size before relaxing)
 *fill*         0x0800cdef        0x1 
 .rodata.str1.4
                0x0800cdf0       0x7c /tmp/ccVowuJO.ltrans9.ltrans.o
 .rodata.str1.4
                0x0800ce6c        0x2 /home/laurence/ARM-GCC/gcc-arm-none-eabi-4_9-2014q4/bin/../lib/gcc/arm-none-eabi/4.9.3/../../../../arm-none-eabi/lib/armv7-m/libg.a(lib_a-impure.o)
                                  0x4 (size before relaxing)
 *(.glue_7)
 .glue_7        0x00000000        0x0 linker stubs
 *(.glue_7t)
 .glue_7t       0x00000000        0x0 linker stubs
 *(.init)
 *fill*         0x0800ce6e        0x2 
 .init          0x0800ce70        0x4 /home/laurence/ARM-GCC/gcc-arm-none-eabi-4_9-2014q4/bin/../lib/gcc/arm-none-eabi/4.9.3/armv7-m/crti.o
                0x0800ce70                _init
 .init          0x0800ce74        0x8 /home/laurence/ARM-GCC/gcc-arm-none-eabi-4_9-2014q4/bin/../lib/gcc/arm-none-eabi/4.9.3/armv7-m/crtn.o
 *(.fini)
 .fini          0x0800ce7c        0x4 /home/laurence/ARM-GCC/gcc-arm-none-eabi-4_9-2014q4/bin/../lib/gcc/arm-none-eabi/4.9.3/armv7-m/crti.o
                0x0800ce7c                _fini
 .fini          0x0800ce80        0x8 /home/laurence/ARM-GCC/gcc-arm-none-eabi-4_9-2014q4/bin/../lib/gcc/arm-none-eabi/4.9.3/armv7-m/crtn.o
                0x0800ce88                . = ALIGN (0x4)
                0x0800ce88                _etext = .
                0x0800ce88                _sidata = _etext

.vfp11_veneer   0x0800ce88        0x0
 .vfp11_veneer  0x00000000        0x0 linker stubs

.v4_bx          0x0800ce88        0x0
 .v4_bx         0x00000000        0x0 linker stubs

.iplt           0x0800ce88        0x0
 .iplt          0x00000000        0x0 /home/laurence/ARM-GCC/gcc-arm-none-eabi-4_9-2014q4/bin/../lib/gcc/arm-none-eabi/4.9.3/armv7-m/crtbegin.o

.rel.dyn        0x0800ce88        0x0
 .rel.iplt      0x00000000        0x0 /home/laurence/ARM-GCC/gcc-arm-none-eabi-4_9-2014q4/bin/../lib/gcc/arm-none-eabi/4.9.3/armv7-m/crtbegin.o

.flashpatch     0x00000000        0x0
                0x00000000                . = ALIGN (0x4)
 *(.flashpatch)
                0x00000000                . = ALIGN (0x4)

.endflash       0x00000000        0x0
                0x00000000                . = ALIGN (0x4)
 *(.endflash)
                0x00000000                . = ALIGN (0x4)
                0x00000000                _e_endflash = .

.data           0x20000000      0x9fc load address 0x0800ce88
                0x20000000                . = ALIGN (0x4)
                0x20000000                _sdata = .
                0x20000000                _data = .
 *(.data)
 .data          0x20000000        0x8 /tmp/ccVowuJO.ltrans0.ltrans.o
                0x20000004                Device_Table
 .data          0x20000008       0x20 /tmp/ccVowuJO.ltrans1.ltrans.o
 .data          0x20000028        0x8 /tmp/ccVowuJO.ltrans2.ltrans.o
                0x20000028                Silabs_Header
 .data          0x20000030      0x138 /tmp/ccVowuJO.ltrans3.ltrans.o
                0x20000084                Device_Property
                0x2000010c                pEpInt_IN
                0x20000128                pEpInt_OUT
                0x20000144                User_Standard_Requests
 .data          0x20000168        0x4 /tmp/ccVowuJO.ltrans4.ltrans.o
 .data          0x2000016c       0x10 /tmp/ccVowuJO.ltrans8.ltrans.o
 *(.data.*)
 .data.I2C_jobs
                0x2000017c       0x30 /tmp/ccVowuJO.ltrans8.ltrans.o
                0x2000017c                I2C_jobs
 .data.__malloc_av_
                0x200001ac      0x408 /home/laurence/ARM-GCC/gcc-arm-none-eabi-4_9-2014q4/bin/../lib/gcc/arm-none-eabi/4.9.3/../../../../arm-none-eabi/lib/armv7-m/libg.a(lib_a-mallocr.o)
                0x200001ac                __malloc_av_
 .data.__malloc_trim_threshold
                0x200005b4        0x4 /home/laurence/ARM-GCC/gcc-arm-none-eabi-4_9-2014q4/bin/../lib/gcc/arm-none-eabi/4.9.3/../../../../arm-none-eabi/lib/armv7-m/libg.a(lib_a-mallocr.o)
                0x200005b4                __malloc_trim_threshold
 .data.__malloc_sbrk_base
                0x200005b8        0x4 /home/laurence/ARM-GCC/gcc-arm-none-eabi-4_9-2014q4/bin/../lib/gcc/arm-none-eabi/4.9.3/../../../../arm-none-eabi/lib/armv7-m/libg.a(lib_a-mallocr.o)
                0x200005b8                __malloc_sbrk_base
 .data.ADCPrescTable
                0x200005bc        0x4 lib/STM32F10x_StdPeriph_Driver/libstm32fw.a(stm32f10x_rcc.o)
 .data.APBAHBPrescTable
                0x200005c0       0x10 lib/STM32F10x_StdPeriph_Driver/libstm32fw.a(stm32f10x_rcc.o)
 .data.impure_data
                0x200005d0      0x428 /home/laurence/ARM-GCC/gcc-arm-none-eabi-4_9-2014q4/bin/../lib/gcc/arm-none-eabi/4.9.3/../../../../arm-none-eabi/lib/armv7-m/libg.a(lib_a-impure.o)
 .data._impure_ptr
                0x200009f8        0x4 /home/laurence/ARM-GCC/gcc-arm-none-eabi-4_9-2014q4/bin/../lib/gcc/arm-none-eabi/4.9.3/../../../../arm-none-eabi/lib/armv7-m/libg.a(lib_a-impure.o)
                0x200009f8                _impure_ptr
 *(.RAMtext)
                0x200009fc                . = ALIGN (0x4)
                0x200009fc                _edata = .
                0x0800d884                _eidata = (_sidata + (_edata - _sdata))
                0x08020000                _lastdataromaddress = (ORIGIN (FLASH) + 0x20000)
                0x00000000                toobig = (_eidata > _lastdataromaddress)?!!!!!!!!! FLASH IS FULL !!!!!!!!!:0x0

.igot.plt       0x200009fc        0x0 load address 0x0800d884
 .igot.plt      0x00000000        0x0 /home/laurence/ARM-GCC/gcc-arm-none-eabi-4_9-2014q4/bin/../lib/gcc/arm-none-eabi/4.9.3/armv7-m/crtbegin.o

.bss            0x20000a00      0xfe0 load address 0x0800d888
                0x20000a00                . = ALIGN (0x4)
                0x20000a00                _sbss = .
                0x20000a00                _bss = .
 *(.bss)
 .bss           0x20000a00       0xa4 /tmp/ccVowuJO.ltrans0.ltrans.o
 .bss           0x20000aa4       0x34 /tmp/ccVowuJO.ltrans1.ltrans.o
                0x20000aa4                Mass_Block_Count
                0x20000aac                CBW
                0x20000acc                Mass_Block_Size
                0x20000ad4                Bot_State
 .bss           0x20000ad8      0x6f0 /tmp/ccVowuJO.ltrans2.ltrans.o
                0x20000f00                bootsource
                0x20000f04                Battery_Voltage
                0x2000115c                Silabs_driver_state
                0x20001193                System_state_Global
                0x20001194                Shutdown_System
                0x20001198                Ind_Voltage
                0x2000119c                Auto_volt
                0x200011a0                Gyro_XY_Rate
                0x200011a4                Gyro_Z_Rate
                0x200011a8                Ignition_Selftest
                0x200011aa                AutoSequence
                0x200011b0                I2C1error
                0x200011b4                L3GD20_Data_Buffer
                0x200011bc                Aux_Voltage
                0x200011c0                Gyro_Temperature
                0x200011c4                Auto_spin
 .bss           0x200011c8       0x98 /tmp/ccVowuJO.ltrans3.ltrans.o
                0x200011d0                wIstr
 .bss           0x20001260       0x98 /tmp/ccVowuJO.ltrans4.ltrans.o
                0x20001268                Sd_Spi_Called_From_USB_MSC
 .bss           0x200012f8        0x4 /tmp/ccVowuJO.ltrans5.ltrans.o
                0x200012f8                FatFs.lto_priv.15
 .bss           0x200012fc        0x4 /tmp/ccVowuJO.ltrans6.ltrans.o
 .bss           0x20001300        0x2 /tmp/ccVowuJO.ltrans7.ltrans.o
 *fill*         0x20001302        0x2 
 .bss           0x20001304       0x98 /tmp/ccVowuJO.ltrans8.ltrans.o
 .bss           0x2000139c      0x5b0 /tmp/ccVowuJO.ltrans9.ltrans.o
                0x2000139c                FATFS_logfile
                0x200015c4                print_string
                0x200016c4                Usart1_rx_buff
                0x200016d0                Gps_Buffer
                0x200016dc                FATFS_wavfile_gyro
                0x2000191c                Millis
                0x20001920                Jobs
                0x20001924                Completed_Jobs
                0x20001928                Gyro_x_buffer
                0x20001934                Gyro_y_buffer
                0x20001940                Gyro_z_buffer
 *(.bss.*)
 .bss.bDeviceState
                0x2000194c        0x4 /tmp/ccVowuJO.ltrans2.ltrans.o
                0x2000194c                bDeviceState
 .bss.file_opened
                0x20001950        0x1 /tmp/ccVowuJO.ltrans2.ltrans.o
 .bss.Last_RSSI
                0x20001951        0x1 /tmp/ccVowuJO.ltrans2.ltrans.o
                0x20001951                Last_RSSI
 .bss.bIntPackSOF
                0x20001952        0x1 /tmp/ccVowuJO.ltrans3.ltrans.o
 *fill*         0x20001953        0x1 