Archive member included because of file (symbol)

lib/STM32F10x_StdPeriph_Driver/libstm32fw.a(misc.o)
                              interrupts.o (symbol from plugin) (NVIC_PriorityGroupConfig)
lib/STM32F10x_StdPeriph_Driver/libstm32fw.a(stm32f10x_adc.o)
                              adc.o (symbol from plugin) (ADC_DeInit)
lib/STM32F10x_StdPeriph_Driver/libstm32fw.a(stm32f10x_bkp.o)
                              Util/fat_fs/src/rtc.o (symbol from plugin) (BKP_DeInit)
lib/STM32F10x_StdPeriph_Driver/libstm32fw.a(stm32f10x_dbgmcu.o)
                              main.o (symbol from plugin) (DBGMCU_Config)
lib/STM32F10x_StdPeriph_Driver/libstm32fw.a(stm32f10x_dma.o)
                              Silabs/si446x.o (symbol from plugin) (DMA_DeInit)
lib/STM32F10x_StdPeriph_Driver/libstm32fw.a(stm32f10x_exti.o)
                              Silabs/si446x.o (symbol from plugin) (EXTI_DeInit)
lib/STM32F10x_StdPeriph_Driver/libstm32fw.a(stm32f10x_gpio.o)
                              Silabs/si446x.o (symbol from plugin) (GPIO_Init)
lib/STM32F10x_StdPeriph_Driver/libstm32fw.a(stm32f10x_i2c.o)
                              i2c_int.o (symbol from plugin) (I2C_DeInit)
lib/STM32F10x_StdPeriph_Driver/libstm32fw.a(stm32f10x_iwdg.o)
                              watchdog.o (symbol from plugin) (IWDG_WriteAccessCmd)
lib/STM32F10x_StdPeriph_Driver/libstm32fw.a(stm32f10x_pwr.o)
                              pwr.o (symbol from plugin) (PWR_DeInit)
lib/STM32F10x_StdPeriph_Driver/libstm32fw.a(stm32f10x_rcc.o)
                              interrupts.o (symbol from plugin) (RCC_HCLKConfig)
lib/STM32F10x_StdPeriph_Driver/libstm32fw.a(stm32f10x_rtc.o)
                              Util/fat_fs/src/rtc.o (symbol from plugin) (RTC_GetCounter)
lib/STM32F10x_StdPeriph_Driver/libstm32fw.a(stm32f10x_spi.o)
                              Util/fat_fs/src/sd_spi_stm32.o (symbol from plugin) (SPI_I2S_DeInit)
lib/STM32F10x_StdPeriph_Driver/libstm32fw.a(stm32f10x_tim.o)
                              pwm.o (symbol from plugin) (TIM_TimeBaseInit)
lib/STM32F10x_StdPeriph_Driver/libstm32fw.a(stm32f10x_usart.o)
                              usart.o (symbol from plugin) (USART_DeInit)
lib/STM32_USB-FS-Device_Driver/libstm32usb.a(usb_core.o)
                              Util/USB/usb_prop.o (symbol from plugin) (Standard_GetDescriptorData)
lib/STM32_USB-FS-Device_Driver/libstm32usb.a(usb_init.o)
                              main.o (symbol from plugin) (USB_Init)
lib/STM32_USB-FS-Device_Driver/libstm32usb.a(usb_int.o)
                              Util/USB/usb_istr.o (symbol from plugin) (CTR_LP)
lib/STM32_USB-FS-Device_Driver/libstm32usb.a(usb_mem.o)
                              lib/STM32_USB-FS-Device_Driver/libstm32usb.a(usb_core.o) (UserToPMABufferCopy)
lib/STM32_USB-FS-Device_Driver/libstm32usb.a(usb_regs.o)
                              Util/USB/usb_prop.o (symbol from plugin) (SetBTABLE)
lib/STM32_USB-FS-Device_Driver/libstm32usb.a(usb_sil.o)
                              Util/USB/usb_prop.o (symbol from plugin) (USB_SIL_Init)
/home/laurence/ARM-GCC/bin/../lib/gcc/arm-none-eabi/4.7.4/../../../../arm-none-eabi/lib/armv7-m/libc.a(lib_a-__atexit.o)
                              /home/laurence/ARM-GCC/bin/../lib/gcc/arm-none-eabi/4.7.4/../../../../arm-none-eabi/lib/armv7-m/crt0.o (__register_exitproc)
/home/laurence/ARM-GCC/bin/../lib/gcc/arm-none-eabi/4.7.4/../../../../arm-none-eabi/lib/armv7-m/libc.a(lib_a-exit.o)
                              /home/laurence/ARM-GCC/bin/../lib/gcc/arm-none-eabi/4.7.4/../../../../arm-none-eabi/lib/armv7-m/crt0.o (exit)
/home/laurence/ARM-GCC/bin/../lib/gcc/arm-none-eabi/4.7.4/../../../../arm-none-eabi/lib/armv7-m/libc.a(lib_a-fini.o)
                              /home/laurence/ARM-GCC/bin/../lib/gcc/arm-none-eabi/4.7.4/../../../../arm-none-eabi/lib/armv7-m/crt0.o (__libc_fini_array)
/home/laurence/ARM-GCC/bin/../lib/gcc/arm-none-eabi/4.7.4/../../../../arm-none-eabi/lib/armv7-m/libc.a(lib_a-impure.o)
                              /home/laurence/ARM-GCC/bin/../lib/gcc/arm-none-eabi/4.7.4/../../../../arm-none-eabi/lib/armv7-m/libc.a(lib_a-__atexit.o) (_global_impure_ptr)
/home/laurence/ARM-GCC/bin/../lib/gcc/arm-none-eabi/4.7.4/../../../../arm-none-eabi/lib/armv7-m/libc.a(lib_a-init.o)
                              /home/laurence/ARM-GCC/bin/../lib/gcc/arm-none-eabi/4.7.4/../../../../arm-none-eabi/lib/armv7-m/crt0.o (__libc_init_array)
/home/laurence/ARM-GCC/bin/../lib/gcc/arm-none-eabi/4.7.4/../../../../arm-none-eabi/lib/armv7-m/libc.a(lib_a-memset.o)
                              /home/laurence/ARM-GCC/bin/../lib/gcc/arm-none-eabi/4.7.4/../../../../arm-none-eabi/lib/armv7-m/crt0.o (memset)
/home/laurence/ARM-GCC/bin/../lib/gcc/arm-none-eabi/4.7.4/../../../../arm-none-eabi/lib/armv7-m/libc.a(lib_a-__call_atexit.o)
                              /home/laurence/ARM-GCC/bin/../lib/gcc/arm-none-eabi/4.7.4/../../../../arm-none-eabi/lib/armv7-m/libc.a(lib_a-exit.o) (__call_exitprocs)
[...]
Memory Configuration

Name             Origin             Length             Attributes
RAM              0x20000000         0x00005000         xrw
FLASH            0x08000000         0x00020000         xr
FLASHB1          0x00000000         0x00000000         xr
EXTMEMB0         0x00000000         0x00000000         xr
EXTMEMB1         0x00000000         0x00000000         xr
EXTMEMB2         0x00000000         0x00000000         xr
EXTMEMB3         0x00000000         0x00000000         xr
STARTFLASH       0x00000000         0xffffffff
CRPPATCH         0x00000000         0xffffffff
FLASHPATCH       0x00000000         0xffffffff
ENDFLASH         0x00000000         0xffffffff
*default*        0x00000000         0xffffffff

Linker script and memory map

LOAD /home/laurence/ARM-GCC/bin/../lib/gcc/arm-none-eabi/4.7.4/armv7-m/crti.o
LOAD /home/laurence/ARM-GCC/bin/../lib/gcc/arm-none-eabi/4.7.4/armv7-m/crtbegin.o
LOAD /home/laurence/ARM-GCC/bin/../lib/gcc/arm-none-eabi/4.7.4/../../../../arm-none-eabi/lib/armv7-m/crt0.o
LOAD Silabs/si446x.o
LOAD /tmp/ccgZiAvd.ltrans0.ltrans.o
LOAD /tmp/ccgZiAvd.ltrans1.ltrans.o
LOAD /tmp/ccgZiAvd.ltrans2.ltrans.o
LOAD /tmp/ccgZiAvd.ltrans3.ltrans.o
LOAD /tmp/ccgZiAvd.ltrans4.ltrans.o
LOAD /tmp/ccgZiAvd.ltrans5.ltrans.o
LOAD /tmp/ccgZiAvd.ltrans6.ltrans.o
LOAD /tmp/ccgZiAvd.ltrans7.ltrans.o
LOAD /tmp/ccgZiAvd.ltrans8.ltrans.o
LOAD /tmp/ccgZiAvd.ltrans9.ltrans.o
LOAD /home/laurence/ARM-GCC/bin/../lib/gcc/arm-none-eabi/4.7.4/armv7-m/libgcc.a
LOAD /home/laurence/ARM-GCC/bin/../lib/gcc/arm-none-eabi/4.7.4/../../../../arm-none-eabi/lib/armv7-m/libc.a
LOAD Ublox/ubx.o
LOAD Util/USB/hw_config.o
LOAD Util/USB/mass_mal.o
LOAD Util/USB/memory.o
LOAD Util/USB/scsi_data.o
LOAD Util/USB/usb_bot.o
LOAD Util/USB/usb_desc.o
LOAD Util/USB/usb_endp.o
LOAD Util/USB/usb_istr.o
LOAD Util/USB/usb_prop.o
LOAD Util/USB/usb_pwr.o
LOAD Util/USB/usb_scsi.o
LOAD Util/buffer.o
LOAD Util/crc.o
LOAD Util/delay.o
LOAD Util/fat_fs/option/ccsbcs.o
LOAD Util/fat_fs/src/fattime.o
LOAD Util/fat_fs/src/ff.o
LOAD Util/fat_fs/src/rtc.o
LOAD Util/fat_fs/src/sd_spi_stm32.o
LOAD Util/polygon.o
LOAD Util/rprintf.o
LOAD adc.o
LOAD dma.o
LOAD gpio.o
LOAD i2c_int.o
LOAD interrupts.o
LOAD lib/CMSIS_CM3/core_cm3.o
LOAD lib/CMSIS_CM3/startup/gcc/startup_stm32f10x_md.o
LOAD lib/CMSIS_CM3/system_stm32f10x.o
LOAD main.o
LOAD pwm.o
LOAD pwr.o
LOAD usart.o
LOAD watchdog.o
LOAD lib/STM32F10x_StdPeriph_Driver/libstm32fw.a
LOAD lib/STM32_USB-FS-Device_Driver/libstm32usb.a
LOAD /home/laurence/ARM-GCC/bin/../lib/gcc/arm-none-eabi/4.7.4/../../../../arm-none-eabi/lib/armv7-m/libm.a
LOAD /home/laurence/ARM-GCC/bin/../lib/gcc/arm-none-eabi/4.7.4/../../../../arm-none-eabi/lib/armv7-m/libnosys.a
START GROUP
LOAD /home/laurence/ARM-GCC/bin/../lib/gcc/arm-none-eabi/4.7.4/armv7-m/libgcc.a
LOAD /home/laurence/ARM-GCC/bin/../lib/gcc/arm-none-eabi/4.7.4/../../../../arm-none-eabi/lib/armv7-m/libc.a
END GROUP
LOAD /home/laurence/ARM-GCC/bin/../lib/gcc/arm-none-eabi/4.7.4/armv7-m/crtend.o
LOAD /home/laurence/ARM-GCC/bin/../lib/gcc/arm-none-eabi/4.7.4/armv7-m/crtn.o
                0x00002000                __Stack_Size = 0x2000
                0x00002000                PROVIDE (_Stack_Size, __Stack_Size)
                0x20003000                __Stack_Init = (_estack - __Stack_Size)
                0x20003000                PROVIDE (_Stack_Init, __Stack_Init)
                0x00002000                _Minimum_Stack_Size = 0x2000
                0x00000000                PROVIDE (Undefined_Handler, 0x0)
                0x00000000                PROVIDE (SWI_Handler, 0x0)
                0x00000000                PROVIDE (IRQ_Handler, 0x0)
                0x00000000                PROVIDE (Prefetch_Handler, 0x0)
                0x00000000                PROVIDE (Abort_Handler, 0x0)
                0x00000000                PROVIDE (FIQ_Handler, 0x0)
                0x00000000                PROVIDE (NMIException, 0x0)
                0x00000000                PROVIDE (NMI_Handler, 0x0)
                0x00000000                PROVIDE (HardFaultException, 0x0)
                0x00000000                PROVIDE (HardFault_Handler, 0x0)
                0x00000000                PROVIDE (MemManageException, 0x0)
                0x00000000                PROVIDE (MemManage_Handler, 0x0)
                0x00000000                PROVIDE (BusFaultException, 0x0)
                0x00000000                PROVIDE (BusFault_Handler, 0x0)
                0x00000000                PROVIDE (UsageFaultException, 0x0)
                0x00000000                PROVIDE (UsageFault_Handler, 0x0)
                0x00000000                PROVIDE (SVCHandler, 0x0)
                0x00000000                PROVIDE (SVC_Handler, 0x0)
                0x00000000                PROVIDE (DebugMonitor, 0x0)
                0x00000000                PROVIDE (DebugMon_Handler, 0x0)
                0x00000000                PROVIDE (PendSVC, 0x0)
                0x00000000                PROVIDE (PendSV_Handler, 0x0)
                0x00000000                PROVIDE (SysTickHandler, 0x0)
                0x00000000                PROVIDE (SysTick_Handler, 0x0)
                0x00000000                PROVIDE (WWDG_IRQHandler, 0x0)
                0x00000000                PROVIDE (PVD_IRQHandler, 0x0)
                0x00000000                PROVIDE (TAMPER_IRQHandler, 0x0)
                0x00000000                PROVIDE (RTC_IRQHandler, 0x0)
                0x00000000                PROVIDE (FLASH_IRQHandler, 0x0)
                0x00000000                PROVIDE (RCC_IRQHandler, 0x0)
                0x00000000                PROVIDE (EXTI0_IRQHandler, 0x0)
                0x00000000                PROVIDE (EXTI1_IRQHandler, 0x0)
                0x00000000                PROVIDE (EXTI2_IRQHandler, 0x0)
                0x00000000                PROVIDE (EXTI3_IRQHandler, 0x0)
                0x00000000                PROVIDE (EXTI4_IRQHandler, 0x0)
                0x00000000                PROVIDE (DMAChannel1_IRQHandler, 0x0)
                0x00000000                PROVIDE (DMAChannel2_IRQHandler, 0x0)
                0x00000000                PROVIDE (DMAChannel3_IRQHandler, 0x0)
                0x00000000                PROVIDE (DMAChannel4_IRQHandler, 0x0)
                0x00000000                PROVIDE (DMAChannel5_IRQHandler, 0x0)
                0x00000000                PROVIDE (DMAChannel6_IRQHandler, 0x0)
                0x00000000                PROVIDE (DMAChannel7_IRQHandler, 0x0)
                0x00000000                PROVIDE (DMA1_Channel1_IRQHandler, 0x0)
                0x00000000                PROVIDE (DMA1_Channel2_IRQHandler, 0x0)
                0x00000000                PROVIDE (DMA1_Channel3_IRQHandler, 0x0)
                0x00000000                PROVIDE (DMA1_Channel4_IRQHandler, 0x0)
                0x00000000                PROVIDE (DMA1_Channel5_IRQHandler, 0x0)
                0x00000000                PROVIDE (DMA1_Channel6_IRQHandler, 0x0)
                0x00000000                PROVIDE (DMA1_Channel7_IRQHandler, 0x0)
                0x00000000                PROVIDE (ADC_IRQHandler, 0x0)
                0x00000000                PROVIDE (ADC1_2_IRQHandler, 0x0)
                0x00000000                PROVIDE (USB_HP_CAN_TX_IRQHandler, 0x0)
                0x00000000                PROVIDE (USB_HP_CAN1_TX_IRQHandler, 0x0)
                0x00000000                PROVIDE (USB_LP_CAN_RX0_IRQHandler, 0x0)
                0x00000000                PROVIDE (USB_LP_CAN1_RX0_IRQHandler, 0x0)
                0x00000000                PROVIDE (CAN_RX1_IRQHandler, 0x0)
                0x00000000                PROVIDE (CAN1_RX1_IRQHandler, 0x0)
                0x00000000                PROVIDE (CAN_SCE_IRQHandler, 0x0)
                0x00000000                PROVIDE (CAN1_SCE_IRQHandler, 0x0)
                0x00000000                PROVIDE (EXTI9_5_IRQHandler, 0x0)
                0x00000000                PROVIDE (TIM1_BRK_IRQHandler, 0x0)
                0x00000000                PROVIDE (TIM1_UP_IRQHandler, 0x0)
                0x00000000                PROVIDE (TIM1_TRG_COM_IRQHandler, 0x0)
                0x00000000                PROVIDE (TIM1_CC_IRQHandler, 0x0)
                0x00000000                PROVIDE (TIM2_IRQHandler, 0x0)
                0x00000000                PROVIDE (TIM3_IRQHandler, 0x0)
                0x00000000                PROVIDE (TIM4_IRQHandler, 0x0)
                0x00000000                PROVIDE (I2C1_EV_IRQHandler, 0x0)
                0x00000000                PROVIDE (I2C1_ER_IRQHandler, 0x0)
                0x00000000                PROVIDE (I2C2_EV_IRQHandler, 0x0)
                0x00000000                PROVIDE (I2C2_ER_IRQHandler, 0x0)
                0x00000000                PROVIDE (SPI1_IRQHandler, 0x0)
                0x00000000                PROVIDE (SPI2_IRQHandler, 0x0)
                0x00000000                PROVIDE (USART1_IRQHandler, 0x0)
                0x00000000                PROVIDE (USART2_IRQHandler, 0x0)
                0x00000000                PROVIDE (USART3_IRQHandler, 0x0)
                0x00000000                PROVIDE (EXTI15_10_IRQHandler, 0x0)
                0x00000000                PROVIDE (RTCAlarm_IRQHandler, 0x0)
                0x00000000                PROVIDE (USBWakeUp_IRQHandler, 0x0)
                0x00000000                PROVIDE (TIM8_BRK_IRQHandler, 0x0)
                0x00000000                PROVIDE (TIM8_UP_IRQHandler, 0x0)
                0x00000000                PROVIDE (TIM8_TRG_COM_IRQHandler, 0x0)
                0x00000000                PROVIDE (TIM8_CC_IRQHandler, 0x0)
                0x00000000                PROVIDE (ADC3_IRQHandler, 0x0)
                0x00000000                PROVIDE (FSMC_IRQHandler, 0x0)
                0x00000000                PROVIDE (SDIO_IRQHandler, 0x0)
                0x00000000                PROVIDE (TIM5_IRQHandler, 0x0)
                0x00000000                PROVIDE (SPI3_IRQHandler, 0x0)
                0x00000000                PROVIDE (UART4_IRQHandler, 0x0)
                0x00000000                PROVIDE (UART5_IRQHandler, 0x0)
                0x00000000                PROVIDE (TIM6_IRQHandler, 0x0)
                0x00000000                PROVIDE (TIM7_IRQHandler, 0x0)
                0x00000000                PROVIDE (DMA2_Channel1_IRQHandler, 0x0)
                0x00000000                PROVIDE (DMA2_Channel2_IRQHandler, 0x0)
                0x00000000                PROVIDE (DMA2_Channel3_IRQHandler, 0x0)
                0x00000000                PROVIDE (DMA2_Channel4_5_IRQHandler, 0x0)
                0x42000000                PERIPH_BB_BASE = 0x42000000
                0x22000000                SRAM_BB_BASE = 0x22000000
                0x20000000                SRAM_BASE = 0x20000000
                0x40000000                PERIPH_BASE = 0x40000000
                0x40022000                PROVIDE (FLASH_BASE, 0x40022000)
                0x1ffff800                PROVIDE (OB_BASE, 0x1ffff800)
                0x40000000                APB1PERIPH_BASE = PERIPH_BASE
                0x40010000                APB2PERIPH_BASE = (PERIPH_BASE + 0x10000)
                0x40020000                AHBPERIPH_BASE = (PERIPH_BASE + 0x20000)
                0x40000000                PROVIDE (TIM2, (APB1PERIPH_BASE + 0x0))
                0x40000400                PROVIDE (TIM3, (APB1PERIPH_BASE + 0x400))
                0x40000800                PROVIDE (TIM4, (APB1PERIPH_BASE + 0x800))
                0x40002800                PROVIDE (RTC, (APB1PERIPH_BASE + 0x2800))
                0x40002c00                PROVIDE (WWDG, (APB1PERIPH_BASE + 0x2c00))
                0x40003000                PROVIDE (IWDG, (APB1PERIPH_BASE + 0x3000))
                0x40003800                PROVIDE (SPI2, (APB1PERIPH_BASE + 0x3800))
                0x40004400                PROVIDE (USART2, (APB1PERIPH_BASE + 0x4400))
                0x40004800                PROVIDE (USART3, (APB1PERIPH_BASE + 0x4800))
                0x40005400                PROVIDE (I2C1, (APB1PERIPH_BASE + 0x5400))
                0x40005800                PROVIDE (I2C2, (APB1PERIPH_BASE + 0x5800))
                0x40006400                PROVIDE (CAN, (APB1PERIPH_BASE + 0x6400))
                0x40006c00                PROVIDE (BKP, (APB1PERIPH_BASE + 0x6c00))
                0x40007000                PROVIDE (PWR, (APB1PERIPH_BASE + 0x7000))
                0x40010000                PROVIDE (AFIO, (APB2PERIPH_BASE + 0x0))
                0x40010400                PROVIDE (EXTI, (APB2PERIPH_BASE + 0x400))
                0x40010800                PROVIDE (GPIOA, (APB2PERIPH_BASE + 0x800))
                0x40010c00                PROVIDE (GPIOB, (APB2PERIPH_BASE + 0xc00))
                0x40011000                PROVIDE (GPIOC, (APB2PERIPH_BASE + 0x1000))
                0x40011400                PROVIDE (GPIOD, (APB2PERIPH_BASE + 0x1400))
                0x40011800                PROVIDE (GPIOE, (APB2PERIPH_BASE + 0x1800))
                0x40012400                PROVIDE (ADC1, (APB2PERIPH_BASE + 0x2400))
                0x40012800                PROVIDE (ADC2, (APB2PERIPH_BASE + 0x2800))
                0x40012c00                PROVIDE (TIM1, (APB2PERIPH_BASE + 0x2c00))
                0x40013000                PROVIDE (SPI1, (APB2PERIPH_BASE + 0x3000))
                0x40013800                PROVIDE (USART1, (APB2PERIPH_BASE + 0x3800))
                0x40020000                PROVIDE (DMA, (AHBPERIPH_BASE + 0x0))
                0x40020008                PROVIDE (DMA_Channel1, (AHBPERIPH_BASE + 0x8))
                0x4002001c                PROVIDE (DMA_Channel2, (AHBPERIPH_BASE + 0x1c))
                0x40020030                PROVIDE (DMA_Channel3, (AHBPERIPH_BASE + 0x30))
                0x40020044                PROVIDE (DMA_Channel4, (AHBPERIPH_BASE + 0x44))
                0x40020058                PROVIDE (DMA_Channel5, (AHBPERIPH_BASE + 0x58))
                0x4002006c                PROVIDE (DMA_Channel6, (AHBPERIPH_BASE + 0x6c))
                0x40020080                PROVIDE (DMA_Channel7, (AHBPERIPH_BASE + 0x80))
                0x40021000                PROVIDE (RCC, (AHBPERIPH_BASE + 0x1000))
                0xe000e000                SCS_BASE = 0xe000e000
                0xe000e010                PROVIDE (SysTick, (SCS_BASE + 0x10))
                0xe000e100                PROVIDE (NVIC, (SCS_BASE + 0x100))
                0xe000ed00                PROVIDE (SCB, (SCS_BASE + 0xd00))
                0x20005000                PROVIDE (_estack, (ORIGIN (RAM) + 0x5000))

.isr_vector     0x08000000      0x10c
                0x08000000                . = ALIGN (0x4)
 *(.isr_vector)
 .isr_vector    0x08000000      0x10c lib/CMSIS_CM3/startup/gcc/startup_stm32f10x_md.o
                0x08000000                g_pfnVectors
                0x0800010c                . = ALIGN (0x4)

.flash_start    0x00000000        0x0
                0x00000000                . = ALIGN (0x4)
 *(.flash_start)
 *(.flash_start.*)
                0x00000000                . = ALIGN (0x4)

.crp_patch      0x00000000        0x0
                0x00000000                . = ALIGN (0x4)
 *(.crp_patch)
                0x00000000                . = ALIGN (0x4)

.flashtext      0x0800010c        0x0
                0x0800010c                . = ALIGN (0x4)
 *(.flashtext)
                0x0800010c                . = ALIGN (0x4)

.text           0x08000110     0xa730
                0x08000110                . = ALIGN (0x4)
 *(.text)
 .text          0x08000110      0x370 /home/laurence/ARM-GCC/bin/../lib/gcc/arm-none-eabi/4.7.4/armv7-m/libgcc.a(_arm_addsubdf3.o)
                0x08000110                __aeabi_drsub
                0x08000118                __aeabi_dsub
                0x08000118                __subdf3
                0x0800011c                __adddf3
                0x0800011c                __aeabi_dadd
                0x08000394                __aeabi_ui2d
                0x08000394                __floatunsidf
                0x080003b4                __floatsidf
                0x080003b4                __aeabi_i2d
                0x080003d8                __extendsfdf2
                0x080003d8                __aeabi_f2d
                0x08000414                __aeabi_ul2d
                0x08000414                __floatundidf
                0x08000424                __floatdidf
                0x08000424                __aeabi_l2d
 .text          0x08000480      0x424 /home/laurence/ARM-GCC/bin/../lib/gcc/arm-none-eabi/4.7.4/armv7-m/libgcc.a(_arm_muldivdf3.o)
                0x08000480                __aeabi_dmul
                0x08000480                __muldf3
                0x080006d4                __aeabi_ddiv
                0x080006d4                __divdf3
 .text          0x080008a4      0x110 /home/laurence/ARM-GCC/bin/../lib/gcc/arm-none-eabi/4.7.4/armv7-m/libgcc.a(_arm_cmpdf2.o)
                0x080008a4                __gtdf2
                0x080008a4                __gedf2
                0x080008ac                __ltdf2
                0x080008ac                __ledf2
                0x080008b4                __cmpdf2
                0x080008b4                __eqdf2
                0x080008b4                __nedf2
                0x08000930                __aeabi_cdrcmple
                0x08000940                __aeabi_cdcmple
                0x08000940                __aeabi_cdcmpeq
                0x08000950                __aeabi_dcmpeq
                0x08000964                __aeabi_dcmplt
                0x08000978                __aeabi_dcmple
                0x0800098c                __aeabi_dcmpge
                0x080009a0                __aeabi_dcmpgt
 .text          0x080009b4       0x40 /home/laurence/ARM-GCC/bin/../lib/gcc/arm-none-eabi/4.7.4/armv7-m/libgcc.a(_arm_fixunsdfsi.o)
                0x080009b4                __fixunsdfsi
                0x080009b4                __aeabi_d2uiz
 .text          0x080009f4       0xa0 /home/laurence/ARM-GCC/bin/../lib/gcc/arm-none-eabi/4.7.4/armv7-m/libgcc.a(_arm_truncdfsf2.o)
                0x080009f4                __aeabi_d2f
                0x080009f4                __truncdfsf2
 .text          0x08000a94      0x21c /home/laurence/ARM-GCC/bin/../lib/gcc/arm-none-eabi/4.7.4/armv7-m/libgcc.a(_arm_addsubsf3.o)
                0x08000a94                __aeabi_frsub
                0x08000a9c                __subsf3
                0x08000a9c                __aeabi_fsub
                0x08000aa0                __aeabi_fadd
                0x08000aa0                __addsf3
                0x08000c00                __aeabi_ui2f
                0x08000c00                __floatunsisf
                0x08000c08                __aeabi_i2f
                0x08000c08                __floatsisf
                0x08000c24                __floatundisf
                0x08000c24                __aeabi_ul2f
                0x08000c34                __floatdisf
                0x08000c34                __aeabi_l2f
 .text          0x08000cb0      0x2a0 /home/laurence/ARM-GCC/bin/../lib/gcc/arm-none-eabi/4.7.4/armv7-m/libgcc.a(_arm_muldivsf3.o)
                0x08000cb0                __mulsf3
                0x08000cb0                __aeabi_fmul
                0x08000e18                __divsf3
                0x08000e18                __aeabi_fdiv
 .text          0x08000f50       0xec /home/laurence/ARM-GCC/bin/../lib/gcc/arm-none-eabi/4.7.4/armv7-m/libgcc.a(_arm_cmpsf2.o)
                0x08000f50                __gtsf2
                0x08000f50                __gesf2
                0x08000f58                __lesf2
                0x08000f58                __ltsf2
                0x08000f60                __nesf2
                0x08000f60                __eqsf2
                0x08000f60                __cmpsf2
                0x08000fc0                __aeabi_cfrcmple
                0x08000fc8                __aeabi_cfcmple
                0x08000fc8                __aeabi_cfcmpeq
                0x08000fd8                __aeabi_fcmpeq
                0x08000fec                __aeabi_fcmplt
                0x08001000                __aeabi_fcmple
                0x08001014                __aeabi_fcmpge
                0x08001028                __aeabi_fcmpgt
 .text          0x0800103c       0x40 /home/laurence/ARM-GCC/bin/../lib/gcc/arm-none-eabi/4.7.4/armv7-m/libgcc.a(_arm_fixunssfsi.o)
                0x0800103c                __aeabi_f2uiz
                0x0800103c                __fixunssfsi
 *(.text.*)
 *fill*         0x0800107c        0x4 00
 .text.startup.main
                0x08001080     0x1600 /tmp/ccgZiAvd.ltrans0.ltrans.o
                0x08001080                main
 .text.follow_path.5312.4141
                0x08002680      0x290 /tmp/ccgZiAvd.ltrans1.ltrans.o
 .text.f_sync.constprop.11
                0x08002910      0x184 /tmp/ccgZiAvd.ltrans1.ltrans.o
                0x08002910                f_sync.constprop.11
 .text.f_open.constprop.14
                0x08002a94      0x3b4 /tmp/ccgZiAvd.ltrans1.ltrans.o
                0x08002a94                f_open.constprop.14
 .text.f_stat.constprop.8
                0x08002e48      0x13c /tmp/ccgZiAvd.ltrans1.ltrans.o
                0x08002e48                f_stat.constprop.8
 .text.atoiRamRom.4035
                0x08002f84       0x20 /tmp/ccgZiAvd.ltrans2.ltrans.o
 .text.Resume_Init.4183
                0x08002fa4       0x30 /tmp/ccgZiAvd.ltrans2.ltrans.o
 .text.Resume.4178
                0x08002fd4       0x88 /tmp/ccgZiAvd.ltrans2.ltrans.o
 .text.Get_Max_Lun
                0x0800305c       0x18 /tmp/ccgZiAvd.ltrans2.ltrans.o
                0x0800305c                Get_Max_Lun
 .text.MASS_Get_Interface_Setting
                0x08003074        0xc /tmp/ccgZiAvd.ltrans2.ltrans.o
                0x08003074                MASS_Get_Interface_Setting
 .text.MASS_Status_Out
                0x08003080        0x2 /tmp/ccgZiAvd.ltrans2.ltrans.o
                0x08003080                MASS_Status_Out
 .text.MASS_Status_In
                0x08003082        0x2 /tmp/ccgZiAvd.ltrans2.ltrans.o
                0x08003082                MASS_Status_In
 .text.Mass_Storage_SetDeviceAddress
                0x08003084        0xc /tmp/ccgZiAvd.ltrans2.ltrans.o
                0x08003084                Mass_Storage_SetDeviceAddress
 .text.MASS_Reset
                0x08003090       0xe0 /tmp/ccgZiAvd.ltrans2.ltrans.o
                0x08003090                MASS_Reset
 .text.Mass_Storage_SetConfiguration
                0x08003170       0x30 /tmp/ccgZiAvd.ltrans2.ltrans.o
                0x08003170                Mass_Storage_SetConfiguration
 .text.MASS_NoData_Setup
                0x080031a0       0x4c /tmp/ccgZiAvd.ltrans2.ltrans.o
                0x080031a0                MASS_NoData_Setup
 .text.MASS_GetDeviceDescriptor
                0x080031ec        0xc /tmp/ccgZiAvd.ltrans2.ltrans.o
                0x080031ec                MASS_GetDeviceDescriptor
 .text.MASS_GetConfigDescriptor
                0x080031f8        0xc /tmp/ccgZiAvd.ltrans2.ltrans.o
                0x080031f8                MASS_GetConfigDescriptor
 .text.MASS_GetStringDescriptor
                0x08003204       0x20 /tmp/ccgZiAvd.ltrans2.ltrans.o
                0x08003204                MASS_GetStringDescriptor
 .text.stm32_dma_transfer.5587
                0x08003224       0xc8 /tmp/ccgZiAvd.ltrans2.ltrans.o
                0x08003224                stm32_dma_transfer.5587
 .text.rprintfChar
                0x080032ec       0x1c /tmp/ccgZiAvd.ltrans2.ltrans.o
                0x080032ec                rprintfChar
 .text.rprintf2RamRom
                0x08003308      0x404 /tmp/ccgZiAvd.ltrans2.ltrans.o
                0x08003308                rprintf2RamRom
 .text.stm32_spi_rw.5576
                0x0800370c       0x24 /tmp/ccgZiAvd.ltrans2.ltrans.o
                0x0800370c                stm32_spi_rw.5576
 .text.rcvr_spi.5579
                0x08003730        0x6 /tmp/ccgZiAvd.ltrans2.ltrans.o
                0x08003730                rcvr_spi.5579
 *fill*         0x08003736        0x2 00
 .text.wait_ready.5581
                0x08003738       0x28 /tmp/ccgZiAvd.ltrans2.ltrans.o
                0x08003738                wait_ready.5581
 .text.disk_timerproc
                0x08003760       0x48 /tmp/ccgZiAvd.ltrans2.ltrans.o
                0x08003760                disk_timerproc
 .text.validate.5229
                0x080037a8       0x2c /tmp/ccgZiAvd.ltrans2.ltrans.o
                0x080037a8                validate.5229
 .text.counter_to_struct.5490
                0x080037d4       0xa8 /tmp/ccgZiAvd.ltrans2.ltrans.o
                0x080037d4                counter_to_struct.5490
 .text.isDST.5472
                0x0800387c       0x2a /tmp/ccgZiAvd.ltrans2.ltrans.o
                0x0800387c                isDST.5472
 *fill*         0x080038a6        0x2 00
 .text.rtc_gettime
                0x080038a8       0x74 /tmp/ccgZiAvd.ltrans2.ltrans.o
                0x080038a8                rtc_gettime
 .text.get_fattime
                0x0800391c       0x40 /tmp/ccgZiAvd.ltrans2.ltrans.o
                0x0800391c                get_fattime
 .text.clust2sect
                0x0800395c       0x18 /tmp/ccgZiAvd.ltrans2.ltrans.o
                0x0800395c                clust2sect
 .text.mem_cpy.5160
                0x08003974       0x12 /tmp/ccgZiAvd.ltrans2.ltrans.o
                0x08003974                mem_cpy.5160
 *fill*         0x08003986        0x2 00
 .text.ff_convert.part.0.5093
                0x08003988       0x24 /tmp/ccgZiAvd.ltrans2.ltrans.o
                0x08003988                ff_convert.part.0.5093
 .text.Delay    0x080039ac       0x18 /tmp/ccgZiAvd.ltrans2.ltrans.o
                0x080039ac                Delay
 .text.Pop_From_Buffer
                0x080039c4       0x1c /tmp/ccgZiAvd.ltrans2.ltrans.o
                0x080039c4                Pop_From_Buffer
 .text.Add_To_Buffer
                0x080039e0       0x48 /tmp/ccgZiAvd.ltrans2.ltrans.o
                0x080039e0                Add_To_Buffer
 .text.Bot_Abort.part.2.4579
                0x08003a28       0x18 /tmp/ccgZiAvd.ltrans2.ltrans.o
                0x08003a28                Bot_Abort.part.2.4579
 .text.USB_Istr
                0x08003a40      0x118 /tmp/ccgZiAvd.ltrans2.ltrans.o
                0x08003a40                USB_Istr
 .text.Set_CSW  0x08003b58       0x3c /tmp/ccgZiAvd.ltrans2.ltrans.o
                0x08003b58                Set_CSW
 .text.Transfer_Data_Request
                0x08003b94       0x34 /tmp/ccgZiAvd.ltrans2.ltrans.o
                0x08003b94                Transfer_Data_Request
 .text.IntToUnicode.4362
                0x08003bc8       0x2a /tmp/ccgZiAvd.ltrans2.ltrans.o
                0x08003bc8                IntToUnicode.4362
 *fill*         0x08003bf2        0x2 00
 .text.MASS_init
                0x08003bf4       0x70 /tmp/ccgZiAvd.ltrans3.ltrans.o
                0x08003bf4                MASS_init
 .text.__gps_send_char.4107
                0x08003c64       0x1c /tmp/ccgZiAvd.ltrans3.ltrans.o
 .text.__usart_send_char
                0x08003c80       0x1c /tmp/ccgZiAvd.ltrans3.ltrans.o
                0x08003c80                __usart_send_char
 .text.__str_print_char
                0x08003c9c       0x2c /tmp/ccgZiAvd.ltrans3.ltrans.o
                0x08003c9c                __str_print_char
 .text.si446x_spi_state_machine.constprop.29
                0x08003cc8      0x1f8 /tmp/ccgZiAvd.ltrans3.ltrans.o
                0x08003cc8                si446x_spi_state_machine.constprop.29
 .text.Gps_Process_Byte.constprop.28
                0x08003ec0      0x1a4 /tmp/ccgZiAvd.ltrans3.ltrans.o
                0x08003ec0                Gps_Process_Byte.constprop.28
 .text.Get_UBX_Ack.constprop.27
                0x08004064       0xa0 /tmp/ccgZiAvd.ltrans3.ltrans.o
                0x08004064                Get_UBX_Ack.constprop.27
 .text.USART2_reconf.constprop.26
                0x08004104       0x50 /tmp/ccgZiAvd.ltrans3.ltrans.o
                0x08004104                USART2_reconf.constprop.26
 .text.ReadADC1_noblock.constprop.3
                0x08004154       0x20 /tmp/ccgZiAvd.ltrans3.ltrans.o
                0x08004154                ReadADC1_noblock.constprop.3
 .text.Bytes_In_DMA_Buffer.constprop.2
                0x08004174       0x2c /tmp/ccgZiAvd.ltrans3.ltrans.o
                0x08004174                Bytes_In_DMA_Buffer.constprop.2
 .text.Gps_Send_Utf8
                0x080041a0       0x1a /tmp/ccgZiAvd.ltrans3.ltrans.o
                0x080041a0                Gps_Send_Utf8
 .text.Gps_Send_Str
                0x080041ba       0x16 /tmp/ccgZiAvd.ltrans3.ltrans.o
                0x080041ba                Gps_Send_Str
 .text.Usart_Send_Str
                0x080041d0       0x16 /tmp/ccgZiAvd.ltrans3.ltrans.o
                0x080041d0                Usart_Send_Str
 *fill*         0x080041e6        0x2 00
 .text.power_on.5574
                0x080041e8       0xf0 /tmp/ccgZiAvd.ltrans3.ltrans.o
                0x080041e8                power_on.5574
 .text.I2C_Config
                0x080042d8      0x138 /tmp/ccgZiAvd.ltrans3.ltrans.o
                0x080042d8                I2C_Config
 .text.Timer_GPIO_Enable
                0x08004410       0x24 /tmp/ccgZiAvd.ltrans3.ltrans.o
                0x08004410                Timer_GPIO_Enable
 .text.Timer_GPIO_Disable
                0x08004434       0x24 /tmp/ccgZiAvd.ltrans3.ltrans.o
                0x08004434                Timer_GPIO_Disable
 .text.shutdown
                0x08004458       0x10 /tmp/ccgZiAvd.ltrans3.ltrans.o
                0x08004458                shutdown
 .text.send_cmd.5583
                0x08004468       0x90 /tmp/ccgZiAvd.ltrans3.ltrans.o
                0x08004468                send_cmd.5583
 .text.release_spi
                0x080044f8       0x18 /tmp/ccgZiAvd.ltrans3.ltrans.o
                0x080044f8                release_spi
 .text.I2C1_Request_Job
                0x08004510       0x58 /tmp/ccgZiAvd.ltrans3.ltrans.o
                0x08004510                I2C1_Request_Job
 .text.rcvr_datablock
                0x08004568       0x54 /tmp/ccgZiAvd.ltrans3.ltrans.o
                0x08004568                rcvr_datablock
 .text.disk_read
                0x080045bc       0xa0 /tmp/ccgZiAvd.ltrans3.ltrans.o
                0x080045bc                disk_read
 .text.Read_Memory
                0x0800465c      0x138 /tmp/ccgZiAvd.ltrans3.ltrans.o
                0x0800465c                Read_Memory
 .text.check_fs.5236
                0x08004794       0x88 /tmp/ccgZiAvd.ltrans3.ltrans.o
                0x08004794                check_fs.5236
 .text.xmit_datablock.part.1.5592
                0x0800481c       0x30 /tmp/ccgZiAvd.ltrans3.ltrans.o
                0x0800481c                xmit_datablock.part.1.5592
 .text.MASS_Data_Setup.4009
                0x0800484c       0x38 /tmp/ccgZiAvd.ltrans4.ltrans.o
 .text.Mass_Storage_ClearFeature.4039
                0x08004884       0x18 /tmp/ccgZiAvd.ltrans4.ltrans.o
 .text.si446x_state_machine
                0x0800489c      0x1ac /tmp/ccgZiAvd.ltrans4.ltrans.o
                0x0800489c                si446x_state_machine
 .text.MAL_GetStatus
                0x08004a48       0xc4 /tmp/ccgZiAvd.ltrans4.ltrans.o
                0x08004a48                MAL_GetStatus
 .text.send_string_to_silabs.constprop.31
                0x08004b0c       0x24 /tmp/ccgZiAvd.ltrans4.ltrans.o
                0x08004b0c                send_string_to_silabs.constprop.31
 .text.si446x_setup
                0x08004b30      0x68c /tmp/ccgZiAvd.ltrans4.ltrans.o
                0x08004b30                si446x_setup
 .text.EP2_OUT_Callback.4084
                0x080051bc      0x310 /tmp/ccgZiAvd.ltrans5.ltrans.o
 .text.__fat_print_char
                0x080054cc       0x18 /tmp/ccgZiAvd.ltrans5.ltrans.o
                0x080054cc                __fat_print_char
 .text.dir_next.5302
                0x080054e4       0xfa /tmp/ccgZiAvd.ltrans5.ltrans.o
                0x080054e4                dir_next.5302
 *fill*         0x080055de        0x2 00
 .text.dir_find.part.4.5306
                0x080055e0      0x180 /tmp/ccgZiAvd.ltrans5.ltrans.o
                0x080055e0                dir_find.part.4.5306
 .text.f_puts.constprop.5
                0x08005760       0x2c /tmp/ccgZiAvd.ltrans5.ltrans.o
                0x08005760                f_puts.constprop.5
 .text.disk_write
                0x0800578c       0xcc /tmp/ccgZiAvd.ltrans6.ltrans.o
                0x0800578c                disk_write
 .text.move_window.5219
                0x08005858       0x76 /tmp/ccgZiAvd.ltrans6.ltrans.o
                0x08005858                move_window.5219
 .text.get_fat  0x080058ce       0xc8 /tmp/ccgZiAvd.ltrans6.ltrans.o
                0x080058ce                get_fat
 *fill*         0x08005996        0x2 00
 .text.SCSI_Invalid_Cmd
                0x08005998       0x3c /tmp/ccgZiAvd.ltrans6.ltrans.o
                0x08005998                SCSI_Invalid_Cmd
 .text.SCSI_Address_Management
                0x080059d4       0x74 /tmp/ccgZiAvd.ltrans6.ltrans.o
                0x080059d4                SCSI_Address_Management
 .text.SCSI_Read10_Cmd
                0x08005a48       0x6c /tmp/ccgZiAvd.ltrans6.ltrans.o
                0x08005a48                SCSI_Read10_Cmd
 .text.EP1_IN_Callback.4077
                0x08005ab4       0x5c /tmp/ccgZiAvd.ltrans6.ltrans.o
 .text.disk_initialize
                0x08005b10      0x148 /tmp/ccgZiAvd.ltrans6.ltrans.o
                0x08005b10                disk_initialize
 .text.chk_mounted.5240
                0x08005c58      0x314 /tmp/ccgZiAvd.ltrans6.ltrans.o
                0x08005c58                chk_mounted.5240
 .text.USB_LP_CAN1_RX0_IRQHandler
                0x08005f6c        0x4 /tmp/ccgZiAvd.ltrans7.ltrans.o
                0x08005f6c                USB_LP_CAN1_RX0_IRQHandler
 .text.USB_HP_CAN1_TX_IRQHandler
                0x08005f70        0x4 /tmp/ccgZiAvd.ltrans7.ltrans.o
                0x08005f70                USB_HP_CAN1_TX_IRQHandler
 *fill*         0x08005f74        0x4 00
 .text.SysTick_Handler
                0x08005f78      0x4d0 /tmp/ccgZiAvd.ltrans7.ltrans.o
                0x08005f78                SysTick_Handler
 .text.ADC1_2_IRQHandler
                0x08006448       0x6c /tmp/ccgZiAvd.ltrans7.ltrans.o
                0x08006448                ADC1_2_IRQHandler
 .text.I2C1_ER_IRQHandler
                0x080064b4       0xf4 /tmp/ccgZiAvd.ltrans7.ltrans.o
                0x080064b4                I2C1_ER_IRQHandler
 .text.I2C1_EV_IRQHandler
                0x080065a8      0x4d8 /tmp/ccgZiAvd.ltrans7.ltrans.o
                0x080065a8                I2C1_EV_IRQHandler
 .text.EXTI15_10_IRQHandler
                0x08006a80       0x34 /tmp/ccgZiAvd.ltrans7.ltrans.o
                0x08006a80                EXTI15_10_IRQHandler
 .text.DMA1_Channel4_IRQHandler
                0x08006ab4       0x30 /tmp/ccgZiAvd.ltrans7.ltrans.o
                0x08006ab4                DMA1_Channel4_IRQHandler
 .text.DMA1_Channel5_IRQHandler
                0x08006ae4       0x30 /tmp/ccgZiAvd.ltrans7.ltrans.o
                0x08006ae4                DMA1_Channel5_IRQHandler
 .text.EXTI0_IRQHandler
                0x08006b14       0x34 /tmp/ccgZiAvd.ltrans7.ltrans.o
                0x08006b14                EXTI0_IRQHandler
 .text.USART3_IRQHandler
                0x08006b48       0x74 /tmp/ccgZiAvd.ltrans7.ltrans.o
                0x08006b48                USART3_IRQHandler
 .text.f_close.constprop.10
                0x08006bbc       0x14 /tmp/ccgZiAvd.ltrans7.ltrans.o
                0x08006bbc                f_close.constprop.10
 .text.SCSI_Write10_Cmd
                0x08006bd0      0x144 /tmp/ccgZiAvd.ltrans8.ltrans.o
                0x08006bd0                SCSI_Write10_Cmd
 .text.put_fat  0x08006d14       0xf2 /tmp/ccgZiAvd.ltrans8.ltrans.o
                0x08006d14                put_fat
 .text.remove_chain.5332
                0x08006e06       0x54 /tmp/ccgZiAvd.ltrans8.ltrans.o
                0x08006e06                remove_chain.5332
 .text.create_chain.5298
                0x08006e5a       0x9a /tmp/ccgZiAvd.ltrans8.ltrans.o
                0x08006e5a                create_chain.5298
 .text.f_write.constprop.12
                0x08006ef4      0x1cc /tmp/ccgZiAvd.ltrans8.ltrans.o
                0x08006ef4                f_write.constprop.12
 .text.f_lseek.constprop.9
                0x080070c0      0x180 /tmp/ccgZiAvd.ltrans8.ltrans.o
                0x080070c0                f_lseek.constprop.9
 .text.dir_sdi.5266
                0x08007240       0x84 /tmp/ccgZiAvd.ltrans8.ltrans.o
                0x08007240                dir_sdi.5266
 .text.USART1_IRQHandler
                0x080072c4       0x34 /tmp/ccgZiAvd.ltrans9.ltrans.o
                0x080072c4                USART1_IRQHandler
 .text.malloc   0x080072f8       0x10 /home/laurence/ARM-GCC/bin/../lib/gcc/arm-none-eabi/4.7.4/../../../../arm-none-eabi/lib/armv7-m/libc.a(lib_a-malloc.o)
                0x080072f8                malloc
 .text._malloc_r
                0x08007308      0x530 /home/laurence/ARM-GCC/bin/../lib/gcc/arm-none-eabi/4.7.4/../../../../arm-none-eabi/lib/armv7-m/libc.a(lib_a-mallocr.o)
                0x08007308                _malloc_r
 .text.memcpy   0x08007838      0x15c /home/laurence/ARM-GCC/bin/../lib/gcc/arm-none-eabi/4.7.4/../../../../arm-none-eabi/lib/armv7-m/libc.a(lib_a-memcpy.o)
                0x08007838                memcpy
 .text.__malloc_lock
                0x08007994        0x4 /home/laurence/ARM-GCC/bin/../lib/gcc/arm-none-eabi/4.7.4/../../../../arm-none-eabi/lib/armv7-m/libc.a(lib_a-mlock.o)
                0x08007994                __malloc_lock
 .text.__malloc_unlock
                0x08007998        0x4 /home/laurence/ARM-GCC/bin/../lib/gcc/arm-none-eabi/4.7.4/../../../../arm-none-eabi/lib/armv7-m/libc.a(lib_a-mlock.o)
                0x08007998                __malloc_unlock
 .text._sbrk_r  0x0800799c       0x24 /home/laurence/ARM-GCC/bin/../lib/gcc/arm-none-eabi/4.7.4/../../../../arm-none-eabi/lib/armv7-m/libc.a(lib_a-sbrkr.o)
                0x0800799c                _sbrk_r
 .text.strchr   0x080079c0       0xfc /home/laurence/ARM-GCC/bin/../lib/gcc/arm-none-eabi/4.7.4/../../../../arm-none-eabi/lib/armv7-m/libc.a(lib_a-strchr.o)
                0x080079c0                strchr
 .text.strlen   0x08007abc       0x60 /home/laurence/ARM-GCC/bin/../lib/gcc/arm-none-eabi/4.7.4/../../../../arm-none-eabi/lib/armv7-m/libc.a(lib_a-strlen.o)
                0x08007abc                strlen
 .text.strncmp  0x08007b1c      0x120 /home/laurence/ARM-GCC/bin/../lib/gcc/arm-none-eabi/4.7.4/../../../../arm-none-eabi/lib/armv7-m/libc.a(lib_a-strncmp.o)
                0x08007b1c                strncmp
 .text.strncpy  0x08007c3c      0x10c /home/laurence/ARM-GCC/bin/../lib/gcc/arm-none-eabi/4.7.4/../../../../arm-none-eabi/lib/armv7-m/libc.a(lib_a-strncpy.o)
                0x08007c3c                strncpy
 .text._malloc_trim_r
                0x08007d48       0x98 /home/laurence/ARM-GCC/bin/../lib/gcc/arm-none-eabi/4.7.4/../../../../arm-none-eabi/lib/armv7-m/libc.a(lib_a-freer.o)
                0x08007d48                _malloc_trim_r
 .text._free_r  0x08007de0      0x194 /home/laurence/ARM-GCC/bin/../lib/gcc/arm-none-eabi/4.7.4/../../../../arm-none-eabi/lib/armv7-m/libc.a(lib_a-freer.o)
                0x08007de0                _free_r
 .text.Reset_Handler
                0x08007f74       0x48 lib/CMSIS_CM3/startup/gcc/startup_stm32f10x_md.o
                0x08007f74                Reset_Handler
 .text.Default_Handler
                0x08007fbc        0x4 lib/CMSIS_CM3/startup/gcc/startup_stm32f10x_md.o
                0x08007fbc                EXTI2_IRQHandler
                0x08007fbc                DebugMon_Handler
                0x08007fbc                TIM1_CC_IRQHandler
                0x08007fbc                HardFault_Handler
                0x08007fbc                PVD_IRQHandler
                0x08007fbc                PendSV_Handler
                0x08007fbc                NMI_Handler
                0x08007fbc                EXTI3_IRQHandler
                0x08007fbc                I2C2_EV_IRQHandler
                0x08007fbc                UsageFault_Handler
                0x08007fbc                SPI1_IRQHandler
                0x08007fbc                TAMPER_IRQHandler
                0x08007fbc                RTC_IRQHandler
                0x08007fbc                DMA1_Channel7_IRQHandler
                0x08007fbc                CAN1_RX1_IRQHandler
                0x08007fbc                TIM4_IRQHandler
                0x08007fbc                DMA1_Channel6_IRQHandler
                0x08007fbc                TIM3_IRQHandler
                0x08007fbc                RCC_IRQHandler
                0x08007fbc                TIM1_TRG_COM_IRQHandler
                0x08007fbc                DMA1_Channel1_IRQHandler
                0x08007fbc                Default_Handler
                0x08007fbc                EXTI9_5_IRQHandler
                0x08007fbc                SPI2_IRQHandler
                0x08007fbc                MemManage_Handler
                0x08007fbc                SVC_Handler
                0x08007fbc                EXTI4_IRQHandler
                0x08007fbc                DMA1_Channel3_IRQHandler
                0x08007fbc                TIM1_UP_IRQHandler
                0x08007fbc                WWDG_IRQHandler
                0x08007fbc                TIM2_IRQHandler
                0x08007fbc                TIM1_BRK_IRQHandler
                0x08007fbc                EXTI1_IRQHandler
                0x08007fbc                RTCAlarm_IRQHandler
                0x08007fbc                USART2_IRQHandler
                0x08007fbc                I2C2_ER_IRQHandler
                0x08007fbc                DMA1_Channel2_IRQHandler
                0x08007fbc                CAN1_SCE_IRQHandler
                0x08007fbc                FLASH_IRQHandler
                0x08007fbc                BusFault_Handler
                0x08007fbc                USBWakeUp_IRQHandler
 .text.NVIC_PriorityGroupConfig
                0x08007fc0       0x14 lib/STM32F10x_StdPeriph_Driver/libstm32fw.a(misc.o)
                0x08007fc0                NVIC_PriorityGroupConfig
 .text.NVIC_Init
                0x08007fd4       0x68 lib/STM32F10x_StdPeriph_Driver/libstm32fw.a(misc.o)
                0x08007fd4                NVIC_Init
 .text.NVIC_SetVectorTable
                0x0800803c       0x14 lib/STM32F10x_StdPeriph_Driver/libstm32fw.a(misc.o)
                0x0800803c                NVIC_SetVectorTable
 .text.SysTick_CLKSourceConfig
                0x08008050       0x18 lib/STM32F10x_StdPeriph_Driver/libstm32fw.a(misc.o)
                0x08008050                SysTick_CLKSourceConfig
 .text.ADC_DeInit
                0x08008068       0x5c lib/STM32F10x_StdPeriph_Driver/libstm32fw.a(stm32f10x_adc.o)
                0x08008068                ADC_DeInit
 .text.ADC_Init
                0x080080c4       0x48 lib/STM32F10x_StdPeriph_Driver/libstm32fw.a(stm32f10x_adc.o)
                0x080080c4                ADC_Init
 .text.ADC_Cmd  0x0800810c       0x12 lib/STM32F10x_StdPeriph_Driver/libstm32fw.a(stm32f10x_adc.o)
                0x0800810c                ADC_Cmd
 .text.ADC_ResetCalibration
                0x0800811e        0xa lib/STM32F10x_StdPeriph_Driver/libstm32fw.a(stm32f10x_adc.o)
                0x0800811e                ADC_ResetCalibration
 .text.ADC_GetResetCalibrationStatus
                0x08008128        0x8 lib/STM32F10x_StdPeriph_Driver/libstm32fw.a(stm32f10x_adc.o)
                0x08008128                ADC_GetResetCalibrationStatus
 .text.ADC_StartCalibration
                0x08008130        0xa lib/STM32F10x_StdPeriph_Driver/libstm32fw.a(stm32f10x_adc.o)
                0x08008130                ADC_StartCalibration
 .text.ADC_GetCalibrationStatus
                0x0800813a        0x8 lib/STM32F10x_StdPeriph_Driver/libstm32fw.a(stm32f10x_adc.o)
                0x0800813a                ADC_GetCalibrationStatus
 .text.ADC_SoftwareStartConvCmd
                0x08008142       0x12 lib/STM32F10x_StdPeriph_Driver/libstm32fw.a(stm32f10x_adc.o)
                0x08008142                ADC_SoftwareStartConvCmd
 .text.ADC_RegularChannelConfig
                0x08008154       0x9a lib/STM32F10x_StdPeriph_Driver/libstm32fw.a(stm32f10x_adc.o)
                0x08008154                ADC_RegularChannelConfig
 .text.ADC_GetConversionValue
                0x080081ee        0x6 lib/STM32F10x_StdPeriph_Driver/libstm32fw.a(stm32f10x_adc.o)
                0x080081ee                ADC_GetConversionValue
 .text.ADC_ExternalTrigInjectedConvConfig
                0x080081f4        0xc lib/STM32F10x_StdPeriph_Driver/libstm32fw.a(stm32f10x_adc.o)
                0x080081f4                ADC_ExternalTrigInjectedConvConfig
 .text.ADC_SoftwareStartInjectedConvCmd
                0x08008200       0x12 lib/STM32F10x_StdPeriph_Driver/libstm32fw.a(stm32f10x_adc.o)
                0x08008200                ADC_SoftwareStartInjectedConvCmd
 .text.ADC_InjectedChannelConfig
                0x08008212       0x60 lib/STM32F10x_StdPeriph_Driver/libstm32fw.a(stm32f10x_adc.o)
                0x08008212                ADC_InjectedChannelConfig
 .text.ADC_InjectedSequencerLengthConfig
                0x08008272       0x10 lib/STM32F10x_StdPeriph_Driver/libstm32fw.a(stm32f10x_adc.o)
                0x08008272                ADC_InjectedSequencerLengthConfig
 .text.ADC_GetInjectedConversionValue
                0x08008282       0x1a lib/STM32F10x_StdPeriph_Driver/libstm32fw.a(stm32f10x_adc.o)
                0x08008282                ADC_GetInjectedConversionValue
 .text.ADC_GetFlagStatus
                0x0800829c        0xc lib/STM32F10x_StdPeriph_Driver/libstm32fw.a(stm32f10x_adc.o)
                0x0800829c                ADC_GetFlagStatus
 .text.ADC_ClearFlag
                0x080082a8        0x6 lib/STM32F10x_StdPeriph_Driver/libstm32fw.a(stm32f10x_adc.o)
                0x080082a8                ADC_ClearFlag
 .text.ADC_GetITStatus
                0x080082ae       0x16 lib/STM32F10x_StdPeriph_Driver/libstm32fw.a(stm32f10x_adc.o)
                0x080082ae                ADC_GetITStatus
 .text.ADC_ClearITPendingBit
                0x080082c4        0x8 lib/STM32F10x_StdPeriph_Driver/libstm32fw.a(stm32f10x_adc.o)
                0x080082c4                ADC_ClearITPendingBit
 .text.BKP_DeInit
                0x080082cc       0x12 lib/STM32F10x_StdPeriph_Driver/libstm32fw.a(stm32f10x_bkp.o)
                0x080082cc                BKP_DeInit
 *fill*         0x080082de        0x2 00
 .text.BKP_WriteBackupRegister
                0x080082e0       0x1c lib/STM32F10x_StdPeriph_Driver/libstm32fw.a(stm32f10x_bkp.o)
                0x080082e0                BKP_WriteBackupRegister
 .text.BKP_ReadBackupRegister
                0x080082fc       0x20 lib/STM32F10x_StdPeriph_Driver/libstm32fw.a(stm32f10x_bkp.o)
                0x080082fc                BKP_ReadBackupRegister
 .text.DBGMCU_Config
                0x0800831c       0x18 lib/STM32F10x_StdPeriph_Driver/libstm32fw.a(stm32f10x_dbgmcu.o)
                0x0800831c                DBGMCU_Config
 .text.DMA_DeInit
                0x08008334       0xec lib/STM32F10x_StdPeriph_Driver/libstm32fw.a(stm32f10x_dma.o)
                0x08008334                DMA_DeInit
 .text.DMA_Init
                0x08008420       0x40 lib/STM32F10x_StdPeriph_Driver/libstm32fw.a(stm32f10x_dma.o)
                0x08008420                DMA_Init
 .text.DMA_Cmd  0x08008460       0x12 lib/STM32F10x_StdPeriph_Driver/libstm32fw.a(stm32f10x_dma.o)
                0x08008460                DMA_Cmd
 .text.DMA_ITConfig
                0x08008472       0x10 lib/STM32F10x_StdPeriph_Driver/libstm32fw.a(stm32f10x_dma.o)
                0x08008472                DMA_ITConfig
 .text.DMA_GetCurrDataCounter
                0x08008482        0x6 lib/STM32F10x_StdPeriph_Driver/libstm32fw.a(stm32f10x_dma.o)
                0x08008482                DMA_GetCurrDataCounter
 .text.DMA_GetFlagStatus
                0x08008488       0x1c lib/STM32F10x_StdPeriph_Driver/libstm32fw.a(stm32f10x_dma.o)
                0x08008488                DMA_GetFlagStatus
 .text.DMA_ClearFlag
                0x080084a4       0x14 lib/STM32F10x_StdPeriph_Driver/libstm32fw.a(stm32f10x_dma.o)
                0x080084a4                DMA_ClearFlag
 .text.DMA_GetITStatus
                0x080084b8       0x1c lib/STM32F10x_StdPeriph_Driver/libstm32fw.a(stm32f10x_dma.o)
                0x080084b8                DMA_GetITStatus
 .text.DMA_ClearITPendingBit
                0x080084d4       0x14 lib/STM32F10x_StdPeriph_Driver/libstm32fw.a(stm32f10x_dma.o)
                0x080084d4                DMA_ClearITPendingBit
 .text.EXTI_DeInit
                0x080084e8       0x1c lib/STM32F10x_StdPeriph_Driver/libstm32fw.a(stm32f10x_exti.o)
                0x080084e8                EXTI_DeInit
 .text.EXTI_Init
                0x08008504       0x88 lib/STM32F10x_StdPeriph_Driver/libstm32fw.a(stm32f10x_exti.o)
                0x08008504                EXTI_Init
 .text.EXTI_GenerateSWInterrupt
                0x0800858c       0x10 lib/STM32F10x_StdPeriph_Driver/libstm32fw.a(stm32f10x_exti.o)
                0x0800858c                EXTI_GenerateSWInterrupt
 .text.EXTI_GetITStatus
                0x0800859c       0x20 lib/STM32F10x_StdPeriph_Driver/libstm32fw.a(stm32f10x_exti.o)
                0x0800859c                EXTI_GetITStatus
 .text.EXTI_ClearITPendingBit
                0x080085bc        0xc lib/STM32F10x_StdPeriph_Driver/libstm32fw.a(stm32f10x_exti.o)
                0x080085bc                EXTI_ClearITPendingBit
 .text.GPIO_Init
                0x080085c8       0x9a lib/STM32F10x_StdPeriph_Driver/libstm32fw.a(stm32f10x_gpio.o)
                0x080085c8                GPIO_Init
 .text.GPIO_ReadInputDataBit
                0x08008662        0xc lib/STM32F10x_StdPeriph_Driver/libstm32fw.a(stm32f10x_gpio.o)
                0x08008662                GPIO_ReadInputDataBit
 .text.GPIO_SetBits
                0x0800866e        0x4 lib/STM32F10x_StdPeriph_Driver/libstm32fw.a(stm32f10x_gpio.o)
                0x0800866e                GPIO_SetBits
 .text.GPIO_ResetBits
                0x08008672        0x4 lib/STM32F10x_StdPeriph_Driver/libstm32fw.a(stm32f10x_gpio.o)
                0x08008672                GPIO_ResetBits
 .text.GPIO_WriteBit
                0x08008676        0xa lib/STM32F10x_StdPeriph_Driver/libstm32fw.a(stm32f10x_gpio.o)
                0x08008676                GPIO_WriteBit
 .text.GPIO_EXTILineConfig
                0x08008680       0x34 lib/STM32F10x_StdPeriph_Driver/libstm32fw.a(stm32f10x_gpio.o)
                0x08008680                GPIO_EXTILineConfig
 .text.I2C_DeInit
                0x080086b4       0x34 lib/STM32F10x_StdPeriph_Driver/libstm32fw.a(stm32f10x_i2c.o)
                0x080086b4                I2C_DeInit
 .text.I2C_Init
                0x080086e8       0xd4 lib/STM32F10x_StdPeriph_Driver/libstm32fw.a(stm32f10x_i2c.o)
                0x080086e8                I2C_Init
 .text.I2C_Cmd  0x080087bc       0x18 lib/STM32F10x_StdPeriph_Driver/libstm32fw.a(stm32f10x_i2c.o)
                0x080087bc                I2C_Cmd
 .text.I2C_GenerateSTART
                0x080087d4       0x18 lib/STM32F10x_StdPeriph_Driver/libstm32fw.a(stm32f10x_i2c.o)
                0x080087d4                I2C_GenerateSTART
 .text.I2C_GenerateSTOP
                0x080087ec       0x18 lib/STM32F10x_StdPeriph_Driver/libstm32fw.a(stm32f10x_i2c.o)
                0x080087ec                I2C_GenerateSTOP
 .text.I2C_AcknowledgeConfig
                0x08008804       0x18 lib/STM32F10x_StdPeriph_Driver/libstm32fw.a(stm32f10x_i2c.o)
                0x08008804                I2C_AcknowledgeConfig
 .text.I2C_ITConfig
                0x0800881c       0x12 lib/STM32F10x_StdPeriph_Driver/libstm32fw.a(stm32f10x_i2c.o)
                0x0800881c                I2C_ITConfig
 .text.I2C_SendData
                0x0800882e        0x4 lib/STM32F10x_StdPeriph_Driver/libstm32fw.a(stm32f10x_i2c.o)
                0x0800882e                I2C_SendData
 .text.I2C_ReceiveData
                0x08008832        0x6 lib/STM32F10x_StdPeriph_Driver/libstm32fw.a(stm32f10x_i2c.o)
                0x08008832                I2C_ReceiveData
 .text.I2C_Send7bitAddress
                0x08008838       0x10 lib/STM32F10x_StdPeriph_Driver/libstm32fw.a(stm32f10x_i2c.o)
                0x08008838                I2C_Send7bitAddress
 .text.I2C_SoftwareResetCmd
                0x08008848       0x18 lib/STM32F10x_StdPeriph_Driver/libstm32fw.a(stm32f10x_i2c.o)
                0x08008848                I2C_SoftwareResetCmd
 .text.IWDG_WriteAccessCmd
                0x08008860        0xc lib/STM32F10x_StdPeriph_Driver/libstm32fw.a(stm32f10x_iwdg.o)
                0x08008860                IWDG_WriteAccessCmd
 .text.IWDG_SetPrescaler
                0x0800886c        0xc lib/STM32F10x_StdPeriph_Driver/libstm32fw.a(stm32f10x_iwdg.o)
                0x0800886c                IWDG_SetPrescaler
 .text.IWDG_SetReload
                0x08008878        0xc lib/STM32F10x_StdPeriph_Driver/libstm32fw.a(stm32f10x_iwdg.o)
                0x08008878                IWDG_SetReload
 .text.IWDG_ReloadCounter
                0x08008884       0x10 lib/STM32F10x_StdPeriph_Driver/libstm32fw.a(stm32f10x_iwdg.o)
                0x08008884                IWDG_ReloadCounter
 .text.IWDG_Enable
                0x08008894       0x10 lib/STM32F10x_StdPeriph_Driver/libstm32fw.a(stm32f10x_iwdg.o)
                0x08008894                IWDG_Enable
 .text.PWR_DeInit
                0x080088a4       0x1a lib/STM32F10x_StdPeriph_Driver/libstm32fw.a(stm32f10x_pwr.o)
                0x080088a4                PWR_DeInit
 *fill*         0x080088be        0x2 00
 .text.PWR_BackupAccessCmd
                0x080088c0        0xc lib/STM32F10x_StdPeriph_Driver/libstm32fw.a(stm32f10x_pwr.o)
                0x080088c0                PWR_BackupAccessCmd
 .text.PWR_WakeUpPinCmd
                0x080088cc        0xc lib/STM32F10x_StdPeriph_Driver/libstm32fw.a(stm32f10x_pwr.o)
                0x080088cc                PWR_WakeUpPinCmd
 .text.PWR_EnterSTANDBYMode
                0x080088d8       0x28 lib/STM32F10x_StdPeriph_Driver/libstm32fw.a(stm32f10x_pwr.o)
                0x080088d8                PWR_EnterSTANDBYMode
 .text.RCC_HCLKConfig
                0x08008900       0x14 lib/STM32F10x_StdPeriph_Driver/libstm32fw.a(stm32f10x_rcc.o)
                0x08008900                RCC_HCLKConfig
 .text.RCC_USBCLKConfig
                0x08008914        0xc lib/STM32F10x_StdPeriph_Driver/libstm32fw.a(stm32f10x_rcc.o)
                0x08008914                RCC_USBCLKConfig
 .text.RCC_ADCCLKConfig
                0x08008920       0x14 lib/STM32F10x_StdPeriph_Driver/libstm32fw.a(stm32f10x_rcc.o)
                0x08008920                RCC_ADCCLKConfig
 .text.RCC_LSEConfig
                0x08008934       0x20 lib/STM32F10x_StdPeriph_Driver/libstm32fw.a(stm32f10x_rcc.o)
                0x08008934                RCC_LSEConfig
 .text.RCC_RTCCLKConfig
                0x08008954       0x10 lib/STM32F10x_StdPeriph_Driver/libstm32fw.a(stm32f10x_rcc.o)
                0x08008954                RCC_RTCCLKConfig
 .text.RCC_RTCCLKCmd
                0x08008964        0xc lib/STM32F10x_StdPeriph_Driver/libstm32fw.a(stm32f10x_rcc.o)
                0x08008964                RCC_RTCCLKCmd
 .text.RCC_GetClocksFreq
                0x08008970       0x9c lib/STM32F10x_StdPeriph_Driver/libstm32fw.a(stm32f10x_rcc.o)
                0x08008970                RCC_GetClocksFreq
 .text.RCC_AHBPeriphClockCmd
                0x08008a0c       0x18 lib/STM32F10x_StdPeriph_Driver/libstm32fw.a(stm32f10x_rcc.o)
                0x08008a0c                RCC_AHBPeriphClockCmd
 .text.RCC_APB2PeriphClockCmd
                0x08008a24       0x18 lib/STM32F10x_StdPeriph_Driver/libstm32fw.a(stm32f10x_rcc.o)
                0x08008a24                RCC_APB2PeriphClockCmd
 .text.RCC_APB1PeriphClockCmd
                0x08008a3c       0x18 lib/STM32F10x_StdPeriph_Driver/libstm32fw.a(stm32f10x_rcc.o)
                0x08008a3c                RCC_APB1PeriphClockCmd
 .text.RCC_APB2PeriphResetCmd
                0x08008a54       0x18 lib/STM32F10x_StdPeriph_Driver/libstm32fw.a(stm32f10x_rcc.o)
                0x08008a54                RCC_APB2PeriphResetCmd
 .text.RCC_APB1PeriphResetCmd
                0x08008a6c       0x18 lib/STM32F10x_StdPeriph_Driver/libstm32fw.a(stm32f10x_rcc.o)
                0x08008a6c                RCC_APB1PeriphResetCmd
 .text.RCC_BackupResetCmd
                0x08008a84        0xc lib/STM32F10x_StdPeriph_Driver/libstm32fw.a(stm32f10x_rcc.o)
                0x08008a84                RCC_BackupResetCmd
 .text.RCC_GetFlagStatus
                0x08008a90       0x28 lib/STM32F10x_StdPeriph_Driver/libstm32fw.a(stm32f10x_rcc.o)
                0x08008a90                RCC_GetFlagStatus
 .text.RTC_EnterConfigMode
                0x08008ab8       0x14 lib/STM32F10x_StdPeriph_Driver/libstm32fw.a(stm32f10x_rtc.o)
                0x08008ab8                RTC_EnterConfigMode
 .text.RTC_ExitConfigMode
                0x08008acc       0x14 lib/STM32F10x_StdPeriph_Driver/libstm32fw.a(stm32f10x_rtc.o)
                0x08008acc                RTC_ExitConfigMode
 .text.RTC_GetCounter
                0x08008ae0       0x14 lib/STM32F10x_StdPeriph_Driver/libstm32fw.a(stm32f10x_rtc.o)
                0x08008ae0                RTC_GetCounter
 .text.RTC_SetCounter
                0x08008af4       0x20 lib/STM32F10x_StdPeriph_Driver/libstm32fw.a(stm32f10x_rtc.o)
                0x08008af4                RTC_SetCounter
 .text.RTC_SetPrescaler
                0x08008b14       0x20 lib/STM32F10x_StdPeriph_Driver/libstm32fw.a(stm32f10x_rtc.o)
                0x08008b14                RTC_SetPrescaler
 .text.RTC_WaitForLastTask
                0x08008b34       0x14 lib/STM32F10x_StdPeriph_Driver/libstm32fw.a(stm32f10x_rtc.o)
                0x08008b34                RTC_WaitForLastTask
 .text.RTC_WaitForSynchro
                0x08008b48       0x24 lib/STM32F10x_StdPeriph_Driver/libstm32fw.a(stm32f10x_rtc.o)
                0x08008b48                RTC_WaitForSynchro
 .text.SPI_Init
                0x08008b6c       0x3e lib/STM32F10x_StdPeriph_Driver/libstm32fw.a(stm32f10x_spi.o)
                0x08008b6c                SPI_Init
 .text.SPI_Cmd  0x08008baa       0x18 lib/STM32F10x_StdPeriph_Driver/libstm32fw.a(stm32f10x_spi.o)
                0x08008baa                SPI_Cmd
 .text.SPI_I2S_DMACmd
                0x08008bc2       0x12 lib/STM32F10x_StdPeriph_Driver/libstm32fw.a(stm32f10x_spi.o)
                0x08008bc2                SPI_I2S_DMACmd
 .text.SPI_I2S_SendData
                0x08008bd4        0x4 lib/STM32F10x_StdPeriph_Driver/libstm32fw.a(stm32f10x_spi.o)
                0x08008bd4                SPI_I2S_SendData
 .text.SPI_I2S_ReceiveData
                0x08008bd8        0x6 lib/STM32F10x_StdPeriph_Driver/libstm32fw.a(stm32f10x_spi.o)
                0x08008bd8                SPI_I2S_ReceiveData
 .text.SPI_CalculateCRC
                0x08008bde       0x18 lib/STM32F10x_StdPeriph_Driver/libstm32fw.a(stm32f10x_spi.o)
                0x08008bde                SPI_CalculateCRC
 .text.SPI_I2S_GetFlagStatus
                0x08008bf6        0xc lib/STM32F10x_StdPeriph_Driver/libstm32fw.a(stm32f10x_spi.o)
                0x08008bf6                SPI_I2S_GetFlagStatus
 *fill*         0x08008c02        0x2 00
 .text.USART_DeInit
                0x08008c04       0x98 lib/STM32F10x_StdPeriph_Driver/libstm32fw.a(stm32f10x_usart.o)
                0x08008c04                USART_DeInit
 .text.USART_Init
                0x08008c9c       0x88 lib/STM32F10x_StdPeriph_Driver/libstm32fw.a(stm32f10x_usart.o)
                0x08008c9c                USART_Init
 .text.USART_Cmd
                0x08008d24       0x18 lib/STM32F10x_StdPeriph_Driver/libstm32fw.a(stm32f10x_usart.o)
                0x08008d24                USART_Cmd
 .text.USART_ITConfig
                0x08008d3c       0x34 lib/STM32F10x_StdPeriph_Driver/libstm32fw.a(stm32f10x_usart.o)
                0x08008d3c                USART_ITConfig
 .text.USART_DMACmd
                0x08008d70       0x12 lib/STM32F10x_StdPeriph_Driver/libstm32fw.a(stm32f10x_usart.o)
                0x08008d70                USART_DMACmd
 .text.USART_SendData
                0x08008d82        0x8 lib/STM32F10x_StdPeriph_Driver/libstm32fw.a(stm32f10x_usart.o)
                0x08008d82                USART_SendData
 .text.USART_ReceiveData
                0x08008d8a        0x8 lib/STM32F10x_StdPeriph_Driver/libstm32fw.a(stm32f10x_usart.o)
                0x08008d8a                USART_ReceiveData
 .text.USART_GetFlagStatus
                0x08008d92        0xc lib/STM32F10x_StdPeriph_Driver/libstm32fw.a(stm32f10x_usart.o)
                0x08008d92                USART_GetFlagStatus
 .text.USART_GetITStatus
                0x08008d9e       0x40 lib/STM32F10x_StdPeriph_Driver/libstm32fw.a(stm32f10x_usart.o)
                0x08008d9e                USART_GetITStatus
 .text.USART_ClearITPendingBit
                0x08008dde       0x10 lib/STM32F10x_StdPeriph_Driver/libstm32fw.a(stm32f10x_usart.o)
                0x08008dde                USART_ClearITPendingBit
 *fill*         0x08008dee        0x2 00
 .text.Standard_GetConfiguration
                0x08008df0       0x24 lib/STM32_USB-FS-Device_Driver/libstm32usb.a(usb_core.o)
                0x08008df0                Standard_GetConfiguration
 .text.Standard_GetInterface
                0x08008e14       0x24 lib/STM32_USB-FS-Device_Driver/libstm32usb.a(usb_core.o)
                0x08008e14                Standard_GetInterface
 .text.Standard_GetStatus
                0x08008e38       0x9c lib/STM32_USB-FS-Device_Driver/libstm32usb.a(usb_core.o)
                0x08008e38                Standard_GetStatus
 .text.DataStageIn
                0x08008ed4       0xa4 lib/STM32_USB-FS-Device_Driver/libstm32usb.a(usb_core.o)
 .text.Standard_SetConfiguration
                0x08008f78       0x38 lib/STM32_USB-FS-Device_Driver/libstm32usb.a(usb_core.o)
                0x08008f78                Standard_SetConfiguration
 .text.Standard_SetInterface
                0x08008fb0       0x48 lib/STM32_USB-FS-Device_Driver/libstm32usb.a(usb_core.o)
                0x08008fb0                Standard_SetInterface
 .text.Standard_ClearFeature
                0x08008ff8       0xdc lib/STM32_USB-FS-Device_Driver/libstm32usb.a(usb_core.o)
                0x08008ff8                Standard_ClearFeature
 .text.Standard_SetEndPointFeature
                0x080090d4       0x8c lib/STM32_USB-FS-Device_Driver/libstm32usb.a(usb_core.o)
                0x080090d4                Standard_SetEndPointFeature
 .text.Standard_SetDeviceFeature
                0x08009160       0x24 lib/STM32_USB-FS-Device_Driver/libstm32usb.a(usb_core.o)
                0x08009160                Standard_SetDeviceFeature
 .text.Standard_GetDescriptorData
                0x08009184       0x1c lib/STM32_USB-FS-Device_Driver/libstm32usb.a(usb_core.o)
                0x08009184                Standard_GetDescriptorData
 .text.Post0_Process
                0x080091a0       0x40 lib/STM32_USB-FS-Device_Driver/libstm32usb.a(usb_core.o)
                0x080091a0                Post0_Process
 .text.Out0_Process
                0x080091e0       0xd4 lib/STM32_USB-FS-Device_Driver/libstm32usb.a(usb_core.o)
                0x080091e0                Out0_Process
 .text.Setup0_Process
                0x080092b4      0x2f8 lib/STM32_USB-FS-Device_Driver/libstm32usb.a(usb_core.o)
                0x080092b4                Setup0_Process
 .text.SetDeviceAddress
                0x080095ac       0x40 lib/STM32_USB-FS-Device_Driver/libstm32usb.a(usb_core.o)
                0x080095ac                SetDeviceAddress
 .text.In0_Process
                0x080095ec       0x60 lib/STM32_USB-FS-Device_Driver/libstm32usb.a(usb_core.o)
                0x080095ec                In0_Process
 .text.NOP_Process
                0x0800964c        0x2 lib/STM32_USB-FS-Device_Driver/libstm32usb.a(usb_core.o)
                0x0800964c                NOP_Process
 *fill*         0x0800964e        0x2 00
 .text.USB_Init
                0x08009650       0x38 lib/STM32_USB-FS-Device_Driver/libstm32usb.a(usb_init.o)
                0x08009650                USB_Init
 .text.CTR_LP   0x08009688      0x190 lib/STM32_USB-FS-Device_Driver/libstm32usb.a(usb_int.o)
                0x08009688                CTR_LP
 .text.CTR_HP   0x08009818       0x74 lib/STM32_USB-FS-Device_Driver/libstm32usb.a(usb_int.o)
                0x08009818                CTR_HP
 .text.UserToPMABufferCopy
                0x0800988c       0x2e lib/STM32_USB-FS-Device_Driver/libstm32usb.a(usb_mem.o)
                0x0800988c                UserToPMABufferCopy
 .text.PMAToUserBufferCopy
                0x080098ba       0x24 lib/STM32_USB-FS-Device_Driver/libstm32usb.a(usb_mem.o)
                0x080098ba                PMAToUserBufferCopy
 *fill*         0x080098de        0x2 00
 .text.SetBTABLE
                0x080098e0       0x10 lib/STM32_USB-FS-Device_Driver/libstm32usb.a(usb_regs.o)
                0x080098e0                SetBTABLE
 .text.SetEPType
                0x080098f0       0x18 lib/STM32_USB-FS-Device_Driver/libstm32usb.a(usb_regs.o)
                0x080098f0                SetEPType
 .text.SetEPTxStatus
                0x08009908       0x3a lib/STM32_USB-FS-Device_Driver/libstm32usb.a(usb_regs.o)
                0x08009908                SetEPTxStatus
 .text.SetEPRxStatus
                0x08009942       0x3a lib/STM32_USB-FS-Device_Driver/libstm32usb.a(usb_regs.o)
                0x08009942                SetEPRxStatus
 .text.SetEPRxValid
                0x0800997c       0x22 lib/STM32_USB-FS-Device_Driver/libstm32usb.a(usb_regs.o)
                0x0800997c                SetEPRxValid
 .text.Clear_Status_Out
                0x0800999e       0x1e lib/STM32_USB-FS-Device_Driver/libstm32usb.a(usb_regs.o)
                0x0800999e                Clear_Status_Out
 .text.ClearDTOG_RX
                0x080099bc       0x24 lib/STM32_USB-FS-Device_Driver/libstm32usb.a(usb_regs.o)
                0x080099bc                ClearDTOG_RX
 .text.ClearDTOG_TX
                0x080099e0       0x24 lib/STM32_USB-FS-Device_Driver/libstm32usb.a(usb_regs.o)
                0x080099e0                ClearDTOG_TX
 .text.SetEPTxAddr
                0x08009a04       0x20 lib/STM32_USB-FS-Device_Driver/libstm32usb.a(usb_regs.o)
                0x08009a04                SetEPTxAddr
 .text.SetEPRxAddr
                0x08009a24       0x20 lib/STM32_USB-FS-Device_Driver/libstm32usb.a(usb_regs.o)
                0x08009a24                SetEPRxAddr
 .text.GetEPTxAddr
                0x08009a44       0x1c lib/STM32_USB-FS-Device_Driver/libstm32usb.a(usb_regs.o)
                0x08009a44                GetEPTxAddr
 .text.GetEPRxAddr
                0x08009a60       0x1c lib/STM32_USB-FS-Device_Driver/libstm32usb.a(usb_regs.o)
                0x08009a60                GetEPRxAddr
 .text.SetEPTxCount
                0x08009a7c       0x1c lib/STM32_USB-FS-Device_Driver/libstm32usb.a(usb_regs.o)
                0x08009a7c                SetEPTxCount
 .text.SetEPRxCount
                0x08009a98       0x3c lib/STM32_USB-FS-Device_Driver/libstm32usb.a(usb_regs.o)
                0x08009a98                SetEPRxCount
 .text.GetEPRxCount
                0x08009ad4       0x20 lib/STM32_USB-FS-Device_Driver/libstm32usb.a(usb_regs.o)
                0x08009ad4                GetEPRxCount
 .text.ByteSwap
                0x08009af4        0xa lib/STM32_USB-FS-Device_Driver/libstm32usb.a(usb_regs.o)
                0x08009af4                ByteSwap
 *fill*         0x08009afe        0x2 00
 .text.USB_SIL_Init
                0x08009b00       0x20 lib/STM32_USB-FS-Device_Driver/libstm32usb.a(usb_sil.o)
                0x08009b00                USB_SIL_Init
 .text.USB_SIL_Write
                0x08009b20       0x28 lib/STM32_USB-FS-Device_Driver/libstm32usb.a(usb_sil.o)
                0x08009b20                USB_SIL_Write
 .text.USB_SIL_Read
                0x08009b48       0x24 lib/STM32_USB-FS-Device_Driver/libstm32usb.a(usb_sil.o)
                0x08009b48                USB_SIL_Read
 .text.memset   0x08009b6c      0x12c /home/laurence/ARM-GCC/bin/../lib/gcc/arm-none-eabi/4.7.4/../../../../arm-none-eabi/lib/armv7-m/libc.a(lib_a-memset.o)
                0x08009b6c                memset
 .text._sbrk    0x08009c98       0x34 /home/laurence/ARM-GCC/bin/../lib/gcc/arm-none-eabi/4.7.4/../../../../arm-none-eabi/lib/armv7-m/libnosys.a(sbrk.o)
                0x08009c98                _sbrk
 *(.rodata)
 .rodata        0x08009ccc       0xf0 /tmp/ccgZiAvd.ltrans0.ltrans.o
                0x08009ccc                DaysInMonth.5524
 .rodata        0x08009dbc      0x18e /tmp/ccgZiAvd.ltrans1.ltrans.o
                0x08009dbc                Tbl.5103
                0x08009f3c                LfnOfs.5443
 .rodata        0x08009f4a       0x20 /tmp/ccgZiAvd.ltrans2.ltrans.o
 .rodata        0x08009f6a       0x74 /tmp/ccgZiAvd.ltrans3.ltrans.o
 .rodata        0x08009fde       0x24 /tmp/ccgZiAvd.ltrans4.ltrans.o
 .rodata        0x0800a002      0x3c0 /tmp/ccgZiAvd.ltrans5.ltrans.o
 *(.rodata*)
 .rodata.str1.1
                0x0800a3c2      0x42d /tmp/ccgZiAvd.ltrans0.ltrans.o
 .rodata.Silabs_Header
                0x0800a7ef        0x5 /tmp/ccgZiAvd.ltrans0.ltrans.o
 .rodata.str1.1
                0x0800a7f4       0x10 /tmp/ccgZiAvd.ltrans1.ltrans.o
                                 0x19 (size before relaxing)
 .rodata.str1.1
                0x0800a804        0x6 /tmp/ccgZiAvd.ltrans2.ltrans.o
 .rodata.MASS_DeviceDescriptor
                0x0800a80a       0x12 /tmp/ccgZiAvd.ltrans2.ltrans.o
 .rodata.L3GD20_setup
                0x0800a81c        0x6 /tmp/ccgZiAvd.ltrans7.ltrans.o
 *fill*         0x0800a822        0x2 00
 .rodata.str1.4
                0x0800a824        0x4 /home/laurence/ARM-GCC/bin/../lib/gcc/arm-none-eabi/4.7.4/../../../../arm-none-eabi/lib/armv7-m/libc.a(lib_a-impure.o)
 *(.glue_7)
 .glue_7        0x00000000        0x0 linker stubs
 *(.glue_7t)
 .glue_7t       0x00000000        0x0 linker stubs
 *(.init)
 .init          0x0800a828        0x4 /home/laurence/ARM-GCC/bin/../lib/gcc/arm-none-eabi/4.7.4/armv7-m/crti.o
                0x0800a828                _init
 .init          0x0800a82c        0x8 /home/laurence/ARM-GCC/bin/../lib/gcc/arm-none-eabi/4.7.4/armv7-m/crtn.o
 *(.fini)
 .fini          0x0800a834        0x4 /home/laurence/ARM-GCC/bin/../lib/gcc/arm-none-eabi/4.7.4/armv7-m/crti.o
                0x0800a834                _fini
 .fini          0x0800a838        0x8 /home/laurence/ARM-GCC/bin/../lib/gcc/arm-none-eabi/4.7.4/armv7-m/crtn.o
                0x0800a840                . = ALIGN (0x4)
                0x0800a840                _etext = .
                0x0800a840                _sidata = _etext

.vfp11_veneer   0x0800a840        0x0
 .vfp11_veneer  0x00000000        0x0 linker stubs

.v4_bx          0x0800a840        0x0
 .v4_bx         0x00000000        0x0 linker stubs

.iplt           0x0800a840        0x0
 .iplt          0x00000000        0x0 /home/laurence/ARM-GCC/bin/../lib/gcc/arm-none-eabi/4.7.4/armv7-m/crtbegin.o

.rel.dyn        0x0800a840        0x0
 .rel.iplt      0x00000000        0x0 /home/laurence/ARM-GCC/bin/../lib/gcc/arm-none-eabi/4.7.4/armv7-m/crtbegin.o

.flashpatch     0x00000000        0x0
                0x00000000                . = ALIGN (0x4)
 *(.flashpatch)
                0x00000000                . = ALIGN (0x4)

.endflash       0x00000000        0x0
                0x00000000                . = ALIGN (0x4)
 *(.endflash)
                0x00000000                . = ALIGN (0x4)
                0x00000000                _e_endflash = .

.data           0x20000000      0x9d4 load address 0x0800a840
                0x20000000                . = ALIGN (0x4)
                0x20000000                _sdata = .
                0x20000000                _data = .
 *(.data)
 .data          0x20000000        0x1 /tmp/ccgZiAvd.ltrans1.ltrans.o
                0x20000000                Stat.5718
 *fill*         0x20000001        0x3 00
 .data          0x20000004       0x18 /tmp/ccgZiAvd.ltrans2.ltrans.o
                0x20000017                Device_Table
 .data          0x2000001c       0x44 /tmp/ccgZiAvd.ltrans3.ltrans.o
                0x20000038                String_Descriptor
 .data          0x20000060       0x58 /tmp/ccgZiAvd.ltrans4.ltrans.o
                0x20000064                User_Standard_Requests
                0x20000088                Device_Property
 .data          0x200000b8       0x90 /tmp/ccgZiAvd.ltrans5.ltrans.o
                0x20000100                Scsi_Sense_Data
                0x2000012c                pEpInt_OUT
 .data          0x20000148       0x1c /tmp/ccgZiAvd.ltrans6.ltrans.o
                0x20000148                pEpInt_IN
 .data          0x20000164       0x20 /tmp/ccgZiAvd.ltrans7.ltrans.o
                0x20000164                I2C_jobs
 *(.data.*)
 .data.__malloc_av_
                0x20000184      0x408 /home/laurence/ARM-GCC/bin/../lib/gcc/arm-none-eabi/4.7.4/../../../../arm-none-eabi/lib/armv7-m/libc.a(lib_a-mallocr.o)
                0x20000184                __malloc_av_
 .data.__malloc_trim_threshold
                0x2000058c        0x4 /home/laurence/ARM-GCC/bin/../lib/gcc/arm-none-eabi/4.7.4/../../../../arm-none-eabi/lib/armv7-m/libc.a(lib_a-mallocr.o)
                0x2000058c                __malloc_trim_threshold
 .data.__malloc_sbrk_base
                0x20000590        0x4 /home/laurence/ARM-GCC/bin/../lib/gcc/arm-none-eabi/4.7.4/../../../../arm-none-eabi/lib/armv7-m/libc.a(lib_a-mallocr.o)
                0x20000590                __malloc_sbrk_base
 .data.ADCPrescTable
                0x20000594        0x4 lib/STM32F10x_StdPeriph_Driver/libstm32fw.a(stm32f10x_rcc.o)
 .data.APBAHBPrescTable
                0x20000598       0x10 lib/STM32F10x_StdPeriph_Driver/libstm32fw.a(stm32f10x_rcc.o)
 .data.impure_data
                0x200005a8      0x428 /home/laurence/ARM-GCC/bin/../lib/gcc/arm-none-eabi/4.7.4/../../../../arm-none-eabi/lib/armv7-m/libc.a(lib_a-impure.o)
 .data._impure_ptr
                0x200009d0        0x4 /home/laurence/ARM-GCC/bin/../lib/gcc/arm-none-eabi/4.7.4/../../../../arm-none-eabi/lib/armv7-m/libc.a(lib_a-impure.o)
                0x200009d0                _impure_ptr
 *(.RAMtext)
                0x200009d4                . = ALIGN (0x4)
                0x200009d4                _edata = .
                0x0800b214                _eidata = (_sidata + (_edata - _sdata))
                0x08020000                _lastdataromaddress = (ORIGIN (FLASH) + 0x20000)
                0x00000000                toobig = (_eidata > _lastdataromaddress)?!!!!!!!!! FLASH IS FULL !!!!!!!!!:0x0

.igot.plt       0x200009d4        0x0 load address 0x0800b214
 .igot.plt      0x00000000        0x0 /home/laurence/ARM-GCC/bin/../lib/gcc/arm-none-eabi/4.7.4/armv7-m/crtbegin.o

.bss            0x200009d8      0xcac load address 0x0800b218
                0x200009d8                . = ALIGN (0x4)
                0x200009d8                _sbss = .
                0x200009d8                _bss = .
 *(.bss)
 .bss           0x200009d8      0xa38 /tmp/ccgZiAvd.ltrans0.ltrans.o
                0x20000e00                bootsource
                0x20000e04                rputchar.5800
                0x20000e08                Data_Buffer
                0x20000e0c                Millis
                0x20000e10                Battery_Voltage
                0x20000e14                FatFs.5445
                0x2000104c                FATFS_info
                0x2000106c                FATFS_logfile
                0x20001290                print_string
                0x20001390                Jobs
                0x20001394                Completed_Jobs
                0x20001398                Gps_Buffer
                0x200013a4                Gps
                0x200013d8                Silabs_Rx_Buffer
                0x200013e4                CTS_Low.4222
                0x200013e8                Gyro_XY_Rate
                0x200013ec                Gyro_Z_Rate
                0x200013f0                Ind_Voltage
                0x200013f4                Auto_volt
                0x200013f8                Ignition_Selftest
                0x200013fa                AutoSequence
                0x200013fc                System_state_Global
                0x20001400                Aux_Voltage
                0x20001404                Gyro_Temperature
                0x20001408                Auto_spin
                0x2000140c                Shutdown_System
 .bss           0x20001410        0x1 /tmp/ccgZiAvd.ltrans1.ltrans.o
                0x20001410                CardType.5719
 *fill*         0x20001411        0x3 00
 .bss           0x20001414       0x90 /tmp/ccgZiAvd.ltrans2.ltrans.o
                0x200014a0                wIstr
 .bss           0x200014a4       0x2c /tmp/ccgZiAvd.ltrans3.ltrans.o
 .bss           0x200014d0       0x1c /tmp/ccgZiAvd.ltrans4.ltrans.o
 .bss           0x200014ec       0x98 /tmp/ccgZiAvd.ltrans5.ltrans.o
                0x200014ec                CBW
                0x2000150c                Bulk_Data_Buff
                0x2000154c                Data_Len
                0x2000154e                Bot_State
                0x20001550                CSW
                0x20001560                SCSI_LBA
                0x20001564                SCSI_BlkLen
                0x20001568                Mass_Block_Count
                0x20001570                Mass_Block_Size
 .bss           0x20001584        0x8 /tmp/ccgZiAvd.ltrans6.ltrans.o
                0x20001584                Timer1.5713
 .bss           0x2000158c       0x3c /tmp/ccgZiAvd.ltrans7.ltrans.o
                0x2000158d                L3GD20_Data_Buffer
                0x20001595                AFROESC_Data_Buffer
                0x200015a8                AFROESC_Throttle
                0x200015b7                Silabs_spi_state
                0x200015b8                Silabs_driver_state
                0x200015bc                Silabs_Tx_Buffer
 .bss           0x200015c8       0x18 /tmp/ccgZiAvd.ltrans8.ltrans.o
                0x200015cc                TransferState
                0x200015dc                Sd_Spi_Called_From_USB_MSC
 .bss           0x200015e0        0xc /tmp/ccgZiAvd.ltrans9.ltrans.o
                0x200015e0                Usart1_rx_buff
 *(.bss.*)
 .bss.file_opened
                0x200015ec        0x1 /tmp/ccgZiAvd.ltrans0.ltrans.o
 *fill*         0x200015ed        0x3 00
 .bss.bDeviceState
                0x200015f0        0x4 /tmp/ccgZiAvd.ltrans0.ltrans.o
                0x200015f0                bDeviceState
 .bss.Status    0x200015f4        0x4 /tmp/ccgZiAvd.ltrans0.ltrans.o
                0x200015f4                Status
 .bss.bIntPackSOF
                0x200015f8        0x1 /tmp/ccgZiAvd.ltrans2.ltrans.o
 *fill*         0x200015f9        0x3 00
 .bss.Max_Lun   0x200015fc        0x4 /tmp/ccgZiAvd.ltrans5.ltrans.o
                0x200015fc                Max_Lun
 .bss.Page00_Inquiry_Data
                0x20001600        0x5 /tmp/ccgZiAvd.ltrans5.ltrans.o
 *fill*         0x20001605        0x3 00
 .bss.__malloc_max_total_mem
                0x20001608        0x4 /home/laurence/ARM-GCC/bin/../lib/gcc/arm-none-eabi/4.7.4/../../../../arm-none-eabi/lib/armv7-m/libc.a(lib_a-mallocr.o)
                0x20001608                __malloc_max_total_mem
 .bss.__malloc_max_sbrked_mem
                0x2000160c        0x4 /home/laurence/ARM-GCC/bin/../lib/gcc/arm-none-eabi/4.7.4/../../../../arm-none-eabi/lib/armv7-m/libc.a(lib_a-mallocr.o)
                0x2000160c                __malloc_max_sbrked_mem
 .bss.__malloc_top_pad
                0x20001610        0x4 /home/laurence/ARM-GCC/bin/../lib/gcc/arm-none-eabi/4.7.4/../../../../arm-none-eabi/lib/armv7-m/libc.a(lib_a-mallocr.o)
                0x20001610                __malloc_top_pad
 .bss.__malloc_current_mallinfo
                0x20001614       0x28 /home/laurence/ARM-GCC/bin/../lib/gcc/arm-none-eabi/4.7.4/../../../../arm-none-eabi/lib/armv7-m/libc.a(lib_a-mallocr.o)
                0x20001614                __malloc_current_mallinfo
 .bss.Data_Mul_MaxPacketSize
                0x2000163c        0x1 lib/STM32_USB-FS-Device_Driver/libstm32usb.a(usb_core.o)
                0x2000163c                Data_Mul_MaxPacketSize
 *fill*         0x2000163d        0x3 00
 .bss.heap_end.4231
                0x20001640        0x4 /home/laurence/ARM-GCC/bin/../lib/gcc/arm-none-eabi/4.7.4/../../../../arm-none-eabi/lib/armv7-m/libnosys.a(sbrk.o)
 *(COMMON)
 COMMON         0x20001644        0x4 /home/laurence/ARM-GCC/bin/../lib/gcc/arm-none-eabi/4.7.4/../../../../arm-none-eabi/lib/armv7-m/libc.a(lib_a-reent.o)
                0x20001644                errno
 COMMON         0x20001648        0x2 lib/STM32_USB-FS-Device_Driver/libstm32usb.a(usb_core.o)
                0x20001648                StatusInfo
 *fill*         0x2000164a        0x2 00
 COMMON         0x2000164c       0x32 lib/STM32_USB-FS-Device_Driver/libstm32usb.a(usb_init.o)
                0x2000164c                SaveState
                0x20001650                pProperty
                0x20001654                EPindex
                0x20001658                Device_Info
                0x20001674                pUser_Standard_Requests
                0x20001678                pInformation
                0x2000167c                wInterrupt_Mask
 COMMON         0x2000167e        0x4 lib/STM32_USB-FS-Device_Driver/libstm32usb.a(usb_int.o)
                0x2000167e                SaveRState
                0x20001680                SaveTState
                0x20001684                . = ALIGN (0x4)
 *fill*         0x20001682        0x2 00
                0x20001684                _ebss = .
                0x20001684                PROVIDE (end, _ebss)
                0x20001684                PROVIDE (_end, _ebss)

._usrstack      0x20001684     0x2000 load address 0x0800bec4
                0x20001684                . = ALIGN (0x4)
                0x20001684                _susrstack = .
                0x20003684                . = (. + _Minimum_Stack_Size)
 *fill*         0x20001684     0x2000 00
                0x20003684                . = ALIGN (0x4)
                0x20003684                _eusrstack = .
                0x20005000                _lastramaddress = (ORIGIN (RAM) + 0x5000)
                0x00000000                toobig = (_eusrstack > _lastramaddress)?!!!!!!!!! RAM IS FULL !!!!!!!!!:0x0

.b1text
 *(.b1text)
 *(.b1rodata)
 *(.b1rodata*)

.eb0text
 *(.eb0text)
 *(.eb0rodata)
 *(.eb0rodata*)

.eb1text
 *(.eb1text)
 *(.eb1rodata)
 *(.eb1rodata*)

.eb2text
 *(.eb2text)
 *(.eb2rodata)
 *(.eb2rodata*)

.eb3text
 *(.eb3text)
 *(.eb3rodata)
 *(.eb3rodata*)
                0x20003684                __exidx_start = .
                0x20003684                __exidx_end = .

/DISCARD/
 libc.a(*)
 libm.a(*)
 libgcc.a(*)

.stab
 *(.stab)

.stabstr
 *(.stabstr)

.stab.excl
 *(.stab.excl)

.stab.exclstr
 *(.stab.exclstr)

.stab.index
 *(.stab.index)

.stab.indexstr
 *(.stab.indexstr)

.comment        0x00000000       0x70
 *(.comment)
 .comment       0x00000000       0x71 /tmp/ccgZiAvd.ltrans0.ltrans.o
 .comment       0x00000000       0x71 /tmp/ccgZiAvd.ltrans1.ltrans.o
 .comment       0x00000000       0x71 /tmp/ccgZiAvd.ltrans2.ltrans.o
 .comment       0x00000000       0x71 /tmp/ccgZiAvd.ltrans3.ltrans.o
 .comment       0x00000000       0x71 /tmp/ccgZiAvd.ltrans4.ltrans.o
 .comment       0x00000000       0x71 /tmp/ccgZiAvd.ltrans5.ltrans.o
 .comment       0x00000000       0x71 /tmp/ccgZiAvd.ltrans6.ltrans.o
 .comment       0x00000000       0x71 /tmp/ccgZiAvd.ltrans7.ltrans.o
 .comment       0x00000000       0x71 /tmp/ccgZiAvd.ltrans8.ltrans.o
 .comment       0x00000000       0x71 /tmp/ccgZiAvd.ltrans9.ltrans.o
 .comment       0x00000000       0x70 lib/STM32F10x_StdPeriph_Driver/libstm32fw.a(misc.o)
                                 0x71 (size before relaxing)
 .comment       0x00000000       0x71 lib/STM32F10x_StdPeriph_Driver/libstm32fw.a(stm32f10x_adc.o)
 .comment       0x00000000       0x71 lib/STM32F10x_StdPeriph_Driver/libstm32fw.a(stm32f10x_bkp.o)
 .comment       0x00000000       0x71 lib/STM32F10x_StdPeriph_Driver/libstm32fw.a(stm32f10x_dbgmcu.o)
 .comment       0x00000000       0x71 lib/STM32F10x_StdPeriph_Driver/libstm32fw.a(stm32f10x_dma.o)
 .comment       0x00000000       0x71 lib/STM32F10x_StdPeriph_Driver/libstm32fw.a(stm32f10x_exti.o)
 .comment       0x00000000       0x71 lib/STM32F10x_StdPeriph_Driver/libstm32fw.a(stm32f10x_gpio.o)
 .comment       0x00000000       0x71 lib/STM32F10x_StdPeriph_Driver/libstm32fw.a(stm32f10x_i2c.o)
 .comment       0x00000000       0x71 lib/STM32F10x_StdPeriph_Driver/libstm32fw.a(stm32f10x_iwdg.o)
 .comment       0x00000000       0x71 lib/STM32F10x_StdPeriph_Driver/libstm32fw.a(stm32f10x_pwr.o)
 .comment       0x00000000       0x71 lib/STM32F10x_StdPeriph_Driver/libstm32fw.a(stm32f10x_rcc.o)
 .comment       0x00000000       0x71 lib/STM32F10x_StdPeriph_Driver/libstm32fw.a(stm32f10x_rtc.o)
 .comment       0x00000000       0x71 lib/STM32F10x_StdPeriph_Driver/libstm32fw.a(stm32f10x_spi.o)
 .comment       0x00000000       0x71 lib/STM32F10x_StdPeriph_Driver/libstm32fw.a(stm32f10x_usart.o)
 .comment       0x00000000       0x71 lib/STM32_USB-FS-Device_Driver/libstm32usb.a(usb_core.o)
 .comment       0x00000000       0x71 lib/STM32_USB-FS-Device_Driver/libstm32usb.a(usb_init.o)
 .comment       0x00000000       0x71 lib/STM32_USB-FS-Device_Driver/libstm32usb.a(usb_int.o)
 .comment       0x00000000       0x71 lib/STM32_USB-FS-Device_Driver/libstm32usb.a(usb_mem.o)
 .comment       0x00000000       0x71 lib/STM32_USB-FS-Device_Driver/libstm32usb.a(usb_regs.o)
 .comment       0x00000000       0x71 lib/STM32_USB-FS-Device_Driver/libstm32usb.a(usb_sil.o)

.ARM.attributes
                0x00000000       0x29
 .ARM.attributes
                0x00000000       0x1d /home/laurence/ARM-GCC/bin/../lib/gcc/arm-none-eabi/4.7.4/armv7-m/crti.o
 .ARM.attributes
                0x0000001d       0x31 /tmp/ccgZiAvd.ltrans0.ltrans.o
 .ARM.attributes
                0x0000004e       0x31 /tmp/ccgZiAvd.ltrans1.ltrans.o
 .ARM.attributes
                0x0000007f       0x31 /tmp/ccgZiAvd.ltrans2.ltrans.o
 .ARM.attributes
                0x000000b0       0x31 /tmp/ccgZiAvd.ltrans3.ltrans.o
 .ARM.attributes
                0x000000e1       0x31 /tmp/ccgZiAvd.ltrans4.ltrans.o
 .ARM.attributes
                0x00000112       0x31 /tmp/ccgZiAvd.ltrans5.ltrans.o
 .ARM.attributes
                0x00000143       0x31 /tmp/ccgZiAvd.ltrans6.ltrans.o
 .ARM.attributes
                0x00000174       0x31 /tmp/ccgZiAvd.ltrans7.ltrans.o
 .ARM.attributes
                0x000001a5       0x31 /tmp/ccgZiAvd.ltrans8.ltrans.o
 .ARM.attributes
                0x000001d6       0x31 /tmp/ccgZiAvd.ltrans9.ltrans.o
 .ARM.attributes
                0x00000207       0x1d /home/laurence/ARM-GCC/bin/../lib/gcc/arm-none-eabi/4.7.4/armv7-m/libgcc.a(_arm_addsubdf3.o)
 .ARM.attributes
                0x00000224       0x1d /home/laurence/ARM-GCC/bin/../lib/gcc/arm-none-eabi/4.7.4/armv7-m/libgcc.a(_arm_muldivdf3.o)
 .ARM.attributes
                0x00000241       0x1d /home/laurence/ARM-GCC/bin/../lib/gcc/arm-none-eabi/4.7.4/armv7-m/libgcc.a(_arm_cmpdf2.o)
 .ARM.attributes
                0x0000025e       0x1d /home/laurence/ARM-GCC/bin/../lib/gcc/arm-none-eabi/4.7.4/armv7-m/libgcc.a(_arm_fixunsdfsi.o)
 .ARM.attributes
                0x0000027b       0x1d /home/laurence/ARM-GCC/bin/../lib/gcc/arm-none-eabi/4.7.4/armv7-m/libgcc.a(_arm_truncdfsf2.o)
 .ARM.attributes
                0x00000298       0x1d /home/laurence/ARM-GCC/bin/../lib/gcc/arm-none-eabi/4.7.4/armv7-m/libgcc.a(_arm_addsubsf3.o)
 .ARM.attributes
                0x000002b5       0x1d /home/laurence/ARM-GCC/bin/../lib/gcc/arm-none-eabi/4.7.4/armv7-m/libgcc.a(_arm_muldivsf3.o)
 .ARM.attributes
                0x000002d2       0x1d /home/laurence/ARM-GCC/bin/../lib/gcc/arm-none-eabi/4.7.4/armv7-m/libgcc.a(_arm_cmpsf2.o)
 .ARM.attributes
                0x000002ef       0x1d /home/laurence/ARM-GCC/bin/../lib/gcc/arm-none-eabi/4.7.4/armv7-m/libgcc.a(_arm_fixunssfsi.o)
 .ARM.attributes
                0x0000030c       0x2d /home/laurence/ARM-GCC/bin/../lib/gcc/arm-none-eabi/4.7.4/../../../../arm-none-eabi/lib/armv7-m/libc.a(lib_a-malloc.o)
 .ARM.attributes
                0x00000339       0x2d /home/laurence/ARM-GCC/bin/../lib/gcc/arm-none-eabi/4.7.4/../../../../arm-none-eabi/lib/armv7-m/libc.a(lib_a-mallocr.o)
 .ARM.attributes
                0x00000366       0x2d /home/laurence/ARM-GCC/bin/../lib/gcc/arm-none-eabi/4.7.4/../../../../arm-none-eabi/lib/armv7-m/libc.a(lib_a-memcpy.o)
 .ARM.attributes
                0x00000393       0x2d /home/laurence/ARM-GCC/bin/../lib/gcc/arm-none-eabi/4.7.4/../../../../arm-none-eabi/lib/armv7-m/libc.a(lib_a-mlock.o)
 .ARM.attributes
                0x000003c0       0x2d /home/laurence/ARM-GCC/bin/../lib/gcc/arm-none-eabi/4.7.4/../../../../arm-none-eabi/lib/armv7-m/libc.a(lib_a-sbrkr.o)
 .ARM.attributes
                0x000003ed       0x2d /home/laurence/ARM-GCC/bin/../lib/gcc/arm-none-eabi/4.7.4/../../../../arm-none-eabi/lib/armv7-m/libc.a(lib_a-strchr.o)
 .ARM.attributes
                0x0000041a       0x2d /home/laurence/ARM-GCC/bin/../lib/gcc/arm-none-eabi/4.7.4/../../../../arm-none-eabi/lib/armv7-m/libc.a(lib_a-strlen.o)
 .ARM.attributes
                0x00000447       0x2d /home/laurence/ARM-GCC/bin/../lib/gcc/arm-none-eabi/4.7.4/../../../../arm-none-eabi/lib/armv7-m/libc.a(lib_a-strncmp.o)
 .ARM.attributes
                0x00000474       0x2d /home/laurence/ARM-GCC/bin/../lib/gcc/arm-none-eabi/4.7.4/../../../../arm-none-eabi/lib/armv7-m/libc.a(lib_a-strncpy.o)
 .ARM.attributes
                0x000004a1       0x2d /home/laurence/ARM-GCC/bin/../lib/gcc/arm-none-eabi/4.7.4/../../../../arm-none-eabi/lib/armv7-m/libc.a(lib_a-freer.o)
 .ARM.attributes
                0x000004ce       0x2d /home/laurence/ARM-GCC/bin/../lib/gcc/arm-none-eabi/4.7.4/../../../../arm-none-eabi/lib/armv7-m/libc.a(lib_a-reent.o)
 .ARM.attributes
                0x000004fb       0x21 lib/CMSIS_CM3/startup/gcc/startup_stm32f10x_md.o
 .ARM.attributes
                0x0000051c       0x33 lib/STM32F10x_StdPeriph_Driver/libstm32fw.a(misc.o)
 .ARM.attributes
                0x0000054f       0x33 lib/STM32F10x_StdPeriph_Driver/libstm32fw.a(stm32f10x_adc.o)
 .ARM.attributes
                0x00000582       0x33 lib/STM32F10x_StdPeriph_Driver/libstm32fw.a(stm32f10x_bkp.o)
 .ARM.attributes
                0x000005b5       0x33 lib/STM32F10x_StdPeriph_Driver/libstm32fw.a(stm32f10x_dbgmcu.o)
 .ARM.attributes
                0x000005e8       0x33 lib/STM32F10x_StdPeriph_Driver/libstm32fw.a(stm32f10x_dma.o)
 .ARM.attributes
                0x0000061b       0x33 lib/STM32F10x_StdPeriph_Driver/libstm32fw.a(stm32f10x_exti.o)
 .ARM.attributes
                0x0000064e       0x33 lib/STM32F10x_StdPeriph_Driver/libstm32fw.a(stm32f10x_gpio.o)
 .ARM.attributes
                0x00000681       0x33 lib/STM32F10x_StdPeriph_Driver/libstm32fw.a(stm32f10x_i2c.o)
 .ARM.attributes
                0x000006b4       0x33 lib/STM32F10x_StdPeriph_Driver/libstm32fw.a(stm32f10x_iwdg.o)
 .ARM.attributes
                0x000006e7       0x33 lib/STM32F10x_StdPeriph_Driver/libstm32fw.a(stm32f10x_pwr.o)
 .ARM.attributes
                0x0000071a       0x33 lib/STM32F10x_StdPeriph_Driver/libstm32fw.a(stm32f10x_rcc.o)
 .ARM.attributes
                0x0000074d       0x33 lib/STM32F10x_StdPeriph_Driver/libstm32fw.a(stm32f10x_rtc.o)
 .ARM.attributes
                0x00000780       0x33 lib/STM32F10x_StdPeriph_Driver/libstm32fw.a(stm32f10x_spi.o)
 .ARM.attributes
                0x000007b3       0x33 lib/STM32F10x_StdPeriph_Driver/libstm32fw.a(stm32f10x_usart.o)
 .ARM.attributes
                0x000007e6       0x33 lib/STM32_USB-FS-Device_Driver/libstm32usb.a(usb_core.o)
 .ARM.attributes
                0x00000819       0x33 lib/STM32_USB-FS-Device_Driver/libstm32usb.a(usb_init.o)
 .ARM.attributes
                0x0000084c       0x33 lib/STM32_USB-FS-Device_Driver/libstm32usb.a(usb_int.o)
 .ARM.attributes
                0x0000087f       0x33 lib/STM32_USB-FS-Device_Driver/libstm32usb.a(usb_mem.o)
 .ARM.attributes
                0x000008b2       0x33 lib/STM32_USB-FS-Device_Driver/libstm32usb.a(usb_regs.o)
 .ARM.attributes
                0x000008e5       0x33 lib/STM32_USB-FS-Device_Driver/libstm32usb.a(usb_sil.o)
 .ARM.attributes
                0x00000918       0x2d /home/laurence/ARM-GCC/bin/../lib/gcc/arm-none-eabi/4.7.4/../../../../arm-none-eabi/lib/armv7-m/libc.a(lib_a-impure.o)
 .ARM.attributes
                0x00000945       0x2d /home/laurence/ARM-GCC/bin/../lib/gcc/arm-none-eabi/4.7.4/../../../../arm-none-eabi/lib/armv7-m/libc.a(lib_a-memset.o)
 .ARM.attributes
                0x00000972       0x1d /home/laurence/ARM-GCC/bin/../lib/gcc/arm-none-eabi/4.7.4/armv7-m/crtn.o
 .ARM.attributes
                0x0000098f       0x2d /home/laurence/ARM-GCC/bin/../lib/gcc/arm-none-eabi/4.7.4/../../../../arm-none-eabi/lib/armv7-m/libnosys.a(sbrk.o)

.debug
 *(.debug)

.line
 *(.line)

.debug_srcinfo
 *(.debug_srcinfo)

.debug_sfnames
 *(.debug_sfnames)

.debug_aranges
 *(.debug_aranges)

.debug_pubnames
 *(.debug_pubnames)

.debug_info
 *(.debug_info .gnu.linkonce.wi.*)

.debug_abbrev
 *(.debug_abbrev)

.debug_line
 *(.debug_line)

.debug_frame    0x00000000      0x2a0
 *(.debug_frame)
 .debug_frame   0x00000000       0x30 /home/laurence/ARM-GCC/bin/../lib/gcc/arm-none-eabi/4.7.4/../../../../arm-none-eabi/lib/armv7-m/libc.a(lib_a-malloc.o)
 .debug_frame   0x00000030       0x38 /home/laurence/ARM-GCC/bin/../lib/gcc/arm-none-eabi/4.7.4/../../../../arm-none-eabi/lib/armv7-m/libc.a(lib_a-mallocr.o)
 .debug_frame   0x00000068       0x30 /home/laurence/ARM-GCC/bin/../lib/gcc/arm-none-eabi/4.7.4/../../../../arm-none-eabi/lib/armv7-m/libc.a(lib_a-memcpy.o)