Archive member included because of file (symbol)

lib/STM32F10x_StdPeriph_Driver/libstm32fw.a(misc.o)
                              interrupts.o (symbol from plugin) (NVIC_PriorityGroupConfig)
lib/STM32F10x_StdPeriph_Driver/libstm32fw.a(stm32f10x_adc.o)
                              adc.o (symbol from plugin) (ADC_DeInit)
lib/STM32F10x_StdPeriph_Driver/libstm32fw.a(stm32f10x_bkp.o)
                              Util/fat_fs/src/rtc.o (symbol from plugin) (BKP_DeInit)
lib/STM32F10x_StdPeriph_Driver/libstm32fw.a(stm32f10x_dbgmcu.o)
                              main.o (symbol from plugin) (DBGMCU_Config)
lib/STM32F10x_StdPeriph_Driver/libstm32fw.a(stm32f10x_dma.o)
                              Silabs/si446x.o (symbol from plugin) (DMA_DeInit)
lib/STM32F10x_StdPeriph_Driver/libstm32fw.a(stm32f10x_exti.o)
                              Silabs/si446x.o (symbol from plugin) (EXTI_DeInit)
lib/STM32F10x_StdPeriph_Driver/libstm32fw.a(stm32f10x_gpio.o)
                              Silabs/si446x.o (symbol from plugin) (GPIO_Init)
lib/STM32F10x_StdPeriph_Driver/libstm32fw.a(stm32f10x_i2c.o)
                              i2c_int.o (symbol from plugin) (I2C_DeInit)
lib/STM32F10x_StdPeriph_Driver/libstm32fw.a(stm32f10x_iwdg.o)
                              watchdog.o (symbol from plugin) (IWDG_WriteAccessCmd)
lib/STM32F10x_StdPeriph_Driver/libstm32fw.a(stm32f10x_pwr.o)
                              pwr.o (symbol from plugin) (PWR_DeInit)
lib/STM32F10x_StdPeriph_Driver/libstm32fw.a(stm32f10x_rcc.o)
                              interrupts.o (symbol from plugin) (RCC_HCLKConfig)
lib/STM32F10x_StdPeriph_Driver/libstm32fw.a(stm32f10x_rtc.o)
                              Util/fat_fs/src/rtc.o (symbol from plugin) (RTC_GetCounter)
lib/STM32F10x_StdPeriph_Driver/libstm32fw.a(stm32f10x_spi.o)
                              Util/fat_fs/src/sd_spi_stm32.o (symbol from plugin) (SPI_I2S_DeInit)
lib/STM32F10x_StdPeriph_Driver/libstm32fw.a(stm32f10x_tim.o)
                              pwm.o (symbol from plugin) (TIM_TimeBaseInit)
lib/STM32F10x_StdPeriph_Driver/libstm32fw.a(stm32f10x_usart.o)
                              usart.o (symbol from plugin) (USART_DeInit)
lib/STM32_USB-FS-Device_Driver/libstm32usb.a(usb_core.o)
                              Util/USB/usb_prop.o (symbol from plugin) (Standard_GetDescriptorData)
lib/STM32_USB-FS-Device_Driver/libstm32usb.a(usb_init.o)
                              main.o (symbol from plugin) (USB_Init)
lib/STM32_USB-FS-Device_Driver/libstm32usb.a(usb_int.o)
                              Util/USB/usb_istr.o (symbol from plugin) (CTR_LP)
lib/STM32_USB-FS-Device_Driver/libstm32usb.a(usb_mem.o)
                              lib/STM32_USB-FS-Device_Driver/libstm32usb.a(usb_core.o) (UserToPMABufferCopy)
lib/STM32_USB-FS-Device_Driver/libstm32usb.a(usb_regs.o)
                              Util/USB/usb_prop.o (symbol from plugin) (SetBTABLE)
lib/STM32_USB-FS-Device_Driver/libstm32usb.a(usb_sil.o)
                              Util/USB/usb_prop.o (symbol from plugin) (USB_SIL_Init)
/home/laurence/ARM-GCC/bin/../lib/gcc/arm-none-eabi/4.7.4/../../../../arm-none-eabi/lib/armv7-m/libc.a(lib_a-__atexit.o)
                              /home/laurence/ARM-GCC/bin/../lib/gcc/arm-none-eabi/4.7.4/../../../../arm-none-eabi/lib/armv7-m/crt0.o (__register_exitproc)
/home/laurence/ARM-GCC/bin/../lib/gcc/arm-none-eabi/4.7.4/../../../../arm-none-eabi/lib/armv7-m/libc.a(lib_a-exit.o)
                              /home/laurence/ARM-GCC/bin/../lib/gcc/arm-none-eabi/4.7.4/../../../../arm-none-eabi/lib/armv7-m/crt0.o (exit)
/home/laurence/ARM-GCC/bin/../lib/gcc/arm-none-eabi/4.7.4/../../../../arm-none-eabi/lib/armv7-m/libc.a(lib_a-fini.o)
                              /home/laurence/ARM-GCC/bin/../lib/gcc/arm-none-eabi/4.7.4/../../../../arm-none-eabi/lib/armv7-m/crt0.o (__libc_fini_array)
/home/laurence/ARM-GCC/bin/../lib/gcc/arm-none-eabi/4.7.4/../../../../arm-none-eabi/lib/armv7-m/libc.a(lib_a-impure.o)
                              /home/laurence/ARM-GCC/bin/../lib/gcc/arm-none-eabi/4.7.4/../../../../arm-none-eabi/lib/armv7-m/libc.a(lib_a-__atexit.o) (_global_impure_ptr)
/home/laurence/ARM-GCC/bin/../lib/gcc/arm-none-eabi/4.7.4/../../../../arm-none-eabi/lib/armv7-m/libc.a(lib_a-init.o)
                              /home/laurence/ARM-GCC/bin/../lib/gcc/arm-none-eabi/4.7.4/../../../../arm-none-eabi/lib/armv7-m/crt0.o (__libc_init_array)
/home/laurence/ARM-GCC/bin/../lib/gcc/arm-none-eabi/4.7.4/../../../../arm-none-eabi/lib/armv7-m/libc.a(lib_a-memset.o)
                              /home/laurence/ARM-GCC/bin/../lib/gcc/arm-none-eabi/4.7.4/../../../../arm-none-eabi/lib/armv7-m/crt0.o (memset)
/home/laurence/ARM-GCC/bin/../lib/gcc/arm-none-eabi/4.7.4/../../../../arm-none-eabi/lib/armv7-m/libc.a(lib_a-__call_atexit.o)
                              /home/laurence/ARM-GCC/bin/../lib/gcc/arm-none-eabi/4.7.4/../../../../arm-none-eabi/lib/armv7-m/libc.a(lib_a-exit.o) (__call_exitprocs)
[...]
Memory Configuration

Name             Origin             Length             Attributes
RAM              0x20000000         0x00005000         xrw
FLASH            0x08000000         0x00020000         xr
FLASHB1          0x00000000         0x00000000         xr
EXTMEMB0         0x00000000         0x00000000         xr
EXTMEMB1         0x00000000         0x00000000         xr
EXTMEMB2         0x00000000         0x00000000         xr
EXTMEMB3         0x00000000         0x00000000         xr
STARTFLASH       0x00000000         0xffffffff
CRPPATCH         0x00000000         0xffffffff
FLASHPATCH       0x00000000         0xffffffff
ENDFLASH         0x00000000         0xffffffff
*default*        0x00000000         0xffffffff

Linker script and memory map

LOAD /home/laurence/ARM-GCC/bin/../lib/gcc/arm-none-eabi/4.7.4/armv7-m/crti.o
LOAD /home/laurence/ARM-GCC/bin/../lib/gcc/arm-none-eabi/4.7.4/armv7-m/crtbegin.o
LOAD /home/laurence/ARM-GCC/bin/../lib/gcc/arm-none-eabi/4.7.4/../../../../arm-none-eabi/lib/armv7-m/crt0.o
LOAD Silabs/si446x.o
LOAD /tmp/cc0bhVkl.ltrans0.ltrans.o
LOAD /tmp/cc0bhVkl.ltrans1.ltrans.o
LOAD /tmp/cc0bhVkl.ltrans2.ltrans.o
LOAD /tmp/cc0bhVkl.ltrans3.ltrans.o
LOAD /tmp/cc0bhVkl.ltrans4.ltrans.o
LOAD /tmp/cc0bhVkl.ltrans5.ltrans.o
LOAD /tmp/cc0bhVkl.ltrans6.ltrans.o
LOAD /tmp/cc0bhVkl.ltrans7.ltrans.o
LOAD /tmp/cc0bhVkl.ltrans8.ltrans.o
LOAD /home/laurence/ARM-GCC/bin/../lib/gcc/arm-none-eabi/4.7.4/armv7-m/libgcc.a
LOAD /home/laurence/ARM-GCC/bin/../lib/gcc/arm-none-eabi/4.7.4/../../../../arm-none-eabi/lib/armv7-m/libc.a
LOAD Ublox/ubx.o
LOAD Util/USB/hw_config.o
LOAD Util/USB/mass_mal.o
LOAD Util/USB/memory.o
LOAD Util/USB/scsi_data.o
LOAD Util/USB/usb_bot.o
LOAD Util/USB/usb_desc.o
LOAD Util/USB/usb_endp.o
LOAD Util/USB/usb_istr.o
LOAD Util/USB/usb_prop.o
LOAD Util/USB/usb_pwr.o
LOAD Util/USB/usb_scsi.o
LOAD Util/buffer.o
LOAD Util/crc.o
LOAD Util/delay.o
LOAD Util/fat_fs/option/ccsbcs.o
LOAD Util/fat_fs/src/fattime.o
LOAD Util/fat_fs/src/ff.o
LOAD Util/fat_fs/src/rtc.o
LOAD Util/fat_fs/src/sd_spi_stm32.o
LOAD Util/polygon.o
LOAD Util/rprintf.o
LOAD adc.o
LOAD dma.o
LOAD gpio.o
LOAD i2c_int.o
LOAD interrupts.o
LOAD lib/CMSIS_CM3/core_cm3.o
LOAD lib/CMSIS_CM3/startup/gcc/startup_stm32f10x_md.o
LOAD lib/CMSIS_CM3/system_stm32f10x.o
LOAD main.o
LOAD pwm.o
LOAD pwr.o
LOAD usart.o
LOAD watchdog.o
LOAD lib/STM32F10x_StdPeriph_Driver/libstm32fw.a
LOAD lib/STM32_USB-FS-Device_Driver/libstm32usb.a
LOAD /home/laurence/ARM-GCC/bin/../lib/gcc/arm-none-eabi/4.7.4/../../../../arm-none-eabi/lib/armv7-m/libm.a
LOAD /home/laurence/ARM-GCC/bin/../lib/gcc/arm-none-eabi/4.7.4/../../../../arm-none-eabi/lib/armv7-m/libnosys.a
START GROUP
LOAD /home/laurence/ARM-GCC/bin/../lib/gcc/arm-none-eabi/4.7.4/armv7-m/libgcc.a
LOAD /home/laurence/ARM-GCC/bin/../lib/gcc/arm-none-eabi/4.7.4/../../../../arm-none-eabi/lib/armv7-m/libc.a
END GROUP
LOAD /home/laurence/ARM-GCC/bin/../lib/gcc/arm-none-eabi/4.7.4/armv7-m/crtend.o
LOAD /home/laurence/ARM-GCC/bin/../lib/gcc/arm-none-eabi/4.7.4/armv7-m/crtn.o
                0x00002000                __Stack_Size = 0x2000
                0x00002000                PROVIDE (_Stack_Size, __Stack_Size)
                0x20003000                __Stack_Init = (_estack - __Stack_Size)
                0x20003000                PROVIDE (_Stack_Init, __Stack_Init)
                0x00002000                _Minimum_Stack_Size = 0x2000
                0x00000000                PROVIDE (Undefined_Handler, 0x0)
                0x00000000                PROVIDE (SWI_Handler, 0x0)
                0x00000000                PROVIDE (IRQ_Handler, 0x0)
                0x00000000                PROVIDE (Prefetch_Handler, 0x0)
                0x00000000                PROVIDE (Abort_Handler, 0x0)
                0x00000000                PROVIDE (FIQ_Handler, 0x0)
                0x00000000                PROVIDE (NMIException, 0x0)
                0x00000000                PROVIDE (NMI_Handler, 0x0)
                0x00000000                PROVIDE (HardFaultException, 0x0)
                0x00000000                PROVIDE (HardFault_Handler, 0x0)
                0x00000000                PROVIDE (MemManageException, 0x0)
                0x00000000                PROVIDE (MemManage_Handler, 0x0)
                0x00000000                PROVIDE (BusFaultException, 0x0)
                0x00000000                PROVIDE (BusFault_Handler, 0x0)
                0x00000000                PROVIDE (UsageFaultException, 0x0)
                0x00000000                PROVIDE (UsageFault_Handler, 0x0)
                0x00000000                PROVIDE (SVCHandler, 0x0)
                0x00000000                PROVIDE (SVC_Handler, 0x0)
                0x00000000                PROVIDE (DebugMonitor, 0x0)
                0x00000000                PROVIDE (DebugMon_Handler, 0x0)
                0x00000000                PROVIDE (PendSVC, 0x0)
                0x00000000                PROVIDE (PendSV_Handler, 0x0)
                0x00000000                PROVIDE (SysTickHandler, 0x0)
                0x00000000                PROVIDE (SysTick_Handler, 0x0)
                0x00000000                PROVIDE (WWDG_IRQHandler, 0x0)
                0x00000000                PROVIDE (PVD_IRQHandler, 0x0)
                0x00000000                PROVIDE (TAMPER_IRQHandler, 0x0)
                0x00000000                PROVIDE (RTC_IRQHandler, 0x0)
                0x00000000                PROVIDE (FLASH_IRQHandler, 0x0)
                0x00000000                PROVIDE (RCC_IRQHandler, 0x0)
                0x00000000                PROVIDE (EXTI0_IRQHandler, 0x0)
                0x00000000                PROVIDE (EXTI1_IRQHandler, 0x0)
                0x00000000                PROVIDE (EXTI2_IRQHandler, 0x0)
                0x00000000                PROVIDE (EXTI3_IRQHandler, 0x0)
                0x00000000                PROVIDE (EXTI4_IRQHandler, 0x0)
                0x00000000                PROVIDE (DMAChannel1_IRQHandler, 0x0)
                0x00000000                PROVIDE (DMAChannel2_IRQHandler, 0x0)
                0x00000000                PROVIDE (DMAChannel3_IRQHandler, 0x0)
                0x00000000                PROVIDE (DMAChannel4_IRQHandler, 0x0)
                0x00000000                PROVIDE (DMAChannel5_IRQHandler, 0x0)
                0x00000000                PROVIDE (DMAChannel6_IRQHandler, 0x0)
                0x00000000                PROVIDE (DMAChannel7_IRQHandler, 0x0)
                0x00000000                PROVIDE (DMA1_Channel1_IRQHandler, 0x0)
                0x00000000                PROVIDE (DMA1_Channel2_IRQHandler, 0x0)
                0x00000000                PROVIDE (DMA1_Channel3_IRQHandler, 0x0)
                0x00000000                PROVIDE (DMA1_Channel4_IRQHandler, 0x0)
                0x00000000                PROVIDE (DMA1_Channel5_IRQHandler, 0x0)
                0x00000000                PROVIDE (DMA1_Channel6_IRQHandler, 0x0)
                0x00000000                PROVIDE (DMA1_Channel7_IRQHandler, 0x0)
                0x00000000                PROVIDE (ADC_IRQHandler, 0x0)
                0x00000000                PROVIDE (ADC1_2_IRQHandler, 0x0)
                0x00000000                PROVIDE (USB_HP_CAN_TX_IRQHandler, 0x0)
                0x00000000                PROVIDE (USB_HP_CAN1_TX_IRQHandler, 0x0)
                0x00000000                PROVIDE (USB_LP_CAN_RX0_IRQHandler, 0x0)
                0x00000000                PROVIDE (USB_LP_CAN1_RX0_IRQHandler, 0x0)
                0x00000000                PROVIDE (CAN_RX1_IRQHandler, 0x0)
                0x00000000                PROVIDE (CAN1_RX1_IRQHandler, 0x0)
                0x00000000                PROVIDE (CAN_SCE_IRQHandler, 0x0)
                0x00000000                PROVIDE (CAN1_SCE_IRQHandler, 0x0)
                0x00000000                PROVIDE (EXTI9_5_IRQHandler, 0x0)
                0x00000000                PROVIDE (TIM1_BRK_IRQHandler, 0x0)
                0x00000000                PROVIDE (TIM1_UP_IRQHandler, 0x0)
                0x00000000                PROVIDE (TIM1_TRG_COM_IRQHandler, 0x0)
                0x00000000                PROVIDE (TIM1_CC_IRQHandler, 0x0)
                0x00000000                PROVIDE (TIM2_IRQHandler, 0x0)
                0x00000000                PROVIDE (TIM3_IRQHandler, 0x0)
                0x00000000                PROVIDE (TIM4_IRQHandler, 0x0)
                0x00000000                PROVIDE (I2C1_EV_IRQHandler, 0x0)
                0x00000000                PROVIDE (I2C1_ER_IRQHandler, 0x0)
                0x00000000                PROVIDE (I2C2_EV_IRQHandler, 0x0)
                0x00000000                PROVIDE (I2C2_ER_IRQHandler, 0x0)
                0x00000000                PROVIDE (SPI1_IRQHandler, 0x0)
                0x00000000                PROVIDE (SPI2_IRQHandler, 0x0)
                0x00000000                PROVIDE (USART1_IRQHandler, 0x0)
                0x00000000                PROVIDE (USART2_IRQHandler, 0x0)
                0x00000000                PROVIDE (USART3_IRQHandler, 0x0)
                0x00000000                PROVIDE (EXTI15_10_IRQHandler, 0x0)
                0x00000000                PROVIDE (RTCAlarm_IRQHandler, 0x0)
                0x00000000                PROVIDE (USBWakeUp_IRQHandler, 0x0)
                0x00000000                PROVIDE (TIM8_BRK_IRQHandler, 0x0)
                0x00000000                PROVIDE (TIM8_UP_IRQHandler, 0x0)
                0x00000000                PROVIDE (TIM8_TRG_COM_IRQHandler, 0x0)
                0x00000000                PROVIDE (TIM8_CC_IRQHandler, 0x0)
                0x00000000                PROVIDE (ADC3_IRQHandler, 0x0)
                0x00000000                PROVIDE (FSMC_IRQHandler, 0x0)
                0x00000000                PROVIDE (SDIO_IRQHandler, 0x0)
                0x00000000                PROVIDE (TIM5_IRQHandler, 0x0)
                0x00000000                PROVIDE (SPI3_IRQHandler, 0x0)
                0x00000000                PROVIDE (UART4_IRQHandler, 0x0)
                0x00000000                PROVIDE (UART5_IRQHandler, 0x0)
                0x00000000                PROVIDE (TIM6_IRQHandler, 0x0)
                0x00000000                PROVIDE (TIM7_IRQHandler, 0x0)
                0x00000000                PROVIDE (DMA2_Channel1_IRQHandler, 0x0)
                0x00000000                PROVIDE (DMA2_Channel2_IRQHandler, 0x0)
                0x00000000                PROVIDE (DMA2_Channel3_IRQHandler, 0x0)
                0x00000000                PROVIDE (DMA2_Channel4_5_IRQHandler, 0x0)
                0x42000000                PERIPH_BB_BASE = 0x42000000
                0x22000000                SRAM_BB_BASE = 0x22000000
                0x20000000                SRAM_BASE = 0x20000000
                0x40000000                PERIPH_BASE = 0x40000000
                0x40022000                PROVIDE (FLASH_BASE, 0x40022000)
                0x1ffff800                PROVIDE (OB_BASE, 0x1ffff800)
                0x40000000                APB1PERIPH_BASE = PERIPH_BASE
                0x40010000                APB2PERIPH_BASE = (PERIPH_BASE + 0x10000)
                0x40020000                AHBPERIPH_BASE = (PERIPH_BASE + 0x20000)
                0x40000000                PROVIDE (TIM2, (APB1PERIPH_BASE + 0x0))
                0x40000400                PROVIDE (TIM3, (APB1PERIPH_BASE + 0x400))
                0x40000800                PROVIDE (TIM4, (APB1PERIPH_BASE + 0x800))
                0x40002800                PROVIDE (RTC, (APB1PERIPH_BASE + 0x2800))
                0x40002c00                PROVIDE (WWDG, (APB1PERIPH_BASE + 0x2c00))
                0x40003000                PROVIDE (IWDG, (APB1PERIPH_BASE + 0x3000))
                0x40003800                PROVIDE (SPI2, (APB1PERIPH_BASE + 0x3800))
                0x40004400                PROVIDE (USART2, (APB1PERIPH_BASE + 0x4400))
                0x40004800                PROVIDE (USART3, (APB1PERIPH_BASE + 0x4800))
                0x40005400                PROVIDE (I2C1, (APB1PERIPH_BASE + 0x5400))
                0x40005800                PROVIDE (I2C2, (APB1PERIPH_BASE + 0x5800))
                0x40006400                PROVIDE (CAN, (APB1PERIPH_BASE + 0x6400))
                0x40006c00                PROVIDE (BKP, (APB1PERIPH_BASE + 0x6c00))
                0x40007000                PROVIDE (PWR, (APB1PERIPH_BASE + 0x7000))
                0x40010000                PROVIDE (AFIO, (APB2PERIPH_BASE + 0x0))
                0x40010400                PROVIDE (EXTI, (APB2PERIPH_BASE + 0x400))
                0x40010800                PROVIDE (GPIOA, (APB2PERIPH_BASE + 0x800))
                0x40010c00                PROVIDE (GPIOB, (APB2PERIPH_BASE + 0xc00))
                0x40011000                PROVIDE (GPIOC, (APB2PERIPH_BASE + 0x1000))
                0x40011400                PROVIDE (GPIOD, (APB2PERIPH_BASE + 0x1400))
                0x40011800                PROVIDE (GPIOE, (APB2PERIPH_BASE + 0x1800))
                0x40012400                PROVIDE (ADC1, (APB2PERIPH_BASE + 0x2400))
                0x40012800                PROVIDE (ADC2, (APB2PERIPH_BASE + 0x2800))
                0x40012c00                PROVIDE (TIM1, (APB2PERIPH_BASE + 0x2c00))
                0x40013000                PROVIDE (SPI1, (APB2PERIPH_BASE + 0x3000))
                0x40013800                PROVIDE (USART1, (APB2PERIPH_BASE + 0x3800))
                0x40020000                PROVIDE (DMA, (AHBPERIPH_BASE + 0x0))
                0x40020008                PROVIDE (DMA_Channel1, (AHBPERIPH_BASE + 0x8))
                0x4002001c                PROVIDE (DMA_Channel2, (AHBPERIPH_BASE + 0x1c))
                0x40020030                PROVIDE (DMA_Channel3, (AHBPERIPH_BASE + 0x30))
                0x40020044                PROVIDE (DMA_Channel4, (AHBPERIPH_BASE + 0x44))
                0x40020058                PROVIDE (DMA_Channel5, (AHBPERIPH_BASE + 0x58))
                0x4002006c                PROVIDE (DMA_Channel6, (AHBPERIPH_BASE + 0x6c))
                0x40020080                PROVIDE (DMA_Channel7, (AHBPERIPH_BASE + 0x80))
                0x40021000                PROVIDE (RCC, (AHBPERIPH_BASE + 0x1000))
                0xe000e000                SCS_BASE = 0xe000e000
                0xe000e010                PROVIDE (SysTick, (SCS_BASE + 0x10))
                0xe000e100                PROVIDE (NVIC, (SCS_BASE + 0x100))
                0xe000ed00                PROVIDE (SCB, (SCS_BASE + 0xd00))
                0x20005000                PROVIDE (_estack, (ORIGIN (RAM) + 0x5000))

.isr_vector     0x08000000      0x10c
                0x08000000                . = ALIGN (0x4)
 *(.isr_vector)
 .isr_vector    0x08000000      0x10c lib/CMSIS_CM3/startup/gcc/startup_stm32f10x_md.o
                0x08000000                g_pfnVectors
                0x0800010c                . = ALIGN (0x4)

.flash_start    0x00000000        0x0
                0x00000000                . = ALIGN (0x4)
 *(.flash_start)
 *(.flash_start.*)
                0x00000000                . = ALIGN (0x4)

.crp_patch      0x00000000        0x0
                0x00000000                . = ALIGN (0x4)
 *(.crp_patch)
                0x00000000                . = ALIGN (0x4)

.flashtext      0x0800010c        0x0
                0x0800010c                . = ALIGN (0x4)
 *(.flashtext)
                0x0800010c                . = ALIGN (0x4)

.text           0x08000110     0x93e8
                0x08000110                . = ALIGN (0x4)
 *(.text)
 .text          0x08000110      0x370 /home/laurence/ARM-GCC/bin/../lib/gcc/arm-none-eabi/4.7.4/armv7-m/libgcc.a(_arm_addsubdf3.o)
                0x08000110                __aeabi_drsub
                0x08000118                __aeabi_dsub
                0x08000118                __subdf3
                0x0800011c                __adddf3
                0x0800011c                __aeabi_dadd
                0x08000394                __aeabi_ui2d
                0x08000394                __floatunsidf
                0x080003b4                __floatsidf
                0x080003b4                __aeabi_i2d
                0x080003d8                __extendsfdf2
                0x080003d8                __aeabi_f2d
                0x08000414                __aeabi_ul2d
                0x08000414                __floatundidf
                0x08000424                __floatdidf
                0x08000424                __aeabi_l2d
 .text          0x08000480      0x424 /home/laurence/ARM-GCC/bin/../lib/gcc/arm-none-eabi/4.7.4/armv7-m/libgcc.a(_arm_muldivdf3.o)
                0x08000480                __aeabi_dmul
                0x08000480                __muldf3
                0x080006d4                __aeabi_ddiv
                0x080006d4                __divdf3
 .text          0x080008a4      0x110 /home/laurence/ARM-GCC/bin/../lib/gcc/arm-none-eabi/4.7.4/armv7-m/libgcc.a(_arm_cmpdf2.o)
                0x080008a4                __gtdf2
                0x080008a4                __gedf2
                0x080008ac                __ltdf2
                0x080008ac                __ledf2
                0x080008b4                __cmpdf2
                0x080008b4                __eqdf2
                0x080008b4                __nedf2
                0x08000930                __aeabi_cdrcmple
                0x08000940                __aeabi_cdcmple
                0x08000940                __aeabi_cdcmpeq
                0x08000950                __aeabi_dcmpeq
                0x08000964                __aeabi_dcmplt
                0x08000978                __aeabi_dcmple
                0x0800098c                __aeabi_dcmpge
                0x080009a0                __aeabi_dcmpgt
 .text          0x080009b4       0x40 /home/laurence/ARM-GCC/bin/../lib/gcc/arm-none-eabi/4.7.4/armv7-m/libgcc.a(_arm_fixunsdfsi.o)
                0x080009b4                __fixunsdfsi
                0x080009b4                __aeabi_d2uiz
 .text          0x080009f4       0xa0 /home/laurence/ARM-GCC/bin/../lib/gcc/arm-none-eabi/4.7.4/armv7-m/libgcc.a(_arm_truncdfsf2.o)
                0x080009f4                __aeabi_d2f
                0x080009f4                __truncdfsf2
 .text          0x08000a94      0x21c /home/laurence/ARM-GCC/bin/../lib/gcc/arm-none-eabi/4.7.4/armv7-m/libgcc.a(_arm_addsubsf3.o)
                0x08000a94                __aeabi_frsub
                0x08000a9c                __subsf3
                0x08000a9c                __aeabi_fsub
                0x08000aa0                __aeabi_fadd
                0x08000aa0                __addsf3
                0x08000c00                __aeabi_ui2f
                0x08000c00                __floatunsisf
                0x08000c08                __aeabi_i2f
                0x08000c08                __floatsisf
                0x08000c24                __floatundisf
                0x08000c24                __aeabi_ul2f
                0x08000c34                __floatdisf
                0x08000c34                __aeabi_l2f
 .text          0x08000cb0      0x2a0 /home/laurence/ARM-GCC/bin/../lib/gcc/arm-none-eabi/4.7.4/armv7-m/libgcc.a(_arm_muldivsf3.o)
                0x08000cb0                __mulsf3
                0x08000cb0                __aeabi_fmul
                0x08000e18                __divsf3
                0x08000e18                __aeabi_fdiv
 .text          0x08000f50       0xec /home/laurence/ARM-GCC/bin/../lib/gcc/arm-none-eabi/4.7.4/armv7-m/libgcc.a(_arm_cmpsf2.o)
                0x08000f50                __gtsf2
                0x08000f50                __gesf2
                0x08000f58                __lesf2
                0x08000f58                __ltsf2
                0x08000f60                __nesf2
                0x08000f60                __eqsf2
                0x08000f60                __cmpsf2
                0x08000fc0                __aeabi_cfrcmple
                0x08000fc8                __aeabi_cfcmple
                0x08000fc8                __aeabi_cfcmpeq
                0x08000fd8                __aeabi_fcmpeq
                0x08000fec                __aeabi_fcmplt
                0x08001000                __aeabi_fcmple
                0x08001014                __aeabi_fcmpge
                0x08001028                __aeabi_fcmpgt
 .text          0x0800103c       0x40 /home/laurence/ARM-GCC/bin/../lib/gcc/arm-none-eabi/4.7.4/armv7-m/libgcc.a(_arm_fixunssfsi.o)
                0x0800103c                __aeabi_f2uiz
                0x0800103c                __fixunssfsi
 *(.text.*)
 .text.atoiRamRom.4073
                0x0800107c       0x20 /tmp/cc0bhVkl.ltrans0.ltrans.o
 .text.rprintfChar.4076
                0x0800109c       0x1c /tmp/cc0bhVkl.ltrans0.ltrans.o
 .text.Resume_Init.4219
                0x080010b8       0x30 /tmp/cc0bhVkl.ltrans0.ltrans.o
 .text.Resume.4214
                0x080010e8       0x88 /tmp/cc0bhVkl.ltrans0.ltrans.o
 .text.Get_Max_Lun
                0x08001170       0x18 /tmp/cc0bhVkl.ltrans0.ltrans.o
                0x08001170                Get_Max_Lun
 .text.MASS_Get_Interface_Setting
                0x08001188        0xc /tmp/cc0bhVkl.ltrans0.ltrans.o
                0x08001188                MASS_Get_Interface_Setting
 .text.MASS_Status_Out
                0x08001194        0x2 /tmp/cc0bhVkl.ltrans0.ltrans.o
                0x08001194                MASS_Status_Out
 .text.MASS_Status_In
                0x08001196        0x2 /tmp/cc0bhVkl.ltrans0.ltrans.o
                0x08001196                MASS_Status_In
 .text.Mass_Storage_SetDeviceAddress
                0x08001198        0xc /tmp/cc0bhVkl.ltrans0.ltrans.o
                0x08001198                Mass_Storage_SetDeviceAddress
 .text.stm32_dma_transfer.5591.4054
                0x080011a4       0xc8 /tmp/cc0bhVkl.ltrans0.ltrans.o
 .text.MASS_Reset
                0x0800126c       0xe0 /tmp/cc0bhVkl.ltrans0.ltrans.o
                0x0800126c                MASS_Reset
 .text.Mass_Storage_SetConfiguration
                0x0800134c       0x30 /tmp/cc0bhVkl.ltrans0.ltrans.o
                0x0800134c                Mass_Storage_SetConfiguration
 .text.MASS_NoData_Setup
                0x0800137c       0x4c /tmp/cc0bhVkl.ltrans0.ltrans.o
                0x0800137c                MASS_NoData_Setup
 .text.MASS_GetDeviceDescriptor
                0x080013c8        0xc /tmp/cc0bhVkl.ltrans0.ltrans.o
                0x080013c8                MASS_GetDeviceDescriptor
 .text.MASS_GetConfigDescriptor
                0x080013d4        0xc /tmp/cc0bhVkl.ltrans0.ltrans.o
                0x080013d4                MASS_GetConfigDescriptor
 .text.MASS_GetStringDescriptor
                0x080013e0       0x20 /tmp/cc0bhVkl.ltrans0.ltrans.o
                0x080013e0                MASS_GetStringDescriptor
 .text.I2C1_Request_Job
                0x08001400       0x58 /tmp/cc0bhVkl.ltrans0.ltrans.o
                0x08001400                I2C1_Request_Job
 .text.rprintf2RamRom
                0x08001458      0x404 /tmp/cc0bhVkl.ltrans0.ltrans.o
                0x08001458                rprintf2RamRom
 .text.stm32_spi_rw.5580
                0x0800185c       0x24 /tmp/cc0bhVkl.ltrans0.ltrans.o
                0x0800185c                stm32_spi_rw.5580
 .text.rcvr_spi.5583
                0x08001880        0x6 /tmp/cc0bhVkl.ltrans0.ltrans.o
                0x08001880                rcvr_spi.5583
 *fill*         0x08001886        0x2 00
 .text.release_spi
                0x08001888       0x18 /tmp/cc0bhVkl.ltrans0.ltrans.o
                0x08001888                release_spi
 .text.rcvr_datablock
                0x080018a0       0x54 /tmp/cc0bhVkl.ltrans0.ltrans.o
                0x080018a0                rcvr_datablock
 .text.xmit_datablock.part.1.5596
                0x080018f4       0x2c /tmp/cc0bhVkl.ltrans0.ltrans.o
                0x080018f4                xmit_datablock.part.1.5596
 .text.wait_ready.5585
                0x08001920       0x28 /tmp/cc0bhVkl.ltrans0.ltrans.o
                0x08001920                wait_ready.5585
 .text.send_cmd.5587
                0x08001948       0x90 /tmp/cc0bhVkl.ltrans0.ltrans.o
                0x08001948                send_cmd.5587
 .text.disk_read
                0x080019d8       0xa0 /tmp/cc0bhVkl.ltrans0.ltrans.o
                0x080019d8                disk_read
 .text.disk_timerproc
                0x08001a78       0x48 /tmp/cc0bhVkl.ltrans0.ltrans.o
                0x08001a78                disk_timerproc
 .text.validate.5233
                0x08001ac0       0x2c /tmp/cc0bhVkl.ltrans0.ltrans.o
                0x08001ac0                validate.5233
 .text.counter_to_struct.5494
                0x08001aec       0xa8 /tmp/cc0bhVkl.ltrans0.ltrans.o
                0x08001aec                counter_to_struct.5494
 .text.isDST.5476
                0x08001b94       0x2a /tmp/cc0bhVkl.ltrans0.ltrans.o
                0x08001b94                isDST.5476
 *fill*         0x08001bbe        0x2 00
 .text.rtc_gettime
                0x08001bc0       0x74 /tmp/cc0bhVkl.ltrans0.ltrans.o
                0x08001bc0                rtc_gettime
 .text.get_fattime
                0x08001c34       0x40 /tmp/cc0bhVkl.ltrans0.ltrans.o
                0x08001c34                get_fattime
 .text.clust2sect
                0x08001c74       0x18 /tmp/cc0bhVkl.ltrans0.ltrans.o
                0x08001c74                clust2sect
 .text.mem_cpy.5164
                0x08001c8c       0x12 /tmp/cc0bhVkl.ltrans0.ltrans.o
                0x08001c8c                mem_cpy.5164
 *fill*         0x08001c9e        0x2 00
 .text.unlikely.ff_convert.part.0.5097
                0x08001ca0       0x24 /tmp/cc0bhVkl.ltrans0.ltrans.o
                0x08001ca0                ff_convert.part.0.5097
 .text.Delay    0x08001cc4       0x18 /tmp/cc0bhVkl.ltrans0.ltrans.o
                0x08001cc4                Delay
 .text.Pop_From_Buffer
                0x08001cdc       0x1c /tmp/cc0bhVkl.ltrans0.ltrans.o
                0x08001cdc                Pop_From_Buffer
 .text.Add_To_Buffer
                0x08001cf8       0x48 /tmp/cc0bhVkl.ltrans0.ltrans.o
                0x08001cf8                Add_To_Buffer
 .text.Bot_Abort.part.2.4582
                0x08001d40       0x18 /tmp/cc0bhVkl.ltrans0.ltrans.o
                0x08001d40                Bot_Abort.part.2.4582
 .text.USB_Istr
                0x08001d58      0x118 /tmp/cc0bhVkl.ltrans0.ltrans.o
                0x08001d58                USB_Istr
 .text.Set_CSW  0x08001e70       0x3c /tmp/cc0bhVkl.ltrans0.ltrans.o
                0x08001e70                Set_CSW
 .text.Transfer_Data_Request
                0x08001eac       0x34 /tmp/cc0bhVkl.ltrans0.ltrans.o
                0x08001eac                Transfer_Data_Request
 .text.IntToUnicode.4365
                0x08001ee0       0x2a /tmp/cc0bhVkl.ltrans0.ltrans.o
                0x08001ee0                IntToUnicode.4365
 *fill*         0x08001f0a        0x6 00
 .text.startup.main
                0x08001f10      0xe20 /tmp/cc0bhVkl.ltrans1.ltrans.o
                0x08001f10                main
 .text.disk_write
                0x08002d30       0xcc /tmp/cc0bhVkl.ltrans2.ltrans.o
                0x08002d30                disk_write
 .text.SCSI_Write10_Cmd
                0x08002dfc      0x144 /tmp/cc0bhVkl.ltrans2.ltrans.o
                0x08002dfc                SCSI_Write10_Cmd
 .text.move_window.5223
                0x08002f40       0x76 /tmp/cc0bhVkl.ltrans2.ltrans.o
                0x08002f40                move_window.5223
 .text.put_fat  0x08002fb6       0xf2 /tmp/cc0bhVkl.ltrans2.ltrans.o
                0x08002fb6                put_fat
 .text.get_fat  0x080030a8       0xc8 /tmp/cc0bhVkl.ltrans2.ltrans.o
                0x080030a8                get_fat
 .text.create_chain.5302.4140
                0x08003170       0x9a /tmp/cc0bhVkl.ltrans2.ltrans.o
 .text.unlikely.dir_next.5306
                0x0800320a       0xfa /tmp/cc0bhVkl.ltrans2.ltrans.o
                0x0800320a                dir_next.5306
 .text.f_write.constprop.10.4095
                0x08003304      0x154 /tmp/cc0bhVkl.ltrans2.ltrans.o
 .text.__fat_print_char
                0x08003458       0x18 /tmp/cc0bhVkl.ltrans2.ltrans.o
                0x08003458                __fat_print_char
 .text.f_puts.constprop.4
                0x08003470       0x2a /tmp/cc0bhVkl.ltrans2.ltrans.o
                0x08003470                f_puts.constprop.4
 *fill*         0x0800349a        0x2 00
 .text.unlikely.f_lseek.constprop.7
                0x0800349c      0x180 /tmp/cc0bhVkl.ltrans2.ltrans.o
                0x0800349c                f_lseek.constprop.7
 .text.unlikely.dir_sdi.5270
                0x0800361c       0x84 /tmp/cc0bhVkl.ltrans2.ltrans.o
                0x0800361c                dir_sdi.5270
 .text.SCSI_Invalid_Cmd
                0x080036a0       0x3c /tmp/cc0bhVkl.ltrans2.ltrans.o
                0x080036a0                SCSI_Invalid_Cmd
 .text.MASS_init
                0x080036dc       0x70 /tmp/cc0bhVkl.ltrans3.ltrans.o
                0x080036dc                MASS_init
 .text.__usart_send_char
                0x0800374c       0x1c /tmp/cc0bhVkl.ltrans3.ltrans.o
                0x0800374c                __usart_send_char
 .text.__str_print_char
                0x08003768       0x2c /tmp/cc0bhVkl.ltrans3.ltrans.o
                0x08003768                __str_print_char
 .text.si446x_spi_state_machine.constprop.23
                0x08003794      0x1f0 /tmp/cc0bhVkl.ltrans3.ltrans.o
                0x08003794                si446x_spi_state_machine.constprop.23
 .text.si446x_setup
                0x08003984      0x710 /tmp/cc0bhVkl.ltrans3.ltrans.o
                0x08003984                si446x_setup
 .text.ReadADC1_noblock.constprop.3
                0x08004094       0x20 /tmp/cc0bhVkl.ltrans3.ltrans.o
                0x08004094                ReadADC1_noblock.constprop.3
 .text.Bytes_In_DMA_Buffer.constprop.2
                0x080040b4       0x2c /tmp/cc0bhVkl.ltrans3.ltrans.o
                0x080040b4                Bytes_In_DMA_Buffer.constprop.2
 .text.Usart_Send_Str
                0x080040e0       0x16 /tmp/cc0bhVkl.ltrans3.ltrans.o
                0x080040e0                Usart_Send_Str
 *fill*         0x080040f6        0x2 00
 .text.power_on.5578
                0x080040f8       0xf0 /tmp/cc0bhVkl.ltrans3.ltrans.o
                0x080040f8                power_on.5578
 .text.I2C_Config
                0x080041e8      0x138 /tmp/cc0bhVkl.ltrans3.ltrans.o
                0x080041e8                I2C_Config
 .text.shutdown
                0x08004320       0x10 /tmp/cc0bhVkl.ltrans3.ltrans.o
                0x08004320                shutdown
 .text.Read_Memory
                0x08004330      0x134 /tmp/cc0bhVkl.ltrans3.ltrans.o
                0x08004330                Read_Memory
 .text.unlikely.check_fs.5240
                0x08004464       0x88 /tmp/cc0bhVkl.ltrans3.ltrans.o
                0x08004464                check_fs.5240
 .text.MASS_Data_Setup.4089
                0x080044ec       0x38 /tmp/cc0bhVkl.ltrans4.ltrans.o
 .text.Mass_Storage_ClearFeature.4099
                0x08004524       0x18 /tmp/cc0bhVkl.ltrans4.ltrans.o
 .text.si446x_state_machine
                0x0800453c      0x1ac /tmp/cc0bhVkl.ltrans4.ltrans.o
                0x0800453c                si446x_state_machine
 .text.SCSI_Address_Management
                0x080046e8       0x74 /tmp/cc0bhVkl.ltrans4.ltrans.o
                0x080046e8                SCSI_Address_Management
 .text.SCSI_Read10_Cmd
                0x0800475c       0x6c /tmp/cc0bhVkl.ltrans4.ltrans.o
                0x0800475c                SCSI_Read10_Cmd
 .text.EP1_IN_Callback.4009
                0x080047c8       0x5c /tmp/cc0bhVkl.ltrans4.ltrans.o
 .text.unlikely.disk_initialize
                0x08004824      0x148 /tmp/cc0bhVkl.ltrans4.ltrans.o
                0x08004824                disk_initialize
 .text.unlikely.chk_mounted.5244
                0x0800496c      0x314 /tmp/cc0bhVkl.ltrans4.ltrans.o
                0x0800496c                chk_mounted.5244
 .text.MAL_GetStatus
                0x08004c80       0xc4 /tmp/cc0bhVkl.ltrans4.ltrans.o
                0x08004c80                MAL_GetStatus
 .text.send_string_to_silabs.constprop.24
                0x08004d44       0x24 /tmp/cc0bhVkl.ltrans4.ltrans.o
                0x08004d44                send_string_to_silabs.constprop.24
 .text.EP2_OUT_Callback.4097
                0x08004d68      0x310 /tmp/cc0bhVkl.ltrans5.ltrans.o
 .text.unlikely.dir_find.part.4.5310
                0x08005078      0x180 /tmp/cc0bhVkl.ltrans5.ltrans.o
                0x08005078                dir_find.part.4.5310
 .text.unlikely.follow_path.5316
                0x080051f8      0x294 /tmp/cc0bhVkl.ltrans5.ltrans.o
                0x080051f8                follow_path.5316
 .text.f_close.constprop.8
                0x0800548c      0x194 /tmp/cc0bhVkl.ltrans6.ltrans.o
                0x0800548c                f_close.constprop.8
 .text.unlikely.f_open.constprop.12
                0x08005620      0x404 /tmp/cc0bhVkl.ltrans6.ltrans.o
                0x08005620                f_open.constprop.12
 .text.unlikely.f_stat.constprop.6
                0x08005a24      0x13c /tmp/cc0bhVkl.ltrans6.ltrans.o
                0x08005a24                f_stat.constprop.6
 .text.USB_LP_CAN1_RX0_IRQHandler
                0x08005b60        0x4 /tmp/cc0bhVkl.ltrans7.ltrans.o
                0x08005b60                USB_LP_CAN1_RX0_IRQHandler
 .text.USB_HP_CAN1_TX_IRQHandler
                0x08005b64        0x4 /tmp/cc0bhVkl.ltrans7.ltrans.o
                0x08005b64                USB_HP_CAN1_TX_IRQHandler
 .text.SysTick_Handler
                0x08005b68      0x4e0 /tmp/cc0bhVkl.ltrans7.ltrans.o
                0x08005b68                SysTick_Handler
 .text.ADC1_2_IRQHandler
                0x08006048       0x6c /tmp/cc0bhVkl.ltrans7.ltrans.o
                0x08006048                ADC1_2_IRQHandler
 .text.I2C1_ER_IRQHandler
                0x080060b4       0xf4 /tmp/cc0bhVkl.ltrans7.ltrans.o
                0x080060b4                I2C1_ER_IRQHandler
 .text.I2C1_EV_IRQHandler
                0x080061a8      0x4d8 /tmp/cc0bhVkl.ltrans7.ltrans.o
                0x080061a8                I2C1_EV_IRQHandler
 .text.EXTI15_10_IRQHandler
                0x08006680       0x34 /tmp/cc0bhVkl.ltrans7.ltrans.o
                0x08006680                EXTI15_10_IRQHandler
 .text.DMA1_Channel4_IRQHandler
                0x080066b4       0x30 /tmp/cc0bhVkl.ltrans7.ltrans.o
                0x080066b4                DMA1_Channel4_IRQHandler
 .text.DMA1_Channel5_IRQHandler
                0x080066e4       0x30 /tmp/cc0bhVkl.ltrans7.ltrans.o
                0x080066e4                DMA1_Channel5_IRQHandler
 .text.EXTI0_IRQHandler
                0x08006714       0x34 /tmp/cc0bhVkl.ltrans7.ltrans.o
                0x08006714                EXTI0_IRQHandler
 .text.USART3_IRQHandler
                0x08006748       0x78 /tmp/cc0bhVkl.ltrans7.ltrans.o
                0x08006748                USART3_IRQHandler
 .text.USART1_IRQHandler
                0x080067c0       0x34 /tmp/cc0bhVkl.ltrans8.ltrans.o
                0x080067c0                USART1_IRQHandler
 .text.malloc   0x080067f4       0x10 /home/laurence/ARM-GCC/bin/../lib/gcc/arm-none-eabi/4.7.4/../../../../arm-none-eabi/lib/armv7-m/libc.a(lib_a-malloc.o)
                0x080067f4                malloc
 .text._malloc_r
                0x08006804      0x530 /home/laurence/ARM-GCC/bin/../lib/gcc/arm-none-eabi/4.7.4/../../../../arm-none-eabi/lib/armv7-m/libc.a(lib_a-mallocr.o)
                0x08006804                _malloc_r
 .text.__malloc_lock
                0x08006d34        0x4 /home/laurence/ARM-GCC/bin/../lib/gcc/arm-none-eabi/4.7.4/../../../../arm-none-eabi/lib/armv7-m/libc.a(lib_a-mlock.o)
                0x08006d34                __malloc_lock
 .text.__malloc_unlock
                0x08006d38        0x4 /home/laurence/ARM-GCC/bin/../lib/gcc/arm-none-eabi/4.7.4/../../../../arm-none-eabi/lib/armv7-m/libc.a(lib_a-mlock.o)
                0x08006d38                __malloc_unlock
 .text._sbrk_r  0x08006d3c       0x24 /home/laurence/ARM-GCC/bin/../lib/gcc/arm-none-eabi/4.7.4/../../../../arm-none-eabi/lib/armv7-m/libc.a(lib_a-sbrkr.o)
                0x08006d3c                _sbrk_r
 .text.strlen   0x08006d60       0x60 /home/laurence/ARM-GCC/bin/../lib/gcc/arm-none-eabi/4.7.4/../../../../arm-none-eabi/lib/armv7-m/libc.a(lib_a-strlen.o)
                0x08006d60                strlen
 .text._malloc_trim_r
                0x08006dc0       0x98 /home/laurence/ARM-GCC/bin/../lib/gcc/arm-none-eabi/4.7.4/../../../../arm-none-eabi/lib/armv7-m/libc.a(lib_a-freer.o)
                0x08006dc0                _malloc_trim_r
 .text._free_r  0x08006e58      0x194 /home/laurence/ARM-GCC/bin/../lib/gcc/arm-none-eabi/4.7.4/../../../../arm-none-eabi/lib/armv7-m/libc.a(lib_a-freer.o)
                0x08006e58                _free_r
 .text.Reset_Handler
                0x08006fec       0x48 lib/CMSIS_CM3/startup/gcc/startup_stm32f10x_md.o
                0x08006fec                Reset_Handler
 .text.Default_Handler
                0x08007034        0x4 lib/CMSIS_CM3/startup/gcc/startup_stm32f10x_md.o
                0x08007034                EXTI2_IRQHandler
                0x08007034                DebugMon_Handler
                0x08007034                TIM1_CC_IRQHandler
                0x08007034                HardFault_Handler
                0x08007034                PVD_IRQHandler
                0x08007034                PendSV_Handler
                0x08007034                NMI_Handler
                0x08007034                EXTI3_IRQHandler
                0x08007034                I2C2_EV_IRQHandler
                0x08007034                UsageFault_Handler
                0x08007034                SPI1_IRQHandler
                0x08007034                TAMPER_IRQHandler
                0x08007034                RTC_IRQHandler
                0x08007034                DMA1_Channel7_IRQHandler
                0x08007034                CAN1_RX1_IRQHandler
                0x08007034                TIM4_IRQHandler
                0x08007034                DMA1_Channel6_IRQHandler
                0x08007034                TIM3_IRQHandler
                0x08007034                RCC_IRQHandler
                0x08007034                TIM1_TRG_COM_IRQHandler
                0x08007034                DMA1_Channel1_IRQHandler
                0x08007034                Default_Handler
                0x08007034                EXTI9_5_IRQHandler
                0x08007034                SPI2_IRQHandler
                0x08007034                MemManage_Handler
                0x08007034                SVC_Handler
                0x08007034                EXTI4_IRQHandler
                0x08007034                DMA1_Channel3_IRQHandler
                0x08007034                TIM1_UP_IRQHandler
                0x08007034                WWDG_IRQHandler
                0x08007034                TIM2_IRQHandler
                0x08007034                TIM1_BRK_IRQHandler
                0x08007034                EXTI1_IRQHandler
                0x08007034                RTCAlarm_IRQHandler
                0x08007034                USART2_IRQHandler
                0x08007034                I2C2_ER_IRQHandler
                0x08007034                DMA1_Channel2_IRQHandler
                0x08007034                CAN1_SCE_IRQHandler
                0x08007034                FLASH_IRQHandler
                0x08007034                BusFault_Handler
                0x08007034                USBWakeUp_IRQHandler
 .text.NVIC_PriorityGroupConfig
                0x08007038       0x14 lib/STM32F10x_StdPeriph_Driver/libstm32fw.a(misc.o)
                0x08007038                NVIC_PriorityGroupConfig
 .text.NVIC_Init
                0x0800704c       0x68 lib/STM32F10x_StdPeriph_Driver/libstm32fw.a(misc.o)
                0x0800704c                NVIC_Init
 .text.NVIC_SetVectorTable
                0x080070b4       0x14 lib/STM32F10x_StdPeriph_Driver/libstm32fw.a(misc.o)
                0x080070b4                NVIC_SetVectorTable
 .text.SysTick_CLKSourceConfig
                0x080070c8       0x18 lib/STM32F10x_StdPeriph_Driver/libstm32fw.a(misc.o)
                0x080070c8                SysTick_CLKSourceConfig
 .text.ADC_DeInit
                0x080070e0       0x5c lib/STM32F10x_StdPeriph_Driver/libstm32fw.a(stm32f10x_adc.o)
                0x080070e0                ADC_DeInit
 .text.ADC_Init
                0x0800713c       0x48 lib/STM32F10x_StdPeriph_Driver/libstm32fw.a(stm32f10x_adc.o)
                0x0800713c                ADC_Init
 .text.ADC_Cmd  0x08007184       0x12 lib/STM32F10x_StdPeriph_Driver/libstm32fw.a(stm32f10x_adc.o)
                0x08007184                ADC_Cmd
 .text.ADC_ResetCalibration
                0x08007196        0xa lib/STM32F10x_StdPeriph_Driver/libstm32fw.a(stm32f10x_adc.o)
                0x08007196                ADC_ResetCalibration
 .text.ADC_GetResetCalibrationStatus
                0x080071a0        0x8 lib/STM32F10x_StdPeriph_Driver/libstm32fw.a(stm32f10x_adc.o)
                0x080071a0                ADC_GetResetCalibrationStatus
 .text.ADC_StartCalibration
                0x080071a8        0xa lib/STM32F10x_StdPeriph_Driver/libstm32fw.a(stm32f10x_adc.o)
                0x080071a8                ADC_StartCalibration
 .text.ADC_GetCalibrationStatus
                0x080071b2        0x8 lib/STM32F10x_StdPeriph_Driver/libstm32fw.a(stm32f10x_adc.o)
                0x080071b2                ADC_GetCalibrationStatus
 .text.ADC_SoftwareStartConvCmd
                0x080071ba       0x12 lib/STM32F10x_StdPeriph_Driver/libstm32fw.a(stm32f10x_adc.o)
                0x080071ba                ADC_SoftwareStartConvCmd
 .text.ADC_RegularChannelConfig
                0x080071cc       0x9a lib/STM32F10x_StdPeriph_Driver/libstm32fw.a(stm32f10x_adc.o)
                0x080071cc                ADC_RegularChannelConfig
 .text.ADC_GetConversionValue
                0x08007266        0x6 lib/STM32F10x_StdPeriph_Driver/libstm32fw.a(stm32f10x_adc.o)
                0x08007266                ADC_GetConversionValue
 .text.ADC_ExternalTrigInjectedConvConfig
                0x0800726c        0xc lib/STM32F10x_StdPeriph_Driver/libstm32fw.a(stm32f10x_adc.o)
                0x0800726c                ADC_ExternalTrigInjectedConvConfig
 .text.ADC_SoftwareStartInjectedConvCmd
                0x08007278       0x12 lib/STM32F10x_StdPeriph_Driver/libstm32fw.a(stm32f10x_adc.o)
                0x08007278                ADC_SoftwareStartInjectedConvCmd
 .text.ADC_InjectedChannelConfig
                0x0800728a       0x60 lib/STM32F10x_StdPeriph_Driver/libstm32fw.a(stm32f10x_adc.o)
                0x0800728a                ADC_InjectedChannelConfig
 .text.ADC_InjectedSequencerLengthConfig
                0x080072ea       0x10 lib/STM32F10x_StdPeriph_Driver/libstm32fw.a(stm32f10x_adc.o)
                0x080072ea                ADC_InjectedSequencerLengthConfig
 .text.ADC_GetInjectedConversionValue
                0x080072fa       0x1a lib/STM32F10x_StdPeriph_Driver/libstm32fw.a(stm32f10x_adc.o)
                0x080072fa                ADC_GetInjectedConversionValue
 .text.ADC_GetFlagStatus
                0x08007314        0xc lib/STM32F10x_StdPeriph_Driver/libstm32fw.a(stm32f10x_adc.o)
                0x08007314                ADC_GetFlagStatus
 .text.ADC_ClearFlag
                0x08007320        0x6 lib/STM32F10x_StdPeriph_Driver/libstm32fw.a(stm32f10x_adc.o)
                0x08007320                ADC_ClearFlag
 .text.ADC_GetITStatus
                0x08007326       0x16 lib/STM32F10x_StdPeriph_Driver/libstm32fw.a(stm32f10x_adc.o)
                0x08007326                ADC_GetITStatus
 .text.ADC_ClearITPendingBit
                0x0800733c        0x8 lib/STM32F10x_StdPeriph_Driver/libstm32fw.a(stm32f10x_adc.o)
                0x0800733c                ADC_ClearITPendingBit
 .text.BKP_DeInit
                0x08007344       0x12 lib/STM32F10x_StdPeriph_Driver/libstm32fw.a(stm32f10x_bkp.o)
                0x08007344                BKP_DeInit
 *fill*         0x08007356        0x2 00
 .text.BKP_WriteBackupRegister
                0x08007358       0x1c lib/STM32F10x_StdPeriph_Driver/libstm32fw.a(stm32f10x_bkp.o)
                0x08007358                BKP_WriteBackupRegister
 .text.BKP_ReadBackupRegister
                0x08007374       0x20 lib/STM32F10x_StdPeriph_Driver/libstm32fw.a(stm32f10x_bkp.o)
                0x08007374                BKP_ReadBackupRegister
 .text.DBGMCU_Config
                0x08007394       0x18 lib/STM32F10x_StdPeriph_Driver/libstm32fw.a(stm32f10x_dbgmcu.o)
                0x08007394                DBGMCU_Config
 .text.DMA_DeInit
                0x080073ac       0xec lib/STM32F10x_StdPeriph_Driver/libstm32fw.a(stm32f10x_dma.o)
                0x080073ac                DMA_DeInit
 .text.DMA_Init
                0x08007498       0x40 lib/STM32F10x_StdPeriph_Driver/libstm32fw.a(stm32f10x_dma.o)
                0x08007498                DMA_Init
 .text.DMA_Cmd  0x080074d8       0x12 lib/STM32F10x_StdPeriph_Driver/libstm32fw.a(stm32f10x_dma.o)
                0x080074d8                DMA_Cmd
 .text.DMA_ITConfig
                0x080074ea       0x10 lib/STM32F10x_StdPeriph_Driver/libstm32fw.a(stm32f10x_dma.o)
                0x080074ea                DMA_ITConfig
 .text.DMA_GetCurrDataCounter
                0x080074fa        0x6 lib/STM32F10x_StdPeriph_Driver/libstm32fw.a(stm32f10x_dma.o)
                0x080074fa                DMA_GetCurrDataCounter
 .text.DMA_GetFlagStatus
                0x08007500       0x1c lib/STM32F10x_StdPeriph_Driver/libstm32fw.a(stm32f10x_dma.o)
                0x08007500                DMA_GetFlagStatus
 .text.DMA_ClearFlag
                0x0800751c       0x14 lib/STM32F10x_StdPeriph_Driver/libstm32fw.a(stm32f10x_dma.o)
                0x0800751c                DMA_ClearFlag
 .text.DMA_GetITStatus
                0x08007530       0x1c lib/STM32F10x_StdPeriph_Driver/libstm32fw.a(stm32f10x_dma.o)
                0x08007530                DMA_GetITStatus
 .text.DMA_ClearITPendingBit
                0x0800754c       0x14 lib/STM32F10x_StdPeriph_Driver/libstm32fw.a(stm32f10x_dma.o)
                0x0800754c                DMA_ClearITPendingBit
 .text.EXTI_DeInit
                0x08007560       0x1c lib/STM32F10x_StdPeriph_Driver/libstm32fw.a(stm32f10x_exti.o)
                0x08007560                EXTI_DeInit
 .text.EXTI_Init
                0x0800757c       0x88 lib/STM32F10x_StdPeriph_Driver/libstm32fw.a(stm32f10x_exti.o)
                0x0800757c                EXTI_Init
 .text.EXTI_GenerateSWInterrupt
                0x08007604       0x10 lib/STM32F10x_StdPeriph_Driver/libstm32fw.a(stm32f10x_exti.o)
                0x08007604                EXTI_GenerateSWInterrupt
 .text.EXTI_GetITStatus
                0x08007614       0x20 lib/STM32F10x_StdPeriph_Driver/libstm32fw.a(stm32f10x_exti.o)
                0x08007614                EXTI_GetITStatus
 .text.EXTI_ClearITPendingBit
                0x08007634        0xc lib/STM32F10x_StdPeriph_Driver/libstm32fw.a(stm32f10x_exti.o)
                0x08007634                EXTI_ClearITPendingBit
 .text.GPIO_Init
                0x08007640       0x9a lib/STM32F10x_StdPeriph_Driver/libstm32fw.a(stm32f10x_gpio.o)
                0x08007640                GPIO_Init
 .text.GPIO_ReadInputDataBit
                0x080076da        0xc lib/STM32F10x_StdPeriph_Driver/libstm32fw.a(stm32f10x_gpio.o)
                0x080076da                GPIO_ReadInputDataBit
 .text.GPIO_SetBits
                0x080076e6        0x4 lib/STM32F10x_StdPeriph_Driver/libstm32fw.a(stm32f10x_gpio.o)
                0x080076e6                GPIO_SetBits
 .text.GPIO_ResetBits
                0x080076ea        0x4 lib/STM32F10x_StdPeriph_Driver/libstm32fw.a(stm32f10x_gpio.o)
                0x080076ea                GPIO_ResetBits
 .text.GPIO_WriteBit
                0x080076ee        0xa lib/STM32F10x_StdPeriph_Driver/libstm32fw.a(stm32f10x_gpio.o)
                0x080076ee                GPIO_WriteBit
 .text.GPIO_EXTILineConfig
                0x080076f8       0x34 lib/STM32F10x_StdPeriph_Driver/libstm32fw.a(stm32f10x_gpio.o)
                0x080076f8                GPIO_EXTILineConfig
 .text.I2C_DeInit
                0x0800772c       0x34 lib/STM32F10x_StdPeriph_Driver/libstm32fw.a(stm32f10x_i2c.o)
                0x0800772c                I2C_DeInit
 .text.I2C_Init
                0x08007760       0xd4 lib/STM32F10x_StdPeriph_Driver/libstm32fw.a(stm32f10x_i2c.o)
                0x08007760                I2C_Init
 .text.I2C_Cmd  0x08007834       0x18 lib/STM32F10x_StdPeriph_Driver/libstm32fw.a(stm32f10x_i2c.o)
                0x08007834                I2C_Cmd
 .text.I2C_GenerateSTART
                0x0800784c       0x18 lib/STM32F10x_StdPeriph_Driver/libstm32fw.a(stm32f10x_i2c.o)
                0x0800784c                I2C_GenerateSTART
 .text.I2C_GenerateSTOP
                0x08007864       0x18 lib/STM32F10x_StdPeriph_Driver/libstm32fw.a(stm32f10x_i2c.o)
                0x08007864                I2C_GenerateSTOP
 .text.I2C_AcknowledgeConfig
                0x0800787c       0x18 lib/STM32F10x_StdPeriph_Driver/libstm32fw.a(stm32f10x_i2c.o)
                0x0800787c                I2C_AcknowledgeConfig
 .text.I2C_ITConfig
                0x08007894       0x12 lib/STM32F10x_StdPeriph_Driver/libstm32fw.a(stm32f10x_i2c.o)
                0x08007894                I2C_ITConfig
 .text.I2C_SendData
                0x080078a6        0x4 lib/STM32F10x_StdPeriph_Driver/libstm32fw.a(stm32f10x_i2c.o)
                0x080078a6                I2C_SendData
 .text.I2C_ReceiveData
                0x080078aa        0x6 lib/STM32F10x_StdPeriph_Driver/libstm32fw.a(stm32f10x_i2c.o)
                0x080078aa                I2C_ReceiveData
 .text.I2C_Send7bitAddress
                0x080078b0       0x10 lib/STM32F10x_StdPeriph_Driver/libstm32fw.a(stm32f10x_i2c.o)
                0x080078b0                I2C_Send7bitAddress
 .text.I2C_SoftwareResetCmd
                0x080078c0       0x18 lib/STM32F10x_StdPeriph_Driver/libstm32fw.a(stm32f10x_i2c.o)
                0x080078c0                I2C_SoftwareResetCmd
 .text.IWDG_WriteAccessCmd
                0x080078d8        0xc lib/STM32F10x_StdPeriph_Driver/libstm32fw.a(stm32f10x_iwdg.o)
                0x080078d8                IWDG_WriteAccessCmd
 .text.IWDG_SetPrescaler
                0x080078e4        0xc lib/STM32F10x_StdPeriph_Driver/libstm32fw.a(stm32f10x_iwdg.o)
                0x080078e4                IWDG_SetPrescaler
 .text.IWDG_SetReload
                0x080078f0        0xc lib/STM32F10x_StdPeriph_Driver/libstm32fw.a(stm32f10x_iwdg.o)
                0x080078f0                IWDG_SetReload
 .text.IWDG_ReloadCounter
                0x080078fc       0x10 lib/STM32F10x_StdPeriph_Driver/libstm32fw.a(stm32f10x_iwdg.o)
                0x080078fc                IWDG_ReloadCounter
 .text.IWDG_Enable
                0x0800790c       0x10 lib/STM32F10x_StdPeriph_Driver/libstm32fw.a(stm32f10x_iwdg.o)
                0x0800790c                IWDG_Enable
 .text.PWR_DeInit
                0x0800791c       0x1a lib/STM32F10x_StdPeriph_Driver/libstm32fw.a(stm32f10x_pwr.o)
                0x0800791c                PWR_DeInit
 *fill*         0x08007936        0x2 00
 .text.PWR_BackupAccessCmd
                0x08007938        0xc lib/STM32F10x_StdPeriph_Driver/libstm32fw.a(stm32f10x_pwr.o)
                0x08007938                PWR_BackupAccessCmd
 .text.PWR_WakeUpPinCmd
                0x08007944        0xc lib/STM32F10x_StdPeriph_Driver/libstm32fw.a(stm32f10x_pwr.o)
                0x08007944                PWR_WakeUpPinCmd
 .text.PWR_EnterSTANDBYMode
                0x08007950       0x28 lib/STM32F10x_StdPeriph_Driver/libstm32fw.a(stm32f10x_pwr.o)
                0x08007950                PWR_EnterSTANDBYMode
 .text.RCC_HCLKConfig
                0x08007978       0x14 lib/STM32F10x_StdPeriph_Driver/libstm32fw.a(stm32f10x_rcc.o)
                0x08007978                RCC_HCLKConfig
 .text.RCC_USBCLKConfig
                0x0800798c        0xc lib/STM32F10x_StdPeriph_Driver/libstm32fw.a(stm32f10x_rcc.o)
                0x0800798c                RCC_USBCLKConfig
 .text.RCC_ADCCLKConfig
                0x08007998       0x14 lib/STM32F10x_StdPeriph_Driver/libstm32fw.a(stm32f10x_rcc.o)
                0x08007998                RCC_ADCCLKConfig
 .text.RCC_LSEConfig
                0x080079ac       0x20 lib/STM32F10x_StdPeriph_Driver/libstm32fw.a(stm32f10x_rcc.o)
                0x080079ac                RCC_LSEConfig
 .text.RCC_RTCCLKConfig
                0x080079cc       0x10 lib/STM32F10x_StdPeriph_Driver/libstm32fw.a(stm32f10x_rcc.o)
                0x080079cc                RCC_RTCCLKConfig
 .text.RCC_RTCCLKCmd
                0x080079dc        0xc lib/STM32F10x_StdPeriph_Driver/libstm32fw.a(stm32f10x_rcc.o)
                0x080079dc                RCC_RTCCLKCmd
 .text.RCC_GetClocksFreq
                0x080079e8       0x9c lib/STM32F10x_StdPeriph_Driver/libstm32fw.a(stm32f10x_rcc.o)
                0x080079e8                RCC_GetClocksFreq
 .text.RCC_AHBPeriphClockCmd
                0x08007a84       0x18 lib/STM32F10x_StdPeriph_Driver/libstm32fw.a(stm32f10x_rcc.o)
                0x08007a84                RCC_AHBPeriphClockCmd
 .text.RCC_APB2PeriphClockCmd
                0x08007a9c       0x18 lib/STM32F10x_StdPeriph_Driver/libstm32fw.a(stm32f10x_rcc.o)
                0x08007a9c                RCC_APB2PeriphClockCmd
 .text.RCC_APB1PeriphClockCmd
                0x08007ab4       0x18 lib/STM32F10x_StdPeriph_Driver/libstm32fw.a(stm32f10x_rcc.o)
                0x08007ab4                RCC_APB1PeriphClockCmd
 .text.RCC_APB2PeriphResetCmd
                0x08007acc       0x18 lib/STM32F10x_StdPeriph_Driver/libstm32fw.a(stm32f10x_rcc.o)
                0x08007acc                RCC_APB2PeriphResetCmd
 .text.RCC_APB1PeriphResetCmd
                0x08007ae4       0x18 lib/STM32F10x_StdPeriph_Driver/libstm32fw.a(stm32f10x_rcc.o)
                0x08007ae4                RCC_APB1PeriphResetCmd
 .text.RCC_BackupResetCmd
                0x08007afc        0xc lib/STM32F10x_StdPeriph_Driver/libstm32fw.a(stm32f10x_rcc.o)
                0x08007afc                RCC_BackupResetCmd
 .text.RCC_GetFlagStatus
                0x08007b08       0x28 lib/STM32F10x_StdPeriph_Driver/libstm32fw.a(stm32f10x_rcc.o)
                0x08007b08                RCC_GetFlagStatus
 .text.RTC_EnterConfigMode
                0x08007b30       0x14 lib/STM32F10x_StdPeriph_Driver/libstm32fw.a(stm32f10x_rtc.o)
                0x08007b30                RTC_EnterConfigMode
 .text.RTC_ExitConfigMode
                0x08007b44       0x14 lib/STM32F10x_StdPeriph_Driver/libstm32fw.a(stm32f10x_rtc.o)
                0x08007b44                RTC_ExitConfigMode
 .text.RTC_GetCounter
                0x08007b58       0x14 lib/STM32F10x_StdPeriph_Driver/libstm32fw.a(stm32f10x_rtc.o)
                0x08007b58                RTC_GetCounter
 .text.RTC_SetCounter
                0x08007b6c       0x20 lib/STM32F10x_StdPeriph_Driver/libstm32fw.a(stm32f10x_rtc.o)
                0x08007b6c                RTC_SetCounter
 .text.RTC_SetPrescaler
                0x08007b8c       0x20 lib/STM32F10x_StdPeriph_Driver/libstm32fw.a(stm32f10x_rtc.o)
                0x08007b8c                RTC_SetPrescaler
 .text.RTC_WaitForLastTask
                0x08007bac       0x14 lib/STM32F10x_StdPeriph_Driver/libstm32fw.a(stm32f10x_rtc.o)
                0x08007bac                RTC_WaitForLastTask
 .text.RTC_WaitForSynchro
                0x08007bc0       0x24 lib/STM32F10x_StdPeriph_Driver/libstm32fw.a(stm32f10x_rtc.o)
                0x08007bc0                RTC_WaitForSynchro
 .text.SPI_Init
                0x08007be4       0x3e lib/STM32F10x_StdPeriph_Driver/libstm32fw.a(stm32f10x_spi.o)
                0x08007be4                SPI_Init
 .text.SPI_Cmd  0x08007c22       0x18 lib/STM32F10x_StdPeriph_Driver/libstm32fw.a(stm32f10x_spi.o)
                0x08007c22                SPI_Cmd
 .text.SPI_I2S_DMACmd
                0x08007c3a       0x12 lib/STM32F10x_StdPeriph_Driver/libstm32fw.a(stm32f10x_spi.o)
                0x08007c3a                SPI_I2S_DMACmd
 .text.SPI_I2S_SendData
                0x08007c4c        0x4 lib/STM32F10x_StdPeriph_Driver/libstm32fw.a(stm32f10x_spi.o)
                0x08007c4c                SPI_I2S_SendData
 .text.SPI_I2S_ReceiveData
                0x08007c50        0x6 lib/STM32F10x_StdPeriph_Driver/libstm32fw.a(stm32f10x_spi.o)
                0x08007c50                SPI_I2S_ReceiveData
 .text.SPI_CalculateCRC
                0x08007c56       0x18 lib/STM32F10x_StdPeriph_Driver/libstm32fw.a(stm32f10x_spi.o)
                0x08007c56                SPI_CalculateCRC
 .text.SPI_I2S_GetFlagStatus
                0x08007c6e        0xc lib/STM32F10x_StdPeriph_Driver/libstm32fw.a(stm32f10x_spi.o)
                0x08007c6e                SPI_I2S_GetFlagStatus
 *fill*         0x08007c7a        0x2 00
 .text.USART_Init
                0x08007c7c       0x88 lib/STM32F10x_StdPeriph_Driver/libstm32fw.a(stm32f10x_usart.o)
                0x08007c7c                USART_Init
 .text.USART_Cmd
                0x08007d04       0x18 lib/STM32F10x_StdPeriph_Driver/libstm32fw.a(stm32f10x_usart.o)
                0x08007d04                USART_Cmd
 .text.USART_ITConfig
                0x08007d1c       0x34 lib/STM32F10x_StdPeriph_Driver/libstm32fw.a(stm32f10x_usart.o)
                0x08007d1c                USART_ITConfig
 .text.USART_DMACmd
                0x08007d50       0x12 lib/STM32F10x_StdPeriph_Driver/libstm32fw.a(stm32f10x_usart.o)
                0x08007d50                USART_DMACmd
 .text.USART_SendData
                0x08007d62        0x8 lib/STM32F10x_StdPeriph_Driver/libstm32fw.a(stm32f10x_usart.o)
                0x08007d62                USART_SendData
 .text.USART_ReceiveData
                0x08007d6a        0x8 lib/STM32F10x_StdPeriph_Driver/libstm32fw.a(stm32f10x_usart.o)
                0x08007d6a                USART_ReceiveData
 .text.USART_GetFlagStatus
                0x08007d72        0xc lib/STM32F10x_StdPeriph_Driver/libstm32fw.a(stm32f10x_usart.o)
                0x08007d72                USART_GetFlagStatus
 .text.USART_GetITStatus
                0x08007d7e       0x40 lib/STM32F10x_StdPeriph_Driver/libstm32fw.a(stm32f10x_usart.o)
                0x08007d7e                USART_GetITStatus
 .text.USART_ClearITPendingBit
                0x08007dbe       0x10 lib/STM32F10x_StdPeriph_Driver/libstm32fw.a(stm32f10x_usart.o)
                0x08007dbe                USART_ClearITPendingBit
 *fill*         0x08007dce        0x2 00
 .text.Standard_GetConfiguration
                0x08007dd0       0x24 lib/STM32_USB-FS-Device_Driver/libstm32usb.a(usb_core.o)
                0x08007dd0                Standard_GetConfiguration
 .text.Standard_GetInterface
                0x08007df4       0x24 lib/STM32_USB-FS-Device_Driver/libstm32usb.a(usb_core.o)
                0x08007df4                Standard_GetInterface
 .text.Standard_GetStatus
                0x08007e18       0x9c lib/STM32_USB-FS-Device_Driver/libstm32usb.a(usb_core.o)
                0x08007e18                Standard_GetStatus
 .text.DataStageIn
                0x08007eb4       0xa4 lib/STM32_USB-FS-Device_Driver/libstm32usb.a(usb_core.o)
 .text.Standard_SetConfiguration
                0x08007f58       0x38 lib/STM32_USB-FS-Device_Driver/libstm32usb.a(usb_core.o)
                0x08007f58                Standard_SetConfiguration
 .text.Standard_SetInterface
                0x08007f90       0x48 lib/STM32_USB-FS-Device_Driver/libstm32usb.a(usb_core.o)
                0x08007f90                Standard_SetInterface
 .text.Standard_ClearFeature
                0x08007fd8       0xdc lib/STM32_USB-FS-Device_Driver/libstm32usb.a(usb_core.o)
                0x08007fd8                Standard_ClearFeature
 .text.Standard_SetEndPointFeature
                0x080080b4       0x8c lib/STM32_USB-FS-Device_Driver/libstm32usb.a(usb_core.o)
                0x080080b4                Standard_SetEndPointFeature
 .text.Standard_SetDeviceFeature
                0x08008140       0x24 lib/STM32_USB-FS-Device_Driver/libstm32usb.a(usb_core.o)
                0x08008140                Standard_SetDeviceFeature
 .text.Standard_GetDescriptorData
                0x08008164       0x1c lib/STM32_USB-FS-Device_Driver/libstm32usb.a(usb_core.o)
                0x08008164                Standard_GetDescriptorData
 .text.Post0_Process
                0x08008180       0x40 lib/STM32_USB-FS-Device_Driver/libstm32usb.a(usb_core.o)
                0x08008180                Post0_Process
 .text.Out0_Process
                0x080081c0       0xd4 lib/STM32_USB-FS-Device_Driver/libstm32usb.a(usb_core.o)
                0x080081c0                Out0_Process
 .text.Setup0_Process
                0x08008294      0x2f8 lib/STM32_USB-FS-Device_Driver/libstm32usb.a(usb_core.o)
                0x08008294                Setup0_Process
 .text.SetDeviceAddress
                0x0800858c       0x40 lib/STM32_USB-FS-Device_Driver/libstm32usb.a(usb_core.o)
                0x0800858c                SetDeviceAddress
 .text.In0_Process
                0x080085cc       0x60 lib/STM32_USB-FS-Device_Driver/libstm32usb.a(usb_core.o)
                0x080085cc                In0_Process
 .text.NOP_Process
                0x0800862c        0x2 lib/STM32_USB-FS-Device_Driver/libstm32usb.a(usb_core.o)
                0x0800862c                NOP_Process
 *fill*         0x0800862e        0x2 00
 .text.USB_Init
                0x08008630       0x38 lib/STM32_USB-FS-Device_Driver/libstm32usb.a(usb_init.o)
                0x08008630                USB_Init
 .text.CTR_LP   0x08008668      0x190 lib/STM32_USB-FS-Device_Driver/libstm32usb.a(usb_int.o)
                0x08008668                CTR_LP
 .text.CTR_HP   0x080087f8       0x74 lib/STM32_USB-FS-Device_Driver/libstm32usb.a(usb_int.o)
                0x080087f8                CTR_HP
 .text.UserToPMABufferCopy
                0x0800886c       0x2e lib/STM32_USB-FS-Device_Driver/libstm32usb.a(usb_mem.o)
                0x0800886c                UserToPMABufferCopy
 .text.PMAToUserBufferCopy
                0x0800889a       0x24 lib/STM32_USB-FS-Device_Driver/libstm32usb.a(usb_mem.o)
                0x0800889a                PMAToUserBufferCopy
 *fill*         0x080088be        0x2 00
 .text.SetBTABLE
                0x080088c0       0x10 lib/STM32_USB-FS-Device_Driver/libstm32usb.a(usb_regs.o)
                0x080088c0                SetBTABLE
 .text.SetEPType
                0x080088d0       0x18 lib/STM32_USB-FS-Device_Driver/libstm32usb.a(usb_regs.o)
                0x080088d0                SetEPType
 .text.SetEPTxStatus
                0x080088e8       0x3a lib/STM32_USB-FS-Device_Driver/libstm32usb.a(usb_regs.o)
                0x080088e8                SetEPTxStatus
 .text.SetEPRxStatus
                0x08008922       0x3a lib/STM32_USB-FS-Device_Driver/libstm32usb.a(usb_regs.o)
                0x08008922                SetEPRxStatus
 .text.SetEPRxValid
                0x0800895c       0x22 lib/STM32_USB-FS-Device_Driver/libstm32usb.a(usb_regs.o)
                0x0800895c                SetEPRxValid
 .text.Clear_Status_Out
                0x0800897e       0x1e lib/STM32_USB-FS-Device_Driver/libstm32usb.a(usb_regs.o)
                0x0800897e                Clear_Status_Out
 .text.ClearDTOG_RX
                0x0800899c       0x24 lib/STM32_USB-FS-Device_Driver/libstm32usb.a(usb_regs.o)
                0x0800899c                ClearDTOG_RX
 .text.ClearDTOG_TX
                0x080089c0       0x24 lib/STM32_USB-FS-Device_Driver/libstm32usb.a(usb_regs.o)
                0x080089c0                ClearDTOG_TX
 .text.SetEPTxAddr
                0x080089e4       0x20 lib/STM32_USB-FS-Device_Driver/libstm32usb.a(usb_regs.o)
                0x080089e4                SetEPTxAddr
 .text.SetEPRxAddr
                0x08008a04       0x20 lib/STM32_USB-FS-Device_Driver/libstm32usb.a(usb_regs.o)
                0x08008a04                SetEPRxAddr
 .text.GetEPTxAddr
                0x08008a24       0x1c lib/STM32_USB-FS-Device_Driver/libstm32usb.a(usb_regs.o)
                0x08008a24                GetEPTxAddr
 .text.GetEPRxAddr
                0x08008a40       0x1c lib/STM32_USB-FS-Device_Driver/libstm32usb.a(usb_regs.o)
                0x08008a40                GetEPRxAddr
 .text.SetEPTxCount
                0x08008a5c       0x1c lib/STM32_USB-FS-Device_Driver/libstm32usb.a(usb_regs.o)
                0x08008a5c                SetEPTxCount
 .text.SetEPRxCount
                0x08008a78       0x3c lib/STM32_USB-FS-Device_Driver/libstm32usb.a(usb_regs.o)
                0x08008a78                SetEPRxCount
 .text.GetEPRxCount
                0x08008ab4       0x20 lib/STM32_USB-FS-Device_Driver/libstm32usb.a(usb_regs.o)
                0x08008ab4                GetEPRxCount
 .text.ByteSwap
                0x08008ad4        0xa lib/STM32_USB-FS-Device_Driver/libstm32usb.a(usb_regs.o)
                0x08008ad4                ByteSwap
 *fill*         0x08008ade        0x2 00
 .text.USB_SIL_Init
                0x08008ae0       0x20 lib/STM32_USB-FS-Device_Driver/libstm32usb.a(usb_sil.o)
                0x08008ae0                USB_SIL_Init
 .text.USB_SIL_Write
                0x08008b00       0x28 lib/STM32_USB-FS-Device_Driver/libstm32usb.a(usb_sil.o)
                0x08008b00                USB_SIL_Write
 .text.USB_SIL_Read
                0x08008b28       0x24 lib/STM32_USB-FS-Device_Driver/libstm32usb.a(usb_sil.o)
                0x08008b28                USB_SIL_Read
 .text.memset   0x08008b4c      0x12c /home/laurence/ARM-GCC/bin/../lib/gcc/arm-none-eabi/4.7.4/../../../../arm-none-eabi/lib/armv7-m/libc.a(lib_a-memset.o)
                0x08008b4c                memset
 .text._sbrk    0x08008c78       0x34 /home/laurence/ARM-GCC/bin/../lib/gcc/arm-none-eabi/4.7.4/../../../../arm-none-eabi/lib/armv7-m/libnosys.a(sbrk.o)
                0x08008c78                _sbrk
 *(.rodata)
 .rodata        0x08008cac       0x20 /tmp/cc0bhVkl.ltrans0.ltrans.o
 .rodata        0x08008ccc        0xc /tmp/cc0bhVkl.ltrans1.ltrans.o
                0x08008ccc                DaysInMonth.5528
 .rodata        0x08008cd8       0xa8 /tmp/cc0bhVkl.ltrans3.ltrans.o
 .rodata        0x08008d80      0x440 /tmp/cc0bhVkl.ltrans5.ltrans.o
 .rodata        0x080091c0      0x10e /tmp/cc0bhVkl.ltrans6.ltrans.o
                0x080091c0                LfnOfs.5447
                0x080091ce                Tbl.5107
 *(.rodata*)
 .rodata.str1.1
                0x080092ce        0x6 /tmp/cc0bhVkl.ltrans0.ltrans.o
 .rodata.MASS_DeviceDescriptor
                0x080092d4       0x12 /tmp/cc0bhVkl.ltrans0.ltrans.o
 .rodata.str1.1
                0x080092e6      0x1e0 /tmp/cc0bhVkl.ltrans1.ltrans.o
 .rodata.str1.1
                0x080094c6       0x10 /tmp/cc0bhVkl.ltrans5.ltrans.o
 .rodata.str1.1
                0x00000000        0x9 /tmp/cc0bhVkl.ltrans6.ltrans.o
 .rodata.L3GD20_setup
                0x080094d6        0x6 /tmp/cc0bhVkl.ltrans7.ltrans.o
 .rodata.str1.4
                0x080094dc        0x4 /home/laurence/ARM-GCC/bin/../lib/gcc/arm-none-eabi/4.7.4/../../../../arm-none-eabi/lib/armv7-m/libc.a(lib_a-impure.o)
 *(.glue_7)
 .glue_7        0x00000000        0x0 linker stubs
 *(.glue_7t)
 .glue_7t       0x00000000        0x0 linker stubs
 *(.init)
 .init          0x080094e0        0x4 /home/laurence/ARM-GCC/bin/../lib/gcc/arm-none-eabi/4.7.4/armv7-m/crti.o
                0x080094e0                _init
 .init          0x080094e4        0x8 /home/laurence/ARM-GCC/bin/../lib/gcc/arm-none-eabi/4.7.4/armv7-m/crtn.o
 *(.fini)
 .fini          0x080094ec        0x4 /home/laurence/ARM-GCC/bin/../lib/gcc/arm-none-eabi/4.7.4/armv7-m/crti.o
                0x080094ec                _fini
 .fini          0x080094f0        0x8 /home/laurence/ARM-GCC/bin/../lib/gcc/arm-none-eabi/4.7.4/armv7-m/crtn.o
                0x080094f8                . = ALIGN (0x4)
                0x080094f8                _etext = .
                0x080094f8                _sidata = _etext

.vfp11_veneer   0x080094f8        0x0
 .vfp11_veneer  0x00000000        0x0 linker stubs

.v4_bx          0x080094f8        0x0
 .v4_bx         0x00000000        0x0 linker stubs

.iplt           0x080094f8        0x0
 .iplt          0x00000000        0x0 /home/laurence/ARM-GCC/bin/../lib/gcc/arm-none-eabi/4.7.4/armv7-m/crtbegin.o

.rel.dyn        0x080094f8        0x0
 .rel.iplt      0x00000000        0x0 /home/laurence/ARM-GCC/bin/../lib/gcc/arm-none-eabi/4.7.4/armv7-m/crtbegin.o

.flashpatch     0x00000000        0x0
                0x00000000                . = ALIGN (0x4)
 *(.flashpatch)
                0x00000000                . = ALIGN (0x4)

.endflash       0x00000000        0x0
                0x00000000                . = ALIGN (0x4)
 *(.endflash)
                0x00000000                . = ALIGN (0x4)
                0x00000000                _e_endflash = .

.data           0x20000000      0x9d4 load address 0x080094f8
                0x20000000                . = ALIGN (0x4)
                0x20000000                _sdata = .
                0x20000000                _data = .
 *(.data)
 .data          0x20000000       0x18 /tmp/cc0bhVkl.ltrans0.ltrans.o
                0x20000015                Device_Table
 .data          0x20000018       0x44 /tmp/cc0bhVkl.ltrans3.ltrans.o
                0x20000034                String_Descriptor
 .data          0x2000005c       0x70 /tmp/cc0bhVkl.ltrans4.ltrans.o
                0x2000005c                User_Standard_Requests
                0x20000080                Device_Property
                0x200000b0                pEpInt_IN
 .data          0x200000cc       0x90 /tmp/cc0bhVkl.ltrans5.ltrans.o
                0x20000114                Scsi_Sense_Data
                0x20000140                pEpInt_OUT
 .data          0x2000015c        0x1 /tmp/cc0bhVkl.ltrans6.ltrans.o
                0x2000015c                Stat.5722
 *fill*         0x2000015d        0x3 00
 .data          0x20000160       0x20 /tmp/cc0bhVkl.ltrans7.ltrans.o
                0x20000160                I2C_jobs
 *(.data.*)
 .data.Active_freq
                0x20000180        0x4 /tmp/cc0bhVkl.ltrans3.ltrans.o
 .data.__malloc_av_
                0x20000184      0x408 /home/laurence/ARM-GCC/bin/../lib/gcc/arm-none-eabi/4.7.4/../../../../arm-none-eabi/lib/armv7-m/libc.a(lib_a-mallocr.o)
                0x20000184                __malloc_av_
 .data.__malloc_trim_threshold
                0x2000058c        0x4 /home/laurence/ARM-GCC/bin/../lib/gcc/arm-none-eabi/4.7.4/../../../../arm-none-eabi/lib/armv7-m/libc.a(lib_a-mallocr.o)
                0x2000058c                __malloc_trim_threshold
 .data.__malloc_sbrk_base
                0x20000590        0x4 /home/laurence/ARM-GCC/bin/../lib/gcc/arm-none-eabi/4.7.4/../../../../arm-none-eabi/lib/armv7-m/libc.a(lib_a-mallocr.o)
                0x20000590                __malloc_sbrk_base
 .data.ADCPrescTable
                0x20000594        0x4 lib/STM32F10x_StdPeriph_Driver/libstm32fw.a(stm32f10x_rcc.o)
 .data.APBAHBPrescTable
                0x20000598       0x10 lib/STM32F10x_StdPeriph_Driver/libstm32fw.a(stm32f10x_rcc.o)
 .data.impure_data
                0x200005a8      0x428 /home/laurence/ARM-GCC/bin/../lib/gcc/arm-none-eabi/4.7.4/../../../../arm-none-eabi/lib/armv7-m/libc.a(lib_a-impure.o)
 .data._impure_ptr
                0x200009d0        0x4 /home/laurence/ARM-GCC/bin/../lib/gcc/arm-none-eabi/4.7.4/../../../../arm-none-eabi/lib/armv7-m/libc.a(lib_a-impure.o)
                0x200009d0                _impure_ptr
 *(.RAMtext)
                0x200009d4                . = ALIGN (0x4)
                0x200009d4                _edata = .
                0x08009ecc                _eidata = (_sidata + (_edata - _sdata))
                0x08020000                _lastdataromaddress = (ORIGIN (FLASH) + 0x20000)
                0x00000000                toobig = (_eidata > _lastdataromaddress)?!!!!!!!!! FLASH IS FULL !!!!!!!!!:0x0

.igot.plt       0x200009d4        0x0 load address 0x08009ecc
 .igot.plt      0x00000000        0x0 /home/laurence/ARM-GCC/bin/../lib/gcc/arm-none-eabi/4.7.4/armv7-m/crtbegin.o

.bss            0x200009d8      0xcb0 load address 0x08009ed0
                0x200009d8                . = ALIGN (0x4)
                0x200009d8                _sbss = .
                0x200009d8                _bss = .
 *(.bss)
 .bss           0x200009d8       0x90 /tmp/cc0bhVkl.ltrans0.ltrans.o
                0x20000a64                wIstr
 .bss           0x20000a68      0xa10 /tmp/cc0bhVkl.ltrans1.ltrans.o
                0x20000e90                bootsource
                0x20000e94                rputchar.5804
                0x20000e98                Data_Buffer
                0x20000e9c                Millis
                0x20000ea0                Battery_Voltage
                0x20000ea4                FatFs.5449
                0x200010dc                FATFS_info
                0x200010fc                FATFS_logfile
                0x20001320                print_string
                0x20001420                Jobs
                0x20001424                Completed_Jobs
                0x2000145c                Gps_Buffer
 .bss           0x20001478       0x1c /tmp/cc0bhVkl.ltrans2.ltrans.o
                0x2000147c                TransferState
                0x2000148c                Sd_Spi_Called_From_USB_MSC
 .bss           0x20001494       0x24 /tmp/cc0bhVkl.ltrans3.ltrans.o
 .bss           0x200014b8       0x34 /tmp/cc0bhVkl.ltrans4.ltrans.o
                0x200014d8                Channel_rx
                0x200014dc                Timer1.5717
 .bss           0x200014ec       0x94 /tmp/cc0bhVkl.ltrans5.ltrans.o
                0x200014ec                CBW
                0x2000150c                Bulk_Data_Buff
                0x2000154c                Data_Len
                0x2000154e                Bot_State
                0x20001550                CSW
                0x20001560                SCSI_LBA
                0x20001564                SCSI_BlkLen
                0x20001568                Mass_Block_Count
                0x20001570                Mass_Block_Size
 .bss           0x20001580        0x1 /tmp/cc0bhVkl.ltrans6.ltrans.o
                0x20001580                CardType.5723
 *fill*         0x20001581        0x3 00
 .bss           0x20001584       0x64 /tmp/cc0bhVkl.ltrans7.ltrans.o
                0x20001585                L3GD20_Data_Buffer
                0x2000159c                AFROESC_Data_Buffer
                0x200015bc                AFROESC_Throttle
                0x200015d8                Silabs_spi_state
                0x200015d9                Silabs_driver_state
                0x200015dc                Silabs_Tx_Buffer
 .bss           0x200015e8        0xc /tmp/cc0bhVkl.ltrans8.ltrans.o
 *(.bss.*)
 .bss.bIntPackSOF
                0x200015f4        0x1 /tmp/cc0bhVkl.ltrans0.ltrans.o
 .bss.file_opened
                0x200015f5        0x1 /tmp/cc0bhVkl.ltrans1.ltrans.o
 *fill*         0x200015f6        0x2 00
 .bss.bDeviceState
                0x200015f8        0x4 /tmp/cc0bhVkl.ltrans1.ltrans.o
                0x200015f8                bDeviceState
 .bss.Status    0x200015fc        0x4 /tmp/cc0bhVkl.ltrans1.ltrans.o
                0x200015fc                Status
 .bss.Max_Lun   0x20001600        0x4 /tmp/cc0bhVkl.ltrans5.ltrans.o
                0x20001600                Max_Lun
 .bss.Page00_Inquiry_Data
                0x20001604        0x5 /tmp/cc0bhVkl.ltrans5.ltrans.o
 *fill*         0x20001609        0x3 00
 .bss.__malloc_max_total_mem
                0x2000160c        0x4 /home/laurence/ARM-GCC/bin/../lib/gcc/arm-none-eabi/4.7.4/../../../../arm-none-eabi/lib/armv7-m/libc.a(lib_a-mallocr.o)
                0x2000160c                __malloc_max_total_mem
 .bss.__malloc_max_sbrked_mem
                0x20001610        0x4 /home/laurence/ARM-GCC/bin/../lib/gcc/arm-none-eabi/4.7.4/../../../../arm-none-eabi/lib/armv7-m/libc.a(lib_a-mallocr.o)
                0x20001610                __malloc_max_sbrked_mem
 .bss.__malloc_top_pad
                0x20001614        0x4 /home/laurence/ARM-GCC/bin/../lib/gcc/arm-none-eabi/4.7.4/../../../../arm-none-eabi/lib/armv7-m/libc.a(lib_a-mallocr.o)
                0x20001614                __malloc_top_pad
 .bss.__malloc_current_mallinfo
                0x20001618       0x28 /home/laurence/ARM-GCC/bin/../lib/gcc/arm-none-eabi/4.7.4/../../../../arm-none-eabi/lib/armv7-m/libc.a(lib_a-mallocr.o)
                0x20001618                __malloc_current_mallinfo
 .bss.Data_Mul_MaxPacketSize
                0x20001640        0x1 lib/STM32_USB-FS-Device_Driver/libstm32usb.a(usb_core.o)
                0x20001640                Data_Mul_MaxPacketSize
 *fill*         0x20001641        0x3 00
 .bss.heap_end.4231
                0x20001644        0x4 /home/laurence/ARM-GCC/bin/../lib/gcc/arm-none-eabi/4.7.4/../../../../arm-none-eabi/lib/armv7-m/libnosys.a(sbrk.o)
 *(COMMON)
 COMMON         0x20001648        0x4 /home/laurence/ARM-GCC/bin/../lib/gcc/arm-none-eabi/4.7.4/../../../../arm-none-eabi/lib/armv7-m/libc.a(lib_a-reent.o)
                0x20001648                errno
 COMMON         0x2000164c        0x2 lib/STM32_USB-FS-Device_Driver/libstm32usb.a(usb_core.o)
                0x2000164c                StatusInfo
 *fill*         0x2000164e        0x2 00
 COMMON         0x20001650       0x32 lib/STM32_USB-FS-Device_Driver/libstm32usb.a(usb_init.o)
                0x20001650                SaveState
                0x20001654                pProperty
                0x20001658                EPindex
                0x2000165c                Device_Info
                0x20001678                pUser_Standard_Requests
                0x2000167c                pInformation
                0x20001680                wInterrupt_Mask
 COMMON         0x20001682        0x4 lib/STM32_USB-FS-Device_Driver/libstm32usb.a(usb_int.o)
                0x20001682                SaveRState
                0x20001684                SaveTState
                0x20001688                . = ALIGN (0x4)
 *fill*         0x20001686        0x2 00
                0x20001688                _ebss = .
                0x20001688                PROVIDE (end, _ebss)
                0x20001688                PROVIDE (_end, _ebss)

._usrstack      0x20001688     0x2000 load address 0x0800ab80
                0x20001688                . = ALIGN (0x4)
                0x20001688                _susrstack = .
                0x20003688                . = (. + _Minimum_Stack_Size)
 *fill*         0x20001688     0x2000 00
                0x20003688                . = ALIGN (0x4)
                0x20003688                _eusrstack = .
                0x20005000                _lastramaddress = (ORIGIN (RAM) + 0x5000)
                0x00000000                toobig = (_eusrstack > _lastramaddress)?!!!!!!!!! RAM IS FULL !!!!!!!!!:0x0

.b1text
 *(.b1text)
 *(.b1rodata)
 *(.b1rodata*)

.eb0text
 *(.eb0text)
 *(.eb0rodata)
 *(.eb0rodata*)

.eb1text
 *(.eb1text)
 *(.eb1rodata)
 *(.eb1rodata*)

.eb2text
 *(.eb2text)
 *(.eb2rodata)
 *(.eb2rodata*)

.eb3text
 *(.eb3text)
 *(.eb3rodata)
 *(.eb3rodata*)
                0x20003688                __exidx_start = .
                0x20003688                __exidx_end = .

/DISCARD/
 libc.a(*)
 libm.a(*)
 libgcc.a(*)

.stab
 *(.stab)

.stabstr
 *(.stabstr)

.stab.excl
 *(.stab.excl)

.stab.exclstr
 *(.stab.exclstr)

.stab.index
 *(.stab.index)

.stab.indexstr
 *(.stab.indexstr)

.comment        0x00000000       0x70
 *(.comment)
 .comment       0x00000000       0x71 /tmp/cc0bhVkl.ltrans0.ltrans.o
 .comment       0x00000000       0x71 /tmp/cc0bhVkl.ltrans1.ltrans.o
 .comment       0x00000000       0x71 /tmp/cc0bhVkl.ltrans2.ltrans.o
 .comment       0x00000000       0x71 /tmp/cc0bhVkl.ltrans3.ltrans.o
 .comment       0x00000000       0x71 /tmp/cc0bhVkl.ltrans4.ltrans.o
 .comment       0x00000000       0x71 /tmp/cc0bhVkl.ltrans5.ltrans.o
 .comment       0x00000000       0x71 /tmp/cc0bhVkl.ltrans6.ltrans.o
 .comment       0x00000000       0x71 /tmp/cc0bhVkl.ltrans7.ltrans.o
 .comment       0x00000000       0x71 /tmp/cc0bhVkl.ltrans8.ltrans.o
 .comment       0x00000000       0x70 lib/STM32F10x_StdPeriph_Driver/libstm32fw.a(misc.o)
                                 0x71 (size before relaxing)
 .comment       0x00000000       0x71 lib/STM32F10x_StdPeriph_Driver/libstm32fw.a(stm32f10x_adc.o)
 .comment       0x00000000       0x71 lib/STM32F10x_StdPeriph_Driver/libstm32fw.a(stm32f10x_bkp.o)
 .comment       0x00000000       0x71 lib/STM32F10x_StdPeriph_Driver/libstm32fw.a(stm32f10x_dbgmcu.o)
 .comment       0x00000000       0x71 lib/STM32F10x_StdPeriph_Driver/libstm32fw.a(stm32f10x_dma.o)
 .comment       0x00000000       0x71 lib/STM32F10x_StdPeriph_Driver/libstm32fw.a(stm32f10x_exti.o)
 .comment       0x00000000       0x71 lib/STM32F10x_StdPeriph_Driver/libstm32fw.a(stm32f10x_gpio.o)
 .comment       0x00000000       0x71 lib/STM32F10x_StdPeriph_Driver/libstm32fw.a(stm32f10x_i2c.o)
 .comment       0x00000000       0x71 lib/STM32F10x_StdPeriph_Driver/libstm32fw.a(stm32f10x_iwdg.o)
 .comment       0x00000000       0x71 lib/STM32F10x_StdPeriph_Driver/libstm32fw.a(stm32f10x_pwr.o)
 .comment       0x00000000       0x71 lib/STM32F10x_StdPeriph_Driver/libstm32fw.a(stm32f10x_rcc.o)
 .comment       0x00000000       0x71 lib/STM32F10x_StdPeriph_Driver/libstm32fw.a(stm32f10x_rtc.o)
 .comment       0x00000000       0x71 lib/STM32F10x_StdPeriph_Driver/libstm32fw.a(stm32f10x_spi.o)
 .comment       0x00000000       0x71 lib/STM32F10x_StdPeriph_Driver/libstm32fw.a(stm32f10x_usart.o)
 .comment       0x00000000       0x71 lib/STM32_USB-FS-Device_Driver/libstm32usb.a(usb_core.o)
 .comment       0x00000000       0x71 lib/STM32_USB-FS-Device_Driver/libstm32usb.a(usb_init.o)
 .comment       0x00000000       0x71 lib/STM32_USB-FS-Device_Driver/libstm32usb.a(usb_int.o)
 .comment       0x00000000       0x71 lib/STM32_USB-FS-Device_Driver/libstm32usb.a(usb_mem.o)
 .comment       0x00000000       0x71 lib/STM32_USB-FS-Device_Driver/libstm32usb.a(usb_regs.o)
 .comment       0x00000000       0x71 lib/STM32_USB-FS-Device_Driver/libstm32usb.a(usb_sil.o)

.ARM.attributes
                0x00000000       0x29
 .ARM.attributes
                0x00000000       0x1d /home/laurence/ARM-GCC/bin/../lib/gcc/arm-none-eabi/4.7.4/armv7-m/crti.o
 .ARM.attributes
                0x0000001d       0x31 /tmp/cc0bhVkl.ltrans0.ltrans.o
 .ARM.attributes
                0x0000004e       0x31 /tmp/cc0bhVkl.ltrans1.ltrans.o
 .ARM.attributes
                0x0000007f       0x31 /tmp/cc0bhVkl.ltrans2.ltrans.o
 .ARM.attributes
                0x000000b0       0x31 /tmp/cc0bhVkl.ltrans3.ltrans.o
 .ARM.attributes
                0x000000e1       0x31 /tmp/cc0bhVkl.ltrans4.ltrans.o
 .ARM.attributes
                0x00000112       0x31 /tmp/cc0bhVkl.ltrans5.ltrans.o
 .ARM.attributes
                0x00000143       0x31 /tmp/cc0bhVkl.ltrans6.ltrans.o
 .ARM.attributes
                0x00000174       0x31 /tmp/cc0bhVkl.ltrans7.ltrans.o
 .ARM.attributes
                0x000001a5       0x31 /tmp/cc0bhVkl.ltrans8.ltrans.o
 .ARM.attributes
                0x000001d6       0x1d /home/laurence/ARM-GCC/bin/../lib/gcc/arm-none-eabi/4.7.4/armv7-m/libgcc.a(_arm_addsubdf3.o)
 .ARM.attributes
                0x000001f3       0x1d /home/laurence/ARM-GCC/bin/../lib/gcc/arm-none-eabi/4.7.4/armv7-m/libgcc.a(_arm_muldivdf3.o)
 .ARM.attributes
                0x00000210       0x1d /home/laurence/ARM-GCC/bin/../lib/gcc/arm-none-eabi/4.7.4/armv7-m/libgcc.a(_arm_cmpdf2.o)
 .ARM.attributes
                0x0000022d       0x1d /home/laurence/ARM-GCC/bin/../lib/gcc/arm-none-eabi/4.7.4/armv7-m/libgcc.a(_arm_fixunsdfsi.o)
 .ARM.attributes
                0x0000024a       0x1d /home/laurence/ARM-GCC/bin/../lib/gcc/arm-none-eabi/4.7.4/armv7-m/libgcc.a(_arm_truncdfsf2.o)
 .ARM.attributes
                0x00000267       0x1d /home/laurence/ARM-GCC/bin/../lib/gcc/arm-none-eabi/4.7.4/armv7-m/libgcc.a(_arm_addsubsf3.o)
 .ARM.attributes
                0x00000284       0x1d /home/laurence/ARM-GCC/bin/../lib/gcc/arm-none-eabi/4.7.4/armv7-m/libgcc.a(_arm_muldivsf3.o)
 .ARM.attributes
                0x000002a1       0x1d /home/laurence/ARM-GCC/bin/../lib/gcc/arm-none-eabi/4.7.4/armv7-m/libgcc.a(_arm_cmpsf2.o)
 .ARM.attributes
                0x000002be       0x1d /home/laurence/ARM-GCC/bin/../lib/gcc/arm-none-eabi/4.7.4/armv7-m/libgcc.a(_arm_fixunssfsi.o)
 .ARM.attributes
                0x000002db       0x2d /home/laurence/ARM-GCC/bin/../lib/gcc/arm-none-eabi/4.7.4/../../../../arm-none-eabi/lib/armv7-m/libc.a(lib_a-malloc.o)
 .ARM.attributes
                0x00000308       0x2d /home/laurence/ARM-GCC/bin/../lib/gcc/arm-none-eabi/4.7.4/../../../../arm-none-eabi/lib/armv7-m/libc.a(lib_a-mallocr.o)
 .ARM.attributes
                0x00000335       0x2d /home/laurence/ARM-GCC/bin/../lib/gcc/arm-none-eabi/4.7.4/../../../../arm-none-eabi/lib/armv7-m/libc.a(lib_a-mlock.o)
 .ARM.attributes
                0x00000362       0x2d /home/laurence/ARM-GCC/bin/../lib/gcc/arm-none-eabi/4.7.4/../../../../arm-none-eabi/lib/armv7-m/libc.a(lib_a-sbrkr.o)
 .ARM.attributes
                0x0000038f       0x2d /home/laurence/ARM-GCC/bin/../lib/gcc/arm-none-eabi/4.7.4/../../../../arm-none-eabi/lib/armv7-m/libc.a(lib_a-strlen.o)
 .ARM.attributes
                0x000003bc       0x2d /home/laurence/ARM-GCC/bin/../lib/gcc/arm-none-eabi/4.7.4/../../../../arm-none-eabi/lib/armv7-m/libc.a(lib_a-freer.o)
 .ARM.attributes
                0x000003e9       0x2d /home/laurence/ARM-GCC/bin/../lib/gcc/arm-none-eabi/4.7.4/../../../../arm-none-eabi/lib/armv7-m/libc.a(lib_a-reent.o)
 .ARM.attributes
                0x00000416       0x21 lib/CMSIS_CM3/startup/gcc/startup_stm32f10x_md.o
 .ARM.attributes
                0x00000437       0x33 lib/STM32F10x_StdPeriph_Driver/libstm32fw.a(misc.o)
 .ARM.attributes
                0x0000046a       0x33 lib/STM32F10x_StdPeriph_Driver/libstm32fw.a(stm32f10x_adc.o)
 .ARM.attributes
                0x0000049d       0x33 lib/STM32F10x_StdPeriph_Driver/libstm32fw.a(stm32f10x_bkp.o)
 .ARM.attributes
                0x000004d0       0x33 lib/STM32F10x_StdPeriph_Driver/libstm32fw.a(stm32f10x_dbgmcu.o)
 .ARM.attributes
                0x00000503       0x33 lib/STM32F10x_StdPeriph_Driver/libstm32fw.a(stm32f10x_dma.o)
 .ARM.attributes
                0x00000536       0x33 lib/STM32F10x_StdPeriph_Driver/libstm32fw.a(stm32f10x_exti.o)
 .ARM.attributes
                0x00000569       0x33 lib/STM32F10x_StdPeriph_Driver/libstm32fw.a(stm32f10x_gpio.o)
 .ARM.attributes
                0x0000059c       0x33 lib/STM32F10x_StdPeriph_Driver/libstm32fw.a(stm32f10x_i2c.o)
 .ARM.attributes
                0x000005cf       0x33 lib/STM32F10x_StdPeriph_Driver/libstm32fw.a(stm32f10x_iwdg.o)
 .ARM.attributes
                0x00000602       0x33 lib/STM32F10x_StdPeriph_Driver/libstm32fw.a(stm32f10x_pwr.o)
 .ARM.attributes
                0x00000635       0x33 lib/STM32F10x_StdPeriph_Driver/libstm32fw.a(stm32f10x_rcc.o)
 .ARM.attributes
                0x00000668       0x33 lib/STM32F10x_StdPeriph_Driver/libstm32fw.a(stm32f10x_rtc.o)
 .ARM.attributes
                0x0000069b       0x33 lib/STM32F10x_StdPeriph_Driver/libstm32fw.a(stm32f10x_spi.o)
 .ARM.attributes
                0x000006ce       0x33 lib/STM32F10x_StdPeriph_Driver/libstm32fw.a(stm32f10x_usart.o)
 .ARM.attributes
                0x00000701       0x33 lib/STM32_USB-FS-Device_Driver/libstm32usb.a(usb_core.o)
 .ARM.attributes
                0x00000734       0x33 lib/STM32_USB-FS-Device_Driver/libstm32usb.a(usb_init.o)
 .ARM.attributes
                0x00000767       0x33 lib/STM32_USB-FS-Device_Driver/libstm32usb.a(usb_int.o)
 .ARM.attributes
                0x0000079a       0x33 lib/STM32_USB-FS-Device_Driver/libstm32usb.a(usb_mem.o)
 .ARM.attributes
                0x000007cd       0x33 lib/STM32_USB-FS-Device_Driver/libstm32usb.a(usb_regs.o)
 .ARM.attributes
                0x00000800       0x33 lib/STM32_USB-FS-Device_Driver/libstm32usb.a(usb_sil.o)
 .ARM.attributes
                0x00000833       0x2d /home/laurence/ARM-GCC/bin/../lib/gcc/arm-none-eabi/4.7.4/../../../../arm-none-eabi/lib/armv7-m/libc.a(lib_a-impure.o)
 .ARM.attributes
                0x00000860       0x2d /home/laurence/ARM-GCC/bin/../lib/gcc/arm-none-eabi/4.7.4/../../../../arm-none-eabi/lib/armv7-m/libc.a(lib_a-memset.o)
 .ARM.attributes
                0x0000088d       0x1d /home/laurence/ARM-GCC/bin/../lib/gcc/arm-none-eabi/4.7.4/armv7-m/crtn.o
 .ARM.attributes
                0x000008aa       0x2d /home/laurence/ARM-GCC/bin/../lib/gcc/arm-none-eabi/4.7.4/../../../../arm-none-eabi/lib/armv7-m/libnosys.a(sbrk.o)

.debug
 *(.debug)

.line
 *(.line)

.debug_srcinfo
 *(.debug_srcinfo)

.debug_sfnames
 *(.debug_sfnames)

.debug_aranges
 *(.debug_aranges)

.debug_pubnames
 *(.debug_pubnames)

.debug_info
 *(.debug_info .gnu.linkonce.wi.*)

.debug_abbrev
 *(.debug_abbrev)

.debug_line
 *(.debug_line)

.debug_frame    0x00000000      0x1ec
 *(.debug_frame)
 .debug_frame   0x00000000       0x30 /home/laurence/ARM-GCC/bin/../lib/gcc/arm-none-eabi/4.7.4/../../../../arm-none-eabi/lib/armv7-m/libc.a(lib_a-malloc.o)
 .debug_frame   0x00000030       0x38 /home/laurence/ARM-GCC/bin/../lib/gcc/arm-none-eabi/4.7.4/../../../../arm-none-eabi/lib/armv7-m/libc.a(lib_a-mallocr.o)
 .debug_frame   0x00000068       0x30 /home/laurence/ARM-GCC/bin/../lib/gcc/arm-none-eabi/4.7.4/../../../../arm-none-eabi/lib/armv7-m/libc.a(lib_a-mlock.o)
 .debug_frame   0x00000098       0x2c /home/laurence/ARM-GCC/bin/../lib/gcc/arm-none-eabi/4.7.4/../../../../arm-none-eabi/lib/armv7-m/libc.a(lib_a-sbrkr.o)
 .debug_frame   0x000000c4       0x20 /home/laurence/ARM-GCC/bin/../lib/gcc/arm-none-eabi/4.7.4/../../../../arm-none-eabi/lib/armv7-m/libc.a(lib_a-strlen.o)
 .debug_frame   0x000000e4       0x50 /home/laurence/ARM-GCC/bin/../lib/gcc/arm-none-eabi/4.7.4/../../../../arm-none-eabi/lib/armv7-m/libc.a(lib_a-freer.o)
 .debug_frame   0x00000134       0x6c /home/laurence/ARM-GCC/bin/../lib/gcc/arm-none-eabi/4.7.4/../../../../arm-none-eabi/lib/armv7-m/libc.a(lib_a-reent.o)
 .debug_frame   0x000001a0       0x2c /home/laurence/ARM-GCC/bin/../lib/gcc/arm-none-eabi/4.7.4/../../../../arm-none-eabi/lib/armv7-m/libc.a(lib_a-memset.o)
 .debug_frame   0x000001cc       0x20 /home/laurence/ARM-GCC/bin/../lib/gcc/arm-none-eabi/4.7.4/../../../../arm-none-eabi/lib/armv7-m/libnosys.a(sbrk.o)

.debug_str
 *(.debug_str)

.debug_loc
 *(.debug_loc)

.debug_macinfo
 *(.debug_macinfo)

.debug_weaknames
 *(.debug_weaknames)

.debug_funcnames
 *(.debug_funcnames)

.debug_typenames
 *(.debug_typenames)

.debug_varnames
 *(.debug_varnames)
OUTPUT(main.elf elf32-littlearm)

Cross Reference Table

Symbol                                            File
ADC1_2_IRQHandler                                 /tmp/cc0bhVkl.ltrans7.ltrans.o
                                                  lib/CMSIS_CM3/startup/gcc/startup_stm32f10x_md.o
ADC_AnalogWatchdogCmd                             lib/STM32F10x_StdPeriph_Driver/libstm32fw.a(stm32f10x_adc.o)
ADC_AnalogWatchdogSingleChannelConfig             lib/STM32F10x_StdPeriph_Driver/libstm32fw.a(stm32f10x_adc.o)
ADC_AnalogWatchdogThresholdsConfig                lib/STM32F10x_StdPeriph_Driver/libstm32fw.a(stm32f10x_adc.o)
ADC_AutoInjectedConvCmd                           lib/STM32F10x_StdPeriph_Driver/libstm32fw.a(stm32f10x_adc.o)
ADC_ClearFlag                                     lib/STM32F10x_StdPeriph_Driver/libstm32fw.a(stm32f10x_adc.o)
                                                  /tmp/cc0bhVkl.ltrans7.ltrans.o
ADC_ClearITPendingBit                             lib/STM32F10x_StdPeriph_Driver/libstm32fw.a(stm32f10x_adc.o)
                                                  /tmp/cc0bhVkl.ltrans7.ltrans.o
ADC_Cmd                                           lib/STM32F10x_StdPeriph_Driver/libstm32fw.a(stm32f10x_adc.o)
                                                  /tmp/cc0bhVkl.ltrans1.ltrans.o
ADC_DMACmd                                        lib/STM32F10x_StdPeriph_Driver/libstm32fw.a(stm32f10x_adc.o)
ADC_DeInit                                        lib/STM32F10x_StdPeriph_Driver/libstm32fw.a(stm32f10x_adc.o)
                                                  /tmp/cc0bhVkl.ltrans1.ltrans.o
ADC_DiscModeChannelCountConfig                    lib/STM32F10x_StdPeriph_Driver/libstm32fw.a(stm32f10x_adc.o)
ADC_DiscModeCmd                                   lib/STM32F10x_StdPeriph_Driver/libstm32fw.a(stm32f10x_adc.o)
ADC_ExternalTrigConvCmd                           lib/STM32F10x_StdPeriph_Driver/libstm32fw.a(stm32f10x_adc.o)
ADC_ExternalTrigInjectedConvCmd                   lib/STM32F10x_StdPeriph_Driver/libstm32fw.a(stm32f10x_adc.o)
ADC_ExternalTrigInjectedConvConfig                lib/STM32F10x_StdPeriph_Driver/libstm32fw.a(stm32f10x_adc.o)
                                                  /tmp/cc0bhVkl.ltrans1.ltrans.o
ADC_GetCalibrationStatus                          lib/STM32F10x_StdPeriph_Driver/libstm32fw.a(stm32f10x_adc.o)
                                                  /tmp/cc0bhVkl.ltrans1.ltrans.o
ADC_GetConversionValue                            lib/STM32F10x_StdPeriph_Driver/libstm32fw.a(stm32f10x_adc.o)
                                                  /tmp/cc0bhVkl.ltrans7.ltrans.o
ADC_GetDualModeConversionValue                    lib/STM32F10x_StdPeriph_Driver/libstm32fw.a(stm32f10x_adc.o)
ADC_GetFlagStatus                                 lib/STM32F10x_StdPeriph_Driver/libstm32fw.a(stm32f10x_adc.o)
                                                  /tmp/cc0bhVkl.ltrans7.ltrans.o
ADC_GetITStatus                                   lib/STM32F10x_StdPeriph_Driver/libstm32fw.a(stm32f10x_adc.o)
                                                  /tmp/cc0bhVkl.ltrans7.ltrans.o
ADC_GetInjectedConversionValue                    lib/STM32F10x_StdPeriph_Driver/libstm32fw.a(stm32f10x_adc.o)
                                                  /tmp/cc0bhVkl.ltrans7.ltrans.o
ADC_GetResetCalibrationStatus                     lib/STM32F10x_StdPeriph_Driver/libstm32fw.a(stm32f10x_adc.o)
                                                  /tmp/cc0bhVkl.ltrans1.ltrans.o