Archive member included because of file (symbol)

lib/STM32F10x_StdPeriph_Driver/libstm32fw.a(misc.o)
                              interrupts.o (symbol from plugin) (NVIC_PriorityGroupConfig)
lib/STM32F10x_StdPeriph_Driver/libstm32fw.a(stm32f10x_adc.o)
                              adc.o (symbol from plugin) (ADC_DeInit)
lib/STM32F10x_StdPeriph_Driver/libstm32fw.a(stm32f10x_bkp.o)
                              Util/fat_fs/src/rtc.o (symbol from plugin) (BKP_DeInit)
lib/STM32F10x_StdPeriph_Driver/libstm32fw.a(stm32f10x_dbgmcu.o)
                              main.o (symbol from plugin) (DBGMCU_Config)
lib/STM32F10x_StdPeriph_Driver/libstm32fw.a(stm32f10x_dma.o)
                              Silabs/si446x.o (symbol from plugin) (DMA_DeInit)
lib/STM32F10x_StdPeriph_Driver/libstm32fw.a(stm32f10x_exti.o)
                              Silabs/si446x.o (symbol from plugin) (EXTI_DeInit)
lib/STM32F10x_StdPeriph_Driver/libstm32fw.a(stm32f10x_gpio.o)
                              Silabs/si446x.o (symbol from plugin) (GPIO_Init)
lib/STM32F10x_StdPeriph_Driver/libstm32fw.a(stm32f10x_i2c.o)
                              i2c_int.o (symbol from plugin) (I2C_DeInit)
lib/STM32F10x_StdPeriph_Driver/libstm32fw.a(stm32f10x_iwdg.o)
                              watchdog.o (symbol from plugin) (IWDG_WriteAccessCmd)
lib/STM32F10x_StdPeriph_Driver/libstm32fw.a(stm32f10x_pwr.o)
                              pwr.o (symbol from plugin) (PWR_DeInit)
lib/STM32F10x_StdPeriph_Driver/libstm32fw.a(stm32f10x_rcc.o)
                              interrupts.o (symbol from plugin) (RCC_HCLKConfig)
lib/STM32F10x_StdPeriph_Driver/libstm32fw.a(stm32f10x_rtc.o)
                              Util/fat_fs/src/rtc.o (symbol from plugin) (RTC_GetCounter)
lib/STM32F10x_StdPeriph_Driver/libstm32fw.a(stm32f10x_spi.o)
                              Util/fat_fs/src/sd_spi_stm32.o (symbol from plugin) (SPI_I2S_DeInit)
lib/STM32F10x_StdPeriph_Driver/libstm32fw.a(stm32f10x_tim.o)
                              pwm.o (symbol from plugin) (TIM_TimeBaseInit)
lib/STM32F10x_StdPeriph_Driver/libstm32fw.a(stm32f10x_usart.o)
                              usart.o (symbol from plugin) (USART_DeInit)
lib/STM32_USB-FS-Device_Driver/libstm32usb.a(usb_core.o)
                              Util/USB/usb_prop.o (symbol from plugin) (Standard_GetDescriptorData)
lib/STM32_USB-FS-Device_Driver/libstm32usb.a(usb_init.o)
                              main.o (symbol from plugin) (USB_Init)
lib/STM32_USB-FS-Device_Driver/libstm32usb.a(usb_int.o)
                              Util/USB/usb_istr.o (symbol from plugin) (CTR_LP)
lib/STM32_USB-FS-Device_Driver/libstm32usb.a(usb_mem.o)
                              lib/STM32_USB-FS-Device_Driver/libstm32usb.a(usb_core.o) (UserToPMABufferCopy)
lib/STM32_USB-FS-Device_Driver/libstm32usb.a(usb_regs.o)
                              Util/USB/usb_prop.o (symbol from plugin) (SetBTABLE)
lib/STM32_USB-FS-Device_Driver/libstm32usb.a(usb_sil.o)
                              Util/USB/usb_prop.o (symbol from plugin) (USB_SIL_Init)
/home/laurence/ARM-GCC/gcc-arm-none-eabi-4_9-2014q4/bin/../lib/gcc/arm-none-eabi/4.9.3/../../../../arm-none-eabi/lib/armv7-m/libg.a(lib_a-exit.o)
                              /home/laurence/ARM-GCC/gcc-arm-none-eabi-4_9-2014q4/bin/../lib/gcc/arm-none-eabi/4.9.3/../../../../arm-none-eabi/lib/armv7-m/crt0.o (exit)
/home/laurence/ARM-GCC/gcc-arm-none-eabi-4_9-2014q4/bin/../lib/gcc/arm-none-eabi/4.9.3/../../../../arm-none-eabi/lib/armv7-m/libg.a(lib_a-impure.o)
                              /home/laurence/ARM-GCC/gcc-arm-none-eabi-4_9-2014q4/bin/../lib/gcc/arm-none-eabi/4.9.3/../../../../arm-none-eabi/lib/armv7-m/libg.a(lib_a-exit.o) (_global_impure_ptr)
/home/laurence/ARM-GCC/gcc-arm-none-eabi-4_9-2014q4/bin/../lib/gcc/arm-none-eabi/4.9.3/../../../../arm-none-eabi/lib/armv7-m/libg.a(lib_a-init.o)
                              /home/laurence/ARM-GCC/gcc-arm-none-eabi-4_9-2014q4/bin/../lib/gcc/arm-none-eabi/4.9.3/../../../../arm-none-eabi/lib/armv7-m/crt0.o (__libc_init_array)
/home/laurence/ARM-GCC/gcc-arm-none-eabi-4_9-2014q4/bin/../lib/gcc/arm-none-eabi/4.9.3/../../../../arm-none-eabi/lib/armv7-m/libg.a(lib_a-memset.o)
                              /home/laurence/ARM-GCC/gcc-arm-none-eabi-4_9-2014q4/bin/../lib/gcc/arm-none-eabi/4.9.3/../../../../arm-none-eabi/lib/armv7-m/crt0.o (memset)
/home/laurence/ARM-GCC/gcc-arm-none-eabi-4_9-2014q4/bin/../lib/gcc/arm-none-eabi/4.9.3/../../../../arm-none-eabi/lib/armv7-m/libg.a(lib_a-__call_atexit.o)
                              /home/laurence/ARM-GCC/gcc-arm-none-eabi-4_9-2014q4/bin/../lib/gcc/arm-none-eabi/4.9.3/../../../../arm-none-eabi/lib/armv7-m/libg.a(lib_a-exit.o) (__call_exitprocs)
/home/laurence/ARM-GCC/gcc-arm-none-eabi-4_9-2014q4/bin/../lib/gcc/arm-none-eabi/4.9.3/../../../../arm-none-eabi/lib/armv7-m/libg.a(lib_a-atexit.o)
[...]
Memory Configuration

Name             Origin             Length             Attributes
RAM              0x20000000         0x00005000         xrw
FLASH            0x08000000         0x00020000         xr
FLASHB1          0x00000000         0x00000000         xr
EXTMEMB0         0x00000000         0x00000000         xr
EXTMEMB1         0x00000000         0x00000000         xr
EXTMEMB2         0x00000000         0x00000000         xr
EXTMEMB3         0x00000000         0x00000000         xr
STARTFLASH       0x00000000         0xffffffff
CRPPATCH         0x00000000         0xffffffff
FLASHPATCH       0x00000000         0xffffffff
ENDFLASH         0x00000000         0xffffffff
*default*        0x00000000         0xffffffff

Linker script and memory map

LOAD /home/laurence/ARM-GCC/gcc-arm-none-eabi-4_9-2014q4/bin/../lib/gcc/arm-none-eabi/4.9.3/armv7-m/crti.o
LOAD /home/laurence/ARM-GCC/gcc-arm-none-eabi-4_9-2014q4/bin/../lib/gcc/arm-none-eabi/4.9.3/armv7-m/crtbegin.o
LOAD /home/laurence/ARM-GCC/gcc-arm-none-eabi-4_9-2014q4/bin/../lib/gcc/arm-none-eabi/4.9.3/../../../../arm-none-eabi/lib/armv7-m/crt0.o
LOAD Silabs/si446x.o
LOAD /tmp/cczvbUkr.ltrans0.ltrans.o
LOAD /tmp/cczvbUkr.ltrans1.ltrans.o
LOAD /tmp/cczvbUkr.ltrans2.ltrans.o
LOAD /tmp/cczvbUkr.ltrans3.ltrans.o
LOAD /tmp/cczvbUkr.ltrans4.ltrans.o
LOAD /tmp/cczvbUkr.ltrans5.ltrans.o
LOAD /tmp/cczvbUkr.ltrans6.ltrans.o
LOAD /tmp/cczvbUkr.ltrans7.ltrans.o
LOAD /tmp/cczvbUkr.ltrans8.ltrans.o
LOAD /home/laurence/ARM-GCC/gcc-arm-none-eabi-4_9-2014q4/bin/../lib/gcc/arm-none-eabi/4.9.3/armv7-m/libgcc.a
LOAD /home/laurence/ARM-GCC/gcc-arm-none-eabi-4_9-2014q4/bin/../lib/gcc/arm-none-eabi/4.9.3/../../../../arm-none-eabi/lib/armv7-m/libg.a
LOAD /home/laurence/ARM-GCC/gcc-arm-none-eabi-4_9-2014q4/bin/../lib/gcc/arm-none-eabi/4.9.3/../../../../arm-none-eabi/lib/armv7-m/libc.a
LOAD Ublox/ubx.o
LOAD Util/USB/hw_config.o
LOAD Util/USB/mass_mal.o
LOAD Util/USB/memory.o
LOAD Util/USB/scsi_data.o
LOAD Util/USB/usb_bot.o
LOAD Util/USB/usb_desc.o
LOAD Util/USB/usb_endp.o
LOAD Util/USB/usb_istr.o
LOAD Util/USB/usb_prop.o
LOAD Util/USB/usb_pwr.o
LOAD Util/USB/usb_scsi.o
LOAD Util/buffer.o
LOAD Util/crc.o
LOAD Util/delay.o
LOAD Util/fat_fs/option/ccsbcs.o
LOAD Util/fat_fs/src/fattime.o
LOAD Util/fat_fs/src/ff.o
LOAD Util/fat_fs/src/rtc.o
LOAD Util/fat_fs/src/sd_spi_stm32.o
LOAD Util/polygon.o
LOAD Util/rprintf.o
LOAD Util/wave.o
LOAD adc.o
LOAD dma.o
LOAD gpio.o
LOAD i2c_int.o
LOAD interrupts.o
LOAD lib/CMSIS_CM3/core_cm3.o
LOAD lib/CMSIS_CM3/startup/gcc/startup_stm32f10x_md.o
LOAD lib/CMSIS_CM3/system_stm32f10x.o
LOAD main.o
LOAD pwm.o
LOAD pwr.o
LOAD usart.o
LOAD watchdog.o
LOAD lib/STM32F10x_StdPeriph_Driver/libstm32fw.a
LOAD lib/STM32_USB-FS-Device_Driver/libstm32usb.a
LOAD /home/laurence/ARM-GCC/gcc-arm-none-eabi-4_9-2014q4/bin/../lib/gcc/arm-none-eabi/4.9.3/../../../../arm-none-eabi/lib/armv7-m/libm.a
LOAD /home/laurence/ARM-GCC/gcc-arm-none-eabi-4_9-2014q4/bin/../lib/gcc/arm-none-eabi/4.9.3/../../../../arm-none-eabi/lib/armv7-m/libnosys.a
START GROUP
LOAD /home/laurence/ARM-GCC/gcc-arm-none-eabi-4_9-2014q4/bin/../lib/gcc/arm-none-eabi/4.9.3/armv7-m/libgcc.a
LOAD /home/laurence/ARM-GCC/gcc-arm-none-eabi-4_9-2014q4/bin/../lib/gcc/arm-none-eabi/4.9.3/../../../../arm-none-eabi/lib/armv7-m/libg.a
LOAD /home/laurence/ARM-GCC/gcc-arm-none-eabi-4_9-2014q4/bin/../lib/gcc/arm-none-eabi/4.9.3/../../../../arm-none-eabi/lib/armv7-m/libc.a
END GROUP
LOAD /home/laurence/ARM-GCC/gcc-arm-none-eabi-4_9-2014q4/bin/../lib/gcc/arm-none-eabi/4.9.3/armv7-m/crtend.o
LOAD /home/laurence/ARM-GCC/gcc-arm-none-eabi-4_9-2014q4/bin/../lib/gcc/arm-none-eabi/4.9.3/armv7-m/crtn.o
                0x00002000                __Stack_Size = 0x2000
                0x00002000                PROVIDE (_Stack_Size, __Stack_Size)
                0x20003000                __Stack_Init = (_estack - __Stack_Size)
                0x20003000                PROVIDE (_Stack_Init, __Stack_Init)
                0x00002000                _Minimum_Stack_Size = 0x2000
                0x00000000                PROVIDE (Undefined_Handler, 0x0)
                0x00000000                PROVIDE (SWI_Handler, 0x0)
                0x00000000                PROVIDE (IRQ_Handler, 0x0)
                0x00000000                PROVIDE (Prefetch_Handler, 0x0)
                0x00000000                PROVIDE (Abort_Handler, 0x0)
                0x00000000                PROVIDE (FIQ_Handler, 0x0)
                0x00000000                PROVIDE (NMIException, 0x0)
                0x00000000                PROVIDE (NMI_Handler, 0x0)
                0x00000000                PROVIDE (HardFaultException, 0x0)
                0x00000000                PROVIDE (HardFault_Handler, 0x0)
                0x00000000                PROVIDE (MemManageException, 0x0)
                0x00000000                PROVIDE (MemManage_Handler, 0x0)
                0x00000000                PROVIDE (BusFaultException, 0x0)
                0x00000000                PROVIDE (BusFault_Handler, 0x0)
                0x00000000                PROVIDE (UsageFaultException, 0x0)
                0x00000000                PROVIDE (UsageFault_Handler, 0x0)
                0x00000000                PROVIDE (SVCHandler, 0x0)
                0x00000000                PROVIDE (SVC_Handler, 0x0)
                0x00000000                PROVIDE (DebugMonitor, 0x0)
                0x00000000                PROVIDE (DebugMon_Handler, 0x0)
                0x00000000                PROVIDE (PendSVC, 0x0)
                0x00000000                PROVIDE (PendSV_Handler, 0x0)
                0x00000000                PROVIDE (SysTickHandler, 0x0)
                0x00000000                PROVIDE (SysTick_Handler, 0x0)
                0x00000000                PROVIDE (WWDG_IRQHandler, 0x0)
                0x00000000                PROVIDE (PVD_IRQHandler, 0x0)
                0x00000000                PROVIDE (TAMPER_IRQHandler, 0x0)
                0x00000000                PROVIDE (RTC_IRQHandler, 0x0)
                0x00000000                PROVIDE (FLASH_IRQHandler, 0x0)
                0x00000000                PROVIDE (RCC_IRQHandler, 0x0)
                0x00000000                PROVIDE (EXTI0_IRQHandler, 0x0)
                0x00000000                PROVIDE (EXTI1_IRQHandler, 0x0)
                0x00000000                PROVIDE (EXTI2_IRQHandler, 0x0)
                0x00000000                PROVIDE (EXTI3_IRQHandler, 0x0)
                0x00000000                PROVIDE (EXTI4_IRQHandler, 0x0)
                0x00000000                PROVIDE (DMAChannel1_IRQHandler, 0x0)
                0x00000000                PROVIDE (DMAChannel2_IRQHandler, 0x0)
                0x00000000                PROVIDE (DMAChannel3_IRQHandler, 0x0)
                0x00000000                PROVIDE (DMAChannel4_IRQHandler, 0x0)
                0x00000000                PROVIDE (DMAChannel5_IRQHandler, 0x0)
                0x00000000                PROVIDE (DMAChannel6_IRQHandler, 0x0)
                0x00000000                PROVIDE (DMAChannel7_IRQHandler, 0x0)
                0x00000000                PROVIDE (DMA1_Channel1_IRQHandler, 0x0)
                0x00000000                PROVIDE (DMA1_Channel2_IRQHandler, 0x0)
                0x00000000                PROVIDE (DMA1_Channel3_IRQHandler, 0x0)
                0x00000000                PROVIDE (DMA1_Channel4_IRQHandler, 0x0)
                0x00000000                PROVIDE (DMA1_Channel5_IRQHandler, 0x0)
                0x00000000                PROVIDE (DMA1_Channel6_IRQHandler, 0x0)
                0x00000000                PROVIDE (DMA1_Channel7_IRQHandler, 0x0)
                0x00000000                PROVIDE (ADC_IRQHandler, 0x0)
                0x00000000                PROVIDE (ADC1_2_IRQHandler, 0x0)
                0x00000000                PROVIDE (USB_HP_CAN_TX_IRQHandler, 0x0)
                0x00000000                PROVIDE (USB_HP_CAN1_TX_IRQHandler, 0x0)
                0x00000000                PROVIDE (USB_LP_CAN_RX0_IRQHandler, 0x0)
                0x00000000                PROVIDE (USB_LP_CAN1_RX0_IRQHandler, 0x0)
                0x00000000                PROVIDE (CAN_RX1_IRQHandler, 0x0)
                0x00000000                PROVIDE (CAN1_RX1_IRQHandler, 0x0)
                0x00000000                PROVIDE (CAN_SCE_IRQHandler, 0x0)
                0x00000000                PROVIDE (CAN1_SCE_IRQHandler, 0x0)
                0x00000000                PROVIDE (EXTI9_5_IRQHandler, 0x0)
                0x00000000                PROVIDE (TIM1_BRK_IRQHandler, 0x0)
                0x00000000                PROVIDE (TIM1_UP_IRQHandler, 0x0)
                0x00000000                PROVIDE (TIM1_TRG_COM_IRQHandler, 0x0)
                0x00000000                PROVIDE (TIM1_CC_IRQHandler, 0x0)
                0x00000000                PROVIDE (TIM2_IRQHandler, 0x0)
                0x00000000                PROVIDE (TIM3_IRQHandler, 0x0)
                0x00000000                PROVIDE (TIM4_IRQHandler, 0x0)
                0x00000000                PROVIDE (I2C1_EV_IRQHandler, 0x0)
                0x00000000                PROVIDE (I2C1_ER_IRQHandler, 0x0)
                0x00000000                PROVIDE (I2C2_EV_IRQHandler, 0x0)
                0x00000000                PROVIDE (I2C2_ER_IRQHandler, 0x0)
                0x00000000                PROVIDE (SPI1_IRQHandler, 0x0)
                0x00000000                PROVIDE (SPI2_IRQHandler, 0x0)
                0x00000000                PROVIDE (USART1_IRQHandler, 0x0)
                0x00000000                PROVIDE (USART2_IRQHandler, 0x0)
                0x00000000                PROVIDE (USART3_IRQHandler, 0x0)
                0x00000000                PROVIDE (EXTI15_10_IRQHandler, 0x0)
                0x00000000                PROVIDE (RTCAlarm_IRQHandler, 0x0)
                0x00000000                PROVIDE (USBWakeUp_IRQHandler, 0x0)
                0x00000000                PROVIDE (TIM8_BRK_IRQHandler, 0x0)
                0x00000000                PROVIDE (TIM8_UP_IRQHandler, 0x0)
                0x00000000                PROVIDE (TIM8_TRG_COM_IRQHandler, 0x0)
                0x00000000                PROVIDE (TIM8_CC_IRQHandler, 0x0)
                0x00000000                PROVIDE (ADC3_IRQHandler, 0x0)
                0x00000000                PROVIDE (FSMC_IRQHandler, 0x0)
                0x00000000                PROVIDE (SDIO_IRQHandler, 0x0)
                0x00000000                PROVIDE (TIM5_IRQHandler, 0x0)
                0x00000000                PROVIDE (SPI3_IRQHandler, 0x0)
                0x00000000                PROVIDE (UART4_IRQHandler, 0x0)
                0x00000000                PROVIDE (UART5_IRQHandler, 0x0)
                0x00000000                PROVIDE (TIM6_IRQHandler, 0x0)
                0x00000000                PROVIDE (TIM7_IRQHandler, 0x0)
                0x00000000                PROVIDE (DMA2_Channel1_IRQHandler, 0x0)
                0x00000000                PROVIDE (DMA2_Channel2_IRQHandler, 0x0)
                0x00000000                PROVIDE (DMA2_Channel3_IRQHandler, 0x0)
                0x00000000                PROVIDE (DMA2_Channel4_5_IRQHandler, 0x0)
                0x42000000                PERIPH_BB_BASE = 0x42000000
                0x22000000                SRAM_BB_BASE = 0x22000000
                0x20000000                SRAM_BASE = 0x20000000
                0x40000000                PERIPH_BASE = 0x40000000
                0x40022000                PROVIDE (FLASH_BASE, 0x40022000)
                0x1ffff800                PROVIDE (OB_BASE, 0x1ffff800)
                0x40000000                APB1PERIPH_BASE = PERIPH_BASE
                0x40010000                APB2PERIPH_BASE = (PERIPH_BASE + 0x10000)
                0x40020000                AHBPERIPH_BASE = (PERIPH_BASE + 0x20000)
                0x40000000                PROVIDE (TIM2, (APB1PERIPH_BASE + 0x0))
                0x40000400                PROVIDE (TIM3, (APB1PERIPH_BASE + 0x400))
                0x40000800                PROVIDE (TIM4, (APB1PERIPH_BASE + 0x800))
                0x40002800                PROVIDE (RTC, (APB1PERIPH_BASE + 0x2800))
                0x40002c00                PROVIDE (WWDG, (APB1PERIPH_BASE + 0x2c00))
                0x40003000                PROVIDE (IWDG, (APB1PERIPH_BASE + 0x3000))
                0x40003800                PROVIDE (SPI2, (APB1PERIPH_BASE + 0x3800))
                0x40004400                PROVIDE (USART2, (APB1PERIPH_BASE + 0x4400))
                0x40004800                PROVIDE (USART3, (APB1PERIPH_BASE + 0x4800))
                0x40005400                PROVIDE (I2C1, (APB1PERIPH_BASE + 0x5400))
                0x40005800                PROVIDE (I2C2, (APB1PERIPH_BASE + 0x5800))
                0x40006400                PROVIDE (CAN, (APB1PERIPH_BASE + 0x6400))
                0x40006c00                PROVIDE (BKP, (APB1PERIPH_BASE + 0x6c00))
                0x40007000                PROVIDE (PWR, (APB1PERIPH_BASE + 0x7000))
                0x40010000                PROVIDE (AFIO, (APB2PERIPH_BASE + 0x0))
                0x40010400                PROVIDE (EXTI, (APB2PERIPH_BASE + 0x400))
                0x40010800                PROVIDE (GPIOA, (APB2PERIPH_BASE + 0x800))
                0x40010c00                PROVIDE (GPIOB, (APB2PERIPH_BASE + 0xc00))
                0x40011000                PROVIDE (GPIOC, (APB2PERIPH_BASE + 0x1000))
                0x40011400                PROVIDE (GPIOD, (APB2PERIPH_BASE + 0x1400))
                0x40011800                PROVIDE (GPIOE, (APB2PERIPH_BASE + 0x1800))
                0x40012400                PROVIDE (ADC1, (APB2PERIPH_BASE + 0x2400))
                0x40012800                PROVIDE (ADC2, (APB2PERIPH_BASE + 0x2800))
                0x40012c00                PROVIDE (TIM1, (APB2PERIPH_BASE + 0x2c00))
                0x40013000                PROVIDE (SPI1, (APB2PERIPH_BASE + 0x3000))
                0x40013800                PROVIDE (USART1, (APB2PERIPH_BASE + 0x3800))
                0x40020000                PROVIDE (DMA, (AHBPERIPH_BASE + 0x0))
                0x40020008                PROVIDE (DMA_Channel1, (AHBPERIPH_BASE + 0x8))
                0x4002001c                PROVIDE (DMA_Channel2, (AHBPERIPH_BASE + 0x1c))
                0x40020030                PROVIDE (DMA_Channel3, (AHBPERIPH_BASE + 0x30))
                0x40020044                PROVIDE (DMA_Channel4, (AHBPERIPH_BASE + 0x44))
                0x40020058                PROVIDE (DMA_Channel5, (AHBPERIPH_BASE + 0x58))
                0x4002006c                PROVIDE (DMA_Channel6, (AHBPERIPH_BASE + 0x6c))
                0x40020080                PROVIDE (DMA_Channel7, (AHBPERIPH_BASE + 0x80))
                0x40021000                PROVIDE (RCC, (AHBPERIPH_BASE + 0x1000))
                0xe000e000                SCS_BASE = 0xe000e000
                0xe000e010                PROVIDE (SysTick, (SCS_BASE + 0x10))
                0xe000e100                PROVIDE (NVIC, (SCS_BASE + 0x100))
                0xe000ed00                PROVIDE (SCB, (SCS_BASE + 0xd00))
                0x20005000                PROVIDE (_estack, (ORIGIN (RAM) + 0x5000))

.isr_vector     0x08000000      0x10c
                0x08000000                . = ALIGN (0x4)
 *(.isr_vector)
 .isr_vector    0x08000000      0x10c lib/CMSIS_CM3/startup/gcc/startup_stm32f10x_md.o
                0x08000000                g_pfnVectors
                0x0800010c                . = ALIGN (0x4)

.flash_start    0x00000000        0x0
                0x00000000                . = ALIGN (0x4)
 *(.flash_start)
 *(.flash_start.*)
                0x00000000                . = ALIGN (0x4)

.crp_patch      0x00000000        0x0
                0x00000000                . = ALIGN (0x4)
 *(.crp_patch)
                0x00000000                . = ALIGN (0x4)

.flashtext      0x0800010c        0x0
                0x0800010c                . = ALIGN (0x4)
 *(.flashtext)
                0x0800010c                . = ALIGN (0x4)

.text           0x08000110     0xbf70
                0x08000110                . = ALIGN (0x4)
 *(.text)
 .text          0x08000110      0x370 /home/laurence/ARM-GCC/gcc-arm-none-eabi-4_9-2014q4/bin/../lib/gcc/arm-none-eabi/4.9.3/armv7-m/libgcc.a(_arm_addsubdf3.o)
                0x08000110                __aeabi_drsub
                0x08000118                __aeabi_dsub
                0x08000118                __subdf3
                0x0800011c                __adddf3
                0x0800011c                __aeabi_dadd
                0x08000394                __aeabi_ui2d
                0x08000394                __floatunsidf
                0x080003b4                __floatsidf
                0x080003b4                __aeabi_i2d
                0x080003d8                __extendsfdf2
                0x080003d8                __aeabi_f2d
                0x08000414                __aeabi_ul2d
                0x08000414                __floatundidf
                0x08000424                __floatdidf
                0x08000424                __aeabi_l2d
 .text          0x08000480      0x424 /home/laurence/ARM-GCC/gcc-arm-none-eabi-4_9-2014q4/bin/../lib/gcc/arm-none-eabi/4.9.3/armv7-m/libgcc.a(_arm_muldivdf3.o)
                0x08000480                __aeabi_dmul
                0x08000480                __muldf3
                0x080006d4                __aeabi_ddiv
                0x080006d4                __divdf3
 .text          0x080008a4      0x110 /home/laurence/ARM-GCC/gcc-arm-none-eabi-4_9-2014q4/bin/../lib/gcc/arm-none-eabi/4.9.3/armv7-m/libgcc.a(_arm_cmpdf2.o)
                0x080008a4                __gtdf2
                0x080008a4                __gedf2
                0x080008ac                __ltdf2
                0x080008ac                __ledf2
                0x080008b4                __cmpdf2
                0x080008b4                __eqdf2
                0x080008b4                __nedf2
                0x08000930                __aeabi_cdrcmple
                0x08000940                __aeabi_cdcmple
                0x08000940                __aeabi_cdcmpeq
                0x08000950                __aeabi_dcmpeq
                0x08000964                __aeabi_dcmplt
                0x08000978                __aeabi_dcmple
                0x0800098c                __aeabi_dcmpge
                0x080009a0                __aeabi_dcmpgt
 .text          0x080009b4       0x40 /home/laurence/ARM-GCC/gcc-arm-none-eabi-4_9-2014q4/bin/../lib/gcc/arm-none-eabi/4.9.3/armv7-m/libgcc.a(_arm_fixunsdfsi.o)
                0x080009b4                __fixunsdfsi
                0x080009b4                __aeabi_d2uiz
 .text          0x080009f4       0xa0 /home/laurence/ARM-GCC/gcc-arm-none-eabi-4_9-2014q4/bin/../lib/gcc/arm-none-eabi/4.9.3/armv7-m/libgcc.a(_arm_truncdfsf2.o)
                0x080009f4                __aeabi_d2f
                0x080009f4                __truncdfsf2
 .text          0x08000a94      0x21c /home/laurence/ARM-GCC/gcc-arm-none-eabi-4_9-2014q4/bin/../lib/gcc/arm-none-eabi/4.9.3/armv7-m/libgcc.a(_arm_addsubsf3.o)
                0x08000a94                __aeabi_frsub
                0x08000a9c                __subsf3
                0x08000a9c                __aeabi_fsub
                0x08000aa0                __aeabi_fadd
                0x08000aa0                __addsf3
                0x08000c00                __aeabi_ui2f
                0x08000c00                __floatunsisf
                0x08000c08                __aeabi_i2f
                0x08000c08                __floatsisf
                0x08000c24                __floatundisf
                0x08000c24                __aeabi_ul2f
                0x08000c34                __floatdisf
                0x08000c34                __aeabi_l2f
 .text          0x08000cb0      0x2a0 /home/laurence/ARM-GCC/gcc-arm-none-eabi-4_9-2014q4/bin/../lib/gcc/arm-none-eabi/4.9.3/armv7-m/libgcc.a(_arm_muldivsf3.o)
                0x08000cb0                __mulsf3
                0x08000cb0                __aeabi_fmul
                0x08000e18                __divsf3
                0x08000e18                __aeabi_fdiv
 .text          0x08000f50       0xec /home/laurence/ARM-GCC/gcc-arm-none-eabi-4_9-2014q4/bin/../lib/gcc/arm-none-eabi/4.9.3/armv7-m/libgcc.a(_arm_cmpsf2.o)
                0x08000f50                __gtsf2
                0x08000f50                __gesf2
                0x08000f58                __lesf2
                0x08000f58                __ltsf2
                0x08000f60                __nesf2
                0x08000f60                __eqsf2
                0x08000f60                __cmpsf2
                0x08000fc0                __aeabi_cfrcmple
                0x08000fc8                __aeabi_cfcmple
                0x08000fc8                __aeabi_cfcmpeq
                0x08000fd8                __aeabi_fcmpeq
                0x08000fec                __aeabi_fcmplt
                0x08001000                __aeabi_fcmple
                0x08001014                __aeabi_fcmpge
                0x08001028                __aeabi_fcmpgt
 .text          0x0800103c       0x40 /home/laurence/ARM-GCC/gcc-arm-none-eabi-4_9-2014q4/bin/../lib/gcc/arm-none-eabi/4.9.3/armv7-m/libgcc.a(_arm_fixunssfsi.o)
                0x0800103c                __aeabi_f2uiz
                0x0800103c                __fixunssfsi
 .text          0x0800107c       0xec /home/laurence/ARM-GCC/gcc-arm-none-eabi-4_9-2014q4/bin/../lib/gcc/arm-none-eabi/4.9.3/../../../../arm-none-eabi/lib/armv7-m/libg.a(lib_a-memcpy.o)
                0x0800107c                memcpy
 *(.text.*)
 .text.si446x_spi_state_machine
                0x08001168      0x290 /tmp/cczvbUkr.ltrans0.ltrans.o
 .text.si446x_set_modem
                0x080013f8      0x22c /tmp/cczvbUkr.ltrans0.ltrans.o
 .text.si446x_set_deviation_channel
                0x08001624      0x120 /tmp/cczvbUkr.ltrans0.ltrans.o
 .text.si446x_set_frequency
                0x08001744      0x1d0 /tmp/cczvbUkr.ltrans0.ltrans.o
 .text.si446x_state_machine
                0x08001914      0x31c /tmp/cczvbUkr.ltrans0.ltrans.o
 .text.Gps_Process_Byte
                0x08001c30      0x210 /tmp/cczvbUkr.ltrans0.ltrans.o
                0x08001c30                Gps_Process_Byte
 .text.EXTI15_10_IRQHandler
                0x08001e40       0x40 /tmp/cczvbUkr.ltrans0.ltrans.o
                0x08001e40                EXTI15_10_IRQHandler
 .text.DMA1_Channel2_IRQHandler
                0x08001e80       0x48 /tmp/cczvbUkr.ltrans0.ltrans.o
                0x08001e80                DMA1_Channel2_IRQHandler
 .text.DMA1_Channel3_IRQHandler
                0x08001ec8       0x48 /tmp/cczvbUkr.ltrans0.ltrans.o
                0x08001ec8                DMA1_Channel3_IRQHandler
 .text.USART3_IRQHandler
                0x08001f10       0x7c /tmp/cczvbUkr.ltrans0.ltrans.o
                0x08001f10                USART3_IRQHandler
 .text.EXTI0_IRQHandler
                0x08001f8c       0x38 /tmp/cczvbUkr.ltrans0.ltrans.o
                0x08001f8c                EXTI0_IRQHandler
 .text.si446x_setup
                0x08001fc4      0x400 /tmp/cczvbUkr.ltrans0.ltrans.o
                0x08001fc4                si446x_setup
 .text.silabs_cts_jammed
                0x080023c4       0x28 /tmp/cczvbUkr.ltrans0.ltrans.o
                0x080023c4                silabs_cts_jammed
 .text.get_from_silabs_buffer
                0x080023ec       0x1c /tmp/cczvbUkr.ltrans0.ltrans.o
                0x080023ec                get_from_silabs_buffer
 .text.send_string_to_silabs
                0x08002408       0x20 /tmp/cczvbUkr.ltrans0.ltrans.o
                0x08002408                send_string_to_silabs
 .text.ff_wtoupper
                0x08002428       0x24 /tmp/cczvbUkr.ltrans1.ltrans.o
 .text.crc_xmodem_update
                0x0800244c       0x28 /tmp/cczvbUkr.ltrans1.ltrans.o
 .text.sum_sfn.lto_priv.25
                0x08002474       0x1c /tmp/cczvbUkr.ltrans1.ltrans.o
                0x08002474                sum_sfn.lto_priv.25
 .text.fit_lfn.lto_priv.24
                0x08002490       0x64 /tmp/cczvbUkr.ltrans1.ltrans.o
                0x08002490                fit_lfn.lto_priv.24
 .text.cmp_lfn.lto_priv.27
                0x080024f4       0x9c /tmp/cczvbUkr.ltrans1.ltrans.o
                0x080024f4                cmp_lfn.lto_priv.27
 .text.clust2sect
                0x08002590       0x18 /tmp/cczvbUkr.ltrans1.ltrans.o
                0x08002590                clust2sect
 .text.move_window.lto_priv.18
                0x080025a8       0x7c /tmp/cczvbUkr.ltrans1.ltrans.o
                0x080025a8                move_window.lto_priv.18
 .text.put_fat  0x08002624      0x108 /tmp/cczvbUkr.ltrans1.ltrans.o
                0x08002624                put_fat
 .text.get_fat  0x0800272c       0xe8 /tmp/cczvbUkr.ltrans1.ltrans.o
                0x0800272c                get_fat
 .text.dir_sdi.lto_priv.20
                0x08002814       0x94 /tmp/cczvbUkr.ltrans1.ltrans.o
                0x08002814                dir_sdi.lto_priv.20
 .text.create_chain.lto_priv.16
                0x080028a8       0xac /tmp/cczvbUkr.ltrans1.ltrans.o
                0x080028a8                create_chain.lto_priv.16
 .text.remove_chain.lto_priv.11
                0x08002954       0x64 /tmp/cczvbUkr.ltrans1.ltrans.o
                0x08002954                remove_chain.lto_priv.11
 .text.chk_chr.lto_priv.21
                0x080029b8       0x10 /tmp/cczvbUkr.ltrans1.ltrans.o
                0x080029b8                chk_chr.lto_priv.21
 .text.mem_cmp.lto_priv.26
                0x080029c8       0x24 /tmp/cczvbUkr.ltrans1.ltrans.o
                0x080029c8                mem_cmp.lto_priv.26
 .text.mem_set.lto_priv.22
                0x080029ec       0x10 /tmp/cczvbUkr.ltrans1.ltrans.o
                0x080029ec                mem_set.lto_priv.22
 .text.dir_next.lto_priv.23
                0x080029fc      0x124 /tmp/cczvbUkr.ltrans1.ltrans.o
                0x080029fc                dir_next.lto_priv.23
 .text.sync.lto_priv.17
                0x08002b20       0xb8 /tmp/cczvbUkr.ltrans1.ltrans.o
                0x08002b20                sync.lto_priv.17
 .text.mem_cpy.lto_priv.19
                0x08002bd8       0x14 /tmp/cczvbUkr.ltrans1.ltrans.o
                0x08002bd8                mem_cpy.lto_priv.19
 .text.gen_numname
                0x08002bec       0x88 /tmp/cczvbUkr.ltrans1.ltrans.o
                0x08002bec                gen_numname
 .text.get_fattime
                0x08002c74       0x44 /tmp/cczvbUkr.ltrans1.ltrans.o
                0x08002c74                get_fattime
 .text.ff_convert
                0x08002cb8       0x40 /tmp/cczvbUkr.ltrans1.ltrans.o
                0x08002cb8                ff_convert
 .text.Delay    0x08002cf8       0x1c /tmp/cczvbUkr.ltrans1.ltrans.o
                0x08002cf8                Delay
 .text.string_CRC16_checksum
                0x08002d14       0x28 /tmp/cczvbUkr.ltrans1.ltrans.o
                0x08002d14                string_CRC16_checksum
 .text.init_buffer
                0x08002d3c       0x14 /tmp/cczvbUkr.ltrans1.ltrans.o
                0x08002d3c                init_buffer
 .text.Empty_Buffer
                0x08002d50        0x8 /tmp/cczvbUkr.ltrans1.ltrans.o
                0x08002d50                Empty_Buffer
 .text.Pop_From_Buffer
                0x08002d58       0x20 /tmp/cczvbUkr.ltrans1.ltrans.o
                0x08002d58                Pop_From_Buffer
 .text.Get_From_Buffer
                0x08002d78       0x40 /tmp/cczvbUkr.ltrans1.ltrans.o
                0x08002d78                Get_From_Buffer
 .text.Add_To_Buffer
                0x08002db8       0x50 /tmp/cczvbUkr.ltrans1.ltrans.o
                0x08002db8                Add_To_Buffer
 .text.SCSI_Format_Cmd
                0x08002e08       0x14 /tmp/cczvbUkr.ltrans1.ltrans.o
                0x08002e08                SCSI_Format_Cmd
 .text.SCSI_Start_Stop_Unit_Cmd
                0x08002e1c        0xc /tmp/cczvbUkr.ltrans1.ltrans.o
                0x08002e1c                SCSI_Start_Stop_Unit_Cmd
 .text.Set_Scsi_Sense_Data
                0x08002e28        0xc /tmp/cczvbUkr.ltrans1.ltrans.o
                0x08002e28                Set_Scsi_Sense_Data
 .text.SCSI_Address_Management
                0x08002e34       0x7c /tmp/cczvbUkr.ltrans1.ltrans.o
 .text.SCSI_Invalid_Cmd
                0x08002eb0       0x44 /tmp/cczvbUkr.ltrans1.ltrans.o
                0x08002eb0                SCSI_Invalid_Cmd
 .text.SCSI_TestUnitReady_Cmd
                0x08002ef4       0x34 /tmp/cczvbUkr.ltrans1.ltrans.o
                0x08002ef4                SCSI_TestUnitReady_Cmd
 .text.SCSI_Verify10_Cmd
                0x08002f28       0x3c /tmp/cczvbUkr.ltrans1.ltrans.o
                0x08002f28                SCSI_Verify10_Cmd
 .text.SCSI_Write10_Cmd
                0x08002f64       0x68 /tmp/cczvbUkr.ltrans1.ltrans.o
                0x08002f64                SCSI_Write10_Cmd
 .text.SCSI_Read10_Cmd
                0x08002fcc       0x68 /tmp/cczvbUkr.ltrans1.ltrans.o
                0x08002fcc                SCSI_Read10_Cmd
 .text.SCSI_RequestSense_Cmd
                0x08003034       0x1c /tmp/cczvbUkr.ltrans1.ltrans.o
                0x08003034                SCSI_RequestSense_Cmd
 .text.SCSI_ModeSense10_Cmd
                0x08003050       0x10 /tmp/cczvbUkr.ltrans1.ltrans.o
                0x08003050                SCSI_ModeSense10_Cmd
 .text.SCSI_ModeSense6_Cmd
                0x08003060       0x10 /tmp/cczvbUkr.ltrans1.ltrans.o
                0x08003060                SCSI_ModeSense6_Cmd
 .text.SCSI_ReadCapacity10_Cmd
                0x08003070       0x78 /tmp/cczvbUkr.ltrans1.ltrans.o
                0x08003070                SCSI_ReadCapacity10_Cmd
 .text.SCSI_ReadFormatCapacity_Cmd
                0x080030e8       0x74 /tmp/cczvbUkr.ltrans1.ltrans.o
                0x080030e8                SCSI_ReadFormatCapacity_Cmd
 .text.SCSI_Inquiry_Cmd
                0x0800315c       0x40 /tmp/cczvbUkr.ltrans1.ltrans.o
                0x0800315c                SCSI_Inquiry_Cmd
 .text.rStrLen  0x0800319c       0x14 /tmp/cczvbUkr.ltrans2.ltrans.o
 .text.Isdigit  0x080031b0       0x10 /tmp/cczvbUkr.ltrans2.ltrans.o
 .text.atoiRamRom
                0x080031c0       0x2c /tmp/cczvbUkr.ltrans2.ltrans.o
 .text.xmit_datablock
                0x080031ec       0x4c /tmp/cczvbUkr.ltrans2.ltrans.o
 .text.power_off_
                0x08003238       0x6c /tmp/cczvbUkr.ltrans2.ltrans.o
 .text.ReadADC1_noblock
                0x080032a4       0x20 /tmp/cczvbUkr.ltrans2.ltrans.o
                0x080032a4                ReadADC1_noblock
 .text.ADC_Configuration
                0x080032c4       0xf8 /tmp/cczvbUkr.ltrans2.ltrans.o
                0x080032c4                ADC_Configuration
 .text.wave_terminate
                0x080033bc       0x78 /tmp/cczvbUkr.ltrans2.ltrans.o
                0x080033bc                wave_terminate
 .text.write_wave_samples
                0x08003434       0x78 /tmp/cczvbUkr.ltrans2.ltrans.o
                0x08003434                write_wave_samples
 .text.write_wave_header
                0x080034ac       0xd4 /tmp/cczvbUkr.ltrans2.ltrans.o
                0x080034ac                write_wave_header
 .text.rprintfChar
                0x08003580       0x20 /tmp/cczvbUkr.ltrans2.ltrans.o
                0x08003580                rprintfChar
 .text.rprintfFloat
                0x080035a0       0xc8 /tmp/cczvbUkr.ltrans2.ltrans.o
 .text.rprintf2RamRom
                0x08003668      0x360 /tmp/cczvbUkr.ltrans2.ltrans.o
                0x08003668                rprintf2RamRom
 .text.rprintfInit
                0x080039c8        0xc /tmp/cczvbUkr.ltrans2.ltrans.o
                0x080039c8                rprintfInit
 .text.pointinpoly
                0x080039d4       0x54 /tmp/cczvbUkr.ltrans2.ltrans.o
                0x080039d4                pointinpoly
 .text.disk_timerproc
                0x08003a28       0x50 /tmp/cczvbUkr.ltrans2.ltrans.o
                0x08003a28                disk_timerproc
 .text.disk_status
                0x08003a78       0x14 /tmp/cczvbUkr.ltrans2.ltrans.o
                0x08003a78                disk_status
 .text.send_cmd.lto_priv.10
                0x08003a8c       0x98 /tmp/cczvbUkr.ltrans2.ltrans.o
                0x08003a8c                send_cmd.lto_priv.10
 .text.disk_write
                0x08003b24       0xb0 /tmp/cczvbUkr.ltrans2.ltrans.o
                0x08003b24                disk_write
 .text.disk_initialize
                0x08003bd4      0x160 /tmp/cczvbUkr.ltrans2.ltrans.o
                0x08003bd4                disk_initialize
 .text.rcvr_datablock
                0x08003d34       0x60 /tmp/cczvbUkr.ltrans2.ltrans.o
                0x08003d34                rcvr_datablock
 .text.disk_ioctl
                0x08003d94      0x2b0 /tmp/cczvbUkr.ltrans2.ltrans.o
                0x08003d94                disk_ioctl
 .text.disk_read
                0x08004044       0xac /tmp/cczvbUkr.ltrans2.ltrans.o
                0x08004044                disk_read
 .text.Realign_Axes
                0x080040f0       0x18 /tmp/cczvbUkr.ltrans3.ltrans.o
 .text.I2C1_Setup_Job
                0x08004108       0x14 /tmp/cczvbUkr.ltrans3.ltrans.o
 .text.SetSysClock
                0x0800411c        0x8 /tmp/cczvbUkr.ltrans3.ltrans.o
 .text.get_wkup
                0x08004124       0x10 /tmp/cczvbUkr.ltrans3.ltrans.o
 .text.SystemInit
                0x08004134       0x44 /tmp/cczvbUkr.ltrans3.ltrans.o
                0x08004134                SystemInit
 .text.USB_LP_CAN1_RX0_IRQHandler
                0x08004178        0x8 /tmp/cczvbUkr.ltrans3.ltrans.o
                0x08004178                USB_LP_CAN1_RX0_IRQHandler
 .text.USB_HP_CAN1_TX_IRQHandler
                0x08004180        0x8 /tmp/cczvbUkr.ltrans3.ltrans.o
                0x08004180                USB_HP_CAN1_TX_IRQHandler
 .text.ADC1_2_IRQHandler
                0x08004188       0x70 /tmp/cczvbUkr.ltrans3.ltrans.o
                0x08004188                ADC1_2_IRQHandler
 .text.SysTick_Configuration
                0x080041f8       0x28 /tmp/cczvbUkr.ltrans3.ltrans.o
                0x080041f8                SysTick_Configuration
 .text.ISR_Config
                0x08004220       0x94 /tmp/cczvbUkr.ltrans3.ltrans.o
                0x08004220                ISR_Config
 .text.I2C_Config
                0x080042b4      0x14c /tmp/cczvbUkr.ltrans3.ltrans.o
                0x080042b4                I2C_Config
 .text.I2C1_Request_Job
                0x08004400       0x58 /tmp/cczvbUkr.ltrans3.ltrans.o
                0x08004400                I2C1_Request_Job
 .text.SysTick_Handler
                0x08004458      0x568 /tmp/cczvbUkr.ltrans3.ltrans.o
                0x08004458                SysTick_Handler
 .text.I2C1_ER_IRQHandler
                0x080049c0      0x110 /tmp/cczvbUkr.ltrans3.ltrans.o
                0x080049c0                I2C1_ER_IRQHandler
 .text.I2C1_EV_IRQHandler
                0x08004ad0      0x5ac /tmp/cczvbUkr.ltrans3.ltrans.o
                0x08004ad0                I2C1_EV_IRQHandler
 .text.test_cutdown
                0x0800507c       0x58 /tmp/cczvbUkr.ltrans3.ltrans.o
                0x0800507c                test_cutdown
 .text.setup_gpio
                0x080050d4      0x148 /tmp/cczvbUkr.ltrans3.ltrans.o
                0x080050d4                setup_gpio
 .text.Bytes_In_DMA_Buffer
                0x0800521c       0x28 /tmp/cczvbUkr.ltrans3.ltrans.o
                0x0800521c                Bytes_In_DMA_Buffer
 .text.DMA_USART2_Configuration
                0x08005244       0x4c /tmp/cczvbUkr.ltrans3.ltrans.o
                0x08005244                DMA_USART2_Configuration
 .text.struct_to_counter
                0x08005290       0xb8 /tmp/cczvbUkr.ltrans4.ltrans.o
 .text.counter_to_struct
                0x08005348       0xdc /tmp/cczvbUkr.ltrans4.ltrans.o
 .text.isDST    0x08005424       0x38 /tmp/cczvbUkr.ltrans4.ltrans.o
 .text.adjustDST
                0x0800545c       0x64 /tmp/cczvbUkr.ltrans4.ltrans.o
 .text.my_RTC_SetCounter
                0x080054c0       0x20 /tmp/cczvbUkr.ltrans4.ltrans.o
 .text.power_on.lto_priv.4
                0x080054e0       0xf8 /tmp/cczvbUkr.ltrans4.ltrans.o
                0x080054e0                power_on.lto_priv.4
 .text.stop_cmd
                0x080055d8        0xc /tmp/cczvbUkr.ltrans4.ltrans.o
                0x080055d8                stop_cmd
 .text.wrapup_transaction
                0x080055e4       0x2c /tmp/cczvbUkr.ltrans4.ltrans.o
                0x080055e4                wrapup_transaction
 .text.stm32_dma_transfer.lto_priv.7
                0x08005610       0xdc /tmp/cczvbUkr.ltrans4.ltrans.o
                0x08005610                stm32_dma_transfer.lto_priv.7
 .text.stm32_spi_rw.lto_priv.6
                0x080056ec       0x24 /tmp/cczvbUkr.ltrans4.ltrans.o
                0x080056ec                stm32_spi_rw.lto_priv.6
 .text.rcvr_spi.lto_priv.1
                0x08005710        0xc /tmp/cczvbUkr.ltrans4.ltrans.o
                0x08005710                rcvr_spi.lto_priv.1
 .text.release_spi
                0x0800571c       0x18 /tmp/cczvbUkr.ltrans4.ltrans.o
                0x0800571c                release_spi
 .text.wait_ready.lto_priv.2
                0x08005734       0x24 /tmp/cczvbUkr.ltrans4.ltrans.o
                0x08005734                wait_ready.lto_priv.2
 .text.chk_power.lto_priv.3
                0x08005758        0x4 /tmp/cczvbUkr.ltrans4.ltrans.o
                0x08005758                chk_power.lto_priv.3
 .text.interface_speed.lto_priv.5
                0x0800575c       0x20 /tmp/cczvbUkr.ltrans4.ltrans.o
                0x0800575c                interface_speed.lto_priv.5
 .text.rtc_init
                0x0800577c       0xa4 /tmp/cczvbUkr.ltrans4.ltrans.o
                0x0800577c                rtc_init
 .text.rtc_settime
                0x08005820       0x28 /tmp/cczvbUkr.ltrans4.ltrans.o
                0x08005820                rtc_settime
 .text.rtc_gettime
                0x08005848       0x24 /tmp/cczvbUkr.ltrans4.ltrans.o
                0x08005848                rtc_gettime
 .text.f_truncate
                0x0800586c       0x98 /tmp/cczvbUkr.ltrans4.ltrans.o
                0x0800586c                f_truncate
 .text.f_stat   0x08005904       0x44 /tmp/cczvbUkr.ltrans4.ltrans.o
                0x08005904                f_stat
 .text.f_lseek  0x08005948      0x18c /tmp/cczvbUkr.ltrans4.ltrans.o
                0x08005948                f_lseek
 .text.f_sync   0x08005ad4       0xac /tmp/cczvbUkr.ltrans4.ltrans.o
                0x08005ad4                f_sync
 .text.f_close  0x08005b80       0x14 /tmp/cczvbUkr.ltrans4.ltrans.o
                0x08005b80                f_close
 .text.f_write  0x08005b94      0x1dc /tmp/cczvbUkr.ltrans4.ltrans.o
                0x08005b94                f_write
 .text.f_putc   0x08005d70       0x2c /tmp/cczvbUkr.ltrans4.ltrans.o
 .text.f_puts   0x08005d9c       0x24 /tmp/cczvbUkr.ltrans4.ltrans.o
                0x08005d9c                f_puts
 .text.f_read   0x08005dc0      0x1a8 /tmp/cczvbUkr.ltrans4.ltrans.o
                0x08005dc0                f_read
 .text.Get_Max_Lun
                0x08005f68       0x18 /tmp/cczvbUkr.ltrans5.ltrans.o
 .text.MASS_Get_Interface_Setting
                0x08005f80       0x10 /tmp/cczvbUkr.ltrans5.ltrans.o
 .text.MASS_Data_Setup
                0x08005f90       0x4c /tmp/cczvbUkr.ltrans5.ltrans.o
 .text.MASS_Status_Out
                0x08005fdc        0x4 /tmp/cczvbUkr.ltrans5.ltrans.o
 .text.MASS_Status_In
                0x08005fe0        0x4 /tmp/cczvbUkr.ltrans5.ltrans.o
 .text.Mass_Storage_SetDeviceAddress
                0x08005fe4        0xc /tmp/cczvbUkr.ltrans5.ltrans.o
 .text.IntToUnicode
                0x08005ff0       0x30 /tmp/cczvbUkr.ltrans5.ltrans.o
 .text.Get_SerialNum
                0x08006020       0x38 /tmp/cczvbUkr.ltrans5.ltrans.o
 .text.PowerOn  0x08006058       0x28 /tmp/cczvbUkr.ltrans5.ltrans.o
 .text.Leave_LowPowerMode
                0x08006080       0x20 /tmp/cczvbUkr.ltrans5.ltrans.o
 .text.Resume_Init
                0x080060a0       0x20 /tmp/cczvbUkr.ltrans5.ltrans.o
 .text.Resume   0x080060c0       0xac /tmp/cczvbUkr.ltrans5.ltrans.o
 .text.Enter_LowPowerMode
                0x0800616c        0xc /tmp/cczvbUkr.ltrans5.ltrans.o
 .text.Suspend  0x08006178       0x24 /tmp/cczvbUkr.ltrans5.ltrans.o
 .text.MASS_GetStringDescriptor
                0x0800619c       0x24 /tmp/cczvbUkr.ltrans5.ltrans.o
 .text.MASS_GetConfigDescriptor
                0x080061c0       0x10 /tmp/cczvbUkr.ltrans5.ltrans.o
 .text.MASS_GetDeviceDescriptor
                0x080061d0       0x10 /tmp/cczvbUkr.ltrans5.ltrans.o
 .text.MASS_NoData_Setup
                0x080061e0       0x58 /tmp/cczvbUkr.ltrans5.ltrans.o
 .text.Mass_Storage_SetConfiguration
                0x08006238       0x30 /tmp/cczvbUkr.ltrans5.ltrans.o
 .text.MASS_Reset
                0x08006268       0xe0 /tmp/cczvbUkr.ltrans5.ltrans.o
 .text.MASS_init
                0x08006348       0x24 /tmp/cczvbUkr.ltrans5.ltrans.o
 .text.MAL_Read
                0x0800636c       0x2c /tmp/cczvbUkr.ltrans5.ltrans.o
 .text.MAL_Write
                0x08006398       0x34 /tmp/cczvbUkr.ltrans5.ltrans.o
 .text.MAL_Init
                0x080063cc       0x4c /tmp/cczvbUkr.ltrans5.ltrans.o
 .text.MAL_Config
                0x08006418        0xc /tmp/cczvbUkr.ltrans5.ltrans.o
 .text.Get_UBX_Ack
                0x08006424       0xb0 /tmp/cczvbUkr.ltrans5.ltrans.o
 .text.USB_Istr
                0x080064d4       0xe0 /tmp/cczvbUkr.ltrans5.ltrans.o
                0x080064d4                USB_Istr
 .text.Bot_Abort
                0x080065b4       0x38 /tmp/cczvbUkr.ltrans5.ltrans.o
                0x080065b4                Bot_Abort
 .text.Mass_Storage_ClearFeature
                0x080065ec       0x1c /tmp/cczvbUkr.ltrans5.ltrans.o
 .text.Set_CSW  0x08006608       0x38 /tmp/cczvbUkr.ltrans5.ltrans.o
                0x08006608                Set_CSW
 .text.CBW_Decode
                0x08006640      0x268 /tmp/cczvbUkr.ltrans5.ltrans.o
 .text.Mass_Storage_Out
                0x080068a8       0x80 /tmp/cczvbUkr.ltrans5.ltrans.o
 .text.EP2_OUT_Callback
                0x08006928        0x8 /tmp/cczvbUkr.ltrans5.ltrans.o
 .text.Mass_Storage_In
                0x08006930       0x60 /tmp/cczvbUkr.ltrans5.ltrans.o
 .text.EP1_IN_Callback
                0x08006990        0x8 /tmp/cczvbUkr.ltrans5.ltrans.o
 .text.Transfer_Data_Request
                0x08006998       0x34 /tmp/cczvbUkr.ltrans5.ltrans.o
                0x08006998                Transfer_Data_Request
 .text.Write_Memory
                0x080069cc       0xd0 /tmp/cczvbUkr.ltrans5.ltrans.o
                0x080069cc                Write_Memory
 .text.Read_Memory
                0x08006a9c      0x110 /tmp/cczvbUkr.ltrans5.ltrans.o
                0x08006a9c                Read_Memory
 .text.MAL_GetStatus
                0x08006bac       0x48 /tmp/cczvbUkr.ltrans5.ltrans.o
                0x08006bac                MAL_GetStatus
 .text.USB_Interrupts_Config
                0x08006bf4       0x3c /tmp/cczvbUkr.ltrans5.ltrans.o
                0x08006bf4                USB_Interrupts_Config
 .text.Set_USBClock
                0x08006c30       0x14 /tmp/cczvbUkr.ltrans5.ltrans.o
                0x08006c30                Set_USBClock
 .text.Set_System
                0x08006c44        0x8 /tmp/cczvbUkr.ltrans5.ltrans.o
                0x08006c44                Set_System
 .text.Config_Gps
                0x08006c4c      0x114 /tmp/cczvbUkr.ltrans5.ltrans.o
                0x08006c4c                Config_Gps
 .text.main     0x08006d60      0xe60 /tmp/cczvbUkr.ltrans6.ltrans.o
                0x08006d60                main
 .text.SetSysClockTo24.lto_priv.0
                0x08007bc0       0xc8 /tmp/cczvbUkr.ltrans6.ltrans.o
                0x08007bc0                SetSysClockTo24.lto_priv.0
 .text.check_fs
                0x08007c88       0x90 /tmp/cczvbUkr.ltrans7.ltrans.o
 .text.create_name
                0x08007d18      0x214 /tmp/cczvbUkr.ltrans7.ltrans.o
 .text.dir_find
                0x08007f2c       0xd0 /tmp/cczvbUkr.ltrans7.ltrans.o
 .text.dir_register
                0x08007ffc      0x168 /tmp/cczvbUkr.ltrans7.ltrans.o
 .text.f_mount  0x08008164       0x28 /tmp/cczvbUkr.ltrans7.ltrans.o
                0x08008164                f_mount
 .text.validate.lto_priv.12
                0x0800818c       0x30 /tmp/cczvbUkr.ltrans7.ltrans.o
                0x0800818c                validate.lto_priv.12
 .text.chk_mounted.lto_priv.15
                0x080081bc      0x348 /tmp/cczvbUkr.ltrans7.ltrans.o
                0x080081bc                chk_mounted.lto_priv.15
 .text.follow_path.lto_priv.14
                0x08008504       0x8c /tmp/cczvbUkr.ltrans7.ltrans.o
                0x08008504                follow_path.lto_priv.14
 .text.f_open   0x08008590      0x15c /tmp/cczvbUkr.ltrans7.ltrans.o
                0x08008590                f_open
 .text.get_fileinfo.lto_priv.13
                0x080086ec       0xf8 /tmp/cczvbUkr.ltrans7.ltrans.o
                0x080086ec                get_fileinfo.lto_priv.13
 .text.Default_Usart_Config
                0x080087e4       0x10 /tmp/cczvbUkr.ltrans8.ltrans.o
 .text.__gps_send_char
                0x080087f4       0x1c /tmp/cczvbUkr.ltrans8.ltrans.o
 .text.__usart_send_char
                0x08008810       0x1c /tmp/cczvbUkr.ltrans8.ltrans.o
                0x08008810                __usart_send_char
 .text.Timer_RCC_Configuration
                0x0800882c       0x10 /tmp/cczvbUkr.ltrans8.ltrans.o
 .text.__fat_print_char
                0x0800883c       0x24 /tmp/cczvbUkr.ltrans8.ltrans.o
                0x0800883c                __fat_print_char
 .text.__str_print_char
                0x08008860       0x40 /tmp/cczvbUkr.ltrans8.ltrans.o
                0x08008860                __str_print_char
 .text.Watchdog_Config
                0x080088a0       0x30 /tmp/cczvbUkr.ltrans8.ltrans.o
                0x080088a0                Watchdog_Config
 .text.USART1_IRQHandler
                0x080088d0       0x30 /tmp/cczvbUkr.ltrans8.ltrans.o
                0x080088d0                USART1_IRQHandler
 .text.Gps_Send_Str
                0x08008900       0x18 /tmp/cczvbUkr.ltrans8.ltrans.o
                0x08008900                Gps_Send_Str
 .text.Gps_Send_Utf8
                0x08008918       0x1c /tmp/cczvbUkr.ltrans8.ltrans.o
                0x08008918                Gps_Send_Utf8
 .text.Usart_Send_Str
                0x08008934       0x18 /tmp/cczvbUkr.ltrans8.ltrans.o
                0x08008934                Usart_Send_Str
 .text.USART2_reconf
                0x0800894c       0x44 /tmp/cczvbUkr.ltrans8.ltrans.o
                0x0800894c                USART2_reconf
 .text.Usarts_Init
                0x08008990       0xd4 /tmp/cczvbUkr.ltrans8.ltrans.o
                0x08008990                Usarts_Init
 .text.shutdown_filesystem
                0x08008a64       0x94 /tmp/cczvbUkr.ltrans8.ltrans.o
                0x08008a64                shutdown_filesystem
 .text.disable_pin
                0x08008af8        0xc /tmp/cczvbUkr.ltrans8.ltrans.o
                0x08008af8                disable_pin
 .text.shutdown
                0x08008b04       0x10 /tmp/cczvbUkr.ltrans8.ltrans.o
                0x08008b04                shutdown
 .text.setuppwr
                0x08008b14       0x14 /tmp/cczvbUkr.ltrans8.ltrans.o
                0x08008b14                setuppwr
 .text.PWM_Set  0x08008b28       0x3c /tmp/cczvbUkr.ltrans8.ltrans.o
                0x08008b28                PWM_Set
 .text.Timer_GPIO_Disable
                0x08008b64       0x2c /tmp/cczvbUkr.ltrans8.ltrans.o
                0x08008b64                Timer_GPIO_Disable
 .text.Timer_GPIO_Enable
                0x08008b90       0x2c /tmp/cczvbUkr.ltrans8.ltrans.o
                0x08008b90                Timer_GPIO_Enable
 .text.Init_Timer
                0x08008bbc       0x80 /tmp/cczvbUkr.ltrans8.ltrans.o
                0x08008bbc                Init_Timer
 .text.file_preallocation_control
                0x08008c3c       0x34 /tmp/cczvbUkr.ltrans8.ltrans.o
                0x08008c3c                file_preallocation_control
 .text.detect_sensors
                0x08008c70       0x48 /tmp/cczvbUkr.ltrans8.ltrans.o
                0x08008c70                detect_sensors
 .text.malloc   0x08008cb8       0x10 /home/laurence/ARM-GCC/gcc-arm-none-eabi-4_9-2014q4/bin/../lib/gcc/arm-none-eabi/4.9.3/../../../../arm-none-eabi/lib/armv7-m/libg.a(lib_a-malloc.o)
                0x08008cb8                malloc
 .text._malloc_r
                0x08008cc8      0x504 /home/laurence/ARM-GCC/gcc-arm-none-eabi-4_9-2014q4/bin/../lib/gcc/arm-none-eabi/4.9.3/../../../../arm-none-eabi/lib/armv7-m/libg.a(lib_a-mallocr.o)
                0x08008cc8                _malloc_r
 .text.memcmp   0x080091cc       0x64 /home/laurence/ARM-GCC/gcc-arm-none-eabi-4_9-2014q4/bin/../lib/gcc/arm-none-eabi/4.9.3/../../../../arm-none-eabi/lib/armv7-m/libg.a(lib_a-memcmp.o)
                0x080091cc                memcmp
 .text.__malloc_lock
                0x08009230        0x4 /home/laurence/ARM-GCC/gcc-arm-none-eabi-4_9-2014q4/bin/../lib/gcc/arm-none-eabi/4.9.3/../../../../arm-none-eabi/lib/armv7-m/libg.a(lib_a-mlock.o)
                0x08009230                __malloc_lock
 .text.__malloc_unlock
                0x08009234        0x4 /home/laurence/ARM-GCC/gcc-arm-none-eabi-4_9-2014q4/bin/../lib/gcc/arm-none-eabi/4.9.3/../../../../arm-none-eabi/lib/armv7-m/libg.a(lib_a-mlock.o)
                0x08009234                __malloc_unlock
 .text._sbrk_r  0x08009238       0x24 /home/laurence/ARM-GCC/gcc-arm-none-eabi-4_9-2014q4/bin/../lib/gcc/arm-none-eabi/4.9.3/../../../../arm-none-eabi/lib/armv7-m/libg.a(lib_a-sbrkr.o)
                0x08009238                _sbrk_r
 .text.strchr   0x0800925c       0xcc /home/laurence/ARM-GCC/gcc-arm-none-eabi-4_9-2014q4/bin/../lib/gcc/arm-none-eabi/4.9.3/../../../../arm-none-eabi/lib/armv7-m/libg.a(lib_a-strchr.o)
                0x0800925c                strchr
 .text.strlen   0x08009328       0x5c /home/laurence/ARM-GCC/gcc-arm-none-eabi-4_9-2014q4/bin/../lib/gcc/arm-none-eabi/4.9.3/../../../../arm-none-eabi/lib/armv7-m/libg.a(lib_a-strlen.o)
                0x08009328                strlen
 .text.strncmp  0x08009384       0x94 /home/laurence/ARM-GCC/gcc-arm-none-eabi-4_9-2014q4/bin/../lib/gcc/arm-none-eabi/4.9.3/../../../../arm-none-eabi/lib/armv7-m/libg.a(lib_a-strncmp.o)
                0x08009384                strncmp
 .text.strncpy  0x08009418       0x68 /home/laurence/ARM-GCC/gcc-arm-none-eabi-4_9-2014q4/bin/../lib/gcc/arm-none-eabi/4.9.3/../../../../arm-none-eabi/lib/armv7-m/libg.a(lib_a-strncpy.o)
                0x08009418                strncpy
 .text._malloc_trim_r
                0x08009480       0x9c /home/laurence/ARM-GCC/gcc-arm-none-eabi-4_9-2014q4/bin/../lib/gcc/arm-none-eabi/4.9.3/../../../../arm-none-eabi/lib/armv7-m/libg.a(lib_a-freer.o)
                0x08009480                _malloc_trim_r
 .text._free_r  0x0800951c      0x1b0 /home/laurence/ARM-GCC/gcc-arm-none-eabi-4_9-2014q4/bin/../lib/gcc/arm-none-eabi/4.9.3/../../../../arm-none-eabi/lib/armv7-m/libg.a(lib_a-freer.o)
                0x0800951c                _free_r
 .text.Reset_Handler
                0x080096cc       0x40 lib/CMSIS_CM3/startup/gcc/startup_stm32f10x_md.o
                0x080096cc                Reset_Handler
 .text.Default_Handler
                0x0800970c        0x2 lib/CMSIS_CM3/startup/gcc/startup_stm32f10x_md.o
                0x0800970c                EXTI2_IRQHandler
                0x0800970c                DebugMon_Handler
                0x0800970c                TIM1_CC_IRQHandler
                0x0800970c                HardFault_Handler
                0x0800970c                PVD_IRQHandler
                0x0800970c                PendSV_Handler
                0x0800970c                NMI_Handler
                0x0800970c                EXTI3_IRQHandler
                0x0800970c                I2C2_EV_IRQHandler
                0x0800970c                UsageFault_Handler
                0x0800970c                SPI1_IRQHandler
                0x0800970c                TAMPER_IRQHandler
                0x0800970c                DMA1_Channel4_IRQHandler
                0x0800970c                RTC_IRQHandler
                0x0800970c                DMA1_Channel7_IRQHandler
                0x0800970c                CAN1_RX1_IRQHandler
                0x0800970c                TIM4_IRQHandler
                0x0800970c                DMA1_Channel6_IRQHandler
                0x0800970c                TIM3_IRQHandler
                0x0800970c                RCC_IRQHandler
                0x0800970c                TIM1_TRG_COM_IRQHandler
                0x0800970c                DMA1_Channel1_IRQHandler
                0x0800970c                Default_Handler
                0x0800970c                EXTI9_5_IRQHandler
                0x0800970c                SPI2_IRQHandler
                0x0800970c                MemManage_Handler
                0x0800970c                SVC_Handler
                0x0800970c                DMA1_Channel5_IRQHandler
                0x0800970c                EXTI4_IRQHandler
                0x0800970c                TIM1_UP_IRQHandler
                0x0800970c                WWDG_IRQHandler
                0x0800970c                TIM2_IRQHandler
                0x0800970c                TIM1_BRK_IRQHandler
                0x0800970c                EXTI1_IRQHandler
                0x0800970c                RTCAlarm_IRQHandler
                0x0800970c                USART2_IRQHandler
                0x0800970c                I2C2_ER_IRQHandler
                0x0800970c                CAN1_SCE_IRQHandler
                0x0800970c                FLASH_IRQHandler
                0x0800970c                BusFault_Handler
                0x0800970c                USBWakeUp_IRQHandler
 *fill*         0x0800970e        0x2 
 .text.NVIC_PriorityGroupConfig
                0x08009710       0x14 lib/STM32F10x_StdPeriph_Driver/libstm32fw.a(misc.o)
                0x08009710                NVIC_PriorityGroupConfig
 .text.NVIC_Init
                0x08009724       0x6c lib/STM32F10x_StdPeriph_Driver/libstm32fw.a(misc.o)
                0x08009724                NVIC_Init
 .text.NVIC_SetVectorTable
                0x08009790       0x14 lib/STM32F10x_StdPeriph_Driver/libstm32fw.a(misc.o)
                0x08009790                NVIC_SetVectorTable
 .text.SysTick_CLKSourceConfig
                0x080097a4       0x18 lib/STM32F10x_StdPeriph_Driver/libstm32fw.a(misc.o)
                0x080097a4                SysTick_CLKSourceConfig
 .text.ADC_DeInit
                0x080097bc       0x5c lib/STM32F10x_StdPeriph_Driver/libstm32fw.a(stm32f10x_adc.o)
                0x080097bc                ADC_DeInit
 .text.ADC_Init
                0x08009818       0x48 lib/STM32F10x_StdPeriph_Driver/libstm32fw.a(stm32f10x_adc.o)
                0x08009818                ADC_Init
 .text.ADC_Cmd  0x08009860       0x12 lib/STM32F10x_StdPeriph_Driver/libstm32fw.a(stm32f10x_adc.o)
                0x08009860                ADC_Cmd
 .text.ADC_ResetCalibration
                0x08009872        0xa lib/STM32F10x_StdPeriph_Driver/libstm32fw.a(stm32f10x_adc.o)
                0x08009872                ADC_ResetCalibration
 .text.ADC_GetResetCalibrationStatus
                0x0800987c        0x8 lib/STM32F10x_StdPeriph_Driver/libstm32fw.a(stm32f10x_adc.o)
                0x0800987c                ADC_GetResetCalibrationStatus
 .text.ADC_StartCalibration
                0x08009884        0xa lib/STM32F10x_StdPeriph_Driver/libstm32fw.a(stm32f10x_adc.o)
                0x08009884                ADC_StartCalibration
 .text.ADC_GetCalibrationStatus
                0x0800988e        0x8 lib/STM32F10x_StdPeriph_Driver/libstm32fw.a(stm32f10x_adc.o)
                0x0800988e                ADC_GetCalibrationStatus
 .text.ADC_SoftwareStartConvCmd
                0x08009896       0x12 lib/STM32F10x_StdPeriph_Driver/libstm32fw.a(stm32f10x_adc.o)
                0x08009896                ADC_SoftwareStartConvCmd
 .text.ADC_RegularChannelConfig
                0x080098a8       0x84 lib/STM32F10x_StdPeriph_Driver/libstm32fw.a(stm32f10x_adc.o)
                0x080098a8                ADC_RegularChannelConfig
 .text.ADC_GetConversionValue
                0x0800992c        0x6 lib/STM32F10x_StdPeriph_Driver/libstm32fw.a(stm32f10x_adc.o)
                0x0800992c                ADC_GetConversionValue
 .text.ADC_ExternalTrigInjectedConvConfig
                0x08009932        0xc lib/STM32F10x_StdPeriph_Driver/libstm32fw.a(stm32f10x_adc.o)
                0x08009932                ADC_ExternalTrigInjectedConvConfig
 .text.ADC_SoftwareStartInjectedConvCmd
                0x0800993e       0x12 lib/STM32F10x_StdPeriph_Driver/libstm32fw.a(stm32f10x_adc.o)
                0x0800993e                ADC_SoftwareStartInjectedConvCmd
 .text.ADC_InjectedChannelConfig
                0x08009950       0x54 lib/STM32F10x_StdPeriph_Driver/libstm32fw.a(stm32f10x_adc.o)
                0x08009950                ADC_InjectedChannelConfig
 .text.ADC_InjectedSequencerLengthConfig
                0x080099a4       0x10 lib/STM32F10x_StdPeriph_Driver/libstm32fw.a(stm32f10x_adc.o)
                0x080099a4                ADC_InjectedSequencerLengthConfig
 .text.ADC_GetInjectedConversionValue
                0x080099b4       0x1a lib/STM32F10x_StdPeriph_Driver/libstm32fw.a(stm32f10x_adc.o)
                0x080099b4                ADC_GetInjectedConversionValue
 .text.ADC_GetFlagStatus
                0x080099ce        0xc lib/STM32F10x_StdPeriph_Driver/libstm32fw.a(stm32f10x_adc.o)
                0x080099ce                ADC_GetFlagStatus
 .text.ADC_ClearFlag
                0x080099da        0x6 lib/STM32F10x_StdPeriph_Driver/libstm32fw.a(stm32f10x_adc.o)
                0x080099da                ADC_ClearFlag
 .text.ADC_GetITStatus
                0x080099e0       0x16 lib/STM32F10x_StdPeriph_Driver/libstm32fw.a(stm32f10x_adc.o)
                0x080099e0                ADC_GetITStatus
 .text.ADC_ClearITPendingBit
                0x080099f6        0x8 lib/STM32F10x_StdPeriph_Driver/libstm32fw.a(stm32f10x_adc.o)
                0x080099f6                ADC_ClearITPendingBit
 .text.BKP_DeInit
                0x080099fe       0x12 lib/STM32F10x_StdPeriph_Driver/libstm32fw.a(stm32f10x_bkp.o)
                0x080099fe                BKP_DeInit
 .text.BKP_RTCOutputConfig
                0x08009a10       0x18 lib/STM32F10x_StdPeriph_Driver/libstm32fw.a(stm32f10x_bkp.o)
                0x08009a10                BKP_RTCOutputConfig
 .text.BKP_SetRTCCalibrationValue
                0x08009a28       0x18 lib/STM32F10x_StdPeriph_Driver/libstm32fw.a(stm32f10x_bkp.o)
                0x08009a28                BKP_SetRTCCalibrationValue
 .text.BKP_WriteBackupRegister
                0x08009a40       0x1c lib/STM32F10x_StdPeriph_Driver/libstm32fw.a(stm32f10x_bkp.o)
                0x08009a40                BKP_WriteBackupRegister
 .text.BKP_ReadBackupRegister
                0x08009a5c       0x20 lib/STM32F10x_StdPeriph_Driver/libstm32fw.a(stm32f10x_bkp.o)
                0x08009a5c                BKP_ReadBackupRegister
 .text.DBGMCU_Config
                0x08009a7c       0x18 lib/STM32F10x_StdPeriph_Driver/libstm32fw.a(stm32f10x_dbgmcu.o)
                0x08009a7c                DBGMCU_Config
 .text.DMA_DeInit
                0x08009a94       0xf0 lib/STM32F10x_StdPeriph_Driver/libstm32fw.a(stm32f10x_dma.o)
                0x08009a94                DMA_DeInit
 .text.DMA_Init
                0x08009b84       0x3c lib/STM32F10x_StdPeriph_Driver/libstm32fw.a(stm32f10x_dma.o)
                0x08009b84                DMA_Init
 .text.DMA_Cmd  0x08009bc0       0x12 lib/STM32F10x_StdPeriph_Driver/libstm32fw.a(stm32f10x_dma.o)
                0x08009bc0                DMA_Cmd
 .text.DMA_ITConfig
                0x08009bd2       0x10 lib/STM32F10x_StdPeriph_Driver/libstm32fw.a(stm32f10x_dma.o)
                0x08009bd2                DMA_ITConfig
 .text.DMA_GetCurrDataCounter
                0x08009be2        0x6 lib/STM32F10x_StdPeriph_Driver/libstm32fw.a(stm32f10x_dma.o)
                0x08009be2                DMA_GetCurrDataCounter
 .text.DMA_GetFlagStatus
                0x08009be8       0x1c lib/STM32F10x_StdPeriph_Driver/libstm32fw.a(stm32f10x_dma.o)
                0x08009be8                DMA_GetFlagStatus
 .text.DMA_ClearFlag
                0x08009c04       0x14 lib/STM32F10x_StdPeriph_Driver/libstm32fw.a(stm32f10x_dma.o)
                0x08009c04                DMA_ClearFlag
 .text.DMA_GetITStatus
                0x08009c18       0x1c lib/STM32F10x_StdPeriph_Driver/libstm32fw.a(stm32f10x_dma.o)
                0x08009c18                DMA_GetITStatus
 .text.DMA_ClearITPendingBit
                0x08009c34       0x14 lib/STM32F10x_StdPeriph_Driver/libstm32fw.a(stm32f10x_dma.o)
                0x08009c34                DMA_ClearITPendingBit
 .text.EXTI_DeInit
                0x08009c48       0x1c lib/STM32F10x_StdPeriph_Driver/libstm32fw.a(stm32f10x_exti.o)
                0x08009c48                EXTI_DeInit
 .text.EXTI_Init
                0x08009c64       0x88 lib/STM32F10x_StdPeriph_Driver/libstm32fw.a(stm32f10x_exti.o)
                0x08009c64                EXTI_Init
 .text.EXTI_GenerateSWInterrupt
                0x08009cec       0x10 lib/STM32F10x_StdPeriph_Driver/libstm32fw.a(stm32f10x_exti.o)
                0x08009cec                EXTI_GenerateSWInterrupt
 .text.EXTI_GetITStatus
                0x08009cfc       0x1c lib/STM32F10x_StdPeriph_Driver/libstm32fw.a(stm32f10x_exti.o)
                0x08009cfc                EXTI_GetITStatus
 .text.EXTI_ClearITPendingBit
                0x08009d18        0xc lib/STM32F10x_StdPeriph_Driver/libstm32fw.a(stm32f10x_exti.o)
                0x08009d18                EXTI_ClearITPendingBit
 .text.GPIO_Init
                0x08009d24       0x90 lib/STM32F10x_StdPeriph_Driver/libstm32fw.a(stm32f10x_gpio.o)
                0x08009d24                GPIO_Init
 .text.GPIO_ReadInputDataBit
                0x08009db4        0xc lib/STM32F10x_StdPeriph_Driver/libstm32fw.a(stm32f10x_gpio.o)
                0x08009db4                GPIO_ReadInputDataBit
 .text.GPIO_SetBits
                0x08009dc0        0x4 lib/STM32F10x_StdPeriph_Driver/libstm32fw.a(stm32f10x_gpio.o)
                0x08009dc0                GPIO_SetBits
 .text.GPIO_ResetBits
                0x08009dc4        0x4 lib/STM32F10x_StdPeriph_Driver/libstm32fw.a(stm32f10x_gpio.o)
                0x08009dc4                GPIO_ResetBits
 .text.GPIO_WriteBit
                0x08009dc8        0xa lib/STM32F10x_StdPeriph_Driver/libstm32fw.a(stm32f10x_gpio.o)
                0x08009dc8                GPIO_WriteBit
 .text.GPIO_EXTILineConfig
                0x08009dd2       0x2a lib/STM32F10x_StdPeriph_Driver/libstm32fw.a(stm32f10x_gpio.o)
                0x08009dd2                GPIO_EXTILineConfig
 .text.I2C_DeInit
                0x08009dfc       0x34 lib/STM32F10x_StdPeriph_Driver/libstm32fw.a(stm32f10x_i2c.o)
                0x08009dfc                I2C_DeInit
 .text.I2C_Init
                0x08009e30       0xd4 lib/STM32F10x_StdPeriph_Driver/libstm32fw.a(stm32f10x_i2c.o)
                0x08009e30                I2C_Init
 .text.I2C_Cmd  0x08009f04       0x18 lib/STM32F10x_StdPeriph_Driver/libstm32fw.a(stm32f10x_i2c.o)
                0x08009f04                I2C_Cmd
 .text.I2C_GenerateSTART
                0x08009f1c       0x18 lib/STM32F10x_StdPeriph_Driver/libstm32fw.a(stm32f10x_i2c.o)
                0x08009f1c                I2C_GenerateSTART
 .text.I2C_GenerateSTOP
                0x08009f34       0x18 lib/STM32F10x_StdPeriph_Driver/libstm32fw.a(stm32f10x_i2c.o)
                0x08009f34                I2C_GenerateSTOP
 .text.I2C_AcknowledgeConfig
                0x08009f4c       0x18 lib/STM32F10x_StdPeriph_Driver/libstm32fw.a(stm32f10x_i2c.o)
                0x08009f4c                I2C_AcknowledgeConfig
 .text.I2C_ITConfig
                0x08009f64       0x12 lib/STM32F10x_StdPeriph_Driver/libstm32fw.a(stm32f10x_i2c.o)
                0x08009f64                I2C_ITConfig
 .text.I2C_SendData
                0x08009f76        0x4 lib/STM32F10x_StdPeriph_Driver/libstm32fw.a(stm32f10x_i2c.o)
                0x08009f76                I2C_SendData
 .text.I2C_ReceiveData
                0x08009f7a        0x6 lib/STM32F10x_StdPeriph_Driver/libstm32fw.a(stm32f10x_i2c.o)
                0x08009f7a                I2C_ReceiveData
 .text.I2C_Send7bitAddress
                0x08009f80       0x12 lib/STM32F10x_StdPeriph_Driver/libstm32fw.a(stm32f10x_i2c.o)
                0x08009f80                I2C_Send7bitAddress
 .text.I2C_SoftwareResetCmd
                0x08009f92       0x18 lib/STM32F10x_StdPeriph_Driver/libstm32fw.a(stm32f10x_i2c.o)
                0x08009f92                I2C_SoftwareResetCmd
 *fill*         0x08009faa        0x2 
 .text.IWDG_WriteAccessCmd
                0x08009fac        0xc lib/STM32F10x_StdPeriph_Driver/libstm32fw.a(stm32f10x_iwdg.o)
                0x08009fac                IWDG_WriteAccessCmd
 .text.IWDG_SetPrescaler
                0x08009fb8        0xc lib/STM32F10x_StdPeriph_Driver/libstm32fw.a(stm32f10x_iwdg.o)
                0x08009fb8                IWDG_SetPrescaler
 .text.IWDG_SetReload
                0x08009fc4        0xc lib/STM32F10x_StdPeriph_Driver/libstm32fw.a(stm32f10x_iwdg.o)
                0x08009fc4                IWDG_SetReload
 .text.IWDG_ReloadCounter
                0x08009fd0       0x10 lib/STM32F10x_StdPeriph_Driver/libstm32fw.a(stm32f10x_iwdg.o)
                0x08009fd0                IWDG_ReloadCounter
 .text.IWDG_Enable
                0x08009fe0       0x10 lib/STM32F10x_StdPeriph_Driver/libstm32fw.a(stm32f10x_iwdg.o)
                0x08009fe0                IWDG_Enable
 .text.PWR_DeInit
                0x08009ff0       0x1a lib/STM32F10x_StdPeriph_Driver/libstm32fw.a(stm32f10x_pwr.o)
                0x08009ff0                PWR_DeInit
 *fill*         0x0800a00a        0x2 
 .text.PWR_BackupAccessCmd
                0x0800a00c        0xc lib/STM32F10x_StdPeriph_Driver/libstm32fw.a(stm32f10x_pwr.o)
                0x0800a00c                PWR_BackupAccessCmd
 .text.PWR_WakeUpPinCmd
                0x0800a018        0xc lib/STM32F10x_StdPeriph_Driver/libstm32fw.a(stm32f10x_pwr.o)
                0x0800a018                PWR_WakeUpPinCmd
 .text.PWR_EnterSTANDBYMode
                0x0800a024       0x28 lib/STM32F10x_StdPeriph_Driver/libstm32fw.a(stm32f10x_pwr.o)
                0x0800a024                PWR_EnterSTANDBYMode
 .text.RCC_HCLKConfig
                0x0800a04c       0x14 lib/STM32F10x_StdPeriph_Driver/libstm32fw.a(stm32f10x_rcc.o)
                0x0800a04c                RCC_HCLKConfig
 .text.RCC_USBCLKConfig
                0x0800a060        0xc lib/STM32F10x_StdPeriph_Driver/libstm32fw.a(stm32f10x_rcc.o)
                0x0800a060                RCC_USBCLKConfig
 .text.RCC_ADCCLKConfig
                0x0800a06c       0x14 lib/STM32F10x_StdPeriph_Driver/libstm32fw.a(stm32f10x_rcc.o)
                0x0800a06c                RCC_ADCCLKConfig
 .text.RCC_LSEConfig
                0x0800a080       0x20 lib/STM32F10x_StdPeriph_Driver/libstm32fw.a(stm32f10x_rcc.o)
                0x0800a080                RCC_LSEConfig
 .text.RCC_RTCCLKConfig
                0x0800a0a0       0x10 lib/STM32F10x_StdPeriph_Driver/libstm32fw.a(stm32f10x_rcc.o)
                0x0800a0a0                RCC_RTCCLKConfig
 .text.RCC_RTCCLKCmd
                0x0800a0b0        0xc lib/STM32F10x_StdPeriph_Driver/libstm32fw.a(stm32f10x_rcc.o)
                0x0800a0b0                RCC_RTCCLKCmd
 .text.RCC_GetClocksFreq
                0x0800a0bc       0x94 lib/STM32F10x_StdPeriph_Driver/libstm32fw.a(stm32f10x_rcc.o)
                0x0800a0bc                RCC_GetClocksFreq
 .text.RCC_AHBPeriphClockCmd
                0x0800a150       0x18 lib/STM32F10x_StdPeriph_Driver/libstm32fw.a(stm32f10x_rcc.o)
                0x0800a150                RCC_AHBPeriphClockCmd
 .text.RCC_APB2PeriphClockCmd
                0x0800a168       0x18 lib/STM32F10x_StdPeriph_Driver/libstm32fw.a(stm32f10x_rcc.o)
                0x0800a168                RCC_APB2PeriphClockCmd
 .text.RCC_APB1PeriphClockCmd
                0x0800a180       0x18 lib/STM32F10x_StdPeriph_Driver/libstm32fw.a(stm32f10x_rcc.o)
                0x0800a180                RCC_APB1PeriphClockCmd
 .text.RCC_APB2PeriphResetCmd
                0x0800a198       0x18 lib/STM32F10x_StdPeriph_Driver/libstm32fw.a(stm32f10x_rcc.o)
                0x0800a198                RCC_APB2PeriphResetCmd
 .text.RCC_APB1PeriphResetCmd
                0x0800a1b0       0x18 lib/STM32F10x_StdPeriph_Driver/libstm32fw.a(stm32f10x_rcc.o)
                0x0800a1b0                RCC_APB1PeriphResetCmd
 .text.RCC_BackupResetCmd
                0x0800a1c8        0xc lib/STM32F10x_StdPeriph_Driver/libstm32fw.a(stm32f10x_rcc.o)
                0x0800a1c8                RCC_BackupResetCmd
 .text.RCC_GetFlagStatus
                0x0800a1d4       0x28 lib/STM32F10x_StdPeriph_Driver/libstm32fw.a(stm32f10x_rcc.o)
                0x0800a1d4                RCC_GetFlagStatus
 .text.RTC_EnterConfigMode
                0x0800a1fc       0x14 lib/STM32F10x_StdPeriph_Driver/libstm32fw.a(stm32f10x_rtc.o)
                0x0800a1fc                RTC_EnterConfigMode
 .text.RTC_ExitConfigMode
                0x0800a210       0x14 lib/STM32F10x_StdPeriph_Driver/libstm32fw.a(stm32f10x_rtc.o)
                0x0800a210                RTC_ExitConfigMode
 .text.RTC_GetCounter
                0x0800a224       0x14 lib/STM32F10x_StdPeriph_Driver/libstm32fw.a(stm32f10x_rtc.o)
                0x0800a224                RTC_GetCounter
 .text.RTC_SetCounter
                0x0800a238       0x20 lib/STM32F10x_StdPeriph_Driver/libstm32fw.a(stm32f10x_rtc.o)
                0x0800a238                RTC_SetCounter
 .text.RTC_SetPrescaler
                0x0800a258       0x20 lib/STM32F10x_StdPeriph_Driver/libstm32fw.a(stm32f10x_rtc.o)
                0x0800a258                RTC_SetPrescaler
 .text.RTC_WaitForLastTask
                0x0800a278       0x10 lib/STM32F10x_StdPeriph_Driver/libstm32fw.a(stm32f10x_rtc.o)
                0x0800a278                RTC_WaitForLastTask
 .text.RTC_WaitForSynchro
                0x0800a288       0x1c lib/STM32F10x_StdPeriph_Driver/libstm32fw.a(stm32f10x_rtc.o)
                0x0800a288                RTC_WaitForSynchro
 .text.SPI_I2S_DeInit
                0x0800a2a4       0x64 lib/STM32F10x_StdPeriph_Driver/libstm32fw.a(stm32f10x_spi.o)
                0x0800a2a4                SPI_I2S_DeInit
 .text.SPI_Init
                0x0800a308       0x3e lib/STM32F10x_StdPeriph_Driver/libstm32fw.a(stm32f10x_spi.o)
                0x0800a308                SPI_Init
 .text.SPI_Cmd  0x0800a346       0x18 lib/STM32F10x_StdPeriph_Driver/libstm32fw.a(stm32f10x_spi.o)
                0x0800a346                SPI_Cmd
 .text.SPI_I2S_DMACmd
                0x0800a35e       0x12 lib/STM32F10x_StdPeriph_Driver/libstm32fw.a(stm32f10x_spi.o)
                0x0800a35e                SPI_I2S_DMACmd
 .text.SPI_I2S_SendData
                0x0800a370        0x4 lib/STM32F10x_StdPeriph_Driver/libstm32fw.a(stm32f10x_spi.o)
                0x0800a370                SPI_I2S_SendData
 .text.SPI_I2S_ReceiveData
                0x0800a374        0x6 lib/STM32F10x_StdPeriph_Driver/libstm32fw.a(stm32f10x_spi.o)
                0x0800a374                SPI_I2S_ReceiveData
 .text.SPI_CalculateCRC
                0x0800a37a       0x18 lib/STM32F10x_StdPeriph_Driver/libstm32fw.a(stm32f10x_spi.o)
                0x0800a37a                SPI_CalculateCRC
 .text.SPI_I2S_GetFlagStatus
                0x0800a392        0xc lib/STM32F10x_StdPeriph_Driver/libstm32fw.a(stm32f10x_spi.o)
                0x0800a392                SPI_I2S_GetFlagStatus
 *fill*         0x0800a39e        0x2 
 .text.TIM_TimeBaseInit
                0x0800a3a0       0x3c lib/STM32F10x_StdPeriph_Driver/libstm32fw.a(stm32f10x_tim.o)
                0x0800a3a0                TIM_TimeBaseInit
 .text.TIM_OC1Init
                0x0800a3dc       0x74 lib/STM32F10x_StdPeriph_Driver/libstm32fw.a(stm32f10x_tim.o)
                0x0800a3dc                TIM_OC1Init
 .text.TIM_Cmd  0x0800a450       0x18 lib/STM32F10x_StdPeriph_Driver/libstm32fw.a(stm32f10x_tim.o)
                0x0800a450                TIM_Cmd
 .text.TIM_CtrlPWMOutputs
                0x0800a468       0x1c lib/STM32F10x_StdPeriph_Driver/libstm32fw.a(stm32f10x_tim.o)
                0x0800a468                TIM_CtrlPWMOutputs
 .text.TIM_ARRPreloadConfig
                0x0800a484       0x18 lib/STM32F10x_StdPeriph_Driver/libstm32fw.a(stm32f10x_tim.o)
                0x0800a484                TIM_ARRPreloadConfig
 .text.TIM_OC1PreloadConfig
                0x0800a49c       0x10 lib/STM32F10x_StdPeriph_Driver/libstm32fw.a(stm32f10x_tim.o)
                0x0800a49c                TIM_OC1PreloadConfig
 .text.TIM_SetCompare1
                0x0800a4ac        0x4 lib/STM32F10x_StdPeriph_Driver/libstm32fw.a(stm32f10x_tim.o)
                0x0800a4ac                TIM_SetCompare1
 .text.USART_DeInit
                0x0800a4b0       0x98 lib/STM32F10x_StdPeriph_Driver/libstm32fw.a(stm32f10x_usart.o)
                0x0800a4b0                USART_DeInit
 .text.USART_Init
                0x0800a548       0x88 lib/STM32F10x_StdPeriph_Driver/libstm32fw.a(stm32f10x_usart.o)
                0x0800a548                USART_Init
 .text.USART_Cmd
                0x0800a5d0       0x18 lib/STM32F10x_StdPeriph_Driver/libstm32fw.a(stm32f10x_usart.o)
                0x0800a5d0                USART_Cmd
 .text.USART_ITConfig
                0x0800a5e8       0x32 lib/STM32F10x_StdPeriph_Driver/libstm32fw.a(stm32f10x_usart.o)
                0x0800a5e8                USART_ITConfig
 .text.USART_DMACmd
                0x0800a61a       0x12 lib/STM32F10x_StdPeriph_Driver/libstm32fw.a(stm32f10x_usart.o)
                0x0800a61a                USART_DMACmd
 .text.USART_SendData
                0x0800a62c        0x8 lib/STM32F10x_StdPeriph_Driver/libstm32fw.a(stm32f10x_usart.o)
                0x0800a62c                USART_SendData
 .text.USART_ReceiveData
                0x0800a634        0x8 lib/STM32F10x_StdPeriph_Driver/libstm32fw.a(stm32f10x_usart.o)
                0x0800a634                USART_ReceiveData
 .text.USART_GetFlagStatus
                0x0800a63c        0xc lib/STM32F10x_StdPeriph_Driver/libstm32fw.a(stm32f10x_usart.o)
                0x0800a63c                USART_GetFlagStatus
 .text.USART_GetITStatus
                0x0800a648       0x3e lib/STM32F10x_StdPeriph_Driver/libstm32fw.a(stm32f10x_usart.o)
                0x0800a648                USART_GetITStatus
 .text.USART_ClearITPendingBit
                0x0800a686        0xe lib/STM32F10x_StdPeriph_Driver/libstm32fw.a(stm32f10x_usart.o)
                0x0800a686                USART_ClearITPendingBit
 .text.Standard_GetConfiguration
                0x0800a694       0x24 lib/STM32_USB-FS-Device_Driver/libstm32usb.a(usb_core.o)
                0x0800a694                Standard_GetConfiguration
 .text.Standard_GetInterface
                0x0800a6b8       0x24 lib/STM32_USB-FS-Device_Driver/libstm32usb.a(usb_core.o)
                0x0800a6b8                Standard_GetInterface
 .text.Standard_GetStatus
                0x0800a6dc       0x90 lib/STM32_USB-FS-Device_Driver/libstm32usb.a(usb_core.o)
                0x0800a6dc                Standard_GetStatus
 .text.DataStageIn
                0x0800a76c       0xac lib/STM32_USB-FS-Device_Driver/libstm32usb.a(usb_core.o)
 .text.Standard_SetConfiguration
                0x0800a818       0x38 lib/STM32_USB-FS-Device_Driver/libstm32usb.a(usb_core.o)
                0x0800a818                Standard_SetConfiguration
 .text.Standard_SetInterface
                0x0800a850       0x48 lib/STM32_USB-FS-Device_Driver/libstm32usb.a(usb_core.o)
                0x0800a850                Standard_SetInterface
 .text.Standard_ClearFeature
                0x0800a898       0xd8 lib/STM32_USB-FS-Device_Driver/libstm32usb.a(usb_core.o)
                0x0800a898                Standard_ClearFeature
 .text.Standard_SetEndPointFeature
                0x0800a970       0x8c lib/STM32_USB-FS-Device_Driver/libstm32usb.a(usb_core.o)
                0x0800a970                Standard_SetEndPointFeature
 .text.Standard_SetDeviceFeature
                0x0800a9fc       0x24 lib/STM32_USB-FS-Device_Driver/libstm32usb.a(usb_core.o)
                0x0800a9fc                Standard_SetDeviceFeature
 .text.Standard_GetDescriptorData
                0x0800aa20       0x1c lib/STM32_USB-FS-Device_Driver/libstm32usb.a(usb_core.o)
                0x0800aa20                Standard_GetDescriptorData
 .text.Post0_Process
                0x0800aa3c       0x44 lib/STM32_USB-FS-Device_Driver/libstm32usb.a(usb_core.o)
                0x0800aa3c                Post0_Process
 .text.Setup0_Process
                0x0800aa80      0x2dc lib/STM32_USB-FS-Device_Driver/libstm32usb.a(usb_core.o)
                0x0800aa80                Setup0_Process
 .text.Out0_Process
                0x0800ad5c       0xcc lib/STM32_USB-FS-Device_Driver/libstm32usb.a(usb_core.o)
                0x0800ad5c                Out0_Process
 .text.SetDeviceAddress
                0x0800ae28       0x40 lib/STM32_USB-FS-Device_Driver/libstm32usb.a(usb_core.o)
                0x0800ae28                SetDeviceAddress
 .text.In0_Process
                0x0800ae68       0x5c lib/STM32_USB-FS-Device_Driver/libstm32usb.a(usb_core.o)
                0x0800ae68                In0_Process
 .text.NOP_Process
                0x0800aec4        0x2 lib/STM32_USB-FS-Device_Driver/libstm32usb.a(usb_core.o)
                0x0800aec4                NOP_Process
 *fill*         0x0800aec6        0x2 
 .text.USB_Init
                0x0800aec8       0x34 lib/STM32_USB-FS-Device_Driver/libstm32usb.a(usb_init.o)
                0x0800aec8                USB_Init
 .text.CTR_LP   0x0800aefc      0x170 lib/STM32_USB-FS-Device_Driver/libstm32usb.a(usb_int.o)
                0x0800aefc                CTR_LP
 .text.CTR_HP   0x0800b06c       0x74 lib/STM32_USB-FS-Device_Driver/libstm32usb.a(usb_int.o)
                0x0800b06c                CTR_HP
 .text.UserToPMABufferCopy
                0x0800b0e0       0x30 lib/STM32_USB-FS-Device_Driver/libstm32usb.a(usb_mem.o)
                0x0800b0e0                UserToPMABufferCopy
 .text.PMAToUserBufferCopy
                0x0800b110       0x24 lib/STM32_USB-FS-Device_Driver/libstm32usb.a(usb_mem.o)
                0x0800b110                PMAToUserBufferCopy
 .text.SetBTABLE
                0x0800b134       0x10 lib/STM32_USB-FS-Device_Driver/libstm32usb.a(usb_regs.o)
                0x0800b134                SetBTABLE
 .text.SetEPType
                0x0800b144       0x1c lib/STM32_USB-FS-Device_Driver/libstm32usb.a(usb_regs.o)
                0x0800b144                SetEPType
 .text.SetEPTxStatus
                0x0800b160       0x32 lib/STM32_USB-FS-Device_Driver/libstm32usb.a(usb_regs.o)
                0x0800b160                SetEPTxStatus
 .text.SetEPRxStatus
                0x0800b192       0x32 lib/STM32_USB-FS-Device_Driver/libstm32usb.a(usb_regs.o)
                0x0800b192                SetEPRxStatus
 .text.SetEPRxValid
                0x0800b1c4       0x26 lib/STM32_USB-FS-Device_Driver/libstm32usb.a(usb_regs.o)
                0x0800b1c4                SetEPRxValid
 .text.Clear_Status_Out
                0x0800b1ea       0x20 lib/STM32_USB-FS-Device_Driver/libstm32usb.a(usb_regs.o)
                0x0800b1ea                Clear_Status_Out
 .text.ClearDTOG_RX
                0x0800b20a       0x26 lib/STM32_USB-FS-Device_Driver/libstm32usb.a(usb_regs.o)
                0x0800b20a                ClearDTOG_RX
 .text.ClearDTOG_TX
                0x0800b230       0x26 lib/STM32_USB-FS-Device_Driver/libstm32usb.a(usb_regs.o)
                0x0800b230                ClearDTOG_TX
 *fill*         0x0800b256        0x2 
 .text.SetEPTxAddr
                0x0800b258       0x20 lib/STM32_USB-FS-Device_Driver/libstm32usb.a(usb_regs.o)
                0x0800b258                SetEPTxAddr
 .text.SetEPRxAddr
                0x0800b278       0x20 lib/STM32_USB-FS-Device_Driver/libstm32usb.a(usb_regs.o)
                0x0800b278                SetEPRxAddr
 .text.GetEPTxAddr
                0x0800b298       0x20 lib/STM32_USB-FS-Device_Driver/libstm32usb.a(usb_regs.o)
                0x0800b298                GetEPTxAddr
 .text.GetEPRxAddr
                0x0800b2b8       0x20 lib/STM32_USB-FS-Device_Driver/libstm32usb.a(usb_regs.o)
                0x0800b2b8                GetEPRxAddr
 .text.SetEPTxCount
                0x0800b2d8       0x1c lib/STM32_USB-FS-Device_Driver/libstm32usb.a(usb_regs.o)
                0x0800b2d8                SetEPTxCount
 .text.SetEPRxCount
                0x0800b2f4       0x40 lib/STM32_USB-FS-Device_Driver/libstm32usb.a(usb_regs.o)
                0x0800b2f4                SetEPRxCount
 .text.GetEPRxCount
                0x0800b334       0x20 lib/STM32_USB-FS-Device_Driver/libstm32usb.a(usb_regs.o)
                0x0800b334                GetEPRxCount
 .text.ByteSwap
                0x0800b354        0xa lib/STM32_USB-FS-Device_Driver/libstm32usb.a(usb_regs.o)
                0x0800b354                ByteSwap
 *fill*         0x0800b35e        0x2 
 .text.USB_SIL_Init
                0x0800b360       0x20 lib/STM32_USB-FS-Device_Driver/libstm32usb.a(usb_sil.o)
                0x0800b360                USB_SIL_Init
 .text.USB_SIL_Write
                0x0800b380       0x28 lib/STM32_USB-FS-Device_Driver/libstm32usb.a(usb_sil.o)
                0x0800b380                USB_SIL_Write
 .text.USB_SIL_Read
                0x0800b3a8       0x24 lib/STM32_USB-FS-Device_Driver/libstm32usb.a(usb_sil.o)
                0x0800b3a8                USB_SIL_Read
 .text.memset   0x0800b3cc       0x9c /home/laurence/ARM-GCC/gcc-arm-none-eabi-4_9-2014q4/bin/../lib/gcc/arm-none-eabi/4.9.3/../../../../arm-none-eabi/lib/armv7-m/libg.a(lib_a-memset.o)
                0x0800b3cc                memset
 .text._sbrk    0x0800b468       0x1c /home/laurence/ARM-GCC/gcc-arm-none-eabi-4_9-2014q4/bin/../lib/gcc/arm-none-eabi/4.9.3/../../../../arm-none-eabi/lib/armv7-m/libnosys.a(sbrk.o)
                0x0800b468                _sbrk
 *(.rodata)
 .rodata        0x0800b484       0x30 /tmp/cczvbUkr.ltrans0.ltrans.o
 .rodata        0x0800b4b4      0x4d0 /tmp/cczvbUkr.ltrans1.ltrans.o
 .rodata        0x0800b984        0xc /tmp/cczvbUkr.ltrans4.ltrans.o
 .rodata        0x0800b990      0x140 /tmp/cczvbUkr.ltrans5.ltrans.o
 .rodata        0x0800bad0       0x48 /tmp/cczvbUkr.ltrans6.ltrans.o
 .rodata        0x0800bb18       0x80 /tmp/cczvbUkr.ltrans7.ltrans.o
 *(.rodata*)
 .rodata.str1.4
                0x0800bb98        0x6 /tmp/cczvbUkr.ltrans2.ltrans.o
                                  0x8 (size before relaxing)
 *fill*         0x0800bb9e        0x2 
 .rodata.L3GD20_setup
                0x0800bba0        0x8 /tmp/cczvbUkr.ltrans3.ltrans.o
 .rodata.MASS_DeviceDescriptor
                0x0800bba8       0x14 /tmp/cczvbUkr.ltrans5.ltrans.o
 .rodata.str1.4
                0x0800bbbc      0x14d /tmp/cczvbUkr.ltrans5.ltrans.o
                                0x150 (size before relaxing)
 *fill*         0x0800bd09        0x3 
 .rodata.Silabs_Header
                0x0800bd0c        0x8 /tmp/cczvbUkr.ltrans6.ltrans.o
 .rodata.str1.4
                0x0800bd14      0x2f9 /tmp/cczvbUkr.ltrans6.ltrans.o
                                0x300 (size before relaxing)
 *fill*         0x0800c00d        0x3 
 .rodata.str1.4
                0x0800c010       0x13 /tmp/cczvbUkr.ltrans7.ltrans.o
                                 0x14 (size before relaxing)
 *fill*         0x0800c023        0x1 
 .rodata.str1.4
                0x0800c024       0x40 /tmp/cczvbUkr.ltrans8.ltrans.o
 .rodata.str1.4
                0x0800c064        0x2 /home/laurence/ARM-GCC/gcc-arm-none-eabi-4_9-2014q4/bin/../lib/gcc/arm-none-eabi/4.9.3/../../../../arm-none-eabi/lib/armv7-m/libg.a(lib_a-impure.o)
                                  0x4 (size before relaxing)
 *(.glue_7)
 .glue_7        0x00000000        0x0 linker stubs
 *(.glue_7t)
 .glue_7t       0x00000000        0x0 linker stubs
 *(.init)
 *fill*         0x0800c066        0x2 
 .init          0x0800c068        0x4 /home/laurence/ARM-GCC/gcc-arm-none-eabi-4_9-2014q4/bin/../lib/gcc/arm-none-eabi/4.9.3/armv7-m/crti.o
                0x0800c068                _init
 .init          0x0800c06c        0x8 /home/laurence/ARM-GCC/gcc-arm-none-eabi-4_9-2014q4/bin/../lib/gcc/arm-none-eabi/4.9.3/armv7-m/crtn.o
 *(.fini)
 .fini          0x0800c074        0x4 /home/laurence/ARM-GCC/gcc-arm-none-eabi-4_9-2014q4/bin/../lib/gcc/arm-none-eabi/4.9.3/armv7-m/crti.o
                0x0800c074                _fini
 .fini          0x0800c078        0x8 /home/laurence/ARM-GCC/gcc-arm-none-eabi-4_9-2014q4/bin/../lib/gcc/arm-none-eabi/4.9.3/armv7-m/crtn.o
                0x0800c080                . = ALIGN (0x4)
                0x0800c080                _etext = .
                0x0800c080                _sidata = _etext

.vfp11_veneer   0x0800c080        0x0
 .vfp11_veneer  0x00000000        0x0 linker stubs

.v4_bx          0x0800c080        0x0
 .v4_bx         0x00000000        0x0 linker stubs

.iplt           0x0800c080        0x0
 .iplt          0x00000000        0x0 /home/laurence/ARM-GCC/gcc-arm-none-eabi-4_9-2014q4/bin/../lib/gcc/arm-none-eabi/4.9.3/armv7-m/crtbegin.o

.rel.dyn        0x0800c080        0x0
 .rel.iplt      0x00000000        0x0 /home/laurence/ARM-GCC/gcc-arm-none-eabi-4_9-2014q4/bin/../lib/gcc/arm-none-eabi/4.9.3/armv7-m/crtbegin.o

.flashpatch     0x00000000        0x0
                0x00000000                . = ALIGN (0x4)
 *(.flashpatch)
                0x00000000                . = ALIGN (0x4)

.endflash       0x00000000        0x0
                0x00000000                . = ALIGN (0x4)
 *(.endflash)
                0x00000000                . = ALIGN (0x4)
                0x00000000                _e_endflash = .

.data           0x20000000      0x9dc load address 0x0800c080
                0x20000000                . = ALIGN (0x4)
                0x20000000                _sdata = .
                0x20000000                _data = .
 *(.data)
 .data          0x20000000        0x8 /tmp/cczvbUkr.ltrans0.ltrans.o
                0x20000004                Device_Table
 .data          0x20000008       0x74 /tmp/cczvbUkr.ltrans1.ltrans.o
 .data          0x2000007c        0x1 /tmp/cczvbUkr.ltrans2.ltrans.o
 *fill*         0x2000007d        0x3 
 .data          0x20000080       0x20 /tmp/cczvbUkr.ltrans3.ltrans.o
 .data          0x200000a0        0x4 /tmp/cczvbUkr.ltrans4.ltrans.o
 .data          0x200000a4       0xe4 /tmp/cczvbUkr.ltrans5.ltrans.o
                0x200000f8                Device_Property
                0x2000012c                pEpInt_IN
                0x20000148                pEpInt_OUT
                0x20000164                User_Standard_Requests
 *(.data.*)
 .data.__malloc_av_
                0x20000188      0x408 /home/laurence/ARM-GCC/gcc-arm-none-eabi-4_9-2014q4/bin/../lib/gcc/arm-none-eabi/4.9.3/../../../../arm-none-eabi/lib/armv7-m/libg.a(lib_a-mallocr.o)
                0x20000188                __malloc_av_
 .data.__malloc_trim_threshold
                0x20000590        0x4 /home/laurence/ARM-GCC/gcc-arm-none-eabi-4_9-2014q4/bin/../lib/gcc/arm-none-eabi/4.9.3/../../../../arm-none-eabi/lib/armv7-m/libg.a(lib_a-mallocr.o)
                0x20000590                __malloc_trim_threshold
 .data.__malloc_sbrk_base
                0x20000594        0x4 /home/laurence/ARM-GCC/gcc-arm-none-eabi-4_9-2014q4/bin/../lib/gcc/arm-none-eabi/4.9.3/../../../../arm-none-eabi/lib/armv7-m/libg.a(lib_a-mallocr.o)
                0x20000594                __malloc_sbrk_base
 .data.ADCPrescTable
                0x20000598        0x4 lib/STM32F10x_StdPeriph_Driver/libstm32fw.a(stm32f10x_rcc.o)
 .data.APBAHBPrescTable
                0x2000059c       0x10 lib/STM32F10x_StdPeriph_Driver/libstm32fw.a(stm32f10x_rcc.o)
 *fill*         0x200005ac        0x4 
 .data.impure_data
                0x200005b0      0x428 /home/laurence/ARM-GCC/gcc-arm-none-eabi-4_9-2014q4/bin/../lib/gcc/arm-none-eabi/4.9.3/../../../../arm-none-eabi/lib/armv7-m/libg.a(lib_a-impure.o)
 .data._impure_ptr
                0x200009d8        0x4 /home/laurence/ARM-GCC/gcc-arm-none-eabi-4_9-2014q4/bin/../lib/gcc/arm-none-eabi/4.9.3/../../../../arm-none-eabi/lib/armv7-m/libg.a(lib_a-impure.o)
                0x200009d8                _impure_ptr
 *(.RAMtext)
                0x200009dc                . = ALIGN (0x4)
                0x200009dc                _edata = .
                0x0800ca5c                _eidata = (_sidata + (_edata - _sdata))
                0x08020000                _lastdataromaddress = (ORIGIN (FLASH) + 0x20000)
                0x00000000                toobig = (_eidata > _lastdataromaddress)?!!!!!!!!! FLASH IS FULL !!!!!!!!!:0x0

.igot.plt       0x200009dc        0x0 load address 0x0800ca5c
 .igot.plt      0x00000000        0x0 /home/laurence/ARM-GCC/gcc-arm-none-eabi-4_9-2014q4/bin/../lib/gcc/arm-none-eabi/4.9.3/armv7-m/crtbegin.o

.bss            0x200009e0      0xf3c load address 0x0800ca60
                0x200009e0                . = ALIGN (0x4)
                0x200009e0                _sbss = .
                0x200009e0                _bss = .
 *(.bss)
 .bss           0x200009e0       0x6c /tmp/cczvbUkr.ltrans0.ltrans.o
 .bss           0x20000a4c       0x3c /tmp/cczvbUkr.ltrans1.ltrans.o
                0x20000a4c                Mass_Block_Count
                0x20000a54                CBW
                0x20000a74                Mass_Block_Size
                0x20000a7c                Bot_State
 .bss           0x20000a88       0x94 /tmp/cczvbUkr.ltrans2.ltrans.o
                0x20000b0c                Timer1.lto_priv.8
                0x20000b10                Timer2.lto_priv.9
                0x20000b19                Sd_Spi_Called_From_USB_MSC
 .bss           0x20000b1c       0x28 /tmp/cczvbUkr.ltrans3.ltrans.o
 .bss           0x20000b44       0x90 /tmp/cczvbUkr.ltrans5.ltrans.o
                0x20000b4c                wIstr
 *fill*         0x20000bd4        0x4 
 .bss           0x20000bd8      0x718 /tmp/cczvbUkr.ltrans6.ltrans.o
                0x20001000                bootsource
                0x20001004                Battery_Voltage
                0x2000125c                Silabs_driver_state
                0x20001294                Gyro_XY_Rate
                0x20001298                Gyro_Z_Rate
                0x2000129c                Ind_Voltage
                0x200012a0                Auto_volt
                0x200012a4                Ignition_Selftest
                0x200012a6                AutoSequence
                0x200012a8                Gyro_x_buffer
                0x200012b4                Gyro_y_buffer
                0x200012c0                Gyro_z_buffer
                0x200012d0                I2C1error
                0x200012d4                L3GD20_Data_Buffer
                0x200012dc                System_state_Global
                0x200012e0                Aux_Voltage
                0x200012e4                Gyro_Temperature
                0x200012e8                Auto_spin
                0x200012ec                Shutdown_System
 .bss           0x200012f0        0x8 /tmp/cczvbUkr.ltrans7.ltrans.o
 .bss           0x200012f8      0x58c /tmp/cczvbUkr.ltrans8.ltrans.o
                0x200012f8                FATFS_logfile
                0x20001520                print_string
                0x20001620                Usart1_rx_buff
                0x2000162c                Gps_Buffer
                0x20001638                FATFS_wavfile_gyro
                0x20001878                Millis
                0x2000187c                Jobs
                0x20001880                Completed_Jobs
 *(.bss.*)
 .bss.Page00_Inquiry_Data
                0x20001884        0x8 /tmp/cczvbUkr.ltrans1.ltrans.o
 .bss.bIntPackSOF
                0x2000188c        0x1 /tmp/cczvbUkr.ltrans5.ltrans.o
 *fill*         0x2000188d        0x3 
 .bss.Status    0x20001890        0x4 /tmp/cczvbUkr.ltrans5.ltrans.o
 .bss.Max_Lun   0x20001894        0x4 /tmp/cczvbUkr.ltrans5.ltrans.o
 .bss.bDeviceState
                0x20001898        0x4 /tmp/cczvbUkr.ltrans6.ltrans.o
                0x20001898                bDeviceState
 .bss.file_opened
                0x2000189c        0x1 /tmp/cczvbUkr.ltrans6.ltrans.o
 *fill*         0x2000189d        0x3 
 .bss.__malloc_max_total_mem
                0x200018a0        0x4 /home/laurence/ARM-GCC/gcc-arm-none-eabi-4_9-2014q4/bin/../lib/gcc/arm-none-eabi/4.9.3/../../../../arm-none-eabi/lib/armv7-m/libg.a(lib_a-mallocr.o)
                0x200018a0                __malloc_max_total_mem
 .bss.__malloc_max_sbrked_mem
                0x200018a4        0x4 /home/laurence/ARM-GCC/gcc-arm-none-eabi-4_9-2014q4/bin/../lib/gcc/arm-none-eabi/4.9.3/../../../../arm-none-eabi/lib/armv7-m/libg.a(lib_a-mallocr.o)
                0x200018a4                __malloc_max_sbrked_mem
 .bss.__malloc_top_pad
                0x200018a8        0x4 /home/laurence/ARM-GCC/gcc-arm-none-eabi-4_9-2014q4/bin/../lib/gcc/arm-none-eabi/4.9.3/../../../../arm-none-eabi/lib/armv7-m/libg.a(lib_a-mallocr.o)
                0x200018a8                __malloc_top_pad
 .bss.__malloc_current_mallinfo
                0x200018ac       0x28 /home/laurence/ARM-GCC/gcc-arm-none-eabi-4_9-2014q4/bin/../lib/gcc/arm-none-eabi/4.9.3/../../../../arm-none-eabi/lib/armv7-m/libg.a(lib_a-mallocr.o)
                0x200018ac                __malloc_current_mallinfo
 .bss.Data_Mul_MaxPacketSize
                0x200018d4        0x1 lib/STM32_USB-FS-Device_Driver/libstm32usb.a(usb_core.o)
                0x200018d4                Data_Mul_MaxPacketSize
 *fill*         0x200018d5        0x3 
 .bss.heap_end.4079
                0x200018d8        0x4 /home/laurence/ARM-GCC/gcc-arm-none-eabi-4_9-2014q4/bin/../lib/gcc/arm-none-eabi/4.9.3/../../../../arm-none-eabi/lib/armv7-m/libnosys.a(sbrk.o)
 *(COMMON)