Archive member included because of file (symbol)

lib/STM32F10x_StdPeriph_Driver/libstm32fw.a(misc.o)
                              interrupts.o (symbol from plugin) (NVIC_PriorityGroupConfig)
lib/STM32F10x_StdPeriph_Driver/libstm32fw.a(stm32f10x_adc.o)
                              adc.o (symbol from plugin) (ADC_DeInit)
lib/STM32F10x_StdPeriph_Driver/libstm32fw.a(stm32f10x_bkp.o)
                              Util/fat_fs/src/rtc.o (symbol from plugin) (BKP_DeInit)
lib/STM32F10x_StdPeriph_Driver/libstm32fw.a(stm32f10x_dbgmcu.o)
                              main.o (symbol from plugin) (DBGMCU_Config)
lib/STM32F10x_StdPeriph_Driver/libstm32fw.a(stm32f10x_dma.o)
                              Silabs/si446x.o (symbol from plugin) (DMA_DeInit)
lib/STM32F10x_StdPeriph_Driver/libstm32fw.a(stm32f10x_exti.o)
                              Silabs/si446x.o (symbol from plugin) (EXTI_DeInit)
lib/STM32F10x_StdPeriph_Driver/libstm32fw.a(stm32f10x_gpio.o)
                              Silabs/si446x.o (symbol from plugin) (GPIO_Init)
lib/STM32F10x_StdPeriph_Driver/libstm32fw.a(stm32f10x_i2c.o)
                              i2c_int.o (symbol from plugin) (I2C_DeInit)
lib/STM32F10x_StdPeriph_Driver/libstm32fw.a(stm32f10x_iwdg.o)
                              watchdog.o (symbol from plugin) (IWDG_WriteAccessCmd)
lib/STM32F10x_StdPeriph_Driver/libstm32fw.a(stm32f10x_pwr.o)
                              pwr.o (symbol from plugin) (PWR_DeInit)
lib/STM32F10x_StdPeriph_Driver/libstm32fw.a(stm32f10x_rcc.o)
                              interrupts.o (symbol from plugin) (RCC_HCLKConfig)
lib/STM32F10x_StdPeriph_Driver/libstm32fw.a(stm32f10x_rtc.o)
                              Util/fat_fs/src/rtc.o (symbol from plugin) (RTC_GetCounter)
lib/STM32F10x_StdPeriph_Driver/libstm32fw.a(stm32f10x_spi.o)
                              Util/fat_fs/src/sd_spi_stm32.o (symbol from plugin) (SPI_I2S_DeInit)
lib/STM32F10x_StdPeriph_Driver/libstm32fw.a(stm32f10x_tim.o)
                              pwm.o (symbol from plugin) (TIM_DeInit)
lib/STM32F10x_StdPeriph_Driver/libstm32fw.a(stm32f10x_usart.o)
                              usart.o (symbol from plugin) (USART_DeInit)
lib/STM32_USB-FS-Device_Driver/libstm32usb.a(usb_core.o)
                              Util/USB/usb_prop.o (symbol from plugin) (Standard_GetDescriptorData)
lib/STM32_USB-FS-Device_Driver/libstm32usb.a(usb_init.o)
                              main.o (symbol from plugin) (USB_Init)
lib/STM32_USB-FS-Device_Driver/libstm32usb.a(usb_int.o)
                              Util/USB/usb_istr.o (symbol from plugin) (CTR_LP)
lib/STM32_USB-FS-Device_Driver/libstm32usb.a(usb_mem.o)
                              lib/STM32_USB-FS-Device_Driver/libstm32usb.a(usb_core.o) (UserToPMABufferCopy)
lib/STM32_USB-FS-Device_Driver/libstm32usb.a(usb_regs.o)
                              Util/USB/usb_prop.o (symbol from plugin) (SetBTABLE)
lib/STM32_USB-FS-Device_Driver/libstm32usb.a(usb_sil.o)
                              Util/USB/usb_prop.o (symbol from plugin) (USB_SIL_Init)
/home/laurence/ARM-GCC/gcc-arm-none-eabi-4_9-2014q4/bin/../lib/gcc/arm-none-eabi/4.9.3/../../../../arm-none-eabi/lib/armv7-m/libg.a(lib_a-exit.o)
                              /home/laurence/ARM-GCC/gcc-arm-none-eabi-4_9-2014q4/bin/../lib/gcc/arm-none-eabi/4.9.3/../../../../arm-none-eabi/lib/armv7-m/crt0.o (exit)
/home/laurence/ARM-GCC/gcc-arm-none-eabi-4_9-2014q4/bin/../lib/gcc/arm-none-eabi/4.9.3/../../../../arm-none-eabi/lib/armv7-m/libg.a(lib_a-impure.o)
                              /home/laurence/ARM-GCC/gcc-arm-none-eabi-4_9-2014q4/bin/../lib/gcc/arm-none-eabi/4.9.3/../../../../arm-none-eabi/lib/armv7-m/libg.a(lib_a-exit.o) (_global_impure_ptr)
/home/laurence/ARM-GCC/gcc-arm-none-eabi-4_9-2014q4/bin/../lib/gcc/arm-none-eabi/4.9.3/../../../../arm-none-eabi/lib/armv7-m/libg.a(lib_a-init.o)
                              /home/laurence/ARM-GCC/gcc-arm-none-eabi-4_9-2014q4/bin/../lib/gcc/arm-none-eabi/4.9.3/../../../../arm-none-eabi/lib/armv7-m/crt0.o (__libc_init_array)
/home/laurence/ARM-GCC/gcc-arm-none-eabi-4_9-2014q4/bin/../lib/gcc/arm-none-eabi/4.9.3/../../../../arm-none-eabi/lib/armv7-m/libg.a(lib_a-memset.o)
                              /home/laurence/ARM-GCC/gcc-arm-none-eabi-4_9-2014q4/bin/../lib/gcc/arm-none-eabi/4.9.3/../../../../arm-none-eabi/lib/armv7-m/crt0.o (memset)
/home/laurence/ARM-GCC/gcc-arm-none-eabi-4_9-2014q4/bin/../lib/gcc/arm-none-eabi/4.9.3/../../../../arm-none-eabi/lib/armv7-m/libg.a(lib_a-__call_atexit.o)
                              /home/laurence/ARM-GCC/gcc-arm-none-eabi-4_9-2014q4/bin/../lib/gcc/arm-none-eabi/4.9.3/../../../../arm-none-eabi/lib/armv7-m/libg.a(lib_a-exit.o) (__call_exitprocs)
/home/laurence/ARM-GCC/gcc-arm-none-eabi-4_9-2014q4/bin/../lib/gcc/arm-none-eabi/4.9.3/../../../../arm-none-eabi/lib/armv7-m/libg.a(lib_a-atexit.o)
[...]
Memory Configuration

Name             Origin             Length             Attributes
RAM              0x20000000         0x00005000         xrw
FLASH            0x08000000         0x00020000         xr
FLASHB1          0x00000000         0x00000000         xr
EXTMEMB0         0x00000000         0x00000000         xr
EXTMEMB1         0x00000000         0x00000000         xr
EXTMEMB2         0x00000000         0x00000000         xr
EXTMEMB3         0x00000000         0x00000000         xr
STARTFLASH       0x00000000         0xffffffff
CRPPATCH         0x00000000         0xffffffff
FLASHPATCH       0x00000000         0xffffffff
ENDFLASH         0x00000000         0xffffffff
*default*        0x00000000         0xffffffff

Linker script and memory map

LOAD /home/laurence/ARM-GCC/gcc-arm-none-eabi-4_9-2014q4/bin/../lib/gcc/arm-none-eabi/4.9.3/armv7-m/crti.o
LOAD /home/laurence/ARM-GCC/gcc-arm-none-eabi-4_9-2014q4/bin/../lib/gcc/arm-none-eabi/4.9.3/armv7-m/crtbegin.o
LOAD /home/laurence/ARM-GCC/gcc-arm-none-eabi-4_9-2014q4/bin/../lib/gcc/arm-none-eabi/4.9.3/../../../../arm-none-eabi/lib/armv7-m/crt0.o
LOAD Silabs/si446x.o
LOAD /tmp/ccQhAOEb.ltrans0.ltrans.o
LOAD /tmp/ccQhAOEb.ltrans1.ltrans.o
LOAD /tmp/ccQhAOEb.ltrans2.ltrans.o
LOAD /tmp/ccQhAOEb.ltrans3.ltrans.o
LOAD /tmp/ccQhAOEb.ltrans4.ltrans.o
LOAD /tmp/ccQhAOEb.ltrans5.ltrans.o
LOAD /tmp/ccQhAOEb.ltrans6.ltrans.o
LOAD /tmp/ccQhAOEb.ltrans7.ltrans.o
LOAD /tmp/ccQhAOEb.ltrans8.ltrans.o
LOAD /tmp/ccQhAOEb.ltrans9.ltrans.o
LOAD /home/laurence/ARM-GCC/gcc-arm-none-eabi-4_9-2014q4/bin/../lib/gcc/arm-none-eabi/4.9.3/armv7-m/libgcc.a
LOAD /home/laurence/ARM-GCC/gcc-arm-none-eabi-4_9-2014q4/bin/../lib/gcc/arm-none-eabi/4.9.3/../../../../arm-none-eabi/lib/armv7-m/libg.a
LOAD /home/laurence/ARM-GCC/gcc-arm-none-eabi-4_9-2014q4/bin/../lib/gcc/arm-none-eabi/4.9.3/../../../../arm-none-eabi/lib/armv7-m/libc.a
LOAD Ublox/ubx.o
LOAD Util/USB/hw_config.o
LOAD Util/USB/mass_mal.o
LOAD Util/USB/memory.o
LOAD Util/USB/scsi_data.o
LOAD Util/USB/usb_bot.o
LOAD Util/USB/usb_desc.o
LOAD Util/USB/usb_endp.o
LOAD Util/USB/usb_istr.o
LOAD Util/USB/usb_prop.o
LOAD Util/USB/usb_pwr.o
LOAD Util/USB/usb_scsi.o
LOAD Util/buffer.o
LOAD Util/crc.o
LOAD Util/delay.o
LOAD Util/fat_fs/option/ccsbcs.o
LOAD Util/fat_fs/src/fattime.o
LOAD Util/fat_fs/src/ff.o
LOAD Util/fat_fs/src/rtc.o
LOAD Util/fat_fs/src/sd_spi_stm32.o
LOAD Util/polygon.o
LOAD Util/rprintf.o
LOAD Util/wave.o
LOAD adc.o
LOAD dma.o
LOAD gpio.o
LOAD i2c_int.o
LOAD interrupts.o
LOAD lib/CMSIS_CM3/core_cm3.o
LOAD lib/CMSIS_CM3/startup/gcc/startup_stm32f10x_md.o
LOAD lib/CMSIS_CM3/system_stm32f10x.o
LOAD main.o
LOAD pwm.o
LOAD pwr.o
LOAD usart.o
LOAD watchdog.o
LOAD lib/STM32F10x_StdPeriph_Driver/libstm32fw.a
LOAD lib/STM32_USB-FS-Device_Driver/libstm32usb.a
LOAD /home/laurence/ARM-GCC/gcc-arm-none-eabi-4_9-2014q4/bin/../lib/gcc/arm-none-eabi/4.9.3/../../../../arm-none-eabi/lib/armv7-m/libm.a
LOAD /home/laurence/ARM-GCC/gcc-arm-none-eabi-4_9-2014q4/bin/../lib/gcc/arm-none-eabi/4.9.3/../../../../arm-none-eabi/lib/armv7-m/libnosys.a
START GROUP
LOAD /home/laurence/ARM-GCC/gcc-arm-none-eabi-4_9-2014q4/bin/../lib/gcc/arm-none-eabi/4.9.3/armv7-m/libgcc.a
LOAD /home/laurence/ARM-GCC/gcc-arm-none-eabi-4_9-2014q4/bin/../lib/gcc/arm-none-eabi/4.9.3/../../../../arm-none-eabi/lib/armv7-m/libg.a
LOAD /home/laurence/ARM-GCC/gcc-arm-none-eabi-4_9-2014q4/bin/../lib/gcc/arm-none-eabi/4.9.3/../../../../arm-none-eabi/lib/armv7-m/libc.a
END GROUP
LOAD /home/laurence/ARM-GCC/gcc-arm-none-eabi-4_9-2014q4/bin/../lib/gcc/arm-none-eabi/4.9.3/armv7-m/crtend.o
LOAD /home/laurence/ARM-GCC/gcc-arm-none-eabi-4_9-2014q4/bin/../lib/gcc/arm-none-eabi/4.9.3/armv7-m/crtn.o
                0x00002000                __Stack_Size = 0x2000
                0x00002000                PROVIDE (_Stack_Size, __Stack_Size)
                0x20003000                __Stack_Init = (_estack - __Stack_Size)
                0x20003000                PROVIDE (_Stack_Init, __Stack_Init)
                0x00002000                _Minimum_Stack_Size = 0x2000
                0x00000000                PROVIDE (Undefined_Handler, 0x0)
                0x00000000                PROVIDE (SWI_Handler, 0x0)
                0x00000000                PROVIDE (IRQ_Handler, 0x0)
                0x00000000                PROVIDE (Prefetch_Handler, 0x0)
                0x00000000                PROVIDE (Abort_Handler, 0x0)
                0x00000000                PROVIDE (FIQ_Handler, 0x0)
                0x00000000                PROVIDE (NMIException, 0x0)
                0x00000000                PROVIDE (NMI_Handler, 0x0)
                0x00000000                PROVIDE (HardFaultException, 0x0)
                0x00000000                PROVIDE (HardFault_Handler, 0x0)
                0x00000000                PROVIDE (MemManageException, 0x0)
                0x00000000                PROVIDE (MemManage_Handler, 0x0)
                0x00000000                PROVIDE (BusFaultException, 0x0)
                0x00000000                PROVIDE (BusFault_Handler, 0x0)
                0x00000000                PROVIDE (UsageFaultException, 0x0)
                0x00000000                PROVIDE (UsageFault_Handler, 0x0)
                0x00000000                PROVIDE (SVCHandler, 0x0)
                0x00000000                PROVIDE (SVC_Handler, 0x0)
                0x00000000                PROVIDE (DebugMonitor, 0x0)
                0x00000000                PROVIDE (DebugMon_Handler, 0x0)
                0x00000000                PROVIDE (PendSVC, 0x0)
                0x00000000                PROVIDE (PendSV_Handler, 0x0)
                0x00000000                PROVIDE (SysTickHandler, 0x0)
                0x00000000                PROVIDE (SysTick_Handler, 0x0)
                0x00000000                PROVIDE (WWDG_IRQHandler, 0x0)
                0x00000000                PROVIDE (PVD_IRQHandler, 0x0)
                0x00000000                PROVIDE (TAMPER_IRQHandler, 0x0)
                0x00000000                PROVIDE (RTC_IRQHandler, 0x0)
                0x00000000                PROVIDE (FLASH_IRQHandler, 0x0)
                0x00000000                PROVIDE (RCC_IRQHandler, 0x0)
                0x00000000                PROVIDE (EXTI0_IRQHandler, 0x0)
                0x00000000                PROVIDE (EXTI1_IRQHandler, 0x0)
                0x00000000                PROVIDE (EXTI2_IRQHandler, 0x0)
                0x00000000                PROVIDE (EXTI3_IRQHandler, 0x0)
                0x00000000                PROVIDE (EXTI4_IRQHandler, 0x0)
                0x00000000                PROVIDE (DMAChannel1_IRQHandler, 0x0)
                0x00000000                PROVIDE (DMAChannel2_IRQHandler, 0x0)
                0x00000000                PROVIDE (DMAChannel3_IRQHandler, 0x0)
                0x00000000                PROVIDE (DMAChannel4_IRQHandler, 0x0)
                0x00000000                PROVIDE (DMAChannel5_IRQHandler, 0x0)
                0x00000000                PROVIDE (DMAChannel6_IRQHandler, 0x0)
                0x00000000                PROVIDE (DMAChannel7_IRQHandler, 0x0)
                0x00000000                PROVIDE (DMA1_Channel1_IRQHandler, 0x0)
                0x00000000                PROVIDE (DMA1_Channel2_IRQHandler, 0x0)
                0x00000000                PROVIDE (DMA1_Channel3_IRQHandler, 0x0)
                0x00000000                PROVIDE (DMA1_Channel4_IRQHandler, 0x0)
                0x00000000                PROVIDE (DMA1_Channel5_IRQHandler, 0x0)
                0x00000000                PROVIDE (DMA1_Channel6_IRQHandler, 0x0)
                0x00000000                PROVIDE (DMA1_Channel7_IRQHandler, 0x0)
                0x00000000                PROVIDE (ADC_IRQHandler, 0x0)
                0x00000000                PROVIDE (ADC1_2_IRQHandler, 0x0)
                0x00000000                PROVIDE (USB_HP_CAN_TX_IRQHandler, 0x0)
                0x00000000                PROVIDE (USB_HP_CAN1_TX_IRQHandler, 0x0)
                0x00000000                PROVIDE (USB_LP_CAN_RX0_IRQHandler, 0x0)
                0x00000000                PROVIDE (USB_LP_CAN1_RX0_IRQHandler, 0x0)
                0x00000000                PROVIDE (CAN_RX1_IRQHandler, 0x0)
                0x00000000                PROVIDE (CAN1_RX1_IRQHandler, 0x0)
                0x00000000                PROVIDE (CAN_SCE_IRQHandler, 0x0)
                0x00000000                PROVIDE (CAN1_SCE_IRQHandler, 0x0)
                0x00000000                PROVIDE (EXTI9_5_IRQHandler, 0x0)
                0x00000000                PROVIDE (TIM1_BRK_IRQHandler, 0x0)
                0x00000000                PROVIDE (TIM1_UP_IRQHandler, 0x0)
                0x00000000                PROVIDE (TIM1_TRG_COM_IRQHandler, 0x0)
                0x00000000                PROVIDE (TIM1_CC_IRQHandler, 0x0)
                0x00000000                PROVIDE (TIM2_IRQHandler, 0x0)
                0x00000000                PROVIDE (TIM3_IRQHandler, 0x0)
                0x00000000                PROVIDE (TIM4_IRQHandler, 0x0)
                0x00000000                PROVIDE (I2C1_EV_IRQHandler, 0x0)
                0x00000000                PROVIDE (I2C1_ER_IRQHandler, 0x0)
                0x00000000                PROVIDE (I2C2_EV_IRQHandler, 0x0)
                0x00000000                PROVIDE (I2C2_ER_IRQHandler, 0x0)
                0x00000000                PROVIDE (SPI1_IRQHandler, 0x0)
                0x00000000                PROVIDE (SPI2_IRQHandler, 0x0)
                0x00000000                PROVIDE (USART1_IRQHandler, 0x0)
                0x00000000                PROVIDE (USART2_IRQHandler, 0x0)
                0x00000000                PROVIDE (USART3_IRQHandler, 0x0)
                0x00000000                PROVIDE (EXTI15_10_IRQHandler, 0x0)
                0x00000000                PROVIDE (RTCAlarm_IRQHandler, 0x0)
                0x00000000                PROVIDE (USBWakeUp_IRQHandler, 0x0)
                0x00000000                PROVIDE (TIM8_BRK_IRQHandler, 0x0)
                0x00000000                PROVIDE (TIM8_UP_IRQHandler, 0x0)
                0x00000000                PROVIDE (TIM8_TRG_COM_IRQHandler, 0x0)
                0x00000000                PROVIDE (TIM8_CC_IRQHandler, 0x0)
                0x00000000                PROVIDE (ADC3_IRQHandler, 0x0)
                0x00000000                PROVIDE (FSMC_IRQHandler, 0x0)
                0x00000000                PROVIDE (SDIO_IRQHandler, 0x0)
                0x00000000                PROVIDE (TIM5_IRQHandler, 0x0)
                0x00000000                PROVIDE (SPI3_IRQHandler, 0x0)
                0x00000000                PROVIDE (UART4_IRQHandler, 0x0)
                0x00000000                PROVIDE (UART5_IRQHandler, 0x0)
                0x00000000                PROVIDE (TIM6_IRQHandler, 0x0)
                0x00000000                PROVIDE (TIM7_IRQHandler, 0x0)
                0x00000000                PROVIDE (DMA2_Channel1_IRQHandler, 0x0)
                0x00000000                PROVIDE (DMA2_Channel2_IRQHandler, 0x0)
                0x00000000                PROVIDE (DMA2_Channel3_IRQHandler, 0x0)
                0x00000000                PROVIDE (DMA2_Channel4_5_IRQHandler, 0x0)
                0x42000000                PERIPH_BB_BASE = 0x42000000
                0x22000000                SRAM_BB_BASE = 0x22000000
                0x20000000                SRAM_BASE = 0x20000000
                0x40000000                PERIPH_BASE = 0x40000000
                0x40022000                PROVIDE (FLASH_BASE, 0x40022000)
                0x1ffff800                PROVIDE (OB_BASE, 0x1ffff800)
                0x40000000                APB1PERIPH_BASE = PERIPH_BASE
                0x40010000                APB2PERIPH_BASE = (PERIPH_BASE + 0x10000)
                0x40020000                AHBPERIPH_BASE = (PERIPH_BASE + 0x20000)
                0x40000000                PROVIDE (TIM2, (APB1PERIPH_BASE + 0x0))
                0x40000400                PROVIDE (TIM3, (APB1PERIPH_BASE + 0x400))
                0x40000800                PROVIDE (TIM4, (APB1PERIPH_BASE + 0x800))
                0x40002800                PROVIDE (RTC, (APB1PERIPH_BASE + 0x2800))
                0x40002c00                PROVIDE (WWDG, (APB1PERIPH_BASE + 0x2c00))
                0x40003000                PROVIDE (IWDG, (APB1PERIPH_BASE + 0x3000))
                0x40003800                PROVIDE (SPI2, (APB1PERIPH_BASE + 0x3800))
                0x40004400                PROVIDE (USART2, (APB1PERIPH_BASE + 0x4400))
                0x40004800                PROVIDE (USART3, (APB1PERIPH_BASE + 0x4800))
                0x40005400                PROVIDE (I2C1, (APB1PERIPH_BASE + 0x5400))
                0x40005800                PROVIDE (I2C2, (APB1PERIPH_BASE + 0x5800))
                0x40006400                PROVIDE (CAN, (APB1PERIPH_BASE + 0x6400))
                0x40006c00                PROVIDE (BKP, (APB1PERIPH_BASE + 0x6c00))
                0x40007000                PROVIDE (PWR, (APB1PERIPH_BASE + 0x7000))
                0x40010000                PROVIDE (AFIO, (APB2PERIPH_BASE + 0x0))
                0x40010400                PROVIDE (EXTI, (APB2PERIPH_BASE + 0x400))
                0x40010800                PROVIDE (GPIOA, (APB2PERIPH_BASE + 0x800))
                0x40010c00                PROVIDE (GPIOB, (APB2PERIPH_BASE + 0xc00))
                0x40011000                PROVIDE (GPIOC, (APB2PERIPH_BASE + 0x1000))
                0x40011400                PROVIDE (GPIOD, (APB2PERIPH_BASE + 0x1400))
                0x40011800                PROVIDE (GPIOE, (APB2PERIPH_BASE + 0x1800))
                0x40012400                PROVIDE (ADC1, (APB2PERIPH_BASE + 0x2400))
                0x40012800                PROVIDE (ADC2, (APB2PERIPH_BASE + 0x2800))
                0x40012c00                PROVIDE (TIM1, (APB2PERIPH_BASE + 0x2c00))
                0x40013000                PROVIDE (SPI1, (APB2PERIPH_BASE + 0x3000))
                0x40013800                PROVIDE (USART1, (APB2PERIPH_BASE + 0x3800))
                0x40020000                PROVIDE (DMA, (AHBPERIPH_BASE + 0x0))
                0x40020008                PROVIDE (DMA_Channel1, (AHBPERIPH_BASE + 0x8))
                0x4002001c                PROVIDE (DMA_Channel2, (AHBPERIPH_BASE + 0x1c))
                0x40020030                PROVIDE (DMA_Channel3, (AHBPERIPH_BASE + 0x30))
                0x40020044                PROVIDE (DMA_Channel4, (AHBPERIPH_BASE + 0x44))
                0x40020058                PROVIDE (DMA_Channel5, (AHBPERIPH_BASE + 0x58))
                0x4002006c                PROVIDE (DMA_Channel6, (AHBPERIPH_BASE + 0x6c))
                0x40020080                PROVIDE (DMA_Channel7, (AHBPERIPH_BASE + 0x80))
                0x40021000                PROVIDE (RCC, (AHBPERIPH_BASE + 0x1000))
                0xe000e000                SCS_BASE = 0xe000e000
                0xe000e010                PROVIDE (SysTick, (SCS_BASE + 0x10))
                0xe000e100                PROVIDE (NVIC, (SCS_BASE + 0x100))
                0xe000ed00                PROVIDE (SCB, (SCS_BASE + 0xd00))
                0x20005000                PROVIDE (_estack, (ORIGIN (RAM) + 0x5000))

.isr_vector     0x08000000      0x10c
                0x08000000                . = ALIGN (0x4)
 *(.isr_vector)
 .isr_vector    0x08000000      0x10c lib/CMSIS_CM3/startup/gcc/startup_stm32f10x_md.o
                0x08000000                g_pfnVectors
                0x0800010c                . = ALIGN (0x4)

.flash_start    0x00000000        0x0
                0x00000000                . = ALIGN (0x4)
 *(.flash_start)
 *(.flash_start.*)
                0x00000000                . = ALIGN (0x4)

.crp_patch      0x00000000        0x0
                0x00000000                . = ALIGN (0x4)
 *(.crp_patch)
                0x00000000                . = ALIGN (0x4)

.flashtext      0x0800010c        0x0
                0x0800010c                . = ALIGN (0x4)
 *(.flashtext)
                0x0800010c                . = ALIGN (0x4)

.text           0x08000110     0xcc64
                0x08000110                . = ALIGN (0x4)
 *(.text)
 .text          0x08000110      0x370 /home/laurence/ARM-GCC/gcc-arm-none-eabi-4_9-2014q4/bin/../lib/gcc/arm-none-eabi/4.9.3/armv7-m/libgcc.a(_arm_addsubdf3.o)
                0x08000110                __aeabi_drsub
                0x08000118                __aeabi_dsub
                0x08000118                __subdf3
                0x0800011c                __adddf3
                0x0800011c                __aeabi_dadd
                0x08000394                __aeabi_ui2d
                0x08000394                __floatunsidf
                0x080003b4                __floatsidf
                0x080003b4                __aeabi_i2d
                0x080003d8                __extendsfdf2
                0x080003d8                __aeabi_f2d
                0x08000414                __aeabi_ul2d
                0x08000414                __floatundidf
                0x08000424                __floatdidf
                0x08000424                __aeabi_l2d
 .text          0x08000480      0x424 /home/laurence/ARM-GCC/gcc-arm-none-eabi-4_9-2014q4/bin/../lib/gcc/arm-none-eabi/4.9.3/armv7-m/libgcc.a(_arm_muldivdf3.o)
                0x08000480                __aeabi_dmul
                0x08000480                __muldf3
                0x080006d4                __aeabi_ddiv
                0x080006d4                __divdf3
 .text          0x080008a4      0x110 /home/laurence/ARM-GCC/gcc-arm-none-eabi-4_9-2014q4/bin/../lib/gcc/arm-none-eabi/4.9.3/armv7-m/libgcc.a(_arm_cmpdf2.o)
                0x080008a4                __gtdf2
                0x080008a4                __gedf2
                0x080008ac                __ltdf2
                0x080008ac                __ledf2
                0x080008b4                __cmpdf2
                0x080008b4                __eqdf2
                0x080008b4                __nedf2
                0x08000930                __aeabi_cdrcmple
                0x08000940                __aeabi_cdcmple
                0x08000940                __aeabi_cdcmpeq
                0x08000950                __aeabi_dcmpeq
                0x08000964                __aeabi_dcmplt
                0x08000978                __aeabi_dcmple
                0x0800098c                __aeabi_dcmpge
                0x080009a0                __aeabi_dcmpgt
 .text          0x080009b4       0x40 /home/laurence/ARM-GCC/gcc-arm-none-eabi-4_9-2014q4/bin/../lib/gcc/arm-none-eabi/4.9.3/armv7-m/libgcc.a(_arm_fixunsdfsi.o)
                0x080009b4                __fixunsdfsi
                0x080009b4                __aeabi_d2uiz
 .text          0x080009f4       0xa0 /home/laurence/ARM-GCC/gcc-arm-none-eabi-4_9-2014q4/bin/../lib/gcc/arm-none-eabi/4.9.3/armv7-m/libgcc.a(_arm_truncdfsf2.o)
                0x080009f4                __aeabi_d2f
                0x080009f4                __truncdfsf2
 .text          0x08000a94      0x21c /home/laurence/ARM-GCC/gcc-arm-none-eabi-4_9-2014q4/bin/../lib/gcc/arm-none-eabi/4.9.3/armv7-m/libgcc.a(_arm_addsubsf3.o)
                0x08000a94                __aeabi_frsub
                0x08000a9c                __subsf3
                0x08000a9c                __aeabi_fsub
                0x08000aa0                __aeabi_fadd
                0x08000aa0                __addsf3
                0x08000c00                __aeabi_ui2f
                0x08000c00                __floatunsisf
                0x08000c08                __aeabi_i2f
                0x08000c08                __floatsisf
                0x08000c24                __floatundisf
                0x08000c24                __aeabi_ul2f
                0x08000c34                __floatdisf
                0x08000c34                __aeabi_l2f
 .text          0x08000cb0      0x2a0 /home/laurence/ARM-GCC/gcc-arm-none-eabi-4_9-2014q4/bin/../lib/gcc/arm-none-eabi/4.9.3/armv7-m/libgcc.a(_arm_muldivsf3.o)
                0x08000cb0                __mulsf3
                0x08000cb0                __aeabi_fmul
                0x08000e18                __divsf3
                0x08000e18                __aeabi_fdiv
 .text          0x08000f50       0xec /home/laurence/ARM-GCC/gcc-arm-none-eabi-4_9-2014q4/bin/../lib/gcc/arm-none-eabi/4.9.3/armv7-m/libgcc.a(_arm_cmpsf2.o)
                0x08000f50                __gtsf2
                0x08000f50                __gesf2
                0x08000f58                __lesf2
                0x08000f58                __ltsf2
                0x08000f60                __nesf2
                0x08000f60                __eqsf2
                0x08000f60                __cmpsf2
                0x08000fc0                __aeabi_cfrcmple
                0x08000fc8                __aeabi_cfcmple
                0x08000fc8                __aeabi_cfcmpeq
                0x08000fd8                __aeabi_fcmpeq
                0x08000fec                __aeabi_fcmplt
                0x08001000                __aeabi_fcmple
                0x08001014                __aeabi_fcmpge
                0x08001028                __aeabi_fcmpgt
 .text          0x0800103c       0x40 /home/laurence/ARM-GCC/gcc-arm-none-eabi-4_9-2014q4/bin/../lib/gcc/arm-none-eabi/4.9.3/armv7-m/libgcc.a(_arm_fixunssfsi.o)
                0x0800103c                __aeabi_f2uiz
                0x0800103c                __fixunssfsi
 .text          0x0800107c       0xec /home/laurence/ARM-GCC/gcc-arm-none-eabi-4_9-2014q4/bin/../lib/gcc/arm-none-eabi/4.9.3/../../../../arm-none-eabi/lib/armv7-m/libg.a(lib_a-memcpy.o)
                0x0800107c                memcpy
 *(.text.*)
 .text.si446x_spi_state_machine
                0x08001168      0x2d4 /tmp/ccQhAOEb.ltrans0.ltrans.o
 .text.si446x_busy_wait_send_receive
                0x0800143c       0xfc /tmp/ccQhAOEb.ltrans0.ltrans.o
 .text.si446x_set_modem
                0x08001538      0x29c /tmp/ccQhAOEb.ltrans0.ltrans.o
 .text.si446x_set_deviation_channel_bps
                0x080017d4      0x118 /tmp/ccQhAOEb.ltrans0.ltrans.o
 .text.si446x_set_frequency
                0x080018ec      0x174 /tmp/ccQhAOEb.ltrans0.ltrans.o
 .text.si446x_state_machine
                0x08001a60      0x4d4 /tmp/ccQhAOEb.ltrans0.ltrans.o
 .text.Gps_Process_Byte
                0x08001f34      0x210 /tmp/ccQhAOEb.ltrans0.ltrans.o
                0x08001f34                Gps_Process_Byte
 .text.EXTI15_10_IRQHandler
                0x08002144       0x48 /tmp/ccQhAOEb.ltrans0.ltrans.o
                0x08002144                EXTI15_10_IRQHandler
 .text.DMA1_Channel2_IRQHandler
                0x0800218c       0x50 /tmp/ccQhAOEb.ltrans0.ltrans.o
                0x0800218c                DMA1_Channel2_IRQHandler
 .text.USART3_IRQHandler
                0x080021dc       0x90 /tmp/ccQhAOEb.ltrans0.ltrans.o
                0x080021dc                USART3_IRQHandler
 .text.EXTI0_IRQHandler
                0x0800226c       0x44 /tmp/ccQhAOEb.ltrans0.ltrans.o
                0x0800226c                EXTI0_IRQHandler
 .text.si446x_setup
                0x080022b0      0x480 /tmp/ccQhAOEb.ltrans0.ltrans.o
                0x080022b0                si446x_setup
 .text.silabs_cts_jammed
                0x08002730       0x28 /tmp/ccQhAOEb.ltrans0.ltrans.o
                0x08002730                silabs_cts_jammed
 .text.get_from_silabs_buffer
                0x08002758       0x20 /tmp/ccQhAOEb.ltrans0.ltrans.o
                0x08002758                get_from_silabs_buffer
 .text.send_string_to_silabs
                0x08002778       0x40 /tmp/ccQhAOEb.ltrans0.ltrans.o
                0x08002778                send_string_to_silabs
 .text.rStrLen  0x080027b8       0x14 /tmp/ccQhAOEb.ltrans1.ltrans.o
 .text.Isdigit  0x080027cc       0x10 /tmp/ccQhAOEb.ltrans1.ltrans.o
 .text.atoiRamRom
                0x080027dc       0x2c /tmp/ccQhAOEb.ltrans1.ltrans.o
 .text.I2C1_ER_IRQHandler
                0x08002808      0x10c /tmp/ccQhAOEb.ltrans1.ltrans.o
                0x08002808                I2C1_ER_IRQHandler
 .text.I2C1_EV_IRQHandler
                0x08002914      0x634 /tmp/ccQhAOEb.ltrans1.ltrans.o
                0x08002914                I2C1_EV_IRQHandler
 .text.test_cutdown
                0x08002f48       0x60 /tmp/ccQhAOEb.ltrans1.ltrans.o
                0x08002f48                test_cutdown
 .text.get_wkup
                0x08002fa8       0x10 /tmp/ccQhAOEb.ltrans1.ltrans.o
                0x08002fa8                get_wkup
 .text.setup_gpio
                0x08002fb8      0x178 /tmp/ccQhAOEb.ltrans1.ltrans.o
                0x08002fb8                setup_gpio
 .text.DMA_USART2_Configuration
                0x08003130       0x58 /tmp/ccQhAOEb.ltrans1.ltrans.o
                0x08003130                DMA_USART2_Configuration
 .text.ReadADC1_noblock
                0x08003188       0x20 /tmp/ccQhAOEb.ltrans1.ltrans.o
                0x08003188                ReadADC1_noblock
 .text.ADC_Configuration
                0x080031a8       0xf8 /tmp/ccQhAOEb.ltrans1.ltrans.o
                0x080031a8                ADC_Configuration
 .text.wave_terminate
                0x080032a0       0x78 /tmp/ccQhAOEb.ltrans1.ltrans.o
                0x080032a0                wave_terminate
 .text.write_wave_samples
                0x08003318       0x78 /tmp/ccQhAOEb.ltrans1.ltrans.o
                0x08003318                write_wave_samples
 .text.write_wave_header
                0x08003390       0xd4 /tmp/ccQhAOEb.ltrans1.ltrans.o
                0x08003390                write_wave_header
 .text.rprintf2RamRom
                0x08003464      0x360 /tmp/ccQhAOEb.ltrans1.ltrans.o
                0x08003464                rprintf2RamRom
 .text.ff_wtoupper
                0x080037c4       0x24 /tmp/ccQhAOEb.ltrans2.ltrans.o
 .text.crc_xmodem_update
                0x080037e8       0x28 /tmp/ccQhAOEb.ltrans2.ltrans.o
 .text.sum_sfn.lto_priv.21
                0x08003810       0x1c /tmp/ccQhAOEb.ltrans2.ltrans.o
                0x08003810                sum_sfn.lto_priv.21
 .text.fit_lfn.lto_priv.20
                0x0800382c       0x64 /tmp/ccQhAOEb.ltrans2.ltrans.o
                0x0800382c                fit_lfn.lto_priv.20
 .text.cmp_lfn.lto_priv.23
                0x08003890       0x9c /tmp/ccQhAOEb.ltrans2.ltrans.o
                0x08003890                cmp_lfn.lto_priv.23
 .text.clust2sect
                0x0800392c       0x18 /tmp/ccQhAOEb.ltrans2.ltrans.o
                0x0800392c                clust2sect
 .text.move_window.lto_priv.12
                0x08003944       0x7c /tmp/ccQhAOEb.ltrans2.ltrans.o
                0x08003944                move_window.lto_priv.12
 .text.put_fat  0x080039c0      0x108 /tmp/ccQhAOEb.ltrans2.ltrans.o
                0x080039c0                put_fat
 .text.get_fat  0x08003ac8       0xe8 /tmp/ccQhAOEb.ltrans2.ltrans.o
                0x08003ac8                get_fat
 .text.dir_sdi.lto_priv.16
                0x08003bb0       0x94 /tmp/ccQhAOEb.ltrans2.ltrans.o
                0x08003bb0                dir_sdi.lto_priv.16
 .text.create_chain.lto_priv.10
                0x08003c44       0xac /tmp/ccQhAOEb.ltrans2.ltrans.o
                0x08003c44                create_chain.lto_priv.10
 .text.remove_chain.lto_priv.5
                0x08003cf0       0x64 /tmp/ccQhAOEb.ltrans2.ltrans.o
                0x08003cf0                remove_chain.lto_priv.5
 .text.chk_chr.lto_priv.17
                0x08003d54       0x10 /tmp/ccQhAOEb.ltrans2.ltrans.o
                0x08003d54                chk_chr.lto_priv.17
 .text.mem_cmp.lto_priv.22
                0x08003d64       0x24 /tmp/ccQhAOEb.ltrans2.ltrans.o
                0x08003d64                mem_cmp.lto_priv.22
 .text.mem_set.lto_priv.18
                0x08003d88       0x10 /tmp/ccQhAOEb.ltrans2.ltrans.o
                0x08003d88                mem_set.lto_priv.18
 .text.dir_next.lto_priv.19
                0x08003d98      0x124 /tmp/ccQhAOEb.ltrans2.ltrans.o
                0x08003d98                dir_next.lto_priv.19
 .text.sync.lto_priv.11
                0x08003ebc       0xb8 /tmp/ccQhAOEb.ltrans2.ltrans.o
                0x08003ebc                sync.lto_priv.11
 .text.mem_cpy.lto_priv.13
                0x08003f74       0x14 /tmp/ccQhAOEb.ltrans2.ltrans.o
                0x08003f74                mem_cpy.lto_priv.13
 .text.gen_numname
                0x08003f88       0x88 /tmp/ccQhAOEb.ltrans2.ltrans.o
                0x08003f88                gen_numname
 .text.get_fattime
                0x08004010       0x44 /tmp/ccQhAOEb.ltrans2.ltrans.o
                0x08004010                get_fattime
 .text.ff_convert
                0x08004054       0x40 /tmp/ccQhAOEb.ltrans2.ltrans.o
                0x08004054                ff_convert
 .text.Delay    0x08004094       0x20 /tmp/ccQhAOEb.ltrans2.ltrans.o
                0x08004094                Delay
 .text.string_CRC16_checksum
                0x080040b4       0x28 /tmp/ccQhAOEb.ltrans2.ltrans.o
                0x080040b4                string_CRC16_checksum
 .text.Init_Dma_Buffer
                0x080040dc       0x14 /tmp/ccQhAOEb.ltrans2.ltrans.o
                0x080040dc                Init_Dma_Buffer
 .text.Init_Byte_Buffer
                0x080040f0       0x14 /tmp/ccQhAOEb.ltrans2.ltrans.o
                0x080040f0                Init_Byte_Buffer
 .text.Init_Buffer
                0x08004104       0x14 /tmp/ccQhAOEb.ltrans2.ltrans.o
                0x08004104                Init_Buffer
 .text.Bytes_In_DMA_Buffer
                0x08004118       0x24 /tmp/ccQhAOEb.ltrans2.ltrans.o
                0x08004118                Bytes_In_DMA_Buffer
 .text.Empty_Dma_Buffer
                0x0800413c        0xc /tmp/ccQhAOEb.ltrans2.ltrans.o
                0x0800413c                Empty_Dma_Buffer
 .text.Pop_From_Dma_Buffer
                0x08004148       0x28 /tmp/ccQhAOEb.ltrans2.ltrans.o
                0x08004148                Pop_From_Dma_Buffer
 .text.Pop_From_Byte_Buffer
                0x08004170       0x28 /tmp/ccQhAOEb.ltrans2.ltrans.o
                0x08004170                Pop_From_Byte_Buffer
 .text.Pop_From_Buffer
                0x08004198       0x2c /tmp/ccQhAOEb.ltrans2.ltrans.o
                0x08004198                Pop_From_Buffer
 .text.Get_From_Byte_Buffer
                0x080041c4       0x40 /tmp/ccQhAOEb.ltrans2.ltrans.o
                0x080041c4                Get_From_Byte_Buffer
 .text.Add_To_Byte_Buffer
                0x08004204       0x4c /tmp/ccQhAOEb.ltrans2.ltrans.o
                0x08004204                Add_To_Byte_Buffer
 .text.Add_To_Buffer
                0x08004250       0x50 /tmp/ccQhAOEb.ltrans2.ltrans.o
                0x08004250                Add_To_Buffer
 .text.SCSI_Format_Cmd
                0x080042a0       0x14 /tmp/ccQhAOEb.ltrans2.ltrans.o
                0x080042a0                SCSI_Format_Cmd
 .text.SCSI_Start_Stop_Unit_Cmd
                0x080042b4        0xc /tmp/ccQhAOEb.ltrans2.ltrans.o
                0x080042b4                SCSI_Start_Stop_Unit_Cmd
 .text.Set_Scsi_Sense_Data
                0x080042c0        0xc /tmp/ccQhAOEb.ltrans2.ltrans.o
                0x080042c0                Set_Scsi_Sense_Data
 .text.SCSI_Address_Management
                0x080042cc       0x7c /tmp/ccQhAOEb.ltrans2.ltrans.o
 .text.SCSI_Invalid_Cmd
                0x08004348       0x44 /tmp/ccQhAOEb.ltrans2.ltrans.o
                0x08004348                SCSI_Invalid_Cmd
 .text.SCSI_TestUnitReady_Cmd
                0x0800438c       0x34 /tmp/ccQhAOEb.ltrans2.ltrans.o
                0x0800438c                SCSI_TestUnitReady_Cmd
 .text.SCSI_Verify10_Cmd
                0x080043c0       0x3c /tmp/ccQhAOEb.ltrans2.ltrans.o
                0x080043c0                SCSI_Verify10_Cmd
 .text.SCSI_Write10_Cmd
                0x080043fc       0x68 /tmp/ccQhAOEb.ltrans2.ltrans.o
                0x080043fc                SCSI_Write10_Cmd
 .text.SCSI_Read10_Cmd
                0x08004464       0x68 /tmp/ccQhAOEb.ltrans2.ltrans.o
                0x08004464                SCSI_Read10_Cmd
 .text.SCSI_RequestSense_Cmd
                0x080044cc       0x1c /tmp/ccQhAOEb.ltrans2.ltrans.o
                0x080044cc                SCSI_RequestSense_Cmd
 .text.SCSI_ModeSense10_Cmd
                0x080044e8       0x10 /tmp/ccQhAOEb.ltrans2.ltrans.o
                0x080044e8                SCSI_ModeSense10_Cmd
 .text.SCSI_ModeSense6_Cmd
                0x080044f8       0x10 /tmp/ccQhAOEb.ltrans2.ltrans.o
                0x080044f8                SCSI_ModeSense6_Cmd
 .text.main     0x08004508     0x1198 /tmp/ccQhAOEb.ltrans3.ltrans.o
                0x08004508                main
 .text.Get_Max_Lun
                0x080056a0       0x18 /tmp/ccQhAOEb.ltrans4.ltrans.o
 .text.MASS_Get_Interface_Setting
                0x080056b8       0x10 /tmp/ccQhAOEb.ltrans4.ltrans.o
 .text.MASS_Data_Setup
                0x080056c8       0x4c /tmp/ccQhAOEb.ltrans4.ltrans.o
 .text.MASS_Status_Out
                0x08005714        0x4 /tmp/ccQhAOEb.ltrans4.ltrans.o
 .text.MASS_Status_In
                0x08005718        0x4 /tmp/ccQhAOEb.ltrans4.ltrans.o
 .text.Mass_Storage_SetDeviceAddress
                0x0800571c        0xc /tmp/ccQhAOEb.ltrans4.ltrans.o
 .text.IntToUnicode
                0x08005728       0x30 /tmp/ccQhAOEb.ltrans4.ltrans.o
 .text.Get_SerialNum
                0x08005758       0x38 /tmp/ccQhAOEb.ltrans4.ltrans.o
 .text.PowerOn  0x08005790       0x28 /tmp/ccQhAOEb.ltrans4.ltrans.o
 .text.Leave_LowPowerMode
                0x080057b8       0x20 /tmp/ccQhAOEb.ltrans4.ltrans.o
 .text.Resume_Init
                0x080057d8       0x20 /tmp/ccQhAOEb.ltrans4.ltrans.o
 .text.Resume   0x080057f8       0xac /tmp/ccQhAOEb.ltrans4.ltrans.o
 .text.Enter_LowPowerMode
                0x080058a4        0xc /tmp/ccQhAOEb.ltrans4.ltrans.o
 .text.Suspend  0x080058b0       0x24 /tmp/ccQhAOEb.ltrans4.ltrans.o
 .text.MASS_GetStringDescriptor
                0x080058d4       0x24 /tmp/ccQhAOEb.ltrans4.ltrans.o
 .text.MASS_GetConfigDescriptor
                0x080058f8       0x10 /tmp/ccQhAOEb.ltrans4.ltrans.o
 .text.MASS_GetDeviceDescriptor
                0x08005908       0x10 /tmp/ccQhAOEb.ltrans4.ltrans.o
 .text.MASS_NoData_Setup
                0x08005918       0x58 /tmp/ccQhAOEb.ltrans4.ltrans.o
 .text.Mass_Storage_SetConfiguration
                0x08005970       0x30 /tmp/ccQhAOEb.ltrans4.ltrans.o
 .text.MASS_Reset
                0x080059a0       0xe0 /tmp/ccQhAOEb.ltrans4.ltrans.o
 .text.MASS_init
                0x08005a80       0x24 /tmp/ccQhAOEb.ltrans4.ltrans.o
 .text.MAL_Read
                0x08005aa4       0x2c /tmp/ccQhAOEb.ltrans4.ltrans.o
 .text.MAL_Write
                0x08005ad0       0x34 /tmp/ccQhAOEb.ltrans4.ltrans.o
 .text.MAL_Init
                0x08005b04       0x4c /tmp/ccQhAOEb.ltrans4.ltrans.o
 .text.MAL_Config
                0x08005b50        0xc /tmp/ccQhAOEb.ltrans4.ltrans.o
 .text.Get_UBX_Ack
                0x08005b5c       0xac /tmp/ccQhAOEb.ltrans4.ltrans.o
 .text.USB_Istr
                0x08005c08       0xe0 /tmp/ccQhAOEb.ltrans4.ltrans.o
                0x08005c08                USB_Istr
 .text.Bot_Abort
                0x08005ce8       0x38 /tmp/ccQhAOEb.ltrans4.ltrans.o
                0x08005ce8                Bot_Abort
 .text.Mass_Storage_ClearFeature
                0x08005d20       0x1c /tmp/ccQhAOEb.ltrans4.ltrans.o
 .text.Set_CSW  0x08005d3c       0x38 /tmp/ccQhAOEb.ltrans4.ltrans.o
                0x08005d3c                Set_CSW
 .text.Mass_Storage_In
                0x08005d74       0x60 /tmp/ccQhAOEb.ltrans4.ltrans.o
 .text.EP1_IN_Callback
                0x08005dd4        0x8 /tmp/ccQhAOEb.ltrans4.ltrans.o
 .text.Transfer_Data_Request
                0x08005ddc       0x34 /tmp/ccQhAOEb.ltrans4.ltrans.o
                0x08005ddc                Transfer_Data_Request
 .text.SCSI_Inquiry_Cmd
                0x08005e10       0x40 /tmp/ccQhAOEb.ltrans4.ltrans.o
 .text.Write_Memory
                0x08005e50       0xcc /tmp/ccQhAOEb.ltrans4.ltrans.o
                0x08005e50                Write_Memory
 .text.Read_Memory
                0x08005f1c      0x110 /tmp/ccQhAOEb.ltrans4.ltrans.o
                0x08005f1c                Read_Memory
 .text.MAL_GetStatus
                0x0800602c       0x48 /tmp/ccQhAOEb.ltrans4.ltrans.o
                0x0800602c                MAL_GetStatus
 .text.SCSI_ReadCapacity10_Cmd
                0x08006074       0x88 /tmp/ccQhAOEb.ltrans4.ltrans.o
 .text.SCSI_ReadFormatCapacity_Cmd
                0x080060fc       0x7c /tmp/ccQhAOEb.ltrans4.ltrans.o
 .text.CBW_Decode
                0x08006178      0x268 /tmp/ccQhAOEb.ltrans4.ltrans.o
 .text.Mass_Storage_Out
                0x080063e0       0x80 /tmp/ccQhAOEb.ltrans4.ltrans.o
 .text.EP2_OUT_Callback
                0x08006460        0x8 /tmp/ccQhAOEb.ltrans4.ltrans.o
 .text.USB_Interrupts_Config
                0x08006468       0x3c /tmp/ccQhAOEb.ltrans4.ltrans.o
                0x08006468                USB_Interrupts_Config
 .text.Set_USBClock
                0x080064a4       0x14 /tmp/ccQhAOEb.ltrans4.ltrans.o
                0x080064a4                Set_USBClock
 .text.Set_System
                0x080064b8        0x8 /tmp/ccQhAOEb.ltrans4.ltrans.o
                0x080064b8                Set_System
 .text.Config_Gps
                0x080064c0       0xd0 /tmp/ccQhAOEb.ltrans4.ltrans.o
                0x080064c0                Config_Gps
 .text.struct_to_counter
                0x08006590       0xac /tmp/ccQhAOEb.ltrans5.ltrans.o
 .text.counter_to_struct
                0x0800663c       0xdc /tmp/ccQhAOEb.ltrans5.ltrans.o
 .text.isDST    0x08006718       0x38 /tmp/ccQhAOEb.ltrans5.ltrans.o
 .text.adjustDST
                0x08006750       0x64 /tmp/ccQhAOEb.ltrans5.ltrans.o
 .text.my_RTC_SetCounter
                0x080067b4       0x20 /tmp/ccQhAOEb.ltrans5.ltrans.o
 .text.stm32_spi_rw.lto_priv.4
                0x080067d4       0x24 /tmp/ccQhAOEb.ltrans5.ltrans.o
                0x080067d4                stm32_spi_rw.lto_priv.4
 .text.rcvr_spi.lto_priv.1
                0x080067f8        0xc /tmp/ccQhAOEb.ltrans5.ltrans.o
                0x080067f8                rcvr_spi.lto_priv.1
 .text.chk_power.lto_priv.2
                0x08006804        0x4 /tmp/ccQhAOEb.ltrans5.ltrans.o
                0x08006804                chk_power.lto_priv.2
 .text.interface_speed.lto_priv.3
                0x08006808       0x2c /tmp/ccQhAOEb.ltrans5.ltrans.o
                0x08006808                interface_speed.lto_priv.3
 .text.rtc_init
                0x08006834       0xa4 /tmp/ccQhAOEb.ltrans5.ltrans.o
                0x08006834                rtc_init
 .text.rtc_settime
                0x080068d8       0x28 /tmp/ccQhAOEb.ltrans5.ltrans.o
                0x080068d8                rtc_settime
 .text.rtc_gettime
                0x08006900       0x24 /tmp/ccQhAOEb.ltrans5.ltrans.o
                0x08006900                rtc_gettime
 .text.f_truncate
                0x08006924       0x98 /tmp/ccQhAOEb.ltrans5.ltrans.o
                0x08006924                f_truncate
 .text.f_stat   0x080069bc       0x44 /tmp/ccQhAOEb.ltrans5.ltrans.o
                0x080069bc                f_stat
 .text.f_lseek  0x08006a00      0x18c /tmp/ccQhAOEb.ltrans5.ltrans.o
                0x08006a00                f_lseek
 .text.f_sync   0x08006b8c       0xac /tmp/ccQhAOEb.ltrans5.ltrans.o
                0x08006b8c                f_sync
 .text.f_close  0x08006c38       0x14 /tmp/ccQhAOEb.ltrans5.ltrans.o
                0x08006c38                f_close
 .text.f_write  0x08006c4c      0x1dc /tmp/ccQhAOEb.ltrans5.ltrans.o
                0x08006c4c                f_write
 .text.f_putc   0x08006e28       0x2c /tmp/ccQhAOEb.ltrans5.ltrans.o
 .text.f_puts   0x08006e54       0x24 /tmp/ccQhAOEb.ltrans5.ltrans.o
                0x08006e54                f_puts
 .text.f_read   0x08006e78      0x1a8 /tmp/ccQhAOEb.ltrans5.ltrans.o
                0x08006e78                f_read
 .text.f_open   0x08007020      0x15c /tmp/ccQhAOEb.ltrans5.ltrans.o
                0x08007020                f_open
 .text.f_mount  0x0800717c       0x28 /tmp/ccQhAOEb.ltrans5.ltrans.o
                0x0800717c                f_mount
 .text.check_fs
                0x080071a4       0x90 /tmp/ccQhAOEb.ltrans6.ltrans.o
 .text.create_name
                0x08007234      0x214 /tmp/ccQhAOEb.ltrans6.ltrans.o
 .text.dir_find
                0x08007448       0xd0 /tmp/ccQhAOEb.ltrans6.ltrans.o
 .text.validate.lto_priv.6
                0x08007518       0x30 /tmp/ccQhAOEb.ltrans6.ltrans.o
                0x08007518                validate.lto_priv.6
 .text.chk_mounted.lto_priv.9
                0x08007548      0x34c /tmp/ccQhAOEb.ltrans6.ltrans.o
                0x08007548                chk_mounted.lto_priv.9
 .text.follow_path.lto_priv.8
                0x08007894       0x8c /tmp/ccQhAOEb.ltrans6.ltrans.o
                0x08007894                follow_path.lto_priv.8
 .text.get_fileinfo.lto_priv.7
                0x08007920       0xf8 /tmp/ccQhAOEb.ltrans6.ltrans.o
                0x08007920                get_fileinfo.lto_priv.7
 .text.dir_register.lto_priv.14
                0x08007a18      0x168 /tmp/ccQhAOEb.ltrans6.ltrans.o
                0x08007a18                dir_register.lto_priv.14
 .text.wait_ready
                0x08007b80       0x24 /tmp/ccQhAOEb.ltrans7.ltrans.o
 .text.send_cmd
                0x08007ba4       0xd4 /tmp/ccQhAOEb.ltrans7.ltrans.o
 .text.power_on
                0x08007c78      0x104 /tmp/ccQhAOEb.ltrans7.ltrans.o
 .text.stm32_dma_transfer
                0x08007d7c       0xdc /tmp/ccQhAOEb.ltrans7.ltrans.o
 .text.xmit_datablock
                0x08007e58       0x4c /tmp/ccQhAOEb.ltrans7.ltrans.o
 .text.rprintfChar
                0x08007ea4       0x20 /tmp/ccQhAOEb.ltrans7.ltrans.o
                0x08007ea4                rprintfChar
 .text.rprintfFloat
                0x08007ec4       0xc8 /tmp/ccQhAOEb.ltrans7.ltrans.o
                0x08007ec4                rprintfFloat
 .text.rprintfInit
                0x08007f8c        0xc /tmp/ccQhAOEb.ltrans7.ltrans.o
                0x08007f8c                rprintfInit
 .text.pointinpoly
                0x08007f98       0x54 /tmp/ccQhAOEb.ltrans7.ltrans.o
                0x08007f98                pointinpoly
 .text.disk_timerproc
                0x08007fec       0x44 /tmp/ccQhAOEb.ltrans7.ltrans.o
                0x08007fec                disk_timerproc
 .text.disk_status
                0x08008030       0x14 /tmp/ccQhAOEb.ltrans7.ltrans.o
                0x08008030                disk_status
 .text.rcvr_datablock
                0x08008044       0x58 /tmp/ccQhAOEb.ltrans7.ltrans.o
                0x08008044                rcvr_datablock
 .text.stop_cmd
                0x0800809c        0xc /tmp/ccQhAOEb.ltrans7.ltrans.o
                0x0800809c                stop_cmd
 .text.wrapup_transaction
                0x080080a8       0x2c /tmp/ccQhAOEb.ltrans7.ltrans.o
                0x080080a8                wrapup_transaction
 .text.release_spi
                0x080080d4       0x18 /tmp/ccQhAOEb.ltrans7.ltrans.o
                0x080080d4                release_spi
 .text.disk_write
                0x080080ec       0xb0 /tmp/ccQhAOEb.ltrans7.ltrans.o
                0x080080ec                disk_write
 .text.disk_read
                0x0800819c       0xa8 /tmp/ccQhAOEb.ltrans7.ltrans.o
                0x0800819c                disk_read
 .text.disk_initialize
                0x08008244      0x158 /tmp/ccQhAOEb.ltrans7.ltrans.o
                0x08008244                disk_initialize
 .text.power_off_
                0x0800839c       0x6c /tmp/ccQhAOEb.ltrans7.ltrans.o
 .text.disk_ioctl
                0x08008408      0x2ac /tmp/ccQhAOEb.ltrans7.ltrans.o
                0x08008408                disk_ioctl
 .text.SetSysClockTo48
                0x080086b4       0xcc /tmp/ccQhAOEb.ltrans8.ltrans.o
 .text.SetSysClock
                0x08008780        0x8 /tmp/ccQhAOEb.ltrans8.ltrans.o
 .text.Realign_Axes
                0x08008788       0x18 /tmp/ccQhAOEb.ltrans8.ltrans.o
 .text.filterloop
                0x080087a0      0x138 /tmp/ccQhAOEb.ltrans8.ltrans.o
 .text.I2C1_Setup_Job
                0x080088d8       0x14 /tmp/ccQhAOEb.ltrans8.ltrans.o
 .text.NVIC_SystemReset.lto_priv.0
                0x080088ec       0x1c /tmp/ccQhAOEb.ltrans8.ltrans.o
                0x080088ec                NVIC_SystemReset.lto_priv.0
 .text.SystemInit
                0x08008908       0x44 /tmp/ccQhAOEb.ltrans8.ltrans.o
                0x08008908                SystemInit
 .text.__REVSH  0x0800894c        0x4 /tmp/ccQhAOEb.ltrans8.ltrans.o
                0x0800894c                __REVSH
 .text.__REV16  0x08008950        0x4 /tmp/ccQhAOEb.ltrans8.ltrans.o
                0x08008950                __REV16
 .text.USB_LP_CAN1_RX0_IRQHandler
                0x08008954        0x8 /tmp/ccQhAOEb.ltrans8.ltrans.o
                0x08008954                USB_LP_CAN1_RX0_IRQHandler
 .text.USB_HP_CAN1_TX_IRQHandler
                0x0800895c        0x8 /tmp/ccQhAOEb.ltrans8.ltrans.o
                0x0800895c                USB_HP_CAN1_TX_IRQHandler
 .text.ADC1_2_IRQHandler
                0x08008964       0x70 /tmp/ccQhAOEb.ltrans8.ltrans.o
                0x08008964                ADC1_2_IRQHandler
 .text.SysTick_Configuration
                0x080089d4       0x28 /tmp/ccQhAOEb.ltrans8.ltrans.o
                0x080089d4                SysTick_Configuration
 .text.ISR_Config
                0x080089fc       0x94 /tmp/ccQhAOEb.ltrans8.ltrans.o
                0x080089fc                ISR_Config
 .text.I2C_Config
                0x08008a90      0x158 /tmp/ccQhAOEb.ltrans8.ltrans.o
                0x08008a90                I2C_Config
 .text.I2C1_Request_Job
                0x08008be8       0x78 /tmp/ccQhAOEb.ltrans8.ltrans.o
                0x08008be8                I2C1_Request_Job
 .text.SysTick_Handler
                0x08008c60      0x5c8 /tmp/ccQhAOEb.ltrans8.ltrans.o
                0x08008c60                SysTick_Handler
 .text.Default_Usart_Config
                0x08009228       0x10 /tmp/ccQhAOEb.ltrans9.ltrans.o
 .text.__gps_send_char
                0x08009238       0x1c /tmp/ccQhAOEb.ltrans9.ltrans.o
 .text.__usart_send_char
                0x08009254       0x1c /tmp/ccQhAOEb.ltrans9.ltrans.o
                0x08009254                __usart_send_char
 .text.Timer_RCC_Configuration
                0x08009270       0x10 /tmp/ccQhAOEb.ltrans9.ltrans.o
 .text.__fat_print_char
                0x08009280       0x24 /tmp/ccQhAOEb.ltrans9.ltrans.o
                0x08009280                __fat_print_char
 .text.__str_print_char
                0x080092a4       0x40 /tmp/ccQhAOEb.ltrans9.ltrans.o
                0x080092a4                __str_print_char
 .text.Watchdog_Config
                0x080092e4       0x30 /tmp/ccQhAOEb.ltrans9.ltrans.o
                0x080092e4                Watchdog_Config
 .text.USART1_IRQHandler
                0x08009314       0x30 /tmp/ccQhAOEb.ltrans9.ltrans.o
                0x08009314                USART1_IRQHandler
 .text.Gps_Send_Str
                0x08009344       0x18 /tmp/ccQhAOEb.ltrans9.ltrans.o
                0x08009344                Gps_Send_Str
 .text.Gps_Send_Utf8
                0x0800935c       0x1c /tmp/ccQhAOEb.ltrans9.ltrans.o
                0x0800935c                Gps_Send_Utf8
 .text.Usart_Send_Str
                0x08009378       0x18 /tmp/ccQhAOEb.ltrans9.ltrans.o
                0x08009378                Usart_Send_Str
 .text.USART2_reconf
                0x08009390       0x44 /tmp/ccQhAOEb.ltrans9.ltrans.o
                0x08009390                USART2_reconf
 .text.Usarts_Init
                0x080093d4       0xe0 /tmp/ccQhAOEb.ltrans9.ltrans.o
                0x080093d4                Usarts_Init
 .text.shutdown_filesystem
                0x080094b4       0xd4 /tmp/ccQhAOEb.ltrans9.ltrans.o
                0x080094b4                shutdown_filesystem
 .text.disable_pin
                0x08009588        0xc /tmp/ccQhAOEb.ltrans9.ltrans.o
                0x08009588                disable_pin
 .text.shutdown
                0x08009594       0x10 /tmp/ccQhAOEb.ltrans9.ltrans.o
                0x08009594                shutdown
 .text.setuppwr
                0x080095a4       0x14 /tmp/ccQhAOEb.ltrans9.ltrans.o
                0x080095a4                setuppwr
 .text.PWM_Set  0x080095b8       0x3c /tmp/ccQhAOEb.ltrans9.ltrans.o
                0x080095b8                PWM_Set
 .text.Timer_GPIO_Disable
                0x080095f4       0x2c /tmp/ccQhAOEb.ltrans9.ltrans.o
                0x080095f4                Timer_GPIO_Disable
 .text.Timer_GPIO_Enable
                0x08009620       0x2c /tmp/ccQhAOEb.ltrans9.ltrans.o
                0x08009620                Timer_GPIO_Enable
 .text.Init_Timer
                0x0800964c       0x80 /tmp/ccQhAOEb.ltrans9.ltrans.o
                0x0800964c                Init_Timer
 .text.file_preallocation_control
                0x080096cc       0x34 /tmp/ccQhAOEb.ltrans9.ltrans.o
                0x080096cc                file_preallocation_control
 .text.detect_sensors
                0x08009700       0x74 /tmp/ccQhAOEb.ltrans9.ltrans.o
                0x08009700                detect_sensors
 .text.malloc   0x08009774       0x10 /home/laurence/ARM-GCC/gcc-arm-none-eabi-4_9-2014q4/bin/../lib/gcc/arm-none-eabi/4.9.3/../../../../arm-none-eabi/lib/armv7-m/libg.a(lib_a-malloc.o)
                0x08009774                malloc
 .text._malloc_r
                0x08009784      0x504 /home/laurence/ARM-GCC/gcc-arm-none-eabi-4_9-2014q4/bin/../lib/gcc/arm-none-eabi/4.9.3/../../../../arm-none-eabi/lib/armv7-m/libg.a(lib_a-mallocr.o)
                0x08009784                _malloc_r
 .text.memcmp   0x08009c88       0x64 /home/laurence/ARM-GCC/gcc-arm-none-eabi-4_9-2014q4/bin/../lib/gcc/arm-none-eabi/4.9.3/../../../../arm-none-eabi/lib/armv7-m/libg.a(lib_a-memcmp.o)
                0x08009c88                memcmp
 .text.__malloc_lock
                0x08009cec        0x4 /home/laurence/ARM-GCC/gcc-arm-none-eabi-4_9-2014q4/bin/../lib/gcc/arm-none-eabi/4.9.3/../../../../arm-none-eabi/lib/armv7-m/libg.a(lib_a-mlock.o)
                0x08009cec                __malloc_lock
 .text.__malloc_unlock
                0x08009cf0        0x4 /home/laurence/ARM-GCC/gcc-arm-none-eabi-4_9-2014q4/bin/../lib/gcc/arm-none-eabi/4.9.3/../../../../arm-none-eabi/lib/armv7-m/libg.a(lib_a-mlock.o)
                0x08009cf0                __malloc_unlock
 .text._sbrk_r  0x08009cf4       0x24 /home/laurence/ARM-GCC/gcc-arm-none-eabi-4_9-2014q4/bin/../lib/gcc/arm-none-eabi/4.9.3/../../../../arm-none-eabi/lib/armv7-m/libg.a(lib_a-sbrkr.o)
                0x08009cf4                _sbrk_r
 .text.strchr   0x08009d18       0xcc /home/laurence/ARM-GCC/gcc-arm-none-eabi-4_9-2014q4/bin/../lib/gcc/arm-none-eabi/4.9.3/../../../../arm-none-eabi/lib/armv7-m/libg.a(lib_a-strchr.o)
                0x08009d18                strchr
 .text.strlen   0x08009de4       0x5c /home/laurence/ARM-GCC/gcc-arm-none-eabi-4_9-2014q4/bin/../lib/gcc/arm-none-eabi/4.9.3/../../../../arm-none-eabi/lib/armv7-m/libg.a(lib_a-strlen.o)
                0x08009de4                strlen
 .text.strncmp  0x08009e40       0x94 /home/laurence/ARM-GCC/gcc-arm-none-eabi-4_9-2014q4/bin/../lib/gcc/arm-none-eabi/4.9.3/../../../../arm-none-eabi/lib/armv7-m/libg.a(lib_a-strncmp.o)
                0x08009e40                strncmp
 .text.strncpy  0x08009ed4       0x68 /home/laurence/ARM-GCC/gcc-arm-none-eabi-4_9-2014q4/bin/../lib/gcc/arm-none-eabi/4.9.3/../../../../arm-none-eabi/lib/armv7-m/libg.a(lib_a-strncpy.o)
                0x08009ed4                strncpy
 .text._malloc_trim_r
                0x08009f3c       0x9c /home/laurence/ARM-GCC/gcc-arm-none-eabi-4_9-2014q4/bin/../lib/gcc/arm-none-eabi/4.9.3/../../../../arm-none-eabi/lib/armv7-m/libg.a(lib_a-freer.o)
                0x08009f3c                _malloc_trim_r
 .text._free_r  0x08009fd8      0x1b0 /home/laurence/ARM-GCC/gcc-arm-none-eabi-4_9-2014q4/bin/../lib/gcc/arm-none-eabi/4.9.3/../../../../arm-none-eabi/lib/armv7-m/libg.a(lib_a-freer.o)
                0x08009fd8                _free_r
 .text.Reset_Handler
                0x0800a188       0x40 lib/CMSIS_CM3/startup/gcc/startup_stm32f10x_md.o
                0x0800a188                Reset_Handler
 .text.Default_Handler
                0x0800a1c8        0x2 lib/CMSIS_CM3/startup/gcc/startup_stm32f10x_md.o
                0x0800a1c8                EXTI2_IRQHandler
                0x0800a1c8                DebugMon_Handler
                0x0800a1c8                TIM1_CC_IRQHandler
                0x0800a1c8                HardFault_Handler
                0x0800a1c8                PVD_IRQHandler
                0x0800a1c8                PendSV_Handler
                0x0800a1c8                NMI_Handler
                0x0800a1c8                EXTI3_IRQHandler
                0x0800a1c8                I2C2_EV_IRQHandler
                0x0800a1c8                UsageFault_Handler
                0x0800a1c8                SPI1_IRQHandler
                0x0800a1c8                TAMPER_IRQHandler
                0x0800a1c8                DMA1_Channel4_IRQHandler
                0x0800a1c8                RTC_IRQHandler
                0x0800a1c8                DMA1_Channel7_IRQHandler
                0x0800a1c8                CAN1_RX1_IRQHandler
                0x0800a1c8                TIM4_IRQHandler
                0x0800a1c8                DMA1_Channel6_IRQHandler
                0x0800a1c8                TIM3_IRQHandler
                0x0800a1c8                RCC_IRQHandler
                0x0800a1c8                TIM1_TRG_COM_IRQHandler
                0x0800a1c8                DMA1_Channel1_IRQHandler
                0x0800a1c8                Default_Handler
                0x0800a1c8                EXTI9_5_IRQHandler
                0x0800a1c8                SPI2_IRQHandler
                0x0800a1c8                MemManage_Handler
                0x0800a1c8                SVC_Handler
                0x0800a1c8                DMA1_Channel5_IRQHandler
                0x0800a1c8                EXTI4_IRQHandler
                0x0800a1c8                DMA1_Channel3_IRQHandler
                0x0800a1c8                TIM1_UP_IRQHandler
                0x0800a1c8                WWDG_IRQHandler
                0x0800a1c8                TIM2_IRQHandler
                0x0800a1c8                TIM1_BRK_IRQHandler
                0x0800a1c8                EXTI1_IRQHandler
                0x0800a1c8                RTCAlarm_IRQHandler
                0x0800a1c8                USART2_IRQHandler
                0x0800a1c8                I2C2_ER_IRQHandler
                0x0800a1c8                CAN1_SCE_IRQHandler
                0x0800a1c8                FLASH_IRQHandler
                0x0800a1c8                BusFault_Handler
                0x0800a1c8                USBWakeUp_IRQHandler
 *fill*         0x0800a1ca        0x2 
 .text.NVIC_PriorityGroupConfig
                0x0800a1cc       0x14 lib/STM32F10x_StdPeriph_Driver/libstm32fw.a(misc.o)
                0x0800a1cc                NVIC_PriorityGroupConfig
 .text.NVIC_Init
                0x0800a1e0       0x6c lib/STM32F10x_StdPeriph_Driver/libstm32fw.a(misc.o)
                0x0800a1e0                NVIC_Init
 .text.NVIC_SetVectorTable
                0x0800a24c       0x14 lib/STM32F10x_StdPeriph_Driver/libstm32fw.a(misc.o)
                0x0800a24c                NVIC_SetVectorTable
 .text.SysTick_CLKSourceConfig
                0x0800a260       0x18 lib/STM32F10x_StdPeriph_Driver/libstm32fw.a(misc.o)
                0x0800a260                SysTick_CLKSourceConfig
 .text.ADC_DeInit
                0x0800a278       0x5c lib/STM32F10x_StdPeriph_Driver/libstm32fw.a(stm32f10x_adc.o)
                0x0800a278                ADC_DeInit
 .text.ADC_Init
                0x0800a2d4       0x48 lib/STM32F10x_StdPeriph_Driver/libstm32fw.a(stm32f10x_adc.o)
                0x0800a2d4                ADC_Init
 .text.ADC_Cmd  0x0800a31c       0x12 lib/STM32F10x_StdPeriph_Driver/libstm32fw.a(stm32f10x_adc.o)
                0x0800a31c                ADC_Cmd
 .text.ADC_ResetCalibration
                0x0800a32e        0xa lib/STM32F10x_StdPeriph_Driver/libstm32fw.a(stm32f10x_adc.o)
                0x0800a32e                ADC_ResetCalibration
 .text.ADC_GetResetCalibrationStatus
                0x0800a338        0x8 lib/STM32F10x_StdPeriph_Driver/libstm32fw.a(stm32f10x_adc.o)
                0x0800a338                ADC_GetResetCalibrationStatus
 .text.ADC_StartCalibration
                0x0800a340        0xa lib/STM32F10x_StdPeriph_Driver/libstm32fw.a(stm32f10x_adc.o)
                0x0800a340                ADC_StartCalibration
 .text.ADC_GetCalibrationStatus
                0x0800a34a        0x8 lib/STM32F10x_StdPeriph_Driver/libstm32fw.a(stm32f10x_adc.o)
                0x0800a34a                ADC_GetCalibrationStatus
 .text.ADC_SoftwareStartConvCmd
                0x0800a352       0x12 lib/STM32F10x_StdPeriph_Driver/libstm32fw.a(stm32f10x_adc.o)
                0x0800a352                ADC_SoftwareStartConvCmd
 .text.ADC_RegularChannelConfig
                0x0800a364       0x84 lib/STM32F10x_StdPeriph_Driver/libstm32fw.a(stm32f10x_adc.o)
                0x0800a364                ADC_RegularChannelConfig
 .text.ADC_GetConversionValue
                0x0800a3e8        0x6 lib/STM32F10x_StdPeriph_Driver/libstm32fw.a(stm32f10x_adc.o)
                0x0800a3e8                ADC_GetConversionValue
 .text.ADC_ExternalTrigInjectedConvConfig
                0x0800a3ee        0xc lib/STM32F10x_StdPeriph_Driver/libstm32fw.a(stm32f10x_adc.o)
                0x0800a3ee                ADC_ExternalTrigInjectedConvConfig
 .text.ADC_SoftwareStartInjectedConvCmd
                0x0800a3fa       0x12 lib/STM32F10x_StdPeriph_Driver/libstm32fw.a(stm32f10x_adc.o)
                0x0800a3fa                ADC_SoftwareStartInjectedConvCmd
 .text.ADC_InjectedChannelConfig
                0x0800a40c       0x54 lib/STM32F10x_StdPeriph_Driver/libstm32fw.a(stm32f10x_adc.o)
                0x0800a40c                ADC_InjectedChannelConfig
 .text.ADC_InjectedSequencerLengthConfig
                0x0800a460       0x10 lib/STM32F10x_StdPeriph_Driver/libstm32fw.a(stm32f10x_adc.o)
                0x0800a460                ADC_InjectedSequencerLengthConfig
 .text.ADC_GetInjectedConversionValue
                0x0800a470       0x1a lib/STM32F10x_StdPeriph_Driver/libstm32fw.a(stm32f10x_adc.o)
                0x0800a470                ADC_GetInjectedConversionValue
 .text.ADC_GetFlagStatus
                0x0800a48a        0xc lib/STM32F10x_StdPeriph_Driver/libstm32fw.a(stm32f10x_adc.o)
                0x0800a48a                ADC_GetFlagStatus
 .text.ADC_ClearFlag
                0x0800a496        0x6 lib/STM32F10x_StdPeriph_Driver/libstm32fw.a(stm32f10x_adc.o)
                0x0800a496                ADC_ClearFlag
 .text.ADC_GetITStatus
                0x0800a49c       0x16 lib/STM32F10x_StdPeriph_Driver/libstm32fw.a(stm32f10x_adc.o)
                0x0800a49c                ADC_GetITStatus
 .text.ADC_ClearITPendingBit
                0x0800a4b2        0x8 lib/STM32F10x_StdPeriph_Driver/libstm32fw.a(stm32f10x_adc.o)
                0x0800a4b2                ADC_ClearITPendingBit
 .text.BKP_DeInit
                0x0800a4ba       0x12 lib/STM32F10x_StdPeriph_Driver/libstm32fw.a(stm32f10x_bkp.o)
                0x0800a4ba                BKP_DeInit
 .text.BKP_RTCOutputConfig
                0x0800a4cc       0x18 lib/STM32F10x_StdPeriph_Driver/libstm32fw.a(stm32f10x_bkp.o)
                0x0800a4cc                BKP_RTCOutputConfig
 .text.BKP_SetRTCCalibrationValue
                0x0800a4e4       0x18 lib/STM32F10x_StdPeriph_Driver/libstm32fw.a(stm32f10x_bkp.o)
                0x0800a4e4                BKP_SetRTCCalibrationValue
 .text.BKP_WriteBackupRegister
                0x0800a4fc       0x1c lib/STM32F10x_StdPeriph_Driver/libstm32fw.a(stm32f10x_bkp.o)
                0x0800a4fc                BKP_WriteBackupRegister
 .text.BKP_ReadBackupRegister
                0x0800a518       0x20 lib/STM32F10x_StdPeriph_Driver/libstm32fw.a(stm32f10x_bkp.o)
                0x0800a518                BKP_ReadBackupRegister
 .text.DBGMCU_Config
                0x0800a538       0x18 lib/STM32F10x_StdPeriph_Driver/libstm32fw.a(stm32f10x_dbgmcu.o)
                0x0800a538                DBGMCU_Config
 .text.DMA_DeInit
                0x0800a550       0xf0 lib/STM32F10x_StdPeriph_Driver/libstm32fw.a(stm32f10x_dma.o)
                0x0800a550                DMA_DeInit
 .text.DMA_Init
                0x0800a640       0x3c lib/STM32F10x_StdPeriph_Driver/libstm32fw.a(stm32f10x_dma.o)
                0x0800a640                DMA_Init
 .text.DMA_Cmd  0x0800a67c       0x12 lib/STM32F10x_StdPeriph_Driver/libstm32fw.a(stm32f10x_dma.o)
                0x0800a67c                DMA_Cmd
 .text.DMA_ITConfig
                0x0800a68e       0x10 lib/STM32F10x_StdPeriph_Driver/libstm32fw.a(stm32f10x_dma.o)
                0x0800a68e                DMA_ITConfig
 .text.DMA_GetCurrDataCounter
                0x0800a69e        0x6 lib/STM32F10x_StdPeriph_Driver/libstm32fw.a(stm32f10x_dma.o)
                0x0800a69e                DMA_GetCurrDataCounter
 .text.DMA_GetFlagStatus
                0x0800a6a4       0x1c lib/STM32F10x_StdPeriph_Driver/libstm32fw.a(stm32f10x_dma.o)
                0x0800a6a4                DMA_GetFlagStatus
 .text.DMA_ClearFlag
                0x0800a6c0       0x14 lib/STM32F10x_StdPeriph_Driver/libstm32fw.a(stm32f10x_dma.o)
                0x0800a6c0                DMA_ClearFlag
 .text.DMA_GetITStatus
                0x0800a6d4       0x1c lib/STM32F10x_StdPeriph_Driver/libstm32fw.a(stm32f10x_dma.o)
                0x0800a6d4                DMA_GetITStatus
 .text.DMA_ClearITPendingBit
                0x0800a6f0       0x14 lib/STM32F10x_StdPeriph_Driver/libstm32fw.a(stm32f10x_dma.o)
                0x0800a6f0                DMA_ClearITPendingBit
 .text.EXTI_DeInit
                0x0800a704       0x1c lib/STM32F10x_StdPeriph_Driver/libstm32fw.a(stm32f10x_exti.o)
                0x0800a704                EXTI_DeInit
 .text.EXTI_Init
                0x0800a720       0x88 lib/STM32F10x_StdPeriph_Driver/libstm32fw.a(stm32f10x_exti.o)
                0x0800a720                EXTI_Init
 .text.EXTI_GetITStatus
                0x0800a7a8       0x1c lib/STM32F10x_StdPeriph_Driver/libstm32fw.a(stm32f10x_exti.o)
                0x0800a7a8                EXTI_GetITStatus
 .text.EXTI_ClearITPendingBit
                0x0800a7c4        0xc lib/STM32F10x_StdPeriph_Driver/libstm32fw.a(stm32f10x_exti.o)
                0x0800a7c4                EXTI_ClearITPendingBit
 .text.GPIO_Init
                0x0800a7d0       0x90 lib/STM32F10x_StdPeriph_Driver/libstm32fw.a(stm32f10x_gpio.o)
                0x0800a7d0                GPIO_Init
 .text.GPIO_StructInit
                0x0800a860       0x10 lib/STM32F10x_StdPeriph_Driver/libstm32fw.a(stm32f10x_gpio.o)
                0x0800a860                GPIO_StructInit
 .text.GPIO_ReadInputDataBit
                0x0800a870        0xc lib/STM32F10x_StdPeriph_Driver/libstm32fw.a(stm32f10x_gpio.o)
                0x0800a870                GPIO_ReadInputDataBit
 .text.GPIO_SetBits
                0x0800a87c        0x4 lib/STM32F10x_StdPeriph_Driver/libstm32fw.a(stm32f10x_gpio.o)
                0x0800a87c                GPIO_SetBits
 .text.GPIO_ResetBits
                0x0800a880        0x4 lib/STM32F10x_StdPeriph_Driver/libstm32fw.a(stm32f10x_gpio.o)
                0x0800a880                GPIO_ResetBits
 .text.GPIO_WriteBit
                0x0800a884        0xa lib/STM32F10x_StdPeriph_Driver/libstm32fw.a(stm32f10x_gpio.o)
                0x0800a884                GPIO_WriteBit
 *fill*         0x0800a88e        0x2 
 .text.GPIO_PinRemapConfig
                0x0800a890       0x54 lib/STM32F10x_StdPeriph_Driver/libstm32fw.a(stm32f10x_gpio.o)
                0x0800a890                GPIO_PinRemapConfig
 .text.GPIO_EXTILineConfig
                0x0800a8e4       0x2a lib/STM32F10x_StdPeriph_Driver/libstm32fw.a(stm32f10x_gpio.o)
                0x0800a8e4                GPIO_EXTILineConfig
 *fill*         0x0800a90e        0x2 
 .text.I2C_DeInit
                0x0800a910       0x34 lib/STM32F10x_StdPeriph_Driver/libstm32fw.a(stm32f10x_i2c.o)
                0x0800a910                I2C_DeInit
 .text.I2C_Init
                0x0800a944       0xd4 lib/STM32F10x_StdPeriph_Driver/libstm32fw.a(stm32f10x_i2c.o)
                0x0800a944                I2C_Init
 .text.I2C_Cmd  0x0800aa18       0x18 lib/STM32F10x_StdPeriph_Driver/libstm32fw.a(stm32f10x_i2c.o)
                0x0800aa18                I2C_Cmd
 .text.I2C_GenerateSTART
                0x0800aa30       0x18 lib/STM32F10x_StdPeriph_Driver/libstm32fw.a(stm32f10x_i2c.o)
                0x0800aa30                I2C_GenerateSTART
 .text.I2C_GenerateSTOP
                0x0800aa48       0x18 lib/STM32F10x_StdPeriph_Driver/libstm32fw.a(stm32f10x_i2c.o)
                0x0800aa48                I2C_GenerateSTOP
 .text.I2C_AcknowledgeConfig
                0x0800aa60       0x18 lib/STM32F10x_StdPeriph_Driver/libstm32fw.a(stm32f10x_i2c.o)
                0x0800aa60                I2C_AcknowledgeConfig
 .text.I2C_ITConfig
                0x0800aa78       0x12 lib/STM32F10x_StdPeriph_Driver/libstm32fw.a(stm32f10x_i2c.o)
                0x0800aa78                I2C_ITConfig
 .text.I2C_SendData
                0x0800aa8a        0x4 lib/STM32F10x_StdPeriph_Driver/libstm32fw.a(stm32f10x_i2c.o)
                0x0800aa8a                I2C_SendData
 .text.I2C_ReceiveData
                0x0800aa8e        0x6 lib/STM32F10x_StdPeriph_Driver/libstm32fw.a(stm32f10x_i2c.o)
                0x0800aa8e                I2C_ReceiveData
 .text.I2C_Send7bitAddress
                0x0800aa94       0x12 lib/STM32F10x_StdPeriph_Driver/libstm32fw.a(stm32f10x_i2c.o)
                0x0800aa94                I2C_Send7bitAddress
 .text.I2C_SoftwareResetCmd
                0x0800aaa6       0x18 lib/STM32F10x_StdPeriph_Driver/libstm32fw.a(stm32f10x_i2c.o)
                0x0800aaa6                I2C_SoftwareResetCmd
 *fill*         0x0800aabe        0x2 
 .text.IWDG_WriteAccessCmd
                0x0800aac0        0xc lib/STM32F10x_StdPeriph_Driver/libstm32fw.a(stm32f10x_iwdg.o)
                0x0800aac0                IWDG_WriteAccessCmd
 .text.IWDG_SetPrescaler
                0x0800aacc        0xc lib/STM32F10x_StdPeriph_Driver/libstm32fw.a(stm32f10x_iwdg.o)
                0x0800aacc                IWDG_SetPrescaler
 .text.IWDG_SetReload
                0x0800aad8        0xc lib/STM32F10x_StdPeriph_Driver/libstm32fw.a(stm32f10x_iwdg.o)
                0x0800aad8                IWDG_SetReload
 .text.IWDG_ReloadCounter
                0x0800aae4       0x10 lib/STM32F10x_StdPeriph_Driver/libstm32fw.a(stm32f10x_iwdg.o)
                0x0800aae4                IWDG_ReloadCounter
 .text.IWDG_Enable
                0x0800aaf4       0x10 lib/STM32F10x_StdPeriph_Driver/libstm32fw.a(stm32f10x_iwdg.o)
                0x0800aaf4                IWDG_Enable
 .text.PWR_DeInit
                0x0800ab04       0x1a lib/STM32F10x_StdPeriph_Driver/libstm32fw.a(stm32f10x_pwr.o)
                0x0800ab04                PWR_DeInit
 *fill*         0x0800ab1e        0x2 
 .text.PWR_BackupAccessCmd
                0x0800ab20        0xc lib/STM32F10x_StdPeriph_Driver/libstm32fw.a(stm32f10x_pwr.o)
                0x0800ab20                PWR_BackupAccessCmd
 .text.PWR_WakeUpPinCmd
                0x0800ab2c        0xc lib/STM32F10x_StdPeriph_Driver/libstm32fw.a(stm32f10x_pwr.o)
                0x0800ab2c                PWR_WakeUpPinCmd
 .text.PWR_EnterSTANDBYMode
                0x0800ab38       0x28 lib/STM32F10x_StdPeriph_Driver/libstm32fw.a(stm32f10x_pwr.o)
                0x0800ab38                PWR_EnterSTANDBYMode
 .text.RCC_HCLKConfig
                0x0800ab60       0x14 lib/STM32F10x_StdPeriph_Driver/libstm32fw.a(stm32f10x_rcc.o)
                0x0800ab60                RCC_HCLKConfig
 .text.RCC_USBCLKConfig
                0x0800ab74        0xc lib/STM32F10x_StdPeriph_Driver/libstm32fw.a(stm32f10x_rcc.o)
                0x0800ab74                RCC_USBCLKConfig
 .text.RCC_ADCCLKConfig
                0x0800ab80       0x14 lib/STM32F10x_StdPeriph_Driver/libstm32fw.a(stm32f10x_rcc.o)
                0x0800ab80                RCC_ADCCLKConfig
 .text.RCC_LSEConfig
                0x0800ab94       0x20 lib/STM32F10x_StdPeriph_Driver/libstm32fw.a(stm32f10x_rcc.o)
                0x0800ab94                RCC_LSEConfig
 .text.RCC_RTCCLKConfig
                0x0800abb4       0x10 lib/STM32F10x_StdPeriph_Driver/libstm32fw.a(stm32f10x_rcc.o)
                0x0800abb4                RCC_RTCCLKConfig
 .text.RCC_RTCCLKCmd
                0x0800abc4        0xc lib/STM32F10x_StdPeriph_Driver/libstm32fw.a(stm32f10x_rcc.o)
                0x0800abc4                RCC_RTCCLKCmd
 .text.RCC_GetClocksFreq
                0x0800abd0       0x94 lib/STM32F10x_StdPeriph_Driver/libstm32fw.a(stm32f10x_rcc.o)
                0x0800abd0                RCC_GetClocksFreq
 .text.RCC_AHBPeriphClockCmd
                0x0800ac64       0x18 lib/STM32F10x_StdPeriph_Driver/libstm32fw.a(stm32f10x_rcc.o)
                0x0800ac64                RCC_AHBPeriphClockCmd
 .text.RCC_APB2PeriphClockCmd
                0x0800ac7c       0x18 lib/STM32F10x_StdPeriph_Driver/libstm32fw.a(stm32f10x_rcc.o)
                0x0800ac7c                RCC_APB2PeriphClockCmd
 .text.RCC_APB1PeriphClockCmd
                0x0800ac94       0x18 lib/STM32F10x_StdPeriph_Driver/libstm32fw.a(stm32f10x_rcc.o)
                0x0800ac94                RCC_APB1PeriphClockCmd
 .text.RCC_APB2PeriphResetCmd
                0x0800acac       0x18 lib/STM32F10x_StdPeriph_Driver/libstm32fw.a(stm32f10x_rcc.o)
                0x0800acac                RCC_APB2PeriphResetCmd
 .text.RCC_APB1PeriphResetCmd
                0x0800acc4       0x18 lib/STM32F10x_StdPeriph_Driver/libstm32fw.a(stm32f10x_rcc.o)
                0x0800acc4                RCC_APB1PeriphResetCmd
 .text.RCC_BackupResetCmd
                0x0800acdc        0xc lib/STM32F10x_StdPeriph_Driver/libstm32fw.a(stm32f10x_rcc.o)
                0x0800acdc                RCC_BackupResetCmd
 .text.RCC_GetFlagStatus
                0x0800ace8       0x28 lib/STM32F10x_StdPeriph_Driver/libstm32fw.a(stm32f10x_rcc.o)
                0x0800ace8                RCC_GetFlagStatus
 .text.RTC_EnterConfigMode
                0x0800ad10       0x14 lib/STM32F10x_StdPeriph_Driver/libstm32fw.a(stm32f10x_rtc.o)
                0x0800ad10                RTC_EnterConfigMode
 .text.RTC_ExitConfigMode
                0x0800ad24       0x14 lib/STM32F10x_StdPeriph_Driver/libstm32fw.a(stm32f10x_rtc.o)
                0x0800ad24                RTC_ExitConfigMode
 .text.RTC_GetCounter
                0x0800ad38       0x14 lib/STM32F10x_StdPeriph_Driver/libstm32fw.a(stm32f10x_rtc.o)
                0x0800ad38                RTC_GetCounter
 .text.RTC_SetCounter
                0x0800ad4c       0x20 lib/STM32F10x_StdPeriph_Driver/libstm32fw.a(stm32f10x_rtc.o)
                0x0800ad4c                RTC_SetCounter
 .text.RTC_SetPrescaler
                0x0800ad6c       0x20 lib/STM32F10x_StdPeriph_Driver/libstm32fw.a(stm32f10x_rtc.o)
                0x0800ad6c                RTC_SetPrescaler
 .text.RTC_WaitForLastTask
                0x0800ad8c       0x10 lib/STM32F10x_StdPeriph_Driver/libstm32fw.a(stm32f10x_rtc.o)
                0x0800ad8c                RTC_WaitForLastTask
 .text.RTC_WaitForSynchro
                0x0800ad9c       0x1c lib/STM32F10x_StdPeriph_Driver/libstm32fw.a(stm32f10x_rtc.o)
                0x0800ad9c                RTC_WaitForSynchro
 .text.SPI_I2S_DeInit
                0x0800adb8       0x64 lib/STM32F10x_StdPeriph_Driver/libstm32fw.a(stm32f10x_spi.o)
                0x0800adb8                SPI_I2S_DeInit
 .text.SPI_Init
                0x0800ae1c       0x3e lib/STM32F10x_StdPeriph_Driver/libstm32fw.a(stm32f10x_spi.o)
                0x0800ae1c                SPI_Init
 .text.SPI_StructInit
                0x0800ae5a       0x18 lib/STM32F10x_StdPeriph_Driver/libstm32fw.a(stm32f10x_spi.o)
                0x0800ae5a                SPI_StructInit
 .text.SPI_Cmd  0x0800ae72       0x18 lib/STM32F10x_StdPeriph_Driver/libstm32fw.a(stm32f10x_spi.o)
                0x0800ae72                SPI_Cmd
 .text.SPI_I2S_DMACmd
                0x0800ae8a       0x12 lib/STM32F10x_StdPeriph_Driver/libstm32fw.a(stm32f10x_spi.o)
                0x0800ae8a                SPI_I2S_DMACmd
 .text.SPI_I2S_SendData
                0x0800ae9c        0x4 lib/STM32F10x_StdPeriph_Driver/libstm32fw.a(stm32f10x_spi.o)
                0x0800ae9c                SPI_I2S_SendData
 .text.SPI_I2S_ReceiveData
                0x0800aea0        0x6 lib/STM32F10x_StdPeriph_Driver/libstm32fw.a(stm32f10x_spi.o)
                0x0800aea0                SPI_I2S_ReceiveData
 .text.SPI_CalculateCRC
                0x0800aea6       0x18 lib/STM32F10x_StdPeriph_Driver/libstm32fw.a(stm32f10x_spi.o)
                0x0800aea6                SPI_CalculateCRC
 .text.SPI_I2S_GetFlagStatus
                0x0800aebe        0xc lib/STM32F10x_StdPeriph_Driver/libstm32fw.a(stm32f10x_spi.o)
                0x0800aebe                SPI_I2S_GetFlagStatus
 *fill*         0x0800aeca        0x2 
 .text.TIM_DeInit
                0x0800aecc       0xc8 lib/STM32F10x_StdPeriph_Driver/libstm32fw.a(stm32f10x_tim.o)
                0x0800aecc                TIM_DeInit
 .text.TIM_TimeBaseInit
                0x0800af94       0x3c lib/STM32F10x_StdPeriph_Driver/libstm32fw.a(stm32f10x_tim.o)
                0x0800af94                TIM_TimeBaseInit
 .text.TIM_OC1Init
                0x0800afd0       0x74 lib/STM32F10x_StdPeriph_Driver/libstm32fw.a(stm32f10x_tim.o)
                0x0800afd0                TIM_OC1Init
 .text.TIM_Cmd  0x0800b044       0x18 lib/STM32F10x_StdPeriph_Driver/libstm32fw.a(stm32f10x_tim.o)
                0x0800b044                TIM_Cmd
 .text.TIM_CtrlPWMOutputs
                0x0800b05c       0x1c lib/STM32F10x_StdPeriph_Driver/libstm32fw.a(stm32f10x_tim.o)
                0x0800b05c                TIM_CtrlPWMOutputs
 .text.TIM_ARRPreloadConfig
                0x0800b078       0x18 lib/STM32F10x_StdPeriph_Driver/libstm32fw.a(stm32f10x_tim.o)
                0x0800b078                TIM_ARRPreloadConfig
 .text.TIM_OC1PreloadConfig
                0x0800b090       0x10 lib/STM32F10x_StdPeriph_Driver/libstm32fw.a(stm32f10x_tim.o)
                0x0800b090                TIM_OC1PreloadConfig
 .text.TIM_SetCompare1
                0x0800b0a0        0x4 lib/STM32F10x_StdPeriph_Driver/libstm32fw.a(stm32f10x_tim.o)
                0x0800b0a0                TIM_SetCompare1
 .text.USART_DeInit
                0x0800b0a4       0x98 lib/STM32F10x_StdPeriph_Driver/libstm32fw.a(stm32f10x_usart.o)
                0x0800b0a4                USART_DeInit
 .text.USART_Init
                0x0800b13c       0x88 lib/STM32F10x_StdPeriph_Driver/libstm32fw.a(stm32f10x_usart.o)
                0x0800b13c                USART_Init
 .text.USART_Cmd
                0x0800b1c4       0x18 lib/STM32F10x_StdPeriph_Driver/libstm32fw.a(stm32f10x_usart.o)
                0x0800b1c4                USART_Cmd
 .text.USART_ITConfig
                0x0800b1dc       0x32 lib/STM32F10x_StdPeriph_Driver/libstm32fw.a(stm32f10x_usart.o)
                0x0800b1dc                USART_ITConfig
 .text.USART_DMACmd
                0x0800b20e       0x12 lib/STM32F10x_StdPeriph_Driver/libstm32fw.a(stm32f10x_usart.o)
                0x0800b20e                USART_DMACmd
 .text.USART_SendData
                0x0800b220        0x8 lib/STM32F10x_StdPeriph_Driver/libstm32fw.a(stm32f10x_usart.o)
                0x0800b220                USART_SendData
 .text.USART_ReceiveData
                0x0800b228        0x8 lib/STM32F10x_StdPeriph_Driver/libstm32fw.a(stm32f10x_usart.o)
                0x0800b228                USART_ReceiveData
 .text.USART_GetFlagStatus
                0x0800b230        0xc lib/STM32F10x_StdPeriph_Driver/libstm32fw.a(stm32f10x_usart.o)
                0x0800b230                USART_GetFlagStatus
 .text.USART_GetITStatus
                0x0800b23c       0x3e lib/STM32F10x_StdPeriph_Driver/libstm32fw.a(stm32f10x_usart.o)
                0x0800b23c                USART_GetITStatus
 .text.USART_ClearITPendingBit
                0x0800b27a        0xe lib/STM32F10x_StdPeriph_Driver/libstm32fw.a(stm32f10x_usart.o)
                0x0800b27a                USART_ClearITPendingBit
 .text.Standard_GetConfiguration
                0x0800b288       0x24 lib/STM32_USB-FS-Device_Driver/libstm32usb.a(usb_core.o)
                0x0800b288                Standard_GetConfiguration
 .text.Standard_GetInterface
                0x0800b2ac       0x24 lib/STM32_USB-FS-Device_Driver/libstm32usb.a(usb_core.o)
                0x0800b2ac                Standard_GetInterface
 .text.Standard_GetStatus
                0x0800b2d0       0x90 lib/STM32_USB-FS-Device_Driver/libstm32usb.a(usb_core.o)
                0x0800b2d0                Standard_GetStatus
 .text.DataStageIn
                0x0800b360       0xac lib/STM32_USB-FS-Device_Driver/libstm32usb.a(usb_core.o)
 .text.Standard_SetConfiguration
                0x0800b40c       0x38 lib/STM32_USB-FS-Device_Driver/libstm32usb.a(usb_core.o)
                0x0800b40c                Standard_SetConfiguration
 .text.Standard_SetInterface
                0x0800b444       0x48 lib/STM32_USB-FS-Device_Driver/libstm32usb.a(usb_core.o)
                0x0800b444                Standard_SetInterface
 .text.Standard_ClearFeature
                0x0800b48c       0xd8 lib/STM32_USB-FS-Device_Driver/libstm32usb.a(usb_core.o)
                0x0800b48c                Standard_ClearFeature
 .text.Standard_SetEndPointFeature
                0x0800b564       0x8c lib/STM32_USB-FS-Device_Driver/libstm32usb.a(usb_core.o)
                0x0800b564                Standard_SetEndPointFeature
 .text.Standard_SetDeviceFeature
                0x0800b5f0       0x24 lib/STM32_USB-FS-Device_Driver/libstm32usb.a(usb_core.o)
                0x0800b5f0                Standard_SetDeviceFeature
 .text.Standard_GetDescriptorData
                0x0800b614       0x1c lib/STM32_USB-FS-Device_Driver/libstm32usb.a(usb_core.o)
                0x0800b614                Standard_GetDescriptorData
 .text.Post0_Process
                0x0800b630       0x44 lib/STM32_USB-FS-Device_Driver/libstm32usb.a(usb_core.o)
                0x0800b630                Post0_Process
 .text.Setup0_Process
                0x0800b674      0x2dc lib/STM32_USB-FS-Device_Driver/libstm32usb.a(usb_core.o)
                0x0800b674                Setup0_Process
 .text.Out0_Process
                0x0800b950       0xcc lib/STM32_USB-FS-Device_Driver/libstm32usb.a(usb_core.o)
                0x0800b950                Out0_Process
 .text.SetDeviceAddress
                0x0800ba1c       0x40 lib/STM32_USB-FS-Device_Driver/libstm32usb.a(usb_core.o)
                0x0800ba1c                SetDeviceAddress
 .text.In0_Process
                0x0800ba5c       0x5c lib/STM32_USB-FS-Device_Driver/libstm32usb.a(usb_core.o)
                0x0800ba5c                In0_Process
 .text.NOP_Process
                0x0800bab8        0x2 lib/STM32_USB-FS-Device_Driver/libstm32usb.a(usb_core.o)
                0x0800bab8                NOP_Process
 *fill*         0x0800baba        0x2 
 .text.USB_Init
                0x0800babc       0x34 lib/STM32_USB-FS-Device_Driver/libstm32usb.a(usb_init.o)
                0x0800babc                USB_Init
 .text.CTR_LP   0x0800baf0      0x170 lib/STM32_USB-FS-Device_Driver/libstm32usb.a(usb_int.o)
                0x0800baf0                CTR_LP
 .text.CTR_HP   0x0800bc60       0x74 lib/STM32_USB-FS-Device_Driver/libstm32usb.a(usb_int.o)
                0x0800bc60                CTR_HP
 .text.UserToPMABufferCopy
                0x0800bcd4       0x30 lib/STM32_USB-FS-Device_Driver/libstm32usb.a(usb_mem.o)
                0x0800bcd4                UserToPMABufferCopy
 .text.PMAToUserBufferCopy
                0x0800bd04       0x24 lib/STM32_USB-FS-Device_Driver/libstm32usb.a(usb_mem.o)
                0x0800bd04                PMAToUserBufferCopy
 .text.SetBTABLE
                0x0800bd28       0x10 lib/STM32_USB-FS-Device_Driver/libstm32usb.a(usb_regs.o)
                0x0800bd28                SetBTABLE
 .text.SetEPType
                0x0800bd38       0x1c lib/STM32_USB-FS-Device_Driver/libstm32usb.a(usb_regs.o)
                0x0800bd38                SetEPType
 .text.SetEPTxStatus
                0x0800bd54       0x32 lib/STM32_USB-FS-Device_Driver/libstm32usb.a(usb_regs.o)
                0x0800bd54                SetEPTxStatus
 .text.SetEPRxStatus
                0x0800bd86       0x32 lib/STM32_USB-FS-Device_Driver/libstm32usb.a(usb_regs.o)
                0x0800bd86                SetEPRxStatus
 .text.SetEPRxValid
                0x0800bdb8       0x26 lib/STM32_USB-FS-Device_Driver/libstm32usb.a(usb_regs.o)
                0x0800bdb8                SetEPRxValid
 .text.Clear_Status_Out
                0x0800bdde       0x20 lib/STM32_USB-FS-Device_Driver/libstm32usb.a(usb_regs.o)
                0x0800bdde                Clear_Status_Out
 .text.ClearDTOG_RX
                0x0800bdfe       0x26 lib/STM32_USB-FS-Device_Driver/libstm32usb.a(usb_regs.o)
                0x0800bdfe                ClearDTOG_RX
 .text.ClearDTOG_TX
                0x0800be24       0x26 lib/STM32_USB-FS-Device_Driver/libstm32usb.a(usb_regs.o)
                0x0800be24                ClearDTOG_TX
 *fill*         0x0800be4a        0x2 
 .text.SetEPTxAddr
                0x0800be4c       0x20 lib/STM32_USB-FS-Device_Driver/libstm32usb.a(usb_regs.o)
                0x0800be4c                SetEPTxAddr
 .text.SetEPRxAddr
                0x0800be6c       0x20 lib/STM32_USB-FS-Device_Driver/libstm32usb.a(usb_regs.o)
                0x0800be6c                SetEPRxAddr
 .text.GetEPTxAddr
                0x0800be8c       0x20 lib/STM32_USB-FS-Device_Driver/libstm32usb.a(usb_regs.o)
                0x0800be8c                GetEPTxAddr
 .text.GetEPRxAddr
                0x0800beac       0x20 lib/STM32_USB-FS-Device_Driver/libstm32usb.a(usb_regs.o)
                0x0800beac                GetEPRxAddr
 .text.SetEPTxCount
                0x0800becc       0x1c lib/STM32_USB-FS-Device_Driver/libstm32usb.a(usb_regs.o)
                0x0800becc                SetEPTxCount
 .text.SetEPRxCount
                0x0800bee8       0x40 lib/STM32_USB-FS-Device_Driver/libstm32usb.a(usb_regs.o)
                0x0800bee8                SetEPRxCount
 .text.GetEPRxCount
                0x0800bf28       0x20 lib/STM32_USB-FS-Device_Driver/libstm32usb.a(usb_regs.o)
                0x0800bf28                GetEPRxCount
 .text.ByteSwap
                0x0800bf48        0xa lib/STM32_USB-FS-Device_Driver/libstm32usb.a(usb_regs.o)
                0x0800bf48                ByteSwap
 *fill*         0x0800bf52        0x2 
 .text.USB_SIL_Init
                0x0800bf54       0x20 lib/STM32_USB-FS-Device_Driver/libstm32usb.a(usb_sil.o)
                0x0800bf54                USB_SIL_Init
 .text.USB_SIL_Write
                0x0800bf74       0x28 lib/STM32_USB-FS-Device_Driver/libstm32usb.a(usb_sil.o)
                0x0800bf74                USB_SIL_Write
 .text.USB_SIL_Read
                0x0800bf9c       0x24 lib/STM32_USB-FS-Device_Driver/libstm32usb.a(usb_sil.o)
                0x0800bf9c                USB_SIL_Read
 .text.memset   0x0800bfc0       0x9c /home/laurence/ARM-GCC/gcc-arm-none-eabi-4_9-2014q4/bin/../lib/gcc/arm-none-eabi/4.9.3/../../../../arm-none-eabi/lib/armv7-m/libg.a(lib_a-memset.o)
                0x0800bfc0                memset
 .text._sbrk    0x0800c05c       0x1c /home/laurence/ARM-GCC/gcc-arm-none-eabi-4_9-2014q4/bin/../lib/gcc/arm-none-eabi/4.9.3/../../../../arm-none-eabi/lib/armv7-m/libnosys.a(sbrk.o)
                0x0800c05c                _sbrk
 *(.rodata)
 .rodata        0x0800c078       0xe8 /tmp/ccQhAOEb.ltrans0.ltrans.o
 .rodata        0x0800c160      0x4d0 /tmp/ccQhAOEb.ltrans2.ltrans.o
 .rodata        0x0800c630       0x48 /tmp/ccQhAOEb.ltrans3.ltrans.o
 .rodata        0x0800c678      0x11c /tmp/ccQhAOEb.ltrans4.ltrans.o
 .rodata        0x0800c794        0xc /tmp/ccQhAOEb.ltrans5.ltrans.o
 .rodata        0x0800c7a0       0x80 /tmp/ccQhAOEb.ltrans6.ltrans.o
 *(.rodata*)
 .rodata.str1.4
                0x0800c820        0x6 /tmp/ccQhAOEb.ltrans1.ltrans.o
                                  0x8 (size before relaxing)
 *fill*         0x0800c826        0x2 
 .rodata.str1.4
                0x0800c828      0x371 /tmp/ccQhAOEb.ltrans3.ltrans.o
                                0x378 (size before relaxing)
 *fill*         0x0800cb99        0x3 
 .rodata.MASS_DeviceDescriptor
                0x0800cb9c       0x14 /tmp/ccQhAOEb.ltrans4.ltrans.o
 .rodata.str1.4
                0x0800cbb0      0x117 /tmp/ccQhAOEb.ltrans4.ltrans.o
                                0x118 (size before relaxing)
 *fill*         0x0800ccc7        0x1 
 .rodata.str1.4
                0x0800ccc8       0x13 /tmp/ccQhAOEb.ltrans6.ltrans.o
                                 0x14 (size before relaxing)
 *fill*         0x0800ccdb        0x1 
 .rodata.str1.4
                0x0800ccdc       0x7c /tmp/ccQhAOEb.ltrans9.ltrans.o
 .rodata.str1.4
                0x0800cd58        0x2 /home/laurence/ARM-GCC/gcc-arm-none-eabi-4_9-2014q4/bin/../lib/gcc/arm-none-eabi/4.9.3/../../../../arm-none-eabi/lib/armv7-m/libg.a(lib_a-impure.o)
                                  0x4 (size before relaxing)
 *(.glue_7)
 .glue_7        0x00000000        0x0 linker stubs
 *(.glue_7t)
 .glue_7t       0x00000000        0x0 linker stubs
 *(.init)
 *fill*         0x0800cd5a        0x2 
 .init          0x0800cd5c        0x4 /home/laurence/ARM-GCC/gcc-arm-none-eabi-4_9-2014q4/bin/../lib/gcc/arm-none-eabi/4.9.3/armv7-m/crti.o
                0x0800cd5c                _init
 .init          0x0800cd60        0x8 /home/laurence/ARM-GCC/gcc-arm-none-eabi-4_9-2014q4/bin/../lib/gcc/arm-none-eabi/4.9.3/armv7-m/crtn.o
 *(.fini)
 .fini          0x0800cd68        0x4 /home/laurence/ARM-GCC/gcc-arm-none-eabi-4_9-2014q4/bin/../lib/gcc/arm-none-eabi/4.9.3/armv7-m/crti.o
                0x0800cd68                _fini
 .fini          0x0800cd6c        0x8 /home/laurence/ARM-GCC/gcc-arm-none-eabi-4_9-2014q4/bin/../lib/gcc/arm-none-eabi/4.9.3/armv7-m/crtn.o
                0x0800cd74                . = ALIGN (0x4)
                0x0800cd74                _etext = .
                0x0800cd74                _sidata = _etext

.vfp11_veneer   0x0800cd74        0x0
 .vfp11_veneer  0x00000000        0x0 linker stubs

.v4_bx          0x0800cd74        0x0
 .v4_bx         0x00000000        0x0 linker stubs

.iplt           0x0800cd74        0x0
 .iplt          0x00000000        0x0 /home/laurence/ARM-GCC/gcc-arm-none-eabi-4_9-2014q4/bin/../lib/gcc/arm-none-eabi/4.9.3/armv7-m/crtbegin.o

.rel.dyn        0x0800cd74        0x0
 .rel.iplt      0x00000000        0x0 /home/laurence/ARM-GCC/gcc-arm-none-eabi-4_9-2014q4/bin/../lib/gcc/arm-none-eabi/4.9.3/armv7-m/crtbegin.o

.flashpatch     0x00000000        0x0
                0x00000000                . = ALIGN (0x4)
 *(.flashpatch)
                0x00000000                . = ALIGN (0x4)

.endflash       0x00000000        0x0
                0x00000000                . = ALIGN (0x4)
 *(.endflash)
                0x00000000                . = ALIGN (0x4)
                0x00000000                _e_endflash = .

.data           0x20000000      0x9fc load address 0x0800cd74
                0x20000000                . = ALIGN (0x4)
                0x20000000                _sdata = .
                0x20000000                _data = .
 *(.data)
 .data          0x20000000        0x8 /tmp/ccQhAOEb.ltrans0.ltrans.o
                0x20000004                Device_Table
 .data          0x20000008       0x20 /tmp/ccQhAOEb.ltrans2.ltrans.o
 .data          0x20000028        0x8 /tmp/ccQhAOEb.ltrans3.ltrans.o
                0x20000028                Silabs_Header
 .data          0x20000030      0x138 /tmp/ccQhAOEb.ltrans4.ltrans.o
                0x20000084                Device_Property
                0x2000010c                pEpInt_IN
                0x20000128                pEpInt_OUT
                0x20000144                User_Standard_Requests
 .data          0x20000168        0x4 /tmp/ccQhAOEb.ltrans7.ltrans.o
 .data          0x2000016c       0x10 /tmp/ccQhAOEb.ltrans8.ltrans.o
 *(.data.*)
 .data.I2C_jobs
                0x2000017c       0x30 /tmp/ccQhAOEb.ltrans8.ltrans.o
                0x2000017c                I2C_jobs
 .data.__malloc_av_
                0x200001ac      0x408 /home/laurence/ARM-GCC/gcc-arm-none-eabi-4_9-2014q4/bin/../lib/gcc/arm-none-eabi/4.9.3/../../../../arm-none-eabi/lib/armv7-m/libg.a(lib_a-mallocr.o)
                0x200001ac                __malloc_av_
 .data.__malloc_trim_threshold
                0x200005b4        0x4 /home/laurence/ARM-GCC/gcc-arm-none-eabi-4_9-2014q4/bin/../lib/gcc/arm-none-eabi/4.9.3/../../../../arm-none-eabi/lib/armv7-m/libg.a(lib_a-mallocr.o)
                0x200005b4                __malloc_trim_threshold
 .data.__malloc_sbrk_base
                0x200005b8        0x4 /home/laurence/ARM-GCC/gcc-arm-none-eabi-4_9-2014q4/bin/../lib/gcc/arm-none-eabi/4.9.3/../../../../arm-none-eabi/lib/armv7-m/libg.a(lib_a-mallocr.o)
                0x200005b8                __malloc_sbrk_base
 .data.ADCPrescTable
                0x200005bc        0x4 lib/STM32F10x_StdPeriph_Driver/libstm32fw.a(stm32f10x_rcc.o)
 .data.APBAHBPrescTable
                0x200005c0       0x10 lib/STM32F10x_StdPeriph_Driver/libstm32fw.a(stm32f10x_rcc.o)
 .data.impure_data
                0x200005d0      0x428 /home/laurence/ARM-GCC/gcc-arm-none-eabi-4_9-2014q4/bin/../lib/gcc/arm-none-eabi/4.9.3/../../../../arm-none-eabi/lib/armv7-m/libg.a(lib_a-impure.o)
 .data._impure_ptr
                0x200009f8        0x4 /home/laurence/ARM-GCC/gcc-arm-none-eabi-4_9-2014q4/bin/../lib/gcc/arm-none-eabi/4.9.3/../../../../arm-none-eabi/lib/armv7-m/libg.a(lib_a-impure.o)
                0x200009f8                _impure_ptr
 *(.RAMtext)
                0x200009fc                . = ALIGN (0x4)
                0x200009fc                _edata = .
                0x0800d770                _eidata = (_sidata + (_edata - _sdata))
                0x08020000                _lastdataromaddress = (ORIGIN (FLASH) + 0x20000)
                0x00000000                toobig = (_eidata > _lastdataromaddress)?!!!!!!!!! FLASH IS FULL !!!!!!!!!:0x0

.igot.plt       0x200009fc        0x0 load address 0x0800d770
 .igot.plt      0x00000000        0x0 /home/laurence/ARM-GCC/gcc-arm-none-eabi-4_9-2014q4/bin/../lib/gcc/arm-none-eabi/4.9.3/armv7-m/crtbegin.o

.bss            0x20000a00      0xfe8 load address 0x0800d778
                0x20000a00                . = ALIGN (0x4)
                0x20000a00                _sbss = .
                0x20000a00                _bss = .
 *(.bss)
 .bss           0x20000a00       0xa4 /tmp/ccQhAOEb.ltrans0.ltrans.o
 .bss           0x20000aa4       0x84 /tmp/ccQhAOEb.ltrans1.ltrans.o
 .bss           0x20000b28       0x34 /tmp/ccQhAOEb.ltrans2.ltrans.o
                0x20000b28                Mass_Block_Count
                0x20000b30                CBW
                0x20000b50                Mass_Block_Size
                0x20000b58                Bot_State
 *fill*         0x20000b5c        0x4 
 .bss           0x20000b60      0x6f0 /tmp/ccQhAOEb.ltrans3.ltrans.o
                0x20000f88                bootsource
                0x20000f8c                Battery_Voltage
                0x200011e4                Silabs_driver_state
                0x2000121b                System_state_Global
                0x2000121c                Shutdown_System
                0x20001220                Ind_Voltage
                0x20001224                Auto_volt
                0x20001228                Gyro_XY_Rate
                0x2000122c                Gyro_Z_Rate
                0x20001230                Ignition_Selftest
                0x20001232                AutoSequence
                0x20001238                I2C1error
                0x2000123c                L3GD20_Data_Buffer
                0x20001244                Aux_Voltage
                0x20001248                Gyro_Temperature
                0x2000124c                Auto_spin
 .bss           0x20001250       0x98 /tmp/ccQhAOEb.ltrans4.ltrans.o
                0x20001258                wIstr
 .bss           0x200012e8        0x4 /tmp/ccQhAOEb.ltrans5.ltrans.o
                0x200012e8                FatFs.lto_priv.15
 .bss           0x200012ec        0x2 /tmp/ccQhAOEb.ltrans6.ltrans.o
 *fill*         0x200012ee        0x2 
 .bss           0x200012f0       0x18 /tmp/ccQhAOEb.ltrans7.ltrans.o
                0x200012f8                Sd_Spi_Called_From_USB_MSC
 .bss           0x20001308       0x9c /tmp/ccQhAOEb.ltrans8.ltrans.o
 .bss           0x200013a4      0x5b0 /tmp/ccQhAOEb.ltrans9.ltrans.o
                0x200013a4                FATFS_logfile
                0x200015cc                print_string
                0x200016cc                Usart1_rx_buff
                0x200016d8                Gps_Buffer
                0x200016e4                FATFS_wavfile_gyro
                0x20001924                Millis
                0x20001928                Jobs
                0x2000192c                Completed_Jobs
                0x20001930                Gyro_x_buffer
                0x2000193c                Gyro_y_buffer
                0x20001948                Gyro_z_buffer
 *(.bss.*)
 .bss.bDeviceState
                0x20001954        0x4 /tmp/ccQhAOEb.ltrans3.ltrans.o
                0x20001954                bDeviceState
 .bss.file_opened
                0x20001958        0x1 /tmp/ccQhAOEb.ltrans3.ltrans.o
 .bss.Last_RSSI
                0x20001959        0x1 /tmp/ccQhAOEb.ltrans3.ltrans.o
                0x20001959                Last_RSSI
 .bss.bIntPackSOF
                0x2000195a        0x1 /tmp/ccQhAOEb.ltrans4.ltrans.o
 *fill*         0x2000195b        0x1 
 .bss.Status    0x2000195c        0x4 /tmp/ccQhAOEb.ltrans4.ltrans.o
 .bss.Max_Lun   0x20001960        0x4 /tmp/ccQhAOEb.ltrans4.ltrans.o