Archive member included to satisfy reference by file (symbol)

lib/STM32F10x_StdPeriph_Driver/libstm32fw.a(misc.o)
                              interrupts.o (symbol from plugin) (NVIC_PriorityGroupConfig)
lib/STM32F10x_StdPeriph_Driver/libstm32fw.a(stm32f10x_adc.o)
                              adc.o (symbol from plugin) (ADC_DeInit)
lib/STM32F10x_StdPeriph_Driver/libstm32fw.a(stm32f10x_bkp.o)
                              Util/fat_fs/src/rtc.o (symbol from plugin) (BKP_DeInit)
lib/STM32F10x_StdPeriph_Driver/libstm32fw.a(stm32f10x_dbgmcu.o)
                              main.o (symbol from plugin) (DBGMCU_Config)
lib/STM32F10x_StdPeriph_Driver/libstm32fw.a(stm32f10x_dma.o)
                              Silabs/si446x.o (symbol from plugin) (DMA_DeInit)
lib/STM32F10x_StdPeriph_Driver/libstm32fw.a(stm32f10x_exti.o)
                              Silabs/si446x.o (symbol from plugin) (EXTI_DeInit)
lib/STM32F10x_StdPeriph_Driver/libstm32fw.a(stm32f10x_gpio.o)
                              Silabs/si446x.o (symbol from plugin) (GPIO_Init)
lib/STM32F10x_StdPeriph_Driver/libstm32fw.a(stm32f10x_i2c.o)
                              i2c_int.o (symbol from plugin) (I2C_DeInit)
lib/STM32F10x_StdPeriph_Driver/libstm32fw.a(stm32f10x_iwdg.o)
                              watchdog.o (symbol from plugin) (IWDG_WriteAccessCmd)
lib/STM32F10x_StdPeriph_Driver/libstm32fw.a(stm32f10x_pwr.o)
                              pwr.o (symbol from plugin) (PWR_DeInit)
lib/STM32F10x_StdPeriph_Driver/libstm32fw.a(stm32f10x_rcc.o)
                              interrupts.o (symbol from plugin) (RCC_HCLKConfig)
lib/STM32F10x_StdPeriph_Driver/libstm32fw.a(stm32f10x_rtc.o)
                              Util/fat_fs/src/rtc.o (symbol from plugin) (RTC_GetCounter)
lib/STM32F10x_StdPeriph_Driver/libstm32fw.a(stm32f10x_spi.o)
                              Util/fat_fs/src/sd_spi_stm32.o (symbol from plugin) (SPI_I2S_DeInit)
lib/STM32F10x_StdPeriph_Driver/libstm32fw.a(stm32f10x_tim.o)
                              pwm.o (symbol from plugin) (TIM_DeInit)
lib/STM32F10x_StdPeriph_Driver/libstm32fw.a(stm32f10x_usart.o)
                              usart.o (symbol from plugin) (USART_DeInit)
lib/STM32_USB-FS-Device_Driver/libstm32usb.a(usb_core.o)
                              Util/USB/usb_prop.o (symbol from plugin) (Standard_GetDescriptorData)
lib/STM32_USB-FS-Device_Driver/libstm32usb.a(usb_init.o)
                              main.o (symbol from plugin) (USB_Init)
lib/STM32_USB-FS-Device_Driver/libstm32usb.a(usb_int.o)
                              Util/USB/usb_istr.o (symbol from plugin) (CTR_LP)
lib/STM32_USB-FS-Device_Driver/libstm32usb.a(usb_mem.o)
                              lib/STM32_USB-FS-Device_Driver/libstm32usb.a(usb_core.o) (UserToPMABufferCopy)
lib/STM32_USB-FS-Device_Driver/libstm32usb.a(usb_regs.o)
                              Util/USB/usb_prop.o (symbol from plugin) (SetBTABLE)
lib/STM32_USB-FS-Device_Driver/libstm32usb.a(usb_sil.o)
                              Util/USB/usb_prop.o (symbol from plugin) (USB_SIL_Init)
/home/laurence/ARM-GCC/gcc-arm-none-eabi-5_3-2016q1/bin/../lib/gcc/arm-none-eabi/5.3.1/../../../../arm-none-eabi/lib/armv7-m/libg_nano.a(lib_a-exit.o)
                              /home/laurence/ARM-GCC/gcc-arm-none-eabi-5_3-2016q1/bin/../lib/gcc/arm-none-eabi/5.3.1/../../../../arm-none-eabi/lib/armv7-m/crt0.o (exit)
/home/laurence/ARM-GCC/gcc-arm-none-eabi-5_3-2016q1/bin/../lib/gcc/arm-none-eabi/5.3.1/../../../../arm-none-eabi/lib/armv7-m/libg_nano.a(lib_a-impure.o)
                              /home/laurence/ARM-GCC/gcc-arm-none-eabi-5_3-2016q1/bin/../lib/gcc/arm-none-eabi/5.3.1/../../../../arm-none-eabi/lib/armv7-m/libg_nano.a(lib_a-exit.o) (_global_impure_ptr)
/home/laurence/ARM-GCC/gcc-arm-none-eabi-5_3-2016q1/bin/../lib/gcc/arm-none-eabi/5.3.1/../../../../arm-none-eabi/lib/armv7-m/libg_nano.a(lib_a-init.o)
                              /home/laurence/ARM-GCC/gcc-arm-none-eabi-5_3-2016q1/bin/../lib/gcc/arm-none-eabi/5.3.1/../../../../arm-none-eabi/lib/armv7-m/crt0.o (__libc_init_array)
/home/laurence/ARM-GCC/gcc-arm-none-eabi-5_3-2016q1/bin/../lib/gcc/arm-none-eabi/5.3.1/../../../../arm-none-eabi/lib/armv7-m/libg_nano.a(lib_a-memset.o)
                              /home/laurence/ARM-GCC/gcc-arm-none-eabi-5_3-2016q1/bin/../lib/gcc/arm-none-eabi/5.3.1/../../../../arm-none-eabi/lib/armv7-m/crt0.o (memset)
/home/laurence/ARM-GCC/gcc-arm-none-eabi-5_3-2016q1/bin/../lib/gcc/arm-none-eabi/5.3.1/../../../../arm-none-eabi/lib/armv7-m/libnosys.a(_exit.o)
                              /home/laurence/ARM-GCC/gcc-arm-none-eabi-5_3-2016q1/bin/../lib/gcc/arm-none-eabi/5.3.1/../../../../arm-none-eabi/lib/armv7-m/libg_nano.a(lib_a-exit.o) (_exit)
/home/laurence/ARM-GCC/gcc-arm-none-eabi-5_3-2016q1/bin/../lib/gcc/arm-none-eabi/5.3.1/../../../../arm-none-eabi/lib/armv7-m/libm.a(lib_a-sf_cos.o)
                              /tmp/ccpcmP3I.ltrans4.ltrans.o (cosf)
[...]
Memory Configuration

Name             Origin             Length             Attributes
RAM              0x20000000         0x00005000         xrw
FLASH            0x08000000         0x00020000         xr
FLASHB1          0x00000000         0x00000000         xr
EXTMEMB0         0x00000000         0x00000000         xr
EXTMEMB1         0x00000000         0x00000000         xr
EXTMEMB2         0x00000000         0x00000000         xr
EXTMEMB3         0x00000000         0x00000000         xr
STARTFLASH       0x00000000         0xffffffff
CRPPATCH         0x00000000         0xffffffff
FLASHPATCH       0x00000000         0xffffffff
ENDFLASH         0x00000000         0xffffffff
*default*        0x00000000         0xffffffff

Linker script and memory map

LOAD /home/laurence/ARM-GCC/gcc-arm-none-eabi-5_3-2016q1/bin/../lib/gcc/arm-none-eabi/5.3.1/armv7-m/crti.o
LOAD /home/laurence/ARM-GCC/gcc-arm-none-eabi-5_3-2016q1/bin/../lib/gcc/arm-none-eabi/5.3.1/armv7-m/crtbegin.o
LOAD /home/laurence/ARM-GCC/gcc-arm-none-eabi-5_3-2016q1/bin/../lib/gcc/arm-none-eabi/5.3.1/../../../../arm-none-eabi/lib/armv7-m/crt0.o
LOAD Silabs/si446x.o
LOAD /tmp/ccpcmP3I.ltrans0.ltrans.o
LOAD /tmp/ccpcmP3I.ltrans1.ltrans.o
LOAD /tmp/ccpcmP3I.ltrans2.ltrans.o
LOAD /tmp/ccpcmP3I.ltrans3.ltrans.o
LOAD /tmp/ccpcmP3I.ltrans4.ltrans.o
LOAD /tmp/ccpcmP3I.ltrans5.ltrans.o
LOAD /tmp/ccpcmP3I.ltrans6.ltrans.o
LOAD /tmp/ccpcmP3I.ltrans7.ltrans.o
LOAD /tmp/ccpcmP3I.ltrans8.ltrans.o
LOAD /tmp/ccpcmP3I.ltrans9.ltrans.o
LOAD Ublox/ubx.o
LOAD Util/USB/hw_config.o
LOAD Util/USB/mass_mal.o
LOAD Util/USB/memory.o
LOAD Util/USB/scsi_data.o
LOAD Util/USB/usb_bot.o
LOAD Util/USB/usb_desc.o
LOAD Util/USB/usb_endp.o
LOAD Util/USB/usb_istr.o
LOAD Util/USB/usb_prop.o
LOAD Util/USB/usb_pwr.o
LOAD Util/USB/usb_scsi.o
LOAD Util/buffer.o
LOAD Util/crc.o
LOAD Util/delay.o
LOAD Util/fat_fs/option/ccsbcs.o
LOAD Util/fat_fs/src/fattime.o
LOAD Util/fat_fs/src/ff.o
LOAD Util/fat_fs/src/rtc.o
LOAD Util/fat_fs/src/sd_spi_stm32.o
LOAD Util/landing_estimator.o
LOAD Util/polygon.o
LOAD Util/rprintf.o
LOAD Util/thermistor.o
LOAD Util/wave.o
LOAD adc.o
LOAD dma.o
LOAD gpio.o
LOAD i2c_int.o
LOAD interrupts.o
LOAD lib/CMSIS_CM3/core_cm3.o
LOAD lib/CMSIS_CM3/startup/gcc/startup_stm32f10x_md.o
LOAD lib/CMSIS_CM3/system_stm32f10x.o
LOAD main.o
LOAD pwm.o
LOAD pwr.o
LOAD usart.o
LOAD watchdog.o
LOAD lib/STM32F10x_StdPeriph_Driver/libstm32fw.a
LOAD lib/STM32_USB-FS-Device_Driver/libstm32usb.a
LOAD /home/laurence/ARM-GCC/gcc-arm-none-eabi-5_3-2016q1/bin/../lib/gcc/arm-none-eabi/5.3.1/../../../../arm-none-eabi/lib/armv7-m/libm.a
LOAD /home/laurence/ARM-GCC/gcc-arm-none-eabi-5_3-2016q1/bin/../lib/gcc/arm-none-eabi/5.3.1/../../../../arm-none-eabi/lib/armv7-m/libnosys.a
START GROUP
LOAD /home/laurence/ARM-GCC/gcc-arm-none-eabi-5_3-2016q1/bin/../lib/gcc/arm-none-eabi/5.3.1/armv7-m/libgcc.a
LOAD /home/laurence/ARM-GCC/gcc-arm-none-eabi-5_3-2016q1/bin/../lib/gcc/arm-none-eabi/5.3.1/../../../../arm-none-eabi/lib/armv7-m/libg_nano.a
LOAD /home/laurence/ARM-GCC/gcc-arm-none-eabi-5_3-2016q1/bin/../lib/gcc/arm-none-eabi/5.3.1/../../../../arm-none-eabi/lib/armv7-m/libc_nano.a
END GROUP
START GROUP
LOAD /home/laurence/ARM-GCC/gcc-arm-none-eabi-5_3-2016q1/bin/../lib/gcc/arm-none-eabi/5.3.1/armv7-m/libgcc.a
LOAD /home/laurence/ARM-GCC/gcc-arm-none-eabi-5_3-2016q1/bin/../lib/gcc/arm-none-eabi/5.3.1/../../../../arm-none-eabi/lib/armv7-m/libc_nano.a
LOAD /home/laurence/ARM-GCC/gcc-arm-none-eabi-5_3-2016q1/bin/../lib/gcc/arm-none-eabi/5.3.1/../../../../arm-none-eabi/lib/armv7-m/libnosys.a
END GROUP
START GROUP
LOAD /home/laurence/ARM-GCC/gcc-arm-none-eabi-5_3-2016q1/bin/../lib/gcc/arm-none-eabi/5.3.1/armv7-m/libgcc.a
LOAD /home/laurence/ARM-GCC/gcc-arm-none-eabi-5_3-2016q1/bin/../lib/gcc/arm-none-eabi/5.3.1/../../../../arm-none-eabi/lib/armv7-m/libc_nano.a
LOAD /home/laurence/ARM-GCC/gcc-arm-none-eabi-5_3-2016q1/bin/../lib/gcc/arm-none-eabi/5.3.1/../../../../arm-none-eabi/lib/armv7-m/libnosys.a
END GROUP
LOAD /home/laurence/ARM-GCC/gcc-arm-none-eabi-5_3-2016q1/bin/../lib/gcc/arm-none-eabi/5.3.1/armv7-m/crtend.o
LOAD /home/laurence/ARM-GCC/gcc-arm-none-eabi-5_3-2016q1/bin/../lib/gcc/arm-none-eabi/5.3.1/armv7-m/crtn.o
                0x00002000                __Stack_Size = 0x2000
                [!provide]                PROVIDE (_Stack_Size, __Stack_Size)
                0x20003000                __Stack_Init = (_estack - __Stack_Size)
                [!provide]                PROVIDE (_Stack_Init, __Stack_Init)
                0x00002000                _Minimum_Stack_Size = 0x2000
                [!provide]                PROVIDE (Undefined_Handler, 0x0)
                [!provide]                PROVIDE (SWI_Handler, 0x0)
                [!provide]                PROVIDE (IRQ_Handler, 0x0)
                [!provide]                PROVIDE (Prefetch_Handler, 0x0)
                [!provide]                PROVIDE (Abort_Handler, 0x0)
                [!provide]                PROVIDE (FIQ_Handler, 0x0)
                [!provide]                PROVIDE (NMIException, 0x0)
                [!provide]                PROVIDE (NMI_Handler, 0x0)
                [!provide]                PROVIDE (HardFaultException, 0x0)
                [!provide]                PROVIDE (HardFault_Handler, 0x0)
                [!provide]                PROVIDE (MemManageException, 0x0)
                [!provide]                PROVIDE (MemManage_Handler, 0x0)
                [!provide]                PROVIDE (BusFaultException, 0x0)
                [!provide]                PROVIDE (BusFault_Handler, 0x0)
                [!provide]                PROVIDE (UsageFaultException, 0x0)
                [!provide]                PROVIDE (UsageFault_Handler, 0x0)
                [!provide]                PROVIDE (SVCHandler, 0x0)
                [!provide]                PROVIDE (SVC_Handler, 0x0)
                [!provide]                PROVIDE (DebugMonitor, 0x0)
                [!provide]                PROVIDE (DebugMon_Handler, 0x0)
                [!provide]                PROVIDE (PendSVC, 0x0)
                [!provide]                PROVIDE (PendSV_Handler, 0x0)
                [!provide]                PROVIDE (SysTickHandler, 0x0)
                [!provide]                PROVIDE (SysTick_Handler, 0x0)
                [!provide]                PROVIDE (WWDG_IRQHandler, 0x0)
                [!provide]                PROVIDE (PVD_IRQHandler, 0x0)
                [!provide]                PROVIDE (TAMPER_IRQHandler, 0x0)
                [!provide]                PROVIDE (RTC_IRQHandler, 0x0)
                [!provide]                PROVIDE (FLASH_IRQHandler, 0x0)
                [!provide]                PROVIDE (RCC_IRQHandler, 0x0)
                [!provide]                PROVIDE (EXTI0_IRQHandler, 0x0)
                [!provide]                PROVIDE (EXTI1_IRQHandler, 0x0)
                [!provide]                PROVIDE (EXTI2_IRQHandler, 0x0)
                [!provide]                PROVIDE (EXTI3_IRQHandler, 0x0)
                [!provide]                PROVIDE (EXTI4_IRQHandler, 0x0)
                [!provide]                PROVIDE (DMAChannel1_IRQHandler, 0x0)
                [!provide]                PROVIDE (DMAChannel2_IRQHandler, 0x0)
                [!provide]                PROVIDE (DMAChannel3_IRQHandler, 0x0)
                [!provide]                PROVIDE (DMAChannel4_IRQHandler, 0x0)
                [!provide]                PROVIDE (DMAChannel5_IRQHandler, 0x0)
                [!provide]                PROVIDE (DMAChannel6_IRQHandler, 0x0)
                [!provide]                PROVIDE (DMAChannel7_IRQHandler, 0x0)
                [!provide]                PROVIDE (DMA1_Channel1_IRQHandler, 0x0)
                [!provide]                PROVIDE (DMA1_Channel2_IRQHandler, 0x0)
                [!provide]                PROVIDE (DMA1_Channel3_IRQHandler, 0x0)
                [!provide]                PROVIDE (DMA1_Channel4_IRQHandler, 0x0)
                [!provide]                PROVIDE (DMA1_Channel5_IRQHandler, 0x0)
                [!provide]                PROVIDE (DMA1_Channel6_IRQHandler, 0x0)
                [!provide]                PROVIDE (DMA1_Channel7_IRQHandler, 0x0)
                [!provide]                PROVIDE (ADC_IRQHandler, 0x0)
                [!provide]                PROVIDE (ADC1_2_IRQHandler, 0x0)
                [!provide]                PROVIDE (USB_HP_CAN_TX_IRQHandler, 0x0)
                [!provide]                PROVIDE (USB_HP_CAN1_TX_IRQHandler, 0x0)
                [!provide]                PROVIDE (USB_LP_CAN_RX0_IRQHandler, 0x0)
                [!provide]                PROVIDE (USB_LP_CAN1_RX0_IRQHandler, 0x0)
                [!provide]                PROVIDE (CAN_RX1_IRQHandler, 0x0)
                [!provide]                PROVIDE (CAN1_RX1_IRQHandler, 0x0)
                [!provide]                PROVIDE (CAN_SCE_IRQHandler, 0x0)
                [!provide]                PROVIDE (CAN1_SCE_IRQHandler, 0x0)
                [!provide]                PROVIDE (EXTI9_5_IRQHandler, 0x0)
                [!provide]                PROVIDE (TIM1_BRK_IRQHandler, 0x0)
                [!provide]                PROVIDE (TIM1_UP_IRQHandler, 0x0)
                [!provide]                PROVIDE (TIM1_TRG_COM_IRQHandler, 0x0)
                [!provide]                PROVIDE (TIM1_CC_IRQHandler, 0x0)
                [!provide]                PROVIDE (TIM2_IRQHandler, 0x0)
                [!provide]                PROVIDE (TIM3_IRQHandler, 0x0)
                [!provide]                PROVIDE (TIM4_IRQHandler, 0x0)
                [!provide]                PROVIDE (I2C1_EV_IRQHandler, 0x0)
                [!provide]                PROVIDE (I2C1_ER_IRQHandler, 0x0)
                [!provide]                PROVIDE (I2C2_EV_IRQHandler, 0x0)
                [!provide]                PROVIDE (I2C2_ER_IRQHandler, 0x0)
                [!provide]                PROVIDE (SPI1_IRQHandler, 0x0)
                [!provide]                PROVIDE (SPI2_IRQHandler, 0x0)
                [!provide]                PROVIDE (USART1_IRQHandler, 0x0)
                [!provide]                PROVIDE (USART2_IRQHandler, 0x0)
                [!provide]                PROVIDE (USART3_IRQHandler, 0x0)
                [!provide]                PROVIDE (EXTI15_10_IRQHandler, 0x0)
                [!provide]                PROVIDE (RTCAlarm_IRQHandler, 0x0)
                [!provide]                PROVIDE (USBWakeUp_IRQHandler, 0x0)
                [!provide]                PROVIDE (TIM8_BRK_IRQHandler, 0x0)
                [!provide]                PROVIDE (TIM8_UP_IRQHandler, 0x0)
                [!provide]                PROVIDE (TIM8_TRG_COM_IRQHandler, 0x0)
                [!provide]                PROVIDE (TIM8_CC_IRQHandler, 0x0)
                [!provide]                PROVIDE (ADC3_IRQHandler, 0x0)
                [!provide]                PROVIDE (FSMC_IRQHandler, 0x0)
                [!provide]                PROVIDE (SDIO_IRQHandler, 0x0)
                [!provide]                PROVIDE (TIM5_IRQHandler, 0x0)
                [!provide]                PROVIDE (SPI3_IRQHandler, 0x0)
                [!provide]                PROVIDE (UART4_IRQHandler, 0x0)
                [!provide]                PROVIDE (UART5_IRQHandler, 0x0)
                [!provide]                PROVIDE (TIM6_IRQHandler, 0x0)
                [!provide]                PROVIDE (TIM7_IRQHandler, 0x0)
                [!provide]                PROVIDE (DMA2_Channel1_IRQHandler, 0x0)
                [!provide]                PROVIDE (DMA2_Channel2_IRQHandler, 0x0)
                [!provide]                PROVIDE (DMA2_Channel3_IRQHandler, 0x0)
                [!provide]                PROVIDE (DMA2_Channel4_5_IRQHandler, 0x0)
                0x42000000                PERIPH_BB_BASE = 0x42000000
                0x22000000                SRAM_BB_BASE = 0x22000000
                0x20000000                SRAM_BASE = 0x20000000
                0x40000000                PERIPH_BASE = 0x40000000
                [!provide]                PROVIDE (FLASH_BASE, 0x40022000)
                [!provide]                PROVIDE (OB_BASE, 0x1ffff800)
                0x40000000                APB1PERIPH_BASE = PERIPH_BASE
                0x40010000                APB2PERIPH_BASE = (PERIPH_BASE + 0x10000)
                0x40020000                AHBPERIPH_BASE = (PERIPH_BASE + 0x20000)
                [!provide]                PROVIDE (TIM2, (APB1PERIPH_BASE + 0x0))
                [!provide]                PROVIDE (TIM3, (APB1PERIPH_BASE + 0x400))
                [!provide]                PROVIDE (TIM4, (APB1PERIPH_BASE + 0x800))
                [!provide]                PROVIDE (RTC, (APB1PERIPH_BASE + 0x2800))
                [!provide]                PROVIDE (WWDG, (APB1PERIPH_BASE + 0x2c00))
                [!provide]                PROVIDE (IWDG, (APB1PERIPH_BASE + 0x3000))
                [!provide]                PROVIDE (SPI2, (APB1PERIPH_BASE + 0x3800))
                [!provide]                PROVIDE (USART2, (APB1PERIPH_BASE + 0x4400))
                [!provide]                PROVIDE (USART3, (APB1PERIPH_BASE + 0x4800))
                [!provide]                PROVIDE (I2C1, (APB1PERIPH_BASE + 0x5400))
                [!provide]                PROVIDE (I2C2, (APB1PERIPH_BASE + 0x5800))
                [!provide]                PROVIDE (CAN, (APB1PERIPH_BASE + 0x6400))
                [!provide]                PROVIDE (BKP, (APB1PERIPH_BASE + 0x6c00))
                [!provide]                PROVIDE (PWR, (APB1PERIPH_BASE + 0x7000))
                [!provide]                PROVIDE (AFIO, (APB2PERIPH_BASE + 0x0))
                [!provide]                PROVIDE (EXTI, (APB2PERIPH_BASE + 0x400))
                [!provide]                PROVIDE (GPIOA, (APB2PERIPH_BASE + 0x800))
                [!provide]                PROVIDE (GPIOB, (APB2PERIPH_BASE + 0xc00))
                [!provide]                PROVIDE (GPIOC, (APB2PERIPH_BASE + 0x1000))
                [!provide]                PROVIDE (GPIOD, (APB2PERIPH_BASE + 0x1400))
                [!provide]                PROVIDE (GPIOE, (APB2PERIPH_BASE + 0x1800))
                [!provide]                PROVIDE (ADC1, (APB2PERIPH_BASE + 0x2400))
                [!provide]                PROVIDE (ADC2, (APB2PERIPH_BASE + 0x2800))
                [!provide]                PROVIDE (TIM1, (APB2PERIPH_BASE + 0x2c00))
                [!provide]                PROVIDE (SPI1, (APB2PERIPH_BASE + 0x3000))
                [!provide]                PROVIDE (USART1, (APB2PERIPH_BASE + 0x3800))
                [!provide]                PROVIDE (DMA, (AHBPERIPH_BASE + 0x0))
                [!provide]                PROVIDE (DMA_Channel1, (AHBPERIPH_BASE + 0x8))
                [!provide]                PROVIDE (DMA_Channel2, (AHBPERIPH_BASE + 0x1c))
                [!provide]                PROVIDE (DMA_Channel3, (AHBPERIPH_BASE + 0x30))
                [!provide]                PROVIDE (DMA_Channel4, (AHBPERIPH_BASE + 0x44))
                [!provide]                PROVIDE (DMA_Channel5, (AHBPERIPH_BASE + 0x58))
                [!provide]                PROVIDE (DMA_Channel6, (AHBPERIPH_BASE + 0x6c))
                [!provide]                PROVIDE (DMA_Channel7, (AHBPERIPH_BASE + 0x80))
                [!provide]                PROVIDE (RCC, (AHBPERIPH_BASE + 0x1000))
                0xe000e000                SCS_BASE = 0xe000e000
                [!provide]                PROVIDE (SysTick, (SCS_BASE + 0x10))
                [!provide]                PROVIDE (NVIC, (SCS_BASE + 0x100))
                [!provide]                PROVIDE (SCB, (SCS_BASE + 0xd00))
                0x20005000                PROVIDE (_estack, (ORIGIN (RAM) + LENGTH (RAM)))

.isr_vector     0x08000000      0x10c
                0x08000000                . = ALIGN (0x4)
 *(.isr_vector)
 .isr_vector    0x08000000      0x10c lib/CMSIS_CM3/startup/gcc/startup_stm32f10x_md.o
                0x08000000                g_pfnVectors
                0x0800010c                . = ALIGN (0x4)

.flash_start    0x00000000        0x0
                0x00000000                . = ALIGN (0x4)
 *(.flash_start)
 *(.flash_start.*)
                0x00000000                . = ALIGN (0x4)

.crp_patch      0x00000000        0x0
                0x00000000                . = ALIGN (0x4)
 *(.crp_patch)
                0x00000000                . = ALIGN (0x4)

.flashtext      0x0800010c        0x0
                0x0800010c                . = ALIGN (0x4)
 *(.flashtext)
                0x0800010c                . = ALIGN (0x4)

.text           0x08000110     0xec1c
                0x08000110                . = ALIGN (0x4)
 *(.text)
 .text          0x08000110      0x370 /home/laurence/ARM-GCC/gcc-arm-none-eabi-5_3-2016q1/bin/../lib/gcc/arm-none-eabi/5.3.1/armv7-m/libgcc.a(_arm_addsubdf3.o)
                0x08000110                __aeabi_drsub
                0x08000118                __aeabi_dsub
                0x08000118                __subdf3
                0x0800011c                __adddf3
                0x0800011c                __aeabi_dadd
                0x08000394                __aeabi_ui2d
                0x08000394                __floatunsidf
                0x080003b4                __floatsidf
                0x080003b4                __aeabi_i2d
                0x080003d8                __extendsfdf2
                0x080003d8                __aeabi_f2d
                0x08000414                __aeabi_ul2d
                0x08000414                __floatundidf
                0x08000424                __floatdidf
                0x08000424                __aeabi_l2d
 .text          0x08000480      0x424 /home/laurence/ARM-GCC/gcc-arm-none-eabi-5_3-2016q1/bin/../lib/gcc/arm-none-eabi/5.3.1/armv7-m/libgcc.a(_arm_muldivdf3.o)
                0x08000480                __aeabi_dmul
                0x08000480                __muldf3
                0x080006d4                __aeabi_ddiv
                0x080006d4                __divdf3
 .text          0x080008a4      0x110 /home/laurence/ARM-GCC/gcc-arm-none-eabi-5_3-2016q1/bin/../lib/gcc/arm-none-eabi/5.3.1/armv7-m/libgcc.a(_arm_cmpdf2.o)
                0x080008a4                __gtdf2
                0x080008a4                __gedf2
                0x080008ac                __ltdf2
                0x080008ac                __ledf2
                0x080008b4                __cmpdf2
                0x080008b4                __eqdf2
                0x080008b4                __nedf2
                0x08000930                __aeabi_cdrcmple
                0x08000940                __aeabi_cdcmple
                0x08000940                __aeabi_cdcmpeq
                0x08000950                __aeabi_dcmpeq
                0x08000964                __aeabi_dcmplt
                0x08000978                __aeabi_dcmple
                0x0800098c                __aeabi_dcmpge
                0x080009a0                __aeabi_dcmpgt
 .text          0x080009b4       0x50 /home/laurence/ARM-GCC/gcc-arm-none-eabi-5_3-2016q1/bin/../lib/gcc/arm-none-eabi/5.3.1/armv7-m/libgcc.a(_arm_fixdfsi.o)
                0x080009b4                __fixdfsi
                0x080009b4                __aeabi_d2iz
 .text          0x08000a04       0x40 /home/laurence/ARM-GCC/gcc-arm-none-eabi-5_3-2016q1/bin/../lib/gcc/arm-none-eabi/5.3.1/armv7-m/libgcc.a(_arm_fixunsdfsi.o)
                0x08000a04                __fixunsdfsi
                0x08000a04                __aeabi_d2uiz
 .text          0x08000a44       0xa0 /home/laurence/ARM-GCC/gcc-arm-none-eabi-5_3-2016q1/bin/../lib/gcc/arm-none-eabi/5.3.1/armv7-m/libgcc.a(_arm_truncdfsf2.o)
                0x08000a44                __aeabi_d2f
                0x08000a44                __truncdfsf2
 .text          0x08000ae4      0x21c /home/laurence/ARM-GCC/gcc-arm-none-eabi-5_3-2016q1/bin/../lib/gcc/arm-none-eabi/5.3.1/armv7-m/libgcc.a(_arm_addsubsf3.o)
                0x08000ae4                __aeabi_frsub
                0x08000aec                __subsf3
                0x08000aec                __aeabi_fsub
                0x08000af0                __aeabi_fadd
                0x08000af0                __addsf3
                0x08000c50                __aeabi_ui2f
                0x08000c50                __floatunsisf
                0x08000c58                __aeabi_i2f
                0x08000c58                __floatsisf
                0x08000c74                __floatundisf
                0x08000c74                __aeabi_ul2f
                0x08000c84                __floatdisf
                0x08000c84                __aeabi_l2f
 .text          0x08000d00      0x2a0 /home/laurence/ARM-GCC/gcc-arm-none-eabi-5_3-2016q1/bin/../lib/gcc/arm-none-eabi/5.3.1/armv7-m/libgcc.a(_arm_muldivsf3.o)
                0x08000d00                __mulsf3
                0x08000d00                __aeabi_fmul
                0x08000e68                __divsf3
                0x08000e68                __aeabi_fdiv
 .text          0x08000fa0       0xec /home/laurence/ARM-GCC/gcc-arm-none-eabi-5_3-2016q1/bin/../lib/gcc/arm-none-eabi/5.3.1/armv7-m/libgcc.a(_arm_cmpsf2.o)
                0x08000fa0                __gtsf2
                0x08000fa0                __gesf2
                0x08000fa8                __lesf2
                0x08000fa8                __ltsf2
                0x08000fb0                __nesf2
                0x08000fb0                __eqsf2
                0x08000fb0                __cmpsf2
                0x08001010                __aeabi_cfrcmple
                0x08001018                __aeabi_cfcmple
                0x08001018                __aeabi_cfcmpeq
                0x08001028                __aeabi_fcmpeq
                0x0800103c                __aeabi_fcmplt
                0x08001050                __aeabi_fcmple
                0x08001064                __aeabi_fcmpge
                0x08001078                __aeabi_fcmpgt
 .text          0x0800108c       0x2c /home/laurence/ARM-GCC/gcc-arm-none-eabi-5_3-2016q1/bin/../lib/gcc/arm-none-eabi/5.3.1/armv7-m/libgcc.a(_arm_unordsf2.o)
                0x0800108c                __aeabi_fcmpun
                0x0800108c                __unordsf2
 .text          0x080010b8       0x4c /home/laurence/ARM-GCC/gcc-arm-none-eabi-5_3-2016q1/bin/../lib/gcc/arm-none-eabi/5.3.1/armv7-m/libgcc.a(_arm_fixsfsi.o)
                0x080010b8                __fixsfsi
                0x080010b8                __aeabi_f2iz
 .text          0x08001104       0x40 /home/laurence/ARM-GCC/gcc-arm-none-eabi-5_3-2016q1/bin/../lib/gcc/arm-none-eabi/5.3.1/armv7-m/libgcc.a(_arm_fixunssfsi.o)
                0x08001104                __aeabi_f2uiz
                0x08001104                __fixunssfsi
 .text          0x08001144       0x10 /home/laurence/ARM-GCC/gcc-arm-none-eabi-5_3-2016q1/bin/../lib/gcc/arm-none-eabi/5.3.1/../../../../arm-none-eabi/lib/armv7-m/libg_nano.a(lib_a-strlen.o)
                0x08001144                strlen
 *(.text.*)
 *fill*         0x08001154        0x4 
 .text.main     0x08001158     0x211c /tmp/ccpcmP3I.ltrans0.ltrans.o
                0x08001158                main
 .text.si446x_spi_state_machine
                0x08003274      0x2d8 /tmp/ccpcmP3I.ltrans1.ltrans.o
 .text.si446x_busy_wait_send_receive
                0x0800354c      0x100 /tmp/ccpcmP3I.ltrans1.ltrans.o
 .text.si446x_state_machine
                0x0800364c      0x4f8 /tmp/ccpcmP3I.ltrans1.ltrans.o
 .text.IntToUnicode.lto_priv.21
                0x08003b44       0x30 /tmp/ccpcmP3I.ltrans1.ltrans.o
                0x08003b44                IntToUnicode.lto_priv.21
 .text.Get_UBX_Ack
                0x08003b74      0x16c /tmp/ccpcmP3I.ltrans1.ltrans.o
                0x08003b74                Get_UBX_Ack
 .text.Gps_Process_Byte
                0x08003ce0      0x218 /tmp/ccpcmP3I.ltrans1.ltrans.o
                0x08003ce0                Gps_Process_Byte
 .text.EXTI15_10_IRQHandler
                0x08003ef8       0x4c /tmp/ccpcmP3I.ltrans1.ltrans.o
                0x08003ef8                EXTI15_10_IRQHandler
 .text.DMA1_Channel2_IRQHandler
                0x08003f44       0x50 /tmp/ccpcmP3I.ltrans1.ltrans.o
                0x08003f44                DMA1_Channel2_IRQHandler
 .text.USART3_IRQHandler
                0x08003f94       0xac /tmp/ccpcmP3I.ltrans1.ltrans.o
                0x08003f94                USART3_IRQHandler
 .text.EXTI0_IRQHandler
                0x08004040       0x44 /tmp/ccpcmP3I.ltrans1.ltrans.o
                0x08004040                EXTI0_IRQHandler
 .text.si446x_setup
                0x08004084      0x988 /tmp/ccpcmP3I.ltrans1.ltrans.o
                0x08004084                si446x_setup
 .text.get_from_silabs_buffer
                0x08004a0c       0x64 /tmp/ccpcmP3I.ltrans1.ltrans.o
                0x08004a0c                get_from_silabs_buffer
 .text.send_string_to_silabs
                0x08004a70       0x3c /tmp/ccpcmP3I.ltrans1.ltrans.o
                0x08004a70                send_string_to_silabs
 .text.Get_Max_Lun
                0x08004aac       0x18 /tmp/ccpcmP3I.ltrans2.ltrans.o
 .text.MASS_Get_Interface_Setting
                0x08004ac4       0x10 /tmp/ccpcmP3I.ltrans2.ltrans.o
                0x08004ac4                MASS_Get_Interface_Setting
 .text.MASS_Data_Setup
                0x08004ad4       0x4c /tmp/ccpcmP3I.ltrans2.ltrans.o
                0x08004ad4                MASS_Data_Setup
 .text.MASS_Status_Out
                0x08004b20        0x4 /tmp/ccpcmP3I.ltrans2.ltrans.o
                0x08004b20                MASS_Status_Out
 .text.MASS_Status_In
                0x08004b24        0x4 /tmp/ccpcmP3I.ltrans2.ltrans.o
                0x08004b24                MASS_Status_In
 .text.Mass_Storage_SetDeviceAddress
                0x08004b28        0xc /tmp/ccpcmP3I.ltrans2.ltrans.o
 .text.MASS_GetStringDescriptor
                0x08004b34       0x24 /tmp/ccpcmP3I.ltrans2.ltrans.o
                0x08004b34                MASS_GetStringDescriptor
 .text.MASS_GetConfigDescriptor
                0x08004b58       0x10 /tmp/ccpcmP3I.ltrans2.ltrans.o
                0x08004b58                MASS_GetConfigDescriptor
 .text.MASS_GetDeviceDescriptor
                0x08004b68       0x10 /tmp/ccpcmP3I.ltrans2.ltrans.o
                0x08004b68                MASS_GetDeviceDescriptor
 .text.MASS_NoData_Setup
                0x08004b78       0x58 /tmp/ccpcmP3I.ltrans2.ltrans.o
                0x08004b78                MASS_NoData_Setup
 .text.Mass_Storage_SetConfiguration
                0x08004bd0       0x30 /tmp/ccpcmP3I.ltrans2.ltrans.o
 .text.MASS_Reset
                0x08004c00       0xe0 /tmp/ccpcmP3I.ltrans2.ltrans.o
                0x08004c00                MASS_Reset
 .text.MASS_init
                0x08004ce0       0x74 /tmp/ccpcmP3I.ltrans2.ltrans.o
                0x08004ce0                MASS_init
 .text.Transfer_Data_Request
                0x08004d54       0x2c /tmp/ccpcmP3I.ltrans2.ltrans.o
 .text.Read_Memory
                0x08004d80      0x138 /tmp/ccpcmP3I.ltrans2.ltrans.o
 .text.MAL_GetStatus
                0x08004eb8       0x38 /tmp/ccpcmP3I.ltrans2.ltrans.o
 .text.Resume   0x08004ef0      0x12c /tmp/ccpcmP3I.ltrans2.ltrans.o
                0x08004ef0                Resume
 .text.Bot_Abort
                0x0800501c       0x38 /tmp/ccpcmP3I.ltrans2.ltrans.o
                0x0800501c                Bot_Abort
 .text.Mass_Storage_ClearFeature
                0x08005054       0x1c /tmp/ccpcmP3I.ltrans2.ltrans.o
 .text.Set_CSW  0x08005070       0x34 /tmp/ccpcmP3I.ltrans2.ltrans.o
                0x08005070                Set_CSW
 .text.SCSI_Write10_Cmd
                0x080050a4      0x148 /tmp/ccpcmP3I.ltrans2.ltrans.o
 .text.SCSI_Read10_Cmd
                0x080051ec       0x6c /tmp/ccpcmP3I.ltrans2.ltrans.o
 .text.EP2_OUT_Callback
                0x08005258      0x53c /tmp/ccpcmP3I.ltrans2.ltrans.o
 .text.EP1_IN_Callback
                0x08005794       0x60 /tmp/ccpcmP3I.ltrans2.ltrans.o
 .text.dir_find
                0x080057f4      0x1f4 /tmp/ccpcmP3I.ltrans3.ltrans.o
 .text.check_fs
                0x080059e8       0x90 /tmp/ccpcmP3I.ltrans3.ltrans.o
 .text.validate.lto_priv.14
                0x08005a78       0x3c /tmp/ccpcmP3I.ltrans3.ltrans.o
                0x08005a78                validate.lto_priv.14
 .text.chk_mounted.lto_priv.4
                0x08005ab4      0x360 /tmp/ccpcmP3I.ltrans3.ltrans.o
                0x08005ab4                chk_mounted.lto_priv.4
 .text.follow_path.lto_priv.3
                0x08005e14      0x5a0 /tmp/ccpcmP3I.ltrans3.ltrans.o
                0x08005e14                follow_path.lto_priv.3
 .text.f_open   0x080063b4      0x498 /tmp/ccpcmP3I.ltrans3.ltrans.o
                0x080063b4                f_open
 .text.wait_ready
                0x0800684c       0x24 /tmp/ccpcmP3I.ltrans4.ltrans.o
 .text.power_on
                0x08006870      0x104 /tmp/ccpcmP3I.ltrans4.ltrans.o
 .text.stm32_dma_transfer
                0x08006974       0xdc /tmp/ccpcmP3I.ltrans4.ltrans.o
 .text.xmit_datablock
                0x08006a50       0x4c /tmp/ccpcmP3I.ltrans4.ltrans.o
 .text.rprintfChar
                0x08006a9c       0x20 /tmp/ccpcmP3I.ltrans4.ltrans.o
                0x08006a9c                rprintfChar
 .text.initialise_landing_estimator
                0x08006abc       0xe4 /tmp/ccpcmP3I.ltrans4.ltrans.o
                0x08006abc                initialise_landing_estimator
 .text.correct_GPS_position
                0x08006ba0      0x1a8 /tmp/ccpcmP3I.ltrans4.ltrans.o
                0x08006ba0                correct_GPS_position
 .text.process_new_GPS
                0x08006d48      0x1dc /tmp/ccpcmP3I.ltrans4.ltrans.o
                0x08006d48                process_new_GPS
 .text.send_cmd.lto_priv.22
                0x08006f24       0xd8 /tmp/ccpcmP3I.ltrans4.ltrans.o
                0x08006f24                send_cmd.lto_priv.22
 .text.rcvr_datablock
                0x08006ffc       0x60 /tmp/ccpcmP3I.ltrans4.ltrans.o
                0x08006ffc                rcvr_datablock
 .text.release_spi
                0x0800705c       0x18 /tmp/ccpcmP3I.ltrans4.ltrans.o
                0x0800705c                release_spi
 .text.disk_ioctl
                0x08007074      0x2f4 /tmp/ccpcmP3I.ltrans4.ltrans.o
                0x08007074                disk_ioctl
 .text.disk_write
                0x08007368      0x220 /tmp/ccpcmP3I.ltrans4.ltrans.o
                0x08007368                disk_write
 .text.disk_read
                0x08007588      0x1a4 /tmp/ccpcmP3I.ltrans4.ltrans.o
                0x08007588                disk_read
 .text.disk_initialize
                0x0800772c      0x15c /tmp/ccpcmP3I.ltrans4.ltrans.o
                0x0800772c                disk_initialize
 .text.atoiRamRom
                0x08007888       0x34 /tmp/ccpcmP3I.ltrans5.ltrans.o
 .text.I2C1_ER_IRQHandler
                0x080078bc      0x170 /tmp/ccpcmP3I.ltrans5.ltrans.o
                0x080078bc                I2C1_ER_IRQHandler
 .text.I2C1_EV_IRQHandler
                0x08007a2c      0x6c8 /tmp/ccpcmP3I.ltrans5.ltrans.o
                0x08007a2c                I2C1_EV_IRQHandler
 .text.test_cutdown
                0x080080f4       0x68 /tmp/ccpcmP3I.ltrans5.ltrans.o
                0x080080f4                test_cutdown
 .text.rprintf2RamRom
                0x0800815c      0xb34 /tmp/ccpcmP3I.ltrans5.ltrans.o
                0x0800815c                rprintf2RamRom
 .text.stm32_spi_rw.lto_priv.11
                0x08008c90       0x24 /tmp/ccpcmP3I.ltrans6.ltrans.o
                0x08008c90                stm32_spi_rw.lto_priv.11
 .text.rcvr_spi.lto_priv.9
                0x08008cb4        0xc /tmp/ccpcmP3I.ltrans6.ltrans.o
                0x08008cb4                rcvr_spi.lto_priv.9
 .text.interface_speed.lto_priv.10
                0x08008cc0       0x2c /tmp/ccpcmP3I.ltrans6.ltrans.o
                0x08008cc0                interface_speed.lto_priv.10
 .text.counter_to_struct.lto_priv.2
                0x08008cec       0xf4 /tmp/ccpcmP3I.ltrans6.ltrans.o
                0x08008cec                counter_to_struct.lto_priv.2
 .text.isDST.lto_priv.1
                0x08008de0       0x38 /tmp/ccpcmP3I.ltrans6.ltrans.o
                0x08008de0                isDST.lto_priv.1
 .text.rtc_gettime
                0x08008e18       0x7c /tmp/ccpcmP3I.ltrans6.ltrans.o
                0x08008e18                rtc_gettime
 .text.f_truncate
                0x08008e94       0x98 /tmp/ccpcmP3I.ltrans6.ltrans.o
                0x08008e94                f_truncate
 .text.f_lseek  0x08008f2c      0x194 /tmp/ccpcmP3I.ltrans6.ltrans.o
                0x08008f2c                f_lseek
 .text.f_sync   0x080090c0      0x180 /tmp/ccpcmP3I.ltrans6.ltrans.o
                0x080090c0                f_sync
 .text.f_close  0x08009240       0x14 /tmp/ccpcmP3I.ltrans6.ltrans.o
                0x08009240                f_close
 .text.f_write  0x08009254      0x1e8 /tmp/ccpcmP3I.ltrans6.ltrans.o
                0x08009254                f_write
 .text.f_puts   0x0800943c       0x40 /tmp/ccpcmP3I.ltrans6.ltrans.o
                0x0800943c                f_puts
 .text.f_read   0x0800947c      0x1b4 /tmp/ccpcmP3I.ltrans6.ltrans.o
                0x0800947c                f_read
 .text.clust2sect
                0x08009630       0x1c /tmp/ccpcmP3I.ltrans7.ltrans.o
                0x08009630                clust2sect
 .text.move_window.lto_priv.16
                0x0800964c       0x7c /tmp/ccpcmP3I.ltrans7.ltrans.o
                0x0800964c                move_window.lto_priv.16
 .text.put_fat  0x080096c8      0x114 /tmp/ccpcmP3I.ltrans7.ltrans.o
                0x080096c8                put_fat
 .text.get_fat  0x080097dc       0xf4 /tmp/ccpcmP3I.ltrans7.ltrans.o
                0x080097dc                get_fat
 .text.dir_sdi.lto_priv.20
                0x080098d0       0x94 /tmp/ccpcmP3I.ltrans7.ltrans.o
                0x080098d0                dir_sdi.lto_priv.20
 .text.create_chain.lto_priv.15
                0x08009964       0xb0 /tmp/ccpcmP3I.ltrans7.ltrans.o
                0x08009964                create_chain.lto_priv.15
 .text.dir_next.lto_priv.19
                0x08009a14      0x134 /tmp/ccpcmP3I.ltrans7.ltrans.o
                0x08009a14                dir_next.lto_priv.19
 .text.remove_chain.lto_priv.13
                0x08009b48       0x64 /tmp/ccpcmP3I.ltrans7.ltrans.o
                0x08009b48                remove_chain.lto_priv.13
 .text.mem_cpy.lto_priv.17
                0x08009bac       0xa0 /tmp/ccpcmP3I.ltrans7.ltrans.o
                0x08009bac                mem_cpy.lto_priv.17
 .text.get_fattime
                0x08009c4c       0x44 /tmp/ccpcmP3I.ltrans7.ltrans.o
                0x08009c4c                get_fattime
 .text.ff_convert
                0x08009c90       0x38 /tmp/ccpcmP3I.ltrans7.ltrans.o
                0x08009c90                ff_convert
 .text.Delay    0x08009cc8       0x20 /tmp/ccpcmP3I.ltrans7.ltrans.o
                0x08009cc8                Delay
 .text.Pop_From_Dma_Buffer
                0x08009ce8       0x28 /tmp/ccpcmP3I.ltrans7.ltrans.o
                0x08009ce8                Pop_From_Dma_Buffer
 .text.Pop_From_Buffer
                0x08009d10       0x2c /tmp/ccpcmP3I.ltrans7.ltrans.o
                0x08009d10                Pop_From_Buffer
 .text.Add_To_Byte_Buffer
                0x08009d3c       0x58 /tmp/ccpcmP3I.ltrans7.ltrans.o
                0x08009d3c                Add_To_Byte_Buffer
 .text.Add_To_Buffer
                0x08009d94       0x5c /tmp/ccpcmP3I.ltrans7.ltrans.o
                0x08009d94                Add_To_Buffer
 .text.SCSI_Address_Management
                0x08009df0       0x7c /tmp/ccpcmP3I.ltrans7.ltrans.o
                0x08009df0                SCSI_Address_Management
 .text.SCSI_Invalid_Cmd
                0x08009e6c       0x44 /tmp/ccpcmP3I.ltrans7.ltrans.o
                0x08009e6c                SCSI_Invalid_Cmd
 .text.filterloop
                0x08009eb0      0x144 /tmp/ccpcmP3I.ltrans8.ltrans.o
 .text.NVIC_SystemReset.lto_priv.0
                0x08009ff4       0x1c /tmp/ccpcmP3I.ltrans8.ltrans.o
                0x08009ff4                NVIC_SystemReset.lto_priv.0
 .text.USB_LP_CAN1_RX0_IRQHandler
                0x0800a010      0x110 /tmp/ccpcmP3I.ltrans8.ltrans.o
                0x0800a010                USB_LP_CAN1_RX0_IRQHandler
 .text.USB_HP_CAN1_TX_IRQHandler
                0x0800a120        0x8 /tmp/ccpcmP3I.ltrans8.ltrans.o
                0x0800a120                USB_HP_CAN1_TX_IRQHandler
 .text.ADC1_2_IRQHandler
                0x0800a128       0x70 /tmp/ccpcmP3I.ltrans8.ltrans.o
                0x0800a128                ADC1_2_IRQHandler
 .text.I2C_Config
                0x0800a198      0x1b4 /tmp/ccpcmP3I.ltrans8.ltrans.o
                0x0800a198                I2C_Config
 .text.I2C1_Request_Job
                0x0800a34c       0x8c /tmp/ccpcmP3I.ltrans8.ltrans.o
                0x0800a34c                I2C1_Request_Job
 .text.SysTick_Handler
                0x0800a3d8      0x508 /tmp/ccpcmP3I.ltrans8.ltrans.o
                0x0800a3d8                SysTick_Handler
 .text.__gps_send_char
                0x0800a8e0       0x1c /tmp/ccpcmP3I.ltrans9.ltrans.o
 .text.__usart_send_char
                0x0800a8fc       0x1c /tmp/ccpcmP3I.ltrans9.ltrans.o
                0x0800a8fc                __usart_send_char
 .text.__fat_print_char
                0x0800a918       0x20 /tmp/ccpcmP3I.ltrans9.ltrans.o
                0x0800a918                __fat_print_char
 .text.__str_print_char
                0x0800a938       0x40 /tmp/ccpcmP3I.ltrans9.ltrans.o
                0x0800a938                __str_print_char
 .text.USART1_IRQHandler
                0x0800a978       0x30 /tmp/ccpcmP3I.ltrans9.ltrans.o
                0x0800a978                USART1_IRQHandler
 .text.Gps_Send_Str
                0x0800a9a8       0x18 /tmp/ccpcmP3I.ltrans9.ltrans.o
                0x0800a9a8                Gps_Send_Str
 .text.Gps_Send_Utf8
                0x0800a9c0       0x1c /tmp/ccpcmP3I.ltrans9.ltrans.o
                0x0800a9c0                Gps_Send_Utf8
 .text.Usart_Send_Str
                0x0800a9dc       0x18 /tmp/ccpcmP3I.ltrans9.ltrans.o
                0x0800a9dc                Usart_Send_Str
 .text.USART2_reconf
                0x0800a9f4       0x54 /tmp/ccpcmP3I.ltrans9.ltrans.o
                0x0800a9f4                USART2_reconf
 .text.shutdown_filesystem
                0x0800aa48      0x14c /tmp/ccpcmP3I.ltrans9.ltrans.o
                0x0800aa48                shutdown_filesystem
 .text.shutdown
                0x0800ab94       0x2c /tmp/ccpcmP3I.ltrans9.ltrans.o
                0x0800ab94                shutdown
 .text.file_preallocation_control
                0x0800abc0       0x34 /tmp/ccpcmP3I.ltrans9.ltrans.o
                0x0800abc0                file_preallocation_control
 .text.detect_sensors
                0x0800abf4       0x88 /tmp/ccpcmP3I.ltrans9.ltrans.o
                0x0800abf4                detect_sensors
 .text.Reset_Handler
                0x0800ac7c       0x40 lib/CMSIS_CM3/startup/gcc/startup_stm32f10x_md.o
                0x0800ac7c                Reset_Handler
 .text.Default_Handler
                0x0800acbc        0x2 lib/CMSIS_CM3/startup/gcc/startup_stm32f10x_md.o
                0x0800acbc                EXTI2_IRQHandler
                0x0800acbc                DebugMon_Handler
                0x0800acbc                TIM1_CC_IRQHandler
                0x0800acbc                HardFault_Handler
                0x0800acbc                PVD_IRQHandler
                0x0800acbc                PendSV_Handler
                0x0800acbc                NMI_Handler
                0x0800acbc                EXTI3_IRQHandler
                0x0800acbc                I2C2_EV_IRQHandler
                0x0800acbc                UsageFault_Handler
                0x0800acbc                SPI1_IRQHandler
                0x0800acbc                TAMPER_IRQHandler
                0x0800acbc                DMA1_Channel4_IRQHandler
                0x0800acbc                RTC_IRQHandler
                0x0800acbc                DMA1_Channel7_IRQHandler
                0x0800acbc                CAN1_RX1_IRQHandler
                0x0800acbc                TIM4_IRQHandler
                0x0800acbc                DMA1_Channel6_IRQHandler
                0x0800acbc                TIM3_IRQHandler
                0x0800acbc                RCC_IRQHandler
                0x0800acbc                TIM1_TRG_COM_IRQHandler
                0x0800acbc                DMA1_Channel1_IRQHandler
                0x0800acbc                Default_Handler
                0x0800acbc                EXTI9_5_IRQHandler
                0x0800acbc                SPI2_IRQHandler
                0x0800acbc                MemManage_Handler
                0x0800acbc                SVC_Handler
                0x0800acbc                DMA1_Channel5_IRQHandler
                0x0800acbc                EXTI4_IRQHandler
                0x0800acbc                DMA1_Channel3_IRQHandler
                0x0800acbc                TIM1_UP_IRQHandler
                0x0800acbc                WWDG_IRQHandler
                0x0800acbc                TIM2_IRQHandler
                0x0800acbc                TIM1_BRK_IRQHandler
                0x0800acbc                EXTI1_IRQHandler
                0x0800acbc                RTCAlarm_IRQHandler
                0x0800acbc                USART2_IRQHandler
                0x0800acbc                I2C2_ER_IRQHandler
                0x0800acbc                CAN1_SCE_IRQHandler
                0x0800acbc                FLASH_IRQHandler
                0x0800acbc                BusFault_Handler
                0x0800acbc                USBWakeUp_IRQHandler
 *fill*         0x0800acbe        0x2 
 .text.NVIC_PriorityGroupConfig
                0x0800acc0       0x14 lib/STM32F10x_StdPeriph_Driver/libstm32fw.a(misc.o)
                0x0800acc0                NVIC_PriorityGroupConfig
 .text.NVIC_Init
                0x0800acd4       0x6c lib/STM32F10x_StdPeriph_Driver/libstm32fw.a(misc.o)
                0x0800acd4                NVIC_Init
 .text.NVIC_SetVectorTable
                0x0800ad40       0x14 lib/STM32F10x_StdPeriph_Driver/libstm32fw.a(misc.o)
                0x0800ad40                NVIC_SetVectorTable
 .text.SysTick_CLKSourceConfig
                0x0800ad54       0x18 lib/STM32F10x_StdPeriph_Driver/libstm32fw.a(misc.o)
                0x0800ad54                SysTick_CLKSourceConfig
 .text.ADC_DeInit
                0x0800ad6c       0x60 lib/STM32F10x_StdPeriph_Driver/libstm32fw.a(stm32f10x_adc.o)
                0x0800ad6c                ADC_DeInit
 .text.ADC_Init
                0x0800adcc       0x48 lib/STM32F10x_StdPeriph_Driver/libstm32fw.a(stm32f10x_adc.o)
                0x0800adcc                ADC_Init
 .text.ADC_Cmd  0x0800ae14       0x12 lib/STM32F10x_StdPeriph_Driver/libstm32fw.a(stm32f10x_adc.o)
                0x0800ae14                ADC_Cmd
 .text.ADC_ResetCalibration
                0x0800ae26        0xa lib/STM32F10x_StdPeriph_Driver/libstm32fw.a(stm32f10x_adc.o)
                0x0800ae26                ADC_ResetCalibration
 .text.ADC_GetResetCalibrationStatus
                0x0800ae30        0x8 lib/STM32F10x_StdPeriph_Driver/libstm32fw.a(stm32f10x_adc.o)
                0x0800ae30                ADC_GetResetCalibrationStatus
 .text.ADC_StartCalibration
                0x0800ae38        0xa lib/STM32F10x_StdPeriph_Driver/libstm32fw.a(stm32f10x_adc.o)
                0x0800ae38                ADC_StartCalibration
 .text.ADC_GetCalibrationStatus
                0x0800ae42        0x8 lib/STM32F10x_StdPeriph_Driver/libstm32fw.a(stm32f10x_adc.o)
                0x0800ae42                ADC_GetCalibrationStatus
 .text.ADC_ExternalTrigInjectedConvConfig
                0x0800ae4a        0xc lib/STM32F10x_StdPeriph_Driver/libstm32fw.a(stm32f10x_adc.o)
                0x0800ae4a                ADC_ExternalTrigInjectedConvConfig
 .text.ADC_SoftwareStartInjectedConvCmd
                0x0800ae56       0x12 lib/STM32F10x_StdPeriph_Driver/libstm32fw.a(stm32f10x_adc.o)
                0x0800ae56                ADC_SoftwareStartInjectedConvCmd
 .text.ADC_InjectedChannelConfig
                0x0800ae68       0x58 lib/STM32F10x_StdPeriph_Driver/libstm32fw.a(stm32f10x_adc.o)
                0x0800ae68                ADC_InjectedChannelConfig
 .text.ADC_InjectedSequencerLengthConfig
                0x0800aec0       0x10 lib/STM32F10x_StdPeriph_Driver/libstm32fw.a(stm32f10x_adc.o)
                0x0800aec0                ADC_InjectedSequencerLengthConfig
 .text.ADC_GetInjectedConversionValue
                0x0800aed0       0x1a lib/STM32F10x_StdPeriph_Driver/libstm32fw.a(stm32f10x_adc.o)
                0x0800aed0                ADC_GetInjectedConversionValue
 .text.ADC_GetFlagStatus
                0x0800aeea        0xc lib/STM32F10x_StdPeriph_Driver/libstm32fw.a(stm32f10x_adc.o)
                0x0800aeea                ADC_GetFlagStatus
 .text.ADC_ClearFlag
                0x0800aef6        0x6 lib/STM32F10x_StdPeriph_Driver/libstm32fw.a(stm32f10x_adc.o)
                0x0800aef6                ADC_ClearFlag
 .text.ADC_GetITStatus
                0x0800aefc       0x16 lib/STM32F10x_StdPeriph_Driver/libstm32fw.a(stm32f10x_adc.o)
                0x0800aefc                ADC_GetITStatus
 .text.ADC_ClearITPendingBit
                0x0800af12        0x8 lib/STM32F10x_StdPeriph_Driver/libstm32fw.a(stm32f10x_adc.o)
                0x0800af12                ADC_ClearITPendingBit
 .text.BKP_DeInit
                0x0800af1a       0x12 lib/STM32F10x_StdPeriph_Driver/libstm32fw.a(stm32f10x_bkp.o)
                0x0800af1a                BKP_DeInit
 .text.BKP_RTCOutputConfig
                0x0800af2c       0x18 lib/STM32F10x_StdPeriph_Driver/libstm32fw.a(stm32f10x_bkp.o)
                0x0800af2c                BKP_RTCOutputConfig
 .text.BKP_SetRTCCalibrationValue
                0x0800af44       0x18 lib/STM32F10x_StdPeriph_Driver/libstm32fw.a(stm32f10x_bkp.o)
                0x0800af44                BKP_SetRTCCalibrationValue
 .text.BKP_WriteBackupRegister
                0x0800af5c       0x1c lib/STM32F10x_StdPeriph_Driver/libstm32fw.a(stm32f10x_bkp.o)
                0x0800af5c                BKP_WriteBackupRegister
 .text.BKP_ReadBackupRegister
                0x0800af78       0x20 lib/STM32F10x_StdPeriph_Driver/libstm32fw.a(stm32f10x_bkp.o)
                0x0800af78                BKP_ReadBackupRegister
 .text.DBGMCU_Config
                0x0800af98       0x18 lib/STM32F10x_StdPeriph_Driver/libstm32fw.a(stm32f10x_dbgmcu.o)
                0x0800af98                DBGMCU_Config
 .text.DMA_DeInit
                0x0800afb0       0xf0 lib/STM32F10x_StdPeriph_Driver/libstm32fw.a(stm32f10x_dma.o)
                0x0800afb0                DMA_DeInit
 .text.DMA_Init
                0x0800b0a0       0x3c lib/STM32F10x_StdPeriph_Driver/libstm32fw.a(stm32f10x_dma.o)
                0x0800b0a0                DMA_Init
 .text.DMA_Cmd  0x0800b0dc       0x12 lib/STM32F10x_StdPeriph_Driver/libstm32fw.a(stm32f10x_dma.o)
                0x0800b0dc                DMA_Cmd
 .text.DMA_ITConfig
                0x0800b0ee       0x10 lib/STM32F10x_StdPeriph_Driver/libstm32fw.a(stm32f10x_dma.o)
                0x0800b0ee                DMA_ITConfig
 .text.DMA_GetCurrDataCounter
                0x0800b0fe        0x6 lib/STM32F10x_StdPeriph_Driver/libstm32fw.a(stm32f10x_dma.o)
                0x0800b0fe                DMA_GetCurrDataCounter
 .text.DMA_GetITStatus
                0x0800b104       0x1c lib/STM32F10x_StdPeriph_Driver/libstm32fw.a(stm32f10x_dma.o)
                0x0800b104                DMA_GetITStatus
 .text.DMA_GetFlagStatus
                0x0800b120        0x4 lib/STM32F10x_StdPeriph_Driver/libstm32fw.a(stm32f10x_dma.o)
                0x0800b120                DMA_GetFlagStatus
 .text.DMA_ClearITPendingBit
                0x0800b124       0x14 lib/STM32F10x_StdPeriph_Driver/libstm32fw.a(stm32f10x_dma.o)
                0x0800b124                DMA_ClearITPendingBit
 .text.DMA_ClearFlag
                0x0800b138        0x4 lib/STM32F10x_StdPeriph_Driver/libstm32fw.a(stm32f10x_dma.o)
                0x0800b138                DMA_ClearFlag
 .text.EXTI_DeInit
                0x0800b13c       0x1c lib/STM32F10x_StdPeriph_Driver/libstm32fw.a(stm32f10x_exti.o)
                0x0800b13c                EXTI_DeInit
 .text.EXTI_Init
                0x0800b158       0x84 lib/STM32F10x_StdPeriph_Driver/libstm32fw.a(stm32f10x_exti.o)
                0x0800b158                EXTI_Init
 .text.EXTI_GetITStatus
                0x0800b1dc       0x1c lib/STM32F10x_StdPeriph_Driver/libstm32fw.a(stm32f10x_exti.o)
                0x0800b1dc                EXTI_GetITStatus
 .text.EXTI_ClearITPendingBit
                0x0800b1f8        0xc lib/STM32F10x_StdPeriph_Driver/libstm32fw.a(stm32f10x_exti.o)
                0x0800b1f8                EXTI_ClearITPendingBit
 .text.GPIO_Init
                0x0800b204       0x9c lib/STM32F10x_StdPeriph_Driver/libstm32fw.a(stm32f10x_gpio.o)
                0x0800b204                GPIO_Init
 .text.GPIO_StructInit
                0x0800b2a0       0x10 lib/STM32F10x_StdPeriph_Driver/libstm32fw.a(stm32f10x_gpio.o)
                0x0800b2a0                GPIO_StructInit
 .text.GPIO_ReadInputDataBit
                0x0800b2b0        0xc lib/STM32F10x_StdPeriph_Driver/libstm32fw.a(stm32f10x_gpio.o)
                0x0800b2b0                GPIO_ReadInputDataBit
 .text.GPIO_SetBits
                0x0800b2bc        0x4 lib/STM32F10x_StdPeriph_Driver/libstm32fw.a(stm32f10x_gpio.o)
                0x0800b2bc                GPIO_SetBits
 .text.GPIO_ResetBits
                0x0800b2c0        0x4 lib/STM32F10x_StdPeriph_Driver/libstm32fw.a(stm32f10x_gpio.o)
                0x0800b2c0                GPIO_ResetBits
 .text.GPIO_WriteBit
                0x0800b2c4        0xa lib/STM32F10x_StdPeriph_Driver/libstm32fw.a(stm32f10x_gpio.o)
                0x0800b2c4                GPIO_WriteBit
 *fill*         0x0800b2ce        0x2 
 .text.GPIO_PinRemapConfig
                0x0800b2d0       0x54 lib/STM32F10x_StdPeriph_Driver/libstm32fw.a(stm32f10x_gpio.o)
                0x0800b2d0                GPIO_PinRemapConfig
 .text.GPIO_EXTILineConfig
                0x0800b324       0x2a lib/STM32F10x_StdPeriph_Driver/libstm32fw.a(stm32f10x_gpio.o)
                0x0800b324                GPIO_EXTILineConfig
 *fill*         0x0800b34e        0x2 
 .text.I2C_DeInit
                0x0800b350       0x34 lib/STM32F10x_StdPeriph_Driver/libstm32fw.a(stm32f10x_i2c.o)
                0x0800b350                I2C_DeInit
 .text.I2C_Init
                0x0800b384       0xd4 lib/STM32F10x_StdPeriph_Driver/libstm32fw.a(stm32f10x_i2c.o)
                0x0800b384                I2C_Init
 .text.I2C_Cmd  0x0800b458       0x18 lib/STM32F10x_StdPeriph_Driver/libstm32fw.a(stm32f10x_i2c.o)
                0x0800b458                I2C_Cmd
 .text.I2C_GenerateSTART
                0x0800b470       0x18 lib/STM32F10x_StdPeriph_Driver/libstm32fw.a(stm32f10x_i2c.o)
                0x0800b470                I2C_GenerateSTART
 .text.I2C_GenerateSTOP
                0x0800b488       0x18 lib/STM32F10x_StdPeriph_Driver/libstm32fw.a(stm32f10x_i2c.o)
                0x0800b488                I2C_GenerateSTOP
 .text.I2C_AcknowledgeConfig
                0x0800b4a0       0x18 lib/STM32F10x_StdPeriph_Driver/libstm32fw.a(stm32f10x_i2c.o)
                0x0800b4a0                I2C_AcknowledgeConfig
 .text.I2C_ITConfig
                0x0800b4b8       0x12 lib/STM32F10x_StdPeriph_Driver/libstm32fw.a(stm32f10x_i2c.o)
                0x0800b4b8                I2C_ITConfig
 .text.I2C_SendData
                0x0800b4ca        0x4 lib/STM32F10x_StdPeriph_Driver/libstm32fw.a(stm32f10x_i2c.o)
                0x0800b4ca                I2C_SendData
 .text.I2C_ReceiveData
                0x0800b4ce        0x6 lib/STM32F10x_StdPeriph_Driver/libstm32fw.a(stm32f10x_i2c.o)
                0x0800b4ce                I2C_ReceiveData
 .text.I2C_Send7bitAddress
                0x0800b4d4       0x12 lib/STM32F10x_StdPeriph_Driver/libstm32fw.a(stm32f10x_i2c.o)
                0x0800b4d4                I2C_Send7bitAddress
 .text.I2C_SoftwareResetCmd
                0x0800b4e6       0x18 lib/STM32F10x_StdPeriph_Driver/libstm32fw.a(stm32f10x_i2c.o)
                0x0800b4e6                I2C_SoftwareResetCmd
 *fill*         0x0800b4fe        0x2 
 .text.IWDG_WriteAccessCmd
                0x0800b500        0xc lib/STM32F10x_StdPeriph_Driver/libstm32fw.a(stm32f10x_iwdg.o)
                0x0800b500                IWDG_WriteAccessCmd
 .text.IWDG_SetPrescaler
                0x0800b50c        0xc lib/STM32F10x_StdPeriph_Driver/libstm32fw.a(stm32f10x_iwdg.o)
                0x0800b50c                IWDG_SetPrescaler
 .text.IWDG_SetReload
                0x0800b518        0xc lib/STM32F10x_StdPeriph_Driver/libstm32fw.a(stm32f10x_iwdg.o)
                0x0800b518                IWDG_SetReload
 .text.IWDG_ReloadCounter
                0x0800b524       0x10 lib/STM32F10x_StdPeriph_Driver/libstm32fw.a(stm32f10x_iwdg.o)
                0x0800b524                IWDG_ReloadCounter
 .text.IWDG_Enable
                0x0800b534       0x10 lib/STM32F10x_StdPeriph_Driver/libstm32fw.a(stm32f10x_iwdg.o)
                0x0800b534                IWDG_Enable
 .text.PWR_DeInit
                0x0800b544       0x1a lib/STM32F10x_StdPeriph_Driver/libstm32fw.a(stm32f10x_pwr.o)
                0x0800b544                PWR_DeInit
 *fill*         0x0800b55e        0x2 
 .text.PWR_BackupAccessCmd
                0x0800b560        0xc lib/STM32F10x_StdPeriph_Driver/libstm32fw.a(stm32f10x_pwr.o)
                0x0800b560                PWR_BackupAccessCmd
 .text.PWR_WakeUpPinCmd
                0x0800b56c        0xc lib/STM32F10x_StdPeriph_Driver/libstm32fw.a(stm32f10x_pwr.o)
                0x0800b56c                PWR_WakeUpPinCmd
 .text.PWR_EnterSTANDBYMode
                0x0800b578       0x28 lib/STM32F10x_StdPeriph_Driver/libstm32fw.a(stm32f10x_pwr.o)
                0x0800b578                PWR_EnterSTANDBYMode
 .text.RCC_HCLKConfig
                0x0800b5a0       0x14 lib/STM32F10x_StdPeriph_Driver/libstm32fw.a(stm32f10x_rcc.o)
                0x0800b5a0                RCC_HCLKConfig
 .text.RCC_USBCLKConfig
                0x0800b5b4        0xc lib/STM32F10x_StdPeriph_Driver/libstm32fw.a(stm32f10x_rcc.o)
                0x0800b5b4                RCC_USBCLKConfig
 .text.RCC_ADCCLKConfig
                0x0800b5c0       0x14 lib/STM32F10x_StdPeriph_Driver/libstm32fw.a(stm32f10x_rcc.o)
                0x0800b5c0                RCC_ADCCLKConfig
 .text.RCC_LSEConfig
                0x0800b5d4       0x20 lib/STM32F10x_StdPeriph_Driver/libstm32fw.a(stm32f10x_rcc.o)
                0x0800b5d4                RCC_LSEConfig
 .text.RCC_RTCCLKConfig
                0x0800b5f4       0x10 lib/STM32F10x_StdPeriph_Driver/libstm32fw.a(stm32f10x_rcc.o)
                0x0800b5f4                RCC_RTCCLKConfig
 .text.RCC_RTCCLKCmd
                0x0800b604        0xc lib/STM32F10x_StdPeriph_Driver/libstm32fw.a(stm32f10x_rcc.o)
                0x0800b604                RCC_RTCCLKCmd
 .text.RCC_GetClocksFreq
                0x0800b610       0x94 lib/STM32F10x_StdPeriph_Driver/libstm32fw.a(stm32f10x_rcc.o)
                0x0800b610                RCC_GetClocksFreq
 .text.RCC_AHBPeriphClockCmd
                0x0800b6a4       0x18 lib/STM32F10x_StdPeriph_Driver/libstm32fw.a(stm32f10x_rcc.o)
                0x0800b6a4                RCC_AHBPeriphClockCmd
 .text.RCC_APB2PeriphClockCmd
                0x0800b6bc       0x18 lib/STM32F10x_StdPeriph_Driver/libstm32fw.a(stm32f10x_rcc.o)
                0x0800b6bc                RCC_APB2PeriphClockCmd
 .text.RCC_APB1PeriphClockCmd
                0x0800b6d4       0x18 lib/STM32F10x_StdPeriph_Driver/libstm32fw.a(stm32f10x_rcc.o)
                0x0800b6d4                RCC_APB1PeriphClockCmd
 .text.RCC_APB2PeriphResetCmd
                0x0800b6ec       0x18 lib/STM32F10x_StdPeriph_Driver/libstm32fw.a(stm32f10x_rcc.o)
                0x0800b6ec                RCC_APB2PeriphResetCmd
 .text.RCC_APB1PeriphResetCmd
                0x0800b704       0x18 lib/STM32F10x_StdPeriph_Driver/libstm32fw.a(stm32f10x_rcc.o)
                0x0800b704                RCC_APB1PeriphResetCmd
 .text.RCC_BackupResetCmd
                0x0800b71c        0xc lib/STM32F10x_StdPeriph_Driver/libstm32fw.a(stm32f10x_rcc.o)
                0x0800b71c                RCC_BackupResetCmd
 .text.RCC_GetFlagStatus
                0x0800b728       0x28 lib/STM32F10x_StdPeriph_Driver/libstm32fw.a(stm32f10x_rcc.o)
                0x0800b728                RCC_GetFlagStatus
 .text.RTC_EnterConfigMode
                0x0800b750       0x14 lib/STM32F10x_StdPeriph_Driver/libstm32fw.a(stm32f10x_rtc.o)
                0x0800b750                RTC_EnterConfigMode
 .text.RTC_ExitConfigMode
                0x0800b764       0x14 lib/STM32F10x_StdPeriph_Driver/libstm32fw.a(stm32f10x_rtc.o)
                0x0800b764                RTC_ExitConfigMode
 .text.RTC_GetCounter
                0x0800b778       0x14 lib/STM32F10x_StdPeriph_Driver/libstm32fw.a(stm32f10x_rtc.o)
                0x0800b778                RTC_GetCounter
 .text.RTC_SetCounter
                0x0800b78c       0x1c lib/STM32F10x_StdPeriph_Driver/libstm32fw.a(stm32f10x_rtc.o)
                0x0800b78c                RTC_SetCounter
 .text.RTC_SetPrescaler
                0x0800b7a8       0x20 lib/STM32F10x_StdPeriph_Driver/libstm32fw.a(stm32f10x_rtc.o)
                0x0800b7a8                RTC_SetPrescaler
 .text.RTC_WaitForLastTask
                0x0800b7c8       0x10 lib/STM32F10x_StdPeriph_Driver/libstm32fw.a(stm32f10x_rtc.o)
                0x0800b7c8                RTC_WaitForLastTask
 .text.RTC_WaitForSynchro
                0x0800b7d8       0x1c lib/STM32F10x_StdPeriph_Driver/libstm32fw.a(stm32f10x_rtc.o)
                0x0800b7d8                RTC_WaitForSynchro
 .text.SPI_I2S_DeInit
                0x0800b7f4       0x64 lib/STM32F10x_StdPeriph_Driver/libstm32fw.a(stm32f10x_spi.o)
                0x0800b7f4                SPI_I2S_DeInit
 .text.SPI_Init
                0x0800b858       0x3e lib/STM32F10x_StdPeriph_Driver/libstm32fw.a(stm32f10x_spi.o)
                0x0800b858                SPI_Init
 .text.SPI_StructInit
                0x0800b896       0x18 lib/STM32F10x_StdPeriph_Driver/libstm32fw.a(stm32f10x_spi.o)
                0x0800b896                SPI_StructInit
 .text.SPI_Cmd  0x0800b8ae       0x18 lib/STM32F10x_StdPeriph_Driver/libstm32fw.a(stm32f10x_spi.o)
                0x0800b8ae                SPI_Cmd
 .text.SPI_I2S_DMACmd
                0x0800b8c6       0x12 lib/STM32F10x_StdPeriph_Driver/libstm32fw.a(stm32f10x_spi.o)
                0x0800b8c6                SPI_I2S_DMACmd
 .text.SPI_I2S_SendData
                0x0800b8d8        0x4 lib/STM32F10x_StdPeriph_Driver/libstm32fw.a(stm32f10x_spi.o)
                0x0800b8d8                SPI_I2S_SendData
 .text.SPI_I2S_ReceiveData
                0x0800b8dc        0x6 lib/STM32F10x_StdPeriph_Driver/libstm32fw.a(stm32f10x_spi.o)
                0x0800b8dc                SPI_I2S_ReceiveData
 .text.SPI_CalculateCRC
                0x0800b8e2       0x18 lib/STM32F10x_StdPeriph_Driver/libstm32fw.a(stm32f10x_spi.o)
                0x0800b8e2                SPI_CalculateCRC
 .text.SPI_I2S_GetFlagStatus
                0x0800b8fa        0xc lib/STM32F10x_StdPeriph_Driver/libstm32fw.a(stm32f10x_spi.o)
                0x0800b8fa                SPI_I2S_GetFlagStatus
 *fill*         0x0800b906        0x2 
 .text.USART_DeInit
                0x0800b908       0x9c lib/STM32F10x_StdPeriph_Driver/libstm32fw.a(stm32f10x_usart.o)
                0x0800b908                USART_DeInit
 .text.USART_Init
                0x0800b9a4       0x88 lib/STM32F10x_StdPeriph_Driver/libstm32fw.a(stm32f10x_usart.o)
                0x0800b9a4                USART_Init
 .text.USART_Cmd
                0x0800ba2c       0x18 lib/STM32F10x_StdPeriph_Driver/libstm32fw.a(stm32f10x_usart.o)
                0x0800ba2c                USART_Cmd
 .text.USART_ITConfig
                0x0800ba44       0x30 lib/STM32F10x_StdPeriph_Driver/libstm32fw.a(stm32f10x_usart.o)
                0x0800ba44                USART_ITConfig
 .text.USART_DMACmd
                0x0800ba74       0x12 lib/STM32F10x_StdPeriph_Driver/libstm32fw.a(stm32f10x_usart.o)
                0x0800ba74                USART_DMACmd
 .text.USART_SendData
                0x0800ba86        0x8 lib/STM32F10x_StdPeriph_Driver/libstm32fw.a(stm32f10x_usart.o)
                0x0800ba86                USART_SendData
 .text.USART_ReceiveData
                0x0800ba8e        0x8 lib/STM32F10x_StdPeriph_Driver/libstm32fw.a(stm32f10x_usart.o)
                0x0800ba8e                USART_ReceiveData
 .text.USART_GetFlagStatus
                0x0800ba96        0xc lib/STM32F10x_StdPeriph_Driver/libstm32fw.a(stm32f10x_usart.o)
                0x0800ba96                USART_GetFlagStatus
 .text.USART_GetITStatus
                0x0800baa2       0x40 lib/STM32F10x_StdPeriph_Driver/libstm32fw.a(stm32f10x_usart.o)
                0x0800baa2                USART_GetITStatus
 .text.USART_ClearITPendingBit
                0x0800bae2       0x10 lib/STM32F10x_StdPeriph_Driver/libstm32fw.a(stm32f10x_usart.o)
                0x0800bae2                USART_ClearITPendingBit
 *fill*         0x0800baf2        0x2 
 .text.Standard_GetConfiguration
                0x0800baf4       0x24 lib/STM32_USB-FS-Device_Driver/libstm32usb.a(usb_core.o)
                0x0800baf4                Standard_GetConfiguration
 .text.Standard_GetInterface
                0x0800bb18       0x24 lib/STM32_USB-FS-Device_Driver/libstm32usb.a(usb_core.o)
                0x0800bb18                Standard_GetInterface
 .text.Standard_GetStatus
                0x0800bb3c       0x90 lib/STM32_USB-FS-Device_Driver/libstm32usb.a(usb_core.o)
                0x0800bb3c                Standard_GetStatus
 .text.DataStageIn
                0x0800bbcc       0xac lib/STM32_USB-FS-Device_Driver/libstm32usb.a(usb_core.o)
 .text.Standard_SetConfiguration
                0x0800bc78       0x38 lib/STM32_USB-FS-Device_Driver/libstm32usb.a(usb_core.o)
                0x0800bc78                Standard_SetConfiguration
 .text.Standard_SetInterface
                0x0800bcb0       0x48 lib/STM32_USB-FS-Device_Driver/libstm32usb.a(usb_core.o)
                0x0800bcb0                Standard_SetInterface
 .text.Standard_ClearFeature
                0x0800bcf8       0xd8 lib/STM32_USB-FS-Device_Driver/libstm32usb.a(usb_core.o)
                0x0800bcf8                Standard_ClearFeature
 .text.Standard_SetEndPointFeature
                0x0800bdd0       0x8c lib/STM32_USB-FS-Device_Driver/libstm32usb.a(usb_core.o)
                0x0800bdd0                Standard_SetEndPointFeature
 .text.Standard_SetDeviceFeature
                0x0800be5c       0x24 lib/STM32_USB-FS-Device_Driver/libstm32usb.a(usb_core.o)
                0x0800be5c                Standard_SetDeviceFeature
 .text.Standard_GetDescriptorData
                0x0800be80       0x1c lib/STM32_USB-FS-Device_Driver/libstm32usb.a(usb_core.o)
                0x0800be80                Standard_GetDescriptorData
 .text.Post0_Process
                0x0800be9c       0x40 lib/STM32_USB-FS-Device_Driver/libstm32usb.a(usb_core.o)
                0x0800be9c                Post0_Process
 .text.Setup0_Process
                0x0800bedc      0x300 lib/STM32_USB-FS-Device_Driver/libstm32usb.a(usb_core.o)
                0x0800bedc                Setup0_Process
 .text.Out0_Process
                0x0800c1dc       0xcc lib/STM32_USB-FS-Device_Driver/libstm32usb.a(usb_core.o)
                0x0800c1dc                Out0_Process
 .text.SetDeviceAddress
                0x0800c2a8       0x40 lib/STM32_USB-FS-Device_Driver/libstm32usb.a(usb_core.o)
                0x0800c2a8                SetDeviceAddress
 .text.In0_Process
                0x0800c2e8       0x5c lib/STM32_USB-FS-Device_Driver/libstm32usb.a(usb_core.o)
                0x0800c2e8                In0_Process
 .text.NOP_Process
                0x0800c344        0x2 lib/STM32_USB-FS-Device_Driver/libstm32usb.a(usb_core.o)
                0x0800c344                NOP_Process
 *fill*         0x0800c346        0x2 
 .text.USB_Init
                0x0800c348       0x34 lib/STM32_USB-FS-Device_Driver/libstm32usb.a(usb_init.o)
                0x0800c348                USB_Init
 .text.CTR_LP   0x0800c37c      0x17c lib/STM32_USB-FS-Device_Driver/libstm32usb.a(usb_int.o)
                0x0800c37c                CTR_LP
 .text.CTR_HP   0x0800c4f8       0x74 lib/STM32_USB-FS-Device_Driver/libstm32usb.a(usb_int.o)
                0x0800c4f8                CTR_HP
 .text.UserToPMABufferCopy
                0x0800c56c       0x24 lib/STM32_USB-FS-Device_Driver/libstm32usb.a(usb_mem.o)
                0x0800c56c                UserToPMABufferCopy
 .text.PMAToUserBufferCopy
                0x0800c590       0x24 lib/STM32_USB-FS-Device_Driver/libstm32usb.a(usb_mem.o)
                0x0800c590                PMAToUserBufferCopy
 .text.SetBTABLE
                0x0800c5b4       0x10 lib/STM32_USB-FS-Device_Driver/libstm32usb.a(usb_regs.o)
                0x0800c5b4                SetBTABLE
 .text.SetEPType
                0x0800c5c4       0x1c lib/STM32_USB-FS-Device_Driver/libstm32usb.a(usb_regs.o)
                0x0800c5c4                SetEPType
 .text.SetEPTxStatus
                0x0800c5e0       0x32 lib/STM32_USB-FS-Device_Driver/libstm32usb.a(usb_regs.o)
                0x0800c5e0                SetEPTxStatus
 .text.SetEPRxStatus
                0x0800c612       0x32 lib/STM32_USB-FS-Device_Driver/libstm32usb.a(usb_regs.o)
                0x0800c612                SetEPRxStatus
 .text.SetEPRxValid
                0x0800c644       0x26 lib/STM32_USB-FS-Device_Driver/libstm32usb.a(usb_regs.o)
                0x0800c644                SetEPRxValid
 .text.ClearEPDoubleBuff
                0x0800c66a       0x20 lib/STM32_USB-FS-Device_Driver/libstm32usb.a(usb_regs.o)
                0x0800c66a                ClearEPDoubleBuff
 .text.Clear_Status_Out
                0x0800c68a        0x4 lib/STM32_USB-FS-Device_Driver/libstm32usb.a(usb_regs.o)
                0x0800c68a                Clear_Status_Out
 .text.ClearDTOG_RX
                0x0800c68e       0x24 lib/STM32_USB-FS-Device_Driver/libstm32usb.a(usb_regs.o)
                0x0800c68e                ClearDTOG_RX
 .text.ClearDTOG_TX
                0x0800c6b2       0x24 lib/STM32_USB-FS-Device_Driver/libstm32usb.a(usb_regs.o)
                0x0800c6b2                ClearDTOG_TX
 *fill*         0x0800c6d6        0x2 
 .text.SetEPTxCount
                0x0800c6d8       0x1c lib/STM32_USB-FS-Device_Driver/libstm32usb.a(usb_regs.o)
                0x0800c6d8                SetEPTxCount
 .text.SetEPRxCount
                0x0800c6f4       0x40 lib/STM32_USB-FS-Device_Driver/libstm32usb.a(usb_regs.o)
                0x0800c6f4                SetEPRxCount
 .text.SetEPDblBuf0Addr
                0x0800c734       0x20 lib/STM32_USB-FS-Device_Driver/libstm32usb.a(usb_regs.o)
                0x0800c734                SetEPDblBuf0Addr
 .text.SetEPTxAddr
                0x0800c754        0x4 lib/STM32_USB-FS-Device_Driver/libstm32usb.a(usb_regs.o)
                0x0800c754                SetEPTxAddr
 .text.SetEPDblBuf1Addr
                0x0800c758       0x20 lib/STM32_USB-FS-Device_Driver/libstm32usb.a(usb_regs.o)
                0x0800c758                SetEPDblBuf1Addr
 .text.SetEPRxAddr
                0x0800c778        0x4 lib/STM32_USB-FS-Device_Driver/libstm32usb.a(usb_regs.o)
                0x0800c778                SetEPRxAddr
 .text.GetEPDblBuf0Addr
                0x0800c77c       0x20 lib/STM32_USB-FS-Device_Driver/libstm32usb.a(usb_regs.o)
                0x0800c77c                GetEPDblBuf0Addr
 .text.GetEPTxAddr
                0x0800c79c        0x4 lib/STM32_USB-FS-Device_Driver/libstm32usb.a(usb_regs.o)
                0x0800c79c                GetEPTxAddr
 .text.GetEPDblBuf1Addr
                0x0800c7a0       0x20 lib/STM32_USB-FS-Device_Driver/libstm32usb.a(usb_regs.o)
                0x0800c7a0                GetEPDblBuf1Addr
 .text.GetEPRxAddr
                0x0800c7c0        0x4 lib/STM32_USB-FS-Device_Driver/libstm32usb.a(usb_regs.o)
                0x0800c7c0                GetEPRxAddr
 .text.GetEPDblBuf1Count
                0x0800c7c4       0x20 lib/STM32_USB-FS-Device_Driver/libstm32usb.a(usb_regs.o)
                0x0800c7c4                GetEPDblBuf1Count
 .text.GetEPRxCount
                0x0800c7e4        0x4 lib/STM32_USB-FS-Device_Driver/libstm32usb.a(usb_regs.o)
                0x0800c7e4                GetEPRxCount
 .text.ByteSwap
                0x0800c7e8        0xa lib/STM32_USB-FS-Device_Driver/libstm32usb.a(usb_regs.o)
                0x0800c7e8                ByteSwap
 *fill*         0x0800c7f2        0x2 
 .text.USB_SIL_Init
                0x0800c7f4       0x20 lib/STM32_USB-FS-Device_Driver/libstm32usb.a(usb_sil.o)
                0x0800c7f4                USB_SIL_Init
 .text.USB_SIL_Write
                0x0800c814       0x28 lib/STM32_USB-FS-Device_Driver/libstm32usb.a(usb_sil.o)
                0x0800c814                USB_SIL_Write
 .text.USB_SIL_Read
                0x0800c83c       0x24 lib/STM32_USB-FS-Device_Driver/libstm32usb.a(usb_sil.o)
                0x0800c83c                USB_SIL_Read
 .text.memset   0x0800c860       0x10 /home/laurence/ARM-GCC/gcc-arm-none-eabi-5_3-2016q1/bin/../lib/gcc/arm-none-eabi/5.3.1/../../../../arm-none-eabi/lib/armv7-m/libg_nano.a(lib_a-memset.o)
                0x0800c860                memset
 .text.cosf     0x0800c870       0x78 /home/laurence/ARM-GCC/gcc-arm-none-eabi-5_3-2016q1/bin/../lib/gcc/arm-none-eabi/5.3.1/../../../../arm-none-eabi/lib/armv7-m/libm.a(lib_a-sf_cos.o)
                0x0800c870                cosf
 .text.logf     0x0800c8e8       0xe8 /home/laurence/ARM-GCC/gcc-arm-none-eabi-5_3-2016q1/bin/../lib/gcc/arm-none-eabi/5.3.1/../../../../arm-none-eabi/lib/armv7-m/libm.a(lib_a-wf_log.o)
                0x0800c8e8                logf
 .text.__ieee754_logf
                0x0800c9d0      0x284 /home/laurence/ARM-GCC/gcc-arm-none-eabi-5_3-2016q1/bin/../lib/gcc/arm-none-eabi/5.3.1/../../../../arm-none-eabi/lib/armv7-m/libm.a(lib_a-ef_log.o)
                0x0800c9d0                __ieee754_logf
 .text.__ieee754_rem_pio2f
                0x0800cc54      0x2e4 /home/laurence/ARM-GCC/gcc-arm-none-eabi-5_3-2016q1/bin/../lib/gcc/arm-none-eabi/5.3.1/../../../../arm-none-eabi/lib/armv7-m/libm.a(lib_a-ef_rem_pio2.o)
                0x0800cc54                __ieee754_rem_pio2f
 .text.__kernel_cosf
                0x0800cf38      0x188 /home/laurence/ARM-GCC/gcc-arm-none-eabi-5_3-2016q1/bin/../lib/gcc/arm-none-eabi/5.3.1/../../../../arm-none-eabi/lib/armv7-m/libm.a(lib_a-kf_cos.o)
                0x0800cf38                __kernel_cosf
 .text.__kernel_rem_pio2f
                0x0800d0c0      0x6a8 /home/laurence/ARM-GCC/gcc-arm-none-eabi-5_3-2016q1/bin/../lib/gcc/arm-none-eabi/5.3.1/../../../../arm-none-eabi/lib/armv7-m/libm.a(lib_a-kf_rem_pio2.o)
                0x0800d0c0                __kernel_rem_pio2f
 .text.__kernel_sinf
                0x0800d768       0xec /home/laurence/ARM-GCC/gcc-arm-none-eabi-5_3-2016q1/bin/../lib/gcc/arm-none-eabi/5.3.1/../../../../arm-none-eabi/lib/armv7-m/libm.a(lib_a-kf_sin.o)
                0x0800d768                __kernel_sinf
 .text.matherr  0x0800d854        0x4 /home/laurence/ARM-GCC/gcc-arm-none-eabi-5_3-2016q1/bin/../lib/gcc/arm-none-eabi/5.3.1/../../../../arm-none-eabi/lib/armv7-m/libm.a(lib_a-s_matherr.o)
                0x0800d854                matherr
 .text.nan      0x0800d858        0xc /home/laurence/ARM-GCC/gcc-arm-none-eabi-5_3-2016q1/bin/../lib/gcc/arm-none-eabi/5.3.1/../../../../arm-none-eabi/lib/armv7-m/libm.a(lib_a-s_nan.o)
                0x0800d858                nan
 .text.fabsf    0x0800d864        0x8 /home/laurence/ARM-GCC/gcc-arm-none-eabi-5_3-2016q1/bin/../lib/gcc/arm-none-eabi/5.3.1/../../../../arm-none-eabi/lib/armv7-m/libm.a(lib_a-sf_fabs.o)
                0x0800d864                fabsf
 .text.floorf   0x0800d86c       0x8c /home/laurence/ARM-GCC/gcc-arm-none-eabi-5_3-2016q1/bin/../lib/gcc/arm-none-eabi/5.3.1/../../../../arm-none-eabi/lib/armv7-m/libm.a(lib_a-sf_floor.o)
                0x0800d86c                floorf
 .text.scalbnf  0x0800d8f8       0xb0 /home/laurence/ARM-GCC/gcc-arm-none-eabi-5_3-2016q1/bin/../lib/gcc/arm-none-eabi/5.3.1/../../../../arm-none-eabi/lib/armv7-m/libm.a(lib_a-sf_scalbn.o)
                0x0800d8f8                scalbnf
 .text.copysignf
                0x0800d9a8        0xc /home/laurence/ARM-GCC/gcc-arm-none-eabi-5_3-2016q1/bin/../lib/gcc/arm-none-eabi/5.3.1/../../../../arm-none-eabi/lib/armv7-m/libm.a(lib_a-sf_copysign.o)
                0x0800d9a8                copysignf
 .text.__errno  0x0800d9b4        0xc /home/laurence/ARM-GCC/gcc-arm-none-eabi-5_3-2016q1/bin/../lib/gcc/arm-none-eabi/5.3.1/../../../../arm-none-eabi/lib/armv7-m/libg_nano.a(lib_a-errno.o)
                0x0800d9b4                __errno
 .text.malloc   0x0800d9c0       0x10 /home/laurence/ARM-GCC/gcc-arm-none-eabi-5_3-2016q1/bin/../lib/gcc/arm-none-eabi/5.3.1/../../../../arm-none-eabi/lib/armv7-m/libg_nano.a(lib_a-malloc.o)
                0x0800d9c0                malloc
 .text.memcmp   0x0800d9d0       0x1e /home/laurence/ARM-GCC/gcc-arm-none-eabi-5_3-2016q1/bin/../lib/gcc/arm-none-eabi/5.3.1/../../../../arm-none-eabi/lib/armv7-m/libg_nano.a(lib_a-memcmp.o)
                0x0800d9d0                memcmp
 .text.memcpy   0x0800d9ee       0x16 /home/laurence/ARM-GCC/gcc-arm-none-eabi-5_3-2016q1/bin/../lib/gcc/arm-none-eabi/5.3.1/../../../../arm-none-eabi/lib/armv7-m/libg_nano.a(lib_a-memcpy-stub.o)
                0x0800d9ee                memcpy
 .text._malloc_r
                0x0800da04       0xa8 /home/laurence/ARM-GCC/gcc-arm-none-eabi-5_3-2016q1/bin/../lib/gcc/arm-none-eabi/5.3.1/../../../../arm-none-eabi/lib/armv7-m/libg_nano.a(lib_a-nano-mallocr.o)
                0x0800da04                _malloc_r
 .text._sbrk_r  0x0800daac       0x20 /home/laurence/ARM-GCC/gcc-arm-none-eabi-5_3-2016q1/bin/../lib/gcc/arm-none-eabi/5.3.1/../../../../arm-none-eabi/lib/armv7-m/libg_nano.a(lib_a-sbrkr.o)
                0x0800daac                _sbrk_r
 .text.strchr   0x0800dacc       0x1c /home/laurence/ARM-GCC/gcc-arm-none-eabi-5_3-2016q1/bin/../lib/gcc/arm-none-eabi/5.3.1/../../../../arm-none-eabi/lib/armv7-m/libg_nano.a(lib_a-strchr.o)
                0x0800dacc                strchr
 .text.strncmp  0x0800dae8       0x2a /home/laurence/ARM-GCC/gcc-arm-none-eabi-5_3-2016q1/bin/../lib/gcc/arm-none-eabi/5.3.1/../../../../arm-none-eabi/lib/armv7-m/libg_nano.a(lib_a-strncmp.o)
                0x0800dae8                strncmp
 .text.strncpy  0x0800db12       0x26 /home/laurence/ARM-GCC/gcc-arm-none-eabi-5_3-2016q1/bin/../lib/gcc/arm-none-eabi/5.3.1/../../../../arm-none-eabi/lib/armv7-m/libg_nano.a(lib_a-strncpy.o)
                0x0800db12                strncpy
 .text._sbrk    0x0800db38       0x1c /home/laurence/ARM-GCC/gcc-arm-none-eabi-5_3-2016q1/bin/../lib/gcc/arm-none-eabi/5.3.1/../../../../arm-none-eabi/lib/armv7-m/libnosys.a(sbrk.o)
                0x0800db38                _sbrk
 *(.rodata)
 .rodata        0x0800db54      0x175 /tmp/ccpcmP3I.ltrans0.ltrans.o
                0x0800dc3c                DaysInMonth.lto_priv.12
 *fill*         0x0800dcc9        0x3 
 .rodata        0x0800dccc       0xe7 /tmp/ccpcmP3I.ltrans1.ltrans.o
 *fill*         0x0800ddb3        0x1 
 .rodata        0x0800ddb4       0xac /tmp/ccpcmP3I.ltrans2.ltrans.o
 .rodata        0x0800de60      0x450 /tmp/ccpcmP3I.ltrans3.ltrans.o
 .rodata        0x0800e2b0       0x64 /tmp/ccpcmP3I.ltrans4.ltrans.o
 .rodata        0x0800e314      0x100 /tmp/ccpcmP3I.ltrans7.ltrans.o
 *(.rodata*)
 .rodata.str1.4
                0x0800e414      0x48f /tmp/ccpcmP3I.ltrans0.ltrans.o
 *fill*         0x0800e8a3        0x1 
 .rodata.str1.4
                0x0800e8a4       0x13 /tmp/ccpcmP3I.ltrans3.ltrans.o
 *fill*         0x0800e8b7        0x1 
 .rodata.str1.4
                0x0800e8b8        0x6 /tmp/ccpcmP3I.ltrans5.ltrans.o
 *fill*         0x0800e8be        0x2 
 .rodata.str1.4
                0x0800e8c0       0x79 /tmp/ccpcmP3I.ltrans9.ltrans.o
 .rodata.str1.1
                0x0800e939        0x2 /home/laurence/ARM-GCC/gcc-arm-none-eabi-5_3-2016q1/bin/../lib/gcc/arm-none-eabi/5.3.1/../../../../arm-none-eabi/lib/armv7-m/libg_nano.a(lib_a-impure.o)
 *fill*         0x0800e93b        0x1 
 .rodata.str1.4
                0x0800e93c        0x8 /home/laurence/ARM-GCC/gcc-arm-none-eabi-5_3-2016q1/bin/../lib/gcc/arm-none-eabi/5.3.1/../../../../arm-none-eabi/lib/armv7-m/libm.a(lib_a-wf_log.o)
                                  0x9 (size before relaxing)
 .rodata.npio2_hw
                0x0800e944       0x80 /home/laurence/ARM-GCC/gcc-arm-none-eabi-5_3-2016q1/bin/../lib/gcc/arm-none-eabi/5.3.1/../../../../arm-none-eabi/lib/armv7-m/libm.a(lib_a-ef_rem_pio2.o)
 .rodata.two_over_pi
                0x0800e9c4      0x318 /home/laurence/ARM-GCC/gcc-arm-none-eabi-5_3-2016q1/bin/../lib/gcc/arm-none-eabi/5.3.1/../../../../arm-none-eabi/lib/armv7-m/libm.a(lib_a-ef_rem_pio2.o)
 .rodata.init_jk
                0x0800ecdc        0xc /home/laurence/ARM-GCC/gcc-arm-none-eabi-5_3-2016q1/bin/../lib/gcc/arm-none-eabi/5.3.1/../../../../arm-none-eabi/lib/armv7-m/libm.a(lib_a-kf_rem_pio2.o)
 .rodata.PIo2   0x0800ece8       0x2c /home/laurence/ARM-GCC/gcc-arm-none-eabi-5_3-2016q1/bin/../lib/gcc/arm-none-eabi/5.3.1/../../../../arm-none-eabi/lib/armv7-m/libm.a(lib_a-kf_rem_pio2.o)
 *(.glue_7)
 .glue_7        0x0800ed14        0x0 linker stubs
 *(.glue_7t)
 .glue_7t       0x0800ed14        0x0 linker stubs
 *(.init)
 .init          0x0800ed14        0x4 /home/laurence/ARM-GCC/gcc-arm-none-eabi-5_3-2016q1/bin/../lib/gcc/arm-none-eabi/5.3.1/armv7-m/crti.o
                0x0800ed14                _init
 .init          0x0800ed18        0x8 /home/laurence/ARM-GCC/gcc-arm-none-eabi-5_3-2016q1/bin/../lib/gcc/arm-none-eabi/5.3.1/armv7-m/crtn.o
 *(.fini)
 .fini          0x0800ed20        0x4 /home/laurence/ARM-GCC/gcc-arm-none-eabi-5_3-2016q1/bin/../lib/gcc/arm-none-eabi/5.3.1/armv7-m/crti.o
                0x0800ed20                _fini
 .fini          0x0800ed24        0x8 /home/laurence/ARM-GCC/gcc-arm-none-eabi-5_3-2016q1/bin/../lib/gcc/arm-none-eabi/5.3.1/armv7-m/crtn.o
                0x0800ed2c                . = ALIGN (0x4)
                0x0800ed2c                _etext = .
                0x0800ed2c                _sidata = _etext

.vfp11_veneer   0x0800ed2c        0x0
 .vfp11_veneer  0x0800ed2c        0x0 linker stubs

.v4_bx          0x0800ed2c        0x0
 .v4_bx         0x0800ed2c        0x0 linker stubs

.iplt           0x0800ed2c        0x0
 .iplt          0x0800ed2c        0x0 /home/laurence/ARM-GCC/gcc-arm-none-eabi-5_3-2016q1/bin/../lib/gcc/arm-none-eabi/5.3.1/armv7-m/crtbegin.o

.rel.dyn        0x0800ed2c        0x0
 .rel.iplt      0x0800ed2c        0x0 /home/laurence/ARM-GCC/gcc-arm-none-eabi-5_3-2016q1/bin/../lib/gcc/arm-none-eabi/5.3.1/armv7-m/crtbegin.o

.flashpatch     0x00000000        0x0
                0x00000000                . = ALIGN (0x4)
 *(.flashpatch)
                0x00000000                . = ALIGN (0x4)

.endflash       0x00000000        0x0
                0x00000000                . = ALIGN (0x4)
 *(.endflash)
                0x00000000                . = ALIGN (0x4)
                0x00000000                _e_endflash = .

.data           0x20000000      0x234 load address 0x0800ed2c
                0x20000000                . = ALIGN (0x4)
                0x20000000                _sdata = .
                0x20000000                _data = .
 *(.data)
 .data          0x20000000        0x5 /tmp/ccpcmP3I.ltrans0.ltrans.o
                0x20000000                Silabs_Header
 *fill*         0x20000005        0x3 
 .data          0x20000008        0x6 /tmp/ccpcmP3I.ltrans1.ltrans.o
                0x2000000c                Device_Table
 *fill*         0x2000000e        0x2 
 .data          0x20000010      0x110 /tmp/ccpcmP3I.ltrans2.ltrans.o
                0x200000c4                pEpInt_IN
                0x200000e0                pEpInt_OUT
                0x200000fc                User_Standard_Requests
 .data          0x20000120        0x8 /tmp/ccpcmP3I.ltrans4.ltrans.o
 .data          0x20000128       0x12 /tmp/ccpcmP3I.ltrans7.ltrans.o
                0x20000128                Scsi_Sense_Data
 *fill*         0x2000013a        0x2 
 .data          0x2000013c       0x79 /tmp/ccpcmP3I.ltrans8.ltrans.o
                0x2000013c                Device_Property
                0x20000170                I2C_jobs
                0x20000190                Stat.lto_priv.6
 *(.data.*)
 .data.ADCPrescTable
                0x200001b5        0x4 lib/STM32F10x_StdPeriph_Driver/libstm32fw.a(stm32f10x_rcc.o)
 .data.APBAHBPrescTable
                0x200001b9       0x10 lib/STM32F10x_StdPeriph_Driver/libstm32fw.a(stm32f10x_rcc.o)
 *fill*         0x200001c9        0x3 
 .data.impure_data
                0x200001cc       0x60 /home/laurence/ARM-GCC/gcc-arm-none-eabi-5_3-2016q1/bin/../lib/gcc/arm-none-eabi/5.3.1/../../../../arm-none-eabi/lib/armv7-m/libg_nano.a(lib_a-impure.o)
 .data._impure_ptr
                0x2000022c        0x4 /home/laurence/ARM-GCC/gcc-arm-none-eabi-5_3-2016q1/bin/../lib/gcc/arm-none-eabi/5.3.1/../../../../arm-none-eabi/lib/armv7-m/libg_nano.a(lib_a-impure.o)
                0x2000022c                _impure_ptr
 .data.__fdlib_version
                0x20000230        0x1 /home/laurence/ARM-GCC/gcc-arm-none-eabi-5_3-2016q1/bin/../lib/gcc/arm-none-eabi/5.3.1/../../../../arm-none-eabi/lib/armv7-m/libm.a(lib_a-s_lib_ver.o)
                0x20000230                __fdlib_version
 *(.RAMtext)
                0x20000234                . = ALIGN (0x4)
 *fill*         0x20000231        0x3 
                0x20000234                _edata = .
                0x0800ef60                _eidata = (_sidata + (_edata - _sdata))
                0x08020000                _lastdataromaddress = (ORIGIN (FLASH) + LENGTH (FLASH))
                0x00000000                toobig = (_eidata > _lastdataromaddress)?!!!!!!!!! FLASH IS FULL !!!!!!!!!:0x0

.igot.plt       0x20000234        0x0 load address 0x0800ef60
 .igot.plt      0x20000234        0x0 /home/laurence/ARM-GCC/gcc-arm-none-eabi-5_3-2016q1/bin/../lib/gcc/arm-none-eabi/5.3.1/armv7-m/crtbegin.o

.bss            0x20000238      0xf6c load address 0x0800ef68
                0x20000238                . = ALIGN (0x4)
                0x20000238                _sbss = .
                0x20000238                _bss = .
 *(.bss)
 .bss           0x20000238      0x70e /tmp/ccpcmP3I.ltrans0.ltrans.o
                0x20000680                bootsource
                0x20000684                Gps_Buffer
                0x20000690                rputchar.lto_priv.5
                0x20000694                Status
                0x20000698                Data_Buffer
                0x2000069c                bDeviceState
                0x200006a0                Battery_Voltage
                0x200006a4                FatFs.lto_priv.18
                0x200008da                Silabs_driver_state
                0x2000090f                System_state_Global
                0x20000910                Shutdown_System
                0x20000911                Ignition_Selftest
                0x20000914                CTS_Low.lto_priv.23
                0x20000918                Silabs_Tx_Buffer
                0x20000924                Gyro_XY_Rate
                0x20000928                Gyro_Z_Rate
                0x2000092c                AutoSequence
                0x20000934                I2C1error
                0x20000938                L3GD20_Data_Buffer
                0x20000940                Temperature
                0x20000944                Gyro_Temperature
                0x20000945                Last_RSSI
 *fill*         0x20000946        0x2 
 .bss           0x20000948       0x90 /tmp/ccpcmP3I.ltrans1.ltrans.o
 .bss           0x200009d8       0x94 /tmp/ccpcmP3I.ltrans2.ltrans.o
 .bss           0x20000a6c        0x2 /tmp/ccpcmP3I.ltrans3.ltrans.o
 *fill*         0x20000a6e        0x2 
 .bss           0x20000a70       0x13 /tmp/ccpcmP3I.ltrans4.ltrans.o
                0x20000a70                Sd_Spi_Called_From_USB_MSC
 *fill*         0x20000a83        0x1 
 .bss           0x20000a84       0x84 /tmp/ccpcmP3I.ltrans5.ltrans.o
 .bss           0x20000b08       0x30 /tmp/ccpcmP3I.ltrans7.ltrans.o
                0x20000b08                Mass_Block_Count
                0x20000b10                CBW
                0x20000b30                Mass_Block_Size
 .bss           0x20000b38       0x91 /tmp/ccpcmP3I.ltrans8.ltrans.o
                0x20000b38                wIstr
                0x20000b3c                Timer1.lto_priv.7
                0x20000b40                Timer2.lto_priv.8
 *fill*         0x20000bc9        0x3 
 .bss           0x20000bcc      0x588 /tmp/ccpcmP3I.ltrans9.ltrans.o
                0x20000bd0                FATFS_logfile
                0x20000df4                print_string
                0x20000ef4                Usart1_rx_buff
                0x20000f00                FATFS_wavfile_gyro
                0x20001124                Millis
                0x20001128                Jobs
                0x2000112c                Completed_Jobs
                0x20001130                Gyro_x_buffer
                0x2000113c                Gyro_y_buffer
                0x20001148                Gyro_z_buffer
 *(.bss.*)
 .bss.Data_Mul_MaxPacketSize
                0x20001154        0x1 lib/STM32_USB-FS-Device_Driver/libstm32usb.a(usb_core.o)
                0x20001154                Data_Mul_MaxPacketSize
 *fill*         0x20001155        0x3 
 .bss.__malloc_sbrk_start
                0x20001158        0x4 /home/laurence/ARM-GCC/gcc-arm-none-eabi-5_3-2016q1/bin/../lib/gcc/arm-none-eabi/5.3.1/../../../../arm-none-eabi/lib/armv7-m/libg_nano.a(lib_a-nano-mallocr.o)
                0x20001158                __malloc_sbrk_start
 .bss.__malloc_free_list
                0x2000115c        0x4 /home/laurence/ARM-GCC/gcc-arm-none-eabi-5_3-2016q1/bin/../lib/gcc/arm-none-eabi/5.3.1/../../../../arm-none-eabi/lib/armv7-m/libg_nano.a(lib_a-nano-mallocr.o)
                0x2000115c                __malloc_free_list
 .bss.heap_end.4167
                0x20001160        0x4 /home/laurence/ARM-GCC/gcc-arm-none-eabi-5_3-2016q1/bin/../lib/gcc/arm-none-eabi/5.3.1/../../../../arm-none-eabi/lib/armv7-m/libnosys.a(sbrk.o)
 *(COMMON)
 COMMON         0x20001164        0x2 lib/STM32_USB-FS-Device_Driver/libstm32usb.a(usb_core.o)
                0x20001164                StatusInfo
 *fill*         0x20001166        0x2 
 COMMON         0x20001168       0x32 lib/STM32_USB-FS-Device_Driver/libstm32usb.a(usb_init.o)
                0x20001168                SaveState
                0x2000116c                pProperty
                0x20001170                EPindex
                0x20001174                Device_Info
                0x20001190                pUser_Standard_Requests
                0x20001194                pInformation
                0x20001198                wInterrupt_Mask
 COMMON         0x2000119a        0x4 lib/STM32_USB-FS-Device_Driver/libstm32usb.a(usb_int.o)
                0x2000119a                SaveRState
                0x2000119c                SaveTState
 *fill*         0x2000119e        0x2 
 COMMON         0x200011a0        0x4 /home/laurence/ARM-GCC/gcc-arm-none-eabi-5_3-2016q1/bin/../lib/gcc/arm-none-eabi/5.3.1/../../../../arm-none-eabi/lib/armv7-m/libg_nano.a(lib_a-reent.o)
                0x200011a0                errno
                0x200011a4                . = ALIGN (0x4)
                0x200011a4                _ebss = .
                0x200011a4                PROVIDE (end, _ebss)
                [!provide]                PROVIDE (_end, _ebss)

._usrstack      0x200011a4     0x2000 load address 0x0800fed4
                0x200011a4                . = ALIGN (0x4)
                0x200011a4                _susrstack = .
                0x200031a4                . = (. + _Minimum_Stack_Size)
 *fill*         0x200011a4     0x2000 
                0x200031a4                . = ALIGN (0x4)
                0x200031a4                _eusrstack = .
                0x20005000                _lastramaddress = (ORIGIN (RAM) + LENGTH (RAM))
                0x00000000                toobig = (_eusrstack > _lastramaddress)?!!!!!!!!! RAM IS FULL !!!!!!!!!:0x0

.b1text
 *(.b1text)
 *(.b1rodata)
 *(.b1rodata*)

.eb0text
 *(.eb0text)
 *(.eb0rodata)
 *(.eb0rodata*)

.eb1text
 *(.eb1text)
 *(.eb1rodata)
 *(.eb1rodata*)

.eb2text
 *(.eb2text)
 *(.eb2rodata)
 *(.eb2rodata*)

.eb3text
 *(.eb3text)
 *(.eb3rodata)
 *(.eb3rodata*)
                0x200031a4                __exidx_start = .
                0x200031a4                __exidx_end = .

/DISCARD/
 libc.a(*)
 libm.a(*)
 libgcc.a(*)

.stab
 *(.stab)

.stabstr
 *(.stabstr)

.stab.excl
 *(.stab.excl)

.stab.exclstr
 *(.stab.exclstr)

.stab.index
 *(.stab.index)

.stab.indexstr
 *(.stab.indexstr)

.comment        0x00000000       0x6e
 *(.comment)
 .comment       0x00000000       0x6f /tmp/ccpcmP3I.ltrans0.ltrans.o
 .comment       0x00000000       0x6f /tmp/ccpcmP3I.ltrans1.ltrans.o
 .comment       0x00000000       0x6f /tmp/ccpcmP3I.ltrans2.ltrans.o
 .comment       0x00000000       0x6f /tmp/ccpcmP3I.ltrans3.ltrans.o
 .comment       0x00000000       0x6f /tmp/ccpcmP3I.ltrans4.ltrans.o
 .comment       0x00000000       0x6f /tmp/ccpcmP3I.ltrans5.ltrans.o
 .comment       0x00000000       0x6f /tmp/ccpcmP3I.ltrans6.ltrans.o
 .comment       0x00000000       0x6f /tmp/ccpcmP3I.ltrans7.ltrans.o
 .comment       0x00000000       0x6f /tmp/ccpcmP3I.ltrans8.ltrans.o
 .comment       0x00000000       0x6f /tmp/ccpcmP3I.ltrans9.ltrans.o
 .comment       0x00000000       0x6e lib/STM32F10x_StdPeriph_Driver/libstm32fw.a(misc.o)
                                 0x6f (size before relaxing)
 .comment       0x0000006e       0x6f lib/STM32F10x_StdPeriph_Driver/libstm32fw.a(stm32f10x_adc.o)
 .comment       0x0000006e       0x6f lib/STM32F10x_StdPeriph_Driver/libstm32fw.a(stm32f10x_bkp.o)
 .comment       0x0000006e       0x6f lib/STM32F10x_StdPeriph_Driver/libstm32fw.a(stm32f10x_dbgmcu.o)
 .comment       0x0000006e       0x6f lib/STM32F10x_StdPeriph_Driver/libstm32fw.a(stm32f10x_dma.o)
 .comment       0x0000006e       0x6f lib/STM32F10x_StdPeriph_Driver/libstm32fw.a(stm32f10x_exti.o)
 .comment       0x0000006e       0x6f lib/STM32F10x_StdPeriph_Driver/libstm32fw.a(stm32f10x_gpio.o)
 .comment       0x0000006e       0x6f lib/STM32F10x_StdPeriph_Driver/libstm32fw.a(stm32f10x_i2c.o)
 .comment       0x0000006e       0x6f lib/STM32F10x_StdPeriph_Driver/libstm32fw.a(stm32f10x_iwdg.o)
 .comment       0x0000006e       0x6f lib/STM32F10x_StdPeriph_Driver/libstm32fw.a(stm32f10x_pwr.o)
 .comment       0x0000006e       0x6f lib/STM32F10x_StdPeriph_Driver/libstm32fw.a(stm32f10x_rcc.o)
 .comment       0x0000006e       0x6f lib/STM32F10x_StdPeriph_Driver/libstm32fw.a(stm32f10x_rtc.o)
 .comment       0x0000006e       0x6f lib/STM32F10x_StdPeriph_Driver/libstm32fw.a(stm32f10x_spi.o)
 .comment       0x0000006e       0x6f lib/STM32F10x_StdPeriph_Driver/libstm32fw.a(stm32f10x_usart.o)
 .comment       0x0000006e       0x6f lib/STM32_USB-FS-Device_Driver/libstm32usb.a(usb_core.o)
 .comment       0x0000006e       0x6f lib/STM32_USB-FS-Device_Driver/libstm32usb.a(usb_init.o)
 .comment       0x0000006e       0x6f lib/STM32_USB-FS-Device_Driver/libstm32usb.a(usb_int.o)
 .comment       0x0000006e       0x6f lib/STM32_USB-FS-Device_Driver/libstm32usb.a(usb_mem.o)
 .comment       0x0000006e       0x6f lib/STM32_USB-FS-Device_Driver/libstm32usb.a(usb_regs.o)
 .comment       0x0000006e       0x6f lib/STM32_USB-FS-Device_Driver/libstm32usb.a(usb_sil.o)

.ARM.attributes
                0x00000000       0x29
 .ARM.attributes
                0x00000000       0x1d /home/laurence/ARM-GCC/gcc-arm-none-eabi-5_3-2016q1/bin/../lib/gcc/arm-none-eabi/5.3.1/armv7-m/crti.o
 .ARM.attributes
                0x0000001d       0x31 /tmp/ccpcmP3I.ltrans0.ltrans.o
 .ARM.attributes
                0x0000004e       0x31 /tmp/ccpcmP3I.ltrans1.ltrans.o
 .ARM.attributes
                0x0000007f       0x31 /tmp/ccpcmP3I.ltrans2.ltrans.o
 .ARM.attributes
                0x000000b0       0x31 /tmp/ccpcmP3I.ltrans3.ltrans.o
 .ARM.attributes
                0x000000e1       0x31 /tmp/ccpcmP3I.ltrans4.ltrans.o
 .ARM.attributes
                0x00000112       0x31 /tmp/ccpcmP3I.ltrans5.ltrans.o
 .ARM.attributes
                0x00000143       0x31 /tmp/ccpcmP3I.ltrans6.ltrans.o
 .ARM.attributes
                0x00000174       0x31 /tmp/ccpcmP3I.ltrans7.ltrans.o
 .ARM.attributes
                0x000001a5       0x31 /tmp/ccpcmP3I.ltrans8.ltrans.o
 .ARM.attributes
                0x000001d6       0x31 /tmp/ccpcmP3I.ltrans9.ltrans.o
 .ARM.attributes
                0x00000207       0x21 lib/CMSIS_CM3/startup/gcc/startup_stm32f10x_md.o
 .ARM.attributes
                0x00000228       0x33 lib/STM32F10x_StdPeriph_Driver/libstm32fw.a(misc.o)
 .ARM.attributes
                0x0000025b       0x33 lib/STM32F10x_StdPeriph_Driver/libstm32fw.a(stm32f10x_adc.o)
 .ARM.attributes
                0x0000028e       0x33 lib/STM32F10x_StdPeriph_Driver/libstm32fw.a(stm32f10x_bkp.o)
 .ARM.attributes
                0x000002c1       0x33 lib/STM32F10x_StdPeriph_Driver/libstm32fw.a(stm32f10x_dbgmcu.o)
 .ARM.attributes
                0x000002f4       0x33 lib/STM32F10x_StdPeriph_Driver/libstm32fw.a(stm32f10x_dma.o)
 .ARM.attributes
                0x00000327       0x33 lib/STM32F10x_StdPeriph_Driver/libstm32fw.a(stm32f10x_exti.o)
 .ARM.attributes
                0x0000035a       0x33 lib/STM32F10x_StdPeriph_Driver/libstm32fw.a(stm32f10x_gpio.o)
 .ARM.attributes
                0x0000038d       0x33 lib/STM32F10x_StdPeriph_Driver/libstm32fw.a(stm32f10x_i2c.o)
 .ARM.attributes
                0x000003c0       0x33 lib/STM32F10x_StdPeriph_Driver/libstm32fw.a(stm32f10x_iwdg.o)