Archive member included because of file (symbol)

lib/STM32F10x_StdPeriph_Driver/libstm32fw.a(misc.o)
                              interrupts.o (symbol from plugin) (NVIC_PriorityGroupConfig)
lib/STM32F10x_StdPeriph_Driver/libstm32fw.a(stm32f10x_adc.o)
                              adc.o (symbol from plugin) (ADC_DeInit)
lib/STM32F10x_StdPeriph_Driver/libstm32fw.a(stm32f10x_bkp.o)
                              Util/fat_fs/src/rtc.o (symbol from plugin) (BKP_DeInit)
lib/STM32F10x_StdPeriph_Driver/libstm32fw.a(stm32f10x_dbgmcu.o)
                              main.o (symbol from plugin) (DBGMCU_Config)
lib/STM32F10x_StdPeriph_Driver/libstm32fw.a(stm32f10x_dma.o)
                              Silabs/si446x.o (symbol from plugin) (DMA_DeInit)
lib/STM32F10x_StdPeriph_Driver/libstm32fw.a(stm32f10x_exti.o)
                              Silabs/si446x.o (symbol from plugin) (EXTI_DeInit)
lib/STM32F10x_StdPeriph_Driver/libstm32fw.a(stm32f10x_gpio.o)
                              Silabs/si446x.o (symbol from plugin) (GPIO_Init)
lib/STM32F10x_StdPeriph_Driver/libstm32fw.a(stm32f10x_i2c.o)
                              i2c_int.o (symbol from plugin) (I2C_DeInit)
lib/STM32F10x_StdPeriph_Driver/libstm32fw.a(stm32f10x_iwdg.o)
                              watchdog.o (symbol from plugin) (IWDG_WriteAccessCmd)
lib/STM32F10x_StdPeriph_Driver/libstm32fw.a(stm32f10x_pwr.o)
                              pwr.o (symbol from plugin) (PWR_DeInit)
lib/STM32F10x_StdPeriph_Driver/libstm32fw.a(stm32f10x_rcc.o)
                              interrupts.o (symbol from plugin) (RCC_HCLKConfig)
lib/STM32F10x_StdPeriph_Driver/libstm32fw.a(stm32f10x_rtc.o)
                              Util/fat_fs/src/rtc.o (symbol from plugin) (RTC_GetCounter)
lib/STM32F10x_StdPeriph_Driver/libstm32fw.a(stm32f10x_spi.o)
                              Util/fat_fs/src/sd_spi_stm32.o (symbol from plugin) (SPI_I2S_DeInit)
lib/STM32F10x_StdPeriph_Driver/libstm32fw.a(stm32f10x_tim.o)
                              pwm.o (symbol from plugin) (TIM_DeInit)
lib/STM32F10x_StdPeriph_Driver/libstm32fw.a(stm32f10x_usart.o)
                              usart.o (symbol from plugin) (USART_DeInit)
lib/STM32_USB-FS-Device_Driver/libstm32usb.a(usb_core.o)
                              Util/USB/usb_prop.o (symbol from plugin) (Standard_GetDescriptorData)
lib/STM32_USB-FS-Device_Driver/libstm32usb.a(usb_init.o)
                              main.o (symbol from plugin) (USB_Init)
lib/STM32_USB-FS-Device_Driver/libstm32usb.a(usb_int.o)
                              Util/USB/usb_istr.o (symbol from plugin) (CTR_LP)
lib/STM32_USB-FS-Device_Driver/libstm32usb.a(usb_mem.o)
                              lib/STM32_USB-FS-Device_Driver/libstm32usb.a(usb_core.o) (UserToPMABufferCopy)
lib/STM32_USB-FS-Device_Driver/libstm32usb.a(usb_regs.o)
                              Util/USB/usb_prop.o (symbol from plugin) (SetBTABLE)
lib/STM32_USB-FS-Device_Driver/libstm32usb.a(usb_sil.o)
                              Util/USB/usb_prop.o (symbol from plugin) (USB_SIL_Init)
/home/laurence/ARM-GCC/bin/../lib/gcc/arm-none-eabi/4.7.4/../../../../arm-none-eabi/lib/armv7-m/libc.a(lib_a-__atexit.o)
                              /home/laurence/ARM-GCC/bin/../lib/gcc/arm-none-eabi/4.7.4/../../../../arm-none-eabi/lib/armv7-m/crt0.o (__register_exitproc)
/home/laurence/ARM-GCC/bin/../lib/gcc/arm-none-eabi/4.7.4/../../../../arm-none-eabi/lib/armv7-m/libc.a(lib_a-exit.o)
                              /home/laurence/ARM-GCC/bin/../lib/gcc/arm-none-eabi/4.7.4/../../../../arm-none-eabi/lib/armv7-m/crt0.o (exit)
/home/laurence/ARM-GCC/bin/../lib/gcc/arm-none-eabi/4.7.4/../../../../arm-none-eabi/lib/armv7-m/libc.a(lib_a-fini.o)
                              /home/laurence/ARM-GCC/bin/../lib/gcc/arm-none-eabi/4.7.4/../../../../arm-none-eabi/lib/armv7-m/crt0.o (__libc_fini_array)
/home/laurence/ARM-GCC/bin/../lib/gcc/arm-none-eabi/4.7.4/../../../../arm-none-eabi/lib/armv7-m/libc.a(lib_a-impure.o)
                              /home/laurence/ARM-GCC/bin/../lib/gcc/arm-none-eabi/4.7.4/../../../../arm-none-eabi/lib/armv7-m/libc.a(lib_a-__atexit.o) (_global_impure_ptr)
/home/laurence/ARM-GCC/bin/../lib/gcc/arm-none-eabi/4.7.4/../../../../arm-none-eabi/lib/armv7-m/libc.a(lib_a-init.o)
                              /home/laurence/ARM-GCC/bin/../lib/gcc/arm-none-eabi/4.7.4/../../../../arm-none-eabi/lib/armv7-m/crt0.o (__libc_init_array)
/home/laurence/ARM-GCC/bin/../lib/gcc/arm-none-eabi/4.7.4/../../../../arm-none-eabi/lib/armv7-m/libc.a(lib_a-memset.o)
                              /home/laurence/ARM-GCC/bin/../lib/gcc/arm-none-eabi/4.7.4/../../../../arm-none-eabi/lib/armv7-m/crt0.o (memset)
/home/laurence/ARM-GCC/bin/../lib/gcc/arm-none-eabi/4.7.4/../../../../arm-none-eabi/lib/armv7-m/libc.a(lib_a-__call_atexit.o)
                              /home/laurence/ARM-GCC/bin/../lib/gcc/arm-none-eabi/4.7.4/../../../../arm-none-eabi/lib/armv7-m/libc.a(lib_a-exit.o) (__call_exitprocs)
[...]
Memory Configuration

Name             Origin             Length             Attributes
RAM              0x20000000         0x00005000         xrw
FLASH            0x08000000         0x00020000         xr
FLASHB1          0x00000000         0x00000000         xr
EXTMEMB0         0x00000000         0x00000000         xr
EXTMEMB1         0x00000000         0x00000000         xr
EXTMEMB2         0x00000000         0x00000000         xr
EXTMEMB3         0x00000000         0x00000000         xr
STARTFLASH       0x00000000         0xffffffff
CRPPATCH         0x00000000         0xffffffff
FLASHPATCH       0x00000000         0xffffffff
ENDFLASH         0x00000000         0xffffffff
*default*        0x00000000         0xffffffff

Linker script and memory map

LOAD /home/laurence/ARM-GCC/bin/../lib/gcc/arm-none-eabi/4.7.4/armv7-m/crti.o
LOAD /home/laurence/ARM-GCC/bin/../lib/gcc/arm-none-eabi/4.7.4/armv7-m/crtbegin.o
LOAD /home/laurence/ARM-GCC/bin/../lib/gcc/arm-none-eabi/4.7.4/../../../../arm-none-eabi/lib/armv7-m/crt0.o
LOAD Silabs/si446x.o
LOAD /tmp/ccfqHROa.ltrans0.ltrans.o
LOAD /tmp/ccfqHROa.ltrans1.ltrans.o
LOAD /tmp/ccfqHROa.ltrans2.ltrans.o
LOAD /tmp/ccfqHROa.ltrans3.ltrans.o
LOAD /tmp/ccfqHROa.ltrans4.ltrans.o
LOAD /tmp/ccfqHROa.ltrans5.ltrans.o
LOAD /tmp/ccfqHROa.ltrans6.ltrans.o
LOAD /tmp/ccfqHROa.ltrans7.ltrans.o
LOAD /tmp/ccfqHROa.ltrans8.ltrans.o
LOAD /tmp/ccfqHROa.ltrans9.ltrans.o
LOAD /home/laurence/ARM-GCC/bin/../lib/gcc/arm-none-eabi/4.7.4/armv7-m/libgcc.a
LOAD /home/laurence/ARM-GCC/bin/../lib/gcc/arm-none-eabi/4.7.4/../../../../arm-none-eabi/lib/armv7-m/libc.a
LOAD Ublox/ubx.o
LOAD Util/USB/hw_config.o
LOAD Util/USB/mass_mal.o
LOAD Util/USB/memory.o
LOAD Util/USB/scsi_data.o
LOAD Util/USB/usb_bot.o
LOAD Util/USB/usb_desc.o
LOAD Util/USB/usb_endp.o
LOAD Util/USB/usb_istr.o
LOAD Util/USB/usb_prop.o
LOAD Util/USB/usb_pwr.o
LOAD Util/USB/usb_scsi.o
LOAD Util/buffer.o
LOAD Util/crc.o
LOAD Util/delay.o
LOAD Util/fat_fs/option/ccsbcs.o
LOAD Util/fat_fs/src/fattime.o
LOAD Util/fat_fs/src/ff.o
LOAD Util/fat_fs/src/rtc.o
LOAD Util/fat_fs/src/sd_spi_stm32.o
LOAD Util/polygon.o
LOAD Util/rprintf.o
LOAD Util/wave.o
LOAD adc.o
LOAD dma.o
LOAD gpio.o
LOAD i2c_int.o
LOAD interrupts.o
LOAD lib/CMSIS_CM3/core_cm3.o
LOAD lib/CMSIS_CM3/startup/gcc/startup_stm32f10x_md.o
LOAD lib/CMSIS_CM3/system_stm32f10x.o
LOAD main.o
LOAD pwm.o
LOAD pwr.o
LOAD usart.o
LOAD watchdog.o
LOAD lib/STM32F10x_StdPeriph_Driver/libstm32fw.a
LOAD lib/STM32_USB-FS-Device_Driver/libstm32usb.a
LOAD /home/laurence/ARM-GCC/bin/../lib/gcc/arm-none-eabi/4.7.4/../../../../arm-none-eabi/lib/armv7-m/libm.a
LOAD /home/laurence/ARM-GCC/bin/../lib/gcc/arm-none-eabi/4.7.4/../../../../arm-none-eabi/lib/armv7-m/libnosys.a
START GROUP
LOAD /home/laurence/ARM-GCC/bin/../lib/gcc/arm-none-eabi/4.7.4/armv7-m/libgcc.a
LOAD /home/laurence/ARM-GCC/bin/../lib/gcc/arm-none-eabi/4.7.4/../../../../arm-none-eabi/lib/armv7-m/libc.a
END GROUP
LOAD /home/laurence/ARM-GCC/bin/../lib/gcc/arm-none-eabi/4.7.4/armv7-m/crtend.o
LOAD /home/laurence/ARM-GCC/bin/../lib/gcc/arm-none-eabi/4.7.4/armv7-m/crtn.o
                0x00002000                __Stack_Size = 0x2000
                0x00002000                PROVIDE (_Stack_Size, __Stack_Size)
                0x20003000                __Stack_Init = (_estack - __Stack_Size)
                0x20003000                PROVIDE (_Stack_Init, __Stack_Init)
                0x00002000                _Minimum_Stack_Size = 0x2000
                0x00000000                PROVIDE (Undefined_Handler, 0x0)
                0x00000000                PROVIDE (SWI_Handler, 0x0)
                0x00000000                PROVIDE (IRQ_Handler, 0x0)
                0x00000000                PROVIDE (Prefetch_Handler, 0x0)
                0x00000000                PROVIDE (Abort_Handler, 0x0)
                0x00000000                PROVIDE (FIQ_Handler, 0x0)
                0x00000000                PROVIDE (NMIException, 0x0)
                0x00000000                PROVIDE (NMI_Handler, 0x0)
                0x00000000                PROVIDE (HardFaultException, 0x0)
                0x00000000                PROVIDE (HardFault_Handler, 0x0)
                0x00000000                PROVIDE (MemManageException, 0x0)
                0x00000000                PROVIDE (MemManage_Handler, 0x0)
                0x00000000                PROVIDE (BusFaultException, 0x0)
                0x00000000                PROVIDE (BusFault_Handler, 0x0)
                0x00000000                PROVIDE (UsageFaultException, 0x0)
                0x00000000                PROVIDE (UsageFault_Handler, 0x0)
                0x00000000                PROVIDE (SVCHandler, 0x0)
                0x00000000                PROVIDE (SVC_Handler, 0x0)
                0x00000000                PROVIDE (DebugMonitor, 0x0)
                0x00000000                PROVIDE (DebugMon_Handler, 0x0)
                0x00000000                PROVIDE (PendSVC, 0x0)
                0x00000000                PROVIDE (PendSV_Handler, 0x0)
                0x00000000                PROVIDE (SysTickHandler, 0x0)
                0x00000000                PROVIDE (SysTick_Handler, 0x0)
                0x00000000                PROVIDE (WWDG_IRQHandler, 0x0)
                0x00000000                PROVIDE (PVD_IRQHandler, 0x0)
                0x00000000                PROVIDE (TAMPER_IRQHandler, 0x0)
                0x00000000                PROVIDE (RTC_IRQHandler, 0x0)
                0x00000000                PROVIDE (FLASH_IRQHandler, 0x0)
                0x00000000                PROVIDE (RCC_IRQHandler, 0x0)
                0x00000000                PROVIDE (EXTI0_IRQHandler, 0x0)
                0x00000000                PROVIDE (EXTI1_IRQHandler, 0x0)
                0x00000000                PROVIDE (EXTI2_IRQHandler, 0x0)
                0x00000000                PROVIDE (EXTI3_IRQHandler, 0x0)
                0x00000000                PROVIDE (EXTI4_IRQHandler, 0x0)
                0x00000000                PROVIDE (DMAChannel1_IRQHandler, 0x0)
                0x00000000                PROVIDE (DMAChannel2_IRQHandler, 0x0)
                0x00000000                PROVIDE (DMAChannel3_IRQHandler, 0x0)
                0x00000000                PROVIDE (DMAChannel4_IRQHandler, 0x0)
                0x00000000                PROVIDE (DMAChannel5_IRQHandler, 0x0)
                0x00000000                PROVIDE (DMAChannel6_IRQHandler, 0x0)
                0x00000000                PROVIDE (DMAChannel7_IRQHandler, 0x0)
                0x00000000                PROVIDE (DMA1_Channel1_IRQHandler, 0x0)
                0x00000000                PROVIDE (DMA1_Channel2_IRQHandler, 0x0)
                0x00000000                PROVIDE (DMA1_Channel3_IRQHandler, 0x0)
                0x00000000                PROVIDE (DMA1_Channel4_IRQHandler, 0x0)
                0x00000000                PROVIDE (DMA1_Channel5_IRQHandler, 0x0)
                0x00000000                PROVIDE (DMA1_Channel6_IRQHandler, 0x0)
                0x00000000                PROVIDE (DMA1_Channel7_IRQHandler, 0x0)
                0x00000000                PROVIDE (ADC_IRQHandler, 0x0)
                0x00000000                PROVIDE (ADC1_2_IRQHandler, 0x0)
                0x00000000                PROVIDE (USB_HP_CAN_TX_IRQHandler, 0x0)
                0x00000000                PROVIDE (USB_HP_CAN1_TX_IRQHandler, 0x0)
                0x00000000                PROVIDE (USB_LP_CAN_RX0_IRQHandler, 0x0)
                0x00000000                PROVIDE (USB_LP_CAN1_RX0_IRQHandler, 0x0)
                0x00000000                PROVIDE (CAN_RX1_IRQHandler, 0x0)
                0x00000000                PROVIDE (CAN1_RX1_IRQHandler, 0x0)
                0x00000000                PROVIDE (CAN_SCE_IRQHandler, 0x0)
                0x00000000                PROVIDE (CAN1_SCE_IRQHandler, 0x0)
                0x00000000                PROVIDE (EXTI9_5_IRQHandler, 0x0)
                0x00000000                PROVIDE (TIM1_BRK_IRQHandler, 0x0)
                0x00000000                PROVIDE (TIM1_UP_IRQHandler, 0x0)
                0x00000000                PROVIDE (TIM1_TRG_COM_IRQHandler, 0x0)
                0x00000000                PROVIDE (TIM1_CC_IRQHandler, 0x0)
                0x00000000                PROVIDE (TIM2_IRQHandler, 0x0)
                0x00000000                PROVIDE (TIM3_IRQHandler, 0x0)
                0x00000000                PROVIDE (TIM4_IRQHandler, 0x0)
                0x00000000                PROVIDE (I2C1_EV_IRQHandler, 0x0)
                0x00000000                PROVIDE (I2C1_ER_IRQHandler, 0x0)
                0x00000000                PROVIDE (I2C2_EV_IRQHandler, 0x0)
                0x00000000                PROVIDE (I2C2_ER_IRQHandler, 0x0)
                0x00000000                PROVIDE (SPI1_IRQHandler, 0x0)
                0x00000000                PROVIDE (SPI2_IRQHandler, 0x0)
                0x00000000                PROVIDE (USART1_IRQHandler, 0x0)
                0x00000000                PROVIDE (USART2_IRQHandler, 0x0)
                0x00000000                PROVIDE (USART3_IRQHandler, 0x0)
                0x00000000                PROVIDE (EXTI15_10_IRQHandler, 0x0)
                0x00000000                PROVIDE (RTCAlarm_IRQHandler, 0x0)
                0x00000000                PROVIDE (USBWakeUp_IRQHandler, 0x0)
                0x00000000                PROVIDE (TIM8_BRK_IRQHandler, 0x0)
                0x00000000                PROVIDE (TIM8_UP_IRQHandler, 0x0)
                0x00000000                PROVIDE (TIM8_TRG_COM_IRQHandler, 0x0)
                0x00000000                PROVIDE (TIM8_CC_IRQHandler, 0x0)
                0x00000000                PROVIDE (ADC3_IRQHandler, 0x0)
                0x00000000                PROVIDE (FSMC_IRQHandler, 0x0)
                0x00000000                PROVIDE (SDIO_IRQHandler, 0x0)
                0x00000000                PROVIDE (TIM5_IRQHandler, 0x0)
                0x00000000                PROVIDE (SPI3_IRQHandler, 0x0)
                0x00000000                PROVIDE (UART4_IRQHandler, 0x0)
                0x00000000                PROVIDE (UART5_IRQHandler, 0x0)
                0x00000000                PROVIDE (TIM6_IRQHandler, 0x0)
                0x00000000                PROVIDE (TIM7_IRQHandler, 0x0)
                0x00000000                PROVIDE (DMA2_Channel1_IRQHandler, 0x0)
                0x00000000                PROVIDE (DMA2_Channel2_IRQHandler, 0x0)
                0x00000000                PROVIDE (DMA2_Channel3_IRQHandler, 0x0)
                0x00000000                PROVIDE (DMA2_Channel4_5_IRQHandler, 0x0)
                0x42000000                PERIPH_BB_BASE = 0x42000000
                0x22000000                SRAM_BB_BASE = 0x22000000
                0x20000000                SRAM_BASE = 0x20000000
                0x40000000                PERIPH_BASE = 0x40000000
                0x40022000                PROVIDE (FLASH_BASE, 0x40022000)
                0x1ffff800                PROVIDE (OB_BASE, 0x1ffff800)
                0x40000000                APB1PERIPH_BASE = PERIPH_BASE
                0x40010000                APB2PERIPH_BASE = (PERIPH_BASE + 0x10000)
                0x40020000                AHBPERIPH_BASE = (PERIPH_BASE + 0x20000)
                0x40000000                PROVIDE (TIM2, (APB1PERIPH_BASE + 0x0))
                0x40000400                PROVIDE (TIM3, (APB1PERIPH_BASE + 0x400))
                0x40000800                PROVIDE (TIM4, (APB1PERIPH_BASE + 0x800))
                0x40002800                PROVIDE (RTC, (APB1PERIPH_BASE + 0x2800))
                0x40002c00                PROVIDE (WWDG, (APB1PERIPH_BASE + 0x2c00))
                0x40003000                PROVIDE (IWDG, (APB1PERIPH_BASE + 0x3000))
                0x40003800                PROVIDE (SPI2, (APB1PERIPH_BASE + 0x3800))
                0x40004400                PROVIDE (USART2, (APB1PERIPH_BASE + 0x4400))
                0x40004800                PROVIDE (USART3, (APB1PERIPH_BASE + 0x4800))
                0x40005400                PROVIDE (I2C1, (APB1PERIPH_BASE + 0x5400))
                0x40005800                PROVIDE (I2C2, (APB1PERIPH_BASE + 0x5800))
                0x40006400                PROVIDE (CAN, (APB1PERIPH_BASE + 0x6400))
                0x40006c00                PROVIDE (BKP, (APB1PERIPH_BASE + 0x6c00))
                0x40007000                PROVIDE (PWR, (APB1PERIPH_BASE + 0x7000))
                0x40010000                PROVIDE (AFIO, (APB2PERIPH_BASE + 0x0))
                0x40010400                PROVIDE (EXTI, (APB2PERIPH_BASE + 0x400))
                0x40010800                PROVIDE (GPIOA, (APB2PERIPH_BASE + 0x800))
                0x40010c00                PROVIDE (GPIOB, (APB2PERIPH_BASE + 0xc00))
                0x40011000                PROVIDE (GPIOC, (APB2PERIPH_BASE + 0x1000))
                0x40011400                PROVIDE (GPIOD, (APB2PERIPH_BASE + 0x1400))
                0x40011800                PROVIDE (GPIOE, (APB2PERIPH_BASE + 0x1800))
                0x40012400                PROVIDE (ADC1, (APB2PERIPH_BASE + 0x2400))
                0x40012800                PROVIDE (ADC2, (APB2PERIPH_BASE + 0x2800))
                0x40012c00                PROVIDE (TIM1, (APB2PERIPH_BASE + 0x2c00))
                0x40013000                PROVIDE (SPI1, (APB2PERIPH_BASE + 0x3000))
                0x40013800                PROVIDE (USART1, (APB2PERIPH_BASE + 0x3800))
                0x40020000                PROVIDE (DMA, (AHBPERIPH_BASE + 0x0))
                0x40020008                PROVIDE (DMA_Channel1, (AHBPERIPH_BASE + 0x8))
                0x4002001c                PROVIDE (DMA_Channel2, (AHBPERIPH_BASE + 0x1c))
                0x40020030                PROVIDE (DMA_Channel3, (AHBPERIPH_BASE + 0x30))
                0x40020044                PROVIDE (DMA_Channel4, (AHBPERIPH_BASE + 0x44))
                0x40020058                PROVIDE (DMA_Channel5, (AHBPERIPH_BASE + 0x58))
                0x4002006c                PROVIDE (DMA_Channel6, (AHBPERIPH_BASE + 0x6c))
                0x40020080                PROVIDE (DMA_Channel7, (AHBPERIPH_BASE + 0x80))
                0x40021000                PROVIDE (RCC, (AHBPERIPH_BASE + 0x1000))
                0xe000e000                SCS_BASE = 0xe000e000
                0xe000e010                PROVIDE (SysTick, (SCS_BASE + 0x10))
                0xe000e100                PROVIDE (NVIC, (SCS_BASE + 0x100))
                0xe000ed00                PROVIDE (SCB, (SCS_BASE + 0xd00))
                0x20005000                PROVIDE (_estack, (ORIGIN (RAM) + 0x5000))

.isr_vector     0x08000000      0x10c
                0x08000000                . = ALIGN (0x4)
 *(.isr_vector)
 .isr_vector    0x08000000      0x10c lib/CMSIS_CM3/startup/gcc/startup_stm32f10x_md.o
                0x08000000                g_pfnVectors
                0x0800010c                . = ALIGN (0x4)

.flash_start    0x00000000        0x0
                0x00000000                . = ALIGN (0x4)
 *(.flash_start)
 *(.flash_start.*)
                0x00000000                . = ALIGN (0x4)

.crp_patch      0x00000000        0x0
                0x00000000                . = ALIGN (0x4)
 *(.crp_patch)
                0x00000000                . = ALIGN (0x4)

.flashtext      0x0800010c        0x0
                0x0800010c                . = ALIGN (0x4)
 *(.flashtext)
                0x0800010c                . = ALIGN (0x4)

.text           0x08000110     0xc228
                0x08000110                . = ALIGN (0x4)
 *(.text)
 .text          0x08000110      0x370 /home/laurence/ARM-GCC/bin/../lib/gcc/arm-none-eabi/4.7.4/armv7-m/libgcc.a(_arm_addsubdf3.o)
                0x08000110                __aeabi_drsub
                0x08000118                __aeabi_dsub
                0x08000118                __subdf3
                0x0800011c                __adddf3
                0x0800011c                __aeabi_dadd
                0x08000394                __aeabi_ui2d
                0x08000394                __floatunsidf
                0x080003b4                __floatsidf
                0x080003b4                __aeabi_i2d
                0x080003d8                __extendsfdf2
                0x080003d8                __aeabi_f2d
                0x08000414                __aeabi_ul2d
                0x08000414                __floatundidf
                0x08000424                __floatdidf
                0x08000424                __aeabi_l2d
 .text          0x08000480      0x424 /home/laurence/ARM-GCC/bin/../lib/gcc/arm-none-eabi/4.7.4/armv7-m/libgcc.a(_arm_muldivdf3.o)
                0x08000480                __aeabi_dmul
                0x08000480                __muldf3
                0x080006d4                __aeabi_ddiv
                0x080006d4                __divdf3
 .text          0x080008a4      0x110 /home/laurence/ARM-GCC/bin/../lib/gcc/arm-none-eabi/4.7.4/armv7-m/libgcc.a(_arm_cmpdf2.o)
                0x080008a4                __gtdf2
                0x080008a4                __gedf2
                0x080008ac                __ltdf2
                0x080008ac                __ledf2
                0x080008b4                __cmpdf2
                0x080008b4                __eqdf2
                0x080008b4                __nedf2
                0x08000930                __aeabi_cdrcmple
                0x08000940                __aeabi_cdcmple
                0x08000940                __aeabi_cdcmpeq
                0x08000950                __aeabi_dcmpeq
                0x08000964                __aeabi_dcmplt
                0x08000978                __aeabi_dcmple
                0x0800098c                __aeabi_dcmpge
                0x080009a0                __aeabi_dcmpgt
 .text          0x080009b4       0x40 /home/laurence/ARM-GCC/bin/../lib/gcc/arm-none-eabi/4.7.4/armv7-m/libgcc.a(_arm_fixunsdfsi.o)
                0x080009b4                __fixunsdfsi
                0x080009b4                __aeabi_d2uiz
 .text          0x080009f4       0xa0 /home/laurence/ARM-GCC/bin/../lib/gcc/arm-none-eabi/4.7.4/armv7-m/libgcc.a(_arm_truncdfsf2.o)
                0x080009f4                __aeabi_d2f
                0x080009f4                __truncdfsf2
 .text          0x08000a94      0x21c /home/laurence/ARM-GCC/bin/../lib/gcc/arm-none-eabi/4.7.4/armv7-m/libgcc.a(_arm_addsubsf3.o)
                0x08000a94                __aeabi_frsub
                0x08000a9c                __subsf3
                0x08000a9c                __aeabi_fsub
                0x08000aa0                __aeabi_fadd
                0x08000aa0                __addsf3
                0x08000c00                __aeabi_ui2f
                0x08000c00                __floatunsisf
                0x08000c08                __aeabi_i2f
                0x08000c08                __floatsisf
                0x08000c24                __floatundisf
                0x08000c24                __aeabi_ul2f
                0x08000c34                __floatdisf
                0x08000c34                __aeabi_l2f
 .text          0x08000cb0      0x2a0 /home/laurence/ARM-GCC/bin/../lib/gcc/arm-none-eabi/4.7.4/armv7-m/libgcc.a(_arm_muldivsf3.o)
                0x08000cb0                __mulsf3
                0x08000cb0                __aeabi_fmul
                0x08000e18                __divsf3
                0x08000e18                __aeabi_fdiv
 .text          0x08000f50       0xec /home/laurence/ARM-GCC/bin/../lib/gcc/arm-none-eabi/4.7.4/armv7-m/libgcc.a(_arm_cmpsf2.o)
                0x08000f50                __gtsf2
                0x08000f50                __gesf2
                0x08000f58                __lesf2
                0x08000f58                __ltsf2
                0x08000f60                __nesf2
                0x08000f60                __eqsf2
                0x08000f60                __cmpsf2
                0x08000fc0                __aeabi_cfrcmple
                0x08000fc8                __aeabi_cfcmple
                0x08000fc8                __aeabi_cfcmpeq
                0x08000fd8                __aeabi_fcmpeq
                0x08000fec                __aeabi_fcmplt
                0x08001000                __aeabi_fcmple
                0x08001014                __aeabi_fcmpge
                0x08001028                __aeabi_fcmpgt
 .text          0x0800103c       0x40 /home/laurence/ARM-GCC/bin/../lib/gcc/arm-none-eabi/4.7.4/armv7-m/libgcc.a(_arm_fixunssfsi.o)
                0x0800103c                __aeabi_f2uiz
                0x0800103c                __fixunssfsi
 *(.text.*)
 *fill*         0x0800107c        0x4 00
 .text.startup.main
                0x08001080     0x1e40 /tmp/ccfqHROa.ltrans0.ltrans.o
                0x08001080                main
 .text.atoiRamRom.4171
                0x08002ec0       0x20 /tmp/ccfqHROa.ltrans1.ltrans.o
 .text.Resume_Init.4296
                0x08002ee0       0x30 /tmp/ccfqHROa.ltrans1.ltrans.o
 .text.Get_Max_Lun
                0x08002f10       0x18 /tmp/ccfqHROa.ltrans1.ltrans.o
                0x08002f10                Get_Max_Lun
 .text.MASS_Get_Interface_Setting
                0x08002f28        0xc /tmp/ccfqHROa.ltrans1.ltrans.o
                0x08002f28                MASS_Get_Interface_Setting
 .text.MASS_Status_Out
                0x08002f34        0x2 /tmp/ccfqHROa.ltrans1.ltrans.o
                0x08002f34                MASS_Status_Out
 .text.MASS_Status_In
                0x08002f36        0x2 /tmp/ccfqHROa.ltrans1.ltrans.o
                0x08002f36                MASS_Status_In
 .text.Mass_Storage_SetDeviceAddress
                0x08002f38        0xc /tmp/ccfqHROa.ltrans1.ltrans.o
                0x08002f38                Mass_Storage_SetDeviceAddress
 .text.__usart_send_char
                0x08002f44       0x1c /tmp/ccfqHROa.ltrans1.ltrans.o
                0x08002f44                __usart_send_char
 .text.__str_print_char
                0x08002f60       0x2c /tmp/ccfqHROa.ltrans1.ltrans.o
                0x08002f60                __str_print_char
 .text.stm32_dma_transfer.5719.4153
                0x08002f8c       0xcc /tmp/ccfqHROa.ltrans1.ltrans.o
 .text.MASS_Reset
                0x08003058       0xe0 /tmp/ccfqHROa.ltrans1.ltrans.o
                0x08003058                MASS_Reset
 .text.Mass_Storage_SetConfiguration
                0x08003138       0x30 /tmp/ccfqHROa.ltrans1.ltrans.o
                0x08003138                Mass_Storage_SetConfiguration
 .text.MASS_NoData_Setup
                0x08003168       0x4c /tmp/ccfqHROa.ltrans1.ltrans.o
                0x08003168                MASS_NoData_Setup
 .text.MASS_GetDeviceDescriptor
                0x080031b4        0xc /tmp/ccfqHROa.ltrans1.ltrans.o
                0x080031b4                MASS_GetDeviceDescriptor
 .text.MASS_GetConfigDescriptor
                0x080031c0        0xc /tmp/ccfqHROa.ltrans1.ltrans.o
                0x080031c0                MASS_GetConfigDescriptor
 .text.MASS_GetStringDescriptor
                0x080031cc       0x20 /tmp/ccfqHROa.ltrans1.ltrans.o
                0x080031cc                MASS_GetStringDescriptor
 .text.__gps_send_char
                0x080031ec       0x1c /tmp/ccfqHROa.ltrans1.ltrans.o
                0x080031ec                __gps_send_char
 .text.Usart_Send_Str
                0x08003208       0x16 /tmp/ccfqHROa.ltrans1.ltrans.o
                0x08003208                Usart_Send_Str
 *fill*         0x0800321e        0x2 00
 .text.power_on.5706
                0x08003220       0xfc /tmp/ccfqHROa.ltrans1.ltrans.o
                0x08003220                power_on.5706
 .text.Timer_GPIO_Enable
                0x0800331c       0x24 /tmp/ccfqHROa.ltrans1.ltrans.o
                0x0800331c                Timer_GPIO_Enable
 .text.Timer_GPIO_Disable
                0x08003340       0x24 /tmp/ccfqHROa.ltrans1.ltrans.o
                0x08003340                Timer_GPIO_Disable
 .text.shutdown
                0x08003364       0x2c /tmp/ccfqHROa.ltrans1.ltrans.o
                0x08003364                shutdown
 .text.si446x_busy_wait_send_receive
                0x08003390      0x100 /tmp/ccfqHROa.ltrans1.ltrans.o
                0x08003390                si446x_busy_wait_send_receive
 .text.NVIC_SystemReset.6792
                0x08003490       0x20 /tmp/ccfqHROa.ltrans1.ltrans.o
                0x08003490                NVIC_SystemReset.6792
 .text.filterloop
                0x080034b0      0x140 /tmp/ccfqHROa.ltrans1.ltrans.o
                0x080034b0                filterloop
 .text.I2C1_Request_Job
                0x080035f0       0x80 /tmp/ccfqHROa.ltrans1.ltrans.o
                0x080035f0                I2C1_Request_Job
 .text.rprintfChar
                0x08003670       0x1c /tmp/ccfqHROa.ltrans1.ltrans.o
                0x08003670                rprintfChar
 .text.rprintf2RamRom
                0x0800368c      0x404 /tmp/ccfqHROa.ltrans1.ltrans.o
                0x0800368c                rprintf2RamRom
 .text.stm32_spi_rw.5708
                0x08003a90       0x24 /tmp/ccfqHROa.ltrans1.ltrans.o
                0x08003a90                stm32_spi_rw.5708
 .text.rcvr_spi.5711
                0x08003ab4        0x6 /tmp/ccfqHROa.ltrans1.ltrans.o
                0x08003ab4                rcvr_spi.5711
 *fill*         0x08003aba        0x2 00
 .text.release_spi
                0x08003abc       0x18 /tmp/ccfqHROa.ltrans1.ltrans.o
                0x08003abc                release_spi
 .text.rcvr_datablock
                0x08003ad4       0x54 /tmp/ccfqHROa.ltrans1.ltrans.o
                0x08003ad4                rcvr_datablock
 .text.xmit_datablock.part.1.5724
                0x08003b28       0x2c /tmp/ccfqHROa.ltrans1.ltrans.o
                0x08003b28                xmit_datablock.part.1.5724
 .text.wait_ready.5713
                0x08003b54       0x24 /tmp/ccfqHROa.ltrans1.ltrans.o
                0x08003b54                wait_ready.5713
 .text.send_cmd.5715
                0x08003b78       0xbc /tmp/ccfqHROa.ltrans1.ltrans.o
                0x08003b78                send_cmd.5715
 .text.disk_read
                0x08003c34       0xa0 /tmp/ccfqHROa.ltrans1.ltrans.o
                0x08003c34                disk_read
 .text.Read_Memory
                0x08003cd4      0x154 /tmp/ccfqHROa.ltrans1.ltrans.o
                0x08003cd4                Read_Memory
 .text.check_fs.5368
                0x08003e28       0x88 /tmp/ccfqHROa.ltrans1.ltrans.o
                0x08003e28                check_fs.5368
 .text.validate.5361
                0x08003eb0       0x2c /tmp/ccfqHROa.ltrans1.ltrans.o
                0x08003eb0                validate.5361
 .text.counter_to_struct.5622
                0x08003edc       0xa8 /tmp/ccfqHROa.ltrans1.ltrans.o
                0x08003edc                counter_to_struct.5622
 .text.isDST.5604
                0x08003f84       0x2a /tmp/ccfqHROa.ltrans1.ltrans.o
                0x08003f84                isDST.5604
 *fill*         0x08003fae        0x2 00
 .text.rtc_gettime
                0x08003fb0       0x74 /tmp/ccfqHROa.ltrans1.ltrans.o
                0x08003fb0                rtc_gettime
 .text.get_fattime
                0x08004024       0x40 /tmp/ccfqHROa.ltrans1.ltrans.o
                0x08004024                get_fattime
 .text.clust2sect
                0x08004064       0x18 /tmp/ccfqHROa.ltrans1.ltrans.o
                0x08004064                clust2sect
 .text.mem_cpy.5292
                0x0800407c       0x12 /tmp/ccfqHROa.ltrans1.ltrans.o
                0x0800407c                mem_cpy.5292
 *fill*         0x0800408e        0x2 00
 .text.ff_convert.part.0.5225
                0x08004090       0x24 /tmp/ccfqHROa.ltrans1.ltrans.o
                0x08004090                ff_convert.part.0.5225
 .text.Delay    0x080040b4       0x1a /tmp/ccfqHROa.ltrans1.ltrans.o
                0x080040b4                Delay
 *fill*         0x080040ce        0x2 00
 .text.I2C_Config
                0x080040d0      0x1b0 /tmp/ccfqHROa.ltrans1.ltrans.o
                0x080040d0                I2C_Config
 .text.test_cutdown
                0x08004280       0x5c /tmp/ccfqHROa.ltrans1.ltrans.o
                0x08004280                test_cutdown
 .text.Pop_From_Buffer
                0x080042dc       0x26 /tmp/ccfqHROa.ltrans1.ltrans.o
                0x080042dc                Pop_From_Buffer
 .text.Add_To_Byte_Buffer
                0x08004302       0x46 /tmp/ccfqHROa.ltrans1.ltrans.o
                0x08004302                Add_To_Byte_Buffer
 .text.Add_To_Buffer
                0x08004348       0x48 /tmp/ccfqHROa.ltrans1.ltrans.o
                0x08004348                Add_To_Buffer
 .text.Bot_Abort.part.2.4667
                0x08004390       0x18 /tmp/ccfqHROa.ltrans1.ltrans.o
                0x08004390                Bot_Abort.part.2.4667
 .text.Resume   0x080043a8       0xa4 /tmp/ccfqHROa.ltrans1.ltrans.o
                0x080043a8                Resume
 .text.Set_CSW  0x0800444c       0x3c /tmp/ccfqHROa.ltrans1.ltrans.o
                0x0800444c                Set_CSW
 .text.Transfer_Data_Request
                0x08004488       0x34 /tmp/ccfqHROa.ltrans1.ltrans.o
                0x08004488                Transfer_Data_Request
 .text.IntToUnicode.4449
                0x080044bc       0x2a /tmp/ccfqHROa.ltrans1.ltrans.o
                0x080044bc                IntToUnicode.4449
 *fill*         0x080044e6        0x2 00
 .text.disk_write
                0x080044e8       0xcc /tmp/ccfqHROa.ltrans2.ltrans.o
                0x080044e8                disk_write
 .text.move_window.5351
                0x080045b4       0x76 /tmp/ccfqHROa.ltrans2.ltrans.o
                0x080045b4                move_window.5351
 .text.get_fat  0x0800462a       0xc8 /tmp/ccfqHROa.ltrans2.ltrans.o
                0x0800462a                get_fat
 *fill*         0x080046f2        0x2 00
 .text.SCSI_Invalid_Cmd
                0x080046f4       0x3c /tmp/ccfqHROa.ltrans2.ltrans.o
                0x080046f4                SCSI_Invalid_Cmd
 .text.SCSI_Address_Management
                0x08004730       0x74 /tmp/ccfqHROa.ltrans2.ltrans.o
                0x08004730                SCSI_Address_Management
 .text.SCSI_Read10_Cmd
                0x080047a4       0x6c /tmp/ccfqHROa.ltrans2.ltrans.o
                0x080047a4                SCSI_Read10_Cmd
 .text.EP1_IN_Callback.4078
                0x08004810       0x5c /tmp/ccfqHROa.ltrans2.ltrans.o
 .text.si446x_setup
                0x0800486c      0x8cc /tmp/ccfqHROa.ltrans2.ltrans.o
                0x0800486c                si446x_setup
 .text.EP2_OUT_Callback.4010
                0x08005138      0x310 /tmp/ccfqHROa.ltrans3.ltrans.o
 .text.detect_sensors
                0x08005448       0x80 /tmp/ccfqHROa.ltrans3.ltrans.o
                0x08005448                detect_sensors
 .text.dir_next.5434
                0x080054c8       0xfa /tmp/ccfqHROa.ltrans3.ltrans.o
                0x080054c8                dir_next.5434
 *fill*         0x080055c2        0x2 00
 .text.disk_initialize
                0x080055c4      0x164 /tmp/ccfqHROa.ltrans3.ltrans.o
                0x080055c4                disk_initialize
 .text.chk_mounted.5372
                0x08005728      0x318 /tmp/ccfqHROa.ltrans3.ltrans.o
                0x08005728                chk_mounted.5372
 .text.MASS_Data_Setup
                0x08005a40       0x38 /tmp/ccfqHROa.ltrans4.ltrans.o
                0x08005a40                MASS_Data_Setup
 .text.Mass_Storage_ClearFeature.4070
                0x08005a78       0x18 /tmp/ccfqHROa.ltrans4.ltrans.o
 .text.MASS_init
                0x08005a90       0x70 /tmp/ccfqHROa.ltrans4.ltrans.o
                0x08005a90                MASS_init
 .text.MAL_GetStatus
                0x08005b00       0xc4 /tmp/ccfqHROa.ltrans4.ltrans.o
                0x08005b00                MAL_GetStatus
 .text.send_string_to_silabs.constprop.33
                0x08005bc4       0x38 /tmp/ccfqHROa.ltrans4.ltrans.o
                0x08005bc4                send_string_to_silabs.constprop.33
 .text.si446x_spi_state_machine.constprop.30
                0x08005bfc      0x2a4 /tmp/ccfqHROa.ltrans4.ltrans.o
                0x08005bfc                si446x_spi_state_machine.constprop.30
 .text.si446x_state_machine
                0x08005ea0      0x378 /tmp/ccfqHROa.ltrans4.ltrans.o
                0x08005ea0                si446x_state_machine
 .text.Gps_Process_Byte.constprop.29
                0x08006218      0x1d8 /tmp/ccfqHROa.ltrans4.ltrans.o
                0x08006218                Gps_Process_Byte.constprop.29
 .text.Pop_From_Dma_Buffer.constprop.28
                0x080063f0       0x28 /tmp/ccfqHROa.ltrans4.ltrans.o
                0x080063f0                Pop_From_Dma_Buffer.constprop.28
 .text.Get_UBX_Ack.constprop.27
                0x08006418       0xa0 /tmp/ccfqHROa.ltrans4.ltrans.o
                0x08006418                Get_UBX_Ack.constprop.27
 .text.USART2_reconf.constprop.26
                0x080064b8       0x50 /tmp/ccfqHROa.ltrans4.ltrans.o
                0x080064b8                USART2_reconf.constprop.26
 .text.Gps_Send_Utf8
                0x08006508       0x1a /tmp/ccfqHROa.ltrans4.ltrans.o
                0x08006508                Gps_Send_Utf8
 .text.Gps_Send_Str
                0x08006522       0x16 /tmp/ccfqHROa.ltrans4.ltrans.o
                0x08006522                Gps_Send_Str
 .text.I2C1_EV_IRQHandler
                0x08006538      0x5b0 /tmp/ccfqHROa.ltrans5.ltrans.o
                0x08006538                I2C1_EV_IRQHandler
 .text.EXTI15_10_IRQHandler
                0x08006ae8       0x38 /tmp/ccfqHROa.ltrans5.ltrans.o
                0x08006ae8                EXTI15_10_IRQHandler
 .text.DMA1_Channel2_IRQHandler
                0x08006b20       0x4c /tmp/ccfqHROa.ltrans5.ltrans.o
                0x08006b20                DMA1_Channel2_IRQHandler
 .text.EXTI0_IRQHandler
                0x08006b6c       0x40 /tmp/ccfqHROa.ltrans5.ltrans.o
                0x08006b6c                EXTI0_IRQHandler
 .text.USART3_IRQHandler
                0x08006bac       0x98 /tmp/ccfqHROa.ltrans5.ltrans.o
                0x08006bac                USART3_IRQHandler
 .text.f_sync   0x08006c44      0x180 /tmp/ccfqHROa.ltrans5.ltrans.o
                0x08006c44                f_sync
 .text.file_preallocation_control.part.1.6797
                0x08006dc4       0x26 /tmp/ccfqHROa.ltrans5.ltrans.o
                0x08006dc4                file_preallocation_control.part.1.6797
 .text.f_close  0x08006dea        0xe /tmp/ccfqHROa.ltrans5.ltrans.o
                0x08006dea                f_close
 .text.shutdown_filesystem
                0x08006df8      0x130 /tmp/ccfqHROa.ltrans5.ltrans.o
                0x08006df8                shutdown_filesystem
 .text.put_fat.4144
                0x08006f28       0xf2 /tmp/ccfqHROa.ltrans6.ltrans.o
 *fill*         0x0800701a        0x2 00
 .text.unlikely.f_read.constprop.12
                0x0800701c      0x19c /tmp/ccfqHROa.ltrans6.ltrans.o
                0x0800701c                f_read.constprop.12
 .text.SCSI_Write10_Cmd
                0x080071b8      0x144 /tmp/ccfqHROa.ltrans6.ltrans.o
                0x080071b8                SCSI_Write10_Cmd
 .text.remove_chain.5464
                0x080072fc       0x54 /tmp/ccfqHROa.ltrans6.ltrans.o
                0x080072fc                remove_chain.5464
 .text.f_truncate
                0x08007350       0x92 /tmp/ccfqHROa.ltrans6.ltrans.o
                0x08007350                f_truncate
 .text.create_chain.5430
                0x080073e2       0x9a /tmp/ccfqHROa.ltrans6.ltrans.o
                0x080073e2                create_chain.5430
 .text.f_lseek  0x0800747c      0x140 /tmp/ccfqHROa.ltrans6.ltrans.o
                0x0800747c                f_lseek
 .text.f_write  0x080075bc      0x19a /tmp/ccfqHROa.ltrans6.ltrans.o
                0x080075bc                f_write
 *fill*         0x08007756        0x2 00
 .text.f_puts.constprop.9
                0x08007758       0x34 /tmp/ccfqHROa.ltrans6.ltrans.o
                0x08007758                f_puts.constprop.9
 .text.__fat_print_char
                0x0800778c       0x1c /tmp/ccfqHROa.ltrans6.ltrans.o
                0x0800778c                __fat_print_char
 .text.dir_sdi.5398
                0x080077a8       0x84 /tmp/ccfqHROa.ltrans6.ltrans.o
                0x080077a8                dir_sdi.5398
 .text.dir_find.part.4.5438.4114
                0x0800782c      0x184 /tmp/ccfqHROa.ltrans7.ltrans.o
 .text.follow_path.5444
                0x080079b0      0x294 /tmp/ccfqHROa.ltrans7.ltrans.o
                0x080079b0                follow_path.5444
 .text.f_open   0x08007c44      0x3d0 /tmp/ccfqHROa.ltrans7.ltrans.o
                0x08007c44                f_open
 .text.USB_LP_CAN1_RX0_IRQHandler
                0x08008014      0x108 /tmp/ccfqHROa.ltrans8.ltrans.o
                0x08008014                USB_LP_CAN1_RX0_IRQHandler
 .text.USB_HP_CAN1_TX_IRQHandler
                0x0800811c        0x4 /tmp/ccfqHROa.ltrans8.ltrans.o
                0x0800811c                USB_HP_CAN1_TX_IRQHandler
 .text.SysTick_Handler
                0x08008120      0x5c0 /tmp/ccfqHROa.ltrans8.ltrans.o
                0x08008120                SysTick_Handler
 .text.ADC1_2_IRQHandler
                0x080086e0       0x6c /tmp/ccfqHROa.ltrans8.ltrans.o
                0x080086e0                ADC1_2_IRQHandler
 .text.I2C1_ER_IRQHandler
                0x0800874c      0x144 /tmp/ccfqHROa.ltrans8.ltrans.o
                0x0800874c                I2C1_ER_IRQHandler
 .text.USART1_IRQHandler
                0x08008890       0x34 /tmp/ccfqHROa.ltrans9.ltrans.o
                0x08008890                USART1_IRQHandler
 .text.malloc   0x080088c4       0x10 /home/laurence/ARM-GCC/bin/../lib/gcc/arm-none-eabi/4.7.4/../../../../arm-none-eabi/lib/armv7-m/libc.a(lib_a-malloc.o)
                0x080088c4                malloc
 .text._malloc_r
                0x080088d4      0x530 /home/laurence/ARM-GCC/bin/../lib/gcc/arm-none-eabi/4.7.4/../../../../arm-none-eabi/lib/armv7-m/libc.a(lib_a-mallocr.o)
                0x080088d4                _malloc_r
 .text.memcmp   0x08008e04       0xb8 /home/laurence/ARM-GCC/bin/../lib/gcc/arm-none-eabi/4.7.4/../../../../arm-none-eabi/lib/armv7-m/libc.a(lib_a-memcmp.o)
                0x08008e04                memcmp
 .text.memcpy   0x08008ebc      0x15c /home/laurence/ARM-GCC/bin/../lib/gcc/arm-none-eabi/4.7.4/../../../../arm-none-eabi/lib/armv7-m/libc.a(lib_a-memcpy.o)
                0x08008ebc                memcpy
 .text.__malloc_lock
                0x08009018        0x4 /home/laurence/ARM-GCC/bin/../lib/gcc/arm-none-eabi/4.7.4/../../../../arm-none-eabi/lib/armv7-m/libc.a(lib_a-mlock.o)
                0x08009018                __malloc_lock
 .text.__malloc_unlock
                0x0800901c        0x4 /home/laurence/ARM-GCC/bin/../lib/gcc/arm-none-eabi/4.7.4/../../../../arm-none-eabi/lib/armv7-m/libc.a(lib_a-mlock.o)
                0x0800901c                __malloc_unlock
 .text._sbrk_r  0x08009020       0x24 /home/laurence/ARM-GCC/bin/../lib/gcc/arm-none-eabi/4.7.4/../../../../arm-none-eabi/lib/armv7-m/libc.a(lib_a-sbrkr.o)
                0x08009020                _sbrk_r
 .text.strcat   0x08009044       0x4c /home/laurence/ARM-GCC/bin/../lib/gcc/arm-none-eabi/4.7.4/../../../../arm-none-eabi/lib/armv7-m/libc.a(lib_a-strcat.o)
                0x08009044                strcat
 .text.strchr   0x08009090       0xfc /home/laurence/ARM-GCC/bin/../lib/gcc/arm-none-eabi/4.7.4/../../../../arm-none-eabi/lib/armv7-m/libc.a(lib_a-strchr.o)
                0x08009090                strchr
 .text.strcpy   0x0800918c       0xbc /home/laurence/ARM-GCC/bin/../lib/gcc/arm-none-eabi/4.7.4/../../../../arm-none-eabi/lib/armv7-m/libc.a(lib_a-strcpy.o)
                0x0800918c                strcpy
 .text.strlen   0x08009248       0x60 /home/laurence/ARM-GCC/bin/../lib/gcc/arm-none-eabi/4.7.4/../../../../arm-none-eabi/lib/armv7-m/libc.a(lib_a-strlen.o)
                0x08009248                strlen
 .text.strncmp  0x080092a8      0x120 /home/laurence/ARM-GCC/bin/../lib/gcc/arm-none-eabi/4.7.4/../../../../arm-none-eabi/lib/armv7-m/libc.a(lib_a-strncmp.o)
                0x080092a8                strncmp
 .text.strncpy  0x080093c8      0x10c /home/laurence/ARM-GCC/bin/../lib/gcc/arm-none-eabi/4.7.4/../../../../arm-none-eabi/lib/armv7-m/libc.a(lib_a-strncpy.o)
                0x080093c8                strncpy
 .text._malloc_trim_r
                0x080094d4       0x98 /home/laurence/ARM-GCC/bin/../lib/gcc/arm-none-eabi/4.7.4/../../../../arm-none-eabi/lib/armv7-m/libc.a(lib_a-freer.o)
                0x080094d4                _malloc_trim_r
 .text._free_r  0x0800956c      0x194 /home/laurence/ARM-GCC/bin/../lib/gcc/arm-none-eabi/4.7.4/../../../../arm-none-eabi/lib/armv7-m/libc.a(lib_a-freer.o)
                0x0800956c                _free_r
 .text.Reset_Handler
                0x08009700       0x48 lib/CMSIS_CM3/startup/gcc/startup_stm32f10x_md.o
                0x08009700                Reset_Handler
 .text.Default_Handler
                0x08009748        0x4 lib/CMSIS_CM3/startup/gcc/startup_stm32f10x_md.o
                0x08009748                EXTI2_IRQHandler
                0x08009748                DebugMon_Handler
                0x08009748                TIM1_CC_IRQHandler
                0x08009748                HardFault_Handler
                0x08009748                PVD_IRQHandler
                0x08009748                PendSV_Handler
                0x08009748                NMI_Handler
                0x08009748                EXTI3_IRQHandler
                0x08009748                I2C2_EV_IRQHandler
                0x08009748                UsageFault_Handler
                0x08009748                SPI1_IRQHandler
                0x08009748                TAMPER_IRQHandler
                0x08009748                DMA1_Channel4_IRQHandler
                0x08009748                RTC_IRQHandler
                0x08009748                DMA1_Channel7_IRQHandler
                0x08009748                CAN1_RX1_IRQHandler
                0x08009748                TIM4_IRQHandler
                0x08009748                DMA1_Channel6_IRQHandler
                0x08009748                TIM3_IRQHandler
                0x08009748                RCC_IRQHandler
                0x08009748                TIM1_TRG_COM_IRQHandler
                0x08009748                DMA1_Channel1_IRQHandler
                0x08009748                Default_Handler
                0x08009748                EXTI9_5_IRQHandler
                0x08009748                SPI2_IRQHandler
                0x08009748                MemManage_Handler
                0x08009748                SVC_Handler
                0x08009748                DMA1_Channel5_IRQHandler
                0x08009748                EXTI4_IRQHandler
                0x08009748                DMA1_Channel3_IRQHandler
                0x08009748                TIM1_UP_IRQHandler
                0x08009748                WWDG_IRQHandler
                0x08009748                TIM2_IRQHandler
                0x08009748                TIM1_BRK_IRQHandler
                0x08009748                EXTI1_IRQHandler
                0x08009748                RTCAlarm_IRQHandler
                0x08009748                USART2_IRQHandler
                0x08009748                I2C2_ER_IRQHandler
                0x08009748                CAN1_SCE_IRQHandler
                0x08009748                FLASH_IRQHandler
                0x08009748                BusFault_Handler
                0x08009748                USBWakeUp_IRQHandler
 .text.NVIC_PriorityGroupConfig
                0x0800974c       0x14 lib/STM32F10x_StdPeriph_Driver/libstm32fw.a(misc.o)
                0x0800974c                NVIC_PriorityGroupConfig
 .text.NVIC_Init
                0x08009760       0x68 lib/STM32F10x_StdPeriph_Driver/libstm32fw.a(misc.o)
                0x08009760                NVIC_Init
 .text.NVIC_SetVectorTable
                0x080097c8       0x14 lib/STM32F10x_StdPeriph_Driver/libstm32fw.a(misc.o)
                0x080097c8                NVIC_SetVectorTable
 .text.SysTick_CLKSourceConfig
                0x080097dc       0x18 lib/STM32F10x_StdPeriph_Driver/libstm32fw.a(misc.o)
                0x080097dc                SysTick_CLKSourceConfig
 .text.ADC_DeInit
                0x080097f4       0x5c lib/STM32F10x_StdPeriph_Driver/libstm32fw.a(stm32f10x_adc.o)
                0x080097f4                ADC_DeInit
 .text.ADC_Init
                0x08009850       0x48 lib/STM32F10x_StdPeriph_Driver/libstm32fw.a(stm32f10x_adc.o)
                0x08009850                ADC_Init
 .text.ADC_Cmd  0x08009898       0x12 lib/STM32F10x_StdPeriph_Driver/libstm32fw.a(stm32f10x_adc.o)
                0x08009898                ADC_Cmd
 .text.ADC_ResetCalibration
                0x080098aa        0xa lib/STM32F10x_StdPeriph_Driver/libstm32fw.a(stm32f10x_adc.o)
                0x080098aa                ADC_ResetCalibration
 .text.ADC_GetResetCalibrationStatus
                0x080098b4        0x8 lib/STM32F10x_StdPeriph_Driver/libstm32fw.a(stm32f10x_adc.o)
                0x080098b4                ADC_GetResetCalibrationStatus
 .text.ADC_StartCalibration
                0x080098bc        0xa lib/STM32F10x_StdPeriph_Driver/libstm32fw.a(stm32f10x_adc.o)
                0x080098bc                ADC_StartCalibration
 .text.ADC_GetCalibrationStatus
                0x080098c6        0x8 lib/STM32F10x_StdPeriph_Driver/libstm32fw.a(stm32f10x_adc.o)
                0x080098c6                ADC_GetCalibrationStatus
 .text.ADC_SoftwareStartConvCmd
                0x080098ce       0x12 lib/STM32F10x_StdPeriph_Driver/libstm32fw.a(stm32f10x_adc.o)
                0x080098ce                ADC_SoftwareStartConvCmd
 .text.ADC_RegularChannelConfig
                0x080098e0       0x9a lib/STM32F10x_StdPeriph_Driver/libstm32fw.a(stm32f10x_adc.o)
                0x080098e0                ADC_RegularChannelConfig
 .text.ADC_GetConversionValue
                0x0800997a        0x6 lib/STM32F10x_StdPeriph_Driver/libstm32fw.a(stm32f10x_adc.o)
                0x0800997a                ADC_GetConversionValue
 .text.ADC_ExternalTrigInjectedConvConfig
                0x08009980        0xc lib/STM32F10x_StdPeriph_Driver/libstm32fw.a(stm32f10x_adc.o)
                0x08009980                ADC_ExternalTrigInjectedConvConfig
 .text.ADC_SoftwareStartInjectedConvCmd
                0x0800998c       0x12 lib/STM32F10x_StdPeriph_Driver/libstm32fw.a(stm32f10x_adc.o)
                0x0800998c                ADC_SoftwareStartInjectedConvCmd
 .text.ADC_InjectedChannelConfig
                0x0800999e       0x60 lib/STM32F10x_StdPeriph_Driver/libstm32fw.a(stm32f10x_adc.o)
                0x0800999e                ADC_InjectedChannelConfig
 .text.ADC_InjectedSequencerLengthConfig
                0x080099fe       0x10 lib/STM32F10x_StdPeriph_Driver/libstm32fw.a(stm32f10x_adc.o)
                0x080099fe                ADC_InjectedSequencerLengthConfig
 .text.ADC_GetInjectedConversionValue
                0x08009a0e       0x1a lib/STM32F10x_StdPeriph_Driver/libstm32fw.a(stm32f10x_adc.o)
                0x08009a0e                ADC_GetInjectedConversionValue
 .text.ADC_GetFlagStatus
                0x08009a28        0xc lib/STM32F10x_StdPeriph_Driver/libstm32fw.a(stm32f10x_adc.o)
                0x08009a28                ADC_GetFlagStatus
 .text.ADC_ClearFlag
                0x08009a34        0x6 lib/STM32F10x_StdPeriph_Driver/libstm32fw.a(stm32f10x_adc.o)
                0x08009a34                ADC_ClearFlag
 .text.ADC_GetITStatus
                0x08009a3a       0x16 lib/STM32F10x_StdPeriph_Driver/libstm32fw.a(stm32f10x_adc.o)
                0x08009a3a                ADC_GetITStatus
 .text.ADC_ClearITPendingBit
                0x08009a50        0x8 lib/STM32F10x_StdPeriph_Driver/libstm32fw.a(stm32f10x_adc.o)
                0x08009a50                ADC_ClearITPendingBit
 .text.BKP_DeInit
                0x08009a58       0x12 lib/STM32F10x_StdPeriph_Driver/libstm32fw.a(stm32f10x_bkp.o)
                0x08009a58                BKP_DeInit
 *fill*         0x08009a6a        0x2 00
 .text.BKP_RTCOutputConfig
                0x08009a6c       0x18 lib/STM32F10x_StdPeriph_Driver/libstm32fw.a(stm32f10x_bkp.o)
                0x08009a6c                BKP_RTCOutputConfig
 .text.BKP_SetRTCCalibrationValue
                0x08009a84       0x18 lib/STM32F10x_StdPeriph_Driver/libstm32fw.a(stm32f10x_bkp.o)
                0x08009a84                BKP_SetRTCCalibrationValue
 .text.BKP_WriteBackupRegister
                0x08009a9c       0x1c lib/STM32F10x_StdPeriph_Driver/libstm32fw.a(stm32f10x_bkp.o)
                0x08009a9c                BKP_WriteBackupRegister
 .text.BKP_ReadBackupRegister
                0x08009ab8       0x20 lib/STM32F10x_StdPeriph_Driver/libstm32fw.a(stm32f10x_bkp.o)
                0x08009ab8                BKP_ReadBackupRegister
 .text.DBGMCU_Config
                0x08009ad8       0x18 lib/STM32F10x_StdPeriph_Driver/libstm32fw.a(stm32f10x_dbgmcu.o)
                0x08009ad8                DBGMCU_Config
 .text.DMA_DeInit
                0x08009af0       0xec lib/STM32F10x_StdPeriph_Driver/libstm32fw.a(stm32f10x_dma.o)
                0x08009af0                DMA_DeInit
 .text.DMA_Init
                0x08009bdc       0x40 lib/STM32F10x_StdPeriph_Driver/libstm32fw.a(stm32f10x_dma.o)
                0x08009bdc                DMA_Init
 .text.DMA_Cmd  0x08009c1c       0x12 lib/STM32F10x_StdPeriph_Driver/libstm32fw.a(stm32f10x_dma.o)
                0x08009c1c                DMA_Cmd
 .text.DMA_ITConfig
                0x08009c2e       0x10 lib/STM32F10x_StdPeriph_Driver/libstm32fw.a(stm32f10x_dma.o)
                0x08009c2e                DMA_ITConfig
 .text.DMA_GetCurrDataCounter
                0x08009c3e        0x6 lib/STM32F10x_StdPeriph_Driver/libstm32fw.a(stm32f10x_dma.o)
                0x08009c3e                DMA_GetCurrDataCounter
 .text.DMA_GetFlagStatus
                0x08009c44       0x1c lib/STM32F10x_StdPeriph_Driver/libstm32fw.a(stm32f10x_dma.o)
                0x08009c44                DMA_GetFlagStatus
 .text.DMA_ClearFlag
                0x08009c60       0x14 lib/STM32F10x_StdPeriph_Driver/libstm32fw.a(stm32f10x_dma.o)
                0x08009c60                DMA_ClearFlag
 .text.DMA_GetITStatus
                0x08009c74       0x1c lib/STM32F10x_StdPeriph_Driver/libstm32fw.a(stm32f10x_dma.o)
                0x08009c74                DMA_GetITStatus
 .text.DMA_ClearITPendingBit
                0x08009c90       0x14 lib/STM32F10x_StdPeriph_Driver/libstm32fw.a(stm32f10x_dma.o)
                0x08009c90                DMA_ClearITPendingBit
 .text.EXTI_DeInit
                0x08009ca4       0x1c lib/STM32F10x_StdPeriph_Driver/libstm32fw.a(stm32f10x_exti.o)
                0x08009ca4                EXTI_DeInit
 .text.EXTI_Init
                0x08009cc0       0x88 lib/STM32F10x_StdPeriph_Driver/libstm32fw.a(stm32f10x_exti.o)
                0x08009cc0                EXTI_Init
 .text.EXTI_GetITStatus
                0x08009d48       0x20 lib/STM32F10x_StdPeriph_Driver/libstm32fw.a(stm32f10x_exti.o)
                0x08009d48                EXTI_GetITStatus
 .text.EXTI_ClearITPendingBit
                0x08009d68        0xc lib/STM32F10x_StdPeriph_Driver/libstm32fw.a(stm32f10x_exti.o)
                0x08009d68                EXTI_ClearITPendingBit
 .text.GPIO_Init
                0x08009d74       0x9a lib/STM32F10x_StdPeriph_Driver/libstm32fw.a(stm32f10x_gpio.o)
                0x08009d74                GPIO_Init
 .text.GPIO_StructInit
                0x08009e0e       0x10 lib/STM32F10x_StdPeriph_Driver/libstm32fw.a(stm32f10x_gpio.o)
                0x08009e0e                GPIO_StructInit
 .text.GPIO_ReadInputDataBit
                0x08009e1e        0xc lib/STM32F10x_StdPeriph_Driver/libstm32fw.a(stm32f10x_gpio.o)
                0x08009e1e                GPIO_ReadInputDataBit
 .text.GPIO_SetBits
                0x08009e2a        0x4 lib/STM32F10x_StdPeriph_Driver/libstm32fw.a(stm32f10x_gpio.o)
                0x08009e2a                GPIO_SetBits
 .text.GPIO_ResetBits
                0x08009e2e        0x4 lib/STM32F10x_StdPeriph_Driver/libstm32fw.a(stm32f10x_gpio.o)
                0x08009e2e                GPIO_ResetBits
 .text.GPIO_WriteBit
                0x08009e32        0xa lib/STM32F10x_StdPeriph_Driver/libstm32fw.a(stm32f10x_gpio.o)
                0x08009e32                GPIO_WriteBit
 .text.GPIO_PinRemapConfig
                0x08009e3c       0x58 lib/STM32F10x_StdPeriph_Driver/libstm32fw.a(stm32f10x_gpio.o)
                0x08009e3c                GPIO_PinRemapConfig
 .text.GPIO_EXTILineConfig
                0x08009e94       0x34 lib/STM32F10x_StdPeriph_Driver/libstm32fw.a(stm32f10x_gpio.o)
                0x08009e94                GPIO_EXTILineConfig
 .text.I2C_DeInit
                0x08009ec8       0x34 lib/STM32F10x_StdPeriph_Driver/libstm32fw.a(stm32f10x_i2c.o)
                0x08009ec8                I2C_DeInit
 .text.I2C_Init
                0x08009efc       0xd4 lib/STM32F10x_StdPeriph_Driver/libstm32fw.a(stm32f10x_i2c.o)
                0x08009efc                I2C_Init
 .text.I2C_Cmd  0x08009fd0       0x18 lib/STM32F10x_StdPeriph_Driver/libstm32fw.a(stm32f10x_i2c.o)
                0x08009fd0                I2C_Cmd
 .text.I2C_GenerateSTART
                0x08009fe8       0x18 lib/STM32F10x_StdPeriph_Driver/libstm32fw.a(stm32f10x_i2c.o)
                0x08009fe8                I2C_GenerateSTART
 .text.I2C_GenerateSTOP
                0x0800a000       0x18 lib/STM32F10x_StdPeriph_Driver/libstm32fw.a(stm32f10x_i2c.o)
                0x0800a000                I2C_GenerateSTOP
 .text.I2C_AcknowledgeConfig
                0x0800a018       0x18 lib/STM32F10x_StdPeriph_Driver/libstm32fw.a(stm32f10x_i2c.o)
                0x0800a018                I2C_AcknowledgeConfig
 .text.I2C_ITConfig
                0x0800a030       0x12 lib/STM32F10x_StdPeriph_Driver/libstm32fw.a(stm32f10x_i2c.o)
                0x0800a030                I2C_ITConfig
 .text.I2C_SendData
                0x0800a042        0x4 lib/STM32F10x_StdPeriph_Driver/libstm32fw.a(stm32f10x_i2c.o)
                0x0800a042                I2C_SendData
 .text.I2C_ReceiveData
                0x0800a046        0x6 lib/STM32F10x_StdPeriph_Driver/libstm32fw.a(stm32f10x_i2c.o)
                0x0800a046                I2C_ReceiveData
 .text.I2C_Send7bitAddress
                0x0800a04c       0x10 lib/STM32F10x_StdPeriph_Driver/libstm32fw.a(stm32f10x_i2c.o)
                0x0800a04c                I2C_Send7bitAddress
 .text.I2C_SoftwareResetCmd
                0x0800a05c       0x18 lib/STM32F10x_StdPeriph_Driver/libstm32fw.a(stm32f10x_i2c.o)
                0x0800a05c                I2C_SoftwareResetCmd
 .text.IWDG_WriteAccessCmd
                0x0800a074        0xc lib/STM32F10x_StdPeriph_Driver/libstm32fw.a(stm32f10x_iwdg.o)
                0x0800a074                IWDG_WriteAccessCmd
 .text.IWDG_SetPrescaler
                0x0800a080        0xc lib/STM32F10x_StdPeriph_Driver/libstm32fw.a(stm32f10x_iwdg.o)
                0x0800a080                IWDG_SetPrescaler
 .text.IWDG_SetReload
                0x0800a08c        0xc lib/STM32F10x_StdPeriph_Driver/libstm32fw.a(stm32f10x_iwdg.o)
                0x0800a08c                IWDG_SetReload
 .text.IWDG_ReloadCounter
                0x0800a098       0x10 lib/STM32F10x_StdPeriph_Driver/libstm32fw.a(stm32f10x_iwdg.o)
                0x0800a098                IWDG_ReloadCounter
 .text.IWDG_Enable
                0x0800a0a8       0x10 lib/STM32F10x_StdPeriph_Driver/libstm32fw.a(stm32f10x_iwdg.o)
                0x0800a0a8                IWDG_Enable
 .text.PWR_DeInit
                0x0800a0b8       0x1a lib/STM32F10x_StdPeriph_Driver/libstm32fw.a(stm32f10x_pwr.o)
                0x0800a0b8                PWR_DeInit
 *fill*         0x0800a0d2        0x2 00
 .text.PWR_BackupAccessCmd
                0x0800a0d4        0xc lib/STM32F10x_StdPeriph_Driver/libstm32fw.a(stm32f10x_pwr.o)
                0x0800a0d4                PWR_BackupAccessCmd
 .text.PWR_WakeUpPinCmd
                0x0800a0e0        0xc lib/STM32F10x_StdPeriph_Driver/libstm32fw.a(stm32f10x_pwr.o)
                0x0800a0e0                PWR_WakeUpPinCmd
 .text.PWR_EnterSTANDBYMode
                0x0800a0ec       0x28 lib/STM32F10x_StdPeriph_Driver/libstm32fw.a(stm32f10x_pwr.o)
                0x0800a0ec                PWR_EnterSTANDBYMode
 .text.RCC_HCLKConfig
                0x0800a114       0x14 lib/STM32F10x_StdPeriph_Driver/libstm32fw.a(stm32f10x_rcc.o)
                0x0800a114                RCC_HCLKConfig
 .text.RCC_USBCLKConfig
                0x0800a128        0xc lib/STM32F10x_StdPeriph_Driver/libstm32fw.a(stm32f10x_rcc.o)
                0x0800a128                RCC_USBCLKConfig
 .text.RCC_ADCCLKConfig
                0x0800a134       0x14 lib/STM32F10x_StdPeriph_Driver/libstm32fw.a(stm32f10x_rcc.o)
                0x0800a134                RCC_ADCCLKConfig
 .text.RCC_LSEConfig
                0x0800a148       0x20 lib/STM32F10x_StdPeriph_Driver/libstm32fw.a(stm32f10x_rcc.o)
                0x0800a148                RCC_LSEConfig
 .text.RCC_RTCCLKConfig
                0x0800a168       0x10 lib/STM32F10x_StdPeriph_Driver/libstm32fw.a(stm32f10x_rcc.o)
                0x0800a168                RCC_RTCCLKConfig
 .text.RCC_RTCCLKCmd
                0x0800a178        0xc lib/STM32F10x_StdPeriph_Driver/libstm32fw.a(stm32f10x_rcc.o)
                0x0800a178                RCC_RTCCLKCmd
 .text.RCC_GetClocksFreq
                0x0800a184       0x9c lib/STM32F10x_StdPeriph_Driver/libstm32fw.a(stm32f10x_rcc.o)
                0x0800a184                RCC_GetClocksFreq
 .text.RCC_AHBPeriphClockCmd
                0x0800a220       0x18 lib/STM32F10x_StdPeriph_Driver/libstm32fw.a(stm32f10x_rcc.o)
                0x0800a220                RCC_AHBPeriphClockCmd
 .text.RCC_APB2PeriphClockCmd
                0x0800a238       0x18 lib/STM32F10x_StdPeriph_Driver/libstm32fw.a(stm32f10x_rcc.o)
                0x0800a238                RCC_APB2PeriphClockCmd
 .text.RCC_APB1PeriphClockCmd
                0x0800a250       0x18 lib/STM32F10x_StdPeriph_Driver/libstm32fw.a(stm32f10x_rcc.o)
                0x0800a250                RCC_APB1PeriphClockCmd
 .text.RCC_APB2PeriphResetCmd
                0x0800a268       0x18 lib/STM32F10x_StdPeriph_Driver/libstm32fw.a(stm32f10x_rcc.o)
                0x0800a268                RCC_APB2PeriphResetCmd
 .text.RCC_APB1PeriphResetCmd
                0x0800a280       0x18 lib/STM32F10x_StdPeriph_Driver/libstm32fw.a(stm32f10x_rcc.o)
                0x0800a280                RCC_APB1PeriphResetCmd
 .text.RCC_BackupResetCmd
                0x0800a298        0xc lib/STM32F10x_StdPeriph_Driver/libstm32fw.a(stm32f10x_rcc.o)
                0x0800a298                RCC_BackupResetCmd
 .text.RCC_GetFlagStatus
                0x0800a2a4       0x28 lib/STM32F10x_StdPeriph_Driver/libstm32fw.a(stm32f10x_rcc.o)
                0x0800a2a4                RCC_GetFlagStatus
 .text.RTC_EnterConfigMode
                0x0800a2cc       0x14 lib/STM32F10x_StdPeriph_Driver/libstm32fw.a(stm32f10x_rtc.o)
                0x0800a2cc                RTC_EnterConfigMode
 .text.RTC_ExitConfigMode
                0x0800a2e0       0x14 lib/STM32F10x_StdPeriph_Driver/libstm32fw.a(stm32f10x_rtc.o)
                0x0800a2e0                RTC_ExitConfigMode
 .text.RTC_GetCounter
                0x0800a2f4       0x14 lib/STM32F10x_StdPeriph_Driver/libstm32fw.a(stm32f10x_rtc.o)
                0x0800a2f4                RTC_GetCounter
 .text.RTC_SetCounter
                0x0800a308       0x20 lib/STM32F10x_StdPeriph_Driver/libstm32fw.a(stm32f10x_rtc.o)
                0x0800a308                RTC_SetCounter
 .text.RTC_SetPrescaler
                0x0800a328       0x20 lib/STM32F10x_StdPeriph_Driver/libstm32fw.a(stm32f10x_rtc.o)
                0x0800a328                RTC_SetPrescaler
 .text.RTC_WaitForLastTask
                0x0800a348       0x14 lib/STM32F10x_StdPeriph_Driver/libstm32fw.a(stm32f10x_rtc.o)
                0x0800a348                RTC_WaitForLastTask
 .text.RTC_WaitForSynchro
                0x0800a35c       0x24 lib/STM32F10x_StdPeriph_Driver/libstm32fw.a(stm32f10x_rtc.o)
                0x0800a35c                RTC_WaitForSynchro
 .text.SPI_Init
                0x0800a380       0x3e lib/STM32F10x_StdPeriph_Driver/libstm32fw.a(stm32f10x_spi.o)
                0x0800a380                SPI_Init
 .text.SPI_StructInit
                0x0800a3be       0x18 lib/STM32F10x_StdPeriph_Driver/libstm32fw.a(stm32f10x_spi.o)
                0x0800a3be                SPI_StructInit
 .text.SPI_Cmd  0x0800a3d6       0x18 lib/STM32F10x_StdPeriph_Driver/libstm32fw.a(stm32f10x_spi.o)
                0x0800a3d6                SPI_Cmd
 .text.SPI_I2S_DMACmd
                0x0800a3ee       0x12 lib/STM32F10x_StdPeriph_Driver/libstm32fw.a(stm32f10x_spi.o)
                0x0800a3ee                SPI_I2S_DMACmd
 .text.SPI_I2S_SendData
                0x0800a400        0x4 lib/STM32F10x_StdPeriph_Driver/libstm32fw.a(stm32f10x_spi.o)
                0x0800a400                SPI_I2S_SendData
 .text.SPI_I2S_ReceiveData
                0x0800a404        0x6 lib/STM32F10x_StdPeriph_Driver/libstm32fw.a(stm32f10x_spi.o)
                0x0800a404                SPI_I2S_ReceiveData
 .text.SPI_CalculateCRC
                0x0800a40a       0x18 lib/STM32F10x_StdPeriph_Driver/libstm32fw.a(stm32f10x_spi.o)
                0x0800a40a                SPI_CalculateCRC
 .text.SPI_I2S_GetFlagStatus
                0x0800a422        0xc lib/STM32F10x_StdPeriph_Driver/libstm32fw.a(stm32f10x_spi.o)
                0x0800a422                SPI_I2S_GetFlagStatus
 *fill*         0x0800a42e        0x2 00
 .text.TIM_DeInit
                0x0800a430       0xc8 lib/STM32F10x_StdPeriph_Driver/libstm32fw.a(stm32f10x_tim.o)
                0x0800a430                TIM_DeInit
 .text.TIM_TimeBaseInit
                0x0800a4f8       0x3c lib/STM32F10x_StdPeriph_Driver/libstm32fw.a(stm32f10x_tim.o)
                0x0800a4f8                TIM_TimeBaseInit
 .text.TIM_OC1Init
                0x0800a534       0x74 lib/STM32F10x_StdPeriph_Driver/libstm32fw.a(stm32f10x_tim.o)
                0x0800a534                TIM_OC1Init
 .text.TIM_Cmd  0x0800a5a8       0x18 lib/STM32F10x_StdPeriph_Driver/libstm32fw.a(stm32f10x_tim.o)
                0x0800a5a8                TIM_Cmd
 .text.TIM_CtrlPWMOutputs
                0x0800a5c0       0x1c lib/STM32F10x_StdPeriph_Driver/libstm32fw.a(stm32f10x_tim.o)
                0x0800a5c0                TIM_CtrlPWMOutputs
 .text.TIM_ARRPreloadConfig
                0x0800a5dc       0x18 lib/STM32F10x_StdPeriph_Driver/libstm32fw.a(stm32f10x_tim.o)
                0x0800a5dc                TIM_ARRPreloadConfig
 .text.TIM_OC1PreloadConfig
                0x0800a5f4       0x10 lib/STM32F10x_StdPeriph_Driver/libstm32fw.a(stm32f10x_tim.o)
                0x0800a5f4                TIM_OC1PreloadConfig
 .text.TIM_SetCompare1
                0x0800a604        0x4 lib/STM32F10x_StdPeriph_Driver/libstm32fw.a(stm32f10x_tim.o)
                0x0800a604                TIM_SetCompare1
 .text.USART_DeInit
                0x0800a608       0x98 lib/STM32F10x_StdPeriph_Driver/libstm32fw.a(stm32f10x_usart.o)
                0x0800a608                USART_DeInit
 .text.USART_Init
                0x0800a6a0       0x88 lib/STM32F10x_StdPeriph_Driver/libstm32fw.a(stm32f10x_usart.o)
                0x0800a6a0                USART_Init
 .text.USART_Cmd
                0x0800a728       0x18 lib/STM32F10x_StdPeriph_Driver/libstm32fw.a(stm32f10x_usart.o)
                0x0800a728                USART_Cmd
 .text.USART_ITConfig
                0x0800a740       0x34 lib/STM32F10x_StdPeriph_Driver/libstm32fw.a(stm32f10x_usart.o)
                0x0800a740                USART_ITConfig
 .text.USART_DMACmd
                0x0800a774       0x12 lib/STM32F10x_StdPeriph_Driver/libstm32fw.a(stm32f10x_usart.o)
                0x0800a774                USART_DMACmd
 .text.USART_SendData
                0x0800a786        0x8 lib/STM32F10x_StdPeriph_Driver/libstm32fw.a(stm32f10x_usart.o)
                0x0800a786                USART_SendData
 .text.USART_ReceiveData
                0x0800a78e        0x8 lib/STM32F10x_StdPeriph_Driver/libstm32fw.a(stm32f10x_usart.o)
                0x0800a78e                USART_ReceiveData
 .text.USART_GetFlagStatus
                0x0800a796        0xc lib/STM32F10x_StdPeriph_Driver/libstm32fw.a(stm32f10x_usart.o)
                0x0800a796                USART_GetFlagStatus
 .text.USART_GetITStatus
                0x0800a7a2       0x40 lib/STM32F10x_StdPeriph_Driver/libstm32fw.a(stm32f10x_usart.o)
                0x0800a7a2                USART_GetITStatus
 .text.USART_ClearITPendingBit
                0x0800a7e2       0x10 lib/STM32F10x_StdPeriph_Driver/libstm32fw.a(stm32f10x_usart.o)
                0x0800a7e2                USART_ClearITPendingBit
 *fill*         0x0800a7f2        0x2 00
 .text.Standard_GetConfiguration
                0x0800a7f4       0x24 lib/STM32_USB-FS-Device_Driver/libstm32usb.a(usb_core.o)
                0x0800a7f4                Standard_GetConfiguration
 .text.Standard_GetInterface
                0x0800a818       0x24 lib/STM32_USB-FS-Device_Driver/libstm32usb.a(usb_core.o)
                0x0800a818                Standard_GetInterface
 .text.Standard_GetStatus
                0x0800a83c       0x9c lib/STM32_USB-FS-Device_Driver/libstm32usb.a(usb_core.o)
                0x0800a83c                Standard_GetStatus
 .text.DataStageIn
                0x0800a8d8       0xa4 lib/STM32_USB-FS-Device_Driver/libstm32usb.a(usb_core.o)
 .text.Standard_SetConfiguration
                0x0800a97c       0x38 lib/STM32_USB-FS-Device_Driver/libstm32usb.a(usb_core.o)
                0x0800a97c                Standard_SetConfiguration
 .text.Standard_SetInterface
                0x0800a9b4       0x48 lib/STM32_USB-FS-Device_Driver/libstm32usb.a(usb_core.o)
                0x0800a9b4                Standard_SetInterface
 .text.Standard_ClearFeature
                0x0800a9fc       0xdc lib/STM32_USB-FS-Device_Driver/libstm32usb.a(usb_core.o)
                0x0800a9fc                Standard_ClearFeature
 .text.Standard_SetEndPointFeature
                0x0800aad8       0x8c lib/STM32_USB-FS-Device_Driver/libstm32usb.a(usb_core.o)
                0x0800aad8                Standard_SetEndPointFeature
 .text.Standard_SetDeviceFeature
                0x0800ab64       0x24 lib/STM32_USB-FS-Device_Driver/libstm32usb.a(usb_core.o)
                0x0800ab64                Standard_SetDeviceFeature
 .text.Standard_GetDescriptorData
                0x0800ab88       0x1c lib/STM32_USB-FS-Device_Driver/libstm32usb.a(usb_core.o)
                0x0800ab88                Standard_GetDescriptorData
 .text.Post0_Process
                0x0800aba4       0x40 lib/STM32_USB-FS-Device_Driver/libstm32usb.a(usb_core.o)
                0x0800aba4                Post0_Process
 .text.Out0_Process
                0x0800abe4       0xd4 lib/STM32_USB-FS-Device_Driver/libstm32usb.a(usb_core.o)
                0x0800abe4                Out0_Process
 .text.Setup0_Process
                0x0800acb8      0x2f8 lib/STM32_USB-FS-Device_Driver/libstm32usb.a(usb_core.o)
                0x0800acb8                Setup0_Process
 .text.SetDeviceAddress
                0x0800afb0       0x40 lib/STM32_USB-FS-Device_Driver/libstm32usb.a(usb_core.o)
                0x0800afb0                SetDeviceAddress
 .text.In0_Process
                0x0800aff0       0x60 lib/STM32_USB-FS-Device_Driver/libstm32usb.a(usb_core.o)
                0x0800aff0                In0_Process
 .text.NOP_Process
                0x0800b050        0x2 lib/STM32_USB-FS-Device_Driver/libstm32usb.a(usb_core.o)
                0x0800b050                NOP_Process
 *fill*         0x0800b052        0x2 00
 .text.USB_Init
                0x0800b054       0x38 lib/STM32_USB-FS-Device_Driver/libstm32usb.a(usb_init.o)
                0x0800b054                USB_Init
 .text.CTR_LP   0x0800b08c      0x190 lib/STM32_USB-FS-Device_Driver/libstm32usb.a(usb_int.o)
                0x0800b08c                CTR_LP
 .text.CTR_HP   0x0800b21c       0x74 lib/STM32_USB-FS-Device_Driver/libstm32usb.a(usb_int.o)
                0x0800b21c                CTR_HP
 .text.UserToPMABufferCopy
                0x0800b290       0x2e lib/STM32_USB-FS-Device_Driver/libstm32usb.a(usb_mem.o)
                0x0800b290                UserToPMABufferCopy
 .text.PMAToUserBufferCopy
                0x0800b2be       0x24 lib/STM32_USB-FS-Device_Driver/libstm32usb.a(usb_mem.o)
                0x0800b2be                PMAToUserBufferCopy
 *fill*         0x0800b2e2        0x2 00
 .text.SetBTABLE
                0x0800b2e4       0x10 lib/STM32_USB-FS-Device_Driver/libstm32usb.a(usb_regs.o)
                0x0800b2e4                SetBTABLE
 .text.SetEPType
                0x0800b2f4       0x18 lib/STM32_USB-FS-Device_Driver/libstm32usb.a(usb_regs.o)
                0x0800b2f4                SetEPType
 .text.SetEPTxStatus
                0x0800b30c       0x3a lib/STM32_USB-FS-Device_Driver/libstm32usb.a(usb_regs.o)
                0x0800b30c                SetEPTxStatus
 .text.SetEPRxStatus
                0x0800b346       0x3a lib/STM32_USB-FS-Device_Driver/libstm32usb.a(usb_regs.o)
                0x0800b346                SetEPRxStatus
 .text.SetEPRxValid
                0x0800b380       0x22 lib/STM32_USB-FS-Device_Driver/libstm32usb.a(usb_regs.o)
                0x0800b380                SetEPRxValid
 .text.Clear_Status_Out
                0x0800b3a2       0x1e lib/STM32_USB-FS-Device_Driver/libstm32usb.a(usb_regs.o)
                0x0800b3a2                Clear_Status_Out
 .text.ClearDTOG_RX
                0x0800b3c0       0x24 lib/STM32_USB-FS-Device_Driver/libstm32usb.a(usb_regs.o)
                0x0800b3c0                ClearDTOG_RX
 .text.ClearDTOG_TX
                0x0800b3e4       0x24 lib/STM32_USB-FS-Device_Driver/libstm32usb.a(usb_regs.o)
                0x0800b3e4                ClearDTOG_TX
 .text.SetEPTxAddr
                0x0800b408       0x20 lib/STM32_USB-FS-Device_Driver/libstm32usb.a(usb_regs.o)
                0x0800b408                SetEPTxAddr
 .text.SetEPRxAddr
                0x0800b428       0x20 lib/STM32_USB-FS-Device_Driver/libstm32usb.a(usb_regs.o)
                0x0800b428                SetEPRxAddr
 .text.GetEPTxAddr
                0x0800b448       0x1c lib/STM32_USB-FS-Device_Driver/libstm32usb.a(usb_regs.o)
                0x0800b448                GetEPTxAddr
 .text.GetEPRxAddr
                0x0800b464       0x1c lib/STM32_USB-FS-Device_Driver/libstm32usb.a(usb_regs.o)
                0x0800b464                GetEPRxAddr
 .text.SetEPTxCount
                0x0800b480       0x1c lib/STM32_USB-FS-Device_Driver/libstm32usb.a(usb_regs.o)
                0x0800b480                SetEPTxCount
 .text.SetEPRxCount
                0x0800b49c       0x3c lib/STM32_USB-FS-Device_Driver/libstm32usb.a(usb_regs.o)
                0x0800b49c                SetEPRxCount
 .text.GetEPRxCount
                0x0800b4d8       0x20 lib/STM32_USB-FS-Device_Driver/libstm32usb.a(usb_regs.o)
                0x0800b4d8                GetEPRxCount
 .text.ByteSwap
                0x0800b4f8        0xa lib/STM32_USB-FS-Device_Driver/libstm32usb.a(usb_regs.o)
                0x0800b4f8                ByteSwap
 *fill*         0x0800b502        0x2 00
 .text.USB_SIL_Init
                0x0800b504       0x20 lib/STM32_USB-FS-Device_Driver/libstm32usb.a(usb_sil.o)
                0x0800b504                USB_SIL_Init
 .text.USB_SIL_Write
                0x0800b524       0x28 lib/STM32_USB-FS-Device_Driver/libstm32usb.a(usb_sil.o)
                0x0800b524                USB_SIL_Write
 .text.USB_SIL_Read
                0x0800b54c       0x24 lib/STM32_USB-FS-Device_Driver/libstm32usb.a(usb_sil.o)
                0x0800b54c                USB_SIL_Read
 .text.memset   0x0800b570      0x12c /home/laurence/ARM-GCC/bin/../lib/gcc/arm-none-eabi/4.7.4/../../../../arm-none-eabi/lib/armv7-m/libc.a(lib_a-memset.o)
                0x0800b570                memset
 .text._sbrk    0x0800b69c       0x34 /home/laurence/ARM-GCC/bin/../lib/gcc/arm-none-eabi/4.7.4/../../../../arm-none-eabi/lib/armv7-m/libnosys.a(sbrk.o)
                0x0800b69c                _sbrk
 *(.rodata)
 .rodata        0x0800b6d0      0x1d0 /tmp/ccfqHROa.ltrans0.ltrans.o
                0x0800b6d0                DaysInMonth.5656
                0x0800b7a0                Tbl.5235
 .rodata        0x0800b8a0       0x20 /tmp/ccfqHROa.ltrans1.ltrans.o
 .rodata        0x0800b8c0       0xb5 /tmp/ccfqHROa.ltrans2.ltrans.o
 .rodata        0x0800b975       0x80 /tmp/ccfqHROa.ltrans4.ltrans.o
 *fill*         0x0800b9f5        0x1 00
 .rodata        0x0800b9f6      0x44e /tmp/ccfqHROa.ltrans7.ltrans.o
 *(.rodata*)
 .rodata.str1.1
                0x0800be44      0x43b /tmp/ccfqHROa.ltrans0.ltrans.o
 .rodata.str1.1
                0x0800c27f        0x6 /tmp/ccfqHROa.ltrans1.ltrans.o
 .rodata.MASS_DeviceDescriptor
                0x0800c285       0x12 /tmp/ccfqHROa.ltrans1.ltrans.o
 .rodata.str1.1
                0x0800c297       0x73 /tmp/ccfqHROa.ltrans5.ltrans.o
 .rodata.str1.1
                0x0800c30a       0x10 /tmp/ccfqHROa.ltrans7.ltrans.o
 *fill*         0x0800c31a        0x2 00
 .rodata.str1.4
                0x0800c31c        0x4 /home/laurence/ARM-GCC/bin/../lib/gcc/arm-none-eabi/4.7.4/../../../../arm-none-eabi/lib/armv7-m/libc.a(lib_a-impure.o)
 *(.glue_7)
 .glue_7        0x00000000        0x0 linker stubs
 *(.glue_7t)
 .glue_7t       0x00000000        0x0 linker stubs
 *(.init)
 .init          0x0800c320        0x4 /home/laurence/ARM-GCC/bin/../lib/gcc/arm-none-eabi/4.7.4/armv7-m/crti.o
                0x0800c320                _init
 .init          0x0800c324        0x8 /home/laurence/ARM-GCC/bin/../lib/gcc/arm-none-eabi/4.7.4/armv7-m/crtn.o
 *(.fini)
 .fini          0x0800c32c        0x4 /home/laurence/ARM-GCC/bin/../lib/gcc/arm-none-eabi/4.7.4/armv7-m/crti.o
                0x0800c32c                _fini
 .fini          0x0800c330        0x8 /home/laurence/ARM-GCC/bin/../lib/gcc/arm-none-eabi/4.7.4/armv7-m/crtn.o
                0x0800c338                . = ALIGN (0x4)
                0x0800c338                _etext = .
                0x0800c338                _sidata = _etext

.vfp11_veneer   0x0800c338        0x0
 .vfp11_veneer  0x00000000        0x0 linker stubs

.v4_bx          0x0800c338        0x0
 .v4_bx         0x00000000        0x0 linker stubs

.iplt           0x0800c338        0x0
 .iplt          0x00000000        0x0 /home/laurence/ARM-GCC/bin/../lib/gcc/arm-none-eabi/4.7.4/armv7-m/crtbegin.o

.rel.dyn        0x0800c338        0x0
 .rel.iplt      0x00000000        0x0 /home/laurence/ARM-GCC/bin/../lib/gcc/arm-none-eabi/4.7.4/armv7-m/crtbegin.o

.flashpatch     0x00000000        0x0
                0x00000000                . = ALIGN (0x4)
 *(.flashpatch)
                0x00000000                . = ALIGN (0x4)

.endflash       0x00000000        0x0
                0x00000000                . = ALIGN (0x4)
 *(.endflash)
                0x00000000                . = ALIGN (0x4)
                0x00000000                _e_endflash = .

.data           0x20000000      0x9f4 load address 0x0800c338
                0x20000000                . = ALIGN (0x4)
                0x20000000                _sdata = .
                0x20000000                _data = .
 *(.data)
 .data          0x20000000        0x5 /tmp/ccfqHROa.ltrans0.ltrans.o
                0x20000000                Silabs_Header
 *fill*         0x20000005        0x3 00
 .data          0x20000008       0x18 /tmp/ccfqHROa.ltrans1.ltrans.o
                0x2000001c                Device_Table
 .data          0x20000020       0x20 /tmp/ccfqHROa.ltrans2.ltrans.o
                0x20000024                pEpInt_IN
 .data          0x20000040       0x90 /tmp/ccfqHROa.ltrans3.ltrans.o
                0x20000088                Scsi_Sense_Data
                0x200000b4                pEpInt_OUT
 .data          0x200000d0       0x68 /tmp/ccfqHROa.ltrans4.ltrans.o
                0x200000ec                String_Descriptor
                0x20000114                User_Standard_Requests
 .data          0x20000138        0x6 /tmp/ccfqHROa.ltrans5.ltrans.o
 *fill*         0x2000013e        0x2 00
 .data          0x20000140       0x34 /tmp/ccfqHROa.ltrans8.ltrans.o
                0x20000140                Device_Property
                0x20000171                Stat.5851
 *(.data.*)
 .data.I2C_jobs
                0x20000174       0x30 /tmp/ccfqHROa.ltrans5.ltrans.o
                0x20000174                I2C_jobs
 .data.__malloc_av_
                0x200001a4      0x408 /home/laurence/ARM-GCC/bin/../lib/gcc/arm-none-eabi/4.7.4/../../../../arm-none-eabi/lib/armv7-m/libc.a(lib_a-mallocr.o)
                0x200001a4                __malloc_av_
 .data.__malloc_trim_threshold
                0x200005ac        0x4 /home/laurence/ARM-GCC/bin/../lib/gcc/arm-none-eabi/4.7.4/../../../../arm-none-eabi/lib/armv7-m/libc.a(lib_a-mallocr.o)
                0x200005ac                __malloc_trim_threshold
 .data.__malloc_sbrk_base
                0x200005b0        0x4 /home/laurence/ARM-GCC/bin/../lib/gcc/arm-none-eabi/4.7.4/../../../../arm-none-eabi/lib/armv7-m/libc.a(lib_a-mallocr.o)
                0x200005b0                __malloc_sbrk_base
 .data.ADCPrescTable
                0x200005b4        0x4 lib/STM32F10x_StdPeriph_Driver/libstm32fw.a(stm32f10x_rcc.o)
 .data.APBAHBPrescTable
                0x200005b8       0x10 lib/STM32F10x_StdPeriph_Driver/libstm32fw.a(stm32f10x_rcc.o)
 .data.impure_data
                0x200005c8      0x428 /home/laurence/ARM-GCC/bin/../lib/gcc/arm-none-eabi/4.7.4/../../../../arm-none-eabi/lib/armv7-m/libc.a(lib_a-impure.o)
 .data._impure_ptr
                0x200009f0        0x4 /home/laurence/ARM-GCC/bin/../lib/gcc/arm-none-eabi/4.7.4/../../../../arm-none-eabi/lib/armv7-m/libc.a(lib_a-impure.o)
                0x200009f0                _impure_ptr
 *(.RAMtext)
                0x200009f4                . = ALIGN (0x4)
                0x200009f4                _edata = .
                0x0800cd2c                _eidata = (_sidata + (_edata - _sdata))
                0x08020000                _lastdataromaddress = (ORIGIN (FLASH) + 0x20000)
                0x00000000                toobig = (_eidata > _lastdataromaddress)?!!!!!!!!! FLASH IS FULL !!!!!!!!!:0x0

.igot.plt       0x200009f4        0x0 load address 0x0800cd2c
 .igot.plt      0x00000000        0x0 /home/laurence/ARM-GCC/bin/../lib/gcc/arm-none-eabi/4.7.4/armv7-m/crtbegin.o

.bss            0x200009f8      0xfd4 load address 0x0800cd30
                0x200009f8                . = ALIGN (0x4)
                0x200009f8                _sbss = .
                0x200009f8                _bss = .
 *(.bss)
 .bss           0x200009f8      0xcb0 /tmp/ccfqHROa.ltrans0.ltrans.o
                0x20000e40                bootsource
                0x20000e44                Gps_Buffer
                0x20000e50                rputchar.5934
                0x20000e54                Data_Buffer
                0x20000e58                Millis
                0x20000e5c                Battery_Voltage
                0x20000e60                FatFs.5577
                0x20001098                FATFS_logfile
                0x200012bc                print_string
                0x200013bc                FATFS_wavfile_gyro
                0x200015e0                Silabs_driver_state
                0x200015fc                Gps
                0x2000162f                System_state_Global
                0x20001630                Shutdown_System
                0x20001634                Ind_Voltage
                0x20001638                Auto_volt
                0x2000163c                Silabs_Rx_Buffer
                0x20001648                CTS_Low.4248
                0x2000164c                Silabs_Tx_Buffer
                0x20001658                Gyro_XY_Rate
                0x2000165c                Gyro_Z_Rate
                0x20001660                Ignition_Selftest
                0x20001662                AutoSequence
                0x20001664                Gyro_x_buffer
                0x20001670                Gyro_y_buffer
                0x2000167c                Gyro_z_buffer
                0x2000168a                I2C1error
                0x2000168c                L3GD20_Data_Buffer
                0x20001694                Completed_Jobs
                0x20001698                Jobs
                0x2000169c                Aux_Voltage
                0x200016a0                Gyro_Temperature
                0x200016a4                Auto_spin
 .bss           0x200016a8       0x90 /tmp/ccfqHROa.ltrans1.ltrans.o
 .bss           0x20001738        0xc /tmp/ccfqHROa.ltrans2.ltrans.o
                0x20001740                Channel_rx
 .bss           0x20001744       0x98 /tmp/ccfqHROa.ltrans3.ltrans.o
                0x20001744                CBW
                0x20001764                Bulk_Data_Buff
                0x200017a4                Data_Len
                0x200017a6                Bot_State
                0x200017a8                CSW
                0x200017b8                SCSI_LBA
                0x200017bc                SCSI_BlkLen
                0x200017c0                Mass_Block_Count
                0x200017c8                Mass_Block_Size
 .bss           0x200017dc       0x80 /tmp/ccfqHROa.ltrans4.ltrans.o
 .bss           0x2000185c        0x5 /tmp/ccfqHROa.ltrans5.ltrans.o
                0x2000185f                Silabs_spi_state
                0x20001860                CardType.5852
 *fill*         0x20001861        0x3 00
 .bss           0x20001864       0x1c /tmp/ccfqHROa.ltrans6.ltrans.o
                0x20001868                TransferState
                0x20001878                Sd_Spi_Called_From_USB_MSC
 .bss           0x20001880       0xa8 /tmp/ccfqHROa.ltrans8.ltrans.o
                0x20001880                wIstr
                0x20001884                Timer1.5846
                0x20001888                Timer2.5847
                0x2000190c                AFROESC_Data_Buffer
                0x2000191c                AFROESC_Throttle
                0x20001925                job
 .bss           0x20001928        0xc /tmp/ccfqHROa.ltrans9.ltrans.o
                0x20001928                Usart1_rx_buff
 *(.bss.*)
 .bss.file_opened
                0x20001934        0x1 /tmp/ccfqHROa.ltrans0.ltrans.o
 *fill*         0x20001935        0x3 00
 .bss.bDeviceState
                0x20001938        0x4 /tmp/ccfqHROa.ltrans0.ltrans.o
                0x20001938                bDeviceState
 .bss.Status    0x2000193c        0x4 /tmp/ccfqHROa.ltrans0.ltrans.o
                0x2000193c                Status
 .bss.Last_RSSI
                0x20001940        0x1 /tmp/ccfqHROa.ltrans0.ltrans.o
                0x20001940                Last_RSSI
 *fill*         0x20001941        0x3 00
 .bss.Max_Lun   0x20001944        0x4 /tmp/ccfqHROa.ltrans3.ltrans.o
                0x20001944                Max_Lun
 .bss.Page00_Inquiry_Data
                0x20001948        0x5 /tmp/ccfqHROa.ltrans3.ltrans.o
 .bss.bIntPackSOF
                0x2000194d        0x1 /tmp/ccfqHROa.ltrans8.ltrans.o
 *fill*         0x2000194e        0x2 00
 .bss.__malloc_max_total_mem
                0x20001950        0x4 /home/laurence/ARM-GCC/bin/../lib/gcc/arm-none-eabi/4.7.4/../../../../arm-none-eabi/lib/armv7-m/libc.a(lib_a-mallocr.o)
                0x20001950                __malloc_max_total_mem
 .bss.__malloc_max_sbrked_mem
                0x20001954        0x4 /home/laurence/ARM-GCC/bin/../lib/gcc/arm-none-eabi/4.7.4/../../../../arm-none-eabi/lib/armv7-m/libc.a(lib_a-mallocr.o)
                0x20001954                __malloc_max_sbrked_mem
 .bss.__malloc_top_pad
                0x20001958        0x4 /home/laurence/ARM-GCC/bin/../lib/gcc/arm-none-eabi/4.7.4/../../../../arm-none-eabi/lib/armv7-m/libc.a(lib_a-mallocr.o)
                0x20001958                __malloc_top_pad
 .bss.__malloc_current_mallinfo
                0x2000195c       0x28 /home/laurence/ARM-GCC/bin/../lib/gcc/arm-none-eabi/4.7.4/../../../../arm-none-eabi/lib/armv7-m/libc.a(lib_a-mallocr.o)
                0x2000195c                __malloc_current_mallinfo
 .bss.Data_Mul_MaxPacketSize
                0x20001984        0x1 lib/STM32_USB-FS-Device_Driver/libstm32usb.a(usb_core.o)
                0x20001984                Data_Mul_MaxPacketSize
 *fill*         0x20001985        0x3 00
 .bss.heap_end.4231
                0x20001988        0x4 /home/laurence/ARM-GCC/bin/../lib/gcc/arm-none-eabi/4.7.4/../../../../arm-none-eabi/lib/armv7-m/libnosys.a(sbrk.o)
 *(COMMON)
 COMMON         0x2000198c        0x4 /home/laurence/ARM-GCC/bin/../lib/gcc/arm-none-eabi/4.7.4/../../../../arm-none-eabi/lib/armv7-m/libc.a(lib_a-reent.o)
                0x2000198c                errno
 COMMON         0x20001990        0x2 lib/STM32_USB-FS-Device_Driver/libstm32usb.a(usb_core.o)
                0x20001990                StatusInfo
 *fill*         0x20001992        0x2 00
 COMMON         0x20001994       0x32 lib/STM32_USB-FS-Device_Driver/libstm32usb.a(usb_init.o)
                0x20001994                SaveState
                0x20001998                pProperty
                0x2000199c                EPindex
                0x200019a0                Device_Info
                0x200019bc                pUser_Standard_Requests
                0x200019c0                pInformation
                0x200019c4                wInterrupt_Mask
 COMMON         0x200019c6        0x4 lib/STM32_USB-FS-Device_Driver/libstm32usb.a(usb_int.o)
                0x200019c6                SaveRState
                0x200019c8                SaveTState
                0x200019cc                . = ALIGN (0x4)
 *fill*         0x200019ca        0x2 00
                0x200019cc                _ebss = .
                0x200019cc                PROVIDE (end, _ebss)
                0x200019cc                PROVIDE (_end, _ebss)

._usrstack      0x200019cc     0x2000 load address 0x0800dd04
                0x200019cc                . = ALIGN (0x4)
                0x200019cc                _susrstack = .
                0x200039cc                . = (. + _Minimum_Stack_Size)
 *fill*         0x200019cc     0x2000 00
                0x200039cc                . = ALIGN (0x4)
                0x200039cc                _eusrstack = .
                0x20005000                _lastramaddress = (ORIGIN (RAM) + 0x5000)
                0x00000000                toobig = (_eusrstack > _lastramaddress)?!!!!!!!!! RAM IS FULL !!!!!!!!!:0x0

.b1text
 *(.b1text)
 *(.b1rodata)
 *(.b1rodata*)

.eb0text
 *(.eb0text)
 *(.eb0rodata)
 *(.eb0rodata*)

.eb1text
 *(.eb1text)
 *(.eb1rodata)
 *(.eb1rodata*)

.eb2text
 *(.eb2text)
 *(.eb2rodata)
 *(.eb2rodata*)

.eb3text
 *(.eb3text)
 *(.eb3rodata)
 *(.eb3rodata*)
                0x200039cc                __exidx_start = .
                0x200039cc                __exidx_end = .

/DISCARD/
 libc.a(*)
 libm.a(*)
 libgcc.a(*)

.stab
 *(.stab)

.stabstr
 *(.stabstr)

.stab.excl
 *(.stab.excl)

.stab.exclstr
 *(.stab.exclstr)

.stab.index
 *(.stab.index)

.stab.indexstr
 *(.stab.indexstr)

.comment        0x00000000       0x70
 *(.comment)
 .comment       0x00000000       0x71 /tmp/ccfqHROa.ltrans0.ltrans.o
 .comment       0x00000000       0x71 /tmp/ccfqHROa.ltrans1.ltrans.o
 .comment       0x00000000       0x71 /tmp/ccfqHROa.ltrans2.ltrans.o
 .comment       0x00000000       0x71 /tmp/ccfqHROa.ltrans3.ltrans.o
 .comment       0x00000000       0x71 /tmp/ccfqHROa.ltrans4.ltrans.o
 .comment       0x00000000       0x71 /tmp/ccfqHROa.ltrans5.ltrans.o
 .comment       0x00000000       0x71 /tmp/ccfqHROa.ltrans6.ltrans.o
 .comment       0x00000000       0x71 /tmp/ccfqHROa.ltrans7.ltrans.o
 .comment       0x00000000       0x71 /tmp/ccfqHROa.ltrans8.ltrans.o
 .comment       0x00000000       0x71 /tmp/ccfqHROa.ltrans9.ltrans.o
 .comment       0x00000000       0x70 lib/STM32F10x_StdPeriph_Driver/libstm32fw.a(misc.o)
                                 0x71 (size before relaxing)
 .comment       0x00000000       0x71 lib/STM32F10x_StdPeriph_Driver/libstm32fw.a(stm32f10x_adc.o)
 .comment       0x00000000       0x71 lib/STM32F10x_StdPeriph_Driver/libstm32fw.a(stm32f10x_bkp.o)
 .comment       0x00000000       0x71 lib/STM32F10x_StdPeriph_Driver/libstm32fw.a(stm32f10x_dbgmcu.o)
 .comment       0x00000000       0x71 lib/STM32F10x_StdPeriph_Driver/libstm32fw.a(stm32f10x_dma.o)
 .comment       0x00000000       0x71 lib/STM32F10x_StdPeriph_Driver/libstm32fw.a(stm32f10x_exti.o)
 .comment       0x00000000       0x71 lib/STM32F10x_StdPeriph_Driver/libstm32fw.a(stm32f10x_gpio.o)
 .comment       0x00000000       0x71 lib/STM32F10x_StdPeriph_Driver/libstm32fw.a(stm32f10x_i2c.o)
 .comment       0x00000000       0x71 lib/STM32F10x_StdPeriph_Driver/libstm32fw.a(stm32f10x_iwdg.o)
 .comment       0x00000000       0x71 lib/STM32F10x_StdPeriph_Driver/libstm32fw.a(stm32f10x_pwr.o)
 .comment       0x00000000       0x71 lib/STM32F10x_StdPeriph_Driver/libstm32fw.a(stm32f10x_rcc.o)
 .comment       0x00000000       0x71 lib/STM32F10x_StdPeriph_Driver/libstm32fw.a(stm32f10x_rtc.o)
 .comment       0x00000000       0x71 lib/STM32F10x_StdPeriph_Driver/libstm32fw.a(stm32f10x_spi.o)
 .comment       0x00000000       0x71 lib/STM32F10x_StdPeriph_Driver/libstm32fw.a(stm32f10x_tim.o)
 .comment       0x00000000       0x71 lib/STM32F10x_StdPeriph_Driver/libstm32fw.a(stm32f10x_usart.o)
 .comment       0x00000000       0x71 lib/STM32_USB-FS-Device_Driver/libstm32usb.a(usb_core.o)
 .comment       0x00000000       0x71 lib/STM32_USB-FS-Device_Driver/libstm32usb.a(usb_init.o)
 .comment       0x00000000       0x71 lib/STM32_USB-FS-Device_Driver/libstm32usb.a(usb_int.o)
 .comment       0x00000000       0x71 lib/STM32_USB-FS-Device_Driver/libstm32usb.a(usb_mem.o)
 .comment       0x00000000       0x71 lib/STM32_USB-FS-Device_Driver/libstm32usb.a(usb_regs.o)
 .comment       0x00000000       0x71 lib/STM32_USB-FS-Device_Driver/libstm32usb.a(usb_sil.o)

.ARM.attributes
                0x00000000       0x29
 .ARM.attributes
                0x00000000       0x1d /home/laurence/ARM-GCC/bin/../lib/gcc/arm-none-eabi/4.7.4/armv7-m/crti.o
 .ARM.attributes
                0x0000001d       0x31 /tmp/ccfqHROa.ltrans0.ltrans.o
 .ARM.attributes
                0x0000004e       0x31 /tmp/ccfqHROa.ltrans1.ltrans.o
 .ARM.attributes
                0x0000007f       0x31 /tmp/ccfqHROa.ltrans2.ltrans.o
 .ARM.attributes
                0x000000b0       0x31 /tmp/ccfqHROa.ltrans3.ltrans.o
 .ARM.attributes
                0x000000e1       0x31 /tmp/ccfqHROa.ltrans4.ltrans.o
 .ARM.attributes
                0x00000112       0x31 /tmp/ccfqHROa.ltrans5.ltrans.o
 .ARM.attributes
                0x00000143       0x31 /tmp/ccfqHROa.ltrans6.ltrans.o
 .ARM.attributes
                0x00000174       0x31 /tmp/ccfqHROa.ltrans7.ltrans.o
 .ARM.attributes
                0x000001a5       0x31 /tmp/ccfqHROa.ltrans8.ltrans.o
 .ARM.attributes
                0x000001d6       0x31 /tmp/ccfqHROa.ltrans9.ltrans.o
 .ARM.attributes
                0x00000207       0x1d /home/laurence/ARM-GCC/bin/../lib/gcc/arm-none-eabi/4.7.4/armv7-m/libgcc.a(_arm_addsubdf3.o)
 .ARM.attributes
                0x00000224       0x1d /home/laurence/ARM-GCC/bin/../lib/gcc/arm-none-eabi/4.7.4/armv7-m/libgcc.a(_arm_muldivdf3.o)
 .ARM.attributes
                0x00000241       0x1d /home/laurence/ARM-GCC/bin/../lib/gcc/arm-none-eabi/4.7.4/armv7-m/libgcc.a(_arm_cmpdf2.o)
 .ARM.attributes
                0x0000025e       0x1d /home/laurence/ARM-GCC/bin/../lib/gcc/arm-none-eabi/4.7.4/armv7-m/libgcc.a(_arm_fixunsdfsi.o)
 .ARM.attributes
                0x0000027b       0x1d /home/laurence/ARM-GCC/bin/../lib/gcc/arm-none-eabi/4.7.4/armv7-m/libgcc.a(_arm_truncdfsf2.o)
 .ARM.attributes
                0x00000298       0x1d /home/laurence/ARM-GCC/bin/../lib/gcc/arm-none-eabi/4.7.4/armv7-m/libgcc.a(_arm_addsubsf3.o)
 .ARM.attributes
                0x000002b5       0x1d /home/laurence/ARM-GCC/bin/../lib/gcc/arm-none-eabi/4.7.4/armv7-m/libgcc.a(_arm_muldivsf3.o)
 .ARM.attributes
                0x000002d2       0x1d /home/laurence/ARM-GCC/bin/../lib/gcc/arm-none-eabi/4.7.4/armv7-m/libgcc.a(_arm_cmpsf2.o)
 .ARM.attributes
                0x000002ef       0x1d /home/laurence/ARM-GCC/bin/../lib/gcc/arm-none-eabi/4.7.4/armv7-m/libgcc.a(_arm_fixunssfsi.o)
 .ARM.attributes
                0x0000030c       0x2d /home/laurence/ARM-GCC/bin/../lib/gcc/arm-none-eabi/4.7.4/../../../../arm-none-eabi/lib/armv7-m/libc.a(lib_a-malloc.o)
 .ARM.attributes
                0x00000339       0x2d /home/laurence/ARM-GCC/bin/../lib/gcc/arm-none-eabi/4.7.4/../../../../arm-none-eabi/lib/armv7-m/libc.a(lib_a-mallocr.o)
 .ARM.attributes
                0x00000366       0x2d /home/laurence/ARM-GCC/bin/../lib/gcc/arm-none-eabi/4.7.4/../../../../arm-none-eabi/lib/armv7-m/libc.a(lib_a-memcmp.o)
 .ARM.attributes
                0x00000393       0x2d /home/laurence/ARM-GCC/bin/../lib/gcc/arm-none-eabi/4.7.4/../../../../arm-none-eabi/lib/armv7-m/libc.a(lib_a-memcpy.o)
 .ARM.attributes
                0x000003c0       0x2d /home/laurence/ARM-GCC/bin/../lib/gcc/arm-none-eabi/4.7.4/../../../../arm-none-eabi/lib/armv7-m/libc.a(lib_a-mlock.o)
 .ARM.attributes
                0x000003ed       0x2d /home/laurence/ARM-GCC/bin/../lib/gcc/arm-none-eabi/4.7.4/../../../../arm-none-eabi/lib/armv7-m/libc.a(lib_a-sbrkr.o)
 .ARM.attributes
                0x0000041a       0x2d /home/laurence/ARM-GCC/bin/../lib/gcc/arm-none-eabi/4.7.4/../../../../arm-none-eabi/lib/armv7-m/libc.a(lib_a-strcat.o)
 .ARM.attributes
                0x00000447       0x2d /home/laurence/ARM-GCC/bin/../lib/gcc/arm-none-eabi/4.7.4/../../../../arm-none-eabi/lib/armv7-m/libc.a(lib_a-strchr.o)
 .ARM.attributes
                0x00000474       0x2d /home/laurence/ARM-GCC/bin/../lib/gcc/arm-none-eabi/4.7.4/../../../../arm-none-eabi/lib/armv7-m/libc.a(lib_a-strcpy.o)
 .ARM.attributes