Archive member included because of file (symbol)

lib/STM32F10x_StdPeriph_Driver/libstm32fw.a(misc.o)
                              interrupts.o (symbol from plugin) (NVIC_PriorityGroupConfig)
lib/STM32F10x_StdPeriph_Driver/libstm32fw.a(stm32f10x_adc.o)
                              adc.o (symbol from plugin) (ADC_DeInit)
lib/STM32F10x_StdPeriph_Driver/libstm32fw.a(stm32f10x_bkp.o)
                              Util/fat_fs/src/rtc.o (symbol from plugin) (BKP_DeInit)
lib/STM32F10x_StdPeriph_Driver/libstm32fw.a(stm32f10x_dbgmcu.o)
                              main.o (symbol from plugin) (DBGMCU_Config)
lib/STM32F10x_StdPeriph_Driver/libstm32fw.a(stm32f10x_dma.o)
                              Silabs/si446x.o (symbol from plugin) (DMA_DeInit)
lib/STM32F10x_StdPeriph_Driver/libstm32fw.a(stm32f10x_exti.o)
                              Silabs/si446x.o (symbol from plugin) (EXTI_DeInit)
lib/STM32F10x_StdPeriph_Driver/libstm32fw.a(stm32f10x_gpio.o)
                              Silabs/si446x.o (symbol from plugin) (GPIO_Init)
lib/STM32F10x_StdPeriph_Driver/libstm32fw.a(stm32f10x_i2c.o)
                              i2c_int.o (symbol from plugin) (I2C_DeInit)
lib/STM32F10x_StdPeriph_Driver/libstm32fw.a(stm32f10x_iwdg.o)
                              watchdog.o (symbol from plugin) (IWDG_WriteAccessCmd)
lib/STM32F10x_StdPeriph_Driver/libstm32fw.a(stm32f10x_pwr.o)
                              pwr.o (symbol from plugin) (PWR_DeInit)
lib/STM32F10x_StdPeriph_Driver/libstm32fw.a(stm32f10x_rcc.o)
                              interrupts.o (symbol from plugin) (RCC_HCLKConfig)
lib/STM32F10x_StdPeriph_Driver/libstm32fw.a(stm32f10x_rtc.o)
                              Util/fat_fs/src/rtc.o (symbol from plugin) (RTC_GetCounter)
lib/STM32F10x_StdPeriph_Driver/libstm32fw.a(stm32f10x_spi.o)
                              Util/fat_fs/src/sd_spi_stm32.o (symbol from plugin) (SPI_I2S_DeInit)
lib/STM32F10x_StdPeriph_Driver/libstm32fw.a(stm32f10x_tim.o)
                              pwm.o (symbol from plugin) (TIM_DeInit)
lib/STM32F10x_StdPeriph_Driver/libstm32fw.a(stm32f10x_usart.o)
                              usart.o (symbol from plugin) (USART_DeInit)
lib/STM32_USB-FS-Device_Driver/libstm32usb.a(usb_core.o)
                              Util/USB/usb_prop.o (symbol from plugin) (Standard_GetDescriptorData)
lib/STM32_USB-FS-Device_Driver/libstm32usb.a(usb_init.o)
                              main.o (symbol from plugin) (USB_Init)
lib/STM32_USB-FS-Device_Driver/libstm32usb.a(usb_int.o)
                              Util/USB/usb_istr.o (symbol from plugin) (CTR_LP)
lib/STM32_USB-FS-Device_Driver/libstm32usb.a(usb_mem.o)
                              lib/STM32_USB-FS-Device_Driver/libstm32usb.a(usb_core.o) (UserToPMABufferCopy)
lib/STM32_USB-FS-Device_Driver/libstm32usb.a(usb_regs.o)
                              Util/USB/usb_prop.o (symbol from plugin) (SetBTABLE)
lib/STM32_USB-FS-Device_Driver/libstm32usb.a(usb_sil.o)
                              Util/USB/usb_prop.o (symbol from plugin) (USB_SIL_Init)
/home/laurence/ARM-GCC/bin/../lib/gcc/arm-none-eabi/4.7.4/../../../../arm-none-eabi/lib/armv7-m/libc.a(lib_a-__atexit.o)
                              /home/laurence/ARM-GCC/bin/../lib/gcc/arm-none-eabi/4.7.4/../../../../arm-none-eabi/lib/armv7-m/crt0.o (__register_exitproc)
/home/laurence/ARM-GCC/bin/../lib/gcc/arm-none-eabi/4.7.4/../../../../arm-none-eabi/lib/armv7-m/libc.a(lib_a-exit.o)
                              /home/laurence/ARM-GCC/bin/../lib/gcc/arm-none-eabi/4.7.4/../../../../arm-none-eabi/lib/armv7-m/crt0.o (exit)
/home/laurence/ARM-GCC/bin/../lib/gcc/arm-none-eabi/4.7.4/../../../../arm-none-eabi/lib/armv7-m/libc.a(lib_a-fini.o)
                              /home/laurence/ARM-GCC/bin/../lib/gcc/arm-none-eabi/4.7.4/../../../../arm-none-eabi/lib/armv7-m/crt0.o (__libc_fini_array)
/home/laurence/ARM-GCC/bin/../lib/gcc/arm-none-eabi/4.7.4/../../../../arm-none-eabi/lib/armv7-m/libc.a(lib_a-impure.o)
                              /home/laurence/ARM-GCC/bin/../lib/gcc/arm-none-eabi/4.7.4/../../../../arm-none-eabi/lib/armv7-m/libc.a(lib_a-__atexit.o) (_global_impure_ptr)
/home/laurence/ARM-GCC/bin/../lib/gcc/arm-none-eabi/4.7.4/../../../../arm-none-eabi/lib/armv7-m/libc.a(lib_a-init.o)
                              /home/laurence/ARM-GCC/bin/../lib/gcc/arm-none-eabi/4.7.4/../../../../arm-none-eabi/lib/armv7-m/crt0.o (__libc_init_array)
/home/laurence/ARM-GCC/bin/../lib/gcc/arm-none-eabi/4.7.4/../../../../arm-none-eabi/lib/armv7-m/libc.a(lib_a-memset.o)
                              /home/laurence/ARM-GCC/bin/../lib/gcc/arm-none-eabi/4.7.4/../../../../arm-none-eabi/lib/armv7-m/crt0.o (memset)
/home/laurence/ARM-GCC/bin/../lib/gcc/arm-none-eabi/4.7.4/../../../../arm-none-eabi/lib/armv7-m/libc.a(lib_a-__call_atexit.o)
                              /home/laurence/ARM-GCC/bin/../lib/gcc/arm-none-eabi/4.7.4/../../../../arm-none-eabi/lib/armv7-m/libc.a(lib_a-exit.o) (__call_exitprocs)
[...]
Memory Configuration

Name             Origin             Length             Attributes
RAM              0x20000000         0x00005000         xrw
FLASH            0x08000000         0x00020000         xr
FLASHB1          0x00000000         0x00000000         xr
EXTMEMB0         0x00000000         0x00000000         xr
EXTMEMB1         0x00000000         0x00000000         xr
EXTMEMB2         0x00000000         0x00000000         xr
EXTMEMB3         0x00000000         0x00000000         xr
STARTFLASH       0x00000000         0xffffffff
CRPPATCH         0x00000000         0xffffffff
FLASHPATCH       0x00000000         0xffffffff
ENDFLASH         0x00000000         0xffffffff
*default*        0x00000000         0xffffffff

Linker script and memory map

LOAD /home/laurence/ARM-GCC/bin/../lib/gcc/arm-none-eabi/4.7.4/armv7-m/crti.o
LOAD /home/laurence/ARM-GCC/bin/../lib/gcc/arm-none-eabi/4.7.4/armv7-m/crtbegin.o
LOAD /home/laurence/ARM-GCC/bin/../lib/gcc/arm-none-eabi/4.7.4/../../../../arm-none-eabi/lib/armv7-m/crt0.o
LOAD Silabs/si446x.o
LOAD /tmp/ccZOtyTi.ltrans0.ltrans.o
LOAD /tmp/ccZOtyTi.ltrans1.ltrans.o
LOAD /tmp/ccZOtyTi.ltrans2.ltrans.o
LOAD /tmp/ccZOtyTi.ltrans3.ltrans.o
LOAD /tmp/ccZOtyTi.ltrans4.ltrans.o
LOAD /tmp/ccZOtyTi.ltrans5.ltrans.o
LOAD /tmp/ccZOtyTi.ltrans6.ltrans.o
LOAD /tmp/ccZOtyTi.ltrans7.ltrans.o
LOAD /tmp/ccZOtyTi.ltrans8.ltrans.o
LOAD /tmp/ccZOtyTi.ltrans9.ltrans.o
LOAD /home/laurence/ARM-GCC/bin/../lib/gcc/arm-none-eabi/4.7.4/armv7-m/libgcc.a
LOAD /home/laurence/ARM-GCC/bin/../lib/gcc/arm-none-eabi/4.7.4/../../../../arm-none-eabi/lib/armv7-m/libc.a
LOAD Ublox/ubx.o
LOAD Util/USB/hw_config.o
LOAD Util/USB/mass_mal.o
LOAD Util/USB/memory.o
LOAD Util/USB/scsi_data.o
LOAD Util/USB/usb_bot.o
LOAD Util/USB/usb_desc.o
LOAD Util/USB/usb_endp.o
LOAD Util/USB/usb_istr.o
LOAD Util/USB/usb_prop.o
LOAD Util/USB/usb_pwr.o
LOAD Util/USB/usb_scsi.o
LOAD Util/buffer.o
LOAD Util/crc.o
LOAD Util/delay.o
LOAD Util/fat_fs/option/ccsbcs.o
LOAD Util/fat_fs/src/fattime.o
LOAD Util/fat_fs/src/ff.o
LOAD Util/fat_fs/src/rtc.o
LOAD Util/fat_fs/src/sd_spi_stm32.o
LOAD Util/polygon.o
LOAD Util/rprintf.o
LOAD Util/wave.o
LOAD adc.o
LOAD dma.o
LOAD gpio.o
LOAD i2c_int.o
LOAD interrupts.o
LOAD lib/CMSIS_CM3/core_cm3.o
LOAD lib/CMSIS_CM3/startup/gcc/startup_stm32f10x_md.o
LOAD lib/CMSIS_CM3/system_stm32f10x.o
LOAD main.o
LOAD pwm.o
LOAD pwr.o
LOAD usart.o
LOAD watchdog.o
LOAD lib/STM32F10x_StdPeriph_Driver/libstm32fw.a
LOAD lib/STM32_USB-FS-Device_Driver/libstm32usb.a
LOAD /home/laurence/ARM-GCC/bin/../lib/gcc/arm-none-eabi/4.7.4/../../../../arm-none-eabi/lib/armv7-m/libm.a
LOAD /home/laurence/ARM-GCC/bin/../lib/gcc/arm-none-eabi/4.7.4/../../../../arm-none-eabi/lib/armv7-m/libnosys.a
START GROUP
LOAD /home/laurence/ARM-GCC/bin/../lib/gcc/arm-none-eabi/4.7.4/armv7-m/libgcc.a
LOAD /home/laurence/ARM-GCC/bin/../lib/gcc/arm-none-eabi/4.7.4/../../../../arm-none-eabi/lib/armv7-m/libc.a
END GROUP
LOAD /home/laurence/ARM-GCC/bin/../lib/gcc/arm-none-eabi/4.7.4/armv7-m/crtend.o
LOAD /home/laurence/ARM-GCC/bin/../lib/gcc/arm-none-eabi/4.7.4/armv7-m/crtn.o
                0x00002000                __Stack_Size = 0x2000
                0x00002000                PROVIDE (_Stack_Size, __Stack_Size)
                0x20003000                __Stack_Init = (_estack - __Stack_Size)
                0x20003000                PROVIDE (_Stack_Init, __Stack_Init)
                0x00002000                _Minimum_Stack_Size = 0x2000
                0x00000000                PROVIDE (Undefined_Handler, 0x0)
                0x00000000                PROVIDE (SWI_Handler, 0x0)
                0x00000000                PROVIDE (IRQ_Handler, 0x0)
                0x00000000                PROVIDE (Prefetch_Handler, 0x0)
                0x00000000                PROVIDE (Abort_Handler, 0x0)
                0x00000000                PROVIDE (FIQ_Handler, 0x0)
                0x00000000                PROVIDE (NMIException, 0x0)
                0x00000000                PROVIDE (NMI_Handler, 0x0)
                0x00000000                PROVIDE (HardFaultException, 0x0)
                0x00000000                PROVIDE (HardFault_Handler, 0x0)
                0x00000000                PROVIDE (MemManageException, 0x0)
                0x00000000                PROVIDE (MemManage_Handler, 0x0)
                0x00000000                PROVIDE (BusFaultException, 0x0)
                0x00000000                PROVIDE (BusFault_Handler, 0x0)
                0x00000000                PROVIDE (UsageFaultException, 0x0)
                0x00000000                PROVIDE (UsageFault_Handler, 0x0)
                0x00000000                PROVIDE (SVCHandler, 0x0)
                0x00000000                PROVIDE (SVC_Handler, 0x0)
                0x00000000                PROVIDE (DebugMonitor, 0x0)
                0x00000000                PROVIDE (DebugMon_Handler, 0x0)
                0x00000000                PROVIDE (PendSVC, 0x0)
                0x00000000                PROVIDE (PendSV_Handler, 0x0)
                0x00000000                PROVIDE (SysTickHandler, 0x0)
                0x00000000                PROVIDE (SysTick_Handler, 0x0)
                0x00000000                PROVIDE (WWDG_IRQHandler, 0x0)
                0x00000000                PROVIDE (PVD_IRQHandler, 0x0)
                0x00000000                PROVIDE (TAMPER_IRQHandler, 0x0)
                0x00000000                PROVIDE (RTC_IRQHandler, 0x0)
                0x00000000                PROVIDE (FLASH_IRQHandler, 0x0)
                0x00000000                PROVIDE (RCC_IRQHandler, 0x0)
                0x00000000                PROVIDE (EXTI0_IRQHandler, 0x0)
                0x00000000                PROVIDE (EXTI1_IRQHandler, 0x0)
                0x00000000                PROVIDE (EXTI2_IRQHandler, 0x0)
                0x00000000                PROVIDE (EXTI3_IRQHandler, 0x0)
                0x00000000                PROVIDE (EXTI4_IRQHandler, 0x0)
                0x00000000                PROVIDE (DMAChannel1_IRQHandler, 0x0)
                0x00000000                PROVIDE (DMAChannel2_IRQHandler, 0x0)
                0x00000000                PROVIDE (DMAChannel3_IRQHandler, 0x0)
                0x00000000                PROVIDE (DMAChannel4_IRQHandler, 0x0)
                0x00000000                PROVIDE (DMAChannel5_IRQHandler, 0x0)
                0x00000000                PROVIDE (DMAChannel6_IRQHandler, 0x0)
                0x00000000                PROVIDE (DMAChannel7_IRQHandler, 0x0)
                0x00000000                PROVIDE (DMA1_Channel1_IRQHandler, 0x0)
                0x00000000                PROVIDE (DMA1_Channel2_IRQHandler, 0x0)
                0x00000000                PROVIDE (DMA1_Channel3_IRQHandler, 0x0)
                0x00000000                PROVIDE (DMA1_Channel4_IRQHandler, 0x0)
                0x00000000                PROVIDE (DMA1_Channel5_IRQHandler, 0x0)
                0x00000000                PROVIDE (DMA1_Channel6_IRQHandler, 0x0)
                0x00000000                PROVIDE (DMA1_Channel7_IRQHandler, 0x0)
                0x00000000                PROVIDE (ADC_IRQHandler, 0x0)
                0x00000000                PROVIDE (ADC1_2_IRQHandler, 0x0)
                0x00000000                PROVIDE (USB_HP_CAN_TX_IRQHandler, 0x0)
                0x00000000                PROVIDE (USB_HP_CAN1_TX_IRQHandler, 0x0)
                0x00000000                PROVIDE (USB_LP_CAN_RX0_IRQHandler, 0x0)
                0x00000000                PROVIDE (USB_LP_CAN1_RX0_IRQHandler, 0x0)
                0x00000000                PROVIDE (CAN_RX1_IRQHandler, 0x0)
                0x00000000                PROVIDE (CAN1_RX1_IRQHandler, 0x0)
                0x00000000                PROVIDE (CAN_SCE_IRQHandler, 0x0)
                0x00000000                PROVIDE (CAN1_SCE_IRQHandler, 0x0)
                0x00000000                PROVIDE (EXTI9_5_IRQHandler, 0x0)
                0x00000000                PROVIDE (TIM1_BRK_IRQHandler, 0x0)
                0x00000000                PROVIDE (TIM1_UP_IRQHandler, 0x0)
                0x00000000                PROVIDE (TIM1_TRG_COM_IRQHandler, 0x0)
                0x00000000                PROVIDE (TIM1_CC_IRQHandler, 0x0)
                0x00000000                PROVIDE (TIM2_IRQHandler, 0x0)
                0x00000000                PROVIDE (TIM3_IRQHandler, 0x0)
                0x00000000                PROVIDE (TIM4_IRQHandler, 0x0)
                0x00000000                PROVIDE (I2C1_EV_IRQHandler, 0x0)
                0x00000000                PROVIDE (I2C1_ER_IRQHandler, 0x0)
                0x00000000                PROVIDE (I2C2_EV_IRQHandler, 0x0)
                0x00000000                PROVIDE (I2C2_ER_IRQHandler, 0x0)
                0x00000000                PROVIDE (SPI1_IRQHandler, 0x0)
                0x00000000                PROVIDE (SPI2_IRQHandler, 0x0)
                0x00000000                PROVIDE (USART1_IRQHandler, 0x0)
                0x00000000                PROVIDE (USART2_IRQHandler, 0x0)
                0x00000000                PROVIDE (USART3_IRQHandler, 0x0)
                0x00000000                PROVIDE (EXTI15_10_IRQHandler, 0x0)
                0x00000000                PROVIDE (RTCAlarm_IRQHandler, 0x0)
                0x00000000                PROVIDE (USBWakeUp_IRQHandler, 0x0)
                0x00000000                PROVIDE (TIM8_BRK_IRQHandler, 0x0)
                0x00000000                PROVIDE (TIM8_UP_IRQHandler, 0x0)
                0x00000000                PROVIDE (TIM8_TRG_COM_IRQHandler, 0x0)
                0x00000000                PROVIDE (TIM8_CC_IRQHandler, 0x0)
                0x00000000                PROVIDE (ADC3_IRQHandler, 0x0)
                0x00000000                PROVIDE (FSMC_IRQHandler, 0x0)
                0x00000000                PROVIDE (SDIO_IRQHandler, 0x0)
                0x00000000                PROVIDE (TIM5_IRQHandler, 0x0)
                0x00000000                PROVIDE (SPI3_IRQHandler, 0x0)
                0x00000000                PROVIDE (UART4_IRQHandler, 0x0)
                0x00000000                PROVIDE (UART5_IRQHandler, 0x0)
                0x00000000                PROVIDE (TIM6_IRQHandler, 0x0)
                0x00000000                PROVIDE (TIM7_IRQHandler, 0x0)
                0x00000000                PROVIDE (DMA2_Channel1_IRQHandler, 0x0)
                0x00000000                PROVIDE (DMA2_Channel2_IRQHandler, 0x0)
                0x00000000                PROVIDE (DMA2_Channel3_IRQHandler, 0x0)
                0x00000000                PROVIDE (DMA2_Channel4_5_IRQHandler, 0x0)
                0x42000000                PERIPH_BB_BASE = 0x42000000
                0x22000000                SRAM_BB_BASE = 0x22000000
                0x20000000                SRAM_BASE = 0x20000000
                0x40000000                PERIPH_BASE = 0x40000000
                0x40022000                PROVIDE (FLASH_BASE, 0x40022000)
                0x1ffff800                PROVIDE (OB_BASE, 0x1ffff800)
                0x40000000                APB1PERIPH_BASE = PERIPH_BASE
                0x40010000                APB2PERIPH_BASE = (PERIPH_BASE + 0x10000)
                0x40020000                AHBPERIPH_BASE = (PERIPH_BASE + 0x20000)
                0x40000000                PROVIDE (TIM2, (APB1PERIPH_BASE + 0x0))
                0x40000400                PROVIDE (TIM3, (APB1PERIPH_BASE + 0x400))
                0x40000800                PROVIDE (TIM4, (APB1PERIPH_BASE + 0x800))
                0x40002800                PROVIDE (RTC, (APB1PERIPH_BASE + 0x2800))
                0x40002c00                PROVIDE (WWDG, (APB1PERIPH_BASE + 0x2c00))
                0x40003000                PROVIDE (IWDG, (APB1PERIPH_BASE + 0x3000))
                0x40003800                PROVIDE (SPI2, (APB1PERIPH_BASE + 0x3800))
                0x40004400                PROVIDE (USART2, (APB1PERIPH_BASE + 0x4400))
                0x40004800                PROVIDE (USART3, (APB1PERIPH_BASE + 0x4800))
                0x40005400                PROVIDE (I2C1, (APB1PERIPH_BASE + 0x5400))
                0x40005800                PROVIDE (I2C2, (APB1PERIPH_BASE + 0x5800))
                0x40006400                PROVIDE (CAN, (APB1PERIPH_BASE + 0x6400))
                0x40006c00                PROVIDE (BKP, (APB1PERIPH_BASE + 0x6c00))
                0x40007000                PROVIDE (PWR, (APB1PERIPH_BASE + 0x7000))
                0x40010000                PROVIDE (AFIO, (APB2PERIPH_BASE + 0x0))
                0x40010400                PROVIDE (EXTI, (APB2PERIPH_BASE + 0x400))
                0x40010800                PROVIDE (GPIOA, (APB2PERIPH_BASE + 0x800))
                0x40010c00                PROVIDE (GPIOB, (APB2PERIPH_BASE + 0xc00))
                0x40011000                PROVIDE (GPIOC, (APB2PERIPH_BASE + 0x1000))
                0x40011400                PROVIDE (GPIOD, (APB2PERIPH_BASE + 0x1400))
                0x40011800                PROVIDE (GPIOE, (APB2PERIPH_BASE + 0x1800))
                0x40012400                PROVIDE (ADC1, (APB2PERIPH_BASE + 0x2400))
                0x40012800                PROVIDE (ADC2, (APB2PERIPH_BASE + 0x2800))
                0x40012c00                PROVIDE (TIM1, (APB2PERIPH_BASE + 0x2c00))
                0x40013000                PROVIDE (SPI1, (APB2PERIPH_BASE + 0x3000))
                0x40013800                PROVIDE (USART1, (APB2PERIPH_BASE + 0x3800))
                0x40020000                PROVIDE (DMA, (AHBPERIPH_BASE + 0x0))
                0x40020008                PROVIDE (DMA_Channel1, (AHBPERIPH_BASE + 0x8))
                0x4002001c                PROVIDE (DMA_Channel2, (AHBPERIPH_BASE + 0x1c))
                0x40020030                PROVIDE (DMA_Channel3, (AHBPERIPH_BASE + 0x30))
                0x40020044                PROVIDE (DMA_Channel4, (AHBPERIPH_BASE + 0x44))
                0x40020058                PROVIDE (DMA_Channel5, (AHBPERIPH_BASE + 0x58))
                0x4002006c                PROVIDE (DMA_Channel6, (AHBPERIPH_BASE + 0x6c))
                0x40020080                PROVIDE (DMA_Channel7, (AHBPERIPH_BASE + 0x80))
                0x40021000                PROVIDE (RCC, (AHBPERIPH_BASE + 0x1000))
                0xe000e000                SCS_BASE = 0xe000e000
                0xe000e010                PROVIDE (SysTick, (SCS_BASE + 0x10))
                0xe000e100                PROVIDE (NVIC, (SCS_BASE + 0x100))
                0xe000ed00                PROVIDE (SCB, (SCS_BASE + 0xd00))
                0x20005000                PROVIDE (_estack, (ORIGIN (RAM) + 0x5000))

.isr_vector     0x08000000      0x10c
                0x08000000                . = ALIGN (0x4)
 *(.isr_vector)
 .isr_vector    0x08000000      0x10c lib/CMSIS_CM3/startup/gcc/startup_stm32f10x_md.o
                0x08000000                g_pfnVectors
                0x0800010c                . = ALIGN (0x4)

.flash_start    0x00000000        0x0
                0x00000000                . = ALIGN (0x4)
 *(.flash_start)
 *(.flash_start.*)
                0x00000000                . = ALIGN (0x4)

.crp_patch      0x00000000        0x0
                0x00000000                . = ALIGN (0x4)
 *(.crp_patch)
                0x00000000                . = ALIGN (0x4)

.flashtext      0x0800010c        0x0
                0x0800010c                . = ALIGN (0x4)
 *(.flashtext)
                0x0800010c                . = ALIGN (0x4)

.text           0x08000110     0xbd98
                0x08000110                . = ALIGN (0x4)
 *(.text)
 .text          0x08000110      0x370 /home/laurence/ARM-GCC/bin/../lib/gcc/arm-none-eabi/4.7.4/armv7-m/libgcc.a(_arm_addsubdf3.o)
                0x08000110                __aeabi_drsub
                0x08000118                __aeabi_dsub
                0x08000118                __subdf3
                0x0800011c                __adddf3
                0x0800011c                __aeabi_dadd
                0x08000394                __aeabi_ui2d
                0x08000394                __floatunsidf
                0x080003b4                __floatsidf
                0x080003b4                __aeabi_i2d
                0x080003d8                __extendsfdf2
                0x080003d8                __aeabi_f2d
                0x08000414                __aeabi_ul2d
                0x08000414                __floatundidf
                0x08000424                __floatdidf
                0x08000424                __aeabi_l2d
 .text          0x08000480      0x424 /home/laurence/ARM-GCC/bin/../lib/gcc/arm-none-eabi/4.7.4/armv7-m/libgcc.a(_arm_muldivdf3.o)
                0x08000480                __aeabi_dmul
                0x08000480                __muldf3
                0x080006d4                __aeabi_ddiv
                0x080006d4                __divdf3
 .text          0x080008a4      0x110 /home/laurence/ARM-GCC/bin/../lib/gcc/arm-none-eabi/4.7.4/armv7-m/libgcc.a(_arm_cmpdf2.o)
                0x080008a4                __gtdf2
                0x080008a4                __gedf2
                0x080008ac                __ltdf2
                0x080008ac                __ledf2
                0x080008b4                __cmpdf2
                0x080008b4                __eqdf2
                0x080008b4                __nedf2
                0x08000930                __aeabi_cdrcmple
                0x08000940                __aeabi_cdcmple
                0x08000940                __aeabi_cdcmpeq
                0x08000950                __aeabi_dcmpeq
                0x08000964                __aeabi_dcmplt
                0x08000978                __aeabi_dcmple
                0x0800098c                __aeabi_dcmpge
                0x080009a0                __aeabi_dcmpgt
 .text          0x080009b4       0x40 /home/laurence/ARM-GCC/bin/../lib/gcc/arm-none-eabi/4.7.4/armv7-m/libgcc.a(_arm_fixunsdfsi.o)
                0x080009b4                __fixunsdfsi
                0x080009b4                __aeabi_d2uiz
 .text          0x080009f4       0xa0 /home/laurence/ARM-GCC/bin/../lib/gcc/arm-none-eabi/4.7.4/armv7-m/libgcc.a(_arm_truncdfsf2.o)
                0x080009f4                __aeabi_d2f
                0x080009f4                __truncdfsf2
 .text          0x08000a94      0x21c /home/laurence/ARM-GCC/bin/../lib/gcc/arm-none-eabi/4.7.4/armv7-m/libgcc.a(_arm_addsubsf3.o)
                0x08000a94                __aeabi_frsub
                0x08000a9c                __subsf3
                0x08000a9c                __aeabi_fsub
                0x08000aa0                __aeabi_fadd
                0x08000aa0                __addsf3
                0x08000c00                __aeabi_ui2f
                0x08000c00                __floatunsisf
                0x08000c08                __aeabi_i2f
                0x08000c08                __floatsisf
                0x08000c24                __floatundisf
                0x08000c24                __aeabi_ul2f
                0x08000c34                __floatdisf
                0x08000c34                __aeabi_l2f
 .text          0x08000cb0      0x2a0 /home/laurence/ARM-GCC/bin/../lib/gcc/arm-none-eabi/4.7.4/armv7-m/libgcc.a(_arm_muldivsf3.o)
                0x08000cb0                __mulsf3
                0x08000cb0                __aeabi_fmul
                0x08000e18                __divsf3
                0x08000e18                __aeabi_fdiv
 .text          0x08000f50       0xec /home/laurence/ARM-GCC/bin/../lib/gcc/arm-none-eabi/4.7.4/armv7-m/libgcc.a(_arm_cmpsf2.o)
                0x08000f50                __gtsf2
                0x08000f50                __gesf2
                0x08000f58                __lesf2
                0x08000f58                __ltsf2
                0x08000f60                __nesf2
                0x08000f60                __eqsf2
                0x08000f60                __cmpsf2
                0x08000fc0                __aeabi_cfrcmple
                0x08000fc8                __aeabi_cfcmple
                0x08000fc8                __aeabi_cfcmpeq
                0x08000fd8                __aeabi_fcmpeq
                0x08000fec                __aeabi_fcmplt
                0x08001000                __aeabi_fcmple
                0x08001014                __aeabi_fcmpge
                0x08001028                __aeabi_fcmpgt
 .text          0x0800103c       0x40 /home/laurence/ARM-GCC/bin/../lib/gcc/arm-none-eabi/4.7.4/armv7-m/libgcc.a(_arm_fixunssfsi.o)
                0x0800103c                __aeabi_f2uiz
                0x0800103c                __fixunssfsi
 *(.text.*)
 *fill*         0x0800107c        0x4 00
 .text.startup.main
                0x08001080     0x1d48 /tmp/ccZOtyTi.ltrans0.ltrans.o
                0x08001080                main
 .text.atoiRamRom.4165
                0x08002dc8       0x20 /tmp/ccZOtyTi.ltrans1.ltrans.o
 .text.Resume_Init.4277
                0x08002de8       0x30 /tmp/ccZOtyTi.ltrans1.ltrans.o
 .text.Get_Max_Lun
                0x08002e18       0x18 /tmp/ccZOtyTi.ltrans1.ltrans.o
                0x08002e18                Get_Max_Lun
 .text.MASS_Get_Interface_Setting
                0x08002e30        0xc /tmp/ccZOtyTi.ltrans1.ltrans.o
                0x08002e30                MASS_Get_Interface_Setting
 .text.MASS_Status_Out
                0x08002e3c        0x2 /tmp/ccZOtyTi.ltrans1.ltrans.o
                0x08002e3c                MASS_Status_Out
 .text.MASS_Status_In
                0x08002e3e        0x2 /tmp/ccZOtyTi.ltrans1.ltrans.o
                0x08002e3e                MASS_Status_In
 .text.Mass_Storage_SetDeviceAddress
                0x08002e40        0xc /tmp/ccZOtyTi.ltrans1.ltrans.o
                0x08002e40                Mass_Storage_SetDeviceAddress
 .text.__usart_send_char
                0x08002e4c       0x1c /tmp/ccZOtyTi.ltrans1.ltrans.o
                0x08002e4c                __usart_send_char
 .text.__str_print_char
                0x08002e68       0x2c /tmp/ccZOtyTi.ltrans1.ltrans.o
                0x08002e68                __str_print_char
 .text.stm32_dma_transfer.5714.4147
                0x08002e94       0xcc /tmp/ccZOtyTi.ltrans1.ltrans.o
 .text.MASS_Reset
                0x08002f60       0xe0 /tmp/ccZOtyTi.ltrans1.ltrans.o
                0x08002f60                MASS_Reset
 .text.Mass_Storage_SetConfiguration
                0x08003040       0x30 /tmp/ccZOtyTi.ltrans1.ltrans.o
                0x08003040                Mass_Storage_SetConfiguration
 .text.MASS_NoData_Setup
                0x08003070       0x4c /tmp/ccZOtyTi.ltrans1.ltrans.o
                0x08003070                MASS_NoData_Setup
 .text.MASS_GetDeviceDescriptor
                0x080030bc        0xc /tmp/ccZOtyTi.ltrans1.ltrans.o
                0x080030bc                MASS_GetDeviceDescriptor
 .text.MASS_GetConfigDescriptor
                0x080030c8        0xc /tmp/ccZOtyTi.ltrans1.ltrans.o
                0x080030c8                MASS_GetConfigDescriptor
 .text.MASS_GetStringDescriptor
                0x080030d4       0x20 /tmp/ccZOtyTi.ltrans1.ltrans.o
                0x080030d4                MASS_GetStringDescriptor
 .text.__gps_send_char
                0x080030f4       0x1c /tmp/ccZOtyTi.ltrans1.ltrans.o
                0x080030f4                __gps_send_char
 .text.Usart_Send_Str
                0x08003110       0x16 /tmp/ccZOtyTi.ltrans1.ltrans.o
                0x08003110                Usart_Send_Str
 *fill*         0x08003126        0x2 00
 .text.power_on.5701
                0x08003128       0xfc /tmp/ccZOtyTi.ltrans1.ltrans.o
                0x08003128                power_on.5701
 .text.Timer_GPIO_Enable
                0x08003224       0x24 /tmp/ccZOtyTi.ltrans1.ltrans.o
                0x08003224                Timer_GPIO_Enable
 .text.Timer_GPIO_Disable
                0x08003248       0x24 /tmp/ccZOtyTi.ltrans1.ltrans.o
                0x08003248                Timer_GPIO_Disable
 .text.shutdown
                0x0800326c       0x10 /tmp/ccZOtyTi.ltrans1.ltrans.o
                0x0800326c                shutdown
 .text.si446x_busy_wait_send_receive
                0x0800327c      0x100 /tmp/ccZOtyTi.ltrans1.ltrans.o
                0x0800327c                si446x_busy_wait_send_receive
 .text.NVIC_SystemReset.6779
                0x0800337c       0x20 /tmp/ccZOtyTi.ltrans1.ltrans.o
                0x0800337c                NVIC_SystemReset.6779
 .text.I2C1_Request_Job
                0x0800339c       0x78 /tmp/ccZOtyTi.ltrans1.ltrans.o
                0x0800339c                I2C1_Request_Job
 .text.rprintfChar
                0x08003414       0x1c /tmp/ccZOtyTi.ltrans1.ltrans.o
                0x08003414                rprintfChar
 .text.rprintf2RamRom
                0x08003430      0x404 /tmp/ccZOtyTi.ltrans1.ltrans.o
                0x08003430                rprintf2RamRom
 .text.stm32_spi_rw.5703
                0x08003834       0x24 /tmp/ccZOtyTi.ltrans1.ltrans.o
                0x08003834                stm32_spi_rw.5703
 .text.rcvr_spi.5706
                0x08003858        0x6 /tmp/ccZOtyTi.ltrans1.ltrans.o
                0x08003858                rcvr_spi.5706
 *fill*         0x0800385e        0x2 00
 .text.release_spi
                0x08003860       0x18 /tmp/ccZOtyTi.ltrans1.ltrans.o
                0x08003860                release_spi
 .text.rcvr_datablock
                0x08003878       0x54 /tmp/ccZOtyTi.ltrans1.ltrans.o
                0x08003878                rcvr_datablock
 .text.xmit_datablock.part.1.5719
                0x080038cc       0x2c /tmp/ccZOtyTi.ltrans1.ltrans.o
                0x080038cc                xmit_datablock.part.1.5719
 .text.wait_ready.5708
                0x080038f8       0x24 /tmp/ccZOtyTi.ltrans1.ltrans.o
                0x080038f8                wait_ready.5708
 .text.send_cmd.5710
                0x0800391c       0xbc /tmp/ccZOtyTi.ltrans1.ltrans.o
                0x0800391c                send_cmd.5710
 .text.disk_read
                0x080039d8       0xa0 /tmp/ccZOtyTi.ltrans1.ltrans.o
                0x080039d8                disk_read
 .text.Read_Memory
                0x08003a78      0x154 /tmp/ccZOtyTi.ltrans1.ltrans.o
                0x08003a78                Read_Memory
 .text.check_fs.5363
                0x08003bcc       0x88 /tmp/ccZOtyTi.ltrans1.ltrans.o
                0x08003bcc                check_fs.5363
 .text.counter_to_struct.5617
                0x08003c54       0xa8 /tmp/ccZOtyTi.ltrans1.ltrans.o
                0x08003c54                counter_to_struct.5617
 .text.isDST.5599
                0x08003cfc       0x2a /tmp/ccZOtyTi.ltrans1.ltrans.o
                0x08003cfc                isDST.5599
 *fill*         0x08003d26        0x2 00
 .text.rtc_gettime
                0x08003d28       0x74 /tmp/ccZOtyTi.ltrans1.ltrans.o
                0x08003d28                rtc_gettime
 .text.get_fattime
                0x08003d9c       0x40 /tmp/ccZOtyTi.ltrans1.ltrans.o
                0x08003d9c                get_fattime
 .text.clust2sect
                0x08003ddc       0x18 /tmp/ccZOtyTi.ltrans1.ltrans.o
                0x08003ddc                clust2sect
 .text.mem_cpy.5287
                0x08003df4       0x12 /tmp/ccZOtyTi.ltrans1.ltrans.o
                0x08003df4                mem_cpy.5287
 *fill*         0x08003e06        0x2 00
 .text.ff_convert.part.0.5220
                0x08003e08       0x24 /tmp/ccZOtyTi.ltrans1.ltrans.o
                0x08003e08                ff_convert.part.0.5220
 .text.Delay    0x08003e2c       0x1a /tmp/ccZOtyTi.ltrans1.ltrans.o
                0x08003e2c                Delay
 *fill*         0x08003e46        0x2 00
 .text.I2C_Config
                0x08003e48      0x134 /tmp/ccZOtyTi.ltrans1.ltrans.o
                0x08003e48                I2C_Config
 .text.test_cutdown
                0x08003f7c       0x5c /tmp/ccZOtyTi.ltrans1.ltrans.o
                0x08003f7c                test_cutdown
 .text.Pop_From_Buffer
                0x08003fd8       0x26 /tmp/ccZOtyTi.ltrans1.ltrans.o
                0x08003fd8                Pop_From_Buffer
 .text.Add_To_Byte_Buffer
                0x08003ffe       0x46 /tmp/ccZOtyTi.ltrans1.ltrans.o
                0x08003ffe                Add_To_Byte_Buffer
 .text.Add_To_Buffer
                0x08004044       0x48 /tmp/ccZOtyTi.ltrans1.ltrans.o
                0x08004044                Add_To_Buffer
 .text.Bot_Abort.part.2.4662
                0x0800408c       0x18 /tmp/ccZOtyTi.ltrans1.ltrans.o
                0x0800408c                Bot_Abort.part.2.4662
 .text.Resume   0x080040a4       0xa4 /tmp/ccZOtyTi.ltrans1.ltrans.o
                0x080040a4                Resume
 .text.Set_CSW  0x08004148       0x3c /tmp/ccZOtyTi.ltrans1.ltrans.o
                0x08004148                Set_CSW
 .text.Transfer_Data_Request
                0x08004184       0x34 /tmp/ccZOtyTi.ltrans1.ltrans.o
                0x08004184                Transfer_Data_Request
 .text.IntToUnicode.4444
                0x080041b8       0x2a /tmp/ccZOtyTi.ltrans1.ltrans.o
                0x080041b8                IntToUnicode.4444
 *fill*         0x080041e2        0x2 00
 .text.disk_write
                0x080041e4       0xcc /tmp/ccZOtyTi.ltrans2.ltrans.o
                0x080041e4                disk_write
 .text.move_window.5346
                0x080042b0       0x76 /tmp/ccZOtyTi.ltrans2.ltrans.o
                0x080042b0                move_window.5346
 .text.get_fat  0x08004326       0xc8 /tmp/ccZOtyTi.ltrans2.ltrans.o
                0x08004326                get_fat
 *fill*         0x080043ee        0x2 00
 .text.SCSI_Invalid_Cmd
                0x080043f0       0x3c /tmp/ccZOtyTi.ltrans2.ltrans.o
                0x080043f0                SCSI_Invalid_Cmd
 .text.SCSI_Address_Management
                0x0800442c       0x74 /tmp/ccZOtyTi.ltrans2.ltrans.o
                0x0800442c                SCSI_Address_Management
 .text.SCSI_Read10_Cmd
                0x080044a0       0x6c /tmp/ccZOtyTi.ltrans2.ltrans.o
                0x080044a0                SCSI_Read10_Cmd
 .text.EP1_IN_Callback.4078
                0x0800450c       0x5c /tmp/ccZOtyTi.ltrans2.ltrans.o
 .text.si446x_setup
                0x08004568      0x8a8 /tmp/ccZOtyTi.ltrans2.ltrans.o
                0x08004568                si446x_setup
 .text.MASS_Data_Setup
                0x08004e10       0x38 /tmp/ccZOtyTi.ltrans3.ltrans.o
                0x08004e10                MASS_Data_Setup
 .text.Mass_Storage_ClearFeature.4106
                0x08004e48       0x18 /tmp/ccZOtyTi.ltrans3.ltrans.o
 .text.MASS_init
                0x08004e60       0x70 /tmp/ccZOtyTi.ltrans3.ltrans.o
                0x08004e60                MASS_init
 .text.validate.5356
                0x08004ed0       0x2c /tmp/ccZOtyTi.ltrans3.ltrans.o
                0x08004ed0                validate.5356
 .text.MAL_GetStatus
                0x08004efc       0xc4 /tmp/ccZOtyTi.ltrans3.ltrans.o
                0x08004efc                MAL_GetStatus
 .text.send_string_to_silabs.constprop.34
                0x08004fc0       0x38 /tmp/ccZOtyTi.ltrans3.ltrans.o
                0x08004fc0                send_string_to_silabs.constprop.34
 .text.si446x_spi_state_machine.constprop.31
                0x08004ff8      0x2a4 /tmp/ccZOtyTi.ltrans3.ltrans.o
                0x08004ff8                si446x_spi_state_machine.constprop.31
 .text.si446x_state_machine
                0x0800529c      0x378 /tmp/ccZOtyTi.ltrans3.ltrans.o
                0x0800529c                si446x_state_machine
 .text.Gps_Process_Byte.constprop.30
                0x08005614      0x1d8 /tmp/ccZOtyTi.ltrans3.ltrans.o
                0x08005614                Gps_Process_Byte.constprop.30
 .text.Pop_From_Dma_Buffer.constprop.29
                0x080057ec       0x28 /tmp/ccZOtyTi.ltrans3.ltrans.o
                0x080057ec                Pop_From_Dma_Buffer.constprop.29
 .text.Get_UBX_Ack.constprop.28
                0x08005814       0xa0 /tmp/ccZOtyTi.ltrans3.ltrans.o
                0x08005814                Get_UBX_Ack.constprop.28
 .text.USART2_reconf.constprop.27
                0x080058b4       0x50 /tmp/ccZOtyTi.ltrans3.ltrans.o
                0x080058b4                USART2_reconf.constprop.27
 .text.Gps_Send_Utf8
                0x08005904       0x1a /tmp/ccZOtyTi.ltrans3.ltrans.o
                0x08005904                Gps_Send_Utf8
 .text.Gps_Send_Str
                0x0800591e       0x16 /tmp/ccZOtyTi.ltrans3.ltrans.o
                0x0800591e                Gps_Send_Str
 .text.EP2_OUT_Callback.4060
                0x08005934      0x310 /tmp/ccZOtyTi.ltrans4.ltrans.o
 .text.dir_next.5429
                0x08005c44       0xfa /tmp/ccZOtyTi.ltrans4.ltrans.o
                0x08005c44                dir_next.5429
 *fill*         0x08005d3e        0x2 00
 .text.disk_initialize
                0x08005d40      0x164 /tmp/ccZOtyTi.ltrans4.ltrans.o
                0x08005d40                disk_initialize
 .text.chk_mounted.5367
                0x08005ea4      0x318 /tmp/ccZOtyTi.ltrans4.ltrans.o
                0x08005ea4                chk_mounted.5367
 .text.put_fat.4144
                0x080061bc       0xf2 /tmp/ccZOtyTi.ltrans5.ltrans.o
 *fill*         0x080062ae        0x2 00
 .text.unlikely.f_read.constprop.13
                0x080062b0      0x19c /tmp/ccZOtyTi.ltrans5.ltrans.o
                0x080062b0                f_read.constprop.13
 .text.SCSI_Write10_Cmd
                0x0800644c      0x144 /tmp/ccZOtyTi.ltrans5.ltrans.o
                0x0800644c                SCSI_Write10_Cmd
 .text.remove_chain.5459
                0x08006590       0x54 /tmp/ccZOtyTi.ltrans5.ltrans.o
                0x08006590                remove_chain.5459
 .text.f_truncate
                0x080065e4       0x92 /tmp/ccZOtyTi.ltrans5.ltrans.o
                0x080065e4                f_truncate
 .text.create_chain.5425
                0x08006676       0x9a /tmp/ccZOtyTi.ltrans5.ltrans.o
                0x08006676                create_chain.5425
 .text.f_lseek  0x08006710      0x140 /tmp/ccZOtyTi.ltrans5.ltrans.o
                0x08006710                f_lseek
 .text.f_write  0x08006850      0x19a /tmp/ccZOtyTi.ltrans5.ltrans.o
                0x08006850                f_write
 *fill*         0x080069ea        0x2 00
 .text.f_puts.constprop.10
                0x080069ec       0x34 /tmp/ccZOtyTi.ltrans5.ltrans.o
                0x080069ec                f_puts.constprop.10
 .text.__fat_print_char
                0x08006a20       0x1c /tmp/ccZOtyTi.ltrans5.ltrans.o
                0x08006a20                __fat_print_char
 .text.dir_sdi.5393
                0x08006a3c       0x84 /tmp/ccZOtyTi.ltrans5.ltrans.o
                0x08006a3c                dir_sdi.5393
 .text.I2C1_EV_IRQHandler
                0x08006ac0      0x4c4 /tmp/ccZOtyTi.ltrans6.ltrans.o
                0x08006ac0                I2C1_EV_IRQHandler
 .text.EXTI15_10_IRQHandler
                0x08006f84       0x38 /tmp/ccZOtyTi.ltrans6.ltrans.o
                0x08006f84                EXTI15_10_IRQHandler
 .text.DMA1_Channel2_IRQHandler
                0x08006fbc       0x4c /tmp/ccZOtyTi.ltrans6.ltrans.o
                0x08006fbc                DMA1_Channel2_IRQHandler
 .text.EXTI0_IRQHandler
                0x08007008       0x40 /tmp/ccZOtyTi.ltrans6.ltrans.o
                0x08007008                EXTI0_IRQHandler
 .text.USART3_IRQHandler
                0x08007048       0x98 /tmp/ccZOtyTi.ltrans6.ltrans.o
                0x08007048                USART3_IRQHandler
 .text.f_sync   0x080070e0      0x180 /tmp/ccZOtyTi.ltrans6.ltrans.o
                0x080070e0                f_sync
 .text.file_preallocation_control.part.1.6784
                0x08007260       0x26 /tmp/ccZOtyTi.ltrans6.ltrans.o
                0x08007260                file_preallocation_control.part.1.6784
 .text.f_close  0x08007286        0xe /tmp/ccZOtyTi.ltrans6.ltrans.o
                0x08007286                f_close
 .text.shutdown_filesystem
                0x08007294      0x130 /tmp/ccZOtyTi.ltrans6.ltrans.o
                0x08007294                shutdown_filesystem
 .text.dir_find.part.4.5433.4115
                0x080073c4      0x184 /tmp/ccZOtyTi.ltrans7.ltrans.o
 .text.follow_path.5439
                0x08007548      0x294 /tmp/ccZOtyTi.ltrans7.ltrans.o
                0x08007548                follow_path.5439
 .text.f_open   0x080077dc      0x3d0 /tmp/ccZOtyTi.ltrans7.ltrans.o
                0x080077dc                f_open
 .text.detect_sensors
                0x08007bac       0x80 /tmp/ccZOtyTi.ltrans7.ltrans.o
                0x08007bac                detect_sensors
 .text.USB_LP_CAN1_RX0_IRQHandler
                0x08007c2c      0x108 /tmp/ccZOtyTi.ltrans8.ltrans.o
                0x08007c2c                USB_LP_CAN1_RX0_IRQHandler
 .text.USB_HP_CAN1_TX_IRQHandler
                0x08007d34        0x4 /tmp/ccZOtyTi.ltrans8.ltrans.o
                0x08007d34                USB_HP_CAN1_TX_IRQHandler
 .text.SysTick_Handler
                0x08007d38      0x570 /tmp/ccZOtyTi.ltrans8.ltrans.o
                0x08007d38                SysTick_Handler
 .text.ADC1_2_IRQHandler
                0x080082a8       0x6c /tmp/ccZOtyTi.ltrans8.ltrans.o
                0x080082a8                ADC1_2_IRQHandler
 .text.I2C1_ER_IRQHandler
                0x08008314       0xf0 /tmp/ccZOtyTi.ltrans8.ltrans.o
                0x08008314                I2C1_ER_IRQHandler
 .text.USART1_IRQHandler
                0x08008404       0x34 /tmp/ccZOtyTi.ltrans9.ltrans.o
                0x08008404                USART1_IRQHandler
 .text.malloc   0x08008438       0x10 /home/laurence/ARM-GCC/bin/../lib/gcc/arm-none-eabi/4.7.4/../../../../arm-none-eabi/lib/armv7-m/libc.a(lib_a-malloc.o)
                0x08008438                malloc
 .text._malloc_r
                0x08008448      0x530 /home/laurence/ARM-GCC/bin/../lib/gcc/arm-none-eabi/4.7.4/../../../../arm-none-eabi/lib/armv7-m/libc.a(lib_a-mallocr.o)
                0x08008448                _malloc_r
 .text.memcmp   0x08008978       0xb8 /home/laurence/ARM-GCC/bin/../lib/gcc/arm-none-eabi/4.7.4/../../../../arm-none-eabi/lib/armv7-m/libc.a(lib_a-memcmp.o)
                0x08008978                memcmp
 .text.memcpy   0x08008a30      0x15c /home/laurence/ARM-GCC/bin/../lib/gcc/arm-none-eabi/4.7.4/../../../../arm-none-eabi/lib/armv7-m/libc.a(lib_a-memcpy.o)
                0x08008a30                memcpy
 .text.__malloc_lock
                0x08008b8c        0x4 /home/laurence/ARM-GCC/bin/../lib/gcc/arm-none-eabi/4.7.4/../../../../arm-none-eabi/lib/armv7-m/libc.a(lib_a-mlock.o)
                0x08008b8c                __malloc_lock
 .text.__malloc_unlock
                0x08008b90        0x4 /home/laurence/ARM-GCC/bin/../lib/gcc/arm-none-eabi/4.7.4/../../../../arm-none-eabi/lib/armv7-m/libc.a(lib_a-mlock.o)
                0x08008b90                __malloc_unlock
 .text._sbrk_r  0x08008b94       0x24 /home/laurence/ARM-GCC/bin/../lib/gcc/arm-none-eabi/4.7.4/../../../../arm-none-eabi/lib/armv7-m/libc.a(lib_a-sbrkr.o)
                0x08008b94                _sbrk_r
 .text.strcat   0x08008bb8       0x4c /home/laurence/ARM-GCC/bin/../lib/gcc/arm-none-eabi/4.7.4/../../../../arm-none-eabi/lib/armv7-m/libc.a(lib_a-strcat.o)
                0x08008bb8                strcat
 .text.strchr   0x08008c04       0xfc /home/laurence/ARM-GCC/bin/../lib/gcc/arm-none-eabi/4.7.4/../../../../arm-none-eabi/lib/armv7-m/libc.a(lib_a-strchr.o)
                0x08008c04                strchr
 .text.strcpy   0x08008d00       0xbc /home/laurence/ARM-GCC/bin/../lib/gcc/arm-none-eabi/4.7.4/../../../../arm-none-eabi/lib/armv7-m/libc.a(lib_a-strcpy.o)
                0x08008d00                strcpy
 .text.strlen   0x08008dbc       0x60 /home/laurence/ARM-GCC/bin/../lib/gcc/arm-none-eabi/4.7.4/../../../../arm-none-eabi/lib/armv7-m/libc.a(lib_a-strlen.o)
                0x08008dbc                strlen
 .text.strncmp  0x08008e1c      0x120 /home/laurence/ARM-GCC/bin/../lib/gcc/arm-none-eabi/4.7.4/../../../../arm-none-eabi/lib/armv7-m/libc.a(lib_a-strncmp.o)
                0x08008e1c                strncmp
 .text.strncpy  0x08008f3c      0x10c /home/laurence/ARM-GCC/bin/../lib/gcc/arm-none-eabi/4.7.4/../../../../arm-none-eabi/lib/armv7-m/libc.a(lib_a-strncpy.o)
                0x08008f3c                strncpy
 .text._malloc_trim_r
                0x08009048       0x98 /home/laurence/ARM-GCC/bin/../lib/gcc/arm-none-eabi/4.7.4/../../../../arm-none-eabi/lib/armv7-m/libc.a(lib_a-freer.o)
                0x08009048                _malloc_trim_r
 .text._free_r  0x080090e0      0x194 /home/laurence/ARM-GCC/bin/../lib/gcc/arm-none-eabi/4.7.4/../../../../arm-none-eabi/lib/armv7-m/libc.a(lib_a-freer.o)
                0x080090e0                _free_r
 .text.Reset_Handler
                0x08009274       0x48 lib/CMSIS_CM3/startup/gcc/startup_stm32f10x_md.o
                0x08009274                Reset_Handler
 .text.Default_Handler
                0x080092bc        0x4 lib/CMSIS_CM3/startup/gcc/startup_stm32f10x_md.o
                0x080092bc                EXTI2_IRQHandler
                0x080092bc                DebugMon_Handler
                0x080092bc                TIM1_CC_IRQHandler
                0x080092bc                HardFault_Handler
                0x080092bc                PVD_IRQHandler
                0x080092bc                PendSV_Handler
                0x080092bc                NMI_Handler
                0x080092bc                EXTI3_IRQHandler
                0x080092bc                I2C2_EV_IRQHandler
                0x080092bc                UsageFault_Handler
                0x080092bc                SPI1_IRQHandler
                0x080092bc                TAMPER_IRQHandler
                0x080092bc                DMA1_Channel4_IRQHandler
                0x080092bc                RTC_IRQHandler
                0x080092bc                DMA1_Channel7_IRQHandler
                0x080092bc                CAN1_RX1_IRQHandler
                0x080092bc                TIM4_IRQHandler
                0x080092bc                DMA1_Channel6_IRQHandler
                0x080092bc                TIM3_IRQHandler
                0x080092bc                RCC_IRQHandler
                0x080092bc                TIM1_TRG_COM_IRQHandler
                0x080092bc                DMA1_Channel1_IRQHandler
                0x080092bc                Default_Handler
                0x080092bc                EXTI9_5_IRQHandler
                0x080092bc                SPI2_IRQHandler
                0x080092bc                MemManage_Handler
                0x080092bc                SVC_Handler
                0x080092bc                DMA1_Channel5_IRQHandler
                0x080092bc                EXTI4_IRQHandler
                0x080092bc                DMA1_Channel3_IRQHandler
                0x080092bc                TIM1_UP_IRQHandler
                0x080092bc                WWDG_IRQHandler
                0x080092bc                TIM2_IRQHandler
                0x080092bc                TIM1_BRK_IRQHandler
                0x080092bc                EXTI1_IRQHandler
                0x080092bc                RTCAlarm_IRQHandler
                0x080092bc                USART2_IRQHandler
                0x080092bc                I2C2_ER_IRQHandler
                0x080092bc                CAN1_SCE_IRQHandler
                0x080092bc                FLASH_IRQHandler
                0x080092bc                BusFault_Handler
                0x080092bc                USBWakeUp_IRQHandler
 .text.NVIC_PriorityGroupConfig
                0x080092c0       0x14 lib/STM32F10x_StdPeriph_Driver/libstm32fw.a(misc.o)
                0x080092c0                NVIC_PriorityGroupConfig
 .text.NVIC_Init
                0x080092d4       0x68 lib/STM32F10x_StdPeriph_Driver/libstm32fw.a(misc.o)
                0x080092d4                NVIC_Init
 .text.NVIC_SetVectorTable
                0x0800933c       0x14 lib/STM32F10x_StdPeriph_Driver/libstm32fw.a(misc.o)
                0x0800933c                NVIC_SetVectorTable
 .text.SysTick_CLKSourceConfig
                0x08009350       0x18 lib/STM32F10x_StdPeriph_Driver/libstm32fw.a(misc.o)
                0x08009350                SysTick_CLKSourceConfig
 .text.ADC_DeInit
                0x08009368       0x5c lib/STM32F10x_StdPeriph_Driver/libstm32fw.a(stm32f10x_adc.o)
                0x08009368                ADC_DeInit
 .text.ADC_Init
                0x080093c4       0x48 lib/STM32F10x_StdPeriph_Driver/libstm32fw.a(stm32f10x_adc.o)
                0x080093c4                ADC_Init
 .text.ADC_Cmd  0x0800940c       0x12 lib/STM32F10x_StdPeriph_Driver/libstm32fw.a(stm32f10x_adc.o)
                0x0800940c                ADC_Cmd
 .text.ADC_ResetCalibration
                0x0800941e        0xa lib/STM32F10x_StdPeriph_Driver/libstm32fw.a(stm32f10x_adc.o)
                0x0800941e                ADC_ResetCalibration
 .text.ADC_GetResetCalibrationStatus
                0x08009428        0x8 lib/STM32F10x_StdPeriph_Driver/libstm32fw.a(stm32f10x_adc.o)
                0x08009428                ADC_GetResetCalibrationStatus
 .text.ADC_StartCalibration
                0x08009430        0xa lib/STM32F10x_StdPeriph_Driver/libstm32fw.a(stm32f10x_adc.o)
                0x08009430                ADC_StartCalibration
 .text.ADC_GetCalibrationStatus
                0x0800943a        0x8 lib/STM32F10x_StdPeriph_Driver/libstm32fw.a(stm32f10x_adc.o)
                0x0800943a                ADC_GetCalibrationStatus
 .text.ADC_SoftwareStartConvCmd
                0x08009442       0x12 lib/STM32F10x_StdPeriph_Driver/libstm32fw.a(stm32f10x_adc.o)
                0x08009442                ADC_SoftwareStartConvCmd
 .text.ADC_RegularChannelConfig
                0x08009454       0x9a lib/STM32F10x_StdPeriph_Driver/libstm32fw.a(stm32f10x_adc.o)
                0x08009454                ADC_RegularChannelConfig
 .text.ADC_GetConversionValue
                0x080094ee        0x6 lib/STM32F10x_StdPeriph_Driver/libstm32fw.a(stm32f10x_adc.o)
                0x080094ee                ADC_GetConversionValue
 .text.ADC_ExternalTrigInjectedConvConfig
                0x080094f4        0xc lib/STM32F10x_StdPeriph_Driver/libstm32fw.a(stm32f10x_adc.o)
                0x080094f4                ADC_ExternalTrigInjectedConvConfig
 .text.ADC_SoftwareStartInjectedConvCmd
                0x08009500       0x12 lib/STM32F10x_StdPeriph_Driver/libstm32fw.a(stm32f10x_adc.o)
                0x08009500                ADC_SoftwareStartInjectedConvCmd
 .text.ADC_InjectedChannelConfig
                0x08009512       0x60 lib/STM32F10x_StdPeriph_Driver/libstm32fw.a(stm32f10x_adc.o)
                0x08009512                ADC_InjectedChannelConfig
 .text.ADC_InjectedSequencerLengthConfig
                0x08009572       0x10 lib/STM32F10x_StdPeriph_Driver/libstm32fw.a(stm32f10x_adc.o)
                0x08009572                ADC_InjectedSequencerLengthConfig
 .text.ADC_GetInjectedConversionValue
                0x08009582       0x1a lib/STM32F10x_StdPeriph_Driver/libstm32fw.a(stm32f10x_adc.o)
                0x08009582                ADC_GetInjectedConversionValue
 .text.ADC_GetFlagStatus
                0x0800959c        0xc lib/STM32F10x_StdPeriph_Driver/libstm32fw.a(stm32f10x_adc.o)
                0x0800959c                ADC_GetFlagStatus
 .text.ADC_ClearFlag
                0x080095a8        0x6 lib/STM32F10x_StdPeriph_Driver/libstm32fw.a(stm32f10x_adc.o)
                0x080095a8                ADC_ClearFlag
 .text.ADC_GetITStatus
                0x080095ae       0x16 lib/STM32F10x_StdPeriph_Driver/libstm32fw.a(stm32f10x_adc.o)
                0x080095ae                ADC_GetITStatus
 .text.ADC_ClearITPendingBit
                0x080095c4        0x8 lib/STM32F10x_StdPeriph_Driver/libstm32fw.a(stm32f10x_adc.o)
                0x080095c4                ADC_ClearITPendingBit
 .text.BKP_DeInit
                0x080095cc       0x12 lib/STM32F10x_StdPeriph_Driver/libstm32fw.a(stm32f10x_bkp.o)
                0x080095cc                BKP_DeInit
 *fill*         0x080095de        0x2 00
 .text.BKP_RTCOutputConfig
                0x080095e0       0x18 lib/STM32F10x_StdPeriph_Driver/libstm32fw.a(stm32f10x_bkp.o)
                0x080095e0                BKP_RTCOutputConfig
 .text.BKP_SetRTCCalibrationValue
                0x080095f8       0x18 lib/STM32F10x_StdPeriph_Driver/libstm32fw.a(stm32f10x_bkp.o)
                0x080095f8                BKP_SetRTCCalibrationValue
 .text.BKP_WriteBackupRegister
                0x08009610       0x1c lib/STM32F10x_StdPeriph_Driver/libstm32fw.a(stm32f10x_bkp.o)
                0x08009610                BKP_WriteBackupRegister
 .text.BKP_ReadBackupRegister
                0x0800962c       0x20 lib/STM32F10x_StdPeriph_Driver/libstm32fw.a(stm32f10x_bkp.o)
                0x0800962c                BKP_ReadBackupRegister
 .text.DBGMCU_Config
                0x0800964c       0x18 lib/STM32F10x_StdPeriph_Driver/libstm32fw.a(stm32f10x_dbgmcu.o)
                0x0800964c                DBGMCU_Config
 .text.DMA_DeInit
                0x08009664       0xec lib/STM32F10x_StdPeriph_Driver/libstm32fw.a(stm32f10x_dma.o)
                0x08009664                DMA_DeInit
 .text.DMA_Init
                0x08009750       0x40 lib/STM32F10x_StdPeriph_Driver/libstm32fw.a(stm32f10x_dma.o)
                0x08009750                DMA_Init
 .text.DMA_Cmd  0x08009790       0x12 lib/STM32F10x_StdPeriph_Driver/libstm32fw.a(stm32f10x_dma.o)
                0x08009790                DMA_Cmd
 .text.DMA_ITConfig
                0x080097a2       0x10 lib/STM32F10x_StdPeriph_Driver/libstm32fw.a(stm32f10x_dma.o)
                0x080097a2                DMA_ITConfig
 .text.DMA_GetCurrDataCounter
                0x080097b2        0x6 lib/STM32F10x_StdPeriph_Driver/libstm32fw.a(stm32f10x_dma.o)
                0x080097b2                DMA_GetCurrDataCounter
 .text.DMA_GetFlagStatus
                0x080097b8       0x1c lib/STM32F10x_StdPeriph_Driver/libstm32fw.a(stm32f10x_dma.o)
                0x080097b8                DMA_GetFlagStatus
 .text.DMA_ClearFlag
                0x080097d4       0x14 lib/STM32F10x_StdPeriph_Driver/libstm32fw.a(stm32f10x_dma.o)
                0x080097d4                DMA_ClearFlag
 .text.DMA_GetITStatus
                0x080097e8       0x1c lib/STM32F10x_StdPeriph_Driver/libstm32fw.a(stm32f10x_dma.o)
                0x080097e8                DMA_GetITStatus
 .text.DMA_ClearITPendingBit
                0x08009804       0x14 lib/STM32F10x_StdPeriph_Driver/libstm32fw.a(stm32f10x_dma.o)
                0x08009804                DMA_ClearITPendingBit
 .text.EXTI_DeInit
                0x08009818       0x1c lib/STM32F10x_StdPeriph_Driver/libstm32fw.a(stm32f10x_exti.o)
                0x08009818                EXTI_DeInit
 .text.EXTI_Init
                0x08009834       0x88 lib/STM32F10x_StdPeriph_Driver/libstm32fw.a(stm32f10x_exti.o)
                0x08009834                EXTI_Init
 .text.EXTI_GetITStatus
                0x080098bc       0x20 lib/STM32F10x_StdPeriph_Driver/libstm32fw.a(stm32f10x_exti.o)
                0x080098bc                EXTI_GetITStatus
 .text.EXTI_ClearITPendingBit
                0x080098dc        0xc lib/STM32F10x_StdPeriph_Driver/libstm32fw.a(stm32f10x_exti.o)
                0x080098dc                EXTI_ClearITPendingBit
 .text.GPIO_Init
                0x080098e8       0x9a lib/STM32F10x_StdPeriph_Driver/libstm32fw.a(stm32f10x_gpio.o)
                0x080098e8                GPIO_Init
 .text.GPIO_StructInit
                0x08009982       0x10 lib/STM32F10x_StdPeriph_Driver/libstm32fw.a(stm32f10x_gpio.o)
                0x08009982                GPIO_StructInit
 .text.GPIO_ReadInputDataBit
                0x08009992        0xc lib/STM32F10x_StdPeriph_Driver/libstm32fw.a(stm32f10x_gpio.o)
                0x08009992                GPIO_ReadInputDataBit
 .text.GPIO_SetBits
                0x0800999e        0x4 lib/STM32F10x_StdPeriph_Driver/libstm32fw.a(stm32f10x_gpio.o)
                0x0800999e                GPIO_SetBits
 .text.GPIO_ResetBits
                0x080099a2        0x4 lib/STM32F10x_StdPeriph_Driver/libstm32fw.a(stm32f10x_gpio.o)
                0x080099a2                GPIO_ResetBits
 .text.GPIO_WriteBit
                0x080099a6        0xa lib/STM32F10x_StdPeriph_Driver/libstm32fw.a(stm32f10x_gpio.o)
                0x080099a6                GPIO_WriteBit
 .text.GPIO_PinRemapConfig
                0x080099b0       0x58 lib/STM32F10x_StdPeriph_Driver/libstm32fw.a(stm32f10x_gpio.o)
                0x080099b0                GPIO_PinRemapConfig
 .text.GPIO_EXTILineConfig
                0x08009a08       0x34 lib/STM32F10x_StdPeriph_Driver/libstm32fw.a(stm32f10x_gpio.o)
                0x08009a08                GPIO_EXTILineConfig
 .text.I2C_DeInit
                0x08009a3c       0x34 lib/STM32F10x_StdPeriph_Driver/libstm32fw.a(stm32f10x_i2c.o)
                0x08009a3c                I2C_DeInit
 .text.I2C_Init
                0x08009a70       0xd4 lib/STM32F10x_StdPeriph_Driver/libstm32fw.a(stm32f10x_i2c.o)
                0x08009a70                I2C_Init
 .text.I2C_Cmd  0x08009b44       0x18 lib/STM32F10x_StdPeriph_Driver/libstm32fw.a(stm32f10x_i2c.o)
                0x08009b44                I2C_Cmd
 .text.I2C_GenerateSTART
                0x08009b5c       0x18 lib/STM32F10x_StdPeriph_Driver/libstm32fw.a(stm32f10x_i2c.o)
                0x08009b5c                I2C_GenerateSTART
 .text.I2C_GenerateSTOP
                0x08009b74       0x18 lib/STM32F10x_StdPeriph_Driver/libstm32fw.a(stm32f10x_i2c.o)
                0x08009b74                I2C_GenerateSTOP
 .text.I2C_AcknowledgeConfig
                0x08009b8c       0x18 lib/STM32F10x_StdPeriph_Driver/libstm32fw.a(stm32f10x_i2c.o)
                0x08009b8c                I2C_AcknowledgeConfig
 .text.I2C_ITConfig
                0x08009ba4       0x12 lib/STM32F10x_StdPeriph_Driver/libstm32fw.a(stm32f10x_i2c.o)
                0x08009ba4                I2C_ITConfig
 .text.I2C_SendData
                0x08009bb6        0x4 lib/STM32F10x_StdPeriph_Driver/libstm32fw.a(stm32f10x_i2c.o)
                0x08009bb6                I2C_SendData
 .text.I2C_ReceiveData
                0x08009bba        0x6 lib/STM32F10x_StdPeriph_Driver/libstm32fw.a(stm32f10x_i2c.o)
                0x08009bba                I2C_ReceiveData
 .text.I2C_Send7bitAddress
                0x08009bc0       0x10 lib/STM32F10x_StdPeriph_Driver/libstm32fw.a(stm32f10x_i2c.o)
                0x08009bc0                I2C_Send7bitAddress
 .text.I2C_SoftwareResetCmd
                0x08009bd0       0x18 lib/STM32F10x_StdPeriph_Driver/libstm32fw.a(stm32f10x_i2c.o)
                0x08009bd0                I2C_SoftwareResetCmd
 .text.IWDG_WriteAccessCmd
                0x08009be8        0xc lib/STM32F10x_StdPeriph_Driver/libstm32fw.a(stm32f10x_iwdg.o)
                0x08009be8                IWDG_WriteAccessCmd
 .text.IWDG_SetPrescaler
                0x08009bf4        0xc lib/STM32F10x_StdPeriph_Driver/libstm32fw.a(stm32f10x_iwdg.o)
                0x08009bf4                IWDG_SetPrescaler
 .text.IWDG_SetReload
                0x08009c00        0xc lib/STM32F10x_StdPeriph_Driver/libstm32fw.a(stm32f10x_iwdg.o)
                0x08009c00                IWDG_SetReload
 .text.IWDG_ReloadCounter
                0x08009c0c       0x10 lib/STM32F10x_StdPeriph_Driver/libstm32fw.a(stm32f10x_iwdg.o)
                0x08009c0c                IWDG_ReloadCounter
 .text.IWDG_Enable
                0x08009c1c       0x10 lib/STM32F10x_StdPeriph_Driver/libstm32fw.a(stm32f10x_iwdg.o)
                0x08009c1c                IWDG_Enable
 .text.PWR_DeInit
                0x08009c2c       0x1a lib/STM32F10x_StdPeriph_Driver/libstm32fw.a(stm32f10x_pwr.o)
                0x08009c2c                PWR_DeInit
 *fill*         0x08009c46        0x2 00
 .text.PWR_BackupAccessCmd
                0x08009c48        0xc lib/STM32F10x_StdPeriph_Driver/libstm32fw.a(stm32f10x_pwr.o)
                0x08009c48                PWR_BackupAccessCmd
 .text.PWR_WakeUpPinCmd
                0x08009c54        0xc lib/STM32F10x_StdPeriph_Driver/libstm32fw.a(stm32f10x_pwr.o)
                0x08009c54                PWR_WakeUpPinCmd
 .text.PWR_EnterSTANDBYMode
                0x08009c60       0x28 lib/STM32F10x_StdPeriph_Driver/libstm32fw.a(stm32f10x_pwr.o)
                0x08009c60                PWR_EnterSTANDBYMode
 .text.RCC_HCLKConfig
                0x08009c88       0x14 lib/STM32F10x_StdPeriph_Driver/libstm32fw.a(stm32f10x_rcc.o)
                0x08009c88                RCC_HCLKConfig
 .text.RCC_USBCLKConfig
                0x08009c9c        0xc lib/STM32F10x_StdPeriph_Driver/libstm32fw.a(stm32f10x_rcc.o)
                0x08009c9c                RCC_USBCLKConfig
 .text.RCC_ADCCLKConfig
                0x08009ca8       0x14 lib/STM32F10x_StdPeriph_Driver/libstm32fw.a(stm32f10x_rcc.o)
                0x08009ca8                RCC_ADCCLKConfig
 .text.RCC_LSEConfig
                0x08009cbc       0x20 lib/STM32F10x_StdPeriph_Driver/libstm32fw.a(stm32f10x_rcc.o)
                0x08009cbc                RCC_LSEConfig
 .text.RCC_RTCCLKConfig
                0x08009cdc       0x10 lib/STM32F10x_StdPeriph_Driver/libstm32fw.a(stm32f10x_rcc.o)
                0x08009cdc                RCC_RTCCLKConfig
 .text.RCC_RTCCLKCmd
                0x08009cec        0xc lib/STM32F10x_StdPeriph_Driver/libstm32fw.a(stm32f10x_rcc.o)
                0x08009cec                RCC_RTCCLKCmd
 .text.RCC_GetClocksFreq
                0x08009cf8       0x9c lib/STM32F10x_StdPeriph_Driver/libstm32fw.a(stm32f10x_rcc.o)
                0x08009cf8                RCC_GetClocksFreq
 .text.RCC_AHBPeriphClockCmd
                0x08009d94       0x18 lib/STM32F10x_StdPeriph_Driver/libstm32fw.a(stm32f10x_rcc.o)
                0x08009d94                RCC_AHBPeriphClockCmd
 .text.RCC_APB2PeriphClockCmd
                0x08009dac       0x18 lib/STM32F10x_StdPeriph_Driver/libstm32fw.a(stm32f10x_rcc.o)
                0x08009dac                RCC_APB2PeriphClockCmd
 .text.RCC_APB1PeriphClockCmd
                0x08009dc4       0x18 lib/STM32F10x_StdPeriph_Driver/libstm32fw.a(stm32f10x_rcc.o)
                0x08009dc4                RCC_APB1PeriphClockCmd
 .text.RCC_APB2PeriphResetCmd
                0x08009ddc       0x18 lib/STM32F10x_StdPeriph_Driver/libstm32fw.a(stm32f10x_rcc.o)
                0x08009ddc                RCC_APB2PeriphResetCmd
 .text.RCC_APB1PeriphResetCmd
                0x08009df4       0x18 lib/STM32F10x_StdPeriph_Driver/libstm32fw.a(stm32f10x_rcc.o)
                0x08009df4                RCC_APB1PeriphResetCmd
 .text.RCC_BackupResetCmd
                0x08009e0c        0xc lib/STM32F10x_StdPeriph_Driver/libstm32fw.a(stm32f10x_rcc.o)
                0x08009e0c                RCC_BackupResetCmd
 .text.RCC_GetFlagStatus
                0x08009e18       0x28 lib/STM32F10x_StdPeriph_Driver/libstm32fw.a(stm32f10x_rcc.o)
                0x08009e18                RCC_GetFlagStatus
 .text.RTC_EnterConfigMode
                0x08009e40       0x14 lib/STM32F10x_StdPeriph_Driver/libstm32fw.a(stm32f10x_rtc.o)
                0x08009e40                RTC_EnterConfigMode
 .text.RTC_ExitConfigMode
                0x08009e54       0x14 lib/STM32F10x_StdPeriph_Driver/libstm32fw.a(stm32f10x_rtc.o)
                0x08009e54                RTC_ExitConfigMode
 .text.RTC_GetCounter
                0x08009e68       0x14 lib/STM32F10x_StdPeriph_Driver/libstm32fw.a(stm32f10x_rtc.o)
                0x08009e68                RTC_GetCounter
 .text.RTC_SetCounter
                0x08009e7c       0x20 lib/STM32F10x_StdPeriph_Driver/libstm32fw.a(stm32f10x_rtc.o)
                0x08009e7c                RTC_SetCounter
 .text.RTC_SetPrescaler
                0x08009e9c       0x20 lib/STM32F10x_StdPeriph_Driver/libstm32fw.a(stm32f10x_rtc.o)
                0x08009e9c                RTC_SetPrescaler
 .text.RTC_WaitForLastTask
                0x08009ebc       0x14 lib/STM32F10x_StdPeriph_Driver/libstm32fw.a(stm32f10x_rtc.o)
                0x08009ebc                RTC_WaitForLastTask
 .text.RTC_WaitForSynchro
                0x08009ed0       0x24 lib/STM32F10x_StdPeriph_Driver/libstm32fw.a(stm32f10x_rtc.o)
                0x08009ed0                RTC_WaitForSynchro
 .text.SPI_Init
                0x08009ef4       0x3e lib/STM32F10x_StdPeriph_Driver/libstm32fw.a(stm32f10x_spi.o)
                0x08009ef4                SPI_Init
 .text.SPI_StructInit
                0x08009f32       0x18 lib/STM32F10x_StdPeriph_Driver/libstm32fw.a(stm32f10x_spi.o)
                0x08009f32                SPI_StructInit
 .text.SPI_Cmd  0x08009f4a       0x18 lib/STM32F10x_StdPeriph_Driver/libstm32fw.a(stm32f10x_spi.o)
                0x08009f4a                SPI_Cmd
 .text.SPI_I2S_DMACmd
                0x08009f62       0x12 lib/STM32F10x_StdPeriph_Driver/libstm32fw.a(stm32f10x_spi.o)
                0x08009f62                SPI_I2S_DMACmd
 .text.SPI_I2S_SendData
                0x08009f74        0x4 lib/STM32F10x_StdPeriph_Driver/libstm32fw.a(stm32f10x_spi.o)
                0x08009f74                SPI_I2S_SendData
 .text.SPI_I2S_ReceiveData
                0x08009f78        0x6 lib/STM32F10x_StdPeriph_Driver/libstm32fw.a(stm32f10x_spi.o)
                0x08009f78                SPI_I2S_ReceiveData
 .text.SPI_CalculateCRC
                0x08009f7e       0x18 lib/STM32F10x_StdPeriph_Driver/libstm32fw.a(stm32f10x_spi.o)
                0x08009f7e                SPI_CalculateCRC
 .text.SPI_I2S_GetFlagStatus
                0x08009f96        0xc lib/STM32F10x_StdPeriph_Driver/libstm32fw.a(stm32f10x_spi.o)
                0x08009f96                SPI_I2S_GetFlagStatus
 *fill*         0x08009fa2        0x2 00
 .text.TIM_DeInit
                0x08009fa4       0xc8 lib/STM32F10x_StdPeriph_Driver/libstm32fw.a(stm32f10x_tim.o)
                0x08009fa4                TIM_DeInit
 .text.TIM_TimeBaseInit
                0x0800a06c       0x3c lib/STM32F10x_StdPeriph_Driver/libstm32fw.a(stm32f10x_tim.o)
                0x0800a06c                TIM_TimeBaseInit
 .text.TIM_OC1Init
                0x0800a0a8       0x74 lib/STM32F10x_StdPeriph_Driver/libstm32fw.a(stm32f10x_tim.o)
                0x0800a0a8                TIM_OC1Init
 .text.TIM_Cmd  0x0800a11c       0x18 lib/STM32F10x_StdPeriph_Driver/libstm32fw.a(stm32f10x_tim.o)
                0x0800a11c                TIM_Cmd
 .text.TIM_CtrlPWMOutputs
                0x0800a134       0x1c lib/STM32F10x_StdPeriph_Driver/libstm32fw.a(stm32f10x_tim.o)
                0x0800a134                TIM_CtrlPWMOutputs
 .text.TIM_ARRPreloadConfig
                0x0800a150       0x18 lib/STM32F10x_StdPeriph_Driver/libstm32fw.a(stm32f10x_tim.o)
                0x0800a150                TIM_ARRPreloadConfig
 .text.TIM_OC1PreloadConfig
                0x0800a168       0x10 lib/STM32F10x_StdPeriph_Driver/libstm32fw.a(stm32f10x_tim.o)
                0x0800a168                TIM_OC1PreloadConfig
 .text.TIM_SetCompare1
                0x0800a178        0x4 lib/STM32F10x_StdPeriph_Driver/libstm32fw.a(stm32f10x_tim.o)
                0x0800a178                TIM_SetCompare1
 .text.USART_DeInit
                0x0800a17c       0x98 lib/STM32F10x_StdPeriph_Driver/libstm32fw.a(stm32f10x_usart.o)
                0x0800a17c                USART_DeInit
 .text.USART_Init
                0x0800a214       0x88 lib/STM32F10x_StdPeriph_Driver/libstm32fw.a(stm32f10x_usart.o)
                0x0800a214                USART_Init
 .text.USART_Cmd
                0x0800a29c       0x18 lib/STM32F10x_StdPeriph_Driver/libstm32fw.a(stm32f10x_usart.o)
                0x0800a29c                USART_Cmd
 .text.USART_ITConfig
                0x0800a2b4       0x34 lib/STM32F10x_StdPeriph_Driver/libstm32fw.a(stm32f10x_usart.o)
                0x0800a2b4                USART_ITConfig
 .text.USART_DMACmd
                0x0800a2e8       0x12 lib/STM32F10x_StdPeriph_Driver/libstm32fw.a(stm32f10x_usart.o)
                0x0800a2e8                USART_DMACmd
 .text.USART_SendData
                0x0800a2fa        0x8 lib/STM32F10x_StdPeriph_Driver/libstm32fw.a(stm32f10x_usart.o)
                0x0800a2fa                USART_SendData
 .text.USART_ReceiveData
                0x0800a302        0x8 lib/STM32F10x_StdPeriph_Driver/libstm32fw.a(stm32f10x_usart.o)
                0x0800a302                USART_ReceiveData
 .text.USART_GetFlagStatus
                0x0800a30a        0xc lib/STM32F10x_StdPeriph_Driver/libstm32fw.a(stm32f10x_usart.o)
                0x0800a30a                USART_GetFlagStatus
 .text.USART_GetITStatus
                0x0800a316       0x40 lib/STM32F10x_StdPeriph_Driver/libstm32fw.a(stm32f10x_usart.o)
                0x0800a316                USART_GetITStatus
 .text.USART_ClearITPendingBit
                0x0800a356       0x10 lib/STM32F10x_StdPeriph_Driver/libstm32fw.a(stm32f10x_usart.o)
                0x0800a356                USART_ClearITPendingBit
 *fill*         0x0800a366        0x2 00
 .text.Standard_GetConfiguration
                0x0800a368       0x24 lib/STM32_USB-FS-Device_Driver/libstm32usb.a(usb_core.o)
                0x0800a368                Standard_GetConfiguration
 .text.Standard_GetInterface
                0x0800a38c       0x24 lib/STM32_USB-FS-Device_Driver/libstm32usb.a(usb_core.o)
                0x0800a38c                Standard_GetInterface
 .text.Standard_GetStatus
                0x0800a3b0       0x9c lib/STM32_USB-FS-Device_Driver/libstm32usb.a(usb_core.o)
                0x0800a3b0                Standard_GetStatus
 .text.DataStageIn
                0x0800a44c       0xa4 lib/STM32_USB-FS-Device_Driver/libstm32usb.a(usb_core.o)
 .text.Standard_SetConfiguration
                0x0800a4f0       0x38 lib/STM32_USB-FS-Device_Driver/libstm32usb.a(usb_core.o)
                0x0800a4f0                Standard_SetConfiguration
 .text.Standard_SetInterface
                0x0800a528       0x48 lib/STM32_USB-FS-Device_Driver/libstm32usb.a(usb_core.o)
                0x0800a528                Standard_SetInterface
 .text.Standard_ClearFeature
                0x0800a570       0xdc lib/STM32_USB-FS-Device_Driver/libstm32usb.a(usb_core.o)
                0x0800a570                Standard_ClearFeature
 .text.Standard_SetEndPointFeature
                0x0800a64c       0x8c lib/STM32_USB-FS-Device_Driver/libstm32usb.a(usb_core.o)
                0x0800a64c                Standard_SetEndPointFeature
 .text.Standard_SetDeviceFeature
                0x0800a6d8       0x24 lib/STM32_USB-FS-Device_Driver/libstm32usb.a(usb_core.o)
                0x0800a6d8                Standard_SetDeviceFeature
 .text.Standard_GetDescriptorData
                0x0800a6fc       0x1c lib/STM32_USB-FS-Device_Driver/libstm32usb.a(usb_core.o)
                0x0800a6fc                Standard_GetDescriptorData
 .text.Post0_Process
                0x0800a718       0x40 lib/STM32_USB-FS-Device_Driver/libstm32usb.a(usb_core.o)
                0x0800a718                Post0_Process
 .text.Out0_Process
                0x0800a758       0xd4 lib/STM32_USB-FS-Device_Driver/libstm32usb.a(usb_core.o)
                0x0800a758                Out0_Process
 .text.Setup0_Process
                0x0800a82c      0x2f8 lib/STM32_USB-FS-Device_Driver/libstm32usb.a(usb_core.o)
                0x0800a82c                Setup0_Process
 .text.SetDeviceAddress
                0x0800ab24       0x40 lib/STM32_USB-FS-Device_Driver/libstm32usb.a(usb_core.o)
                0x0800ab24                SetDeviceAddress
 .text.In0_Process
                0x0800ab64       0x60 lib/STM32_USB-FS-Device_Driver/libstm32usb.a(usb_core.o)
                0x0800ab64                In0_Process
 .text.NOP_Process
                0x0800abc4        0x2 lib/STM32_USB-FS-Device_Driver/libstm32usb.a(usb_core.o)
                0x0800abc4                NOP_Process
 *fill*         0x0800abc6        0x2 00
 .text.USB_Init
                0x0800abc8       0x38 lib/STM32_USB-FS-Device_Driver/libstm32usb.a(usb_init.o)
                0x0800abc8                USB_Init
 .text.CTR_LP   0x0800ac00      0x190 lib/STM32_USB-FS-Device_Driver/libstm32usb.a(usb_int.o)
                0x0800ac00                CTR_LP
 .text.CTR_HP   0x0800ad90       0x74 lib/STM32_USB-FS-Device_Driver/libstm32usb.a(usb_int.o)
                0x0800ad90                CTR_HP
 .text.UserToPMABufferCopy
                0x0800ae04       0x2e lib/STM32_USB-FS-Device_Driver/libstm32usb.a(usb_mem.o)
                0x0800ae04                UserToPMABufferCopy
 .text.PMAToUserBufferCopy
                0x0800ae32       0x24 lib/STM32_USB-FS-Device_Driver/libstm32usb.a(usb_mem.o)
                0x0800ae32                PMAToUserBufferCopy
 *fill*         0x0800ae56        0x2 00
 .text.SetBTABLE
                0x0800ae58       0x10 lib/STM32_USB-FS-Device_Driver/libstm32usb.a(usb_regs.o)
                0x0800ae58                SetBTABLE
 .text.SetEPType
                0x0800ae68       0x18 lib/STM32_USB-FS-Device_Driver/libstm32usb.a(usb_regs.o)
                0x0800ae68                SetEPType
 .text.SetEPTxStatus
                0x0800ae80       0x3a lib/STM32_USB-FS-Device_Driver/libstm32usb.a(usb_regs.o)
                0x0800ae80                SetEPTxStatus
 .text.SetEPRxStatus
                0x0800aeba       0x3a lib/STM32_USB-FS-Device_Driver/libstm32usb.a(usb_regs.o)
                0x0800aeba                SetEPRxStatus
 .text.SetEPRxValid
                0x0800aef4       0x22 lib/STM32_USB-FS-Device_Driver/libstm32usb.a(usb_regs.o)
                0x0800aef4                SetEPRxValid
 .text.Clear_Status_Out
                0x0800af16       0x1e lib/STM32_USB-FS-Device_Driver/libstm32usb.a(usb_regs.o)
                0x0800af16                Clear_Status_Out
 .text.ClearDTOG_RX
                0x0800af34       0x24 lib/STM32_USB-FS-Device_Driver/libstm32usb.a(usb_regs.o)
                0x0800af34                ClearDTOG_RX
 .text.ClearDTOG_TX
                0x0800af58       0x24 lib/STM32_USB-FS-Device_Driver/libstm32usb.a(usb_regs.o)
                0x0800af58                ClearDTOG_TX
 .text.SetEPTxAddr
                0x0800af7c       0x20 lib/STM32_USB-FS-Device_Driver/libstm32usb.a(usb_regs.o)
                0x0800af7c                SetEPTxAddr
 .text.SetEPRxAddr
                0x0800af9c       0x20 lib/STM32_USB-FS-Device_Driver/libstm32usb.a(usb_regs.o)
                0x0800af9c                SetEPRxAddr
 .text.GetEPTxAddr
                0x0800afbc       0x1c lib/STM32_USB-FS-Device_Driver/libstm32usb.a(usb_regs.o)
                0x0800afbc                GetEPTxAddr
 .text.GetEPRxAddr
                0x0800afd8       0x1c lib/STM32_USB-FS-Device_Driver/libstm32usb.a(usb_regs.o)
                0x0800afd8                GetEPRxAddr
 .text.SetEPTxCount
                0x0800aff4       0x1c lib/STM32_USB-FS-Device_Driver/libstm32usb.a(usb_regs.o)
                0x0800aff4                SetEPTxCount
 .text.SetEPRxCount
                0x0800b010       0x3c lib/STM32_USB-FS-Device_Driver/libstm32usb.a(usb_regs.o)
                0x0800b010                SetEPRxCount
 .text.GetEPRxCount
                0x0800b04c       0x20 lib/STM32_USB-FS-Device_Driver/libstm32usb.a(usb_regs.o)
                0x0800b04c                GetEPRxCount
 .text.ByteSwap
                0x0800b06c        0xa lib/STM32_USB-FS-Device_Driver/libstm32usb.a(usb_regs.o)
                0x0800b06c                ByteSwap
 *fill*         0x0800b076        0x2 00
 .text.USB_SIL_Init
                0x0800b078       0x20 lib/STM32_USB-FS-Device_Driver/libstm32usb.a(usb_sil.o)
                0x0800b078                USB_SIL_Init
 .text.USB_SIL_Write
                0x0800b098       0x28 lib/STM32_USB-FS-Device_Driver/libstm32usb.a(usb_sil.o)
                0x0800b098                USB_SIL_Write
 .text.USB_SIL_Read
                0x0800b0c0       0x24 lib/STM32_USB-FS-Device_Driver/libstm32usb.a(usb_sil.o)
                0x0800b0c0                USB_SIL_Read
 .text.memset   0x0800b0e4      0x12c /home/laurence/ARM-GCC/bin/../lib/gcc/arm-none-eabi/4.7.4/../../../../arm-none-eabi/lib/armv7-m/libc.a(lib_a-memset.o)
                0x0800b0e4                memset
 .text._sbrk    0x0800b210       0x34 /home/laurence/ARM-GCC/bin/../lib/gcc/arm-none-eabi/4.7.4/../../../../arm-none-eabi/lib/armv7-m/libnosys.a(sbrk.o)
                0x0800b210                _sbrk
 *(.rodata)
 .rodata        0x0800b244      0x1d0 /tmp/ccZOtyTi.ltrans0.ltrans.o
                0x0800b244                DaysInMonth.5651
                0x0800b314                Tbl.5230
 .rodata        0x0800b414       0x20 /tmp/ccZOtyTi.ltrans1.ltrans.o
 .rodata        0x0800b434       0xb5 /tmp/ccZOtyTi.ltrans2.ltrans.o
 .rodata        0x0800b4e9       0x80 /tmp/ccZOtyTi.ltrans3.ltrans.o
 *fill*         0x0800b569        0x1 00
 .rodata        0x0800b56a      0x44e /tmp/ccZOtyTi.ltrans7.ltrans.o
 *(.rodata*)
 .rodata.str1.1
                0x0800b9b8      0x439 /tmp/ccZOtyTi.ltrans0.ltrans.o
 .rodata.str1.1
                0x0800bdf1        0x6 /tmp/ccZOtyTi.ltrans1.ltrans.o
 .rodata.MASS_DeviceDescriptor
                0x0800bdf7       0x12 /tmp/ccZOtyTi.ltrans1.ltrans.o
 .rodata.str1.1
                0x0800be09       0x73 /tmp/ccZOtyTi.ltrans6.ltrans.o
 .rodata.str1.1
                0x0800be7c       0x10 /tmp/ccZOtyTi.ltrans7.ltrans.o
 .rodata.str1.4
                0x0800be8c        0x4 /home/laurence/ARM-GCC/bin/../lib/gcc/arm-none-eabi/4.7.4/../../../../arm-none-eabi/lib/armv7-m/libc.a(lib_a-impure.o)
 *(.glue_7)
 .glue_7        0x00000000        0x0 linker stubs
 *(.glue_7t)
 .glue_7t       0x00000000        0x0 linker stubs
 *(.init)
 .init          0x0800be90        0x4 /home/laurence/ARM-GCC/bin/../lib/gcc/arm-none-eabi/4.7.4/armv7-m/crti.o
                0x0800be90                _init
 .init          0x0800be94        0x8 /home/laurence/ARM-GCC/bin/../lib/gcc/arm-none-eabi/4.7.4/armv7-m/crtn.o
 *(.fini)
 .fini          0x0800be9c        0x4 /home/laurence/ARM-GCC/bin/../lib/gcc/arm-none-eabi/4.7.4/armv7-m/crti.o
                0x0800be9c                _fini
 .fini          0x0800bea0        0x8 /home/laurence/ARM-GCC/bin/../lib/gcc/arm-none-eabi/4.7.4/armv7-m/crtn.o
                0x0800bea8                . = ALIGN (0x4)
                0x0800bea8                _etext = .
                0x0800bea8                _sidata = _etext

.vfp11_veneer   0x0800bea8        0x0
 .vfp11_veneer  0x00000000        0x0 linker stubs

.v4_bx          0x0800bea8        0x0
 .v4_bx         0x00000000        0x0 linker stubs

.iplt           0x0800bea8        0x0
 .iplt          0x00000000        0x0 /home/laurence/ARM-GCC/bin/../lib/gcc/arm-none-eabi/4.7.4/armv7-m/crtbegin.o

.rel.dyn        0x0800bea8        0x0
 .rel.iplt      0x00000000        0x0 /home/laurence/ARM-GCC/bin/../lib/gcc/arm-none-eabi/4.7.4/armv7-m/crtbegin.o

.flashpatch     0x00000000        0x0
                0x00000000                . = ALIGN (0x4)
 *(.flashpatch)
                0x00000000                . = ALIGN (0x4)

.endflash       0x00000000        0x0
                0x00000000                . = ALIGN (0x4)
 *(.endflash)
                0x00000000                . = ALIGN (0x4)
                0x00000000                _e_endflash = .

.data           0x20000000      0x9f4 load address 0x0800bea8
                0x20000000                . = ALIGN (0x4)
                0x20000000                _sdata = .
                0x20000000                _data = .
 *(.data)
 .data          0x20000000        0x5 /tmp/ccZOtyTi.ltrans0.ltrans.o
                0x20000000                Silabs_Header
 *fill*         0x20000005        0x3 00
 .data          0x20000008       0x18 /tmp/ccZOtyTi.ltrans1.ltrans.o
                0x2000001c                Device_Table
 .data          0x20000020       0x20 /tmp/ccZOtyTi.ltrans2.ltrans.o
                0x20000024                pEpInt_IN
 .data          0x20000040       0x68 /tmp/ccZOtyTi.ltrans3.ltrans.o
                0x2000005c                String_Descriptor
                0x20000084                User_Standard_Requests
 .data          0x200000a8       0x90 /tmp/ccZOtyTi.ltrans4.ltrans.o
                0x200000f0                Scsi_Sense_Data
                0x2000011c                pEpInt_OUT
 .data          0x20000138        0x6 /tmp/ccZOtyTi.ltrans6.ltrans.o
 *fill*         0x2000013e        0x2 00
 .data          0x20000140       0x34 /tmp/ccZOtyTi.ltrans8.ltrans.o
                0x20000140                Device_Property
                0x20000171                Stat.5846
 *(.data.*)
 .data.I2C_jobs
                0x20000174       0x30 /tmp/ccZOtyTi.ltrans6.ltrans.o
                0x20000174                I2C_jobs
 .data.__malloc_av_
                0x200001a4      0x408 /home/laurence/ARM-GCC/bin/../lib/gcc/arm-none-eabi/4.7.4/../../../../arm-none-eabi/lib/armv7-m/libc.a(lib_a-mallocr.o)
                0x200001a4                __malloc_av_
 .data.__malloc_trim_threshold
                0x200005ac        0x4 /home/laurence/ARM-GCC/bin/../lib/gcc/arm-none-eabi/4.7.4/../../../../arm-none-eabi/lib/armv7-m/libc.a(lib_a-mallocr.o)
                0x200005ac                __malloc_trim_threshold
 .data.__malloc_sbrk_base
                0x200005b0        0x4 /home/laurence/ARM-GCC/bin/../lib/gcc/arm-none-eabi/4.7.4/../../../../arm-none-eabi/lib/armv7-m/libc.a(lib_a-mallocr.o)
                0x200005b0                __malloc_sbrk_base
 .data.ADCPrescTable
                0x200005b4        0x4 lib/STM32F10x_StdPeriph_Driver/libstm32fw.a(stm32f10x_rcc.o)
 .data.APBAHBPrescTable
                0x200005b8       0x10 lib/STM32F10x_StdPeriph_Driver/libstm32fw.a(stm32f10x_rcc.o)
 .data.impure_data
                0x200005c8      0x428 /home/laurence/ARM-GCC/bin/../lib/gcc/arm-none-eabi/4.7.4/../../../../arm-none-eabi/lib/armv7-m/libc.a(lib_a-impure.o)
 .data._impure_ptr
                0x200009f0        0x4 /home/laurence/ARM-GCC/bin/../lib/gcc/arm-none-eabi/4.7.4/../../../../arm-none-eabi/lib/armv7-m/libc.a(lib_a-impure.o)
                0x200009f0                _impure_ptr
 *(.RAMtext)
                0x200009f4                . = ALIGN (0x4)
                0x200009f4                _edata = .
                0x0800c89c                _eidata = (_sidata + (_edata - _sdata))
                0x08020000                _lastdataromaddress = (ORIGIN (FLASH) + 0x20000)
                0x00000000                toobig = (_eidata > _lastdataromaddress)?!!!!!!!!! FLASH IS FULL !!!!!!!!!:0x0

.igot.plt       0x200009f4        0x0 load address 0x0800c89c
 .igot.plt      0x00000000        0x0 /home/laurence/ARM-GCC/bin/../lib/gcc/arm-none-eabi/4.7.4/armv7-m/crtbegin.o

.bss            0x200009f8      0xf64 load address 0x0800c8a0
                0x200009f8                . = ALIGN (0x4)
                0x200009f8                _sbss = .
                0x200009f8                _bss = .
 *(.bss)
 .bss           0x200009f8      0xca0 /tmp/ccZOtyTi.ltrans0.ltrans.o
                0x20000e40                bootsource
                0x20000e44                Gps_Buffer
                0x20000e50                rputchar.5929
                0x20000e54                Data_Buffer
                0x20000e58                Millis
                0x20000e5c                Battery_Voltage
                0x20000e60                FatFs.5572
                0x20001098                FATFS_logfile
                0x200012bc                print_string
                0x200013bc                FATFS_wavfile_gyro
                0x200015e0                Silabs_driver_state
                0x200015fc                Gps
                0x2000162f                System_state_Global
                0x20001630                Shutdown_System
                0x20001634                Ind_Voltage
                0x20001638                Auto_volt
                0x2000163c                Silabs_Rx_Buffer
                0x20001648                CTS_Low.4245
                0x2000164c                Gyro_XY_Rate
                0x20001650                Gyro_Z_Rate
                0x20001654                Ignition_Selftest
                0x20001656                AutoSequence
                0x20001658                Gyro_x_buffer
                0x20001664                Gyro_y_buffer
                0x20001670                Gyro_z_buffer
                0x2000167e                I2C1error
                0x20001680                L3GD20_Data_Buffer
                0x20001688                Aux_Voltage
                0x2000168c                Gyro_Temperature
                0x20001690                Auto_spin
 .bss           0x20001698       0x90 /tmp/ccZOtyTi.ltrans1.ltrans.o
 .bss           0x20001728        0x8 /tmp/ccZOtyTi.ltrans2.ltrans.o
                0x2000172c                Channel_rx
 .bss           0x20001730       0x80 /tmp/ccZOtyTi.ltrans3.ltrans.o
 .bss           0x200017b0       0x98 /tmp/ccZOtyTi.ltrans4.ltrans.o
                0x200017b0                CBW
                0x200017d0                Bulk_Data_Buff
                0x20001810                Data_Len
                0x20001812                Bot_State
                0x20001814                CSW
                0x20001824                SCSI_LBA
                0x20001828                SCSI_BlkLen
                0x2000182c                Mass_Block_Count
                0x20001834                Mass_Block_Size
 .bss           0x20001848       0x1c /tmp/ccZOtyTi.ltrans5.ltrans.o
                0x2000184c                TransferState
                0x2000185c                Sd_Spi_Called_From_USB_MSC
 .bss           0x20001864       0x14 /tmp/ccZOtyTi.ltrans6.ltrans.o
                0x20001867                Silabs_spi_state
                0x20001868                Silabs_Tx_Buffer
                0x20001874                CardType.5847
 .bss           0x20001878       0x40 /tmp/ccZOtyTi.ltrans8.ltrans.o
                0x20001878                wIstr
                0x2000187c                Timer1.5841
                0x20001880                Timer2.5842
                0x2000188c                Completed_Jobs
                0x200018a8                AFROESC_Throttle
                0x200018b1                job
                0x200018b4                Jobs
 .bss           0x200018b8        0xc /tmp/ccZOtyTi.ltrans9.ltrans.o
                0x200018b8                Usart1_rx_buff
 *(.bss.*)
 .bss.file_opened
                0x200018c4        0x1 /tmp/ccZOtyTi.ltrans0.ltrans.o
 *fill*         0x200018c5        0x3 00
 .bss.bDeviceState
                0x200018c8        0x4 /tmp/ccZOtyTi.ltrans0.ltrans.o
                0x200018c8                bDeviceState
 .bss.Status    0x200018cc        0x4 /tmp/ccZOtyTi.ltrans0.ltrans.o
                0x200018cc                Status
 .bss.Last_RSSI
                0x200018d0        0x1 /tmp/ccZOtyTi.ltrans0.ltrans.o
                0x200018d0                Last_RSSI
 *fill*         0x200018d1        0x3 00
 .bss.Max_Lun   0x200018d4        0x4 /tmp/ccZOtyTi.ltrans4.ltrans.o
                0x200018d4                Max_Lun
 .bss.Page00_Inquiry_Data
                0x200018d8        0x5 /tmp/ccZOtyTi.ltrans4.ltrans.o
 .bss.bIntPackSOF
                0x200018dd        0x1 /tmp/ccZOtyTi.ltrans8.ltrans.o
 *fill*         0x200018de        0x2 00
 .bss.__malloc_max_total_mem
                0x200018e0        0x4 /home/laurence/ARM-GCC/bin/../lib/gcc/arm-none-eabi/4.7.4/../../../../arm-none-eabi/lib/armv7-m/libc.a(lib_a-mallocr.o)
                0x200018e0                __malloc_max_total_mem
 .bss.__malloc_max_sbrked_mem
                0x200018e4        0x4 /home/laurence/ARM-GCC/bin/../lib/gcc/arm-none-eabi/4.7.4/../../../../arm-none-eabi/lib/armv7-m/libc.a(lib_a-mallocr.o)
                0x200018e4                __malloc_max_sbrked_mem
 .bss.__malloc_top_pad
                0x200018e8        0x4 /home/laurence/ARM-GCC/bin/../lib/gcc/arm-none-eabi/4.7.4/../../../../arm-none-eabi/lib/armv7-m/libc.a(lib_a-mallocr.o)
                0x200018e8                __malloc_top_pad
 .bss.__malloc_current_mallinfo
                0x200018ec       0x28 /home/laurence/ARM-GCC/bin/../lib/gcc/arm-none-eabi/4.7.4/../../../../arm-none-eabi/lib/armv7-m/libc.a(lib_a-mallocr.o)
                0x200018ec                __malloc_current_mallinfo
 .bss.Data_Mul_MaxPacketSize
                0x20001914        0x1 lib/STM32_USB-FS-Device_Driver/libstm32usb.a(usb_core.o)
                0x20001914                Data_Mul_MaxPacketSize
 *fill*         0x20001915        0x3 00
 .bss.heap_end.4231
                0x20001918        0x4 /home/laurence/ARM-GCC/bin/../lib/gcc/arm-none-eabi/4.7.4/../../../../arm-none-eabi/lib/armv7-m/libnosys.a(sbrk.o)
 *(COMMON)
 COMMON         0x2000191c        0x4 /home/laurence/ARM-GCC/bin/../lib/gcc/arm-none-eabi/4.7.4/../../../../arm-none-eabi/lib/armv7-m/libc.a(lib_a-reent.o)
                0x2000191c                errno
 COMMON         0x20001920        0x2 lib/STM32_USB-FS-Device_Driver/libstm32usb.a(usb_core.o)
                0x20001920                StatusInfo
 *fill*         0x20001922        0x2 00
 COMMON         0x20001924       0x32 lib/STM32_USB-FS-Device_Driver/libstm32usb.a(usb_init.o)
                0x20001924                SaveState
                0x20001928                pProperty
                0x2000192c                EPindex
                0x20001930                Device_Info
                0x2000194c                pUser_Standard_Requests
                0x20001950                pInformation
                0x20001954                wInterrupt_Mask
 COMMON         0x20001956        0x4 lib/STM32_USB-FS-Device_Driver/libstm32usb.a(usb_int.o)
                0x20001956                SaveRState
                0x20001958                SaveTState
                0x2000195c                . = ALIGN (0x4)
 *fill*         0x2000195a        0x2 00
                0x2000195c                _ebss = .
                0x2000195c                PROVIDE (end, _ebss)
                0x2000195c                PROVIDE (_end, _ebss)

._usrstack      0x2000195c     0x2000 load address 0x0800d804
                0x2000195c                . = ALIGN (0x4)
                0x2000195c                _susrstack = .
                0x2000395c                . = (. + _Minimum_Stack_Size)
 *fill*         0x2000195c     0x2000 00
                0x2000395c                . = ALIGN (0x4)
                0x2000395c                _eusrstack = .
                0x20005000                _lastramaddress = (ORIGIN (RAM) + 0x5000)
                0x00000000                toobig = (_eusrstack > _lastramaddress)?!!!!!!!!! RAM IS FULL !!!!!!!!!:0x0

.b1text
 *(.b1text)
 *(.b1rodata)
 *(.b1rodata*)

.eb0text
 *(.eb0text)
 *(.eb0rodata)
 *(.eb0rodata*)

.eb1text
 *(.eb1text)
 *(.eb1rodata)
 *(.eb1rodata*)

.eb2text
 *(.eb2text)
 *(.eb2rodata)
 *(.eb2rodata*)

.eb3text
 *(.eb3text)
 *(.eb3rodata)
 *(.eb3rodata*)
                0x2000395c                __exidx_start = .
                0x2000395c                __exidx_end = .

/DISCARD/
 libc.a(*)
 libm.a(*)
 libgcc.a(*)

.stab
 *(.stab)

.stabstr
 *(.stabstr)

.stab.excl
 *(.stab.excl)

.stab.exclstr
 *(.stab.exclstr)

.stab.index
 *(.stab.index)

.stab.indexstr
 *(.stab.indexstr)

.comment        0x00000000       0x70
 *(.comment)
 .comment       0x00000000       0x71 /tmp/ccZOtyTi.ltrans0.ltrans.o
 .comment       0x00000000       0x71 /tmp/ccZOtyTi.ltrans1.ltrans.o
 .comment       0x00000000       0x71 /tmp/ccZOtyTi.ltrans2.ltrans.o
 .comment       0x00000000       0x71 /tmp/ccZOtyTi.ltrans3.ltrans.o
 .comment       0x00000000       0x71 /tmp/ccZOtyTi.ltrans4.ltrans.o
 .comment       0x00000000       0x71 /tmp/ccZOtyTi.ltrans5.ltrans.o
 .comment       0x00000000       0x71 /tmp/ccZOtyTi.ltrans6.ltrans.o
 .comment       0x00000000       0x71 /tmp/ccZOtyTi.ltrans7.ltrans.o
 .comment       0x00000000       0x71 /tmp/ccZOtyTi.ltrans8.ltrans.o
 .comment       0x00000000       0x71 /tmp/ccZOtyTi.ltrans9.ltrans.o
 .comment       0x00000000       0x70 lib/STM32F10x_StdPeriph_Driver/libstm32fw.a(misc.o)
                                 0x71 (size before relaxing)
 .comment       0x00000000       0x71 lib/STM32F10x_StdPeriph_Driver/libstm32fw.a(stm32f10x_adc.o)
 .comment       0x00000000       0x71 lib/STM32F10x_StdPeriph_Driver/libstm32fw.a(stm32f10x_bkp.o)
 .comment       0x00000000       0x71 lib/STM32F10x_StdPeriph_Driver/libstm32fw.a(stm32f10x_dbgmcu.o)
 .comment       0x00000000       0x71 lib/STM32F10x_StdPeriph_Driver/libstm32fw.a(stm32f10x_dma.o)
 .comment       0x00000000       0x71 lib/STM32F10x_StdPeriph_Driver/libstm32fw.a(stm32f10x_exti.o)
 .comment       0x00000000       0x71 lib/STM32F10x_StdPeriph_Driver/libstm32fw.a(stm32f10x_gpio.o)
 .comment       0x00000000       0x71 lib/STM32F10x_StdPeriph_Driver/libstm32fw.a(stm32f10x_i2c.o)
 .comment       0x00000000       0x71 lib/STM32F10x_StdPeriph_Driver/libstm32fw.a(stm32f10x_iwdg.o)
 .comment       0x00000000       0x71 lib/STM32F10x_StdPeriph_Driver/libstm32fw.a(stm32f10x_pwr.o)
 .comment       0x00000000       0x71 lib/STM32F10x_StdPeriph_Driver/libstm32fw.a(stm32f10x_rcc.o)
 .comment       0x00000000       0x71 lib/STM32F10x_StdPeriph_Driver/libstm32fw.a(stm32f10x_rtc.o)
 .comment       0x00000000       0x71 lib/STM32F10x_StdPeriph_Driver/libstm32fw.a(stm32f10x_spi.o)
 .comment       0x00000000       0x71 lib/STM32F10x_StdPeriph_Driver/libstm32fw.a(stm32f10x_tim.o)
 .comment       0x00000000       0x71 lib/STM32F10x_StdPeriph_Driver/libstm32fw.a(stm32f10x_usart.o)
 .comment       0x00000000       0x71 lib/STM32_USB-FS-Device_Driver/libstm32usb.a(usb_core.o)
 .comment       0x00000000       0x71 lib/STM32_USB-FS-Device_Driver/libstm32usb.a(usb_init.o)
 .comment       0x00000000       0x71 lib/STM32_USB-FS-Device_Driver/libstm32usb.a(usb_int.o)
 .comment       0x00000000       0x71 lib/STM32_USB-FS-Device_Driver/libstm32usb.a(usb_mem.o)
 .comment       0x00000000       0x71 lib/STM32_USB-FS-Device_Driver/libstm32usb.a(usb_regs.o)
 .comment       0x00000000       0x71 lib/STM32_USB-FS-Device_Driver/libstm32usb.a(usb_sil.o)

.ARM.attributes
                0x00000000       0x29
 .ARM.attributes
                0x00000000       0x1d /home/laurence/ARM-GCC/bin/../lib/gcc/arm-none-eabi/4.7.4/armv7-m/crti.o
 .ARM.attributes
                0x0000001d       0x31 /tmp/ccZOtyTi.ltrans0.ltrans.o
 .ARM.attributes
                0x0000004e       0x31 /tmp/ccZOtyTi.ltrans1.ltrans.o
 .ARM.attributes
                0x0000007f       0x31 /tmp/ccZOtyTi.ltrans2.ltrans.o
 .ARM.attributes
                0x000000b0       0x31 /tmp/ccZOtyTi.ltrans3.ltrans.o
 .ARM.attributes
                0x000000e1       0x31 /tmp/ccZOtyTi.ltrans4.ltrans.o
 .ARM.attributes
                0x00000112       0x31 /tmp/ccZOtyTi.ltrans5.ltrans.o
 .ARM.attributes
                0x00000143       0x31 /tmp/ccZOtyTi.ltrans6.ltrans.o
 .ARM.attributes
                0x00000174       0x31 /tmp/ccZOtyTi.ltrans7.ltrans.o
 .ARM.attributes
                0x000001a5       0x31 /tmp/ccZOtyTi.ltrans8.ltrans.o
 .ARM.attributes
                0x000001d6       0x31 /tmp/ccZOtyTi.ltrans9.ltrans.o
 .ARM.attributes
                0x00000207       0x1d /home/laurence/ARM-GCC/bin/../lib/gcc/arm-none-eabi/4.7.4/armv7-m/libgcc.a(_arm_addsubdf3.o)
 .ARM.attributes
                0x00000224       0x1d /home/laurence/ARM-GCC/bin/../lib/gcc/arm-none-eabi/4.7.4/armv7-m/libgcc.a(_arm_muldivdf3.o)
 .ARM.attributes
                0x00000241       0x1d /home/laurence/ARM-GCC/bin/../lib/gcc/arm-none-eabi/4.7.4/armv7-m/libgcc.a(_arm_cmpdf2.o)
 .ARM.attributes
                0x0000025e       0x1d /home/laurence/ARM-GCC/bin/../lib/gcc/arm-none-eabi/4.7.4/armv7-m/libgcc.a(_arm_fixunsdfsi.o)
 .ARM.attributes
                0x0000027b       0x1d /home/laurence/ARM-GCC/bin/../lib/gcc/arm-none-eabi/4.7.4/armv7-m/libgcc.a(_arm_truncdfsf2.o)
 .ARM.attributes
                0x00000298       0x1d /home/laurence/ARM-GCC/bin/../lib/gcc/arm-none-eabi/4.7.4/armv7-m/libgcc.a(_arm_addsubsf3.o)
 .ARM.attributes
                0x000002b5       0x1d /home/laurence/ARM-GCC/bin/../lib/gcc/arm-none-eabi/4.7.4/armv7-m/libgcc.a(_arm_muldivsf3.o)
 .ARM.attributes
                0x000002d2       0x1d /home/laurence/ARM-GCC/bin/../lib/gcc/arm-none-eabi/4.7.4/armv7-m/libgcc.a(_arm_cmpsf2.o)
 .ARM.attributes
                0x000002ef       0x1d /home/laurence/ARM-GCC/bin/../lib/gcc/arm-none-eabi/4.7.4/armv7-m/libgcc.a(_arm_fixunssfsi.o)
 .ARM.attributes
                0x0000030c       0x2d /home/laurence/ARM-GCC/bin/../lib/gcc/arm-none-eabi/4.7.4/../../../../arm-none-eabi/lib/armv7-m/libc.a(lib_a-malloc.o)
 .ARM.attributes
                0x00000339       0x2d /home/laurence/ARM-GCC/bin/../lib/gcc/arm-none-eabi/4.7.4/../../../../arm-none-eabi/lib/armv7-m/libc.a(lib_a-mallocr.o)
 .ARM.attributes
                0x00000366       0x2d /home/laurence/ARM-GCC/bin/../lib/gcc/arm-none-eabi/4.7.4/../../../../arm-none-eabi/lib/armv7-m/libc.a(lib_a-memcmp.o)
 .ARM.attributes
                0x00000393       0x2d /home/laurence/ARM-GCC/bin/../lib/gcc/arm-none-eabi/4.7.4/../../../../arm-none-eabi/lib/armv7-m/libc.a(lib_a-memcpy.o)
 .ARM.attributes
                0x000003c0       0x2d /home/laurence/ARM-GCC/bin/../lib/gcc/arm-none-eabi/4.7.4/../../../../arm-none-eabi/lib/armv7-m/libc.a(lib_a-mlock.o)
 .ARM.attributes
                0x000003ed       0x2d /home/laurence/ARM-GCC/bin/../lib/gcc/arm-none-eabi/4.7.4/../../../../arm-none-eabi/lib/armv7-m/libc.a(lib_a-sbrkr.o)
 .ARM.attributes
                0x0000041a       0x2d /home/laurence/ARM-GCC/bin/../lib/gcc/arm-none-eabi/4.7.4/../../../../arm-none-eabi/lib/armv7-m/libc.a(lib_a-strcat.o)
 .ARM.attributes
                0x00000447       0x2d /home/laurence/ARM-GCC/bin/../lib/gcc/arm-none-eabi/4.7.4/../../../../arm-none-eabi/lib/armv7-m/libc.a(lib_a-strchr.o)
 .ARM.attributes
                0x00000474       0x2d /home/laurence/ARM-GCC/bin/../lib/gcc/arm-none-eabi/4.7.4/../../../../arm-none-eabi/lib/armv7-m/libc.a(lib_a-strcpy.o)
 .ARM.attributes
                0x000004a1       0x2d /home/laurence/ARM-GCC/bin/../lib/gcc/arm-none-eabi/4.7.4/../../../../arm-none-eabi/lib/armv7-m/libc.a(lib_a-strlen.o)
 .ARM.attributes
                0x000004ce       0x2d /home/laurence/ARM-GCC/bin/../lib/gcc/arm-none-eabi/4.7.4/../../../../arm-none-eabi/lib/armv7-m/libc.a(lib_a-strncmp.o)
 .ARM.attributes