Archive member included because of file (symbol)

lib/STM32F10x_StdPeriph_Driver/libstm32fw.a(misc.o)
                              interrupts.o (symbol from plugin) (NVIC_PriorityGroupConfig)
lib/STM32F10x_StdPeriph_Driver/libstm32fw.a(stm32f10x_adc.o)
                              adc.o (symbol from plugin) (ADC_DeInit)
lib/STM32F10x_StdPeriph_Driver/libstm32fw.a(stm32f10x_bkp.o)
                              Util/fat_fs/src/rtc.o (symbol from plugin) (BKP_DeInit)
lib/STM32F10x_StdPeriph_Driver/libstm32fw.a(stm32f10x_dbgmcu.o)
                              main.o (symbol from plugin) (DBGMCU_Config)
lib/STM32F10x_StdPeriph_Driver/libstm32fw.a(stm32f10x_dma.o)
                              Silabs/si446x.o (symbol from plugin) (DMA_DeInit)
lib/STM32F10x_StdPeriph_Driver/libstm32fw.a(stm32f10x_exti.o)
                              Silabs/si446x.o (symbol from plugin) (EXTI_DeInit)
lib/STM32F10x_StdPeriph_Driver/libstm32fw.a(stm32f10x_gpio.o)
                              Silabs/si446x.o (symbol from plugin) (GPIO_Init)
lib/STM32F10x_StdPeriph_Driver/libstm32fw.a(stm32f10x_i2c.o)
                              i2c_int.o (symbol from plugin) (I2C_DeInit)
lib/STM32F10x_StdPeriph_Driver/libstm32fw.a(stm32f10x_iwdg.o)
                              watchdog.o (symbol from plugin) (IWDG_WriteAccessCmd)
lib/STM32F10x_StdPeriph_Driver/libstm32fw.a(stm32f10x_pwr.o)
                              pwr.o (symbol from plugin) (PWR_DeInit)
lib/STM32F10x_StdPeriph_Driver/libstm32fw.a(stm32f10x_rcc.o)
                              interrupts.o (symbol from plugin) (RCC_HCLKConfig)
lib/STM32F10x_StdPeriph_Driver/libstm32fw.a(stm32f10x_rtc.o)
                              Util/fat_fs/src/rtc.o (symbol from plugin) (RTC_GetCounter)
lib/STM32F10x_StdPeriph_Driver/libstm32fw.a(stm32f10x_spi.o)
                              Util/fat_fs/src/sd_spi_stm32.o (symbol from plugin) (SPI_I2S_DeInit)
lib/STM32F10x_StdPeriph_Driver/libstm32fw.a(stm32f10x_tim.o)
                              pwm.o (symbol from plugin) (TIM_DeInit)
lib/STM32F10x_StdPeriph_Driver/libstm32fw.a(stm32f10x_usart.o)
                              usart.o (symbol from plugin) (USART_DeInit)
lib/STM32_USB-FS-Device_Driver/libstm32usb.a(usb_core.o)
                              Util/USB/usb_prop.o (symbol from plugin) (Standard_GetDescriptorData)
lib/STM32_USB-FS-Device_Driver/libstm32usb.a(usb_init.o)
                              main.o (symbol from plugin) (USB_Init)
lib/STM32_USB-FS-Device_Driver/libstm32usb.a(usb_int.o)
                              Util/USB/usb_istr.o (symbol from plugin) (CTR_LP)
lib/STM32_USB-FS-Device_Driver/libstm32usb.a(usb_mem.o)
                              lib/STM32_USB-FS-Device_Driver/libstm32usb.a(usb_core.o) (UserToPMABufferCopy)
lib/STM32_USB-FS-Device_Driver/libstm32usb.a(usb_regs.o)
                              Util/USB/usb_prop.o (symbol from plugin) (SetBTABLE)
lib/STM32_USB-FS-Device_Driver/libstm32usb.a(usb_sil.o)
                              Util/USB/usb_prop.o (symbol from plugin) (USB_SIL_Init)
/home/laurence/ARM-GCC/gcc-arm-none-eabi-4_9-2014q4/bin/../lib/gcc/arm-none-eabi/4.9.3/../../../../arm-none-eabi/lib/armv7-m/libg.a(lib_a-exit.o)
                              /home/laurence/ARM-GCC/gcc-arm-none-eabi-4_9-2014q4/bin/../lib/gcc/arm-none-eabi/4.9.3/../../../../arm-none-eabi/lib/armv7-m/crt0.o (exit)
/home/laurence/ARM-GCC/gcc-arm-none-eabi-4_9-2014q4/bin/../lib/gcc/arm-none-eabi/4.9.3/../../../../arm-none-eabi/lib/armv7-m/libg.a(lib_a-impure.o)
                              /home/laurence/ARM-GCC/gcc-arm-none-eabi-4_9-2014q4/bin/../lib/gcc/arm-none-eabi/4.9.3/../../../../arm-none-eabi/lib/armv7-m/libg.a(lib_a-exit.o) (_global_impure_ptr)
/home/laurence/ARM-GCC/gcc-arm-none-eabi-4_9-2014q4/bin/../lib/gcc/arm-none-eabi/4.9.3/../../../../arm-none-eabi/lib/armv7-m/libg.a(lib_a-init.o)
                              /home/laurence/ARM-GCC/gcc-arm-none-eabi-4_9-2014q4/bin/../lib/gcc/arm-none-eabi/4.9.3/../../../../arm-none-eabi/lib/armv7-m/crt0.o (__libc_init_array)
/home/laurence/ARM-GCC/gcc-arm-none-eabi-4_9-2014q4/bin/../lib/gcc/arm-none-eabi/4.9.3/../../../../arm-none-eabi/lib/armv7-m/libg.a(lib_a-memset.o)
                              /home/laurence/ARM-GCC/gcc-arm-none-eabi-4_9-2014q4/bin/../lib/gcc/arm-none-eabi/4.9.3/../../../../arm-none-eabi/lib/armv7-m/crt0.o (memset)
/home/laurence/ARM-GCC/gcc-arm-none-eabi-4_9-2014q4/bin/../lib/gcc/arm-none-eabi/4.9.3/../../../../arm-none-eabi/lib/armv7-m/libg.a(lib_a-__call_atexit.o)
                              /home/laurence/ARM-GCC/gcc-arm-none-eabi-4_9-2014q4/bin/../lib/gcc/arm-none-eabi/4.9.3/../../../../arm-none-eabi/lib/armv7-m/libg.a(lib_a-exit.o) (__call_exitprocs)
/home/laurence/ARM-GCC/gcc-arm-none-eabi-4_9-2014q4/bin/../lib/gcc/arm-none-eabi/4.9.3/../../../../arm-none-eabi/lib/armv7-m/libg.a(lib_a-atexit.o)
[...]
Memory Configuration

Name             Origin             Length             Attributes
RAM              0x20000000         0x00005000         xrw
FLASH            0x08000000         0x00020000         xr
FLASHB1          0x00000000         0x00000000         xr
EXTMEMB0         0x00000000         0x00000000         xr
EXTMEMB1         0x00000000         0x00000000         xr
EXTMEMB2         0x00000000         0x00000000         xr
EXTMEMB3         0x00000000         0x00000000         xr
STARTFLASH       0x00000000         0xffffffff
CRPPATCH         0x00000000         0xffffffff
FLASHPATCH       0x00000000         0xffffffff
ENDFLASH         0x00000000         0xffffffff
*default*        0x00000000         0xffffffff

Linker script and memory map

LOAD /home/laurence/ARM-GCC/gcc-arm-none-eabi-4_9-2014q4/bin/../lib/gcc/arm-none-eabi/4.9.3/armv7-m/crti.o
LOAD /home/laurence/ARM-GCC/gcc-arm-none-eabi-4_9-2014q4/bin/../lib/gcc/arm-none-eabi/4.9.3/armv7-m/crtbegin.o
LOAD /home/laurence/ARM-GCC/gcc-arm-none-eabi-4_9-2014q4/bin/../lib/gcc/arm-none-eabi/4.9.3/../../../../arm-none-eabi/lib/armv7-m/crt0.o
LOAD Silabs/si446x.o
LOAD /tmp/ccAo9z5N.ltrans0.ltrans.o
LOAD /tmp/ccAo9z5N.ltrans1.ltrans.o
LOAD /tmp/ccAo9z5N.ltrans2.ltrans.o
LOAD /tmp/ccAo9z5N.ltrans3.ltrans.o
LOAD /tmp/ccAo9z5N.ltrans4.ltrans.o
LOAD /tmp/ccAo9z5N.ltrans5.ltrans.o
LOAD /tmp/ccAo9z5N.ltrans6.ltrans.o
LOAD /tmp/ccAo9z5N.ltrans7.ltrans.o
LOAD /tmp/ccAo9z5N.ltrans8.ltrans.o
LOAD /home/laurence/ARM-GCC/gcc-arm-none-eabi-4_9-2014q4/bin/../lib/gcc/arm-none-eabi/4.9.3/armv7-m/libgcc.a
LOAD /home/laurence/ARM-GCC/gcc-arm-none-eabi-4_9-2014q4/bin/../lib/gcc/arm-none-eabi/4.9.3/../../../../arm-none-eabi/lib/armv7-m/libg.a
LOAD /home/laurence/ARM-GCC/gcc-arm-none-eabi-4_9-2014q4/bin/../lib/gcc/arm-none-eabi/4.9.3/../../../../arm-none-eabi/lib/armv7-m/libc.a
LOAD Ublox/ubx.o
LOAD Util/USB/hw_config.o
LOAD Util/USB/mass_mal.o
LOAD Util/USB/memory.o
LOAD Util/USB/scsi_data.o
LOAD Util/USB/usb_bot.o
LOAD Util/USB/usb_desc.o
LOAD Util/USB/usb_endp.o
LOAD Util/USB/usb_istr.o
LOAD Util/USB/usb_prop.o
LOAD Util/USB/usb_pwr.o
LOAD Util/USB/usb_scsi.o
LOAD Util/buffer.o
LOAD Util/crc.o
LOAD Util/delay.o
LOAD Util/fat_fs/option/ccsbcs.o
LOAD Util/fat_fs/src/fattime.o
LOAD Util/fat_fs/src/ff.o
LOAD Util/fat_fs/src/rtc.o
LOAD Util/fat_fs/src/sd_spi_stm32.o
LOAD Util/polygon.o
LOAD Util/rprintf.o
LOAD Util/wave.o
LOAD adc.o
LOAD dma.o
LOAD gpio.o
LOAD i2c_int.o
LOAD interrupts.o
LOAD lib/CMSIS_CM3/core_cm3.o
LOAD lib/CMSIS_CM3/startup/gcc/startup_stm32f10x_md.o
LOAD lib/CMSIS_CM3/system_stm32f10x.o
LOAD main.o
LOAD pwm.o
LOAD pwr.o
LOAD usart.o
LOAD watchdog.o
LOAD lib/STM32F10x_StdPeriph_Driver/libstm32fw.a
LOAD lib/STM32_USB-FS-Device_Driver/libstm32usb.a
LOAD /home/laurence/ARM-GCC/gcc-arm-none-eabi-4_9-2014q4/bin/../lib/gcc/arm-none-eabi/4.9.3/../../../../arm-none-eabi/lib/armv7-m/libm.a
LOAD /home/laurence/ARM-GCC/gcc-arm-none-eabi-4_9-2014q4/bin/../lib/gcc/arm-none-eabi/4.9.3/../../../../arm-none-eabi/lib/armv7-m/libnosys.a
START GROUP
LOAD /home/laurence/ARM-GCC/gcc-arm-none-eabi-4_9-2014q4/bin/../lib/gcc/arm-none-eabi/4.9.3/armv7-m/libgcc.a
LOAD /home/laurence/ARM-GCC/gcc-arm-none-eabi-4_9-2014q4/bin/../lib/gcc/arm-none-eabi/4.9.3/../../../../arm-none-eabi/lib/armv7-m/libg.a
LOAD /home/laurence/ARM-GCC/gcc-arm-none-eabi-4_9-2014q4/bin/../lib/gcc/arm-none-eabi/4.9.3/../../../../arm-none-eabi/lib/armv7-m/libc.a
END GROUP
LOAD /home/laurence/ARM-GCC/gcc-arm-none-eabi-4_9-2014q4/bin/../lib/gcc/arm-none-eabi/4.9.3/armv7-m/crtend.o
LOAD /home/laurence/ARM-GCC/gcc-arm-none-eabi-4_9-2014q4/bin/../lib/gcc/arm-none-eabi/4.9.3/armv7-m/crtn.o
                0x00002000                __Stack_Size = 0x2000
                0x00002000                PROVIDE (_Stack_Size, __Stack_Size)
                0x20003000                __Stack_Init = (_estack - __Stack_Size)
                0x20003000                PROVIDE (_Stack_Init, __Stack_Init)
                0x00002000                _Minimum_Stack_Size = 0x2000
                0x00000000                PROVIDE (Undefined_Handler, 0x0)
                0x00000000                PROVIDE (SWI_Handler, 0x0)
                0x00000000                PROVIDE (IRQ_Handler, 0x0)
                0x00000000                PROVIDE (Prefetch_Handler, 0x0)
                0x00000000                PROVIDE (Abort_Handler, 0x0)
                0x00000000                PROVIDE (FIQ_Handler, 0x0)
                0x00000000                PROVIDE (NMIException, 0x0)
                0x00000000                PROVIDE (NMI_Handler, 0x0)
                0x00000000                PROVIDE (HardFaultException, 0x0)
                0x00000000                PROVIDE (HardFault_Handler, 0x0)
                0x00000000                PROVIDE (MemManageException, 0x0)
                0x00000000                PROVIDE (MemManage_Handler, 0x0)
                0x00000000                PROVIDE (BusFaultException, 0x0)
                0x00000000                PROVIDE (BusFault_Handler, 0x0)
                0x00000000                PROVIDE (UsageFaultException, 0x0)
                0x00000000                PROVIDE (UsageFault_Handler, 0x0)
                0x00000000                PROVIDE (SVCHandler, 0x0)
                0x00000000                PROVIDE (SVC_Handler, 0x0)
                0x00000000                PROVIDE (DebugMonitor, 0x0)
                0x00000000                PROVIDE (DebugMon_Handler, 0x0)
                0x00000000                PROVIDE (PendSVC, 0x0)
                0x00000000                PROVIDE (PendSV_Handler, 0x0)
                0x00000000                PROVIDE (SysTickHandler, 0x0)
                0x00000000                PROVIDE (SysTick_Handler, 0x0)
                0x00000000                PROVIDE (WWDG_IRQHandler, 0x0)
                0x00000000                PROVIDE (PVD_IRQHandler, 0x0)
                0x00000000                PROVIDE (TAMPER_IRQHandler, 0x0)
                0x00000000                PROVIDE (RTC_IRQHandler, 0x0)
                0x00000000                PROVIDE (FLASH_IRQHandler, 0x0)
                0x00000000                PROVIDE (RCC_IRQHandler, 0x0)
                0x00000000                PROVIDE (EXTI0_IRQHandler, 0x0)
                0x00000000                PROVIDE (EXTI1_IRQHandler, 0x0)
                0x00000000                PROVIDE (EXTI2_IRQHandler, 0x0)
                0x00000000                PROVIDE (EXTI3_IRQHandler, 0x0)
                0x00000000                PROVIDE (EXTI4_IRQHandler, 0x0)
                0x00000000                PROVIDE (DMAChannel1_IRQHandler, 0x0)
                0x00000000                PROVIDE (DMAChannel2_IRQHandler, 0x0)
                0x00000000                PROVIDE (DMAChannel3_IRQHandler, 0x0)
                0x00000000                PROVIDE (DMAChannel4_IRQHandler, 0x0)
                0x00000000                PROVIDE (DMAChannel5_IRQHandler, 0x0)
                0x00000000                PROVIDE (DMAChannel6_IRQHandler, 0x0)
                0x00000000                PROVIDE (DMAChannel7_IRQHandler, 0x0)
                0x00000000                PROVIDE (DMA1_Channel1_IRQHandler, 0x0)
                0x00000000                PROVIDE (DMA1_Channel2_IRQHandler, 0x0)
                0x00000000                PROVIDE (DMA1_Channel3_IRQHandler, 0x0)
                0x00000000                PROVIDE (DMA1_Channel4_IRQHandler, 0x0)
                0x00000000                PROVIDE (DMA1_Channel5_IRQHandler, 0x0)
                0x00000000                PROVIDE (DMA1_Channel6_IRQHandler, 0x0)
                0x00000000                PROVIDE (DMA1_Channel7_IRQHandler, 0x0)
                0x00000000                PROVIDE (ADC_IRQHandler, 0x0)
                0x00000000                PROVIDE (ADC1_2_IRQHandler, 0x0)
                0x00000000                PROVIDE (USB_HP_CAN_TX_IRQHandler, 0x0)
                0x00000000                PROVIDE (USB_HP_CAN1_TX_IRQHandler, 0x0)
                0x00000000                PROVIDE (USB_LP_CAN_RX0_IRQHandler, 0x0)
                0x00000000                PROVIDE (USB_LP_CAN1_RX0_IRQHandler, 0x0)
                0x00000000                PROVIDE (CAN_RX1_IRQHandler, 0x0)
                0x00000000                PROVIDE (CAN1_RX1_IRQHandler, 0x0)
                0x00000000                PROVIDE (CAN_SCE_IRQHandler, 0x0)
                0x00000000                PROVIDE (CAN1_SCE_IRQHandler, 0x0)
                0x00000000                PROVIDE (EXTI9_5_IRQHandler, 0x0)
                0x00000000                PROVIDE (TIM1_BRK_IRQHandler, 0x0)
                0x00000000                PROVIDE (TIM1_UP_IRQHandler, 0x0)
                0x00000000                PROVIDE (TIM1_TRG_COM_IRQHandler, 0x0)
                0x00000000                PROVIDE (TIM1_CC_IRQHandler, 0x0)
                0x00000000                PROVIDE (TIM2_IRQHandler, 0x0)
                0x00000000                PROVIDE (TIM3_IRQHandler, 0x0)
                0x00000000                PROVIDE (TIM4_IRQHandler, 0x0)
                0x00000000                PROVIDE (I2C1_EV_IRQHandler, 0x0)
                0x00000000                PROVIDE (I2C1_ER_IRQHandler, 0x0)
                0x00000000                PROVIDE (I2C2_EV_IRQHandler, 0x0)
                0x00000000                PROVIDE (I2C2_ER_IRQHandler, 0x0)
                0x00000000                PROVIDE (SPI1_IRQHandler, 0x0)
                0x00000000                PROVIDE (SPI2_IRQHandler, 0x0)
                0x00000000                PROVIDE (USART1_IRQHandler, 0x0)
                0x00000000                PROVIDE (USART2_IRQHandler, 0x0)
                0x00000000                PROVIDE (USART3_IRQHandler, 0x0)
                0x00000000                PROVIDE (EXTI15_10_IRQHandler, 0x0)
                0x00000000                PROVIDE (RTCAlarm_IRQHandler, 0x0)
                0x00000000                PROVIDE (USBWakeUp_IRQHandler, 0x0)
                0x00000000                PROVIDE (TIM8_BRK_IRQHandler, 0x0)
                0x00000000                PROVIDE (TIM8_UP_IRQHandler, 0x0)
                0x00000000                PROVIDE (TIM8_TRG_COM_IRQHandler, 0x0)
                0x00000000                PROVIDE (TIM8_CC_IRQHandler, 0x0)
                0x00000000                PROVIDE (ADC3_IRQHandler, 0x0)
                0x00000000                PROVIDE (FSMC_IRQHandler, 0x0)
                0x00000000                PROVIDE (SDIO_IRQHandler, 0x0)
                0x00000000                PROVIDE (TIM5_IRQHandler, 0x0)
                0x00000000                PROVIDE (SPI3_IRQHandler, 0x0)
                0x00000000                PROVIDE (UART4_IRQHandler, 0x0)
                0x00000000                PROVIDE (UART5_IRQHandler, 0x0)
                0x00000000                PROVIDE (TIM6_IRQHandler, 0x0)
                0x00000000                PROVIDE (TIM7_IRQHandler, 0x0)
                0x00000000                PROVIDE (DMA2_Channel1_IRQHandler, 0x0)
                0x00000000                PROVIDE (DMA2_Channel2_IRQHandler, 0x0)
                0x00000000                PROVIDE (DMA2_Channel3_IRQHandler, 0x0)
                0x00000000                PROVIDE (DMA2_Channel4_5_IRQHandler, 0x0)
                0x42000000                PERIPH_BB_BASE = 0x42000000
                0x22000000                SRAM_BB_BASE = 0x22000000
                0x20000000                SRAM_BASE = 0x20000000
                0x40000000                PERIPH_BASE = 0x40000000
                0x40022000                PROVIDE (FLASH_BASE, 0x40022000)
                0x1ffff800                PROVIDE (OB_BASE, 0x1ffff800)
                0x40000000                APB1PERIPH_BASE = PERIPH_BASE
                0x40010000                APB2PERIPH_BASE = (PERIPH_BASE + 0x10000)
                0x40020000                AHBPERIPH_BASE = (PERIPH_BASE + 0x20000)
                0x40000000                PROVIDE (TIM2, (APB1PERIPH_BASE + 0x0))
                0x40000400                PROVIDE (TIM3, (APB1PERIPH_BASE + 0x400))
                0x40000800                PROVIDE (TIM4, (APB1PERIPH_BASE + 0x800))
                0x40002800                PROVIDE (RTC, (APB1PERIPH_BASE + 0x2800))
                0x40002c00                PROVIDE (WWDG, (APB1PERIPH_BASE + 0x2c00))
                0x40003000                PROVIDE (IWDG, (APB1PERIPH_BASE + 0x3000))
                0x40003800                PROVIDE (SPI2, (APB1PERIPH_BASE + 0x3800))
                0x40004400                PROVIDE (USART2, (APB1PERIPH_BASE + 0x4400))
                0x40004800                PROVIDE (USART3, (APB1PERIPH_BASE + 0x4800))
                0x40005400                PROVIDE (I2C1, (APB1PERIPH_BASE + 0x5400))
                0x40005800                PROVIDE (I2C2, (APB1PERIPH_BASE + 0x5800))
                0x40006400                PROVIDE (CAN, (APB1PERIPH_BASE + 0x6400))
                0x40006c00                PROVIDE (BKP, (APB1PERIPH_BASE + 0x6c00))
                0x40007000                PROVIDE (PWR, (APB1PERIPH_BASE + 0x7000))
                0x40010000                PROVIDE (AFIO, (APB2PERIPH_BASE + 0x0))
                0x40010400                PROVIDE (EXTI, (APB2PERIPH_BASE + 0x400))
                0x40010800                PROVIDE (GPIOA, (APB2PERIPH_BASE + 0x800))
                0x40010c00                PROVIDE (GPIOB, (APB2PERIPH_BASE + 0xc00))
                0x40011000                PROVIDE (GPIOC, (APB2PERIPH_BASE + 0x1000))
                0x40011400                PROVIDE (GPIOD, (APB2PERIPH_BASE + 0x1400))
                0x40011800                PROVIDE (GPIOE, (APB2PERIPH_BASE + 0x1800))
                0x40012400                PROVIDE (ADC1, (APB2PERIPH_BASE + 0x2400))
                0x40012800                PROVIDE (ADC2, (APB2PERIPH_BASE + 0x2800))
                0x40012c00                PROVIDE (TIM1, (APB2PERIPH_BASE + 0x2c00))
                0x40013000                PROVIDE (SPI1, (APB2PERIPH_BASE + 0x3000))
                0x40013800                PROVIDE (USART1, (APB2PERIPH_BASE + 0x3800))
                0x40020000                PROVIDE (DMA, (AHBPERIPH_BASE + 0x0))
                0x40020008                PROVIDE (DMA_Channel1, (AHBPERIPH_BASE + 0x8))
                0x4002001c                PROVIDE (DMA_Channel2, (AHBPERIPH_BASE + 0x1c))
                0x40020030                PROVIDE (DMA_Channel3, (AHBPERIPH_BASE + 0x30))
                0x40020044                PROVIDE (DMA_Channel4, (AHBPERIPH_BASE + 0x44))
                0x40020058                PROVIDE (DMA_Channel5, (AHBPERIPH_BASE + 0x58))
                0x4002006c                PROVIDE (DMA_Channel6, (AHBPERIPH_BASE + 0x6c))
                0x40020080                PROVIDE (DMA_Channel7, (AHBPERIPH_BASE + 0x80))
                0x40021000                PROVIDE (RCC, (AHBPERIPH_BASE + 0x1000))
                0xe000e000                SCS_BASE = 0xe000e000
                0xe000e010                PROVIDE (SysTick, (SCS_BASE + 0x10))
                0xe000e100                PROVIDE (NVIC, (SCS_BASE + 0x100))
                0xe000ed00                PROVIDE (SCB, (SCS_BASE + 0xd00))
                0x20005000                PROVIDE (_estack, (ORIGIN (RAM) + 0x5000))

.isr_vector     0x08000000      0x10c
                0x08000000                . = ALIGN (0x4)
 *(.isr_vector)
 .isr_vector    0x08000000      0x10c lib/CMSIS_CM3/startup/gcc/startup_stm32f10x_md.o
                0x08000000                g_pfnVectors
                0x0800010c                . = ALIGN (0x4)

.flash_start    0x00000000        0x0
                0x00000000                . = ALIGN (0x4)
 *(.flash_start)
 *(.flash_start.*)
                0x00000000                . = ALIGN (0x4)

.crp_patch      0x00000000        0x0
                0x00000000                . = ALIGN (0x4)
 *(.crp_patch)
                0x00000000                . = ALIGN (0x4)

.flashtext      0x0800010c        0x0
                0x0800010c                . = ALIGN (0x4)
 *(.flashtext)
                0x0800010c                . = ALIGN (0x4)

.text           0x08000110     0xcab4
                0x08000110                . = ALIGN (0x4)
 *(.text)
 .text          0x08000110      0x370 /home/laurence/ARM-GCC/gcc-arm-none-eabi-4_9-2014q4/bin/../lib/gcc/arm-none-eabi/4.9.3/armv7-m/libgcc.a(_arm_addsubdf3.o)
                0x08000110                __aeabi_drsub
                0x08000118                __aeabi_dsub
                0x08000118                __subdf3
                0x0800011c                __adddf3
                0x0800011c                __aeabi_dadd
                0x08000394                __aeabi_ui2d
                0x08000394                __floatunsidf
                0x080003b4                __floatsidf
                0x080003b4                __aeabi_i2d
                0x080003d8                __extendsfdf2
                0x080003d8                __aeabi_f2d
                0x08000414                __aeabi_ul2d
                0x08000414                __floatundidf
                0x08000424                __floatdidf
                0x08000424                __aeabi_l2d
 .text          0x08000480      0x424 /home/laurence/ARM-GCC/gcc-arm-none-eabi-4_9-2014q4/bin/../lib/gcc/arm-none-eabi/4.9.3/armv7-m/libgcc.a(_arm_muldivdf3.o)
                0x08000480                __aeabi_dmul
                0x08000480                __muldf3
                0x080006d4                __aeabi_ddiv
                0x080006d4                __divdf3
 .text          0x080008a4      0x110 /home/laurence/ARM-GCC/gcc-arm-none-eabi-4_9-2014q4/bin/../lib/gcc/arm-none-eabi/4.9.3/armv7-m/libgcc.a(_arm_cmpdf2.o)
                0x080008a4                __gtdf2
                0x080008a4                __gedf2
                0x080008ac                __ltdf2
                0x080008ac                __ledf2
                0x080008b4                __cmpdf2
                0x080008b4                __eqdf2
                0x080008b4                __nedf2
                0x08000930                __aeabi_cdrcmple
                0x08000940                __aeabi_cdcmple
                0x08000940                __aeabi_cdcmpeq
                0x08000950                __aeabi_dcmpeq
                0x08000964                __aeabi_dcmplt
                0x08000978                __aeabi_dcmple
                0x0800098c                __aeabi_dcmpge
                0x080009a0                __aeabi_dcmpgt
 .text          0x080009b4       0x40 /home/laurence/ARM-GCC/gcc-arm-none-eabi-4_9-2014q4/bin/../lib/gcc/arm-none-eabi/4.9.3/armv7-m/libgcc.a(_arm_fixunsdfsi.o)
                0x080009b4                __fixunsdfsi
                0x080009b4                __aeabi_d2uiz
 .text          0x080009f4       0xa0 /home/laurence/ARM-GCC/gcc-arm-none-eabi-4_9-2014q4/bin/../lib/gcc/arm-none-eabi/4.9.3/armv7-m/libgcc.a(_arm_truncdfsf2.o)
                0x080009f4                __aeabi_d2f
                0x080009f4                __truncdfsf2
 .text          0x08000a94      0x21c /home/laurence/ARM-GCC/gcc-arm-none-eabi-4_9-2014q4/bin/../lib/gcc/arm-none-eabi/4.9.3/armv7-m/libgcc.a(_arm_addsubsf3.o)
                0x08000a94                __aeabi_frsub
                0x08000a9c                __subsf3
                0x08000a9c                __aeabi_fsub
                0x08000aa0                __aeabi_fadd
                0x08000aa0                __addsf3
                0x08000c00                __aeabi_ui2f
                0x08000c00                __floatunsisf
                0x08000c08                __aeabi_i2f
                0x08000c08                __floatsisf
                0x08000c24                __floatundisf
                0x08000c24                __aeabi_ul2f
                0x08000c34                __floatdisf
                0x08000c34                __aeabi_l2f
 .text          0x08000cb0      0x2a0 /home/laurence/ARM-GCC/gcc-arm-none-eabi-4_9-2014q4/bin/../lib/gcc/arm-none-eabi/4.9.3/armv7-m/libgcc.a(_arm_muldivsf3.o)
                0x08000cb0                __mulsf3
                0x08000cb0                __aeabi_fmul
                0x08000e18                __divsf3
                0x08000e18                __aeabi_fdiv
 .text          0x08000f50       0xec /home/laurence/ARM-GCC/gcc-arm-none-eabi-4_9-2014q4/bin/../lib/gcc/arm-none-eabi/4.9.3/armv7-m/libgcc.a(_arm_cmpsf2.o)
                0x08000f50                __gtsf2
                0x08000f50                __gesf2
                0x08000f58                __lesf2
                0x08000f58                __ltsf2
                0x08000f60                __nesf2
                0x08000f60                __eqsf2
                0x08000f60                __cmpsf2
                0x08000fc0                __aeabi_cfrcmple
                0x08000fc8                __aeabi_cfcmple
                0x08000fc8                __aeabi_cfcmpeq
                0x08000fd8                __aeabi_fcmpeq
                0x08000fec                __aeabi_fcmplt
                0x08001000                __aeabi_fcmple
                0x08001014                __aeabi_fcmpge
                0x08001028                __aeabi_fcmpgt
 .text          0x0800103c       0x40 /home/laurence/ARM-GCC/gcc-arm-none-eabi-4_9-2014q4/bin/../lib/gcc/arm-none-eabi/4.9.3/armv7-m/libgcc.a(_arm_fixunssfsi.o)
                0x0800103c                __aeabi_f2uiz
                0x0800103c                __fixunssfsi
 .text          0x0800107c       0xec /home/laurence/ARM-GCC/gcc-arm-none-eabi-4_9-2014q4/bin/../lib/gcc/arm-none-eabi/4.9.3/../../../../arm-none-eabi/lib/armv7-m/libg.a(lib_a-memcpy.o)
                0x0800107c                memcpy
 *(.text.*)
 .text.si446x_spi_state_machine
                0x08001168      0x2d4 /tmp/ccAo9z5N.ltrans0.ltrans.o
 .text.si446x_busy_wait_send_receive
                0x0800143c       0xfc /tmp/ccAo9z5N.ltrans0.ltrans.o
 .text.si446x_set_modem
                0x08001538      0x29c /tmp/ccAo9z5N.ltrans0.ltrans.o
 .text.si446x_set_deviation_channel_bps
                0x080017d4      0x118 /tmp/ccAo9z5N.ltrans0.ltrans.o
 .text.si446x_set_frequency
                0x080018ec      0x174 /tmp/ccAo9z5N.ltrans0.ltrans.o
 .text.si446x_state_machine
                0x08001a60      0x4d4 /tmp/ccAo9z5N.ltrans0.ltrans.o
 .text.Gps_Process_Byte
                0x08001f34      0x210 /tmp/ccAo9z5N.ltrans0.ltrans.o
                0x08001f34                Gps_Process_Byte
 .text.EXTI15_10_IRQHandler
                0x08002144       0x48 /tmp/ccAo9z5N.ltrans0.ltrans.o
                0x08002144                EXTI15_10_IRQHandler
 .text.DMA1_Channel2_IRQHandler
                0x0800218c       0x50 /tmp/ccAo9z5N.ltrans0.ltrans.o
                0x0800218c                DMA1_Channel2_IRQHandler
 .text.USART3_IRQHandler
                0x080021dc       0x90 /tmp/ccAo9z5N.ltrans0.ltrans.o
                0x080021dc                USART3_IRQHandler
 .text.EXTI0_IRQHandler
                0x0800226c       0x44 /tmp/ccAo9z5N.ltrans0.ltrans.o
                0x0800226c                EXTI0_IRQHandler
 .text.si446x_setup
                0x080022b0      0x480 /tmp/ccAo9z5N.ltrans0.ltrans.o
                0x080022b0                si446x_setup
 .text.silabs_cts_jammed
                0x08002730       0x28 /tmp/ccAo9z5N.ltrans0.ltrans.o
                0x08002730                silabs_cts_jammed
 .text.get_from_silabs_buffer
                0x08002758       0x20 /tmp/ccAo9z5N.ltrans0.ltrans.o
                0x08002758                get_from_silabs_buffer
 .text.send_string_to_silabs
                0x08002778       0x40 /tmp/ccAo9z5N.ltrans0.ltrans.o
                0x08002778                send_string_to_silabs
 .text.rStrLen  0x080027b8       0x14 /tmp/ccAo9z5N.ltrans1.ltrans.o
 .text.Isdigit  0x080027cc       0x10 /tmp/ccAo9z5N.ltrans1.ltrans.o
 .text.atoiRamRom
                0x080027dc       0x2c /tmp/ccAo9z5N.ltrans1.ltrans.o
 .text.get_wkup
                0x08002808       0x10 /tmp/ccAo9z5N.ltrans1.ltrans.o
                0x08002808                get_wkup
 .text.setup_gpio
                0x08002818      0x178 /tmp/ccAo9z5N.ltrans1.ltrans.o
                0x08002818                setup_gpio
 .text.DMA_USART2_Configuration
                0x08002990       0x58 /tmp/ccAo9z5N.ltrans1.ltrans.o
                0x08002990                DMA_USART2_Configuration
 .text.ReadADC1_noblock
                0x080029e8       0x20 /tmp/ccAo9z5N.ltrans1.ltrans.o
                0x080029e8                ReadADC1_noblock
 .text.ADC_Configuration
                0x08002a08       0xf8 /tmp/ccAo9z5N.ltrans1.ltrans.o
                0x08002a08                ADC_Configuration
 .text.wave_terminate
                0x08002b00       0x78 /tmp/ccAo9z5N.ltrans1.ltrans.o
                0x08002b00                wave_terminate
 .text.write_wave_samples
                0x08002b78       0x78 /tmp/ccAo9z5N.ltrans1.ltrans.o
                0x08002b78                write_wave_samples
 .text.write_wave_header
                0x08002bf0       0xd4 /tmp/ccAo9z5N.ltrans1.ltrans.o
                0x08002bf0                write_wave_header
 .text.rprintfChar
                0x08002cc4       0x20 /tmp/ccAo9z5N.ltrans1.ltrans.o
                0x08002cc4                rprintfChar
 .text.rprintfFloat
                0x08002ce4       0xc8 /tmp/ccAo9z5N.ltrans1.ltrans.o
 .text.rprintf2RamRom
                0x08002dac      0x360 /tmp/ccAo9z5N.ltrans1.ltrans.o
                0x08002dac                rprintf2RamRom
 .text.rprintfInit
                0x0800310c        0xc /tmp/ccAo9z5N.ltrans1.ltrans.o
                0x0800310c                rprintfInit
 .text.pointinpoly
                0x08003118       0x54 /tmp/ccAo9z5N.ltrans1.ltrans.o
                0x08003118                pointinpoly
 .text.disk_timerproc
                0x0800316c       0x50 /tmp/ccAo9z5N.ltrans1.ltrans.o
                0x0800316c                disk_timerproc
 .text.disk_ioctl
                0x080031bc      0x2b0 /tmp/ccAo9z5N.ltrans1.ltrans.o
                0x080031bc                disk_ioctl
 .text.disk_write
                0x0800346c       0xb0 /tmp/ccAo9z5N.ltrans1.ltrans.o
                0x0800346c                disk_write
 .text.disk_read
                0x0800351c       0xac /tmp/ccAo9z5N.ltrans1.ltrans.o
                0x0800351c                disk_read
 .text.disk_status
                0x080035c8       0x14 /tmp/ccAo9z5N.ltrans1.ltrans.o
                0x080035c8                disk_status
 .text.disk_initialize
                0x080035dc      0x164 /tmp/ccAo9z5N.ltrans1.ltrans.o
                0x080035dc                disk_initialize
 .text.ff_wtoupper
                0x08003740       0x24 /tmp/ccAo9z5N.ltrans2.ltrans.o
 .text.crc_xmodem_update
                0x08003764       0x28 /tmp/ccAo9z5N.ltrans2.ltrans.o
 .text.sum_sfn.lto_priv.26
                0x0800378c       0x1c /tmp/ccAo9z5N.ltrans2.ltrans.o
                0x0800378c                sum_sfn.lto_priv.26
 .text.fit_lfn.lto_priv.25
                0x080037a8       0x64 /tmp/ccAo9z5N.ltrans2.ltrans.o
                0x080037a8                fit_lfn.lto_priv.25
 .text.cmp_lfn.lto_priv.28
                0x0800380c       0x9c /tmp/ccAo9z5N.ltrans2.ltrans.o
                0x0800380c                cmp_lfn.lto_priv.28
 .text.clust2sect
                0x080038a8       0x18 /tmp/ccAo9z5N.ltrans2.ltrans.o
                0x080038a8                clust2sect
 .text.move_window.lto_priv.19
                0x080038c0       0x7c /tmp/ccAo9z5N.ltrans2.ltrans.o
                0x080038c0                move_window.lto_priv.19
 .text.put_fat  0x0800393c      0x108 /tmp/ccAo9z5N.ltrans2.ltrans.o
                0x0800393c                put_fat
 .text.get_fat  0x08003a44       0xe8 /tmp/ccAo9z5N.ltrans2.ltrans.o
                0x08003a44                get_fat
 .text.dir_sdi.lto_priv.21
                0x08003b2c       0x94 /tmp/ccAo9z5N.ltrans2.ltrans.o
                0x08003b2c                dir_sdi.lto_priv.21
 .text.create_chain.lto_priv.17
                0x08003bc0       0xac /tmp/ccAo9z5N.ltrans2.ltrans.o
                0x08003bc0                create_chain.lto_priv.17
 .text.remove_chain.lto_priv.12
                0x08003c6c       0x64 /tmp/ccAo9z5N.ltrans2.ltrans.o
                0x08003c6c                remove_chain.lto_priv.12
 .text.chk_chr.lto_priv.22
                0x08003cd0       0x10 /tmp/ccAo9z5N.ltrans2.ltrans.o
                0x08003cd0                chk_chr.lto_priv.22
 .text.mem_cmp.lto_priv.27
                0x08003ce0       0x24 /tmp/ccAo9z5N.ltrans2.ltrans.o
                0x08003ce0                mem_cmp.lto_priv.27
 .text.mem_set.lto_priv.23
                0x08003d04       0x10 /tmp/ccAo9z5N.ltrans2.ltrans.o
                0x08003d04                mem_set.lto_priv.23
 .text.dir_next.lto_priv.24
                0x08003d14      0x124 /tmp/ccAo9z5N.ltrans2.ltrans.o
                0x08003d14                dir_next.lto_priv.24
 .text.sync.lto_priv.18
                0x08003e38       0xb8 /tmp/ccAo9z5N.ltrans2.ltrans.o
                0x08003e38                sync.lto_priv.18
 .text.mem_cpy.lto_priv.20
                0x08003ef0       0x14 /tmp/ccAo9z5N.ltrans2.ltrans.o
                0x08003ef0                mem_cpy.lto_priv.20
 .text.gen_numname
                0x08003f04       0x88 /tmp/ccAo9z5N.ltrans2.ltrans.o
                0x08003f04                gen_numname
 .text.get_fattime
                0x08003f8c       0x44 /tmp/ccAo9z5N.ltrans2.ltrans.o
                0x08003f8c                get_fattime
 .text.ff_convert
                0x08003fd0       0x40 /tmp/ccAo9z5N.ltrans2.ltrans.o
                0x08003fd0                ff_convert
 .text.Delay    0x08004010       0x20 /tmp/ccAo9z5N.ltrans2.ltrans.o
                0x08004010                Delay
 .text.string_CRC16_checksum
                0x08004030       0x28 /tmp/ccAo9z5N.ltrans2.ltrans.o
                0x08004030                string_CRC16_checksum
 .text.Init_Dma_Buffer
                0x08004058       0x14 /tmp/ccAo9z5N.ltrans2.ltrans.o
                0x08004058                Init_Dma_Buffer
 .text.Init_Byte_Buffer
                0x0800406c       0x14 /tmp/ccAo9z5N.ltrans2.ltrans.o
                0x0800406c                Init_Byte_Buffer
 .text.Init_Buffer
                0x08004080       0x14 /tmp/ccAo9z5N.ltrans2.ltrans.o
                0x08004080                Init_Buffer
 .text.Bytes_In_DMA_Buffer
                0x08004094       0x24 /tmp/ccAo9z5N.ltrans2.ltrans.o
                0x08004094                Bytes_In_DMA_Buffer
 .text.Empty_Dma_Buffer
                0x080040b8        0xc /tmp/ccAo9z5N.ltrans2.ltrans.o
                0x080040b8                Empty_Dma_Buffer
 .text.Pop_From_Dma_Buffer
                0x080040c4       0x28 /tmp/ccAo9z5N.ltrans2.ltrans.o
                0x080040c4                Pop_From_Dma_Buffer
 .text.Pop_From_Byte_Buffer
                0x080040ec       0x28 /tmp/ccAo9z5N.ltrans2.ltrans.o
                0x080040ec                Pop_From_Byte_Buffer
 .text.Pop_From_Buffer
                0x08004114       0x2c /tmp/ccAo9z5N.ltrans2.ltrans.o
                0x08004114                Pop_From_Buffer
 .text.Get_From_Byte_Buffer
                0x08004140       0x40 /tmp/ccAo9z5N.ltrans2.ltrans.o
                0x08004140                Get_From_Byte_Buffer
 .text.Add_To_Byte_Buffer
                0x08004180       0x4c /tmp/ccAo9z5N.ltrans2.ltrans.o
                0x08004180                Add_To_Byte_Buffer
 .text.Add_To_Buffer
                0x080041cc       0x50 /tmp/ccAo9z5N.ltrans2.ltrans.o
                0x080041cc                Add_To_Buffer
 .text.SCSI_Format_Cmd
                0x0800421c       0x14 /tmp/ccAo9z5N.ltrans2.ltrans.o
                0x0800421c                SCSI_Format_Cmd
 .text.SCSI_Start_Stop_Unit_Cmd
                0x08004230        0xc /tmp/ccAo9z5N.ltrans2.ltrans.o
                0x08004230                SCSI_Start_Stop_Unit_Cmd
 .text.Set_Scsi_Sense_Data
                0x0800423c        0xc /tmp/ccAo9z5N.ltrans2.ltrans.o
                0x0800423c                Set_Scsi_Sense_Data
 .text.SCSI_Address_Management
                0x08004248       0x7c /tmp/ccAo9z5N.ltrans2.ltrans.o
 .text.SCSI_Invalid_Cmd
                0x080042c4       0x44 /tmp/ccAo9z5N.ltrans2.ltrans.o
                0x080042c4                SCSI_Invalid_Cmd
 .text.SCSI_TestUnitReady_Cmd
                0x08004308       0x34 /tmp/ccAo9z5N.ltrans2.ltrans.o
                0x08004308                SCSI_TestUnitReady_Cmd
 .text.SCSI_Verify10_Cmd
                0x0800433c       0x3c /tmp/ccAo9z5N.ltrans2.ltrans.o
                0x0800433c                SCSI_Verify10_Cmd
 .text.SCSI_Write10_Cmd
                0x08004378       0x68 /tmp/ccAo9z5N.ltrans2.ltrans.o
                0x08004378                SCSI_Write10_Cmd
 .text.SCSI_Read10_Cmd
                0x080043e0       0x68 /tmp/ccAo9z5N.ltrans2.ltrans.o
                0x080043e0                SCSI_Read10_Cmd
 .text.SCSI_RequestSense_Cmd
                0x08004448       0x1c /tmp/ccAo9z5N.ltrans2.ltrans.o
                0x08004448                SCSI_RequestSense_Cmd
 .text.SCSI_ModeSense10_Cmd
                0x08004464       0x10 /tmp/ccAo9z5N.ltrans2.ltrans.o
                0x08004464                SCSI_ModeSense10_Cmd
 .text.SCSI_ModeSense6_Cmd
                0x08004474       0x10 /tmp/ccAo9z5N.ltrans2.ltrans.o
                0x08004474                SCSI_ModeSense6_Cmd
 *fill*         0x08004484        0x4 
 .text.main     0x08004488     0x1190 /tmp/ccAo9z5N.ltrans3.ltrans.o
                0x08004488                main
 .text.check_fs
                0x08005618       0x90 /tmp/ccAo9z5N.ltrans4.ltrans.o
 .text.create_name
                0x080056a8      0x214 /tmp/ccAo9z5N.ltrans4.ltrans.o
 .text.dir_find
                0x080058bc       0xd0 /tmp/ccAo9z5N.ltrans4.ltrans.o
 .text.dir_register
                0x0800598c      0x168 /tmp/ccAo9z5N.ltrans4.ltrans.o
 .text.f_mount  0x08005af4       0x28 /tmp/ccAo9z5N.ltrans4.ltrans.o
                0x08005af4                f_mount
 .text.validate.lto_priv.13
                0x08005b1c       0x30 /tmp/ccAo9z5N.ltrans4.ltrans.o
                0x08005b1c                validate.lto_priv.13
 .text.f_read   0x08005b4c      0x1a8 /tmp/ccAo9z5N.ltrans4.ltrans.o
                0x08005b4c                f_read
 .text.chk_mounted.lto_priv.16
                0x08005cf4      0x348 /tmp/ccAo9z5N.ltrans4.ltrans.o
                0x08005cf4                chk_mounted.lto_priv.16
 .text.follow_path.lto_priv.15
                0x0800603c       0x8c /tmp/ccAo9z5N.ltrans4.ltrans.o
                0x0800603c                follow_path.lto_priv.15
 .text.f_open   0x080060c8      0x15c /tmp/ccAo9z5N.ltrans4.ltrans.o
                0x080060c8                f_open
 .text.get_fileinfo.lto_priv.14
                0x08006224       0xf8 /tmp/ccAo9z5N.ltrans4.ltrans.o
                0x08006224                get_fileinfo.lto_priv.14
 .text.Get_Max_Lun
                0x0800631c       0x18 /tmp/ccAo9z5N.ltrans5.ltrans.o
 .text.MASS_Get_Interface_Setting
                0x08006334       0x10 /tmp/ccAo9z5N.ltrans5.ltrans.o
 .text.MASS_Data_Setup
                0x08006344       0x4c /tmp/ccAo9z5N.ltrans5.ltrans.o
 .text.MASS_Status_Out
                0x08006390        0x4 /tmp/ccAo9z5N.ltrans5.ltrans.o
 .text.MASS_Status_In
                0x08006394        0x4 /tmp/ccAo9z5N.ltrans5.ltrans.o
 .text.Mass_Storage_SetDeviceAddress
                0x08006398        0xc /tmp/ccAo9z5N.ltrans5.ltrans.o
 .text.IntToUnicode
                0x080063a4       0x30 /tmp/ccAo9z5N.ltrans5.ltrans.o
 .text.Get_SerialNum
                0x080063d4       0x38 /tmp/ccAo9z5N.ltrans5.ltrans.o
 .text.PowerOn  0x0800640c       0x28 /tmp/ccAo9z5N.ltrans5.ltrans.o
 .text.Leave_LowPowerMode
                0x08006434       0x20 /tmp/ccAo9z5N.ltrans5.ltrans.o
 .text.Resume_Init
                0x08006454       0x20 /tmp/ccAo9z5N.ltrans5.ltrans.o
 .text.Resume   0x08006474       0xac /tmp/ccAo9z5N.ltrans5.ltrans.o
 .text.Enter_LowPowerMode
                0x08006520        0xc /tmp/ccAo9z5N.ltrans5.ltrans.o
 .text.Suspend  0x0800652c       0x24 /tmp/ccAo9z5N.ltrans5.ltrans.o
 .text.MASS_GetStringDescriptor
                0x08006550       0x24 /tmp/ccAo9z5N.ltrans5.ltrans.o
 .text.MASS_GetConfigDescriptor
                0x08006574       0x10 /tmp/ccAo9z5N.ltrans5.ltrans.o
 .text.MASS_GetDeviceDescriptor
                0x08006584       0x10 /tmp/ccAo9z5N.ltrans5.ltrans.o
 .text.MASS_NoData_Setup
                0x08006594       0x58 /tmp/ccAo9z5N.ltrans5.ltrans.o
 .text.Mass_Storage_SetConfiguration
                0x080065ec       0x30 /tmp/ccAo9z5N.ltrans5.ltrans.o
 .text.MASS_Reset
                0x0800661c       0xe0 /tmp/ccAo9z5N.ltrans5.ltrans.o
 .text.MASS_init
                0x080066fc       0x24 /tmp/ccAo9z5N.ltrans5.ltrans.o
 .text.MAL_Read
                0x08006720       0x2c /tmp/ccAo9z5N.ltrans5.ltrans.o
 .text.MAL_Write
                0x0800674c       0x34 /tmp/ccAo9z5N.ltrans5.ltrans.o
 .text.MAL_Init
                0x08006780       0x4c /tmp/ccAo9z5N.ltrans5.ltrans.o
 .text.MAL_Config
                0x080067cc        0xc /tmp/ccAo9z5N.ltrans5.ltrans.o
 .text.Get_UBX_Ack
                0x080067d8       0xac /tmp/ccAo9z5N.ltrans5.ltrans.o
 .text.USB_Istr
                0x08006884       0xe0 /tmp/ccAo9z5N.ltrans5.ltrans.o
                0x08006884                USB_Istr
 .text.Bot_Abort
                0x08006964       0x38 /tmp/ccAo9z5N.ltrans5.ltrans.o
                0x08006964                Bot_Abort
 .text.Mass_Storage_ClearFeature
                0x0800699c       0x1c /tmp/ccAo9z5N.ltrans5.ltrans.o
 .text.Set_CSW  0x080069b8       0x38 /tmp/ccAo9z5N.ltrans5.ltrans.o
                0x080069b8                Set_CSW
 .text.Mass_Storage_In
                0x080069f0       0x60 /tmp/ccAo9z5N.ltrans5.ltrans.o
 .text.EP1_IN_Callback
                0x08006a50        0x8 /tmp/ccAo9z5N.ltrans5.ltrans.o
 .text.Transfer_Data_Request
                0x08006a58       0x34 /tmp/ccAo9z5N.ltrans5.ltrans.o
                0x08006a58                Transfer_Data_Request
 .text.SCSI_Inquiry_Cmd
                0x08006a8c       0x40 /tmp/ccAo9z5N.ltrans5.ltrans.o
 .text.Write_Memory
                0x08006acc       0xcc /tmp/ccAo9z5N.ltrans5.ltrans.o
                0x08006acc                Write_Memory
 .text.Read_Memory
                0x08006b98      0x110 /tmp/ccAo9z5N.ltrans5.ltrans.o
                0x08006b98                Read_Memory
 .text.MAL_GetStatus
                0x08006ca8       0x48 /tmp/ccAo9z5N.ltrans5.ltrans.o
                0x08006ca8                MAL_GetStatus
 .text.SCSI_ReadCapacity10_Cmd
                0x08006cf0       0x88 /tmp/ccAo9z5N.ltrans5.ltrans.o
 .text.SCSI_ReadFormatCapacity_Cmd
                0x08006d78       0x7c /tmp/ccAo9z5N.ltrans5.ltrans.o
 .text.CBW_Decode
                0x08006df4      0x268 /tmp/ccAo9z5N.ltrans5.ltrans.o
 .text.Mass_Storage_Out
                0x0800705c       0x80 /tmp/ccAo9z5N.ltrans5.ltrans.o
 .text.EP2_OUT_Callback
                0x080070dc        0x8 /tmp/ccAo9z5N.ltrans5.ltrans.o
 .text.USB_Interrupts_Config
                0x080070e4       0x3c /tmp/ccAo9z5N.ltrans5.ltrans.o
                0x080070e4                USB_Interrupts_Config
 .text.Set_USBClock
                0x08007120       0x14 /tmp/ccAo9z5N.ltrans5.ltrans.o
                0x08007120                Set_USBClock
 .text.Set_System
                0x08007134        0x8 /tmp/ccAo9z5N.ltrans5.ltrans.o
                0x08007134                Set_System
 .text.Config_Gps
                0x0800713c       0xd0 /tmp/ccAo9z5N.ltrans5.ltrans.o
                0x0800713c                Config_Gps
 .text.SetSysClockTo48
                0x0800720c       0xcc /tmp/ccAo9z5N.ltrans6.ltrans.o
 .text.SetSysClock
                0x080072d8        0x8 /tmp/ccAo9z5N.ltrans6.ltrans.o
 .text.Realign_Axes
                0x080072e0       0x18 /tmp/ccAo9z5N.ltrans6.ltrans.o
 .text.I2C1_Setup_Job
                0x080072f8       0x14 /tmp/ccAo9z5N.ltrans6.ltrans.o
 .text.NVIC_SystemReset.lto_priv.0
                0x0800730c       0x1c /tmp/ccAo9z5N.ltrans6.ltrans.o
                0x0800730c                NVIC_SystemReset.lto_priv.0
 .text.SystemInit
                0x08007328       0x44 /tmp/ccAo9z5N.ltrans6.ltrans.o
                0x08007328                SystemInit
 .text.__REVSH  0x0800736c        0x4 /tmp/ccAo9z5N.ltrans6.ltrans.o
                0x0800736c                __REVSH
 .text.__REV16  0x08007370        0x4 /tmp/ccAo9z5N.ltrans6.ltrans.o
                0x08007370                __REV16
 .text.USB_LP_CAN1_RX0_IRQHandler
                0x08007374        0x8 /tmp/ccAo9z5N.ltrans6.ltrans.o
                0x08007374                USB_LP_CAN1_RX0_IRQHandler
 .text.USB_HP_CAN1_TX_IRQHandler
                0x0800737c        0x8 /tmp/ccAo9z5N.ltrans6.ltrans.o
                0x0800737c                USB_HP_CAN1_TX_IRQHandler
 .text.ADC1_2_IRQHandler
                0x08007384       0x70 /tmp/ccAo9z5N.ltrans6.ltrans.o
                0x08007384                ADC1_2_IRQHandler
 .text.SysTick_Configuration
                0x080073f4       0x28 /tmp/ccAo9z5N.ltrans6.ltrans.o
                0x080073f4                SysTick_Configuration
 .text.ISR_Config
                0x0800741c       0x94 /tmp/ccAo9z5N.ltrans6.ltrans.o
                0x0800741c                ISR_Config
 .text.I2C_Config
                0x080074b0      0x158 /tmp/ccAo9z5N.ltrans6.ltrans.o
                0x080074b0                I2C_Config
 .text.I2C1_Request_Job
                0x08007608       0x78 /tmp/ccAo9z5N.ltrans6.ltrans.o
                0x08007608                I2C1_Request_Job
 .text.SysTick_Handler
                0x08007680      0x558 /tmp/ccAo9z5N.ltrans6.ltrans.o
                0x08007680                SysTick_Handler
 .text.I2C1_ER_IRQHandler
                0x08007bd8      0x110 /tmp/ccAo9z5N.ltrans6.ltrans.o
                0x08007bd8                I2C1_ER_IRQHandler
 .text.I2C1_EV_IRQHandler
                0x08007ce8      0x60c /tmp/ccAo9z5N.ltrans6.ltrans.o
                0x08007ce8                I2C1_EV_IRQHandler
 .text.test_cutdown
                0x080082f4       0x60 /tmp/ccAo9z5N.ltrans6.ltrans.o
                0x080082f4                test_cutdown
 .text.struct_to_counter
                0x08008354       0xac /tmp/ccAo9z5N.ltrans7.ltrans.o
 .text.counter_to_struct
                0x08008400       0xdc /tmp/ccAo9z5N.ltrans7.ltrans.o
 .text.isDST    0x080084dc       0x38 /tmp/ccAo9z5N.ltrans7.ltrans.o
 .text.adjustDST
                0x08008514       0x64 /tmp/ccAo9z5N.ltrans7.ltrans.o
 .text.stm32_dma_transfer
                0x08008578       0xdc /tmp/ccAo9z5N.ltrans7.ltrans.o
 .text.stm32_spi_rw
                0x08008654       0x24 /tmp/ccAo9z5N.ltrans7.ltrans.o
 .text.my_RTC_SetCounter
                0x08008678       0x20 /tmp/ccAo9z5N.ltrans7.ltrans.o
 .text.power_on.lto_priv.5
                0x08008698      0x104 /tmp/ccAo9z5N.ltrans7.ltrans.o
                0x08008698                power_on.lto_priv.5
 .text.wrapup_transaction
                0x0800879c       0x2c /tmp/ccAo9z5N.ltrans7.ltrans.o
                0x0800879c                wrapup_transaction
 .text.rcvr_spi.lto_priv.1
                0x080087c8        0xc /tmp/ccAo9z5N.ltrans7.ltrans.o
                0x080087c8                rcvr_spi.lto_priv.1
 .text.rcvr_datablock
                0x080087d4       0x5c /tmp/ccAo9z5N.ltrans7.ltrans.o
                0x080087d4                rcvr_datablock
 .text.release_spi
                0x08008830       0x18 /tmp/ccAo9z5N.ltrans7.ltrans.o
                0x08008830                release_spi
 .text.wait_ready.lto_priv.3
                0x08008848       0x24 /tmp/ccAo9z5N.ltrans7.ltrans.o
                0x08008848                wait_ready.lto_priv.3
 .text.send_cmd.lto_priv.2
                0x0800886c       0xd4 /tmp/ccAo9z5N.ltrans7.ltrans.o
                0x0800886c                send_cmd.lto_priv.2
 .text.stop_cmd
                0x08008940        0xc /tmp/ccAo9z5N.ltrans7.ltrans.o
                0x08008940                stop_cmd
 .text.xmit_datablock.lto_priv.7
                0x0800894c       0x4c /tmp/ccAo9z5N.ltrans7.ltrans.o
                0x0800894c                xmit_datablock.lto_priv.7
 .text.power_off_.lto_priv.6
                0x08008998       0x6c /tmp/ccAo9z5N.ltrans7.ltrans.o
                0x08008998                power_off_.lto_priv.6
 .text.chk_power.lto_priv.4
                0x08008a04        0x4 /tmp/ccAo9z5N.ltrans7.ltrans.o
                0x08008a04                chk_power.lto_priv.4
 .text.interface_speed.lto_priv.8
                0x08008a08       0x2c /tmp/ccAo9z5N.ltrans7.ltrans.o
                0x08008a08                interface_speed.lto_priv.8
 .text.rtc_init
                0x08008a34       0xa4 /tmp/ccAo9z5N.ltrans7.ltrans.o
                0x08008a34                rtc_init
 .text.rtc_settime
                0x08008ad8       0x28 /tmp/ccAo9z5N.ltrans7.ltrans.o
                0x08008ad8                rtc_settime
 .text.rtc_gettime
                0x08008b00       0x24 /tmp/ccAo9z5N.ltrans7.ltrans.o
                0x08008b00                rtc_gettime
 .text.f_truncate
                0x08008b24       0x98 /tmp/ccAo9z5N.ltrans7.ltrans.o
                0x08008b24                f_truncate
 .text.f_stat   0x08008bbc       0x44 /tmp/ccAo9z5N.ltrans7.ltrans.o
                0x08008bbc                f_stat
 .text.f_lseek  0x08008c00      0x18c /tmp/ccAo9z5N.ltrans7.ltrans.o
                0x08008c00                f_lseek
 .text.f_sync   0x08008d8c       0xac /tmp/ccAo9z5N.ltrans7.ltrans.o
                0x08008d8c                f_sync
 .text.f_close  0x08008e38       0x14 /tmp/ccAo9z5N.ltrans7.ltrans.o
                0x08008e38                f_close
 .text.f_write  0x08008e4c      0x1dc /tmp/ccAo9z5N.ltrans7.ltrans.o
                0x08008e4c                f_write
 .text.f_putc   0x08009028       0x2c /tmp/ccAo9z5N.ltrans7.ltrans.o
 .text.f_puts   0x08009054       0x24 /tmp/ccAo9z5N.ltrans7.ltrans.o
                0x08009054                f_puts
 .text.Default_Usart_Config
                0x08009078       0x10 /tmp/ccAo9z5N.ltrans8.ltrans.o
 .text.__gps_send_char
                0x08009088       0x1c /tmp/ccAo9z5N.ltrans8.ltrans.o
 .text.__usart_send_char
                0x080090a4       0x1c /tmp/ccAo9z5N.ltrans8.ltrans.o
                0x080090a4                __usart_send_char
 .text.Timer_RCC_Configuration
                0x080090c0       0x10 /tmp/ccAo9z5N.ltrans8.ltrans.o
 .text.__fat_print_char
                0x080090d0       0x24 /tmp/ccAo9z5N.ltrans8.ltrans.o
                0x080090d0                __fat_print_char
 .text.__str_print_char
                0x080090f4       0x40 /tmp/ccAo9z5N.ltrans8.ltrans.o
                0x080090f4                __str_print_char
 .text.Watchdog_Config
                0x08009134       0x30 /tmp/ccAo9z5N.ltrans8.ltrans.o
                0x08009134                Watchdog_Config
 .text.USART1_IRQHandler
                0x08009164       0x30 /tmp/ccAo9z5N.ltrans8.ltrans.o
                0x08009164                USART1_IRQHandler
 .text.Gps_Send_Str
                0x08009194       0x18 /tmp/ccAo9z5N.ltrans8.ltrans.o
                0x08009194                Gps_Send_Str
 .text.Gps_Send_Utf8
                0x080091ac       0x1c /tmp/ccAo9z5N.ltrans8.ltrans.o
                0x080091ac                Gps_Send_Utf8
 .text.Usart_Send_Str
                0x080091c8       0x18 /tmp/ccAo9z5N.ltrans8.ltrans.o
                0x080091c8                Usart_Send_Str
 .text.USART2_reconf
                0x080091e0       0x44 /tmp/ccAo9z5N.ltrans8.ltrans.o
                0x080091e0                USART2_reconf
 .text.Usarts_Init
                0x08009224       0xe0 /tmp/ccAo9z5N.ltrans8.ltrans.o
                0x08009224                Usarts_Init
 .text.shutdown_filesystem
                0x08009304       0xd4 /tmp/ccAo9z5N.ltrans8.ltrans.o
                0x08009304                shutdown_filesystem
 .text.disable_pin
                0x080093d8        0xc /tmp/ccAo9z5N.ltrans8.ltrans.o
                0x080093d8                disable_pin
 .text.shutdown
                0x080093e4       0x10 /tmp/ccAo9z5N.ltrans8.ltrans.o
                0x080093e4                shutdown
 .text.setuppwr
                0x080093f4       0x14 /tmp/ccAo9z5N.ltrans8.ltrans.o
                0x080093f4                setuppwr
 .text.PWM_Set  0x08009408       0x3c /tmp/ccAo9z5N.ltrans8.ltrans.o
                0x08009408                PWM_Set
 .text.Timer_GPIO_Disable
                0x08009444       0x2c /tmp/ccAo9z5N.ltrans8.ltrans.o
                0x08009444                Timer_GPIO_Disable
 .text.Timer_GPIO_Enable
                0x08009470       0x2c /tmp/ccAo9z5N.ltrans8.ltrans.o
                0x08009470                Timer_GPIO_Enable
 .text.Init_Timer
                0x0800949c       0x80 /tmp/ccAo9z5N.ltrans8.ltrans.o
                0x0800949c                Init_Timer
 .text.file_preallocation_control
                0x0800951c       0x34 /tmp/ccAo9z5N.ltrans8.ltrans.o
                0x0800951c                file_preallocation_control
 .text.detect_sensors
                0x08009550       0x74 /tmp/ccAo9z5N.ltrans8.ltrans.o
                0x08009550                detect_sensors
 .text.malloc   0x080095c4       0x10 /home/laurence/ARM-GCC/gcc-arm-none-eabi-4_9-2014q4/bin/../lib/gcc/arm-none-eabi/4.9.3/../../../../arm-none-eabi/lib/armv7-m/libg.a(lib_a-malloc.o)
                0x080095c4                malloc
 .text._malloc_r
                0x080095d4      0x504 /home/laurence/ARM-GCC/gcc-arm-none-eabi-4_9-2014q4/bin/../lib/gcc/arm-none-eabi/4.9.3/../../../../arm-none-eabi/lib/armv7-m/libg.a(lib_a-mallocr.o)
                0x080095d4                _malloc_r
 .text.memcmp   0x08009ad8       0x64 /home/laurence/ARM-GCC/gcc-arm-none-eabi-4_9-2014q4/bin/../lib/gcc/arm-none-eabi/4.9.3/../../../../arm-none-eabi/lib/armv7-m/libg.a(lib_a-memcmp.o)
                0x08009ad8                memcmp
 .text.__malloc_lock
                0x08009b3c        0x4 /home/laurence/ARM-GCC/gcc-arm-none-eabi-4_9-2014q4/bin/../lib/gcc/arm-none-eabi/4.9.3/../../../../arm-none-eabi/lib/armv7-m/libg.a(lib_a-mlock.o)
                0x08009b3c                __malloc_lock
 .text.__malloc_unlock
                0x08009b40        0x4 /home/laurence/ARM-GCC/gcc-arm-none-eabi-4_9-2014q4/bin/../lib/gcc/arm-none-eabi/4.9.3/../../../../arm-none-eabi/lib/armv7-m/libg.a(lib_a-mlock.o)
                0x08009b40                __malloc_unlock
 .text._sbrk_r  0x08009b44       0x24 /home/laurence/ARM-GCC/gcc-arm-none-eabi-4_9-2014q4/bin/../lib/gcc/arm-none-eabi/4.9.3/../../../../arm-none-eabi/lib/armv7-m/libg.a(lib_a-sbrkr.o)
                0x08009b44                _sbrk_r
 .text.strchr   0x08009b68       0xcc /home/laurence/ARM-GCC/gcc-arm-none-eabi-4_9-2014q4/bin/../lib/gcc/arm-none-eabi/4.9.3/../../../../arm-none-eabi/lib/armv7-m/libg.a(lib_a-strchr.o)
                0x08009b68                strchr
 .text.strlen   0x08009c34       0x5c /home/laurence/ARM-GCC/gcc-arm-none-eabi-4_9-2014q4/bin/../lib/gcc/arm-none-eabi/4.9.3/../../../../arm-none-eabi/lib/armv7-m/libg.a(lib_a-strlen.o)
                0x08009c34                strlen
 .text.strncmp  0x08009c90       0x94 /home/laurence/ARM-GCC/gcc-arm-none-eabi-4_9-2014q4/bin/../lib/gcc/arm-none-eabi/4.9.3/../../../../arm-none-eabi/lib/armv7-m/libg.a(lib_a-strncmp.o)
                0x08009c90                strncmp
 .text.strncpy  0x08009d24       0x68 /home/laurence/ARM-GCC/gcc-arm-none-eabi-4_9-2014q4/bin/../lib/gcc/arm-none-eabi/4.9.3/../../../../arm-none-eabi/lib/armv7-m/libg.a(lib_a-strncpy.o)
                0x08009d24                strncpy
 .text._malloc_trim_r
                0x08009d8c       0x9c /home/laurence/ARM-GCC/gcc-arm-none-eabi-4_9-2014q4/bin/../lib/gcc/arm-none-eabi/4.9.3/../../../../arm-none-eabi/lib/armv7-m/libg.a(lib_a-freer.o)
                0x08009d8c                _malloc_trim_r
 .text._free_r  0x08009e28      0x1b0 /home/laurence/ARM-GCC/gcc-arm-none-eabi-4_9-2014q4/bin/../lib/gcc/arm-none-eabi/4.9.3/../../../../arm-none-eabi/lib/armv7-m/libg.a(lib_a-freer.o)
                0x08009e28                _free_r
 .text.Reset_Handler
                0x08009fd8       0x40 lib/CMSIS_CM3/startup/gcc/startup_stm32f10x_md.o
                0x08009fd8                Reset_Handler
 .text.Default_Handler
                0x0800a018        0x2 lib/CMSIS_CM3/startup/gcc/startup_stm32f10x_md.o
                0x0800a018                EXTI2_IRQHandler
                0x0800a018                DebugMon_Handler
                0x0800a018                TIM1_CC_IRQHandler
                0x0800a018                HardFault_Handler
                0x0800a018                PVD_IRQHandler
                0x0800a018                PendSV_Handler
                0x0800a018                NMI_Handler
                0x0800a018                EXTI3_IRQHandler
                0x0800a018                I2C2_EV_IRQHandler
                0x0800a018                UsageFault_Handler
                0x0800a018                SPI1_IRQHandler
                0x0800a018                TAMPER_IRQHandler
                0x0800a018                DMA1_Channel4_IRQHandler
                0x0800a018                RTC_IRQHandler
                0x0800a018                DMA1_Channel7_IRQHandler
                0x0800a018                CAN1_RX1_IRQHandler
                0x0800a018                TIM4_IRQHandler
                0x0800a018                DMA1_Channel6_IRQHandler
                0x0800a018                TIM3_IRQHandler
                0x0800a018                RCC_IRQHandler
                0x0800a018                TIM1_TRG_COM_IRQHandler
                0x0800a018                DMA1_Channel1_IRQHandler
                0x0800a018                Default_Handler
                0x0800a018                EXTI9_5_IRQHandler
                0x0800a018                SPI2_IRQHandler
                0x0800a018                MemManage_Handler
                0x0800a018                SVC_Handler
                0x0800a018                DMA1_Channel5_IRQHandler
                0x0800a018                EXTI4_IRQHandler
                0x0800a018                DMA1_Channel3_IRQHandler
                0x0800a018                TIM1_UP_IRQHandler
                0x0800a018                WWDG_IRQHandler
                0x0800a018                TIM2_IRQHandler
                0x0800a018                TIM1_BRK_IRQHandler
                0x0800a018                EXTI1_IRQHandler
                0x0800a018                RTCAlarm_IRQHandler
                0x0800a018                USART2_IRQHandler
                0x0800a018                I2C2_ER_IRQHandler
                0x0800a018                CAN1_SCE_IRQHandler
                0x0800a018                FLASH_IRQHandler
                0x0800a018                BusFault_Handler
                0x0800a018                USBWakeUp_IRQHandler
 *fill*         0x0800a01a        0x2 
 .text.NVIC_PriorityGroupConfig
                0x0800a01c       0x14 lib/STM32F10x_StdPeriph_Driver/libstm32fw.a(misc.o)
                0x0800a01c                NVIC_PriorityGroupConfig
 .text.NVIC_Init
                0x0800a030       0x6c lib/STM32F10x_StdPeriph_Driver/libstm32fw.a(misc.o)
                0x0800a030                NVIC_Init
 .text.NVIC_SetVectorTable
                0x0800a09c       0x14 lib/STM32F10x_StdPeriph_Driver/libstm32fw.a(misc.o)
                0x0800a09c                NVIC_SetVectorTable
 .text.SysTick_CLKSourceConfig
                0x0800a0b0       0x18 lib/STM32F10x_StdPeriph_Driver/libstm32fw.a(misc.o)
                0x0800a0b0                SysTick_CLKSourceConfig
 .text.ADC_DeInit
                0x0800a0c8       0x5c lib/STM32F10x_StdPeriph_Driver/libstm32fw.a(stm32f10x_adc.o)
                0x0800a0c8                ADC_DeInit
 .text.ADC_Init
                0x0800a124       0x48 lib/STM32F10x_StdPeriph_Driver/libstm32fw.a(stm32f10x_adc.o)
                0x0800a124                ADC_Init
 .text.ADC_Cmd  0x0800a16c       0x12 lib/STM32F10x_StdPeriph_Driver/libstm32fw.a(stm32f10x_adc.o)
                0x0800a16c                ADC_Cmd
 .text.ADC_ResetCalibration
                0x0800a17e        0xa lib/STM32F10x_StdPeriph_Driver/libstm32fw.a(stm32f10x_adc.o)
                0x0800a17e                ADC_ResetCalibration
 .text.ADC_GetResetCalibrationStatus
                0x0800a188        0x8 lib/STM32F10x_StdPeriph_Driver/libstm32fw.a(stm32f10x_adc.o)
                0x0800a188                ADC_GetResetCalibrationStatus
 .text.ADC_StartCalibration
                0x0800a190        0xa lib/STM32F10x_StdPeriph_Driver/libstm32fw.a(stm32f10x_adc.o)
                0x0800a190                ADC_StartCalibration
 .text.ADC_GetCalibrationStatus
                0x0800a19a        0x8 lib/STM32F10x_StdPeriph_Driver/libstm32fw.a(stm32f10x_adc.o)
                0x0800a19a                ADC_GetCalibrationStatus
 .text.ADC_SoftwareStartConvCmd
                0x0800a1a2       0x12 lib/STM32F10x_StdPeriph_Driver/libstm32fw.a(stm32f10x_adc.o)
                0x0800a1a2                ADC_SoftwareStartConvCmd
 .text.ADC_RegularChannelConfig
                0x0800a1b4       0x84 lib/STM32F10x_StdPeriph_Driver/libstm32fw.a(stm32f10x_adc.o)
                0x0800a1b4                ADC_RegularChannelConfig
 .text.ADC_GetConversionValue
                0x0800a238        0x6 lib/STM32F10x_StdPeriph_Driver/libstm32fw.a(stm32f10x_adc.o)
                0x0800a238                ADC_GetConversionValue
 .text.ADC_ExternalTrigInjectedConvConfig
                0x0800a23e        0xc lib/STM32F10x_StdPeriph_Driver/libstm32fw.a(stm32f10x_adc.o)
                0x0800a23e                ADC_ExternalTrigInjectedConvConfig
 .text.ADC_SoftwareStartInjectedConvCmd
                0x0800a24a       0x12 lib/STM32F10x_StdPeriph_Driver/libstm32fw.a(stm32f10x_adc.o)
                0x0800a24a                ADC_SoftwareStartInjectedConvCmd
 .text.ADC_InjectedChannelConfig
                0x0800a25c       0x54 lib/STM32F10x_StdPeriph_Driver/libstm32fw.a(stm32f10x_adc.o)
                0x0800a25c                ADC_InjectedChannelConfig
 .text.ADC_InjectedSequencerLengthConfig
                0x0800a2b0       0x10 lib/STM32F10x_StdPeriph_Driver/libstm32fw.a(stm32f10x_adc.o)
                0x0800a2b0                ADC_InjectedSequencerLengthConfig
 .text.ADC_GetInjectedConversionValue
                0x0800a2c0       0x1a lib/STM32F10x_StdPeriph_Driver/libstm32fw.a(stm32f10x_adc.o)
                0x0800a2c0                ADC_GetInjectedConversionValue
 .text.ADC_GetFlagStatus
                0x0800a2da        0xc lib/STM32F10x_StdPeriph_Driver/libstm32fw.a(stm32f10x_adc.o)
                0x0800a2da                ADC_GetFlagStatus
 .text.ADC_ClearFlag
                0x0800a2e6        0x6 lib/STM32F10x_StdPeriph_Driver/libstm32fw.a(stm32f10x_adc.o)
                0x0800a2e6                ADC_ClearFlag
 .text.ADC_GetITStatus
                0x0800a2ec       0x16 lib/STM32F10x_StdPeriph_Driver/libstm32fw.a(stm32f10x_adc.o)
                0x0800a2ec                ADC_GetITStatus
 .text.ADC_ClearITPendingBit
                0x0800a302        0x8 lib/STM32F10x_StdPeriph_Driver/libstm32fw.a(stm32f10x_adc.o)
                0x0800a302                ADC_ClearITPendingBit
 .text.BKP_DeInit
                0x0800a30a       0x12 lib/STM32F10x_StdPeriph_Driver/libstm32fw.a(stm32f10x_bkp.o)
                0x0800a30a                BKP_DeInit
 .text.BKP_RTCOutputConfig
                0x0800a31c       0x18 lib/STM32F10x_StdPeriph_Driver/libstm32fw.a(stm32f10x_bkp.o)
                0x0800a31c                BKP_RTCOutputConfig
 .text.BKP_SetRTCCalibrationValue
                0x0800a334       0x18 lib/STM32F10x_StdPeriph_Driver/libstm32fw.a(stm32f10x_bkp.o)
                0x0800a334                BKP_SetRTCCalibrationValue
 .text.BKP_WriteBackupRegister
                0x0800a34c       0x1c lib/STM32F10x_StdPeriph_Driver/libstm32fw.a(stm32f10x_bkp.o)
                0x0800a34c                BKP_WriteBackupRegister
 .text.BKP_ReadBackupRegister
                0x0800a368       0x20 lib/STM32F10x_StdPeriph_Driver/libstm32fw.a(stm32f10x_bkp.o)
                0x0800a368                BKP_ReadBackupRegister
 .text.DBGMCU_Config
                0x0800a388       0x18 lib/STM32F10x_StdPeriph_Driver/libstm32fw.a(stm32f10x_dbgmcu.o)
                0x0800a388                DBGMCU_Config
 .text.DMA_DeInit
                0x0800a3a0       0xf0 lib/STM32F10x_StdPeriph_Driver/libstm32fw.a(stm32f10x_dma.o)
                0x0800a3a0                DMA_DeInit
 .text.DMA_Init
                0x0800a490       0x3c lib/STM32F10x_StdPeriph_Driver/libstm32fw.a(stm32f10x_dma.o)
                0x0800a490                DMA_Init
 .text.DMA_Cmd  0x0800a4cc       0x12 lib/STM32F10x_StdPeriph_Driver/libstm32fw.a(stm32f10x_dma.o)
                0x0800a4cc                DMA_Cmd
 .text.DMA_ITConfig
                0x0800a4de       0x10 lib/STM32F10x_StdPeriph_Driver/libstm32fw.a(stm32f10x_dma.o)
                0x0800a4de                DMA_ITConfig
 .text.DMA_GetCurrDataCounter
                0x0800a4ee        0x6 lib/STM32F10x_StdPeriph_Driver/libstm32fw.a(stm32f10x_dma.o)
                0x0800a4ee                DMA_GetCurrDataCounter
 .text.DMA_GetFlagStatus
                0x0800a4f4       0x1c lib/STM32F10x_StdPeriph_Driver/libstm32fw.a(stm32f10x_dma.o)
                0x0800a4f4                DMA_GetFlagStatus
 .text.DMA_ClearFlag
                0x0800a510       0x14 lib/STM32F10x_StdPeriph_Driver/libstm32fw.a(stm32f10x_dma.o)
                0x0800a510                DMA_ClearFlag
 .text.DMA_GetITStatus
                0x0800a524       0x1c lib/STM32F10x_StdPeriph_Driver/libstm32fw.a(stm32f10x_dma.o)
                0x0800a524                DMA_GetITStatus
 .text.DMA_ClearITPendingBit
                0x0800a540       0x14 lib/STM32F10x_StdPeriph_Driver/libstm32fw.a(stm32f10x_dma.o)
                0x0800a540                DMA_ClearITPendingBit
 .text.EXTI_DeInit
                0x0800a554       0x1c lib/STM32F10x_StdPeriph_Driver/libstm32fw.a(stm32f10x_exti.o)
                0x0800a554                EXTI_DeInit
 .text.EXTI_Init
                0x0800a570       0x88 lib/STM32F10x_StdPeriph_Driver/libstm32fw.a(stm32f10x_exti.o)
                0x0800a570                EXTI_Init
 .text.EXTI_GetITStatus
                0x0800a5f8       0x1c lib/STM32F10x_StdPeriph_Driver/libstm32fw.a(stm32f10x_exti.o)
                0x0800a5f8                EXTI_GetITStatus
 .text.EXTI_ClearITPendingBit
                0x0800a614        0xc lib/STM32F10x_StdPeriph_Driver/libstm32fw.a(stm32f10x_exti.o)
                0x0800a614                EXTI_ClearITPendingBit
 .text.GPIO_Init
                0x0800a620       0x90 lib/STM32F10x_StdPeriph_Driver/libstm32fw.a(stm32f10x_gpio.o)
                0x0800a620                GPIO_Init
 .text.GPIO_StructInit
                0x0800a6b0       0x10 lib/STM32F10x_StdPeriph_Driver/libstm32fw.a(stm32f10x_gpio.o)
                0x0800a6b0                GPIO_StructInit
 .text.GPIO_ReadInputDataBit
                0x0800a6c0        0xc lib/STM32F10x_StdPeriph_Driver/libstm32fw.a(stm32f10x_gpio.o)
                0x0800a6c0                GPIO_ReadInputDataBit
 .text.GPIO_SetBits
                0x0800a6cc        0x4 lib/STM32F10x_StdPeriph_Driver/libstm32fw.a(stm32f10x_gpio.o)
                0x0800a6cc                GPIO_SetBits
 .text.GPIO_ResetBits
                0x0800a6d0        0x4 lib/STM32F10x_StdPeriph_Driver/libstm32fw.a(stm32f10x_gpio.o)
                0x0800a6d0                GPIO_ResetBits
 .text.GPIO_WriteBit
                0x0800a6d4        0xa lib/STM32F10x_StdPeriph_Driver/libstm32fw.a(stm32f10x_gpio.o)
                0x0800a6d4                GPIO_WriteBit
 *fill*         0x0800a6de        0x2 
 .text.GPIO_PinRemapConfig
                0x0800a6e0       0x54 lib/STM32F10x_StdPeriph_Driver/libstm32fw.a(stm32f10x_gpio.o)
                0x0800a6e0                GPIO_PinRemapConfig
 .text.GPIO_EXTILineConfig
                0x0800a734       0x2a lib/STM32F10x_StdPeriph_Driver/libstm32fw.a(stm32f10x_gpio.o)
                0x0800a734                GPIO_EXTILineConfig
 *fill*         0x0800a75e        0x2 
 .text.I2C_DeInit
                0x0800a760       0x34 lib/STM32F10x_StdPeriph_Driver/libstm32fw.a(stm32f10x_i2c.o)
                0x0800a760                I2C_DeInit
 .text.I2C_Init
                0x0800a794       0xd4 lib/STM32F10x_StdPeriph_Driver/libstm32fw.a(stm32f10x_i2c.o)
                0x0800a794                I2C_Init
 .text.I2C_Cmd  0x0800a868       0x18 lib/STM32F10x_StdPeriph_Driver/libstm32fw.a(stm32f10x_i2c.o)
                0x0800a868                I2C_Cmd
 .text.I2C_GenerateSTART
                0x0800a880       0x18 lib/STM32F10x_StdPeriph_Driver/libstm32fw.a(stm32f10x_i2c.o)
                0x0800a880                I2C_GenerateSTART
 .text.I2C_GenerateSTOP
                0x0800a898       0x18 lib/STM32F10x_StdPeriph_Driver/libstm32fw.a(stm32f10x_i2c.o)
                0x0800a898                I2C_GenerateSTOP
 .text.I2C_AcknowledgeConfig
                0x0800a8b0       0x18 lib/STM32F10x_StdPeriph_Driver/libstm32fw.a(stm32f10x_i2c.o)
                0x0800a8b0                I2C_AcknowledgeConfig
 .text.I2C_ITConfig
                0x0800a8c8       0x12 lib/STM32F10x_StdPeriph_Driver/libstm32fw.a(stm32f10x_i2c.o)
                0x0800a8c8                I2C_ITConfig
 .text.I2C_SendData
                0x0800a8da        0x4 lib/STM32F10x_StdPeriph_Driver/libstm32fw.a(stm32f10x_i2c.o)
                0x0800a8da                I2C_SendData
 .text.I2C_ReceiveData
                0x0800a8de        0x6 lib/STM32F10x_StdPeriph_Driver/libstm32fw.a(stm32f10x_i2c.o)
                0x0800a8de                I2C_ReceiveData
 .text.I2C_Send7bitAddress
                0x0800a8e4       0x12 lib/STM32F10x_StdPeriph_Driver/libstm32fw.a(stm32f10x_i2c.o)
                0x0800a8e4                I2C_Send7bitAddress
 .text.I2C_SoftwareResetCmd
                0x0800a8f6       0x18 lib/STM32F10x_StdPeriph_Driver/libstm32fw.a(stm32f10x_i2c.o)
                0x0800a8f6                I2C_SoftwareResetCmd
 *fill*         0x0800a90e        0x2 
 .text.IWDG_WriteAccessCmd
                0x0800a910        0xc lib/STM32F10x_StdPeriph_Driver/libstm32fw.a(stm32f10x_iwdg.o)
                0x0800a910                IWDG_WriteAccessCmd
 .text.IWDG_SetPrescaler
                0x0800a91c        0xc lib/STM32F10x_StdPeriph_Driver/libstm32fw.a(stm32f10x_iwdg.o)
                0x0800a91c                IWDG_SetPrescaler
 .text.IWDG_SetReload
                0x0800a928        0xc lib/STM32F10x_StdPeriph_Driver/libstm32fw.a(stm32f10x_iwdg.o)
                0x0800a928                IWDG_SetReload
 .text.IWDG_ReloadCounter
                0x0800a934       0x10 lib/STM32F10x_StdPeriph_Driver/libstm32fw.a(stm32f10x_iwdg.o)
                0x0800a934                IWDG_ReloadCounter
 .text.IWDG_Enable
                0x0800a944       0x10 lib/STM32F10x_StdPeriph_Driver/libstm32fw.a(stm32f10x_iwdg.o)
                0x0800a944                IWDG_Enable
 .text.PWR_DeInit
                0x0800a954       0x1a lib/STM32F10x_StdPeriph_Driver/libstm32fw.a(stm32f10x_pwr.o)
                0x0800a954                PWR_DeInit
 *fill*         0x0800a96e        0x2 
 .text.PWR_BackupAccessCmd
                0x0800a970        0xc lib/STM32F10x_StdPeriph_Driver/libstm32fw.a(stm32f10x_pwr.o)
                0x0800a970                PWR_BackupAccessCmd
 .text.PWR_WakeUpPinCmd
                0x0800a97c        0xc lib/STM32F10x_StdPeriph_Driver/libstm32fw.a(stm32f10x_pwr.o)
                0x0800a97c                PWR_WakeUpPinCmd
 .text.PWR_EnterSTANDBYMode
                0x0800a988       0x28 lib/STM32F10x_StdPeriph_Driver/libstm32fw.a(stm32f10x_pwr.o)
                0x0800a988                PWR_EnterSTANDBYMode
 .text.RCC_HCLKConfig
                0x0800a9b0       0x14 lib/STM32F10x_StdPeriph_Driver/libstm32fw.a(stm32f10x_rcc.o)
                0x0800a9b0                RCC_HCLKConfig
 .text.RCC_USBCLKConfig
                0x0800a9c4        0xc lib/STM32F10x_StdPeriph_Driver/libstm32fw.a(stm32f10x_rcc.o)
                0x0800a9c4                RCC_USBCLKConfig
 .text.RCC_ADCCLKConfig
                0x0800a9d0       0x14 lib/STM32F10x_StdPeriph_Driver/libstm32fw.a(stm32f10x_rcc.o)
                0x0800a9d0                RCC_ADCCLKConfig
 .text.RCC_LSEConfig
                0x0800a9e4       0x20 lib/STM32F10x_StdPeriph_Driver/libstm32fw.a(stm32f10x_rcc.o)
                0x0800a9e4                RCC_LSEConfig
 .text.RCC_RTCCLKConfig
                0x0800aa04       0x10 lib/STM32F10x_StdPeriph_Driver/libstm32fw.a(stm32f10x_rcc.o)
                0x0800aa04                RCC_RTCCLKConfig
 .text.RCC_RTCCLKCmd
                0x0800aa14        0xc lib/STM32F10x_StdPeriph_Driver/libstm32fw.a(stm32f10x_rcc.o)
                0x0800aa14                RCC_RTCCLKCmd
 .text.RCC_GetClocksFreq
                0x0800aa20       0x94 lib/STM32F10x_StdPeriph_Driver/libstm32fw.a(stm32f10x_rcc.o)
                0x0800aa20                RCC_GetClocksFreq
 .text.RCC_AHBPeriphClockCmd
                0x0800aab4       0x18 lib/STM32F10x_StdPeriph_Driver/libstm32fw.a(stm32f10x_rcc.o)
                0x0800aab4                RCC_AHBPeriphClockCmd
 .text.RCC_APB2PeriphClockCmd
                0x0800aacc       0x18 lib/STM32F10x_StdPeriph_Driver/libstm32fw.a(stm32f10x_rcc.o)
                0x0800aacc                RCC_APB2PeriphClockCmd
 .text.RCC_APB1PeriphClockCmd
                0x0800aae4       0x18 lib/STM32F10x_StdPeriph_Driver/libstm32fw.a(stm32f10x_rcc.o)
                0x0800aae4                RCC_APB1PeriphClockCmd
 .text.RCC_APB2PeriphResetCmd
                0x0800aafc       0x18 lib/STM32F10x_StdPeriph_Driver/libstm32fw.a(stm32f10x_rcc.o)
                0x0800aafc                RCC_APB2PeriphResetCmd
 .text.RCC_APB1PeriphResetCmd
                0x0800ab14       0x18 lib/STM32F10x_StdPeriph_Driver/libstm32fw.a(stm32f10x_rcc.o)
                0x0800ab14                RCC_APB1PeriphResetCmd
 .text.RCC_BackupResetCmd
                0x0800ab2c        0xc lib/STM32F10x_StdPeriph_Driver/libstm32fw.a(stm32f10x_rcc.o)
                0x0800ab2c                RCC_BackupResetCmd
 .text.RCC_GetFlagStatus
                0x0800ab38       0x28 lib/STM32F10x_StdPeriph_Driver/libstm32fw.a(stm32f10x_rcc.o)
                0x0800ab38                RCC_GetFlagStatus
 .text.RTC_EnterConfigMode
                0x0800ab60       0x14 lib/STM32F10x_StdPeriph_Driver/libstm32fw.a(stm32f10x_rtc.o)
                0x0800ab60                RTC_EnterConfigMode
 .text.RTC_ExitConfigMode
                0x0800ab74       0x14 lib/STM32F10x_StdPeriph_Driver/libstm32fw.a(stm32f10x_rtc.o)
                0x0800ab74                RTC_ExitConfigMode
 .text.RTC_GetCounter
                0x0800ab88       0x14 lib/STM32F10x_StdPeriph_Driver/libstm32fw.a(stm32f10x_rtc.o)
                0x0800ab88                RTC_GetCounter
 .text.RTC_SetCounter
                0x0800ab9c       0x20 lib/STM32F10x_StdPeriph_Driver/libstm32fw.a(stm32f10x_rtc.o)
                0x0800ab9c                RTC_SetCounter
 .text.RTC_SetPrescaler
                0x0800abbc       0x20 lib/STM32F10x_StdPeriph_Driver/libstm32fw.a(stm32f10x_rtc.o)
                0x0800abbc                RTC_SetPrescaler
 .text.RTC_WaitForLastTask
                0x0800abdc       0x10 lib/STM32F10x_StdPeriph_Driver/libstm32fw.a(stm32f10x_rtc.o)
                0x0800abdc                RTC_WaitForLastTask
 .text.RTC_WaitForSynchro
                0x0800abec       0x1c lib/STM32F10x_StdPeriph_Driver/libstm32fw.a(stm32f10x_rtc.o)
                0x0800abec                RTC_WaitForSynchro
 .text.SPI_I2S_DeInit
                0x0800ac08       0x64 lib/STM32F10x_StdPeriph_Driver/libstm32fw.a(stm32f10x_spi.o)
                0x0800ac08                SPI_I2S_DeInit
 .text.SPI_Init
                0x0800ac6c       0x3e lib/STM32F10x_StdPeriph_Driver/libstm32fw.a(stm32f10x_spi.o)
                0x0800ac6c                SPI_Init
 .text.SPI_StructInit
                0x0800acaa       0x18 lib/STM32F10x_StdPeriph_Driver/libstm32fw.a(stm32f10x_spi.o)
                0x0800acaa                SPI_StructInit
 .text.SPI_Cmd  0x0800acc2       0x18 lib/STM32F10x_StdPeriph_Driver/libstm32fw.a(stm32f10x_spi.o)
                0x0800acc2                SPI_Cmd
 .text.SPI_I2S_DMACmd
                0x0800acda       0x12 lib/STM32F10x_StdPeriph_Driver/libstm32fw.a(stm32f10x_spi.o)
                0x0800acda                SPI_I2S_DMACmd
 .text.SPI_I2S_SendData
                0x0800acec        0x4 lib/STM32F10x_StdPeriph_Driver/libstm32fw.a(stm32f10x_spi.o)
                0x0800acec                SPI_I2S_SendData
 .text.SPI_I2S_ReceiveData
                0x0800acf0        0x6 lib/STM32F10x_StdPeriph_Driver/libstm32fw.a(stm32f10x_spi.o)
                0x0800acf0                SPI_I2S_ReceiveData
 .text.SPI_CalculateCRC
                0x0800acf6       0x18 lib/STM32F10x_StdPeriph_Driver/libstm32fw.a(stm32f10x_spi.o)
                0x0800acf6                SPI_CalculateCRC
 .text.SPI_I2S_GetFlagStatus
                0x0800ad0e        0xc lib/STM32F10x_StdPeriph_Driver/libstm32fw.a(stm32f10x_spi.o)
                0x0800ad0e                SPI_I2S_GetFlagStatus
 *fill*         0x0800ad1a        0x2 
 .text.TIM_DeInit
                0x0800ad1c       0xc8 lib/STM32F10x_StdPeriph_Driver/libstm32fw.a(stm32f10x_tim.o)
                0x0800ad1c                TIM_DeInit
 .text.TIM_TimeBaseInit
                0x0800ade4       0x3c lib/STM32F10x_StdPeriph_Driver/libstm32fw.a(stm32f10x_tim.o)
                0x0800ade4                TIM_TimeBaseInit
 .text.TIM_OC1Init
                0x0800ae20       0x74 lib/STM32F10x_StdPeriph_Driver/libstm32fw.a(stm32f10x_tim.o)
                0x0800ae20                TIM_OC1Init
 .text.TIM_Cmd  0x0800ae94       0x18 lib/STM32F10x_StdPeriph_Driver/libstm32fw.a(stm32f10x_tim.o)
                0x0800ae94                TIM_Cmd
 .text.TIM_CtrlPWMOutputs
                0x0800aeac       0x1c lib/STM32F10x_StdPeriph_Driver/libstm32fw.a(stm32f10x_tim.o)
                0x0800aeac                TIM_CtrlPWMOutputs
 .text.TIM_ARRPreloadConfig
                0x0800aec8       0x18 lib/STM32F10x_StdPeriph_Driver/libstm32fw.a(stm32f10x_tim.o)
                0x0800aec8                TIM_ARRPreloadConfig
 .text.TIM_OC1PreloadConfig
                0x0800aee0       0x10 lib/STM32F10x_StdPeriph_Driver/libstm32fw.a(stm32f10x_tim.o)
                0x0800aee0                TIM_OC1PreloadConfig
 .text.TIM_SetCompare1
                0x0800aef0        0x4 lib/STM32F10x_StdPeriph_Driver/libstm32fw.a(stm32f10x_tim.o)
                0x0800aef0                TIM_SetCompare1
 .text.USART_DeInit
                0x0800aef4       0x98 lib/STM32F10x_StdPeriph_Driver/libstm32fw.a(stm32f10x_usart.o)
                0x0800aef4                USART_DeInit
 .text.USART_Init
                0x0800af8c       0x88 lib/STM32F10x_StdPeriph_Driver/libstm32fw.a(stm32f10x_usart.o)
                0x0800af8c                USART_Init
 .text.USART_Cmd
                0x0800b014       0x18 lib/STM32F10x_StdPeriph_Driver/libstm32fw.a(stm32f10x_usart.o)
                0x0800b014                USART_Cmd
 .text.USART_ITConfig
                0x0800b02c       0x32 lib/STM32F10x_StdPeriph_Driver/libstm32fw.a(stm32f10x_usart.o)
                0x0800b02c                USART_ITConfig
 .text.USART_DMACmd
                0x0800b05e       0x12 lib/STM32F10x_StdPeriph_Driver/libstm32fw.a(stm32f10x_usart.o)
                0x0800b05e                USART_DMACmd
 .text.USART_SendData
                0x0800b070        0x8 lib/STM32F10x_StdPeriph_Driver/libstm32fw.a(stm32f10x_usart.o)
                0x0800b070                USART_SendData
 .text.USART_ReceiveData
                0x0800b078        0x8 lib/STM32F10x_StdPeriph_Driver/libstm32fw.a(stm32f10x_usart.o)
                0x0800b078                USART_ReceiveData
 .text.USART_GetFlagStatus
                0x0800b080        0xc lib/STM32F10x_StdPeriph_Driver/libstm32fw.a(stm32f10x_usart.o)
                0x0800b080                USART_GetFlagStatus
 .text.USART_GetITStatus
                0x0800b08c       0x3e lib/STM32F10x_StdPeriph_Driver/libstm32fw.a(stm32f10x_usart.o)
                0x0800b08c                USART_GetITStatus
 .text.USART_ClearITPendingBit
                0x0800b0ca        0xe lib/STM32F10x_StdPeriph_Driver/libstm32fw.a(stm32f10x_usart.o)
                0x0800b0ca                USART_ClearITPendingBit
 .text.Standard_GetConfiguration
                0x0800b0d8       0x24 lib/STM32_USB-FS-Device_Driver/libstm32usb.a(usb_core.o)
                0x0800b0d8                Standard_GetConfiguration
 .text.Standard_GetInterface
                0x0800b0fc       0x24 lib/STM32_USB-FS-Device_Driver/libstm32usb.a(usb_core.o)
                0x0800b0fc                Standard_GetInterface
 .text.Standard_GetStatus
                0x0800b120       0x90 lib/STM32_USB-FS-Device_Driver/libstm32usb.a(usb_core.o)
                0x0800b120                Standard_GetStatus
 .text.DataStageIn
                0x0800b1b0       0xac lib/STM32_USB-FS-Device_Driver/libstm32usb.a(usb_core.o)
 .text.Standard_SetConfiguration
                0x0800b25c       0x38 lib/STM32_USB-FS-Device_Driver/libstm32usb.a(usb_core.o)
                0x0800b25c                Standard_SetConfiguration
 .text.Standard_SetInterface
                0x0800b294       0x48 lib/STM32_USB-FS-Device_Driver/libstm32usb.a(usb_core.o)
                0x0800b294                Standard_SetInterface
 .text.Standard_ClearFeature
                0x0800b2dc       0xd8 lib/STM32_USB-FS-Device_Driver/libstm32usb.a(usb_core.o)
                0x0800b2dc                Standard_ClearFeature
 .text.Standard_SetEndPointFeature
                0x0800b3b4       0x8c lib/STM32_USB-FS-Device_Driver/libstm32usb.a(usb_core.o)
                0x0800b3b4                Standard_SetEndPointFeature
 .text.Standard_SetDeviceFeature
                0x0800b440       0x24 lib/STM32_USB-FS-Device_Driver/libstm32usb.a(usb_core.o)
                0x0800b440                Standard_SetDeviceFeature
 .text.Standard_GetDescriptorData
                0x0800b464       0x1c lib/STM32_USB-FS-Device_Driver/libstm32usb.a(usb_core.o)
                0x0800b464                Standard_GetDescriptorData
 .text.Post0_Process
                0x0800b480       0x44 lib/STM32_USB-FS-Device_Driver/libstm32usb.a(usb_core.o)
                0x0800b480                Post0_Process
 .text.Setup0_Process
                0x0800b4c4      0x2dc lib/STM32_USB-FS-Device_Driver/libstm32usb.a(usb_core.o)
                0x0800b4c4                Setup0_Process
 .text.Out0_Process
                0x0800b7a0       0xcc lib/STM32_USB-FS-Device_Driver/libstm32usb.a(usb_core.o)
                0x0800b7a0                Out0_Process
 .text.SetDeviceAddress
                0x0800b86c       0x40 lib/STM32_USB-FS-Device_Driver/libstm32usb.a(usb_core.o)
                0x0800b86c                SetDeviceAddress
 .text.In0_Process
                0x0800b8ac       0x5c lib/STM32_USB-FS-Device_Driver/libstm32usb.a(usb_core.o)
                0x0800b8ac                In0_Process
 .text.NOP_Process
                0x0800b908        0x2 lib/STM32_USB-FS-Device_Driver/libstm32usb.a(usb_core.o)
                0x0800b908                NOP_Process
 *fill*         0x0800b90a        0x2 
 .text.USB_Init
                0x0800b90c       0x34 lib/STM32_USB-FS-Device_Driver/libstm32usb.a(usb_init.o)
                0x0800b90c                USB_Init
 .text.CTR_LP   0x0800b940      0x170 lib/STM32_USB-FS-Device_Driver/libstm32usb.a(usb_int.o)
                0x0800b940                CTR_LP
 .text.CTR_HP   0x0800bab0       0x74 lib/STM32_USB-FS-Device_Driver/libstm32usb.a(usb_int.o)
                0x0800bab0                CTR_HP
 .text.UserToPMABufferCopy
                0x0800bb24       0x30 lib/STM32_USB-FS-Device_Driver/libstm32usb.a(usb_mem.o)
                0x0800bb24                UserToPMABufferCopy
 .text.PMAToUserBufferCopy
                0x0800bb54       0x24 lib/STM32_USB-FS-Device_Driver/libstm32usb.a(usb_mem.o)
                0x0800bb54                PMAToUserBufferCopy
 .text.SetBTABLE
                0x0800bb78       0x10 lib/STM32_USB-FS-Device_Driver/libstm32usb.a(usb_regs.o)
                0x0800bb78                SetBTABLE
 .text.SetEPType
                0x0800bb88       0x1c lib/STM32_USB-FS-Device_Driver/libstm32usb.a(usb_regs.o)
                0x0800bb88                SetEPType
 .text.SetEPTxStatus
                0x0800bba4       0x32 lib/STM32_USB-FS-Device_Driver/libstm32usb.a(usb_regs.o)
                0x0800bba4                SetEPTxStatus
 .text.SetEPRxStatus
                0x0800bbd6       0x32 lib/STM32_USB-FS-Device_Driver/libstm32usb.a(usb_regs.o)
                0x0800bbd6                SetEPRxStatus
 .text.SetEPRxValid
                0x0800bc08       0x26 lib/STM32_USB-FS-Device_Driver/libstm32usb.a(usb_regs.o)
                0x0800bc08                SetEPRxValid
 .text.Clear_Status_Out
                0x0800bc2e       0x20 lib/STM32_USB-FS-Device_Driver/libstm32usb.a(usb_regs.o)
                0x0800bc2e                Clear_Status_Out
 .text.ClearDTOG_RX
                0x0800bc4e       0x26 lib/STM32_USB-FS-Device_Driver/libstm32usb.a(usb_regs.o)
                0x0800bc4e                ClearDTOG_RX
 .text.ClearDTOG_TX
                0x0800bc74       0x26 lib/STM32_USB-FS-Device_Driver/libstm32usb.a(usb_regs.o)
                0x0800bc74                ClearDTOG_TX
 *fill*         0x0800bc9a        0x2 
 .text.SetEPTxAddr
                0x0800bc9c       0x20 lib/STM32_USB-FS-Device_Driver/libstm32usb.a(usb_regs.o)
                0x0800bc9c                SetEPTxAddr
 .text.SetEPRxAddr
                0x0800bcbc       0x20 lib/STM32_USB-FS-Device_Driver/libstm32usb.a(usb_regs.o)
                0x0800bcbc                SetEPRxAddr
 .text.GetEPTxAddr
                0x0800bcdc       0x20 lib/STM32_USB-FS-Device_Driver/libstm32usb.a(usb_regs.o)
                0x0800bcdc                GetEPTxAddr
 .text.GetEPRxAddr
                0x0800bcfc       0x20 lib/STM32_USB-FS-Device_Driver/libstm32usb.a(usb_regs.o)
                0x0800bcfc                GetEPRxAddr
 .text.SetEPTxCount
                0x0800bd1c       0x1c lib/STM32_USB-FS-Device_Driver/libstm32usb.a(usb_regs.o)
                0x0800bd1c                SetEPTxCount
 .text.SetEPRxCount
                0x0800bd38       0x40 lib/STM32_USB-FS-Device_Driver/libstm32usb.a(usb_regs.o)
                0x0800bd38                SetEPRxCount
 .text.GetEPRxCount
                0x0800bd78       0x20 lib/STM32_USB-FS-Device_Driver/libstm32usb.a(usb_regs.o)
                0x0800bd78                GetEPRxCount
 .text.ByteSwap
                0x0800bd98        0xa lib/STM32_USB-FS-Device_Driver/libstm32usb.a(usb_regs.o)
                0x0800bd98                ByteSwap
 *fill*         0x0800bda2        0x2 
 .text.USB_SIL_Init
                0x0800bda4       0x20 lib/STM32_USB-FS-Device_Driver/libstm32usb.a(usb_sil.o)
                0x0800bda4                USB_SIL_Init
 .text.USB_SIL_Write
                0x0800bdc4       0x28 lib/STM32_USB-FS-Device_Driver/libstm32usb.a(usb_sil.o)
                0x0800bdc4                USB_SIL_Write
 .text.USB_SIL_Read
                0x0800bdec       0x24 lib/STM32_USB-FS-Device_Driver/libstm32usb.a(usb_sil.o)
                0x0800bdec                USB_SIL_Read
 .text.memset   0x0800be10       0x9c /home/laurence/ARM-GCC/gcc-arm-none-eabi-4_9-2014q4/bin/../lib/gcc/arm-none-eabi/4.9.3/../../../../arm-none-eabi/lib/armv7-m/libg.a(lib_a-memset.o)
                0x0800be10                memset
 .text._sbrk    0x0800beac       0x1c /home/laurence/ARM-GCC/gcc-arm-none-eabi-4_9-2014q4/bin/../lib/gcc/arm-none-eabi/4.9.3/../../../../arm-none-eabi/lib/armv7-m/libnosys.a(sbrk.o)
                0x0800beac                _sbrk
 *(.rodata)
 .rodata        0x0800bec8       0xe8 /tmp/ccAo9z5N.ltrans0.ltrans.o
 .rodata        0x0800bfb0      0x4d0 /tmp/ccAo9z5N.ltrans2.ltrans.o
 .rodata        0x0800c480       0x48 /tmp/ccAo9z5N.ltrans3.ltrans.o
 .rodata        0x0800c4c8       0x80 /tmp/ccAo9z5N.ltrans4.ltrans.o
 .rodata        0x0800c548      0x11c /tmp/ccAo9z5N.ltrans5.ltrans.o
 .rodata        0x0800c664        0xc /tmp/ccAo9z5N.ltrans7.ltrans.o
 *(.rodata*)
 .rodata.str1.4
                0x0800c670        0x6 /tmp/ccAo9z5N.ltrans1.ltrans.o
                                  0x8 (size before relaxing)
 *fill*         0x0800c676        0x2 
 .rodata.str1.4
                0x0800c678      0x371 /tmp/ccAo9z5N.ltrans3.ltrans.o
                                0x378 (size before relaxing)
 *fill*         0x0800c9e9        0x3 
 .rodata.str1.4
                0x0800c9ec       0x13 /tmp/ccAo9z5N.ltrans4.ltrans.o
                                 0x14 (size before relaxing)
 *fill*         0x0800c9ff        0x1 
 .rodata.MASS_DeviceDescriptor
                0x0800ca00       0x14 /tmp/ccAo9z5N.ltrans5.ltrans.o
 .rodata.str1.4
                0x0800ca14      0x117 /tmp/ccAo9z5N.ltrans5.ltrans.o
                                0x118 (size before relaxing)
 *fill*         0x0800cb2b        0x1 
 .rodata.str1.4
                0x0800cb2c       0x7c /tmp/ccAo9z5N.ltrans8.ltrans.o
 .rodata.str1.4
                0x0800cba8        0x2 /home/laurence/ARM-GCC/gcc-arm-none-eabi-4_9-2014q4/bin/../lib/gcc/arm-none-eabi/4.9.3/../../../../arm-none-eabi/lib/armv7-m/libg.a(lib_a-impure.o)
                                  0x4 (size before relaxing)
 *(.glue_7)
 .glue_7        0x00000000        0x0 linker stubs
 *(.glue_7t)
 .glue_7t       0x00000000        0x0 linker stubs
 *(.init)
 *fill*         0x0800cbaa        0x2 
 .init          0x0800cbac        0x4 /home/laurence/ARM-GCC/gcc-arm-none-eabi-4_9-2014q4/bin/../lib/gcc/arm-none-eabi/4.9.3/armv7-m/crti.o
                0x0800cbac                _init
 .init          0x0800cbb0        0x8 /home/laurence/ARM-GCC/gcc-arm-none-eabi-4_9-2014q4/bin/../lib/gcc/arm-none-eabi/4.9.3/armv7-m/crtn.o
 *(.fini)
 .fini          0x0800cbb8        0x4 /home/laurence/ARM-GCC/gcc-arm-none-eabi-4_9-2014q4/bin/../lib/gcc/arm-none-eabi/4.9.3/armv7-m/crti.o
                0x0800cbb8                _fini
 .fini          0x0800cbbc        0x8 /home/laurence/ARM-GCC/gcc-arm-none-eabi-4_9-2014q4/bin/../lib/gcc/arm-none-eabi/4.9.3/armv7-m/crtn.o
                0x0800cbc4                . = ALIGN (0x4)
                0x0800cbc4                _etext = .
                0x0800cbc4                _sidata = _etext

.vfp11_veneer   0x0800cbc4        0x0
 .vfp11_veneer  0x00000000        0x0 linker stubs

.v4_bx          0x0800cbc4        0x0
 .v4_bx         0x00000000        0x0 linker stubs

.iplt           0x0800cbc4        0x0
 .iplt          0x00000000        0x0 /home/laurence/ARM-GCC/gcc-arm-none-eabi-4_9-2014q4/bin/../lib/gcc/arm-none-eabi/4.9.3/armv7-m/crtbegin.o

.rel.dyn        0x0800cbc4        0x0
 .rel.iplt      0x00000000        0x0 /home/laurence/ARM-GCC/gcc-arm-none-eabi-4_9-2014q4/bin/../lib/gcc/arm-none-eabi/4.9.3/armv7-m/crtbegin.o

.flashpatch     0x00000000        0x0
                0x00000000                . = ALIGN (0x4)
 *(.flashpatch)
                0x00000000                . = ALIGN (0x4)

.endflash       0x00000000        0x0
                0x00000000                . = ALIGN (0x4)
 *(.endflash)
                0x00000000                . = ALIGN (0x4)
                0x00000000                _e_endflash = .

.data           0x20000000      0xa04 load address 0x0800cbc4
                0x20000000                . = ALIGN (0x4)
                0x20000000                _sdata = .
                0x20000000                _data = .
 *(.data)
 .data          0x20000000        0x8 /tmp/ccAo9z5N.ltrans0.ltrans.o
                0x20000004                Device_Table
 .data          0x20000008        0x1 /tmp/ccAo9z5N.ltrans1.ltrans.o
                0x20000008                Stat.lto_priv.10
 *fill*         0x20000009        0x3 
 .data          0x2000000c       0x20 /tmp/ccAo9z5N.ltrans2.ltrans.o
 .data          0x2000002c        0x8 /tmp/ccAo9z5N.ltrans3.ltrans.o
                0x2000002c                Silabs_Header
 .data          0x20000034      0x138 /tmp/ccAo9z5N.ltrans5.ltrans.o
                0x20000088                Device_Property
                0x20000110                pEpInt_IN
                0x2000012c                pEpInt_OUT
                0x20000148                User_Standard_Requests
 .data          0x2000016c       0x10 /tmp/ccAo9z5N.ltrans6.ltrans.o
 .data          0x2000017c        0x4 /tmp/ccAo9z5N.ltrans7.ltrans.o
 *(.data.*)
 .data.I2C_jobs
                0x20000180       0x30 /tmp/ccAo9z5N.ltrans6.ltrans.o
 .data.__malloc_av_
                0x200001b0      0x408 /home/laurence/ARM-GCC/gcc-arm-none-eabi-4_9-2014q4/bin/../lib/gcc/arm-none-eabi/4.9.3/../../../../arm-none-eabi/lib/armv7-m/libg.a(lib_a-mallocr.o)
                0x200001b0                __malloc_av_
 .data.__malloc_trim_threshold
                0x200005b8        0x4 /home/laurence/ARM-GCC/gcc-arm-none-eabi-4_9-2014q4/bin/../lib/gcc/arm-none-eabi/4.9.3/../../../../arm-none-eabi/lib/armv7-m/libg.a(lib_a-mallocr.o)
                0x200005b8                __malloc_trim_threshold
 .data.__malloc_sbrk_base
                0x200005bc        0x4 /home/laurence/ARM-GCC/gcc-arm-none-eabi-4_9-2014q4/bin/../lib/gcc/arm-none-eabi/4.9.3/../../../../arm-none-eabi/lib/armv7-m/libg.a(lib_a-mallocr.o)
                0x200005bc                __malloc_sbrk_base
 .data.ADCPrescTable
                0x200005c0        0x4 lib/STM32F10x_StdPeriph_Driver/libstm32fw.a(stm32f10x_rcc.o)
 .data.APBAHBPrescTable
                0x200005c4       0x10 lib/STM32F10x_StdPeriph_Driver/libstm32fw.a(stm32f10x_rcc.o)
 *fill*         0x200005d4        0x4 
 .data.impure_data
                0x200005d8      0x428 /home/laurence/ARM-GCC/gcc-arm-none-eabi-4_9-2014q4/bin/../lib/gcc/arm-none-eabi/4.9.3/../../../../arm-none-eabi/lib/armv7-m/libg.a(lib_a-impure.o)
 .data._impure_ptr
                0x20000a00        0x4 /home/laurence/ARM-GCC/gcc-arm-none-eabi-4_9-2014q4/bin/../lib/gcc/arm-none-eabi/4.9.3/../../../../arm-none-eabi/lib/armv7-m/libg.a(lib_a-impure.o)
                0x20000a00                _impure_ptr
 *(.RAMtext)
                0x20000a04                . = ALIGN (0x4)
                0x20000a04                _edata = .
                0x0800d5c8                _eidata = (_sidata + (_edata - _sdata))
                0x08020000                _lastdataromaddress = (ORIGIN (FLASH) + 0x20000)
                0x00000000                toobig = (_eidata > _lastdataromaddress)?!!!!!!!!! FLASH IS FULL !!!!!!!!!:0x0

.igot.plt       0x20000a04        0x0 load address 0x0800d5c8
 .igot.plt      0x00000000        0x0 /home/laurence/ARM-GCC/gcc-arm-none-eabi-4_9-2014q4/bin/../lib/gcc/arm-none-eabi/4.9.3/armv7-m/crtbegin.o

.bss            0x20000a08      0xf6c load address 0x0800d5d0
                0x20000a08                . = ALIGN (0x4)
                0x20000a08                _sbss = .
                0x20000a08                _bss = .
 *(.bss)
 .bss           0x20000a08       0xa4 /tmp/ccAo9z5N.ltrans0.ltrans.o
 .bss           0x20000aac       0x94 /tmp/ccAo9z5N.ltrans1.ltrans.o
                0x20000b30                Timer1.lto_priv.9
                0x20000b34                Timer2.lto_priv.11
                0x20000b3d                Sd_Spi_Called_From_USB_MSC
 .bss           0x20000b40       0x34 /tmp/ccAo9z5N.ltrans2.ltrans.o
                0x20000b40                Mass_Block_Count
                0x20000b48                CBW
                0x20000b68                Mass_Block_Size
                0x20000b70                Bot_State
 *fill*         0x20000b74        0x4 
 .bss           0x20000b78      0x6f0 /tmp/ccAo9z5N.ltrans3.ltrans.o
                0x20000fa0                bootsource
                0x20000fa4                Battery_Voltage
                0x200011fc                Silabs_driver_state
                0x20001233                System_state_Global
                0x20001234                Shutdown_System
                0x20001238                Ind_Voltage
                0x2000123c                Auto_volt
                0x20001240                Gyro_XY_Rate
                0x20001244                Gyro_Z_Rate
                0x20001248                Ignition_Selftest
                0x2000124a                AutoSequence
                0x20001250                I2C1error
                0x20001254                L3GD20_Data_Buffer
                0x2000125c                Aux_Voltage
                0x20001260                Gyro_Temperature
                0x20001264                Auto_spin
 .bss           0x20001268        0x8 /tmp/ccAo9z5N.ltrans4.ltrans.o
 .bss           0x20001270       0x98 /tmp/ccAo9z5N.ltrans5.ltrans.o
                0x20001278                wIstr
 .bss           0x20001308       0x28 /tmp/ccAo9z5N.ltrans6.ltrans.o
 .bss           0x20001330      0x5b0 /tmp/ccAo9z5N.ltrans8.ltrans.o
                0x20001330                FATFS_logfile
                0x20001558                print_string
                0x20001658                Usart1_rx_buff
                0x20001664                Gps_Buffer
                0x20001670                FATFS_wavfile_gyro
                0x200018b0                Millis
                0x200018b4                Jobs
                0x200018b8                Completed_Jobs
                0x200018bc                Gyro_x_buffer
                0x200018c8                Gyro_y_buffer
                0x200018d4                Gyro_z_buffer
 *(.bss.*)
 .bss.bDeviceState
                0x200018e0        0x4 /tmp/ccAo9z5N.ltrans3.ltrans.o
                0x200018e0                bDeviceState
 .bss.file_opened
                0x200018e4        0x1 /tmp/ccAo9z5N.ltrans3.ltrans.o
 .bss.Last_RSSI
                0x200018e5        0x1 /tmp/ccAo9z5N.ltrans3.ltrans.o
                0x200018e5                Last_RSSI
 .bss.bIntPackSOF
                0x200018e6        0x1 /tmp/ccAo9z5N.ltrans5.ltrans.o
 *fill*         0x200018e7        0x1 